      tailscaled-543   [002] ....   523.319221: sys_enter: NR 240 (2c800d4, 81, 1, 0, 0, 0)
      tailscaled-543   [002] ....   523.319229: sys_exit: NR 240 = 1
      tailscaled-543   [002] ....   523.319273: sys_enter: NR 365 (11, 60d0008, 80, 0, 0, 0)
      tailscaled-543   [002] ....   523.319277: sys_exit: NR 365 = -11
      tailscaled-422   [000] ....   523.319304: sys_exit: NR 162 = 0
      tailscaled-422   [000] ....   523.319307: sys_enter: NR 162 (2c49f60, 0, 79, 14, 0, 0)
      tailscaled-543   [002] ....   523.319356: sys_enter: NR 4 (c, 5dd4006, 32, 0, 0, 0)
      tailscaled-543   [002] ....   523.319359: __vfs_write+0x14/0x170 <-vfs_write+0xb4/0x1c8
      tailscaled-543   [002] ....   523.319378: <stack trace>
 => __vfs_write+0x18/0x170
 => vfs_write+0xb4/0x1c8
 => ksys_write+0x74/0xe8
 => sys_write+0x18/0x1c
 => __sys_trace_return+0x0/0x1c
 => 0x2f43cc8
      tailscaled-422   [000] ....   523.319390: sys_exit: NR 162 = 0
      tailscaled-422   [000] ....   523.319393: sys_enter: NR 162 (2c49f60, 0, 79, 14, 0, 0)
      tailscaled-543   [002] ....   523.319436: sys_exit: NR 4 = 50
      tailscaled-543   [002] ....   523.319451: sys_enter: NR 240 (2ea88d4, 80, 0, 0, 0, 0)
      tailscaled-422   [000] ....   523.319476: sys_exit: NR 162 = 0
      tailscaled-422   [000] ....   523.319479: sys_enter: NR 162 (2c49f60, 0, 79, 14, 0, 0)
      tailscaled-426   [002] ....   523.319485: sys_exit: NR 240 = 0
      tailscaled-533   [001] ....   523.319558: sys_exit: NR 346 = 1
      tailscaled-422   [000] ....   523.319562: sys_exit: NR 162 = 0
      tailscaled-533   [001] ....   523.319567: sys_enter: NR 365 (11, 60d0008, 80, 0, 0, 0)
      tailscaled-426   [002] ....   523.319571: sys_enter: NR 346 (4, 2c95680, 80, 73, 0, 0)
      tailscaled-422   [000] ....   523.319580: sys_enter: NR 162 (2c49f60, 0, 79, 14, 0, 0)
      tailscaled-533   [001] ....   523.319582: sys_exit: NR 365 = 1
      tailscaled-533   [001] ....   523.319633: sys_enter: NR 240 (2ea88d4, 81, 1, 0, 0, 0)
      tailscaled-533   [001] ....   523.319638: sys_exit: NR 240 = 1
      tailscaled-543   [002] ....   523.319647: sys_exit: NR 240 = 0
      tailscaled-543   [002] ....   523.319655: sys_enter: NR 240 (2ea90d4, 81, 1, 0, 0, 0)
      tailscaled-543   [002] ....   523.319659: sys_exit: NR 240 = 1
      tailscaled-422   [000] ....   523.319668: sys_exit: NR 162 = 0
      tailscaled-422   [000] ....   523.319671: sys_enter: NR 162 (2c49f60, 0, 79, 14, 0, 0)
      tailscaled-543   [002] ....   523.319674: sys_enter: NR 162 (3015dcc, 0, 2c83c28, 3, 79, 0)
      tailscaled-545   [000] ....   523.319680: sys_exit: NR 240 = 0
      tailscaled-533   [001] ....   523.319681: sys_enter: NR 365 (11, 5a00008, 80, 0, 0, 0)
      tailscaled-533   [001] ....   523.319684: sys_exit: NR 365 = -11
      tailscaled-545   [000] ....   523.319689: sys_enter: NR 162 (30f7dcc, 0, 2c83c28, 3, 79, 0)
      tailscaled-543   [002] ....   523.319741: sys_exit: NR 162 = 0
      tailscaled-543   [002] ....   523.319748: sys_enter: NR 240 (2ea88d4, 80, 0, 0, 0, 0)
      tailscaled-533   [001] ....   523.319754: sys_enter: NR 4 (c, 3a98006, 32, 0, 0, 0)
      tailscaled-533   [001] ....   523.319757: __vfs_write+0x14/0x170 <-vfs_write+0xb4/0x1c8
      tailscaled-422   [000] ....   523.319757: sys_exit: NR 162 = 0
      tailscaled-422   [000] ....   523.319761: sys_enter: NR 162 (2c49f60, 0, 79, 14, 0, 0)
      tailscaled-545   [000] ....   523.319768: sys_exit: NR 162 = 0
      tailscaled-533   [001] ....   523.319771: <stack trace>
 => __vfs_write+0x18/0x170
 => vfs_write+0xb4/0x1c8
 => ksys_write+0x74/0xe8
 => sys_write+0x18/0x1c
 => __sys_trace_return+0x0/0x1c
 => 0x2f43cc8
      tailscaled-545   [000] ....   523.319774: sys_enter: NR 240 (2ea90d4, 80, 0, 0, 0, 0)
      tailscaled-533   [001] ....   523.319817: sys_exit: NR 4 = 50
      tailscaled-533   [001] ....   523.319837: sys_enter: NR 240 (2c808d4, 80, 0, 0, 0, 0)
      tailscaled-422   [000] ....   523.319844: sys_exit: NR 162 = 0
      tailscaled-422   [000] ....   523.319850: sys_enter: NR 240 (1695bd4, 80, 0, 2c49f28, 0, 0)
      tailscaled-426   [002] ....   523.320133: sys_exit: NR 346 = 1
      tailscaled-426   [002] ....   523.320161: sys_enter: NR 346 (4, 2c95680, 80, 0, 0, 0)
      tailscaled-426   [002] ....   523.320163: sys_exit: NR 346 = 0
      tailscaled-426   [002] ....   523.320173: sys_enter: NR 346 (4, 2c95680, 80, 72, 0, 0)
      tailscaled-426   [002] ....   523.320895: sys_exit: NR 346 = 1
      tailscaled-426   [002] ....   523.320917: sys_enter: NR 240 (1695bd4, 81, 1, 0, 0, 0)
      tailscaled-426   [002] ....   523.320921: sys_exit: NR 240 = 1
      tailscaled-426   [002] ....   523.320922: sys_enter: NR 365 (11, 5a00008, 80, 0, 0, 0)
      tailscaled-422   [000] ....   523.320931: sys_exit: NR 240 = 0
      tailscaled-426   [002] ....   523.320935: sys_exit: NR 365 = 1
      tailscaled-422   [000] ....   523.320936: sys_enter: NR 162 (2c49f60, 0, 79, 14, 0, 0)
      tailscaled-426   [002] ....   523.320979: sys_enter: NR 240 (2c808d4, 81, 1, 0, 0, 0)
      tailscaled-426   [002] ....   523.320983: sys_exit: NR 240 = 1
      tailscaled-533   [001] ....   523.320991: sys_exit: NR 240 = 0
      tailscaled-533   [001] ....   523.320996: sys_enter: NR 346 (4, 3019680, 80, 0, 0, 0)
      tailscaled-533   [001] ....   523.320998: sys_exit: NR 346 = 0
      tailscaled-533   [001] ....   523.321003: sys_enter: NR 240 (2ea90d4, 81, 1, 0, 0, 0)
      tailscaled-533   [001] ....   523.321007: sys_exit: NR 240 = 1
      tailscaled-533   [001] ....   523.321018: sys_enter: NR 346 (4, 3019680, 80, 0, 0, 0)
      tailscaled-533   [001] ....   523.321019: sys_exit: NR 346 = 0
      tailscaled-422   [000] ....   523.321022: sys_exit: NR 162 = 0
      tailscaled-533   [001] ....   523.321025: sys_enter: NR 162 (3019dcc, 0, 2c838c8, 3, 79, 1)
      tailscaled-422   [000] ....   523.321026: sys_enter: NR 162 (2c49f60, 0, 79, 14, 0, 0)
      tailscaled-426   [002] ....   523.321032: sys_enter: NR 365 (11, 5a00008, 80, 0, 0, 0)
      tailscaled-545   [000] ....   523.321033: sys_exit: NR 240 = 0
      tailscaled-426   [002] ....   523.321036: sys_exit: NR 365 = -11
      tailscaled-545   [000] ....   523.321037: sys_enter: NR 346 (4, 30f7680, 80, 0, 0, 0)
      tailscaled-545   [000] ....   523.321039: sys_exit: NR 346 = 0
      tailscaled-545   [000] ....   523.321051: sys_enter: NR 346 (4, 30f7680, 80, 72, 0, 0)
      tailscaled-533   [001] ....   523.321092: sys_exit: NR 162 = 0
      tailscaled-533   [001] ....   523.321099: sys_enter: NR 240 (2c808d4, 80, 0, 0, 0, 0)
      tailscaled-426   [002] ....   523.321109: sys_enter: NR 4 (c, 6000006, 32, 0, 0, 0)
      tailscaled-422   [000] ....   523.321110: sys_exit: NR 162 = 0
      tailscaled-426   [002] ....   523.321111: __vfs_write+0x14/0x170 <-vfs_write+0xb4/0x1c8
      tailscaled-422   [000] ....   523.321113: sys_enter: NR 162 (2c49f60, 0, 79, 14, 0, 0)
      tailscaled-426   [002] ....   523.321124: <stack trace>
 => __vfs_write+0x18/0x170
 => vfs_write+0xb4/0x1c8
 => ksys_write+0x74/0xe8
 => sys_write+0x18/0x1c
 => __sys_trace_return+0x0/0x1c
 => 0x2f43cc8
      tailscaled-426   [002] ....   523.321166: sys_exit: NR 4 = 50
      tailscaled-426   [002] ....   523.321186: sys_enter: NR 240 (2c800d4, 80, 0, 0, 0, 0)
      tailscaled-422   [000] ....   523.321196: sys_exit: NR 162 = 0
      tailscaled-422   [000] ....   523.321201: sys_enter: NR 240 (1695bd4, 80, 0, 2c49f28, 0, 0)
      tailscaled-545   [000] ....   523.327740: sys_exit: NR 346 = 1
      tailscaled-545   [000] ....   523.327760: sys_enter: NR 240 (1695bd4, 81, 1, 0, 0, 0)
      tailscaled-545   [000] ....   523.327767: sys_exit: NR 240 = 1
      tailscaled-545   [000] ....   523.327769: sys_enter: NR 365 (11, 5a00008, 80, 0, 0, 0)
      tailscaled-545   [000] ....   523.327781: sys_exit: NR 365 = 1
      tailscaled-545   [000] ....   523.327830: sys_enter: NR 240 (2c800d4, 81, 1, 0, 0, 0)
      tailscaled-545   [000] ....   523.327834: sys_exit: NR 240 = 1
      tailscaled-426   [002] ....   523.327841: sys_exit: NR 240 = 0
      tailscaled-426   [002] ....   523.327846: sys_enter: NR 346 (4, 2c95680, 80, 0, 0, 0)
      tailscaled-426   [002] ....   523.327848: sys_exit: NR 346 = 0
      tailscaled-426   [002] ....   523.327854: sys_enter: NR 240 (2c808d4, 81, 1, 0, 0, 0)
      tailscaled-426   [002] ....   523.327857: sys_exit: NR 240 = 1
      tailscaled-533   [001] ....   523.327864: sys_exit: NR 240 = 0
      tailscaled-426   [002] ....   523.327870: sys_enter: NR 346 (4, 2c95680, 80, 0, 0, 0)
      tailscaled-426   [002] ....   523.327872: sys_exit: NR 346 = 0
      tailscaled-533   [001] ....   523.327872: sys_enter: NR 162 (3019dcc, 0, 2c83568, 3, 79, 1)
      tailscaled-426   [002] ....   523.327877: sys_enter: NR 162 (2c95dcc, 0, 2c83568, 3, 79, 1)
      tailscaled-545   [000] ....   523.327881: sys_enter: NR 365 (11, 5a00008, 80, 0, 0, 0)
      tailscaled-545   [000] ....   523.327885: sys_exit: NR 365 = -11
      tailscaled-422   [002] ....   523.327910: sys_exit: NR 240 = 0
      tailscaled-422   [002] ....   523.327915: sys_enter: NR 162 (2c49f60, 0, 79, 14, 0, 0)
      tailscaled-533   [001] ....   523.327938: sys_exit: NR 162 = 0
      tailscaled-426   [002] ....   523.327943: sys_exit: NR 162 = 0
      tailscaled-533   [001] ....   523.327947: sys_enter: NR 346 (4, 3019680, 80, 6b, 0, 0)
      tailscaled-426   [002] ....   523.327950: sys_enter: NR 240 (2c800d4, 80, 0, 0, 0, 0)
      tailscaled-545   [000] ....   523.327960: sys_enter: NR 4 (c, 3a98006, 32, 0, 0, 0)
      tailscaled-545   [000] ....   523.327963: __vfs_write+0x14/0x170 <-vfs_write+0xb4/0x1c8
      tailscaled-545   [000] ....   523.327975: <stack trace>
 => __vfs_write+0x18/0x170
 => vfs_write+0xb4/0x1c8
 => ksys_write+0x74/0xe8
 => sys_write+0x18/0x1c
 => __sys_trace_return+0x0/0x1c
 => 0x2f43cc8
      tailscaled-422   [002] ....   523.327996: sys_exit: NR 162 = 0
      tailscaled-422   [002] ....   523.328000: sys_enter: NR 162 (2c49f60, 0, 79, 14, 0, 0)
      tailscaled-545   [000] ....   523.328021: sys_exit: NR 4 = 50
      tailscaled-545   [000] ....   523.328040: sys_enter: NR 240 (2ea90d4, 80, 0, 0, 0, 0)
      tailscaled-422   [002] ....   523.328080: sys_exit: NR 162 = 0
      tailscaled-422   [002] ....   523.328085: sys_enter: NR 240 (1695bd4, 80, 0, 2c49f28, 0, 0)
      tailscaled-533   [001] ....   523.331594: sys_exit: NR 346 = 1
      tailscaled-533   [001] ....   523.331603: sys_enter: NR 240 (1695bd4, 81, 1, 0, 0, 0)
      tailscaled-533   [001] ....   523.331607: sys_exit: NR 240 = 1
      tailscaled-533   [001] ....   523.331609: sys_enter: NR 365 (11, 5a00008, 80, 0, 0, 0)
      tailscaled-533   [001] ....   523.331621: sys_exit: NR 365 = 1
      tailscaled-422   [002] ....   523.331635: sys_exit: NR 240 = 0
      tailscaled-422   [002] ....   523.331640: sys_enter: NR 162 (2c49f60, 0, 79, 14, 0, 0)
      tailscaled-533   [001] ....   523.331669: sys_enter: NR 240 (2ea90d4, 81, 1, 0, 0, 0)
      tailscaled-533   [001] ....   523.331672: sys_exit: NR 240 = 1
      tailscaled-545   [000] ....   523.331684: sys_exit: NR 240 = 0
      tailscaled-545   [000] ....   523.331689: sys_enter: NR 346 (4, 30f7680, 80, 0, 0, 0)
      tailscaled-545   [000] ....   523.331693: sys_exit: NR 346 = 1
      tailscaled-545   [000] ....   523.331699: sys_enter: NR 240 (2c800d4, 81, 1, 0, 0, 0)
      tailscaled-545   [000] ....   523.331703: sys_exit: NR 240 = 1
      tailscaled-545   [000] ....   523.331725: sys_enter: NR 346 (4, 30f7680, 80, 0, 0, 0)
      tailscaled-545   [000] ....   523.331728: sys_exit: NR 346 = 0
      tailscaled-533   [001] ....   523.331728: sys_enter: NR 365 (11, 5a00008, 80, 0, 0, 0)
      tailscaled-533   [001] ....   523.331737: sys_exit: NR 365 = 1
      tailscaled-422   [002] ....   523.331746: sys_exit: NR 162 = 0
      tailscaled-422   [002] ....   523.331750: sys_enter: NR 162 (2c49f60, 0, 79, 14, 0, 0)
      tailscaled-426   [002] ....   523.331804: sys_exit: NR 240 = 0
      tailscaled-426   [002] ....   523.331809: sys_enter: NR 346 (4, 2c95680, 80, 0, 0, 0)
      tailscaled-533   [001] ....   523.331811: sys_enter: NR 365 (11, 5a00008, 80, 0, 0, 0)
      tailscaled-426   [002] .n..   523.331816: sys_exit: NR 346 = 1
      tailscaled-533   [001] ....   523.331820: sys_exit: NR 365 = 1
      tailscaled-422   [002] ....   523.331836: sys_exit: NR 162 = 0
      tailscaled-422   [002] ....   523.331841: sys_enter: NR 162 (2c49f60, 0, 79, 14, 0, 0)
      tailscaled-545   [000] ....   523.331848: sys_enter: NR 4 (c, 6000006, 32, 0, 0, 0)
      tailscaled-545   [000] ....   523.331851: __vfs_write+0x14/0x170 <-vfs_write+0xb4/0x1c8
      tailscaled-426   [002] ....   523.331858: sys_enter: NR 240 (2ea88d4, 81, 1, 0, 0, 0)
      tailscaled-545   [000] ....   523.331864: <stack trace>
 => __vfs_write+0x18/0x170
 => vfs_write+0xb4/0x1c8
 => ksys_write+0x74/0xe8
 => sys_write+0x18/0x1c
 => __sys_trace_return+0x0/0x1c
 => 0x2f43cc8
      tailscaled-426   [002] ....   523.331865: sys_exit: NR 240 = 1
      tailscaled-426   [002] ....   523.331884: sys_enter: NR 346 (4, 2c95680, 80, 0, 0, 0)
      tailscaled-426   [002] ....   523.331886: sys_exit: NR 346 = 0
      tailscaled-533   [001] ....   523.331891: sys_enter: NR 365 (11, 5a00008, 80, 0, 0, 0)
      tailscaled-533   [001] ....   523.331894: sys_exit: NR 365 = -11
      tailscaled-533   [001] ....   523.331905: sys_enter: NR 346 (4, 3019680, 80, 0, 0, 0)
      tailscaled-533   [001] ....   523.331907: sys_exit: NR 346 = 0
      tailscaled-545   [000] ....   523.331912: sys_exit: NR 4 = 50
      tailscaled-533   [001] ....   523.331913: sys_enter: NR 346 (4, 3019680, 80, f1, 0, 0)
      tailscaled-426   [002] ....   523.331925: sys_enter: NR 4 (5, 2c95e94, 8, 0, 0, 0)
      tailscaled-426   [002] ....   523.331928: __vfs_write+0x14/0x170 <-vfs_write+0xb4/0x1c8
      tailscaled-426   [002] ....   523.331937: <stack trace>
 => __vfs_write+0x18/0x170
 => vfs_write+0xb4/0x1c8
 => ksys_write+0x74/0xe8
 => sys_write+0x18/0x1c
 => __sys_trace_return+0x0/0x1c
 => 0x2c95e6c
      tailscaled-426   [002] ....   523.331956: sys_exit: NR 4 = 8
      tailscaled-426   [002] ....   523.331959: sys_enter: NR 240 (2c800d4, 80, 0, 0, 0, 0)
      tailscaled-543   [001] ....   523.331960: sys_exit: NR 240 = 0
      tailscaled-422   [002] ....   523.331968: sys_exit: NR 162 = 0
      tailscaled-422   [002] ....   523.331972: sys_enter: NR 162 (2c49f60, 0, 79, 14, 0, 0)
      tailscaled-545   [000] ....   523.331973: sys_enter: NR 4 (c, 3a98006, 32, 0, 0, 0)
      tailscaled-543   [001] ....   523.331975: sys_enter: NR 240 (2ea88d4, 80, 0, 0, 0, 0)
      tailscaled-545   [000] ....   523.331975: __vfs_write+0x14/0x170 <-vfs_write+0xb4/0x1c8
      tailscaled-545   [000] ....   523.331983: <stack trace>
 => __vfs_write+0x18/0x170
 => vfs_write+0xb4/0x1c8
 => ksys_write+0x74/0xe8
 => sys_write+0x18/0x1c
 => __sys_trace_return+0x0/0x1c
 => 0x2f43cc8
      tailscaled-533   [001] ....   523.331986: sys_exit: NR 346 = 1
      tailscaled-533   [001] ....   523.331987: sys_enter: NR 3 (5, 301966c, 8, e6153f1, 0, 3019680)
      tailscaled-533   [001] ....   523.331992: sys_exit: NR 3 = 8
      tailscaled-533   [001] ....   523.331998: sys_enter: NR 346 (4, 3019680, 80, 0, 0, 0)
      tailscaled-533   [001] ....   523.332000: sys_exit: NR 346 = 0
      tailscaled-533   [001] ....   523.332010: sys_enter: NR 346 (4, 3019680, 80, 67, 0, 0)
      tailscaled-545   [000] ....   523.332012: sys_exit: NR 4 = 50
      tailscaled-545   [000] ....   523.332044: sys_enter: NR 4 (c, 6030006, 32, 0, 0, 0)
      tailscaled-545   [000] ....   523.332046: __vfs_write+0x14/0x170 <-vfs_write+0xb4/0x1c8
      tailscaled-545   [000] ....   523.332053: <stack trace>
 => __vfs_write+0x18/0x170
 => vfs_write+0xb4/0x1c8
 => ksys_write+0x74/0xe8
 => sys_write+0x18/0x1c
 => __sys_trace_return+0x0/0x1c
 => 0x2f43cc8
      tailscaled-422   [002] ....   523.332055: sys_exit: NR 162 = 0
      tailscaled-422   [002] ....   523.332058: sys_enter: NR 162 (2c49f60, 0, 79, 14, 0, 0)
      tailscaled-545   [000] ....   523.332074: sys_exit: NR 4 = 50
      tailscaled-545   [000] ....   523.332093: sys_enter: NR 240 (2ea90d4, 80, 0, 0, 0, 0)
      tailscaled-422   [002] ....   523.332139: sys_exit: NR 162 = 0
      tailscaled-422   [002] ....   523.332144: sys_enter: NR 240 (1695bd4, 80, 0, 2c49f28, 0, 0)
      tailscaled-533   [001] ....   523.334419: sys_exit: NR 346 = 1
      tailscaled-533   [001] .n..   523.334452: sys_enter: NR 240 (1695bd4, 81, 1, 0, 0, 0)
      tailscaled-533   [001] .n..   523.334455: sys_exit: NR 240 = 1
      tailscaled-422   [002] ....   523.334464: sys_exit: NR 240 = 0
      tailscaled-533   [001] ....   523.334474: sys_enter: NR 365 (11, 5a00008, 80, 0, 0, 0)
      tailscaled-533   [001] ....   523.334489: sys_exit: NR 365 = 1
      tailscaled-422   [002] ....   523.334495: sys_enter: NR 162 (2c49f60, 0, 79, 14, 0, 0)
      tailscaled-533   [001] ....   523.334538: sys_enter: NR 240 (2ea90d4, 81, 1, 0, 0, 0)
      tailscaled-533   [001] ....   523.334542: sys_exit: NR 240 = 1
      tailscaled-545   [000] ....   523.334550: sys_exit: NR 240 = 0
      tailscaled-545   [000] ....   523.334555: sys_enter: NR 346 (4, 30f7680, 80, 0, 0, 0)
      tailscaled-545   [000] ....   523.334557: sys_exit: NR 346 = 0
      tailscaled-545   [000] ....   523.334564: sys_enter: NR 240 (2ea88d4, 81, 1, 0, 0, 0)
      tailscaled-545   [000] ....   523.334567: sys_exit: NR 240 = 1
      tailscaled-545   [000] ....   523.334580: sys_enter: NR 346 (4, 30f7680, 80, 0, 0, 0)
      tailscaled-545   [000] ....   523.334583: sys_exit: NR 346 = 1
      tailscaled-422   [002] ....   523.334590: sys_exit: NR 162 = 0
      tailscaled-422   [002] ....   523.334594: sys_enter: NR 162 (2c49f60, 0, 79, 14, 0, 0)
      tailscaled-533   [001] ....   523.334597: sys_enter: NR 365 (11, 5a00008, 80, 0, 0, 0)
      tailscaled-533   [001] ....   523.334607: sys_exit: NR 365 = 1
      tailscaled-422   [002] ....   523.334675: sys_exit: NR 162 = 0
      tailscaled-422   [002] ....   523.334679: sys_enter: NR 162 (2c49f60, 0, 79, 14, 0, 0)
      tailscaled-533   [001] ....   523.334680: sys_enter: NR 365 (11, 5a00008, 80, 0, 0, 0)
      tailscaled-545   [000] ....   523.334680: sys_enter: NR 4 (c, 3b18006, 32, 0, 0, 0)
      tailscaled-545   [000] ....   523.334682: __vfs_write+0x14/0x170 <-vfs_write+0xb4/0x1c8
      tailscaled-533   [001] ....   523.334683: sys_exit: NR 365 = -11
      tailscaled-545   [000] ....   523.334692: <stack trace>
 => __vfs_write+0x18/0x170
 => vfs_write+0xb4/0x1c8
 => ksys_write+0x74/0xe8
 => sys_write+0x18/0x1c
 => __sys_trace_return+0x0/0x1c
 => 0x2f43cc8
      tailscaled-533   [001] ....   523.334705: sys_enter: NR 346 (4, 3019680, 80, 0, 0, 0)
      tailscaled-533   [001] ....   523.334707: sys_exit: NR 346 = 0
      tailscaled-533   [001] ....   523.334720: sys_enter: NR 346 (4, 3019680, 80, 64, 0, 0)
      tailscaled-545   [000] ....   523.334731: sys_exit: NR 4 = 50
      tailscaled-543   [001] ....   523.334733: sys_exit: NR 240 = 0
      tailscaled-543   [001] ....   523.334746: sys_enter: NR 240 (2ea88d4, 80, 0, 0, 0, 0)
      tailscaled-422   [002] ....   523.334760: sys_exit: NR 162 = 0
      tailscaled-422   [002] ....   523.334763: sys_enter: NR 162 (2c49f60, 0, 79, 14, 0, 0)
      tailscaled-545   [000] ....   523.334767: sys_enter: NR 4 (c, 3990006, 32, 0, 0, 0)
      tailscaled-545   [000] ....   523.334769: __vfs_write+0x14/0x170 <-vfs_write+0xb4/0x1c8
      tailscaled-545   [000] ....   523.334777: <stack trace>
 => __vfs_write+0x18/0x170
 => vfs_write+0xb4/0x1c8
 => ksys_write+0x74/0xe8
 => sys_write+0x18/0x1c
 => __sys_trace_return+0x0/0x1c
 => 0x2f43cc8
      tailscaled-545   [000] ....   523.334800: sys_exit: NR 4 = 50
      tailscaled-545   [000] ....   523.334819: sys_enter: NR 240 (2ea90d4, 80, 0, 0, 0, 0)
      tailscaled-422   [002] ....   523.334843: sys_exit: NR 162 = 0
      tailscaled-422   [002] ....   523.334848: sys_enter: NR 240 (1695bd4, 80, 0, 2c49f28, 0, 0)
      tailscaled-533   [001] ....   523.335989: sys_exit: NR 346 = 1
      tailscaled-533   [001] ....   523.335998: sys_enter: NR 240 (1695bd4, 81, 1, 0, 0, 0)
      tailscaled-533   [001] ....   523.336002: sys_exit: NR 240 = 1
      tailscaled-533   [001] ....   523.336004: sys_enter: NR 365 (11, 5a00008, 80, 0, 0, 0)
      tailscaled-533   [001] ....   523.336015: sys_exit: NR 365 = 1
      tailscaled-422   [002] ....   523.336021: sys_exit: NR 240 = 0
      tailscaled-422   [002] ....   523.336025: sys_enter: NR 162 (2c49f60, 0, 79, 14, 0, 0)
      tailscaled-533   [001] ....   523.336058: sys_enter: NR 240 (2ea90d4, 81, 1, 0, 0, 0)
      tailscaled-533   [001] ....   523.336062: sys_exit: NR 240 = 1
      tailscaled-545   [000] ....   523.336071: sys_exit: NR 240 = 0
      tailscaled-545   [000] ....   523.336075: sys_enter: NR 346 (4, 30f7680, 80, 0, 0, 0)
      tailscaled-545   [000] ....   523.336077: sys_exit: NR 346 = 0
      tailscaled-545   [000] ....   523.336082: sys_enter: NR 240 (2ea88d4, 81, 1, 0, 0, 0)
      tailscaled-545   [000] ....   523.336086: sys_exit: NR 240 = 1
      tailscaled-545   [000] ....   523.336097: sys_enter: NR 346 (4, 30f7680, 80, 0, 0, 0)
      tailscaled-545   [000] ....   523.336098: sys_exit: NR 346 = 0
      tailscaled-545   [000] ....   523.336105: sys_enter: NR 162 (30f7dcc, 0, 2c83c28, 3, 79, 1)
      tailscaled-422   [002] ....   523.336106: sys_exit: NR 162 = 0
      tailscaled-422   [002] ....   523.336110: sys_enter: NR 162 (2c49f60, 0, 79, 14, 0, 0)
      tailscaled-533   [001] ....   523.336112: sys_enter: NR 365 (11, 5d90008, 80, 0, 0, 0)
      tailscaled-533   [001] ....   523.336115: sys_exit: NR 365 = -11
      tailscaled-543   [000] ....   523.336144: sys_exit: NR 240 = 0
      tailscaled-543   [000] ....   523.336150: sys_enter: NR 346 (4, 3015680, 80, 0, 0, 0)
      tailscaled-543   [000] ....   523.336151: sys_exit: NR 346 = 0
      tailscaled-543   [000] ....   523.336157: sys_enter: NR 162 (3015dcc, 0, 2f838c8, 3, 79, 1)
      tailscaled-545   [000] ....   523.336180: sys_exit: NR 162 = 0
      tailscaled-545   [000] ....   523.336188: sys_enter: NR 346 (4, 30f7680, 80, 63, 0, 0)
      tailscaled-422   [002] ....   523.336190: sys_exit: NR 162 = 0
      tailscaled-422   [002] ....   523.336193: sys_enter: NR 162 (2c49f60, 0, 79, 14, 0, 0)
      tailscaled-543   [000] ....   523.336240: sys_exit: NR 162 = 0
      tailscaled-543   [000] ....   523.336248: sys_enter: NR 240 (2ea88d4, 80, 0, 0, 0, 0)
      tailscaled-533   [001] ....   523.336264: sys_enter: NR 4 (c, 6030006, 32, 0, 0, 0)
      tailscaled-533   [001] ....   523.336266: __vfs_write+0x14/0x170 <-vfs_write+0xb4/0x1c8
      tailscaled-533   [001] ....   523.336276: <stack trace>
 => __vfs_write+0x18/0x170
 => vfs_write+0xb4/0x1c8
 => ksys_write+0x74/0xe8
 => sys_write+0x18/0x1c
 => __sys_trace_return+0x0/0x1c
 => 0x2f43cc8
      tailscaled-422   [002] ....   523.336277: sys_exit: NR 162 = 0
      tailscaled-422   [002] ....   523.336305: sys_enter: NR 162 (2c49f60, 0, 79, 14, 0, 0)
      tailscaled-533   [001] ....   523.336320: sys_exit: NR 4 = 50
      tailscaled-533   [001] ....   523.336341: sys_enter: NR 240 (2c808d4, 80, 0, 0, 0, 0)
      tailscaled-545   [000] ....   523.336361: sys_exit: NR 346 = 1
      tailscaled-545   [000] ....   523.336383: sys_enter: NR 365 (11, 5d90008, 80, 0, 0, 0)
      tailscaled-545   [000] ....   523.336395: sys_exit: NR 365 = 1
      tailscaled-422   [002] ....   523.336396: sys_exit: NR 162 = 0
      tailscaled-422   [002] ....   523.336400: sys_enter: NR 162 (2c49f60, 0, 79, 14, 0, 0)
      tailscaled-545   [000] ....   523.336439: sys_enter: NR 240 (2c808d4, 81, 1, 0, 0, 0)
      tailscaled-545   [000] ....   523.336443: sys_exit: NR 240 = 1
      tailscaled-533   [001] ....   523.336451: sys_exit: NR 240 = 0
      tailscaled-533   [001] ....   523.336456: sys_enter: NR 346 (4, 3019680, 80, 0, 0, 0)
      tailscaled-533   [001] ....   523.336457: sys_exit: NR 346 = 0
      tailscaled-533   [001] ....   523.336463: sys_enter: NR 240 (2ea88d4, 81, 1, 0, 0, 0)
      tailscaled-533   [001] ....   523.336466: sys_exit: NR 240 = 1
      tailscaled-533   [001] ....   523.336476: sys_enter: NR 346 (4, 3019680, 80, 0, 0, 0)
      tailscaled-533   [001] ....   523.336478: sys_exit: NR 346 = 0
      tailscaled-422   [002] ....   523.336481: sys_exit: NR 162 = 0
      tailscaled-422   [002] ....   523.336484: sys_enter: NR 162 (2c49f60, 0, 79, 14, 0, 0)
      tailscaled-533   [001] ....   523.336485: sys_enter: NR 162 (3019dcc, 0, 2c838c8, 3, 79, 1)
      tailscaled-545   [000] ....   523.336495: sys_enter: NR 365 (11, 5d90008, 80, 0, 0, 0)
      tailscaled-545   [000] ....   523.336498: sys_exit: NR 365 = -11
      tailscaled-533   [001] ....   523.336551: sys_exit: NR 162 = 0
      tailscaled-533   [001] ....   523.336558: sys_enter: NR 346 (4, 3019680, 80, 62, 0, 0)
      tailscaled-545   [000] ....   523.336560: sys_enter: NR 4 (c, 6010006, 32, 0, 0, 0)
      tailscaled-545   [000] ....   523.336563: __vfs_write+0x14/0x170 <-vfs_write+0xb4/0x1c8
      tailscaled-422   [002] ....   523.336564: sys_exit: NR 162 = 0
      tailscaled-422   [002] ....   523.336567: sys_enter: NR 162 (2c49f60, 0, 79, 14, 0, 0)
      tailscaled-545   [000] ....   523.336572: <stack trace>
 => __vfs_write+0x18/0x170
 => vfs_write+0xb4/0x1c8
 => ksys_write+0x74/0xe8
 => sys_write+0x18/0x1c
 => __sys_trace_return+0x0/0x1c
 => 0x2f43cc8
      tailscaled-545   [000] ....   523.336608: sys_exit: NR 4 = 50
      tailscaled-545   [000] ....   523.336620: sys_enter: NR 240 (2ea90d4, 80, 0, 0, 0, 0)
      tailscaled-543   [000] ....   523.336629: sys_exit: NR 240 = 0
      tailscaled-543   [000] ....   523.336641: sys_enter: NR 240 (2ea88d4, 80, 0, 0, 0, 0)
      tailscaled-422   [002] ....   523.336647: sys_exit: NR 162 = 0
      tailscaled-422   [002] ....   523.336652: sys_enter: NR 240 (1695bd4, 80, 0, 2c49f28, 0, 0)
      tailscaled-533   [001] ....   523.340456: sys_exit: NR 346 = 1
      tailscaled-533   [001] ....   523.340467: sys_enter: NR 240 (1695bd4, 81, 1, 0, 0, 0)
      tailscaled-533   [001] ....   523.340470: sys_exit: NR 240 = 1
      tailscaled-533   [001] ....   523.340472: sys_enter: NR 365 (11, 5d90008, 80, 0, 0, 0)
      tailscaled-533   [001] ....   523.340485: sys_exit: NR 365 = 1
      tailscaled-422   [002] ....   523.340489: sys_exit: NR 240 = 0
      tailscaled-422   [002] ....   523.340494: sys_enter: NR 162 (2c49f60, 0, 79, 14, 0, 0)
      tailscaled-533   [001] ....   523.340533: sys_enter: NR 240 (2ea88d4, 81, 1, 0, 0, 0)
      tailscaled-533   [001] ....   523.340536: sys_exit: NR 240 = 1
      tailscaled-543   [000] ....   523.340548: sys_exit: NR 240 = 0
      tailscaled-543   [000] ....   523.340554: sys_enter: NR 346 (4, 3015680, 80, 0, 0, 0)
      tailscaled-543   [000] ....   523.340556: sys_exit: NR 346 = 0
      tailscaled-543   [000] ....   523.340563: sys_enter: NR 240 (2ea90d4, 81, 1, 0, 0, 0)
      tailscaled-543   [000] ....   523.340573: sys_exit: NR 240 = 1
      tailscaled-422   [002] ....   523.340576: sys_exit: NR 162 = 0
      tailscaled-422   [002] ....   523.340579: sys_enter: NR 162 (2c49f60, 0, 79, 14, 0, 0)
      tailscaled-543   [000] ....   523.340584: sys_enter: NR 346 (4, 3015680, 80, 0, 0, 0)
      tailscaled-543   [000] ....   523.340586: sys_exit: NR 346 = 0
      tailscaled-533   [001] ....   523.340586: sys_enter: NR 365 (11, 5d90008, 80, 0, 0, 0)
      tailscaled-533   [001] ....   523.340589: sys_exit: NR 365 = -11
      tailscaled-543   [000] ....   523.340592: sys_enter: NR 162 (3015dcc, 0, 2c83568, 3, 79, 2403f2e6)
      tailscaled-545   [000] ....   523.340600: sys_exit: NR 240 = 0
      tailscaled-545   [000] ....   523.340605: sys_enter: NR 346 (4, 30f7680, 80, 0, 0, 0)
      tailscaled-545   [000] ....   523.340607: sys_exit: NR 346 = 0
      tailscaled-545   [000] ....   523.340620: sys_enter: NR 346 (4, 30f7680, 80, 5e, 0, 0)
      tailscaled-543   [000] ....   523.340659: sys_exit: NR 162 = 0
      tailscaled-422   [002] ....   523.340660: sys_exit: NR 162 = 0
      tailscaled-422   [002] ....   523.340663: sys_enter: NR 162 (2c49f60, 0, 79, 14, 0, 0)
      tailscaled-543   [000] ....   523.340667: sys_enter: NR 240 (2ea88d4, 80, 0, 0, 0, 0)
      tailscaled-533   [001] ....   523.340686: sys_enter: NR 4 (c, 6030006, 52, 0, 0, 0)
      tailscaled-533   [001] ....   523.340689: __vfs_write+0x14/0x170 <-vfs_write+0xb4/0x1c8
      tailscaled-533   [001] ....   523.340702: <stack trace>
 => __vfs_write+0x18/0x170
 => vfs_write+0xb4/0x1c8
 => ksys_write+0x74/0xe8
 => sys_write+0x18/0x1c
 => __sys_trace_return+0x0/0x1c
 => 0x2f43cc8
      tailscaled-422   [002] ....   523.340743: sys_exit: NR 162 = 0
      tailscaled-422   [002] ....   523.340746: sys_enter: NR 162 (2c49f60, 0, 79, 14, 0, 0)
      tailscaled-533   [001] ....   523.340758: sys_exit: NR 4 = 82
      tailscaled-533   [001] ....   523.340785: sys_enter: NR 240 (2c808d4, 80, 0, 0, 0, 0)
 vncserver-x11-c-450   [000] ....   523.340794: sys_exit: NR 142 = 1
 vncserver-x11-c-450   [000] ....   523.340818: sys_enter: NR 3 (11, 15b3e48, 41a0, 0, 41a0, 15b3e48)
      tailscaled-422   [002] ....   523.340826: sys_exit: NR 162 = 0
      tailscaled-422   [002] ....   523.340831: sys_enter: NR 240 (1695bd4, 80, 0, 2c49f28, 0, 0)
 vncserver-x11-c-450   [000] .n..   523.340878: sys_exit: NR 3 = 32
      tailscaled-545   [000] ....   523.340891: sys_exit: NR 346 = 1
      tailscaled-545   [000] ....   523.340901: sys_enter: NR 240 (1695bd4, 81, 1, 0, 0, 0)
      tailscaled-545   [000] ....   523.340905: sys_exit: NR 240 = 1
      tailscaled-545   [000] ....   523.340907: sys_enter: NR 3 (c, 305605c, 10009, 0, 0, 0)
      tailscaled-422   [002] ....   523.340912: sys_exit: NR 240 = 0
      tailscaled-545   [000] ....   523.340913: sys_exit: NR 3 = 50
      tailscaled-422   [002] ....   523.340916: sys_enter: NR 162 (2c49f60, 0, 79, 14, 0, 0)
      tailscaled-545   [000] ....   523.340930: sys_enter: NR 240 (2c808d4, 81, 1, 0, 0, 0)
      tailscaled-545   [000] ....   523.340933: sys_exit: NR 240 = 1
      tailscaled-533   [001] ....   523.340941: sys_exit: NR 240 = 0
      tailscaled-533   [001] ....   523.340945: sys_enter: NR 346 (4, 3019680, 80, 0, 0, 0)
      tailscaled-533   [001] ....   523.340947: sys_exit: NR 346 = 0
      tailscaled-533   [001] ....   523.340959: sys_enter: NR 346 (4, 3019680, 80, 5e, 0, 0)
      tailscaled-545   [000] ....   523.340979: sys_enter: NR 240 (2ea88d4, 81, 1, 0, 0, 0)
      tailscaled-545   [000] ....   523.340985: sys_exit: NR 240 = 1
      tailscaled-422   [002] ....   523.340996: sys_exit: NR 162 = 0
      tailscaled-422   [002] ....   523.340999: sys_enter: NR 162 (2c49f60, 0, 79, 14, 0, 0)
      tailscaled-545   [000] ....   523.341047: sys_enter: NR 3 (c, 305605c, 10009, 0, 0, 0)
      tailscaled-545   [000] ....   523.341050: sys_exit: NR 3 = -11
      tailscaled-422   [002] ....   523.341079: sys_exit: NR 162 = 0
      tailscaled-422   [002] ....   523.341083: sys_enter: NR 162 (2c49f60, 0, 79, 14, 0, 0)
      tailscaled-545   [000] ....   523.341091: sys_enter: NR 374 (11, 5a02608, 1, 0, 0, 0)
      tailscaled-545   [000] ....   523.341162: sys_exit: NR 374 = 1
      tailscaled-422   [002] ....   523.341207: sys_exit: NR 162 = 0
      tailscaled-422   [002] ....   523.341211: sys_enter: NR 162 (2c49f60, 0, 79, 14, 0, 0)
      tailscaled-545   [000] ....   523.341219: sys_enter: NR 240 (2ea90d4, 80, 0, 0, 0, 0)
      tailscaled-543   [000] ....   523.341239: sys_exit: NR 240 = 0
      tailscaled-543   [000] ....   523.341252: sys_enter: NR 240 (2ea88d4, 80, 0, 0, 0, 0)
      tailscaled-533   [001] ....   523.341254: sys_exit: NR 346 = 1
      tailscaled-533   [001] ....   523.341261: sys_enter: NR 346 (4, 3019680, 80, 0, 0, 0)
      tailscaled-533   [001] ....   523.341263: sys_exit: NR 346 = 0
      tailscaled-533   [001] ....   523.341272: sys_enter: NR 346 (4, 3019680, 80, 5d, 0, 0)
      tailscaled-422   [002] ....   523.341292: sys_exit: NR 162 = 0
      tailscaled-422   [002] ....   523.341297: sys_enter: NR 240 (1695bd4, 80, 0, 2c49f28, 0, 0)
 vncserver-x11-c-450   [000] ....   523.341310: sys_enter: NR 3 (11, 15b3e48, 41a0, 0, 41a0, 15b3e48)
 vncserver-x11-c-450   [000] ....   523.341317: sys_exit: NR 3 = -11
 vncserver-x11-c-450   [000] ....   523.341325: sys_enter: NR 4 (c, 1542c58, 12, 0, 12, 1542c58)
 vncserver-x11-c-450   [000] ....   523.341328: __vfs_write+0x14/0x170 <-vfs_write+0xb4/0x1c8
 vncserver-x11-c-450   [000] ....   523.341342: <stack trace>
 => __vfs_write+0x18/0x170
 => vfs_write+0xb4/0x1c8
 => ksys_write+0x74/0xe8
 => sys_write+0x18/0x1c
 => __sys_trace_return+0x0/0x1c
 => 0x7ef0aca8
 vncserver-x11-c-450   [000] ....   523.341360: sys_exit: NR 4 = 18
 vncserver-x11-c-450   [000] ....   523.341378: sys_enter: NR 142 (12, 7ef0b328, 7ef0b3a8, 7ef0b428, 7ef0b320, 7ef0b3a8)
        vncagent-505   [001] ....   523.341382: sys_exit: NR 142 = 1
 vncserver-x11-c-450   [000] ....   523.341396: sys_exit: NR 142 = 0
        vncagent-505   [001] ....   523.341399: sys_enter: NR 3 (d, c1dfa8, 41a0, 0, c1d358, 1)
 vncserver-x11-c-450   [000] ....   523.341401: sys_enter: NR 142 (12, 7ef0b328, 7ef0b3a8, 7ef0b428, 7ef0b320, 7ef0b3a8)
        vncagent-505   [001] ....   523.341410: sys_exit: NR 3 = 18
        vncagent-505   [001] ....   523.341442: sys_enter: NR 168 (7eac3de4, 1, ffffffff, 0, c007a0, c007a0)
        vncagent-505   [001] ....   523.341446: sys_exit: NR 168 = 1
        vncagent-505   [001] ....   523.341449: sys_enter: NR 146 (3, 7eac3edc, 3, 0, 0, c007a0)
        vncagent-505   [001] ....   523.341470: sys_exit: NR 146 = 24
        vncagent-505   [001] ....   523.341480: sys_enter: NR 168 (7eac3dcc, 1, ffffffff, 0, 7eac3f50, c007a0)
            Xorg-489   [001] ....   523.341494: sys_exit: NR 252 = 1
            Xorg-489   [001] ....   523.341505: sys_enter: NR 104 (0, 7efecbe4, 0, 1388, 76fed968, 1)
            Xorg-489   [001] ....   523.341510: sys_exit: NR 104 = 0
            Xorg-489   [001] ....   523.341517: sys_enter: NR 297 (12, 7efec9cc, 0, 0, 0, 7efec9cc)
            Xorg-489   [001] ....   523.341525: sys_exit: NR 297 = 24
            Xorg-489   [001] ....   523.341555: sys_enter: NR 146 (12, 7efecb84, 1, 0, 1, 7efecb84)
            Xorg-489   [001] .n..   523.341569: sys_exit: NR 146 = 40
        vncagent-505   [001] ....   523.341577: sys_exit: NR 168 = 1
        vncagent-505   [001] ....   523.341579: sys_enter: NR 297 (3, 7eac3d2c, 0, 0, c017a0, c007a0)
        vncagent-505   [001] ....   523.341584: sys_exit: NR 297 = 40
        vncagent-505   [001] ....   523.341612: sys_enter: NR 168 (7eac3dcc, 1, ffffffff, 0, c007a0, c007a0)
        vncagent-505   [001] ....   523.341615: sys_exit: NR 168 = 1
        vncagent-505   [001] ....   523.341616: sys_enter: NR 146 (3, 7eac3ec4, 3, 0, 0, c007a0)
        vncagent-505   [001] ....   523.341623: sys_exit: NR 146 = 32
        vncagent-505   [001] ....   523.341625: sys_enter: NR 168 (7eac3db4, 1, ffffffff, 0, 7eac3f38, c007a0)
            Xorg-489   [001] ....   523.341636: sys_enter: NR 297 (12, 7efec9cc, 0, 0, 0, 7efec9cc)
            Xorg-489   [001] ....   523.341641: sys_exit: NR 297 = 32
            Xorg-489   [001] ....   523.341746: sys_enter: NR 146 (12, 7efecb74, 1, 0, 1, 7efecb74)
            Xorg-489   [001] .n..   523.341757: sys_exit: NR 146 = 32
        vncagent-505   [001] ....   523.341764: sys_exit: NR 168 = 1
        vncagent-505   [001] ....   523.341765: sys_enter: NR 297 (3, 7eac3d14, 0, 0, c017a0, c007a0)
        vncagent-505   [001] ....   523.341770: sys_exit: NR 297 = 32
        vncagent-505   [001] ....   523.341783: sys_enter: NR 4 (d, c22150, 27, 0, c1d390, 85a34)
        vncagent-505   [001] ....   523.341786: __vfs_write+0x14/0x170 <-vfs_write+0xb4/0x1c8
        vncagent-505   [001] ....   523.341796: <stack trace>
 => __vfs_write+0x18/0x170
 => vfs_write+0xb4/0x1c8
 => ksys_write+0x74/0xe8
 => sys_write+0x18/0x1c
 => __sys_trace_return+0x0/0x1c
 => 0x7eac3cc0
        vncagent-505   [001] ....   523.341804: sys_exit: NR 4 = 39
        vncagent-505   [001] ....   523.341811: sys_enter: NR 3 (d, c1dfa8, 41a0, 0, c1d358, 1)
        vncagent-505   [001] ....   523.341813: sys_exit: NR 3 = -11
        vncagent-505   [001] ....   523.341819: sys_enter: NR 297 (3, 7eac462c, 0, 0, c017a0, 1)
        vncagent-505   [001] ....   523.341822: sys_exit: NR 297 = -11
        vncagent-505   [001] ....   523.341824: sys_enter: NR 297 (3, 7eac464c, 0, 0, c017a0, 7eac4724)
 vncserver-x11-c-450   [000] ....   523.341825: sys_exit: NR 142 = 1
        vncagent-505   [001] ....   523.341827: sys_exit: NR 297 = -11
        vncagent-505   [001] ....   523.341832: sys_enter: NR 142 (e, 7eac4630, 7eac46b0, 7eac4730, 7eac4628, 7eac46ac)
 vncserver-x11-c-450   [000] ....   523.341833: sys_enter: NR 3 (c, 154ad00, 41a0, 0, 41a0, 154ad00)
        vncagent-505   [001] ....   523.341837: sys_exit: NR 142 = 0
 vncserver-x11-c-450   [000] ....   523.341839: sys_exit: NR 3 = 39
        vncagent-505   [001] ....   523.341840: sys_enter: NR 297 (3, 7eac462c, 0, 0, c017a0, 1)
        vncagent-505   [001] ....   523.341842: sys_exit: NR 297 = -11
        vncagent-505   [001] ....   523.341844: sys_enter: NR 297 (3, 7eac464c, 0, 0, c017a0, 7eac4724)
        vncagent-505   [001] ....   523.341846: sys_exit: NR 297 = -11
        vncagent-505   [001] ....   523.341848: sys_enter: NR 142 (e, 7eac4630, 7eac46b0, 7eac4730, 7eac4628, 7eac46ac)
            Xorg-489   [001] ....   523.341862: sys_enter: NR 297 (12, 7efec9cc, 0, 0, 0, 7efec9cc)
            Xorg-489   [001] ....   523.341865: sys_exit: NR 297 = -11
            Xorg-489   [001] ....   523.341868: sys_enter: NR 104 (0, 7efecbe4, 0, 0, 76fed968, 212b8c)
            Xorg-489   [001] ....   523.341872: sys_exit: NR 104 = 0
            Xorg-489   [001] ....   523.341878: sys_enter: NR 252 (3, 7efebbe0, 100, 15ae5, 15ae5, 100)
 vncserver-x11-c-450   [000] ....   523.346590: sys_enter: NR 4 (11, 15b7ff0, 1254, 0, 1254, 15b7ff0)
 vncserver-x11-c-450   [000] ....   523.346596: __vfs_write+0x14/0x170 <-vfs_write+0xb4/0x1c8
 vncserver-x11-c-450   [000] ....   523.346610: <stack trace>
 => __vfs_write+0x18/0x170
 => vfs_write+0xb4/0x1c8
 => ksys_write+0x74/0xe8
 => sys_write+0x18/0x1c
 => __sys_trace_return+0x0/0x1c
 => 0x7ef0aa10
 vncserver-x11-c-450   [000] ....   523.346735: sys_exit: NR 4 = 4692
      tailscaled-533   [001] ....   523.346735: sys_exit: NR 346 = 1
 vncserver-x11-c-450   [000] ....   523.346755: sys_enter: NR 3 (c, 154ad00, 41a0, 0, 41a0, 154ad00)
 vncserver-x11-c-450   [000] ....   523.346762: sys_exit: NR 3 = -11
      tailscaled-533   [001] ....   523.346773: sys_enter: NR 240 (1695bd4, 81, 1, 0, 0, 0)
      tailscaled-533   [001] ....   523.346783: sys_exit: NR 240 = 1
      tailscaled-533   [001] ....   523.346786: sys_enter: NR 3 (c, 305605c, 10009, 0, 0, 0)
 vncserver-x11-c-450   [000] ....   523.346792: sys_enter: NR 142 (12, 7ef0b328, 7ef0b3a8, 7ef0b428, 7ef0b320, 7ef0b3a8)
      tailscaled-422   [002] ....   523.346798: sys_exit: NR 240 = 0
      tailscaled-533   [001] ....   523.346808: sys_exit: NR 3 = 2530
      tailscaled-422   [002] ....   523.346809: sys_enter: NR 162 (2c49f60, 0, 79, 14, 0, 0)
 vncserver-x11-c-450   [000] ....   523.346817: sys_exit: NR 142 = 0
 vncserver-x11-c-450   [000] ....   523.346824: sys_enter: NR 142 (12, 7ef0b328, 7ef0b3a8, 7ef0b428, 7ef0b320, 7ef0b3a8)
      tailscaled-533   [001] ....   523.346866: sys_enter: NR 240 (2ea88d4, 81, 1, 0, 0, 0)
      tailscaled-533   [001] ....   523.346871: sys_exit: NR 240 = 1
      tailscaled-543   [000] ....   523.346895: sys_exit: NR 240 = 0
      tailscaled-422   [002] ....   523.346897: sys_exit: NR 162 = 0
      tailscaled-422   [002] ....   523.346901: sys_enter: NR 162 (2c49f60, 0, 79, 14, 0, 0)
      tailscaled-543   [000] ....   523.346905: sys_enter: NR 346 (4, 3015680, 80, 0, 0, 0)
      tailscaled-543   [000] ....   523.346907: sys_exit: NR 346 = 0
      tailscaled-543   [000] ....   523.346930: sys_enter: NR 346 (4, 3015680, 80, 58, 0, 0)
      tailscaled-533   [001] ....   523.346975: sys_enter: NR 240 (2ea90d4, 81, 1, 0, 0, 0)
      tailscaled-533   [001] ....   523.346980: sys_exit: NR 240 = 1
      tailscaled-422   [002] ....   523.346982: sys_exit: NR 162 = 0
      tailscaled-422   [002] ....   523.346985: sys_enter: NR 162 (2c49f60, 0, 79, 14, 0, 0)
      tailscaled-545   [000] ....   523.346991: sys_exit: NR 240 = 0
      tailscaled-545   [000] ....   523.347002: sys_enter: NR 162 (30f7dcc, 0, 2d00fc8, 3, 79, 1)
      tailscaled-422   [002] ....   523.347065: sys_exit: NR 162 = 0
      tailscaled-422   [002] ....   523.347068: sys_enter: NR 162 (2c49f60, 0, 79, 14, 0, 0)
      tailscaled-545   [000] ....   523.347069: sys_exit: NR 162 = 0
      tailscaled-545   [000] ....   523.347076: sys_enter: NR 240 (2c800d4, 81, 1, 0, 0, 0)
      tailscaled-545   [000] ....   523.347081: sys_exit: NR 240 = 1
      tailscaled-426   [002] ....   523.347089: sys_exit: NR 240 = 0
      tailscaled-545   [000] ....   523.347093: sys_enter: NR 3 (c, 305605c, 10009, 0, 0, 0)
      tailscaled-426   [002] ....   523.347099: sys_enter: NR 240 (2c5e8d4, 81, 1, 0, 0, 0)
      tailscaled-545   [000] ....   523.347103: sys_exit: NR 3 = 2262
      tailscaled-426   [002] ....   523.347104: sys_exit: NR 240 = 1
      tailscaled-423   [000] ....   523.347117: sys_exit: NR 240 = 0
      tailscaled-426   [002] ....   523.347128: sys_enter: NR 240 (2c800d4, 80, 0, 0, 0, 0)
      tailscaled-423   [000] ....   523.347133: sys_enter: NR 240 (2c5e8d4, 80, 0, 0, 0, 0)
      tailscaled-422   [002] ....   523.347149: sys_exit: NR 162 = 0
      tailscaled-422   [002] ....   523.347153: sys_enter: NR 162 (2c49f60, 0, 79, 14, 0, 0)
      tailscaled-545   [000] ....   523.347166: sys_enter: NR 240 (2c5e8d4, 81, 1, 0, 0, 0)
      tailscaled-545   [000] .n..   523.347173: sys_exit: NR 240 = 1
      tailscaled-423   [000] ....   523.347177: sys_exit: NR 240 = 0
      tailscaled-423   [000] ....   523.347184: sys_enter: NR 162 (2c77dcc, 0, 2c03b08, 3, 79, 0)
      tailscaled-422   [002] ....   523.347233: sys_exit: NR 162 = 0
      tailscaled-422   [002] ....   523.347238: sys_enter: NR 162 (2c49f60, 0, 79, 14, 0, 0)
      tailscaled-423   [000] ....   523.347251: sys_exit: NR 162 = 0
      tailscaled-423   [000] ....   523.347252: sys_enter: NR 162 (2c77dcc, 0, 2d00fc8, 3, 79, 0)
      tailscaled-533   [001] ....   523.347253: sys_enter: NR 374 (11, 5a00008, 2, 0, 0, 0)
      tailscaled-423   [000] ....   523.347318: sys_exit: NR 162 = 0
      tailscaled-422   [002] ....   523.347318: sys_exit: NR 162 = 0
      tailscaled-422   [002] ....   523.347321: sys_enter: NR 162 (2c49f60, 0, 79, 14, 0, 0)
      tailscaled-423   [000] ....   523.347323: sys_enter: NR 240 (2c800d4, 81, 1, 0, 0, 0)
      tailscaled-423   [000] ....   523.347326: sys_exit: NR 240 = 1
      tailscaled-426   [002] ....   523.347333: sys_exit: NR 240 = 0
      tailscaled-423   [000] ....   523.347333: sys_enter: NR 3 (c, 305605c, 10009, 0, 0, 0)
      tailscaled-423   [000] ....   523.347336: sys_exit: NR 3 = -11
      tailscaled-426   [002] ....   523.347346: sys_enter: NR 240 (2c800d4, 80, 0, 0, 0, 0)
      tailscaled-423   [000] ....   523.347352: sys_enter: NR 240 (2c5e8d4, 80, 0, 0, 0, 0)
      tailscaled-533   [001] ....   523.347393: sys_exit: NR 374 = 2
      tailscaled-422   [002] ....   523.347426: sys_exit: NR 162 = 0
      tailscaled-422   [002] ....   523.347430: sys_enter: NR 162 (2c49f60, 0, 79, 14, 0, 0)
      tailscaled-533   [001] ....   523.347444: sys_enter: NR 240 (2c808d4, 80, 0, 0, 0, 0)
      tailscaled-422   [002] ....   523.347521: sys_exit: NR 162 = 0
      tailscaled-422   [002] ....   523.347524: sys_enter: NR 162 (2c49f60, 0, 79, 14, 0, 0)
      tailscaled-545   [000] ....   523.347549: sys_enter: NR 240 (2c808d4, 81, 1, 0, 0, 0)
      tailscaled-545   [000] ....   523.347553: sys_exit: NR 240 = 1
      tailscaled-533   [001] ....   523.347561: sys_exit: NR 240 = 0
      tailscaled-533   [001] ....   523.347574: sys_enter: NR 240 (2c808d4, 80, 0, 0, 0, 0)
      tailscaled-543   [001] ....   523.347604: sys_exit: NR 346 = 1
      tailscaled-422   [002] ....   523.347605: sys_exit: NR 162 = 0
      tailscaled-422   [002] ....   523.347609: sys_enter: NR 162 (2c49f60, 0, 79, 14, 0, 0)
      tailscaled-543   [001] ....   523.347614: sys_enter: NR 346 (4, 3015680, 80, 0, 0, 0)
      tailscaled-545   [000] ....   523.347615: sys_enter: NR 374 (11, 5a02608, 2, 0, 0, 0)
      tailscaled-543   [001] ....   523.347616: sys_exit: NR 346 = 0
      tailscaled-543   [001] ....   523.347627: sys_enter: NR 346 (4, 3015680, 80, 57, 0, 0)
      tailscaled-545   [000] ....   523.347689: sys_exit: NR 374 = 2
      tailscaled-422   [002] ....   523.347689: sys_exit: NR 162 = 0
      tailscaled-422   [002] ....   523.347693: sys_enter: NR 162 (2c49f60, 0, 79, 14, 0, 0)
      tailscaled-543   [001] ....   523.347721: sys_exit: NR 346 = 1
      tailscaled-543   [001] ....   523.347728: sys_enter: NR 346 (4, 3015680, 80, 0, 0, 0)
      tailscaled-543   [001] ....   523.347730: sys_exit: NR 346 = 0
      tailscaled-543   [001] ....   523.347739: sys_enter: NR 240 (2ea88d4, 80, 0, 0, 0, 0)
      tailscaled-545   [000] ....   523.347739: sys_enter: NR 346 (4, 30f7680, 80, 57, 0, 0)
      tailscaled-422   [002] ....   523.347773: sys_exit: NR 162 = 0
      tailscaled-422   [002] ....   523.347779: sys_enter: NR 240 (1695bd4, 80, 0, 2c49f28, 0, 0)
      tailscaled-545   [000] ....   523.347900: sys_exit: NR 346 = 1
      tailscaled-545   [000] ....   523.347907: sys_enter: NR 346 (4, 30f7680, 80, 0, 0, 0)
      tailscaled-545   [000] ....   523.347909: sys_exit: NR 346 = 0
      tailscaled-545   [000] ....   523.347918: sys_enter: NR 346 (4, 30f7680, 80, 57, 0, 0)
      tailscaled-545   [000] ....   523.358734: sys_exit: NR 346 = 1
      tailscaled-545   [000] ....   523.358758: sys_enter: NR 240 (1695bd4, 81, 1, 0, 0, 0)
      tailscaled-545   [000] ....   523.358762: sys_exit: NR 240 = 1
      tailscaled-545   [000] ....   523.358764: sys_enter: NR 365 (11, 5d90008, 80, 0, 0, 0)
      tailscaled-422   [002] ....   523.358769: sys_exit: NR 240 = 0
      tailscaled-422   [002] ....   523.358775: sys_enter: NR 162 (2c49f60, 0, 79, 14, 0, 0)
      tailscaled-545   [000] ....   523.358784: sys_exit: NR 365 = 1
      tailscaled-422   [002] ....   523.358856: sys_exit: NR 162 = 0
      tailscaled-422   [002] ....   523.358859: sys_enter: NR 162 (2c49f60, 0, 79, 14, 0, 0)
      tailscaled-545   [000] ....   523.358878: sys_enter: NR 240 (2ea88d4, 81, 1, 0, 0, 0)
      tailscaled-545   [000] ....   523.358882: sys_exit: NR 240 = 1
      tailscaled-543   [001] .n..   523.358895: sys_exit: NR 240 = 0
      tailscaled-543   [001] ....   523.358914: sys_enter: NR 346 (4, 3015680, 80, 0, 0, 0)
      tailscaled-543   [001] ....   523.358916: sys_exit: NR 346 = 0
      tailscaled-543   [001] ....   523.358923: sys_enter: NR 240 (2c808d4, 81, 1, 0, 0, 0)
      tailscaled-543   [001] ....   523.358931: sys_exit: NR 240 = 1
      tailscaled-543   [001] ....   523.358942: sys_enter: NR 346 (4, 3015680, 80, 0, 0, 0)
      tailscaled-543   [001] ....   523.358944: sys_exit: NR 346 = 0
      tailscaled-543   [001] ....   523.358952: sys_enter: NR 162 (3015dcc, 0, 2c02c68, 3, 79, 1)
      tailscaled-422   [002] ....   523.358960: sys_exit: NR 162 = 0
      tailscaled-533   [001] ....   523.358961: sys_exit: NR 240 = 0
      tailscaled-422   [002] ....   523.358964: sys_enter: NR 162 (2c49f60, 0, 79, 14, 0, 0)
      tailscaled-533   [001] ....   523.358966: sys_enter: NR 346 (4, 3019680, 80, 0, 0, 0)
      tailscaled-533   [001] ....   523.358967: sys_exit: NR 346 = 0
      tailscaled-545   [000] ....   523.358970: sys_enter: NR 365 (11, 5a00008, 80, 0, 0, 0)
      tailscaled-545   [000] ....   523.358974: sys_exit: NR 365 = -11
      tailscaled-545   [000] ....   523.358983: sys_enter: NR 346 (4, 30f7680, 80, 0, 0, 0)
      tailscaled-545   [000] ....   523.358985: sys_exit: NR 346 = 0
      tailscaled-545   [000] ....   523.358999: sys_enter: NR 346 (4, 30f7680, 80, 4c, 0, 0)
      tailscaled-545   [000] ....   523.359051: sys_exit: NR 346 = 1
      tailscaled-422   [002] ....   523.359060: sys_exit: NR 162 = 0
      tailscaled-422   [002] ....   523.359064: sys_enter: NR 162 (2c49f60, 0, 79, 14, 0, 0)
      tailscaled-545   [000] ....   523.359073: sys_enter: NR 365 (11, 5a00008, 80, 0, 0, 0)
      tailscaled-545   [000] ....   523.359086: sys_exit: NR 365 = 1
      tailscaled-533   [001] ....   523.359098: sys_enter: NR 4 (c, 5dd4006, 32, 0, 0, 0)
      tailscaled-533   [001] ....   523.359102: __vfs_write+0x14/0x170 <-vfs_write+0xb4/0x1c8
      tailscaled-533   [001] ....   523.359122: <stack trace>
 => __vfs_write+0x18/0x170
 => vfs_write+0xb4/0x1c8
 => ksys_write+0x74/0xe8
 => sys_write+0x18/0x1c
 => __sys_trace_return+0x0/0x1c
 => 0x2f43cc8
      tailscaled-422   [002] ....   523.359145: sys_exit: NR 162 = 0
      tailscaled-422   [002] ....   523.359149: sys_enter: NR 162 (2c49f60, 0, 79, 14, 0, 0)
      tailscaled-545   [000] ....   523.359174: sys_enter: NR 365 (11, 5a00008, 80, 0, 0, 0)
      tailscaled-545   [000] ....   523.359177: sys_exit: NR 365 = -11
      tailscaled-533   [001] .n..   523.359205: sys_exit: NR 4 = 50
      tailscaled-545   [000] ....   523.359213: sys_enter: NR 346 (4, 30f7680, 80, 0, 0, 0)
      tailscaled-545   [000] ....   523.359215: sys_exit: NR 346 = 0
      tailscaled-543   [001] ....   523.359227: sys_exit: NR 162 = 0
      tailscaled-422   [002] ....   523.359230: sys_exit: NR 162 = 0
      tailscaled-422   [002] ....   523.359233: sys_enter: NR 162 (2c49f60, 0, 79, 14, 0, 0)
