            bash-1113  [000] ....   523.238290: sys_exit: NR 175 = 0
            bash-1113  [000] ....   523.238291: sys_enter: NR 54 (ff, 5410, 7ea43d4c, 0, fcef8, fd744)
            bash-1113  [000] ....   523.238294: sys_exit: NR 54 = 0
            bash-1113  [000] ....   523.238295: sys_enter: NR 175 (2, 7ea43ddc, 0, 8, fcef8, 0)
            bash-1113  [000] ....   523.238296: sys_exit: NR 175 = 0
            bash-1113  [000] ....   523.238298: sys_enter: NR 174 (2, 7ea43c0c, 7ea43c98, 8, 7ea43dd0, 7ea43d44)
            bash-1113  [000] ....   523.238299: sys_exit: NR 174 = 0
            bash-1113  [000] ....   523.238302: sys_enter: NR 221 (0, 3, 0, fcef8, fcef8, 1)
            bash-1113  [000] ....   523.238304: sys_exit: NR 221 = 131074
            bash-1113  [000] ....   523.238615: sys_enter: NR 54 (0, 5413, 7ea43dd4, ef99900, fcef8, 0)
            bash-1113  [000] ....   523.238617: sys_exit: NR 54 = 0
            bash-1113  [000] ....   523.238618: sys_enter: NR 54 (0, 5414, 7ea43dd4, ef99900, fcef8, 0)
            bash-1113  [000] ....   523.238620: sys_exit: NR 54 = 0
            bash-1113  [000] ....   523.238621: sys_enter: NR 54 (0, 5401, 7ea43da8, 7ea43df8, fcef8, 0)
            bash-1113  [000] ....   523.238624: sys_exit: NR 54 = 0
            bash-1113  [000] ....   523.238629: sys_enter: NR 54 (0, 5401, 7ea43da0, ef99900, 7ea43df8, 1)
            bash-1113  [000] ....   523.238631: sys_exit: NR 54 = 0
            bash-1113  [000] ....   523.238632: sys_enter: NR 54 (0, 5403, 7ea43d7c, 8a31, 7ea43df8, 1)
            bash-1113  [000] ....   523.238643: sys_exit: NR 54 = 0
            bash-1113  [000] ....   523.238644: sys_enter: NR 54 (0, 5401, 7ea43d7c, 10, 7ea43df8, 0)
            bash-1113  [000] ....   523.238646: sys_exit: NR 54 = 0
            bash-1113  [000] ....   523.238653: sys_enter: NR 175 (0, 105010, 10ab6c, 8, fcef8, 10ab6c)
            bash-1113  [000] ....   523.238655: sys_exit: NR 175 = 0
            bash-1113  [000] ....   523.238657: sys_enter: NR 174 (2, 7ea43aa4, 7ea43b30, 8, 7ea43bdc, 7ea43c68)
            bash-1113  [000] ....   523.238658: sys_exit: NR 174 = 0
            bash-1113  [000] ....   523.238660: sys_enter: NR 174 (f, 7ea43aa4, 7ea43b30, 8, 7ea43bdc, 7ea43c68)
            bash-1113  [000] ....   523.238661: sys_exit: NR 174 = 0
            bash-1113  [000] ....   523.238663: sys_enter: NR 174 (1, 7ea43aa4, 7ea43b30, 8, 7ea43bdc, 7ea43c68)
            bash-1113  [000] ....   523.238664: sys_exit: NR 174 = 0
            bash-1113  [000] ....   523.238666: sys_enter: NR 174 (3, 7ea43aa4, 7ea43b30, 8, 7ea43bdc, 7ea43c68)
            bash-1113  [000] ....   523.238667: sys_exit: NR 174 = 0
            bash-1113  [000] ....   523.238669: sys_enter: NR 174 (3, 7ea43bdc, 7ea43c68, 8, 7ea43d10, 105234)
            bash-1113  [000] ....   523.238670: sys_exit: NR 174 = 0
            bash-1113  [000] ....   523.238672: sys_enter: NR 174 (e, 7ea43b4c, 7ea43bd8, 8, 7ea43c84, 7ea43d10)
            bash-1113  [000] ....   523.238673: sys_exit: NR 174 = 0
            bash-1113  [000] ....   523.238675: sys_enter: NR 174 (14, 7ea43aa4, 7ea43b30, 8, 7ea43bdc, 7ea43c68)
            bash-1113  [000] ....   523.238676: sys_exit: NR 174 = 0
            bash-1113  [000] ....   523.238677: sys_enter: NR 174 (14, 7ea43bdc, 7ea43c68, 8, 7ea43d10, 10534c)
            bash-1113  [000] ....   523.238679: sys_exit: NR 174 = 0
            bash-1113  [000] ....   523.238680: sys_enter: NR 174 (16, 7ea43aa4, 7ea43b30, 8, 7ea43bdc, 7ea43c68)
            bash-1113  [000] ....   523.238682: sys_exit: NR 174 = 0
            bash-1113  [000] ....   523.238683: sys_enter: NR 174 (16, 7ea43bdc, 7ea43c68, 8, 7ea43d10, 1053d8)
            bash-1113  [000] ....   523.238684: sys_exit: NR 174 = 0
            bash-1113  [000] ....   523.238686: sys_enter: NR 174 (15, 7ea43aa4, 7ea43b30, 8, 7ea43bdc, 7ea43c68)
            bash-1113  [000] ....   523.238687: sys_exit: NR 174 = 0
            bash-1113  [000] ....   523.238688: sys_enter: NR 174 (15, 7ea43bdc, 7ea43c68, 8, 7ea43d10, 105464)
            bash-1113  [000] ....   523.238690: sys_exit: NR 174 = 0
            bash-1113  [000] ....   523.238691: sys_enter: NR 175 (2, 10ab6c, 0, 8, fcef8, 0)
            bash-1113  [000] ....   523.238692: sys_exit: NR 175 = 0
            bash-1113  [000] ....   523.238694: sys_enter: NR 174 (1c, 7ea43aa4, 7ea43b30, 8, 7ea43bdc, 7ea43c68)
            bash-1113  [000] ....   523.238695: sys_exit: NR 174 = 0
            bash-1113  [000] ....   523.238721: sys_enter: NR 4 (2, 20e11f0, a1, 0, a1, 20e11f0)
            bash-1113  [000] ....   523.238724: __vfs_write+0x14/0x170 <-vfs_write+0xb4/0x1c8
            bash-1113  [000] ....   523.238741: <stack trace>
 => __vfs_write+0x18/0x170
 => vfs_write+0xb4/0x1c8
 => ksys_write+0x74/0xe8
 => sys_write+0x18/0x1c
 => __sys_trace_return+0x0/0x1c
 => 0x7ea43d60
            bash-1113  [000] ....   523.238765: sys_exit: NR 4 = 161
            bash-1113  [000] ....   523.238773: sys_enter: NR 335 (1, 7ea43d84, 0, 0, 0, 7ea43d4c)
      lxterminal-1103  [000] ....   523.238814: sys_exit: NR 168 = 1
      lxterminal-1103  [000] ....   523.238843: sys_enter: NR 4 (4, 7ecb9798, 8, 0, 8, 7ecb9798)
      lxterminal-1103  [000] ....   523.238845: __vfs_write+0x14/0x170 <-vfs_write+0xb4/0x1c8
      lxterminal-1103  [000] ....   523.238854: <stack trace>
 => __vfs_write+0x18/0x170
 => vfs_write+0xb4/0x1c8
 => ksys_write+0x74/0xe8
 => sys_write+0x18/0x1c
 => __sys_trace_return+0x0/0x1c
 => 0x7ecb9780
      lxterminal-1103  [000] ....   523.238857: sys_exit: NR 4 = 8
      lxterminal-1103  [000] ....   523.238867: sys_enter: NR 3 (6, 9a8004, 1ff4, 0, 1ff4, 9a8004)
      lxterminal-1103  [000] ....   523.238878: sys_exit: NR 3 = 162
      lxterminal-1103  [000] ....   523.238880: sys_enter: NR 3 (6, 9a80a5, 1f53, 0, 1f53, 9a80a5)
      lxterminal-1103  [000] ....   523.238883: sys_exit: NR 3 = -11
      lxterminal-1103  [000] ....   523.238889: sys_enter: NR 4 (4, 7ecb9798, 8, 0, 8, 7ecb9798)
      lxterminal-1103  [000] ....   523.238890: __vfs_write+0x14/0x170 <-vfs_write+0xb4/0x1c8
      lxterminal-1103  [000] ....   523.238898: <stack trace>
 => __vfs_write+0x18/0x170
 => vfs_write+0xb4/0x1c8
 => ksys_write+0x74/0xe8
 => sys_write+0x18/0x1c
 => __sys_trace_return+0x0/0x1c
 => 0x7ecb9780
      lxterminal-1103  [000] ....   523.238899: sys_exit: NR 4 = 8
      lxterminal-1103  [000] ....   523.238914: sys_enter: NR 297 (3, 7ecb9664, 0, 0, 0, 7ecb9664)
      lxterminal-1103  [000] ....   523.238922: sys_exit: NR 297 = -11
      lxterminal-1103  [000] ....   523.238930: sys_enter: NR 168 (a10d58, 4, e, 0, e, 4)
      lxterminal-1103  [000] ....   523.238938: sys_exit: NR 168 = 1
      lxterminal-1103  [000] ....   523.238940: sys_enter: NR 3 (4, 7ecb97a4, 10, 0, 10, 7ecb97a4)
      lxterminal-1103  [000] ....   523.238943: sys_exit: NR 3 = 8
      lxterminal-1103  [000] ....   523.238948: sys_enter: NR 297 (3, 7ecb9664, 0, 0, 0, 7ecb9664)
      lxterminal-1103  [000] ....   523.238950: sys_exit: NR 297 = -11
      lxterminal-1103  [000] ....   523.238954: sys_enter: NR 168 (a10d58, 4, e, 0, e, 4)
        vncagent-505   [001] ....   523.252217: sys_exit: NR 142 = 0
        vncagent-505   [001] ....   523.252226: sys_enter: NR 297 (3, 7eac462c, 0, 0, c017a0, 1)
        vncagent-505   [001] ....   523.252229: sys_exit: NR 297 = -11
        vncagent-505   [001] ....   523.252232: sys_enter: NR 297 (3, 7eac464c, 0, 0, c017a0, 7eac4724)
        vncagent-505   [001] ....   523.252234: sys_exit: NR 297 = -11
        vncagent-505   [001] ....   523.252239: sys_enter: NR 142 (e, 7eac4630, 7eac46b0, 7eac4730, 7eac4628, 7eac46ac)
      lxterminal-1103  [000] ....   523.253020: sys_exit: NR 168 = 0
      lxterminal-1103  [000] ....   523.254580: sys_enter: NR 297 (3, 7ecb875c, 0, 0, 0, 7ecb875c)
      lxterminal-1103  [000] ....   523.254586: sys_exit: NR 297 = -11
      lxterminal-1103  [000] ....   523.254636: sys_enter: NR 306 (6cb7e000, 6e0370, 80000, 80000, 6e0370, a22ee0)
      lxterminal-1103  [000] ....   523.254682: sys_exit: NR 306 = 0
      lxterminal-1103  [000] ....   523.254773: sys_enter: NR 307 (0, 80000, 380, 0, 6e0370, 80000)
      lxterminal-1103  [000] ....   523.254813: sys_exit: NR 307 = 8093701
      lxterminal-1103  [000] ....   523.254816: sys_enter: NR 305 (7b8005, 0, 0, 7b8005, 6e0370, 80000)
      lxterminal-1103  [000] ....   523.254843: sys_exit: NR 305 = 1823989760
      lxterminal-1103  [000] ....   523.254848: sys_enter: NR 308 (7b8005, 100, 0, 7cca4900, 6e0370, 80000)
      lxterminal-1103  [000] ....   523.254852: sys_exit: NR 308 = 0
      lxterminal-1103  [000] ....   523.255123: sys_enter: NR 168 (7ecb9654, 1, ffffffff, 0, ffffffff, 1)
      lxterminal-1103  [000] ....   523.255131: sys_exit: NR 168 = 1
      lxterminal-1103  [000] ....   523.255134: sys_enter: NR 146 (3, 7ecb974c, 3, 0, 3, 7ecb974c)
      lxterminal-1103  [000] ....   523.255163: sys_exit: NR 146 = 2300
      lxterminal-1103  [000] ....   523.255169: sys_enter: NR 297 (3, 7ecb9664, 0, 0, 0, 7ecb9664)
      lxterminal-1103  [000] ....   523.255173: sys_exit: NR 297 = -11
      lxterminal-1103  [000] ....   523.255182: sys_enter: NR 168 (a10d58, 4, a, 0, a, 4)
            Xorg-489   [001] ....   523.255196: sys_exit: NR 252 = 1
            Xorg-489   [001] ....   523.255209: sys_enter: NR 104 (0, 7efecbe4, 0, 1388, 76fed968, 1)
            Xorg-489   [001] ....   523.255213: sys_exit: NR 104 = 0
            Xorg-489   [001] ....   523.255221: sys_enter: NR 297 (1c, 7efec9cc, 0, 0, 0, 7efec9cc)
            Xorg-489   [001] ....   523.255239: sys_exit: NR 297 = 2300
            Xorg-489   [001] ....   523.259065: sys_enter: NR 306 (6ef1e000, 18009d1, d9ab70, 0, 1099610, 1fc000)
            Xorg-489   [001] ....   523.259128: sys_exit: NR 306 = 0
            Xorg-489   [001] ....   523.259189: sys_enter: NR 305 (7b8005, 0, 0, 0, 1099610, 10a1348)
            Xorg-489   [001] ....   523.259231: sys_exit: NR 305 = 1861345280
            Xorg-489   [001] ....   523.259232: sys_enter: NR 308 (7b8005, 102, 7efecb30, 0, 1099610, 10a1348)
            Xorg-489   [001] ....   523.259241: sys_exit: NR 308 = 0
            Xorg-489   [001] ....   523.259246: sys_enter: NR 295 (1c, 1, 11, 7efecaf8, 7efecaf4, 109d728)
            Xorg-489   [001] ....   523.259251: sys_exit: NR 295 = 0
            Xorg-489   [001] ....   523.259934: sys_enter: NR 146 (12, 7efeca3c, 1, 0, 1, 7efeca3c)
            Xorg-489   [001] .n..   523.259984: sys_exit: NR 146 = 32
        vncagent-505   [001] ....   523.260012: sys_exit: NR 142 = 1
        vncagent-505   [001] ....   523.260034: sys_enter: NR 297 (3, 7eac462c, 0, 0, c017a0, 1)
        vncagent-505   [001] ....   523.260053: sys_exit: NR 297 = 32
        vncagent-505   [001] ....   523.260070: sys_enter: NR 297 (3, 7eac462c, 0, 0, c017a0, 1)
        vncagent-505   [001] ....   523.260073: sys_exit: NR 297 = -11
        vncagent-505   [001] ....   523.260077: sys_enter: NR 297 (3, 7eac464c, 0, 0, c017a0, 7eac4724)
        vncagent-505   [001] ....   523.260079: sys_exit: NR 297 = -11
        vncagent-505   [001] ....   523.260102: sys_enter: NR 297 (3, 7eac462c, 0, 0, c017a0, 1)
        vncagent-505   [001] ....   523.260104: sys_exit: NR 297 = -11
        vncagent-505   [001] ....   523.260105: sys_enter: NR 297 (3, 7eac464c, 0, 0, c017a0, 7eac4724)
        vncagent-505   [001] ....   523.260107: sys_exit: NR 297 = -11
        vncagent-505   [001] ....   523.260112: sys_enter: NR 142 (e, 7eac4630, 7eac46b0, 7eac4730, 7eac4628, 7eac46ac)
            Xorg-489   [001] ....   523.260185: sys_enter: NR 297 (1c, 7efec9cc, 0, 0, 0, 7efec9cc)
            Xorg-489   [001] ....   523.260189: sys_exit: NR 297 = -11
            Xorg-489   [001] ....   523.260194: sys_enter: NR 104 (0, 7efecbe4, 0, 0, 76fed968, 212b8c)
            Xorg-489   [001] ....   523.260202: sys_exit: NR 104 = 0
            Xorg-489   [001] ....   523.260290: sys_enter: NR 252 (3, 7efebbe0, 100, 15b36, 15b36, 100)
        vncagent-505   [001] ....   523.262185: sys_exit: NR 142 = 0
        vncagent-505   [001] ....   523.262201: sys_enter: NR 168 (7eac41f4, 1, ffffffff, 0, c007a0, c007a0)
        vncagent-505   [001] ....   523.262205: sys_exit: NR 168 = 1
        vncagent-505   [001] ....   523.262207: sys_enter: NR 146 (3, 7eac42ec, 3, 0, 0, c007a0)
        vncagent-505   [001] ....   523.262222: sys_exit: NR 146 = 24
        vncagent-505   [001] ....   523.262230: sys_enter: NR 168 (7eac41dc, 1, ffffffff, 0, 7eac4360, c007a0)
            Xorg-489   [001] ....   523.262241: sys_exit: NR 252 = 1
            Xorg-489   [001] ....   523.262246: sys_enter: NR 104 (0, 7efecbe4, 0, 1388, 76fed968, 1)
            Xorg-489   [001] ....   523.262250: sys_exit: NR 104 = 0
            Xorg-489   [001] ....   523.262252: sys_enter: NR 297 (12, 7efec9cc, 0, 0, 0, 7efec9cc)
            Xorg-489   [001] ....   523.262258: sys_exit: NR 297 = 24
            Xorg-489   [001] ....   523.262272: sys_enter: NR 146 (12, 7efecb84, 1, 0, 1, 7efecb84)
            Xorg-489   [001] .n..   523.262283: sys_exit: NR 146 = 40
        vncagent-505   [001] ....   523.262289: sys_exit: NR 168 = 1
        vncagent-505   [001] ....   523.262291: sys_enter: NR 297 (3, 7eac413c, 0, 0, c017a0, c007a0)
        vncagent-505   [001] ....   523.262296: sys_exit: NR 297 = 40
        vncagent-505   [001] ....   523.262316: sys_enter: NR 168 (7eac41dc, 1, ffffffff, 0, c007a0, c007a0)
        vncagent-505   [001] ....   523.262319: sys_exit: NR 168 = 1
        vncagent-505   [001] ....   523.262320: sys_enter: NR 146 (3, 7eac42d4, 3, 0, 0, c007a0)
        vncagent-505   [001] ....   523.262326: sys_exit: NR 146 = 32
        vncagent-505   [001] ....   523.262329: sys_enter: NR 168 (7eac41c4, 1, ffffffff, 0, 7eac4348, c007a0)
            Xorg-489   [001] ....   523.262338: sys_enter: NR 297 (12, 7efec9cc, 0, 0, 0, 7efec9cc)
            Xorg-489   [001] ....   523.262344: sys_exit: NR 297 = 32
            Xorg-489   [001] ....   523.264577: sys_enter: NR 146 (12, 7efecb74, 1, 0, 1, 7efecb74)
            Xorg-489   [001] .n..   523.264632: sys_exit: NR 146 = 32
        vncagent-505   [001] ....   523.264655: sys_exit: NR 168 = 1
        vncagent-505   [001] ....   523.264661: sys_enter: NR 297 (3, 7eac4124, 0, 0, c017a0, c007a0)
        vncagent-505   [001] ....   523.264679: sys_exit: NR 297 = 32
        vncagent-505   [001] ....   523.264717: sys_enter: NR 4 (d, c22150, 27, 0, c1d390, 85a34)
        vncagent-505   [001] ....   523.264721: __vfs_write+0x14/0x170 <-vfs_write+0xb4/0x1c8
        vncagent-505   [001] ....   523.264742: <stack trace>
 => __vfs_write+0x18/0x170
 => vfs_write+0xb4/0x1c8
 => ksys_write+0x74/0xe8
 => sys_write+0x18/0x1c
 => __sys_trace_return+0x0/0x1c
 => 0x7eac40d0
        vncagent-505   [001] ....   523.264760: sys_exit: NR 4 = 39
        vncagent-505   [001] ....   523.264780: sys_enter: NR 297 (3, 7eac462c, 0, 0, c017a0, 1)
        vncagent-505   [001] ....   523.264784: sys_exit: NR 297 = -11
        vncagent-505   [001] ....   523.264787: sys_enter: NR 297 (3, 7eac464c, 0, 0, c017a0, 7eac4724)
        vncagent-505   [001] ....   523.264789: sys_exit: NR 297 = -11
        vncagent-505   [001] ....   523.264799: sys_enter: NR 142 (e, 7eac4630, 7eac46b0, 7eac4730, 7eac4628, 7eac46ac)
        vncagent-505   [001] ....   523.264808: sys_exit: NR 142 = 0
        vncagent-505   [001] ....   523.264811: sys_enter: NR 297 (3, 7eac462c, 0, 0, c017a0, 1)
        vncagent-505   [001] ....   523.264813: sys_exit: NR 297 = -11
        vncagent-505   [001] ....   523.264815: sys_enter: NR 297 (3, 7eac464c, 0, 0, c017a0, 7eac4724)
        vncagent-505   [001] ....   523.264817: sys_exit: NR 297 = -11
 vncserver-x11-c-450   [000] ....   523.264818: sys_exit: NR 142 = 1
        vncagent-505   [001] ....   523.264820: sys_enter: NR 142 (e, 7eac4630, 7eac46b0, 7eac4730, 7eac4628, 7eac46ac)
 vncserver-x11-c-450   [000] ....   523.264844: sys_enter: NR 3 (c, 154ad00, 41a0, 0, 41a0, 154ad00)
            Xorg-489   [001] ....   523.264856: sys_enter: NR 297 (12, 7efec9cc, 0, 0, 0, 7efec9cc)
            Xorg-489   [001] ....   523.264859: sys_exit: NR 297 = -11
 vncserver-x11-c-450   [000] ....   523.264860: sys_exit: NR 3 = 39
            Xorg-489   [001] ....   523.264865: sys_enter: NR 104 (0, 7efecbe4, 0, 0, 76fed968, 212b8c)
            Xorg-489   [001] ....   523.264874: sys_exit: NR 104 = 0
            Xorg-489   [001] ....   523.265004: sys_enter: NR 252 (3, 7efebbe0, 100, 15b32, 15b32, 100)
      lxterminal-1103  [000] ....   523.265276: sys_exit: NR 168 = 0
      lxterminal-1103  [000] ....   523.265303: sys_enter: NR 3 (6, 9a80a5, 1f53, 0, 1f53, 9a80a5)
      lxterminal-1103  [000] ....   523.265312: sys_exit: NR 3 = -11
      lxterminal-1103  [000] ....   523.266490: sys_enter: NR 162 (7ecb977c, 7ecb9784, 0, 0, 7ecb9784, 7ecb977c)
      lxterminal-1103  [002] ....   523.268216: sys_exit: NR 162 = 0
      lxterminal-1103  [002] ....   523.268257: sys_enter: NR 168 (7ecb9654, 1, ffffffff, 0, ffffffff, 1)
      lxterminal-1103  [002] ....   523.268268: sys_exit: NR 168 = 1
      lxterminal-1103  [002] ....   523.268271: sys_enter: NR 146 (3, 7ecb974c, 3, 0, 3, 7ecb974c)
      lxterminal-1103  [002] ....   523.268305: sys_exit: NR 146 = 16
      lxterminal-1103  [002] ....   523.268314: sys_enter: NR 297 (3, 7ecb9664, 0, 0, 0, 7ecb9664)
            Xorg-489   [001] ....   523.268318: sys_exit: NR 252 = 1
      lxterminal-1103  [002] ....   523.268322: sys_exit: NR 297 = -11
            Xorg-489   [001] ....   523.268330: sys_enter: NR 104 (0, 7efecbe4, 0, 1388, 76fed968, 1)
      lxterminal-1103  [002] ....   523.268336: sys_enter: NR 168 (a10d58, 4, 1, 0, 1, 4)
            Xorg-489   [001] ....   523.268336: sys_exit: NR 104 = 0
            Xorg-489   [001] ....   523.268343: sys_enter: NR 297 (1c, 7efec9cc, 0, 0, 0, 7efec9cc)
            Xorg-489   [001] ....   523.268362: sys_exit: NR 297 = 16
            Xorg-489   [001] ....   523.268386: sys_enter: NR 297 (1c, 7efec9cc, 0, 0, 0, 7efec9cc)
            Xorg-489   [001] ....   523.268389: sys_exit: NR 297 = -11
            Xorg-489   [001] ....   523.268392: sys_enter: NR 104 (0, 7efecbe4, 0, 0, 76fed968, 212b8c)
            Xorg-489   [001] ....   523.268395: sys_exit: NR 104 = 0
            Xorg-489   [001] ....   523.268399: sys_enter: NR 252 (3, 7efebbe0, 100, 15b2e, 15b2e, 100)
      lxterminal-1103  [002] ....   523.269407: sys_exit: NR 168 = 0
      lxterminal-1103  [002] ....   523.270192: sys_enter: NR 168 (7ecb9654, 1, ffffffff, 0, ffffffff, 1)
      lxterminal-1103  [002] ....   523.270201: sys_exit: NR 168 = 1
      lxterminal-1103  [002] ....   523.270204: sys_enter: NR 146 (3, 7ecb974c, 3, 0, 3, 7ecb974c)
      lxterminal-1103  [002] ....   523.270236: sys_exit: NR 146 = 404
      lxterminal-1103  [002] ....   523.270245: sys_enter: NR 297 (3, 7ecb9664, 0, 0, 0, 7ecb9664)
      lxterminal-1103  [002] ....   523.270251: sys_exit: NR 297 = -11
            Xorg-489   [001] ....   523.270257: sys_exit: NR 252 = 1
      lxterminal-1103  [002] ....   523.270261: sys_enter: NR 168 (a10d58, 4, 1b, 0, 1b, 4)
            Xorg-489   [001] ....   523.270264: sys_enter: NR 104 (0, 7efecbe4, 0, 1388, 76fed968, 1)
            Xorg-489   [001] ....   523.270269: sys_exit: NR 104 = 0
            Xorg-489   [001] ....   523.270273: sys_enter: NR 297 (1c, 7efec9cc, 0, 0, 0, 7efec9cc)
            Xorg-489   [001] ....   523.270293: sys_exit: NR 297 = 404
            Xorg-489   [001] ....   523.270644: sys_enter: NR 146 (12, 7efeca3c, 1, 0, 1, 7efeca3c)
            Xorg-489   [001] .n..   523.270676: sys_exit: NR 146 = 32
        vncagent-505   [001] ....   523.270705: sys_exit: NR 142 = 1
        vncagent-505   [001] ....   523.270723: sys_enter: NR 297 (3, 7eac462c, 0, 0, c017a0, 1)
        vncagent-505   [001] ....   523.270734: sys_exit: NR 297 = 32
        vncagent-505   [001] ....   523.270750: sys_enter: NR 297 (3, 7eac462c, 0, 0, c017a0, 1)
        vncagent-505   [001] ....   523.270752: sys_exit: NR 297 = -11
        vncagent-505   [001] ....   523.270755: sys_enter: NR 297 (3, 7eac464c, 0, 0, c017a0, 7eac4724)
        vncagent-505   [001] ....   523.270757: sys_exit: NR 297 = -11
        vncagent-505   [001] ....   523.270779: sys_enter: NR 297 (3, 7eac462c, 0, 0, c017a0, 1)
        vncagent-505   [001] ....   523.270781: sys_exit: NR 297 = -11
        vncagent-505   [001] ....   523.270783: sys_enter: NR 297 (3, 7eac464c, 0, 0, c017a0, 7eac4724)
        vncagent-505   [001] ....   523.270785: sys_exit: NR 297 = -11
        vncagent-505   [001] ....   523.270789: sys_enter: NR 142 (e, 7eac4630, 7eac46b0, 7eac4730, 7eac4628, 7eac46ac)
            Xorg-489   [001] ....   523.270832: sys_enter: NR 297 (1c, 7efec9cc, 0, 0, 0, 7efec9cc)
            Xorg-489   [001] ....   523.270835: sys_exit: NR 297 = -11
            Xorg-489   [001] ....   523.270840: sys_enter: NR 104 (0, 7efecbe4, 0, 0, 76fed968, 212b8c)
            Xorg-489   [001] ....   523.270843: sys_exit: NR 104 = 0
            Xorg-489   [001] ....   523.270848: sys_enter: NR 252 (3, 7efebbe0, 100, 15b2c, 15b2c, 100)
        vncagent-505   [001] ....   523.272878: sys_exit: NR 142 = 0
        vncagent-505   [001] ....   523.272889: sys_enter: NR 297 (3, 7eac462c, 0, 0, c017a0, 1)
        vncagent-505   [001] ....   523.272892: sys_exit: NR 297 = -11
        vncagent-505   [001] ....   523.272895: sys_enter: NR 297 (3, 7eac464c, 0, 0, c017a0, 7eac4724)
        vncagent-505   [001] ....   523.272899: sys_exit: NR 297 = -11
        vncagent-505   [001] ....   523.272905: sys_enter: NR 142 (e, 7eac4630, 7eac46b0, 7eac4730, 7eac4628, 7eac46ac)
        vncagent-505   [001] ....   523.288986: sys_exit: NR 142 = 0
        vncagent-505   [001] ....   523.289002: sys_enter: NR 297 (3, 7eac462c, 0, 0, c017a0, 1)
        vncagent-505   [001] ....   523.289010: sys_exit: NR 297 = -11
        vncagent-505   [001] ....   523.289015: sys_enter: NR 297 (3, 7eac464c, 0, 0, c017a0, 7eac4724)
        vncagent-505   [001] ....   523.289017: sys_exit: NR 297 = -11
        vncagent-505   [001] ....   523.289022: sys_enter: NR 142 (e, 7eac4630, 7eac46b0, 7eac4730, 7eac4628, 7eac46ac)
        vncagent-505   [001] ....   523.294109: sys_exit: NR 142 = 0
        vncagent-505   [001] ....   523.294121: sys_enter: NR 168 (7eac4304, 1, ffffffff, 0, c007a0, c007a0)
        vncagent-505   [001] ....   523.294127: sys_exit: NR 168 = 1
        vncagent-505   [001] ....   523.294129: sys_enter: NR 146 (3, 7eac43fc, 3, 0, 0, c007a0)
        vncagent-505   [001] ....   523.294164: sys_exit: NR 146 = 8
        vncagent-505   [001] ....   523.294176: sys_enter: NR 168 (7eac42ec, 1, ffffffff, 0, 7eac4470, c007a0)
            Xorg-489   [001] ....   523.294197: sys_exit: NR 252 = 1
            Xorg-489   [001] ....   523.294207: sys_enter: NR 104 (0, 7efecbe4, 0, 1388, 76fed968, 1)
            Xorg-489   [001] ....   523.294213: sys_exit: NR 104 = 0
            Xorg-489   [001] ....   523.294220: sys_enter: NR 297 (12, 7efec9cc, 0, 0, 0, 7efec9cc)
            Xorg-489   [001] ....   523.294234: sys_exit: NR 297 = 8
            Xorg-489   [001] ....   523.294255: sys_enter: NR 146 (12, 7efecb54, 1, 0, 1, 7efecb54)
            Xorg-489   [001] .n..   523.294271: sys_exit: NR 146 = 32
        vncagent-505   [001] ....   523.294278: sys_exit: NR 168 = 1
        vncagent-505   [001] ....   523.294281: sys_enter: NR 297 (3, 7eac424c, 0, 0, c017a0, c007a0)
        vncagent-505   [001] ....   523.294287: sys_exit: NR 297 = 32
        vncagent-505   [001] ....   523.294307: sys_enter: NR 297 (3, 7eac462c, 0, 0, c017a0, 1)
        vncagent-505   [001] ....   523.294309: sys_exit: NR 297 = -11
        vncagent-505   [001] ....   523.294311: sys_enter: NR 297 (3, 7eac464c, 0, 0, c017a0, 7eac4724)
        vncagent-505   [001] ....   523.294313: sys_exit: NR 297 = -11
        vncagent-505   [001] ....   523.294318: sys_enter: NR 142 (e, 7eac4630, 7eac46b0, 7eac4730, 7eac4628, 7eac46ac)
            Xorg-489   [001] ....   523.294337: sys_enter: NR 297 (12, 7efec9cc, 0, 0, 0, 7efec9cc)
            Xorg-489   [001] ....   523.294340: sys_exit: NR 297 = -11
            Xorg-489   [001] ....   523.294343: sys_enter: NR 104 (0, 7efecbe4, 0, 0, 76fed968, 212b8c)
            Xorg-489   [001] ....   523.294345: sys_exit: NR 104 = 0
            Xorg-489   [001] ....   523.294350: sys_enter: NR 252 (3, 7efebbe0, 100, 15b14, 15b14, 100)
 vncserver-x11-c-450   [000] ....   523.294436: sys_enter: NR 4 (11, 15b7ff0, 4000, 0, 4000, 15b7ff0)
 vncserver-x11-c-450   [000] ....   523.294442: __vfs_write+0x14/0x170 <-vfs_write+0xb4/0x1c8
 vncserver-x11-c-450   [000] ....   523.294462: <stack trace>
 => __vfs_write+0x18/0x170
 => vfs_write+0xb4/0x1c8
 => ksys_write+0x74/0xe8
 => sys_write+0x18/0x1c
 => __sys_trace_return+0x0/0x1c
 => 0x7ef0a380
 vncserver-x11-c-450   [000] .n..   523.294665: sys_exit: NR 4 = 16384
      tailscaled-545   [000] ....   523.294683: sys_exit: NR 346 = 1
      tailscaled-545   [000] ....   523.294719: sys_enter: NR 240 (1695bd4, 81, 1, 0, 0, 0)
      tailscaled-545   [000] ....   523.294733: sys_exit: NR 240 = 1
      tailscaled-545   [000] ....   523.294736: sys_enter: NR 3 (c, 305605c, 10009, 0, 0, 0)
      tailscaled-545   [000] ....   523.294751: sys_exit: NR 3 = 2530
      tailscaled-545   [000] ....   523.294798: sys_enter: NR 240 (2c800d4, 81, 1, 0, 0, 0)
      tailscaled-545   [000] ....   523.294806: sys_exit: NR 240 = 1
      tailscaled-545   [000] ....   523.295133: sys_enter: NR 3 (c, 305605c, 10009, 0, 0, 0)
      tailscaled-545   [000] ....   523.295141: sys_exit: NR 3 = 2530
      tailscaled-545   [000] ....   523.295412: sys_enter: NR 374 (11, 60d1308, 2, 0, 0, 0)
      tailscaled-545   [000] ....   523.295531: sys_exit: NR 374 = 2
      tailscaled-545   [000] ....   523.295602: sys_enter: NR 374 (11, 60d1308, 2, 0, 0, 0)
      tailscaled-426   [002] ....   523.295610: sys_exit: NR 240 = 0
      tailscaled-426   [002] ....   523.295620: sys_enter: NR 346 (4, 2c95680, 80, 0, 0, 0)
      tailscaled-426   [002] ....   523.295623: sys_exit: NR 346 = 0
      tailscaled-426   [002] ....   523.295635: sys_enter: NR 240 (2c808d4, 81, 1, 0, 0, 0)
      tailscaled-426   [002] ....   523.295641: sys_exit: NR 240 = 1
      tailscaled-545   [000] ....   523.295648: sys_exit: NR 374 = 2
      tailscaled-426   [002] ....   523.295649: sys_enter: NR 3 (c, 305605c, 10009, 0, 0, 0)
      tailscaled-533   [001] ....   523.295654: sys_exit: NR 240 = 0
      tailscaled-426   [002] ....   523.295658: sys_exit: NR 3 = 2530
      tailscaled-533   [001] ....   523.295663: sys_enter: NR 346 (4, 3019680, 80, 0, 0, 0)
      tailscaled-533   [001] ....   523.295665: sys_exit: NR 346 = 0
      tailscaled-545   [000] ....   523.295677: sys_enter: NR 346 (4, 30f7680, 80, 0, 0, 0)
      tailscaled-545   [000] ....   523.295679: sys_exit: NR 346 = 0
      tailscaled-426   [002] ....   523.295683: sys_enter: NR 240 (2ea88d4, 81, 1, 0, 0, 0)
      tailscaled-533   [001] ....   523.295684: sys_enter: NR 346 (4, 3019680, 80, 8b, 0, 0)
      tailscaled-545   [000] ....   523.295687: sys_enter: NR 240 (2ea90d4, 80, 0, 0, 0, 0)
      tailscaled-426   [002] ....   523.295693: sys_exit: NR 240 = 1
      tailscaled-426   [002] ....   523.295935: sys_enter: NR 3 (c, 305605c, 10009, 0, 0, 0)
      tailscaled-426   [002] ....   523.295945: sys_exit: NR 3 = 2530
      tailscaled-426   [002] ....   523.296196: sys_enter: NR 374 (11, 60d0008, 2, 0, 0, 0)
      tailscaled-426   [002] ....   523.296267: sys_exit: NR 374 = 2
      tailscaled-426   [002] ....   523.296303: sys_enter: NR 374 (11, 60d0008, 2, 0, 0, 0)
      tailscaled-426   [002] ....   523.296346: sys_exit: NR 374 = 2
      tailscaled-426   [002] ....   523.296376: sys_enter: NR 3 (c, 305605c, 10009, 0, 0, 0)
      tailscaled-426   [002] ....   523.296383: sys_exit: NR 3 = 2530
      tailscaled-426   [002] ....   523.296609: sys_enter: NR 3 (c, 305605c, 10009, 0, 0, 0)
      tailscaled-426   [002] ....   523.296617: sys_exit: NR 3 = 2530
      tailscaled-426   [002] ....   523.296846: sys_enter: NR 374 (11, 60d0008, 2, 0, 0, 0)
      tailscaled-426   [002] ....   523.296898: sys_exit: NR 374 = 2
      tailscaled-426   [002] ....   523.296930: sys_enter: NR 374 (11, 60d0008, 2, 0, 0, 0)
      tailscaled-426   [002] ....   523.296973: sys_exit: NR 374 = 2
      tailscaled-426   [002] ....   523.297004: sys_enter: NR 3 (c, 305605c, 10009, 0, 0, 0)
      tailscaled-426   [002] ....   523.297012: sys_exit: NR 3 = 1554
      tailscaled-426   [002] ....   523.297184: sys_enter: NR 3 (c, 305605c, 10009, 0, 0, 0)
      tailscaled-426   [002] ....   523.297187: sys_exit: NR 3 = -11
      tailscaled-426   [002] ....   523.297205: sys_enter: NR 374 (11, 60d0008, 2, 0, 0, 0)
      tailscaled-426   [002] ....   523.297253: sys_exit: NR 374 = 2
      tailscaled-426   [002] ....   523.297286: sys_enter: NR 240 (2c800d4, 80, 0, 0, 0, 0)
      tailscaled-422   [002] ....   523.297367: sys_exit: NR 240 = 0
      tailscaled-422   [002] ....   523.297379: sys_enter: NR 162 (2c49f60, 0, 79, 14, 0, 0)
      tailscaled-543   [002] ....   523.297400: sys_exit: NR 240 = 0
      tailscaled-543   [002] ....   523.297421: sys_enter: NR 240 (2ea88d4, 80, 0, 0, 0, 0)
      lxterminal-1103  [002] ....   523.297477: sys_exit: NR 168 = 0
      lxterminal-1103  [002] ....   523.297608: sys_enter: NR 297 (3, 7ecb9664, 0, 0, 0, 7ecb9664)
      lxterminal-1103  [002] ....   523.297617: sys_exit: NR 297 = -11
      lxterminal-1103  [002] ....   523.297624: sys_enter: NR 168 (a10d58, 4, ffffffff, 0, ffffffff, 4)
      tailscaled-422   [002] ....   523.297644: sys_exit: NR 162 = 0
      tailscaled-422   [002] ....   523.297652: sys_enter: NR 240 (1695bd4, 80, 0, 2c49f28, 0, 0)
      tailscaled-533   [001] .n..   523.301435: sys_exit: NR 346 = 1
      tailscaled-533   [001] ....   523.301503: sys_enter: NR 346 (4, 3019680, 80, 0, 0, 0)
      tailscaled-533   [001] ....   523.301506: sys_exit: NR 346 = 0
      tailscaled-533   [001] ....   523.301524: sys_enter: NR 346 (4, 3019680, 80, 85, 0, 0)
 vncserver-x11-c-450   [000] ....   523.305052: sys_enter: NR 4 (11, 15b7ff0, 3edc, 0, 3edc, 15b7ff0)
 vncserver-x11-c-450   [000] ....   523.305059: __vfs_write+0x14/0x170 <-vfs_write+0xb4/0x1c8
 vncserver-x11-c-450   [000] ....   523.305083: <stack trace>
 => __vfs_write+0x18/0x170
 => vfs_write+0xb4/0x1c8
 => ksys_write+0x74/0xe8
 => sys_write+0x18/0x1c
 => __sys_trace_return+0x0/0x1c
 => 0x7ef0aa10
      tailscaled-533   [001] ....   523.305206: sys_exit: NR 346 = 1
 vncserver-x11-c-450   [000] ....   523.305218: sys_exit: NR 4 = 16092
      tailscaled-533   [001] ....   523.305232: sys_enter: NR 240 (1695bd4, 81, 1, 0, 0, 0)
      tailscaled-533   [001] ....   523.305241: sys_exit: NR 240 = 1
 vncserver-x11-c-450   [000] ....   523.305241: sys_enter: NR 3 (c, 154ad00, 41a0, 0, 41a0, 154ad00)
      tailscaled-533   [001] ....   523.305244: sys_enter: NR 3 (c, 305605c, 10009, 0, 0, 0)
 vncserver-x11-c-450   [000] ....   523.305250: sys_exit: NR 3 = -11
      tailscaled-422   [002] ....   523.305257: sys_exit: NR 240 = 0
      tailscaled-533   [001] ....   523.305265: sys_exit: NR 3 = 2530
      tailscaled-422   [002] ....   523.305271: sys_enter: NR 162 (2c49f60, 0, 79, 14, 0, 0)
 vncserver-x11-c-450   [000] ....   523.305285: sys_enter: NR 142 (12, 7ef0b328, 7ef0b3a8, 7ef0b428, 7ef0b320, 7ef0b3a8)
 vncserver-x11-c-450   [000] ....   523.305311: sys_exit: NR 142 = 0
 vncserver-x11-c-450   [000] ....   523.305317: sys_enter: NR 142 (12, 7ef0b328, 7ef0b3a8, 7ef0b428, 7ef0b320, 7ef0b3a8)
      tailscaled-533   [001] ....   523.305319: sys_enter: NR 240 (2ea88d4, 81, 1, 0, 0, 0)
      tailscaled-533   [001] ....   523.305323: sys_exit: NR 240 = 1
      tailscaled-543   [002] ....   523.305333: sys_exit: NR 240 = 0
      tailscaled-543   [002] ....   523.305343: sys_enter: NR 346 (4, 3015680, 80, 0, 0, 0)
      tailscaled-543   [002] ....   523.305365: sys_exit: NR 346 = 1
      tailscaled-543   [002] ....   523.305387: sys_enter: NR 346 (4, 3015680, 80, 81, 0, 0)
      tailscaled-422   [002] ....   523.305398: sys_exit: NR 162 = 0
      tailscaled-422   [002] ....   523.305402: sys_enter: NR 162 (2c49f60, 0, 79, 14, 0, 0)
      tailscaled-533   [001] ....   523.305430: sys_enter: NR 240 (2c800d4, 81, 1, 0, 0, 0)
      tailscaled-533   [001] ....   523.305435: sys_exit: NR 240 = 1
      tailscaled-426   [002] ....   523.305444: sys_exit: NR 240 = 0
      tailscaled-426   [002] ....   523.305454: sys_enter: NR 162 (2c95dcc, 0, 2d00fc8, 3, 79, 1)
      tailscaled-422   [002] ....   523.305487: sys_exit: NR 162 = 0
      tailscaled-422   [002] ....   523.305491: sys_enter: NR 162 (2c49f60, 0, 79, 14, 0, 0)
      tailscaled-426   [002] ....   523.305499: sys_exit: NR 162 = 0
      tailscaled-426   [002] ....   523.305505: sys_enter: NR 240 (2ea90d4, 81, 1, 0, 0, 0)
      tailscaled-426   [002] ....   523.305510: sys_exit: NR 240 = 1
      tailscaled-426   [002] ....   523.305522: sys_enter: NR 3 (c, 305605c, 10009, 0, 0, 0)
      tailscaled-545   [000] ....   523.305523: sys_exit: NR 240 = 0
      tailscaled-426   [002] ....   523.305531: sys_exit: NR 3 = 2530
      tailscaled-545   [000] ....   523.305536: sys_enter: NR 240 (2c5e8d4, 81, 1, 0, 0, 0)
      tailscaled-545   [000] .n..   523.305546: sys_exit: NR 240 = 1
      tailscaled-423   [000] ....   523.305552: sys_exit: NR 240 = 0
      tailscaled-423   [000] ....   523.305570: sys_enter: NR 240 (2c5e8d4, 80, 0, 0, 0, 0)
      tailscaled-545   [000] ....   523.305602: sys_enter: NR 240 (2ea90d4, 80, 0, 0, 0, 0)
      tailscaled-426   [002] ....   523.305604: sys_enter: NR 240 (2ea90d4, 81, 1, 0, 0, 0)
      tailscaled-426   [002] ....   523.305625: sys_exit: NR 240 = 1
      tailscaled-545   [000] ....   523.305634: sys_exit: NR 240 = 0
      tailscaled-545   [000] ....   523.305642: sys_enter: NR 162 (30f7dcc, 0, 2d00fc8, 3, 79, deae78fd)
      tailscaled-545   [000] ....   523.305708: sys_exit: NR 162 = 0
      tailscaled-533   [001] ....   523.305712: sys_enter: NR 374 (11, 5d90008, 2, 0, 0, 0)
      tailscaled-545   [000] ....   523.305713: sys_enter: NR 240 (2c5e8d4, 81, 1, 0, 0, 0)
      tailscaled-545   [000] .n..   523.305719: sys_exit: NR 240 = 1
      tailscaled-423   [000] ....   523.305723: sys_exit: NR 240 = 0
      tailscaled-423   [000] ....   523.305737: sys_enter: NR 240 (2c5e8d4, 80, 0, 0, 0, 0)
      tailscaled-545   [000] ....   523.305750: sys_enter: NR 3 (c, 305605c, 10009, 0, 0, 0)
      tailscaled-545   [000] ....   523.305759: sys_exit: NR 3 = 2530
      tailscaled-545   [000] ....   523.305781: sys_enter: NR 240 (2c5e8d4, 81, 1, 0, 0, 0)
      tailscaled-545   [000] .n..   523.305788: sys_exit: NR 240 = 1
      tailscaled-423   [000] ....   523.305792: sys_exit: NR 240 = 0
      tailscaled-423   [000] ....   523.305800: sys_enter: NR 162 (2c77dcc, 0, 2c03b08, 3, 79, 1)
      tailscaled-426   [002] ....   523.305810: sys_enter: NR 162 (2c95dcc, 0, 2c03b08, 3, 79, 0)
      tailscaled-422   [002] ....   523.305826: sys_exit: NR 162 = 0
      tailscaled-422   [002] ....   523.305831: sys_enter: NR 162 (2c49f60, 0, 79, 14, 0, 0)
      tailscaled-533   [001] ....   523.305845: sys_exit: NR 374 = 2
      tailscaled-423   [000] ....   523.305867: sys_exit: NR 162 = 0
      tailscaled-423   [000] ....   523.305868: sys_enter: NR 162 (2c77dcc, 0, 2d00fc8, 3, 79, 1)
      tailscaled-533   [001] ....   523.305898: sys_enter: NR 374 (11, 5d90008, 2, 0, 0, 0)
      tailscaled-422   [002] ....   523.305925: sys_exit: NR 162 = 0
      tailscaled-423   [000] ....   523.305933: sys_exit: NR 162 = 0
      tailscaled-422   [002] ....   523.305933: sys_enter: NR 162 (2c49f60, 0, 79, 14, 0, 0)
      tailscaled-426   [002] ....   523.305941: sys_exit: NR 162 = 0
      tailscaled-423   [000] ....   523.305942: sys_enter: NR 3 (c, 305605c, 10009, 0, 0, 0)
      tailscaled-423   [000] ....   523.305945: sys_exit: NR 3 = -11
      tailscaled-426   [002] ....   523.305949: sys_enter: NR 240 (2c800d4, 80, 0, 0, 0, 0)
      tailscaled-533   [001] ....   523.305953: sys_exit: NR 374 = 2
      tailscaled-423   [000] ....   523.305962: sys_enter: NR 240 (2c5e8d4, 80, 0, 0, 0, 0)
      tailscaled-533   [001] ....   523.305993: sys_enter: NR 240 (2c808d4, 80, 0, 0, 0, 0)
      tailscaled-422   [002] ....   523.306016: sys_exit: NR 162 = 0
      tailscaled-422   [002] ....   523.306020: sys_enter: NR 162 (2c49f60, 0, 79, 14, 0, 0)
      tailscaled-422   [002] ....   523.306134: sys_exit: NR 162 = 0
      tailscaled-422   [002] ....   523.306138: sys_enter: NR 162 (2c49f60, 0, 79, 14, 0, 0)
      tailscaled-545   [000] ....   523.306144: sys_enter: NR 240 (2c808d4, 81, 1, 0, 0, 0)
      tailscaled-545   [000] ....   523.306148: sys_exit: NR 240 = 1
      tailscaled-543   [002] ....   523.306153: sys_exit: NR 346 = 1
      tailscaled-533   [001] ....   523.306158: sys_exit: NR 240 = 0
      tailscaled-533   [001] ....   523.306163: sys_enter: NR 346 (4, 3019680, 80, 0, 0, 0)
      tailscaled-533   [001] ....   523.306165: sys_exit: NR 346 = 0
      tailscaled-545   [000] ....   523.306172: sys_enter: NR 374 (11, 60d1308, 2, 0, 0, 0)
      tailscaled-543   [002] ....   523.306173: sys_enter: NR 346 (4, 3015680, 80, 80, 0, 0)
      tailscaled-533   [001] ....   523.306176: sys_enter: NR 240 (2c808d4, 80, 0, 0, 0, 0)
      tailscaled-422   [002] ....   523.306220: sys_exit: NR 162 = 0
      tailscaled-422   [002] ....   523.306224: sys_enter: NR 162 (2c49f60, 0, 79, 14, 0, 0)
      tailscaled-545   [000] ....   523.306228: sys_exit: NR 374 = 2
      tailscaled-545   [000] ....   523.306271: sys_enter: NR 240 (2ea90d4, 80, 0, 0, 0, 0)
      tailscaled-422   [002] ....   523.306337: sys_exit: NR 162 = 0
      tailscaled-422   [002] ....   523.306343: sys_enter: NR 240 (1695bd4, 80, 0, 2c49f28, 0, 0)
      tailscaled-543   [002] ....   523.306354: sys_exit: NR 346 = 1
      tailscaled-543   [002] ....   523.306361: sys_enter: NR 346 (4, 3015680, 80, 0, 0, 0)
      tailscaled-543   [002] ....   523.306362: sys_exit: NR 346 = 0
      tailscaled-543   [002] ....   523.306372: sys_enter: NR 346 (4, 3015680, 80, 80, 0, 0)
      tailscaled-543   [002] ....   523.306514: sys_exit: NR 346 = 1
      tailscaled-543   [002] ....   523.306520: sys_enter: NR 346 (4, 3015680, 80, 0, 0, 0)
      tailscaled-543   [002] ....   523.306522: sys_exit: NR 346 = 0
      tailscaled-543   [002] ....   523.306531: sys_enter: NR 346 (4, 3015680, 80, 80, 0, 0)
      tailscaled-543   [002] ....   523.317531: sys_exit: NR 346 = 1
      tailscaled-543   [002] ....   523.317551: sys_enter: NR 240 (1695bd4, 81, 1, 0, 0, 0)
      tailscaled-543   [002] ....   523.317557: sys_exit: NR 240 = 1
      tailscaled-543   [002] ....   523.317559: sys_enter: NR 365 (11, 5a00008, 80, 0, 0, 0)
      tailscaled-543   [002] ....   523.317578: sys_exit: NR 365 = 1
      tailscaled-543   [002] ....   523.317649: sys_enter: NR 240 (2ea90d4, 81, 1, 0, 0, 0)
      tailscaled-543   [002] ....   523.317653: sys_exit: NR 240 = 1
      tailscaled-545   [000] ....   523.317662: sys_exit: NR 240 = 0
      tailscaled-545   [000] ....   523.317668: sys_enter: NR 346 (4, 30f7680, 80, 0, 0, 0)
      tailscaled-545   [000] ....   523.317670: sys_exit: NR 346 = 0
      tailscaled-545   [000] ....   523.317677: sys_enter: NR 240 (2c808d4, 81, 1, 0, 0, 0)
      tailscaled-545   [000] ....   523.317680: sys_exit: NR 240 = 1
      tailscaled-533   [001] ....   523.317689: sys_exit: NR 240 = 0
      tailscaled-545   [000] ....   523.317693: sys_enter: NR 346 (4, 30f7680, 80, 0, 0, 0)
      tailscaled-545   [000] ....   523.317694: sys_exit: NR 346 = 0
      tailscaled-533   [001] ....   523.317697: sys_enter: NR 162 (3019dcc, 0, 2c838c8, 3, 79, 1)
      tailscaled-545   [000] ....   523.317700: sys_enter: NR 162 (30f7dcc, 0, 2c838c8, 3, 79, 1)
      tailscaled-543   [002] ....   523.317706: sys_enter: NR 365 (11, 60d1308, 80, 0, 0, 0)
      tailscaled-543   [002] ....   523.317709: sys_exit: NR 365 = -11
      tailscaled-422   [000] ....   523.317746: sys_exit: NR 240 = 0
      tailscaled-422   [000] ....   523.317753: sys_enter: NR 162 (2c49f60, 0, 79, 14, 0, 0)
      tailscaled-533   [001] ....   523.317764: sys_exit: NR 162 = 0
      tailscaled-545   [000] ....   523.317769: sys_exit: NR 162 = 0
      tailscaled-533   [001] ....   523.317774: sys_enter: NR 346 (4, 3019680, 80, 75, 0, 0)
      tailscaled-545   [000] ....   523.317777: sys_enter: NR 240 (2ea90d4, 80, 0, 0, 0, 0)
      tailscaled-543   [002] ....   523.317821: sys_enter: NR 4 (c, 6000006, 32, 0, 0, 0)
      tailscaled-543   [002] ....   523.317824: __vfs_write+0x14/0x170 <-vfs_write+0xb4/0x1c8
      tailscaled-422   [000] ....   523.317843: sys_exit: NR 162 = 0
      tailscaled-543   [002] ....   523.317844: <stack trace>
 => __vfs_write+0x18/0x170
 => vfs_write+0xb4/0x1c8
 => ksys_write+0x74/0xe8
 => sys_write+0x18/0x1c
 => __sys_trace_return+0x0/0x1c
 => 0x2f43cc8
      tailscaled-422   [000] ....   523.317847: sys_enter: NR 162 (2c49f60, 0, 79, 14, 0, 0)
      tailscaled-422   [000] ....   523.317928: sys_exit: NR 162 = 0
      tailscaled-422   [000] ....   523.317932: sys_enter: NR 162 (2c49f60, 0, 79, 14, 0, 0)
      tailscaled-533   [001] ....   523.317966: sys_exit: NR 346 = 1
      tailscaled-533   [001] ....   523.317975: sys_enter: NR 3 (c, 305605c, 10009, 0, 0, 0)
      tailscaled-543   [002] ....   523.317979: sys_exit: NR 4 = 50
      tailscaled-533   [001] ....   523.317989: sys_exit: NR 3 = 2530
      tailscaled-543   [002] ....   523.317996: sys_enter: NR 346 (4, 3015680, 80, 0, 0, 0)
      tailscaled-543   [002] ....   523.317999: sys_exit: NR 346 = 1
      tailscaled-543   [002] ....   523.318012: sys_enter: NR 346 (4, 3015680, 80, 75, 0, 0)
      tailscaled-422   [000] ....   523.318013: sys_exit: NR 162 = 0
      tailscaled-422   [000] ....   523.318016: sys_enter: NR 162 (2c49f60, 0, 79, 14, 0, 0)
      tailscaled-533   [001] ....   523.318023: sys_enter: NR 240 (2ea90d4, 81, 1, 0, 0, 0)
      tailscaled-533   [001] ....   523.318027: sys_exit: NR 240 = 1
      tailscaled-545   [000] ....   523.318033: sys_exit: NR 240 = 0
      tailscaled-545   [000] ....   523.318064: sys_enter: NR 240 (2ea90d4, 80, 0, 0, 0, 0)
      tailscaled-533   [001] ....   523.318088: sys_enter: NR 240 (2ea90d4, 81, 1, 0, 0, 0)
      tailscaled-533   [001] ....   523.318092: sys_exit: NR 240 = 1
      tailscaled-422   [000] ....   523.318152: sys_exit: NR 162 = 0
      tailscaled-422   [000] ....   523.318156: sys_enter: NR 162 (2c49f60, 0, 79, 14, 0, 0)
      tailscaled-545   [000] ....   523.318167: sys_exit: NR 240 = 0
      tailscaled-545   [000] ....   523.318174: sys_enter: NR 240 (2c5e8d4, 81, 1, 0, 0, 0)
      tailscaled-545   [000] .n..   523.318182: sys_exit: NR 240 = 1
      tailscaled-423   [000] ....   523.318187: sys_exit: NR 240 = 0
      tailscaled-423   [000] ....   523.318196: sys_enter: NR 240 (2c800d4, 81, 1, 0, 0, 0)
      tailscaled-423   [000] ....   523.318200: sys_exit: NR 240 = 1
      tailscaled-423   [000] ....   523.318220: sys_enter: NR 240 (2c5e8d4, 80, 0, 0, 0, 0)
      tailscaled-545   [000] ....   523.318245: sys_enter: NR 3 (c, 305605c, 10009, 0, 0, 0)
      tailscaled-545   [000] ....   523.318258: sys_exit: NR 3 = 2530
      tailscaled-426   [002] ....   523.318295: sys_exit: NR 240 = 0
      tailscaled-426   [002] ....   523.318315: sys_enter: NR 240 (2c800d4, 80, 0, 0, 0, 0)
      tailscaled-533   [001] ....   523.318318: sys_enter: NR 240 (2c800d4, 81, 1, 0, 0, 0)
      tailscaled-533   [001] ....   523.318324: sys_exit: NR 240 = 1
      tailscaled-543   [002] ....   523.318331: sys_exit: NR 346 = 1
      tailscaled-543   [002] ....   523.318341: sys_enter: NR 365 (11, 60d1308, 80, 0, 0, 0)
      tailscaled-543   [002] ....   523.318359: sys_exit: NR 365 = 1
      tailscaled-533   [001] ....   523.318363: sys_enter: NR 374 (11, 5d90008, 2, 0, 0, 0)
      tailscaled-533   [001] ....   523.318457: sys_exit: NR 374 = 2
      tailscaled-543   [002] ....   523.318473: sys_enter: NR 365 (11, 5a02608, 80, 0, 0, 0)
      tailscaled-543   [002] ....   523.318476: sys_exit: NR 365 = -11
      tailscaled-533   [001] ....   523.318500: sys_enter: NR 346 (4, 3019680, 80, 0, 0, 0)
      tailscaled-533   [001] ....   523.318502: sys_exit: NR 346 = 0
      tailscaled-533   [001] ....   523.318512: sys_enter: NR 3 (c, 305605c, 10009, 0, 0, 0)
      tailscaled-533   [001] ....   523.318516: sys_exit: NR 3 = -11
      tailscaled-533   [001] ....   523.318522: sys_enter: NR 346 (4, 3019680, 80, 0, 0, 0)
      tailscaled-533   [001] ....   523.318524: sys_exit: NR 346 = 0
      tailscaled-533   [001] ....   523.318538: sys_enter: NR 346 (4, 3019680, 80, 74, 0, 0)
      tailscaled-545   [000] ....   523.318542: sys_enter: NR 374 (11, 5a00008, 2, 0, 0, 0)
      tailscaled-543   [002] ....   523.318554: sys_enter: NR 4 (c, 3990006, 32, 0, 0, 0)
      tailscaled-543   [002] ....   523.318557: __vfs_write+0x14/0x170 <-vfs_write+0xb4/0x1c8
      tailscaled-543   [002] ....   523.318578: <stack trace>
 => __vfs_write+0x18/0x170
 => vfs_write+0xb4/0x1c8
 => ksys_write+0x74/0xe8
 => sys_write+0x18/0x1c
 => __sys_trace_return+0x0/0x1c
 => 0x2f43cc8
      tailscaled-545   [000] ....   523.318596: sys_exit: NR 374 = 2
      tailscaled-545   [000] ....   523.318637: sys_enter: NR 240 (2ea90d4, 80, 0, 0, 0, 0)
      tailscaled-422   [000] ....   523.318652: sys_exit: NR 162 = 0
      tailscaled-422   [000] ....   523.318658: sys_enter: NR 162 (2c49f60, 0, 79, 14, 0, 0)
      tailscaled-533   [001] ....   523.318695: sys_exit: NR 346 = 1
      tailscaled-543   [002] ....   523.318700: sys_exit: NR 4 = 50
      tailscaled-533   [001] ....   523.318704: sys_enter: NR 3 (c, 305605c, 10009, 0, 0, 0)
      tailscaled-533   [001] ....   523.318716: sys_exit: NR 3 = 2530
      tailscaled-543   [002] ....   523.318718: sys_enter: NR 346 (4, 3015680, 80, 0, 0, 0)
      tailscaled-543   [002] ....   523.318722: sys_exit: NR 346 = 1
      tailscaled-543   [002] ....   523.318735: sys_enter: NR 346 (4, 3015680, 80, 74, 0, 0)
      tailscaled-426   [002] ....   523.318750: sys_exit: NR 240 = 0
      tailscaled-422   [000] ....   523.318751: sys_exit: NR 162 = 0
      tailscaled-422   [000] ....   523.318756: sys_enter: NR 162 (2c49f60, 0, 79, 14, 0, 0)
      tailscaled-426   [002] ....   523.318763: sys_enter: NR 240 (2c800d4, 80, 0, 0, 0, 0)
      tailscaled-533   [001] ....   523.318796: sys_enter: NR 240 (2c800d4, 81, 1, 0, 0, 0)
      tailscaled-533   [001] ....   523.318801: sys_exit: NR 240 = 1
      tailscaled-426   [002] ....   523.318822: sys_exit: NR 240 = 0
      tailscaled-426   [002] ....   523.318834: sys_enter: NR 240 (2ea90d4, 81, 1, 0, 0, 0)
      tailscaled-426   [002] ....   523.318838: sys_exit: NR 240 = 1
      tailscaled-426   [002] ....   523.318846: sys_enter: NR 3 (c, 305605c, 10009, 0, 0, 0)
      tailscaled-422   [000] ....   523.318849: sys_exit: NR 162 = 0
      tailscaled-422   [000] ....   523.318852: sys_enter: NR 162 (2c49f60, 0, 79, 14, 0, 0)
      tailscaled-426   [002] ....   523.318853: sys_exit: NR 3 = 1262
      tailscaled-545   [000] ....   523.318861: sys_exit: NR 240 = 0
      tailscaled-545   [000] ....   523.318869: sys_enter: NR 240 (2c5e8d4, 81, 1, 0, 0, 0)
      tailscaled-545   [000] .n..   523.318876: sys_exit: NR 240 = 1
      tailscaled-423   [000] ....   523.318882: sys_exit: NR 240 = 0
      tailscaled-423   [000] ....   523.318891: sys_enter: NR 162 (2c77dcc, 0, 2d00fc8, 3, 79, 0)
      tailscaled-545   [000] ....   523.318911: sys_enter: NR 3 (c, 305605c, 10009, 0, 0, 0)
      tailscaled-545   [000] ....   523.318914: sys_exit: NR 3 = -11
      tailscaled-423   [000] ....   523.318938: sys_exit: NR 162 = 0
      tailscaled-423   [000] ....   523.318946: sys_enter: NR 240 (2c5e8d4, 80, 0, 0, 0, 0)
      tailscaled-422   [000] ....   523.318953: sys_exit: NR 162 = 0
      tailscaled-422   [000] ....   523.318956: sys_enter: NR 162 (2c49f60, 0, 79, 14, 0, 0)
      tailscaled-545   [000] ....   523.318969: sys_enter: NR 240 (2ea90d4, 80, 0, 0, 0, 0)
      tailscaled-426   [002] ....   523.318993: sys_enter: NR 240 (2c800d4, 80, 0, 0, 0, 0)
      tailscaled-533   [001] ....   523.318998: sys_enter: NR 240 (2c800d4, 81, 1, 0, 0, 0)
      tailscaled-533   [001] ....   523.319002: sys_exit: NR 240 = 1
      tailscaled-533   [001] ....   523.319030: sys_enter: NR 374 (11, 5a00008, 2, 0, 0, 0)
      tailscaled-422   [000] ....   523.319041: sys_exit: NR 162 = 0
      tailscaled-422   [000] ....   523.319045: sys_enter: NR 162 (2c49f60, 0, 79, 14, 0, 0)
      tailscaled-533   [001] ....   523.319100: sys_exit: NR 374 = 2
      tailscaled-426   [002] ....   523.319101: sys_exit: NR 240 = 0
      tailscaled-426   [002] ....   523.319118: sys_enter: NR 240 (2c800d4, 80, 0, 0, 0, 0)
      tailscaled-422   [000] ....   523.319130: sys_exit: NR 162 = 0
      tailscaled-543   [002] ....   523.319133: sys_exit: NR 346 = 1
      tailscaled-422   [000] ....   523.319134: sys_enter: NR 162 (2c49f60, 0, 79, 14, 0, 0)
      tailscaled-543   [002] ....   523.319143: sys_enter: NR 365 (11, 5a02608, 80, 0, 0, 0)
      tailscaled-533   [001] ....   523.319143: sys_enter: NR 374 (11, 5a00008, 1, 0, 0, 0)
      tailscaled-543   [002] ....   523.319159: sys_exit: NR 365 = 1
      tailscaled-533   [001] ....   523.319167: sys_exit: NR 374 = 1
      tailscaled-533   [001] ....   523.319193: sys_enter: NR 346 (4, 3019680, 80, 0, 0, 0)
      tailscaled-533   [001] ....   523.319196: sys_exit: NR 346 = 0
      tailscaled-533   [001] ....   523.319208: sys_enter: NR 346 (4, 3019680, 80, 73, 0, 0)
      tailscaled-422   [000] ....   523.319218: sys_exit: NR 162 = 0
      tailscaled-422   [000] ....   523.319221: sys_enter: NR 162 (2c49f60, 0, 79, 14, 0, 0)
