      tailscaled-422   [003] ....   437.174312: sys_exit: NR 162 = 0
      tailscaled-422   [003] ....   437.174316: sys_enter: NR 162 (2c49f60, 0, 65, 14, 0, 0)
      tailscaled-545   [003] ....   437.174331: sys_enter: NR 240 (2c808d4, 81, 1, 0, 0, 0)
      tailscaled-545   [003] ....   437.174338: sys_exit: NR 240 = 1
      tailscaled-545   [003] ....   437.174382: sys_enter: NR 365 (11, 5a00008, 80, 0, 0, 0)
      tailscaled-545   [003] ....   437.174386: sys_exit: NR 365 = -11
      tailscaled-422   [003] ....   437.174398: sys_exit: NR 162 = 0
      tailscaled-422   [003] ....   437.174402: sys_enter: NR 162 (2c49f60, 0, 65, 14, 0, 0)
      tailscaled-533   [003] ....   437.174411: sys_exit: NR 240 = 0
      tailscaled-533   [003] ....   437.174418: sys_enter: NR 240 (2c800d4, 81, 1, 0, 0, 0)
      tailscaled-533   [003] ....   437.174422: sys_exit: NR 240 = 1
      tailscaled-426   [001] ....   437.174435: sys_exit: NR 240 = 0
      tailscaled-533   [003] ....   437.174435: sys_enter: NR 162 (3019dcc, 0, 2c83568, 3, 65, 1)
      tailscaled-426   [001] ....   437.174444: sys_enter: NR 162 (2c95dcc, 0, 2c83568, 3, 65, 0)
      tailscaled-422   [003] ....   437.174487: sys_exit: NR 162 = 0
      tailscaled-422   [003] ....   437.174490: sys_enter: NR 162 (2c49f60, 0, 65, 14, 0, 0)
      tailscaled-533   [003] ....   437.174497: sys_exit: NR 162 = 0
      tailscaled-533   [003] ....   437.174505: sys_enter: NR 240 (2c808d4, 80, 0, 0, 0, 0)
      tailscaled-426   [001] ....   437.174511: sys_exit: NR 162 = 0
      tailscaled-426   [001] ....   437.174519: sys_enter: NR 240 (2c800d4, 80, 0, 0, 0, 0)
      tailscaled-545   [003] ....   437.174537: sys_enter: NR 4 (c, 3980006, 32, 0, 0, 0)
      tailscaled-545   [003] .n..   437.174577: sys_exit: NR 4 = 50
      tailscaled-422   [003] ....   437.174582: sys_exit: NR 162 = 0
      tailscaled-422   [003] ....   437.174586: sys_enter: NR 162 (2c49f60, 0, 65, 14, 0, 0)
      tailscaled-545   [003] ....   437.174609: sys_enter: NR 240 (2ea90d4, 80, 0, 0, 0, 0)
      tailscaled-422   [003] ....   437.174674: sys_exit: NR 162 = 0
      tailscaled-422   [003] ....   437.174679: sys_enter: NR 240 (1695bd4, 80, 0, 2c49f28, 0, 0)
      tailscaled-964   [003] ....   437.175076: sys_exit: NR 346 = 1
      tailscaled-964   [003] ....   437.175085: sys_enter: NR 240 (1695bd4, 81, 1, 0, 0, 0)
      tailscaled-964   [003] .n..   437.175092: sys_exit: NR 240 = 1
      tailscaled-422   [003] ....   437.175097: sys_exit: NR 240 = 0
      tailscaled-422   [003] ....   437.175100: sys_enter: NR 158 (101, 4, 1695b44, 1, 0, 0)
      tailscaled-422   [003] ....   437.175103: sys_exit: NR 158 = 0
      tailscaled-422   [003] ....   437.175105: sys_enter: NR 240 (2c5e328, 80, ffffffff, 0, 0, 0)
      tailscaled-964   [003] ....   437.175113: sys_enter: NR 240 (2c5e328, 81, 1, 0, 0, 0)
      tailscaled-964   [003] .n..   437.175119: sys_exit: NR 240 = 1
      tailscaled-422   [003] ....   437.175122: sys_exit: NR 240 = 0
      tailscaled-422   [003] ....   437.175126: sys_enter: NR 162 (2c49f60, 0, 65, 14, 0, 0)
      tailscaled-964   [003] ....   437.175134: sys_enter: NR 365 (11, 5a00008, 80, 0, 0, 0)
      tailscaled-964   [003] ....   437.175145: sys_exit: NR 365 = 1
      tailscaled-964   [003] ....   437.175186: sys_enter: NR 240 (2ea90d4, 81, 1, 0, 0, 0)
      tailscaled-964   [003] ....   437.175193: sys_exit: NR 240 = 1
      tailscaled-422   [003] ....   437.175208: sys_exit: NR 162 = 0
      tailscaled-422   [003] ....   437.175212: sys_enter: NR 162 (2c49f60, 0, 65, 14, 0, 0)
      tailscaled-964   [003] ....   437.175259: sys_enter: NR 365 (11, 5a00008, 80, 0, 0, 0)
      tailscaled-964   [003] ....   437.175263: sys_exit: NR 365 = -11
      tailscaled-422   [003] ....   437.175294: sys_exit: NR 162 = 0
      tailscaled-422   [003] ....   437.175297: sys_enter: NR 162 (2c49f60, 0, 65, 14, 0, 0)
      tailscaled-964   [003] ....   437.175362: sys_enter: NR 4 (c, 5fe2006, 52, 0, 0, 0)
      tailscaled-964   [003] .n..   437.175416: sys_exit: NR 4 = 82
      tailscaled-422   [003] ....   437.175421: sys_exit: NR 162 = 0
      tailscaled-422   [003] ....   437.175425: sys_enter: NR 162 (2c49f60, 0, 65, 14, 0, 0)
      tailscaled-964   [003] ....   437.175450: sys_enter: NR 346 (4, 30fb680, 80, 0, 0, 0)
 vncserver-x11-c-450   [000] ....   437.175450: sys_exit: NR 142 = 1
      tailscaled-964   [003] ....   437.175452: sys_exit: NR 346 = 0
      tailscaled-964   [003] ....   437.175458: sys_enter: NR 346 (4, 30fb680, 80, 31b4, 0, 0)
      tailscaled-545   [003] ....   437.175470: sys_exit: NR 240 = 0
 vncserver-x11-c-450   [000] ....   437.175473: sys_enter: NR 3 (11, 15b3e48, 41a0, 0, 41a0, 15b3e48)
 vncserver-x11-c-450   [000] ....   437.175476: __vfs_read+0x14/0x16c <-vfs_read+0x9c/0x164
      tailscaled-545   [003] ....   437.175484: sys_enter: NR 4 (5, 30f7e94, 8, 0, 0, 0)
 vncserver-x11-c-450   [000] ....   437.175490: <stack trace>
 => __vfs_read+0x18/0x16c
 => vfs_read+0x9c/0x164
 => ksys_read+0x74/0xe8
 => sys_read+0x18/0x1c
 => __sys_trace_return+0x0/0x1c
 => 0x7ef0a988
      tailscaled-545   [003] ....   437.175493: sys_exit: NR 4 = 8
      tailscaled-545   [003] ....   437.175495: sys_enter: NR 240 (2ea90d4, 80, 0, 0, 0, 0)
      tailscaled-422   [003] ....   437.175508: sys_exit: NR 162 = 0
      tailscaled-422   [003] ....   437.175513: sys_enter: NR 240 (1695bd4, 80, 0, 2c49f28, 0, 0)
      tailscaled-964   [003] ....   437.175524: sys_exit: NR 346 = 1
      tailscaled-964   [003] ....   437.175525: sys_enter: NR 3 (5, 30fb66c, 8, f670fcdc, 2, 30fb680)
      tailscaled-964   [003] ....   437.175527: __vfs_read+0x14/0x16c <-vfs_read+0x9c/0x164
      tailscaled-964   [003] ....   437.175535: <stack trace>
 => __vfs_read+0x18/0x16c
 => vfs_read+0x9c/0x164
 => ksys_read+0x74/0xe8
 => sys_read+0x18/0x1c
 => __sys_trace_return+0x0/0x1c
 => 0x30fb638
      tailscaled-964   [003] ....   437.175538: sys_exit: NR 3 = 8
 vncserver-x11-c-450   [000] ....   437.175539: sys_exit: NR 3 = 32
      tailscaled-964   [003] ....   437.175544: sys_enter: NR 346 (4, 30fb680, 80, 0, 0, 0)
      tailscaled-964   [003] ....   437.175548: sys_exit: NR 346 = 1
      tailscaled-964   [003] ....   437.175555: sys_enter: NR 240 (1695bd4, 81, 1, 0, 0, 0)
      tailscaled-964   [003] .n..   437.175561: sys_exit: NR 240 = 1
      tailscaled-422   [003] ....   437.175566: sys_exit: NR 240 = 0
      tailscaled-422   [003] ....   437.175569: sys_enter: NR 158 (101, 4, 1695b44, 1, 0, 0)
      tailscaled-422   [003] ....   437.175573: sys_exit: NR 158 = 0
      tailscaled-422   [003] ....   437.175576: sys_enter: NR 240 (2c5e328, 80, ffffffff, 0, 0, 0)
      tailscaled-964   [003] ....   437.175584: sys_enter: NR 240 (2c5e328, 81, 1, 0, 0, 0)
 vncserver-x11-c-450   [000] ....   437.175585: sys_enter: NR 3 (11, 15b3e48, 41a0, 0, 41a0, 15b3e48)
 vncserver-x11-c-450   [000] ....   437.175587: __vfs_read+0x14/0x16c <-vfs_read+0x9c/0x164
      tailscaled-964   [003] .n..   437.175589: sys_exit: NR 240 = 1
      tailscaled-422   [003] ....   437.175592: sys_exit: NR 240 = 0
 vncserver-x11-c-450   [000] ....   437.175595: <stack trace>
 => __vfs_read+0x18/0x16c
 => vfs_read+0x9c/0x164
 => ksys_read+0x74/0xe8
 => sys_read+0x18/0x1c
 => __sys_trace_return+0x0/0x1c
 => 0x7ef0a988
      tailscaled-422   [003] ....   437.175596: sys_enter: NR 162 (2c49f60, 0, 65, 14, 0, 0)
 vncserver-x11-c-450   [000] ....   437.175598: sys_exit: NR 3 = -11
      tailscaled-964   [003] ....   437.175604: sys_enter: NR 3 (c, 305605c, 10009, 0, 0, 0)
 vncserver-x11-c-450   [000] ....   437.175606: sys_enter: NR 4 (c, 1542c58, 12, 0, 12, 1542c58)
      tailscaled-964   [003] ....   437.175606: __vfs_read+0x14/0x16c <-vfs_read+0x9c/0x164
      tailscaled-964   [003] ....   437.175614: <stack trace>
 => __vfs_read+0x18/0x16c
 => vfs_read+0x9c/0x164
 => ksys_read+0x74/0xe8
 => sys_read+0x18/0x1c
 => __sys_trace_return+0x0/0x1c
 => 0x31755cc
      tailscaled-964   [003] ....   437.175621: sys_exit: NR 3 = 50
 vncserver-x11-c-450   [000] .n..   437.175630: sys_exit: NR 4 = 18
      tailscaled-964   [003] ....   437.175638: sys_enter: NR 240 (2ea90d4, 81, 1, 0, 0, 0)
      tailscaled-964   [003] ....   437.175645: sys_exit: NR 240 = 1
        vncagent-505   [000] ....   437.175649: sys_exit: NR 142 = 1
        vncagent-505   [000] ....   437.175666: sys_enter: NR 3 (d, c1dfa8, 41a0, 0, c1d358, 1)
        vncagent-505   [000] ....   437.175668: __vfs_read+0x14/0x16c <-vfs_read+0x9c/0x164
        vncagent-505   [000] ....   437.175676: <stack trace>
 => __vfs_read+0x18/0x16c
 => vfs_read+0x9c/0x164
 => ksys_read+0x74/0xe8
 => sys_read+0x18/0x1c
 => __sys_trace_return+0x0/0x1c
 => 0x7eac3fd8
      tailscaled-422   [003] ....   437.175678: sys_exit: NR 162 = 0
      tailscaled-422   [003] ....   437.175682: sys_enter: NR 162 (2c49f60, 0, 65, 14, 0, 0)
        vncagent-505   [000] ....   437.175685: sys_exit: NR 3 = 18
        vncagent-505   [000] ....   437.175700: sys_enter: NR 3 (d, c1dfa8, 41a0, 0, c1d358, 1)
        vncagent-505   [000] ....   437.175701: __vfs_read+0x14/0x16c <-vfs_read+0x9c/0x164
        vncagent-505   [000] ....   437.175710: <stack trace>
 => __vfs_read+0x18/0x16c
 => vfs_read+0x9c/0x164
 => ksys_read+0x74/0xe8
 => sys_read+0x18/0x1c
 => __sys_trace_return+0x0/0x1c
 => 0x7eac3fd8
        vncagent-505   [000] ....   437.175712: sys_exit: NR 3 = -11
        vncagent-505   [000] ....   437.175723: sys_enter: NR 297 (3, 7eac462c, 0, 0, c017a0, 1)
        vncagent-505   [000] ....   437.175728: sys_exit: NR 297 = -11
        vncagent-505   [000] ....   437.175733: sys_enter: NR 297 (3, 7eac464c, 0, 0, c017a0, 7eac4724)
        vncagent-505   [000] ....   437.175735: sys_exit: NR 297 = -11
        vncagent-505   [000] ....   437.175742: sys_enter: NR 142 (e, 7eac4630, 7eac46b0, 7eac4730, 7eac4628, 7eac46ac)
      tailscaled-422   [003] ....   437.175765: sys_exit: NR 162 = 0
      tailscaled-422   [003] ....   437.175768: sys_enter: NR 162 (2c49f60, 0, 65, 14, 0, 0)
 vncserver-x11-c-450   [000] ....   437.175775: sys_enter: NR 142 (12, 7ef0b328, 7ef0b3a8, 7ef0b428, 7ef0b320, 7ef0b3a8)
 vncserver-x11-c-450   [000] ....   437.175787: sys_exit: NR 142 = 0
 vncserver-x11-c-450   [000] ....   437.175791: sys_enter: NR 142 (12, 7ef0b328, 7ef0b3a8, 7ef0b428, 7ef0b320, 7ef0b3a8)
      tailscaled-964   [003] ....   437.175799: sys_enter: NR 3 (c, 305605c, 10009, 0, 0, 0)
      tailscaled-964   [003] ....   437.175801: __vfs_read+0x14/0x16c <-vfs_read+0x9c/0x164
      tailscaled-964   [003] ....   437.175809: <stack trace>
 => __vfs_read+0x18/0x16c
 => vfs_read+0x9c/0x164
 => ksys_read+0x74/0xe8
 => sys_read+0x18/0x1c
 => __sys_trace_return+0x0/0x1c
 => 0x31755cc
      tailscaled-964   [003] ....   437.175811: sys_exit: NR 3 = -11
      tailscaled-422   [003] ....   437.175851: sys_exit: NR 162 = 0
      tailscaled-422   [003] ....   437.175855: sys_enter: NR 162 (2c49f60, 0, 65, 14, 0, 0)
      tailscaled-964   [003] ....   437.175871: sys_enter: NR 374 (11, 5a02608, 1, 0, 0, 0)
      tailscaled-422   [003] ....   437.175962: sys_exit: NR 162 = 0
      tailscaled-422   [003] ....   437.175966: sys_enter: NR 162 (2c49f60, 0, 65, 14, 0, 0)
      tailscaled-545   [003] ....   437.175974: sys_exit: NR 240 = 0
      tailscaled-545   [003] ....   437.175980: sys_enter: NR 346 (4, 30f7680, 80, 0, 0, 0)
      tailscaled-545   [003] ....   437.175982: sys_exit: NR 346 = 0
      tailscaled-545   [003] ....   437.175999: sys_enter: NR 346 (4, 30f7680, 80, 102, 0, 0)
      tailscaled-964   [003] ....   437.176008: sys_exit: NR 374 = 1
      tailscaled-422   [003] ....   437.176051: sys_exit: NR 162 = 0
      tailscaled-422   [003] ....   437.176055: sys_enter: NR 162 (2c49f60, 0, 65, 14, 0, 0)
      tailscaled-545   [003] ....   437.176066: sys_exit: NR 346 = 1
      tailscaled-545   [003] ....   437.176073: sys_enter: NR 346 (4, 30f7680, 80, 0, 0, 0)
      tailscaled-545   [003] ....   437.176075: sys_exit: NR 346 = 0
      tailscaled-545   [003] ....   437.176085: sys_enter: NR 346 (4, 30f7680, 80, 102, 0, 0)
      tailscaled-964   [003] ....   437.176111: sys_enter: NR 240 (2c810d4, 80, 0, 0, 0, 0)
      tailscaled-422   [003] ....   437.176139: sys_exit: NR 162 = 0
      tailscaled-422   [003] ....   437.176144: sys_enter: NR 240 (1695bd4, 80, 0, 2c49f28, 0, 0)
        vncagent-505   [000] ....   437.193815: sys_exit: NR 142 = 0
        vncagent-505   [000] ....   437.193827: sys_enter: NR 168 (7eac4304, 1, ffffffff, 0, c007a0, c007a0)
        vncagent-505   [000] ....   437.193832: sys_exit: NR 168 = 1
        vncagent-505   [000] ....   437.193834: sys_enter: NR 146 (3, 7eac43fc, 3, 0, 0, c007a0)
        vncagent-505   [000] ....   437.193852: sys_exit: NR 146 = 8
        vncagent-505   [000] ....   437.193863: sys_enter: NR 168 (7eac42ec, 1, ffffffff, 0, 7eac4470, c007a0)
            Xorg-489   [002] ....   437.193868: sys_exit: NR 252 = 1
            Xorg-489   [002] ....   437.193880: sys_enter: NR 104 (0, 7efecbe4, 0, 1388, 76fed968, 1)
            Xorg-489   [002] ....   437.193884: sys_exit: NR 104 = 0
            Xorg-489   [002] ....   437.193892: sys_enter: NR 297 (12, 7efec9cc, 0, 0, 0, 7efec9cc)
            Xorg-489   [002] ....   437.193904: sys_exit: NR 297 = 8
            Xorg-489   [002] ....   437.193927: sys_enter: NR 146 (12, 7efecb54, 1, 0, 1, 7efecb54)
            Xorg-489   [002] ....   437.193939: sys_exit: NR 146 = 32
            Xorg-489   [002] ....   437.193942: sys_enter: NR 297 (12, 7efec9cc, 0, 0, 0, 7efec9cc)
            Xorg-489   [002] ....   437.193944: sys_exit: NR 297 = -11
            Xorg-489   [002] ....   437.193947: sys_enter: NR 104 (0, 7efecbe4, 0, 0, 76fed968, 212b8c)
        vncagent-505   [000] ....   437.193948: sys_exit: NR 168 = 1
            Xorg-489   [002] ....   437.193949: sys_exit: NR 104 = 0
        vncagent-505   [000] ....   437.193950: sys_enter: NR 297 (3, 7eac424c, 0, 0, c017a0, c007a0)
            Xorg-489   [002] ....   437.193954: sys_enter: NR 252 (3, 7efebbe0, 100, 1b772, 1b772, 100)
        vncagent-505   [000] ....   437.193957: sys_exit: NR 297 = 32
        vncagent-505   [000] ....   437.193976: sys_enter: NR 297 (3, 7eac462c, 0, 0, c017a0, 1)
        vncagent-505   [000] ....   437.193979: sys_exit: NR 297 = -11
        vncagent-505   [000] ....   437.193981: sys_enter: NR 297 (3, 7eac464c, 0, 0, c017a0, 7eac4724)
        vncagent-505   [000] ....   437.193983: sys_exit: NR 297 = -11
        vncagent-505   [000] ....   437.193987: sys_enter: NR 142 (e, 7eac4630, 7eac46b0, 7eac4730, 7eac4628, 7eac46ac)
        vncagent-505   [000] ....   437.294108: sys_exit: NR 142 = 0
        vncagent-505   [000] ....   437.294113: sys_enter: NR 168 (7eac4304, 1, ffffffff, 0, c007a0, c007a0)
        vncagent-505   [000] ....   437.294116: sys_exit: NR 168 = 1
        vncagent-505   [000] ....   437.294118: sys_enter: NR 146 (3, 7eac43fc, 3, 0, 0, c007a0)
        vncagent-505   [000] ....   437.294128: sys_exit: NR 146 = 8
        vncagent-505   [000] ....   437.294133: sys_enter: NR 168 (7eac42ec, 1, ffffffff, 0, 7eac4470, c007a0)
            Xorg-489   [002] ....   437.294140: sys_exit: NR 252 = 1
            Xorg-489   [002] ....   437.294144: sys_enter: NR 104 (0, 7efecbe4, 0, 1388, 76fed968, 1)
            Xorg-489   [002] ....   437.294146: sys_exit: NR 104 = 0
            Xorg-489   [002] ....   437.294150: sys_enter: NR 297 (12, 7efec9cc, 0, 0, 0, 7efec9cc)
            Xorg-489   [002] ....   437.294156: sys_exit: NR 297 = 8
            Xorg-489   [002] ....   437.294166: sys_enter: NR 146 (12, 7efecb54, 1, 0, 1, 7efecb54)
            Xorg-489   [002] ....   437.294176: sys_exit: NR 146 = 32
            Xorg-489   [002] ....   437.294178: sys_enter: NR 297 (12, 7efec9cc, 0, 0, 0, 7efec9cc)
            Xorg-489   [002] ....   437.294180: sys_exit: NR 297 = -11
            Xorg-489   [002] ....   437.294182: sys_enter: NR 104 (0, 7efecbe4, 0, 0, 76fed968, 212b8c)
            Xorg-489   [002] ....   437.294184: sys_exit: NR 104 = 0
        vncagent-505   [000] ....   437.294185: sys_exit: NR 168 = 1
        vncagent-505   [000] ....   437.294187: sys_enter: NR 297 (3, 7eac424c, 0, 0, c017a0, c007a0)
            Xorg-489   [002] ....   437.294187: sys_enter: NR 252 (3, 7efebbe0, 100, 1b70e, 1b70e, 100)
        vncagent-505   [000] ....   437.294194: sys_exit: NR 297 = 32
        vncagent-505   [000] ....   437.294204: sys_enter: NR 297 (3, 7eac462c, 0, 0, c017a0, 1)
        vncagent-505   [000] ....   437.294207: sys_exit: NR 297 = -11
        vncagent-505   [000] ....   437.294209: sys_enter: NR 297 (3, 7eac464c, 0, 0, c017a0, 7eac4724)
        vncagent-505   [000] ....   437.294211: sys_exit: NR 297 = -11
        vncagent-505   [000] ....   437.294214: sys_enter: NR 142 (e, 7eac4630, 7eac46b0, 7eac4730, 7eac4628, 7eac46ac)
        vncagent-505   [000] ....   437.394334: sys_exit: NR 142 = 0
        vncagent-505   [000] ....   437.394338: sys_enter: NR 168 (7eac4304, 1, ffffffff, 0, c007a0, c007a0)
        vncagent-505   [000] ....   437.394341: sys_exit: NR 168 = 1
        vncagent-505   [000] ....   437.394342: sys_enter: NR 146 (3, 7eac43fc, 3, 0, 0, c007a0)
        vncagent-505   [000] ....   437.394351: sys_exit: NR 146 = 8
        vncagent-505   [000] ....   437.394355: sys_enter: NR 168 (7eac42ec, 1, ffffffff, 0, 7eac4470, c007a0)
            Xorg-489   [002] ....   437.394363: sys_exit: NR 252 = 1
            Xorg-489   [002] ....   437.394367: sys_enter: NR 104 (0, 7efecbe4, 0, 1388, 76fed968, 1)
            Xorg-489   [002] ....   437.394369: sys_exit: NR 104 = 0
            Xorg-489   [002] ....   437.394371: sys_enter: NR 297 (12, 7efec9cc, 0, 0, 0, 7efec9cc)
            Xorg-489   [002] ....   437.394378: sys_exit: NR 297 = 8
            Xorg-489   [002] ....   437.394385: sys_enter: NR 146 (12, 7efecb54, 1, 0, 1, 7efecb54)
            Xorg-489   [002] ....   437.394393: sys_exit: NR 146 = 32
            Xorg-489   [002] ....   437.394395: sys_enter: NR 297 (12, 7efec9cc, 0, 0, 0, 7efec9cc)
            Xorg-489   [002] ....   437.394397: sys_exit: NR 297 = -11
            Xorg-489   [002] ....   437.394399: sys_enter: NR 104 (0, 7efecbe4, 0, 0, 76fed968, 212b8c)
            Xorg-489   [002] ....   437.394401: sys_exit: NR 104 = 0
        vncagent-505   [000] ....   437.394402: sys_exit: NR 168 = 1
            Xorg-489   [002] ....   437.394403: sys_enter: NR 252 (3, 7efebbe0, 100, 1b6aa, 1b6aa, 100)
        vncagent-505   [000] ....   437.394403: sys_enter: NR 297 (3, 7eac424c, 0, 0, c017a0, c007a0)
        vncagent-505   [000] ....   437.394410: sys_exit: NR 297 = 32
        vncagent-505   [000] ....   437.394419: sys_enter: NR 297 (3, 7eac462c, 0, 0, c017a0, 1)
        vncagent-505   [000] ....   437.394421: sys_exit: NR 297 = -11
        vncagent-505   [000] ....   437.394423: sys_enter: NR 297 (3, 7eac464c, 0, 0, c017a0, 7eac4724)
        vncagent-505   [000] ....   437.394425: sys_exit: NR 297 = -11
        vncagent-505   [000] ....   437.394428: sys_enter: NR 142 (e, 7eac4630, 7eac46b0, 7eac4730, 7eac4628, 7eac46ac)
 systemd-journal-118   [003] ....   437.414454: sys_exit: NR 252 = 1
 systemd-journal-118   [003] ....   437.414479: sys_enter: NR 263 (7, 7eab04a4, 6e77fe6, 7edf0450, 7eab04a4, 7)
 systemd-journal-118   [003] ....   437.414484: sys_exit: NR 263 = 0
 systemd-journal-118   [003] ....   437.414489: sys_enter: NR 3 (e, 7eab04b0, 8, 0, 76ff6968, 2025930)
 systemd-journal-118   [003] ....   437.414492: __vfs_read+0x14/0x16c <-vfs_read+0x9c/0x164
 systemd-journal-118   [003] ....   437.414507: <stack trace>
 => __vfs_read+0x18/0x16c
 => vfs_read+0x9c/0x164
 => ksys_read+0x74/0xe8
 => sys_read+0x18/0x1c
 => __sys_trace_return+0x0/0x1c
 => 0x7eab0490
 systemd-journal-118   [003] ....   437.414510: sys_exit: NR 3 = 8
 systemd-journal-118   [003] ....   437.414536: sys_enter: NR 194 (f, 0, 5ca000, 0, 2029058, 3)
 systemd-journal-118   [003] ....   437.414552: sys_exit: NR 194 = 0
 systemd-journal-118   [003] ....   437.414571: sys_enter: NR 353 (e, 1, 7eab07a4, 0, 7eab07a4, 2025920)
 systemd-journal-118   [003] ....   437.414577: sys_exit: NR 353 = 0
 systemd-journal-118   [003] ....   437.414586: sys_enter: NR 252 (7, 7eab04d8, 26, ffffffff, 20258c8, 1)
      tailscaled-545   [003] ....   437.434362: sys_exit: NR 346 = 0
      tailscaled-545   [003] ....   437.434378: sys_enter: NR 346 (4, 30f7680, 80, 0, 0, 0)
      tailscaled-545   [003] ....   437.434380: sys_exit: NR 346 = 0
      tailscaled-545   [003] ....   437.434395: sys_enter: NR 346 (4, 30f7680, 80, 1, 0, 0)
      tailscaled-422   [003] ....   437.434649: sys_exit: NR 240 = -110
      tailscaled-422   [003] ....   437.434656: sys_enter: NR 162 (2c49f60, 0, 65, 14, 0, 0)
      tailscaled-422   [003] ....   437.434739: sys_exit: NR 162 = 0
      tailscaled-422   [003] ....   437.434744: sys_enter: NR 162 (2c49f60, 0, 65, 14, 0, 0)
      tailscaled-422   [003] ....   437.434826: sys_exit: NR 162 = 0
      tailscaled-422   [003] ....   437.434830: sys_enter: NR 162 (2c49f60, 0, 65, 14, 0, 0)
      tailscaled-422   [003] ....   437.434912: sys_exit: NR 162 = 0
      tailscaled-422   [003] ....   437.434917: sys_enter: NR 162 (2c49f60, 0, 65, 14, 0, 0)
      tailscaled-422   [003] ....   437.434998: sys_exit: NR 162 = 0
      tailscaled-422   [003] ....   437.435003: sys_enter: NR 162 (2c49f60, 0, 65, 14, 0, 0)
      tailscaled-422   [003] ....   437.435084: sys_exit: NR 162 = 0
      tailscaled-422   [003] ....   437.435089: sys_enter: NR 162 (2c49f60, 0, 65, 14, 0, 0)
      tailscaled-422   [003] ....   437.435170: sys_exit: NR 162 = 0
      tailscaled-422   [003] ....   437.435175: sys_enter: NR 162 (2c49f60, 0, 65, 14, 0, 0)
      tailscaled-422   [003] ....   437.435256: sys_exit: NR 162 = 0
      tailscaled-422   [003] ....   437.435261: sys_enter: NR 162 (2c49f60, 0, 65, 14, 0, 0)
      tailscaled-422   [003] ....   437.435343: sys_exit: NR 162 = 0
      tailscaled-422   [003] ....   437.435347: sys_enter: NR 162 (2c49f60, 0, 65, 14, 0, 0)
      tailscaled-422   [003] ....   437.435433: sys_exit: NR 162 = 0
      tailscaled-422   [003] ....   437.435438: sys_enter: NR 162 (2c49f60, 0, 65, 14, 0, 0)
      tailscaled-545   [003] ....   437.435446: sys_exit: NR 346 = 0
      tailscaled-545   [003] ....   437.435452: sys_enter: NR 346 (4, 30f7680, 80, 0, 0, 0)
      tailscaled-545   [003] ....   437.435453: sys_exit: NR 346 = 0
      tailscaled-545   [003] ....   437.435481: sys_enter: NR 240 (2c810d4, 81, 1, 0, 0, 0)
      tailscaled-545   [003] ....   437.435490: sys_exit: NR 240 = 1
      tailscaled-422   [003] ....   437.435521: sys_exit: NR 162 = 0
      tailscaled-422   [003] ....   437.435525: sys_enter: NR 20 (17, 2c463a0, 2ea9214, 0, fffffade, 1)
      tailscaled-422   [003] ....   437.435527: sys_exit: NR 20 = 366
      tailscaled-422   [003] ....   437.435528: sys_enter: NR 268 (16e, 221, 17, 0, fffffade, 1)
      tailscaled-422   [003] ....   437.435540: sys_exit: NR 268 = 0
      tailscaled-422   [003] ....   437.435542: sys_enter: NR 162 (2c49f60, 0, 65, 14, 0, 0)
      tailscaled-964   [003] ....   437.435550: sys_exit: NR 240 = 0
      tailscaled-964   [003] ....   437.435557: sys_enter: NR 346 (4, 30fb680, 80, 0, 0, 0)
      tailscaled-964   [003] ....   437.435560: sys_exit: NR 346 = 0
      tailscaled-964   [003] ....   437.435572: sys_enter: NR 346 (4, 30fb680, 80, 49, 0, 0)
      tailscaled-545   [003] ....   437.435607: sys_enter: NR 173 (0, 17, 17, 1, 1, 1)
      tailscaled-545   [003] ....   437.435612: sys_exit: NR 173 = 49814592
      tailscaled-422   [003] ....   437.435624: sys_exit: NR 162 = 0
      tailscaled-422   [003] ....   437.435627: sys_enter: NR 20 (17, 2c463a0, 2ea9214, 0, fffffade, 1)
      tailscaled-422   [003] ....   437.435628: sys_exit: NR 20 = 366
      tailscaled-422   [003] ....   437.435629: sys_enter: NR 268 (16e, 221, 17, 0, fffffade, 1)
      tailscaled-422   [003] ....   437.435633: sys_exit: NR 268 = 0
      tailscaled-422   [003] ....   437.435635: sys_enter: NR 162 (2c49f60, 0, 65, 14, 0, 0)
      tailscaled-545   [003] ....   437.435649: sys_enter: NR 173 (0, 17, 17, 1, 30aa7e8, 0)
      tailscaled-545   [003] ....   437.435651: sys_exit: NR 173 = 0
      tailscaled-545   [003] ....   437.435666: sys_enter: NR 240 (2ea90d4, 80, 0, 0, 0, 0)
      tailscaled-422   [003] ....   437.435718: sys_exit: NR 162 = 0
      tailscaled-422   [003] ....   437.435723: sys_enter: NR 240 (1695bd4, 80, 0, 2c49f28, 0, 0)
      tailscaled-964   [003] ....   437.464820: sys_exit: NR 346 = 1
      tailscaled-964   [003] ....   437.464838: sys_enter: NR 240 (1695bd4, 81, 1, 0, 0, 0)
      tailscaled-964   [003] .n..   437.464845: sys_exit: NR 240 = 1
      tailscaled-422   [003] ....   437.464850: sys_exit: NR 240 = 0
      tailscaled-422   [003] ....   437.464853: sys_enter: NR 158 (101, 4, 1695b44, 1, 0, 0)
      tailscaled-422   [003] ....   437.464856: sys_exit: NR 158 = 0
      tailscaled-422   [003] ....   437.464860: sys_enter: NR 240 (2c5e328, 80, ffffffff, 0, 0, 0)
      tailscaled-964   [003] ....   437.464869: sys_enter: NR 240 (2c5e328, 81, 1, 0, 0, 0)
      tailscaled-964   [003] .n..   437.464875: sys_exit: NR 240 = 1
      tailscaled-422   [003] ....   437.464878: sys_exit: NR 240 = 0
      tailscaled-422   [003] ....   437.464883: sys_enter: NR 162 (2c49f60, 0, 65, 14, 0, 0)
      tailscaled-964   [003] ....   437.464890: sys_enter: NR 365 (11, 5a00008, 80, 0, 0, 0)
      tailscaled-964   [003] ....   437.464909: sys_exit: NR 365 = 1
      tailscaled-422   [003] ....   437.464965: sys_exit: NR 162 = 0
      tailscaled-422   [003] ....   437.464968: sys_enter: NR 162 (2c49f60, 0, 65, 14, 0, 0)
      tailscaled-422   [003] ....   437.465050: sys_exit: NR 162 = 0
      tailscaled-422   [003] ....   437.465054: sys_enter: NR 162 (2c49f60, 0, 65, 14, 0, 0)
      tailscaled-964   [003] ....   437.465077: sys_enter: NR 240 (2ea90d4, 81, 1, 0, 0, 0)
      tailscaled-964   [003] ....   437.465083: sys_exit: NR 240 = 1
      tailscaled-422   [003] ....   437.465135: sys_exit: NR 162 = 0
      tailscaled-422   [003] ....   437.465139: sys_enter: NR 162 (2c49f60, 0, 65, 14, 0, 0)
      tailscaled-545   [003] ....   437.465146: sys_exit: NR 240 = 0
      tailscaled-545   [003] ....   437.465152: sys_enter: NR 346 (4, 30f7680, 80, 0, 0, 0)
      tailscaled-545   [003] ....   437.465154: sys_exit: NR 346 = 0
      tailscaled-545   [003] ....   437.465160: sys_enter: NR 162 (30f7dcc, 0, 5db5b08, 3, 65, 0)
      tailscaled-964   [003] ....   437.465168: sys_enter: NR 365 (11, 5a02608, 80, 0, 0, 0)
      tailscaled-964   [003] ....   437.465172: sys_exit: NR 365 = -11
      tailscaled-964   [003] ....   437.465200: sys_enter: NR 384 (5bda798, 18, 0, 0, 0, 0)
      tailscaled-964   [003] ....   437.465206: sys_exit: NR 384 = 24
      tailscaled-422   [003] ....   437.465224: sys_exit: NR 162 = 0
      tailscaled-422   [003] ....   437.465228: sys_enter: NR 162 (2c49f60, 0, 65, 14, 0, 0)
      tailscaled-545   [003] ....   437.465235: sys_exit: NR 162 = 0
      tailscaled-545   [003] ....   437.465243: sys_enter: NR 346 (4, 30f7680, 80, 2b, 0, 0)
      tailscaled-964   [003] ....   437.465270: sys_enter: NR 290 (11, 5cc7600, 6e, 0, 2d19a00, 10)
      tailscaled-964   [003] .n..   437.465359: sys_exit: NR 290 = 110
      tailscaled-422   [003] ....   437.465363: sys_exit: NR 162 = 0
      tailscaled-422   [003] ....   437.465367: sys_enter: NR 162 (2c49f60, 0, 65, 14, 0, 0)
      tailscaled-964   [003] ....   437.465395: sys_enter: NR 240 (2c810d4, 80, 0, 0, 0, 0)
      tailscaled-545   [003] ....   437.465431: sys_exit: NR 346 = 1
      tailscaled-545   [003] .n..   437.465446: sys_enter: NR 346 (4, 30f7680, 80, 0, 0, 0)
      tailscaled-545   [003] .n..   437.465448: sys_exit: NR 346 = 0
      tailscaled-422   [003] ....   437.465452: sys_exit: NR 162 = 0
      tailscaled-422   [003] ....   437.465455: sys_enter: NR 162 (2c49f60, 0, 65, 14, 0, 0)
      tailscaled-545   [003] ....   437.465471: sys_enter: NR 346 (4, 30f7680, 80, 2b, 0, 0)
      tailscaled-422   [003] ....   437.465539: sys_exit: NR 162 = 0
      tailscaled-422   [003] ....   437.465544: sys_enter: NR 240 (1695bd4, 80, 0, 2c49f28, 0, 0)
        vncagent-505   [000] ....   437.494555: sys_exit: NR 142 = 0
        vncagent-505   [000] ....   437.494568: sys_enter: NR 168 (7eac4304, 1, ffffffff, 0, c007a0, c007a0)
        vncagent-505   [000] ....   437.494571: sys_exit: NR 168 = 1
        vncagent-505   [000] ....   437.494573: sys_enter: NR 146 (3, 7eac43fc, 3, 0, 0, c007a0)
        vncagent-505   [000] ....   437.494590: sys_exit: NR 146 = 8
        vncagent-505   [000] ....   437.494600: sys_enter: NR 168 (7eac42ec, 1, ffffffff, 0, 7eac4470, c007a0)
            Xorg-489   [002] ....   437.494601: sys_exit: NR 252 = 1
            Xorg-489   [002] ....   437.494609: sys_enter: NR 104 (0, 7efecbe4, 0, 1388, 76fed968, 1)
            Xorg-489   [002] ....   437.494612: sys_exit: NR 104 = 0
            Xorg-489   [002] ....   437.494618: sys_enter: NR 297 (12, 7efec9cc, 0, 0, 0, 7efec9cc)
            Xorg-489   [002] ....   437.494628: sys_exit: NR 297 = 8
            Xorg-489   [002] ....   437.494644: sys_enter: NR 146 (12, 7efecb54, 1, 0, 1, 7efecb54)
            Xorg-489   [002] ....   437.494653: sys_exit: NR 146 = 32
            Xorg-489   [002] ....   437.494656: sys_enter: NR 297 (12, 7efec9cc, 0, 0, 0, 7efec9cc)
            Xorg-489   [002] ....   437.494658: sys_exit: NR 297 = -11
            Xorg-489   [002] ....   437.494661: sys_enter: NR 104 (0, 7efecbe4, 0, 0, 76fed968, 212b8c)
        vncagent-505   [000] ....   437.494662: sys_exit: NR 168 = 1
            Xorg-489   [002] ....   437.494663: sys_exit: NR 104 = 0
        vncagent-505   [000] ....   437.494665: sys_enter: NR 297 (3, 7eac424c, 0, 0, c017a0, c007a0)
            Xorg-489   [002] ....   437.494668: sys_enter: NR 252 (3, 7efebbe0, 100, 1b645, 1b645, 100)
        vncagent-505   [000] ....   437.494671: sys_exit: NR 297 = 32
        vncagent-505   [000] ....   437.494690: sys_enter: NR 297 (3, 7eac462c, 0, 0, c017a0, 1)
        vncagent-505   [000] ....   437.494692: sys_exit: NR 297 = -11
        vncagent-505   [000] ....   437.494695: sys_enter: NR 297 (3, 7eac464c, 0, 0, c017a0, 7eac4724)
        vncagent-505   [000] ....   437.494697: sys_exit: NR 297 = -11
        vncagent-505   [000] ....   437.494702: sys_enter: NR 142 (e, 7eac4630, 7eac46b0, 7eac4730, 7eac4628, 7eac46ac)
      tailscaled-545   [003] ....   437.508536: sys_exit: NR 346 = 0
      tailscaled-545   [003] ....   437.508543: sys_enter: NR 346 (4, 30f7680, 80, 0, 0, 0)
      tailscaled-545   [003] ....   437.508545: sys_exit: NR 346 = 0
      tailscaled-545   [003] ....   437.508555: sys_enter: NR 346 (4, 30f7680, 80, 1, 0, 0)
      tailscaled-422   [003] ....   437.508671: sys_exit: NR 240 = -110
      tailscaled-422   [003] ....   437.508690: sys_enter: NR 242 (0, 2000, 2c47f34, 3, 1, 1)
      tailscaled-422   [003] ....   437.508692: sys_exit: NR 242 = 4
      tailscaled-422   [003] ....   437.508695: sys_enter: NR 162 (2c49f60, 0, 65, 14, 0, 0)
      tailscaled-422   [003] ....   437.508777: sys_exit: NR 162 = 0
      tailscaled-422   [003] ....   437.508782: sys_enter: NR 162 (2c49f60, 0, 65, 14, 0, 0)
      tailscaled-422   [003] ....   437.508864: sys_exit: NR 162 = 0
      tailscaled-422   [003] ....   437.508868: sys_enter: NR 162 (2c49f60, 0, 65, 14, 0, 0)
      tailscaled-422   [003] ....   437.508951: sys_exit: NR 162 = 0
      tailscaled-422   [003] ....   437.508955: sys_enter: NR 162 (2c49f60, 0, 65, 14, 0, 0)
      tailscaled-422   [003] ....   437.509037: sys_exit: NR 162 = 0
      tailscaled-422   [003] ....   437.509041: sys_enter: NR 162 (2c49f60, 0, 65, 14, 0, 0)
      tailscaled-422   [003] ....   437.509123: sys_exit: NR 162 = 0
      tailscaled-422   [003] ....   437.509127: sys_enter: NR 162 (2c49f60, 0, 65, 14, 0, 0)
      tailscaled-422   [003] ....   437.509209: sys_exit: NR 162 = 0
      tailscaled-422   [003] ....   437.509214: sys_enter: NR 162 (2c49f60, 0, 65, 14, 0, 0)
      tailscaled-422   [003] ....   437.509295: sys_exit: NR 162 = 0
      tailscaled-422   [003] ....   437.509299: sys_enter: NR 162 (2c49f60, 0, 65, 14, 0, 0)
      tailscaled-422   [003] ....   437.509381: sys_exit: NR 162 = 0
      tailscaled-422   [003] ....   437.509385: sys_enter: NR 162 (2c49f60, 0, 65, 14, 0, 0)
      tailscaled-422   [003] ....   437.509467: sys_exit: NR 162 = 0
      tailscaled-422   [003] ....   437.509471: sys_enter: NR 162 (2c49f60, 0, 65, 14, 0, 0)
      tailscaled-422   [003] ....   437.509553: sys_exit: NR 162 = 0
      tailscaled-422   [003] ....   437.509557: sys_enter: NR 162 (2c49f60, 0, 65, 14, 0, 0)
      tailscaled-422   [003] ....   437.509620: sys_exit: NR 162 = 0
      tailscaled-422   [003] ....   437.509624: sys_enter: NR 162 (2c49f60, 0, 65, 14, 0, 0)
      tailscaled-545   [003] ....   437.509631: sys_exit: NR 346 = 0
      tailscaled-545   [003] ....   437.509637: sys_enter: NR 346 (4, 30f7680, 80, 0, 0, 0)
      tailscaled-545   [003] ....   437.509639: sys_exit: NR 346 = 0
      tailscaled-545   [003] ....   437.509664: sys_enter: NR 240 (2c810d4, 81, 1, 0, 0, 0)
      tailscaled-545   [003] ....   437.509670: sys_exit: NR 240 = 1
      tailscaled-545   [003] ....   437.509687: sys_enter: NR 4 (c, 169de28, 0, 0, 0, 0)
      tailscaled-545   [003] ....   437.509692: sys_exit: NR 4 = -22
      tailscaled-422   [003] ....   437.509706: sys_exit: NR 162 = 0
      tailscaled-422   [003] ....   437.509709: sys_enter: NR 20 (17, 2c463a0, 2ea9214, 0, fffffade, 1)
      tailscaled-422   [003] ....   437.509711: sys_exit: NR 20 = 366
      tailscaled-422   [003] ....   437.509712: sys_enter: NR 268 (16e, 221, 17, 0, fffffade, 1)
      tailscaled-422   [003] ....   437.509722: sys_exit: NR 268 = 0
      tailscaled-422   [003] ....   437.509724: sys_enter: NR 162 (2c49f60, 0, 65, 14, 0, 0)
      tailscaled-545   [003] ....   437.509754: sys_enter: NR 173 (0, 17, 17, 1, 0, 0)
      tailscaled-545   [003] ....   437.509758: sys_exit: NR 173 = 0
      tailscaled-545   [003] ....   437.509794: sys_enter: NR 346 (4, 30f7680, 80, 0, 0, 0)
      tailscaled-545   [003] .n..   437.509803: sys_exit: NR 346 = 0
      tailscaled-422   [003] ....   437.509807: sys_exit: NR 162 = 0
      tailscaled-422   [003] ....   437.509811: sys_enter: NR 162 (2c49f60, 0, 65, 14, 0, 0)
      tailscaled-545   [003] ....   437.509821: sys_enter: NR 346 (4, 30f7680, 80, 42, 0, 0)
      tailscaled-964   [003] ....   437.509829: sys_exit: NR 240 = 0
      tailscaled-964   [003] ....   437.509842: sys_enter: NR 240 (2c810d4, 80, 0, 0, 0, 0)
      tailscaled-422   [003] ....   437.509894: sys_exit: NR 162 = 0
      tailscaled-422   [003] ....   437.509899: sys_enter: NR 240 (1695bd4, 80, 0, 2c49f28, 0, 0)
  wpa_supplicant-466   [001] ....   437.513142: sys_exit: NR 142 = 1
  wpa_supplicant-466   [001] ....   437.513147: sys_enter: NR 263 (7, 7ee40b1c, 5e0ffbe4, 7ef1c450, 7ee40b1c, 7)
  wpa_supplicant-466   [001] ....   437.513151: sys_exit: NR 263 = 0
  wpa_supplicant-466   [001] ....   437.513164: sys_enter: NR 297 (5, 7ee40a38, 22, 0, 22, 1055e20)
  wpa_supplicant-466   [001] ....   437.513173: sys_exit: NR 297 = 296
  wpa_supplicant-466   [001] ....   437.513175: sys_enter: NR 297 (5, 7ee40a38, 0, 0, 0, 1055e20)
  wpa_supplicant-466   [001] ....   437.513180: sys_exit: NR 297 = 296
  wpa_supplicant-466   [001] ....   437.513216: sys_enter: NR 295 (d, 1, 7, 7ee3fe3c, 7ee3fe38, d)
  wpa_supplicant-466   [001] ....   437.513219: sys_exit: NR 295 = 0
  wpa_supplicant-466   [001] ....   437.513223: sys_enter: NR 54 (d, 5411, 7ee3fe40, 7ee3fe3c, 2424a0, d)
  wpa_supplicant-466   [001] ....   437.513226: sys_exit: NR 54 = 0
  wpa_supplicant-466   [001] ....   437.513254: sys_enter: NR 295 (d, 1, 7, 7ee3fae4, 7ee3fae0, d)
  wpa_supplicant-466   [001] ....   437.513255: sys_exit: NR 295 = 0
  wpa_supplicant-466   [001] ....   437.513256: sys_enter: NR 54 (d, 5411, 7ee3fae8, 7ee3fae4, 2424a0, d)
  wpa_supplicant-466   [001] ....   437.513257: sys_exit: NR 54 = 0
  wpa_supplicant-466   [001] ....   437.513261: sys_enter: NR 263 (7, 7ee3fbd4, 5e0ffbe4, 7ef1c450, 7ee3fbd4, 7)
  wpa_supplicant-466   [001] ....   437.513263: sys_exit: NR 263 = 0
  wpa_supplicant-466   [001] ....   437.513270: sys_enter: NR 295 (d, 1, 7, 7ee3fae4, 7ee3fae0, d)
  wpa_supplicant-466   [001] ....   437.513271: sys_exit: NR 295 = 0
  wpa_supplicant-466   [001] ....   437.513272: sys_enter: NR 54 (d, 5411, 7ee3fae8, 7ee3fae4, 2424a0, d)
  wpa_supplicant-466   [001] ....   437.513273: sys_exit: NR 54 = 0
  wpa_supplicant-466   [001] ....   437.513293: sys_enter: NR 294 (4, 10e, b, 7ee3f960, 4, 1055210)
  wpa_supplicant-466   [001] ....   437.513296: sys_exit: NR 294 = 0
  wpa_supplicant-466   [001] ....   437.513301: sys_enter: NR 296 (4, 7ee3f8e8, 0, 0, 1055210, 107d160)
  wpa_supplicant-466   [001] ....   437.513382: sys_exit: NR 296 = 28
  wpa_supplicant-466   [001] ....   437.513387: sys_enter: NR 297 (4, 7ee3f868, 22, 0, 22, 1055210)
  wpa_supplicant-466   [001] ....   437.513417: sys_exit: NR 297 = 7620
  wpa_supplicant-466   [001] ....   437.513419: sys_enter: NR 297 (4, 7ee3f868, 0, 0, 0, 1055210)
  wpa_supplicant-466   [001] ....   437.513435: sys_exit: NR 297 = 7620
  wpa_supplicant-466   [001] ....   437.513448: sys_enter: NR 263 (7, 7ee3f3d4, 5e0ffbe4, 7ef1c450, 7ee3f3d4, 7)
  wpa_supplicant-466   [001] ....   437.513451: sys_exit: NR 263 = 0
  wpa_supplicant-466   [001] ....   437.513462: sys_enter: NR 263 (7, 7ee3f3d4, 5e0ffbe4, 7ef1c450, 7ee3f3d4, 7)
  wpa_supplicant-466   [001] ....   437.513464: sys_exit: NR 263 = 0
  wpa_supplicant-466   [001] ....   437.513472: sys_enter: NR 263 (7, 7ee3f3d4, 5e0ffbe4, 7ef1c450, 7ee3f3d4, 7)
  wpa_supplicant-466   [001] ....   437.513474: sys_exit: NR 263 = 0
  wpa_supplicant-466   [001] ....   437.513480: sys_enter: NR 263 (7, 7ee3f3d4, 5e0ffbe4, 7ef1c450, 7ee3f3d4, 7)
  wpa_supplicant-466   [001] ....   437.513482: sys_exit: NR 263 = 0
  wpa_supplicant-466   [001] ....   437.513489: sys_enter: NR 263 (7, 7ee3f3d4, 5e0ffbe4, 7ef1c450, 7ee3f3d4, 7)
  wpa_supplicant-466   [001] ....   437.513490: sys_exit: NR 263 = 0
  wpa_supplicant-466   [001] ....   437.513497: sys_enter: NR 263 (7, 7ee3f3d4, 5e0ffbe4, 7ef1c450, 7ee3f3d4, 7)
  wpa_supplicant-466   [001] ....   437.513498: sys_exit: NR 263 = 0
  wpa_supplicant-466   [001] ....   437.513505: sys_enter: NR 263 (7, 7ee3f3d4, 5e0ffbe4, 7ef1c450, 7ee3f3d4, 7)
  wpa_supplicant-466   [001] ....   437.513506: sys_exit: NR 263 = 0
  wpa_supplicant-466   [001] ....   437.513513: sys_enter: NR 263 (7, 7ee3f3d4, 5e0ffbe4, 7ef1c450, 7ee3f3d4, 7)
  wpa_supplicant-466   [001] ....   437.513514: sys_exit: NR 263 = 0
  wpa_supplicant-466   [001] ....   437.513521: sys_enter: NR 263 (7, 7ee3f3d4, 5e0ffbe4, 7ef1c450, 7ee3f3d4, 7)
  wpa_supplicant-466   [001] ....   437.513523: sys_exit: NR 263 = 0
  wpa_supplicant-466   [001] ....   437.513529: sys_enter: NR 263 (7, 7ee3f3d4, 5e0ffbe4, 7ef1c450, 7ee3f3d4, 7)
  wpa_supplicant-466   [001] ....   437.513531: sys_exit: NR 263 = 0
  wpa_supplicant-466   [001] ....   437.513538: sys_enter: NR 263 (7, 7ee3f3d4, 5e0ffbe4, 7ef1c450, 7ee3f3d4, 7)
  wpa_supplicant-466   [001] ....   437.513540: sys_exit: NR 263 = 0
  wpa_supplicant-466   [001] ....   437.513546: sys_enter: NR 263 (7, 7ee3f3d4, 5e0ffbe4, 7ef1c450, 7ee3f3d4, 7)
  wpa_supplicant-466   [001] ....   437.513547: sys_exit: NR 263 = 0
  wpa_supplicant-466   [001] ....   437.513556: sys_enter: NR 263 (7, 7ee3f3d4, 5e0ffbe4, 7ef1c450, 7ee3f3d4, 7)
  wpa_supplicant-466   [001] ....   437.513557: sys_exit: NR 263 = 0
  wpa_supplicant-466   [001] ....   437.513564: sys_enter: NR 263 (7, 7ee3f3d4, 5e0ffbe4, 7ef1c450, 7ee3f3d4, 7)
  wpa_supplicant-466   [001] ....   437.513565: sys_exit: NR 263 = 0
  wpa_supplicant-466   [001] ....   437.513572: sys_enter: NR 263 (7, 7ee3f3d4, 5e0ffbe4, 7ef1c450, 7ee3f3d4, 7)
  wpa_supplicant-466   [001] ....   437.513573: sys_exit: NR 263 = 0
  wpa_supplicant-466   [001] ....   437.513580: sys_enter: NR 263 (7, 7ee3f3d4, 5e0ffbe4, 7ef1c450, 7ee3f3d4, 7)
  wpa_supplicant-466   [001] ....   437.513582: sys_exit: NR 263 = 0
  wpa_supplicant-466   [001] ....   437.513588: sys_enter: NR 263 (7, 7ee3f3d4, 5e0ffbe4, 7ef1c450, 7ee3f3d4, 7)
  wpa_supplicant-466   [001] ....   437.513590: sys_exit: NR 263 = 0
  wpa_supplicant-466   [001] ....   437.513596: sys_enter: NR 263 (7, 7ee3f3d4, 5e0ffbe4, 7ef1c450, 7ee3f3d4, 7)
  wpa_supplicant-466   [001] ....   437.513597: sys_exit: NR 263 = 0
  wpa_supplicant-466   [001] ....   437.513602: sys_enter: NR 297 (4, 7ee3f868, 22, 0, 22, 1055210)
  wpa_supplicant-466   [001] ....   437.513606: sys_exit: NR 297 = 20
  wpa_supplicant-466   [001] ....   437.513607: sys_enter: NR 297 (4, 7ee3f868, 0, 0, 0, 1055210)
  wpa_supplicant-466   [001] ....   437.513612: sys_exit: NR 297 = 20
  wpa_supplicant-466   [001] ....   437.513623: sys_enter: NR 294 (4, 10e, b, 7ee3f960, 4, 1055210)
  wpa_supplicant-466   [001] ....   437.513625: sys_exit: NR 294 = 0
  wpa_supplicant-466   [001] ....   437.513627: sys_enter: NR 296 (4, 7ee3f8e8, 0, 0, 1055210, 107d160)
  wpa_supplicant-466   [001] ....   437.513640: sys_exit: NR 296 = 28
  wpa_supplicant-466   [001] ....   437.513642: sys_enter: NR 297 (4, 7ee3f868, 22, 0, 22, 1055210)
  wpa_supplicant-466   [001] ....   437.513646: sys_exit: NR 297 = 20
  wpa_supplicant-466   [001] ....   437.513647: sys_enter: NR 297 (4, 7ee3f868, 0, 0, 0, 1055210)
  wpa_supplicant-466   [001] ....   437.513651: sys_exit: NR 297 = 20
  wpa_supplicant-466   [001] ....   437.513660: sys_enter: NR 263 (7, 7ee3fafc, 5e0ffbe4, 7ef1c450, 7ee3fafc, 7)
  wpa_supplicant-466   [001] ....   437.513661: sys_exit: NR 263 = 0
  wpa_supplicant-466   [001] ....   437.513726: sys_enter: NR 295 (d, 1, 7, 7ee3fa04, 7ee3fa00, d)
  wpa_supplicant-466   [001] ....   437.513728: sys_exit: NR 295 = 0
  wpa_supplicant-466   [001] ....   437.513729: sys_enter: NR 54 (d, 5411, 7ee3fa08, 7ee3fa04, 2424a0, d)
  wpa_supplicant-466   [001] ....   437.513730: sys_exit: NR 54 = 0
  wpa_supplicant-466   [001] ....   437.513820: sys_enter: NR 295 (d, 1, 7, 7ee3f9b4, 7ee3f9b0, d)
  wpa_supplicant-466   [001] ....   437.513821: sys_exit: NR 295 = 0
  wpa_supplicant-466   [001] ....   437.513823: sys_enter: NR 54 (d, 5411, 7ee3f9b8, 7ee3f9b4, 2424a0, d)
  wpa_supplicant-466   [001] ....   437.513824: sys_exit: NR 54 = 0
  wpa_supplicant-466   [001] ....   437.513835: sys_enter: NR 295 (d, 1, 7, 7ee3fa0c, 7ee3fa08, d)
  wpa_supplicant-466   [001] ....   437.513836: sys_exit: NR 295 = 0
  wpa_supplicant-466   [001] ....   437.513837: sys_enter: NR 54 (d, 5411, 7ee3fa10, 7ee3fa0c, 2424a0, d)
  wpa_supplicant-466   [001] ....   437.513838: sys_exit: NR 54 = 0
  wpa_supplicant-466   [001] ....   437.513841: sys_enter: NR 295 (d, 1, 7, 7ee3f89c, 7ee3f898, 2424a0)
  wpa_supplicant-466   [001] ....   437.513842: sys_exit: NR 295 = 0
  wpa_supplicant-466   [001] ....   437.513843: sys_enter: NR 54 (d, 5411, 7ee3f8a0, 7ee3f89c, d, 2424a0)
  wpa_supplicant-466   [001] ....   437.513844: sys_exit: NR 54 = 0
  wpa_supplicant-466   [001] ....   437.513846: sys_enter: NR 296 (d, 7ee3f8e4, 40, 0, 1083c70, 106d2b0)
  wpa_supplicant-466   [001] ....   437.513889: sys_exit: NR 296 = 44
  wpa_supplicant-466   [001] ....   437.513911: sys_enter: NR 295 (d, 1, 7, 7ee3f9b4, 7ee3f9b0, d)
  wpa_supplicant-466   [001] ....   437.513913: sys_exit: NR 295 = 0
  wpa_supplicant-466   [001] ....   437.513914: sys_enter: NR 54 (d, 5411, 7ee3f9b8, 7ee3f9b4, 2424a0, d)
         lxpanel-685   [003] ....   437.513915: sys_exit: NR 168 = 1
  wpa_supplicant-466   [001] ....   437.513916: sys_exit: NR 54 = 0
  wpa_supplicant-466   [001] ....   437.513925: sys_enter: NR 295 (d, 1, 7, 7ee3fa0c, 7ee3fa08, d)
  wpa_supplicant-466   [001] ....   437.513926: sys_exit: NR 295 = 0
  wpa_supplicant-466   [001] ....   437.513927: sys_enter: NR 54 (d, 5411, 7ee3fa10, 7ee3fa0c, 2424a0, d)
  wpa_supplicant-466   [001] ....   437.513928: sys_exit: NR 54 = 0
  wpa_supplicant-466   [001] ....   437.513931: sys_enter: NR 295 (d, 1, 7, 7ee3f89c, 7ee3f898, 2424a0)
  wpa_supplicant-466   [001] ....   437.513932: sys_exit: NR 295 = 0
  wpa_supplicant-466   [001] ....   437.513933: sys_enter: NR 54 (d, 5411, 7ee3f8a0, 7ee3f89c, d, 2424a0)
  wpa_supplicant-466   [001] ....   437.513934: sys_exit: NR 54 = 0
  wpa_supplicant-466   [001] ....   437.513935: sys_enter: NR 296 (d, 7ee3f8e4, 40, 0, 1083c70, 106d2b0)
         lxpanel-685   [003] ....   437.513945: sys_enter: NR 4 (4, 7ef82790, 8, 0, 8, 7ef82790)
  wpa_supplicant-466   [001] ....   437.513946: sys_exit: NR 296 = 44
         lxpanel-685   [003] ....   437.513951: sys_exit: NR 4 = 8
         lxpanel-685   [003] ....   437.513956: sys_enter: NR 3 (13, 7ef82694, 100, 0, 100, 7ef82694)
         lxpanel-685   [003] ....   437.513958: __vfs_read+0x14/0x16c <-vfs_read+0x9c/0x164
  wpa_supplicant-466   [001] ....   437.513964: sys_enter: NR 295 (d, 1, 7, 7ee3f9b4, 7ee3f9b0, d)
  wpa_supplicant-466   [001] ....   437.513966: sys_exit: NR 295 = 0
  wpa_supplicant-466   [001] ....   437.513967: sys_enter: NR 54 (d, 5411, 7ee3f9b8, 7ee3f9b4, 2424a0, d)
  wpa_supplicant-466   [001] ....   437.513968: sys_exit: NR 54 = 0
  wpa_supplicant-466   [001] ....   437.513976: sys_enter: NR 295 (d, 1, 7, 7ee3fa0c, 7ee3fa08, d)
         lxpanel-685   [003] ....   437.513978: <stack trace>
 => __vfs_read+0x18/0x16c
 => vfs_read+0x9c/0x164
 => ksys_read+0x74/0xe8
 => sys_read+0x18/0x1c
 => __sys_trace_return+0x0/0x1c
 => 0x7ef82678
  wpa_supplicant-466   [001] ....   437.513978: sys_exit: NR 295 = 0
  wpa_supplicant-466   [001] ....   437.513979: sys_enter: NR 54 (d, 5411, 7ee3fa10, 7ee3fa0c, 2424a0, d)
  wpa_supplicant-466   [001] ....   437.513980: sys_exit: NR 54 = 0
  wpa_supplicant-466   [001] ....   437.513982: sys_enter: NR 295 (d, 1, 7, 7ee3f89c, 7ee3f898, 2424a0)
  wpa_supplicant-466   [001] ....   437.513983: sys_exit: NR 295 = 0
  wpa_supplicant-466   [001] ....   437.513984: sys_enter: NR 54 (d, 5411, 7ee3f8a0, 7ee3f89c, d, 2424a0)
  wpa_supplicant-466   [001] ....   437.513985: sys_exit: NR 54 = 0
  wpa_supplicant-466   [001] ....   437.513986: sys_enter: NR 296 (d, 7ee3f8e4, 40, 0, 1083c70, 106d2b0)
         lxpanel-685   [003] ....   437.513988: sys_exit: NR 3 = 44
         lxpanel-685   [003] ....   437.513996: sys_enter: NR 4 (4, 7ef82790, 8, 0, 8, 7ef82790)
  wpa_supplicant-466   [001] ....   437.513997: sys_exit: NR 296 = 44
         lxpanel-685   [003] ....   437.513997: sys_exit: NR 4 = 8
         lxpanel-685   [003] ....   437.514011: sys_enter: NR 297 (3, 7ef8265c, 0, 0, 0, 7ef8265c)
         lxpanel-685   [003] ....   437.514016: sys_exit: NR 297 = -11
         lxpanel-685   [003] ....   437.514021: sys_enter: NR 297 (3, 7ef8267c, 0, 0, 0, 7ef8267c)
  wpa_supplicant-466   [001] ....   437.514022: sys_enter: NR 295 (d, 1, 7, 7ee3f9b4, 7ee3f9b0, d)
         lxpanel-685   [003] ....   437.514023: sys_exit: NR 297 = -11
  wpa_supplicant-466   [001] ....   437.514023: sys_exit: NR 295 = 0
  wpa_supplicant-466   [001] ....   437.514024: sys_enter: NR 54 (d, 5411, 7ee3f9b8, 7ee3f9b4, 2424a0, d)
  wpa_supplicant-466   [001] ....   437.514026: sys_exit: NR 54 = 0
         lxpanel-685   [003] ....   437.514031: sys_enter: NR 168 (1f4bdf8, 5, 96, 0, 96, 5)
  wpa_supplicant-466   [001] ....   437.514034: sys_enter: NR 295 (d, 1, 7, 7ee3fa0c, 7ee3fa08, d)
  wpa_supplicant-466   [001] ....   437.514036: sys_exit: NR 295 = 0
  wpa_supplicant-466   [001] ....   437.514037: sys_enter: NR 54 (d, 5411, 7ee3fa10, 7ee3fa0c, 2424a0, d)
  wpa_supplicant-466   [001] ....   437.514038: sys_exit: NR 54 = 0
         lxpanel-685   [003] ....   437.514039: sys_exit: NR 168 = 2
  wpa_supplicant-466   [001] ....   437.514040: sys_enter: NR 295 (d, 1, 7, 7ee3f89c, 7ee3f898, 2424a0)
  wpa_supplicant-466   [001] ....   437.514041: sys_exit: NR 295 = 0
         lxpanel-685   [003] ....   437.514041: sys_enter: NR 3 (4, 7ef8279c, 10, 0, 10, 7ef8279c)
  wpa_supplicant-466   [001] ....   437.514042: sys_enter: NR 54 (d, 5411, 7ee3f8a0, 7ee3f89c, d, 2424a0)
         lxpanel-685   [003] ....   437.514042: __vfs_read+0x14/0x16c <-vfs_read+0x9c/0x164
  wpa_supplicant-466   [001] ....   437.514043: sys_exit: NR 54 = 0
  wpa_supplicant-466   [001] ....   437.514044: sys_enter: NR 296 (d, 7ee3f8e4, 40, 0, 1083c70, 106d2b0)
         lxpanel-685   [003] ....   437.514050: <stack trace>
 => __vfs_read+0x18/0x16c
 => vfs_read+0x9c/0x164
 => ksys_read+0x74/0xe8
 => sys_read+0x18/0x1c
 => __sys_trace_return+0x0/0x1c
 => 0x7ef82780
         lxpanel-685   [003] ....   437.514052: sys_exit: NR 3 = 8
  wpa_supplicant-466   [001] ....   437.514055: sys_exit: NR 296 = 44
         lxpanel-685   [003] ....   437.514056: sys_enter: NR 4 (4, 7ef82790, 8, 0, 8, 7ef82790)
         lxpanel-685   [003] ....   437.514061: sys_exit: NR 4 = 8
         lxpanel-685   [003] ....   437.514062: sys_enter: NR 3 (13, 7ef82694, 100, 0, 100, 7ef82694)
         lxpanel-685   [003] ....   437.514064: __vfs_read+0x14/0x16c <-vfs_read+0x9c/0x164
         lxpanel-685   [003] ....   437.514070: <stack trace>
 => __vfs_read+0x18/0x16c
 => vfs_read+0x9c/0x164
 => ksys_read+0x74/0xe8
 => sys_read+0x18/0x1c
 => __sys_trace_return+0x0/0x1c
 => 0x7ef82678
  wpa_supplicant-466   [001] ....   437.514072: sys_enter: NR 295 (d, 1, 7, 7ee3f9b4, 7ee3f9b0, d)
  wpa_supplicant-466   [001] ....   437.514074: sys_exit: NR 295 = 0
         lxpanel-685   [003] ....   437.514075: sys_exit: NR 3 = 44
  wpa_supplicant-466   [001] ....   437.514076: sys_enter: NR 54 (d, 5411, 7ee3f9b8, 7ee3f9b4, 2424a0, d)
  wpa_supplicant-466   [001] ....   437.514077: sys_exit: NR 54 = 0
         lxpanel-685   [003] ....   437.514078: sys_enter: NR 4 (4, 7ef82790, 8, 0, 8, 7ef82790)
