      tailscaled-545   [000] ....   523.359236: sys_enter: NR 346 (4, 30f7680, 80, 4b, 0, 0)
      tailscaled-543   [001] ....   523.359259: sys_enter: NR 240 (2ea88d4, 80, 0, 0, 0, 0)
      tailscaled-422   [002] ....   523.359338: sys_exit: NR 162 = 0
      tailscaled-422   [002] ....   523.359342: sys_enter: NR 162 (2c49f60, 0, 79, 14, 0, 0)
      tailscaled-533   [001] ....   523.359358: sys_enter: NR 4 (c, 6030006, 32, 0, 0, 0)
      tailscaled-533   [001] ....   523.359361: __vfs_write+0x14/0x170 <-vfs_write+0xb4/0x1c8
      tailscaled-533   [001] ....   523.359372: <stack trace>
 => __vfs_write+0x18/0x170
 => vfs_write+0xb4/0x1c8
 => ksys_write+0x74/0xe8
 => sys_write+0x18/0x1c
 => __sys_trace_return+0x0/0x1c
 => 0x2f43cc8
      tailscaled-533   [001] ....   523.359405: sys_exit: NR 4 = 50
      tailscaled-533   [001] ....   523.359426: sys_enter: NR 240 (2c808d4, 80, 0, 0, 0, 0)
      tailscaled-545   [000] ....   523.359442: sys_exit: NR 346 = 1
      tailscaled-422   [002] ....   523.359448: sys_exit: NR 162 = 0
      tailscaled-422   [002] ....   523.359455: sys_enter: NR 240 (1695bd4, 80, 0, 2c49f28, 0, 0)
      tailscaled-545   [000] ....   523.359463: sys_enter: NR 240 (1695bd4, 81, 1, 0, 0, 0)
      tailscaled-545   [000] ....   523.359467: sys_exit: NR 240 = 1
      tailscaled-545   [000] ....   523.359469: sys_enter: NR 365 (11, 5a00008, 80, 0, 0, 0)
      tailscaled-422   [002] ....   523.359478: sys_exit: NR 240 = 0
      tailscaled-545   [000] ....   523.359481: sys_exit: NR 365 = 1
      tailscaled-422   [002] ....   523.359482: sys_enter: NR 162 (2c49f60, 0, 79, 14, 0, 0)
      tailscaled-545   [000] ....   523.359522: sys_enter: NR 240 (2c808d4, 81, 1, 0, 0, 0)
      tailscaled-545   [000] ....   523.359526: sys_exit: NR 240 = 1
      tailscaled-533   [001] ....   523.359535: sys_exit: NR 240 = 0
      tailscaled-533   [001] ....   523.359539: sys_enter: NR 346 (4, 3019680, 80, 0, 0, 0)
      tailscaled-533   [001] ....   523.359541: sys_exit: NR 346 = 0
      tailscaled-533   [001] ....   523.359546: sys_enter: NR 240 (2ea88d4, 81, 1, 0, 0, 0)
      tailscaled-533   [001] ....   523.359554: sys_exit: NR 240 = 1
      tailscaled-422   [002] ....   523.359563: sys_exit: NR 162 = 0
      tailscaled-533   [001] ....   523.359565: sys_enter: NR 346 (4, 3019680, 80, 0, 0, 0)
      tailscaled-533   [001] ....   523.359567: sys_exit: NR 346 = 0
      tailscaled-422   [002] ....   523.359567: sys_enter: NR 162 (2c49f60, 0, 79, 14, 0, 0)
      tailscaled-533   [001] ....   523.359572: sys_enter: NR 162 (3019dcc, 0, 2c838c8, 3, 79, 1)
      tailscaled-545   [000] ....   523.359574: sys_enter: NR 365 (11, 5a00008, 80, 0, 0, 0)
      tailscaled-545   [000] ....   523.359577: sys_exit: NR 365 = -11
      tailscaled-543   [001] ....   523.359581: sys_exit: NR 240 = 0
      tailscaled-543   [001] ....   523.359586: sys_enter: NR 346 (4, 3015680, 80, 0, 0, 0)
      tailscaled-543   [001] ....   523.359587: sys_exit: NR 346 = 0
      tailscaled-543   [001] ....   523.359599: sys_enter: NR 346 (4, 3015680, 80, 4b, 0, 0)
      tailscaled-533   [001] ....   523.359641: sys_exit: NR 162 = 0
      tailscaled-422   [002] ....   523.359647: sys_exit: NR 162 = 0
      tailscaled-533   [001] ....   523.359649: sys_enter: NR 240 (2c808d4, 80, 0, 0, 0, 0)
      tailscaled-422   [002] ....   523.359651: sys_enter: NR 162 (2c49f60, 0, 79, 14, 0, 0)
      tailscaled-545   [000] ....   523.359664: sys_enter: NR 4 (c, 3af8006, 52, 0, 0, 0)
      tailscaled-545   [000] ....   523.359667: __vfs_write+0x14/0x170 <-vfs_write+0xb4/0x1c8
      tailscaled-545   [000] ....   523.359677: <stack trace>
 => __vfs_write+0x18/0x170
 => vfs_write+0xb4/0x1c8
 => ksys_write+0x74/0xe8
 => sys_write+0x18/0x1c
 => __sys_trace_return+0x0/0x1c
 => 0x2f43cc8
      tailscaled-545   [000] ....   523.359720: sys_exit: NR 4 = 82
      tailscaled-422   [002] ....   523.359731: sys_exit: NR 162 = 0
      tailscaled-422   [002] ....   523.359734: sys_enter: NR 162 (2c49f60, 0, 79, 14, 0, 0)
      tailscaled-545   [000] ....   523.359745: sys_enter: NR 240 (2ea90d4, 80, 0, 0, 0, 0)
 vncserver-x11-c-450   [000] ....   523.359783: sys_exit: NR 142 = 1
 vncserver-x11-c-450   [000] ....   523.359808: sys_enter: NR 3 (11, 15b3e48, 41a0, 0, 41a0, 15b3e48)
      tailscaled-422   [002] ....   523.359817: sys_exit: NR 162 = 0
      tailscaled-422   [002] ....   523.359822: sys_enter: NR 240 (1695bd4, 80, 0, 2c49f28, 0, 0)
 vncserver-x11-c-450   [000] ....   523.359825: sys_exit: NR 3 = 32
 vncserver-x11-c-450   [000] ....   523.359868: sys_enter: NR 3 (11, 15b3e48, 41a0, 0, 41a0, 15b3e48)
 vncserver-x11-c-450   [000] ....   523.359871: sys_exit: NR 3 = -11
 vncserver-x11-c-450   [000] ....   523.359880: sys_enter: NR 4 (c, 1542c58, 12, 0, 12, 1542c58)
 vncserver-x11-c-450   [000] ....   523.359882: __vfs_write+0x14/0x170 <-vfs_write+0xb4/0x1c8
 vncserver-x11-c-450   [000] ....   523.359891: <stack trace>
 => __vfs_write+0x18/0x170
 => vfs_write+0xb4/0x1c8
 => ksys_write+0x74/0xe8
 => sys_write+0x18/0x1c
 => __sys_trace_return+0x0/0x1c
 => 0x7ef0aca8
 vncserver-x11-c-450   [000] ....   523.359907: sys_exit: NR 4 = 18
 vncserver-x11-c-450   [000] ....   523.359919: sys_enter: NR 142 (12, 7ef0b328, 7ef0b3a8, 7ef0b428, 7ef0b320, 7ef0b3a8)
        vncagent-505   [001] ....   523.359928: sys_exit: NR 142 = 1
 vncserver-x11-c-450   [000] ....   523.359929: sys_exit: NR 142 = 0
 vncserver-x11-c-450   [000] ....   523.359933: sys_enter: NR 142 (12, 7ef0b328, 7ef0b3a8, 7ef0b428, 7ef0b320, 7ef0b3a8)
        vncagent-505   [001] ....   523.359943: sys_enter: NR 3 (d, c1dfa8, 41a0, 0, c1d358, 1)
        vncagent-505   [001] ....   523.359958: sys_exit: NR 3 = 18
        vncagent-505   [001] ....   523.359972: sys_enter: NR 3 (d, c1dfa8, 41a0, 0, c1d358, 1)
        vncagent-505   [001] ....   523.359974: sys_exit: NR 3 = -11
        vncagent-505   [001] ....   523.359984: sys_enter: NR 297 (3, 7eac462c, 0, 0, c017a0, 1)
        vncagent-505   [001] ....   523.359988: sys_exit: NR 297 = -11
        vncagent-505   [001] ....   523.359992: sys_enter: NR 297 (3, 7eac464c, 0, 0, c017a0, 7eac4724)
        vncagent-505   [001] ....   523.359994: sys_exit: NR 297 = -11
        vncagent-505   [001] ....   523.360000: sys_enter: NR 142 (e, 7eac4630, 7eac46b0, 7eac4730, 7eac4628, 7eac46ac)
        vncagent-505   [001] ....   523.368069: sys_exit: NR 142 = 0
        vncagent-505   [001] ....   523.368073: sys_enter: NR 297 (3, 7eac462c, 0, 0, c017a0, 1)
        vncagent-505   [001] ....   523.368076: sys_exit: NR 297 = -11
        vncagent-505   [001] ....   523.368078: sys_enter: NR 297 (3, 7eac464c, 0, 0, c017a0, 7eac4724)
        vncagent-505   [001] ....   523.368080: sys_exit: NR 297 = -11
        vncagent-505   [001] ....   523.368083: sys_enter: NR 142 (e, 7eac4630, 7eac46b0, 7eac4730, 7eac4628, 7eac46ac)
        vncagent-505   [001] ....   523.394151: sys_exit: NR 142 = 0
        vncagent-505   [001] ....   523.394161: sys_enter: NR 168 (7eac4304, 1, ffffffff, 0, c007a0, c007a0)
        vncagent-505   [001] ....   523.394165: sys_exit: NR 168 = 1
        vncagent-505   [001] ....   523.394167: sys_enter: NR 146 (3, 7eac43fc, 3, 0, 0, c007a0)
        vncagent-505   [001] ....   523.394187: sys_exit: NR 146 = 8
        vncagent-505   [001] ....   523.394197: sys_enter: NR 168 (7eac42ec, 1, ffffffff, 0, 7eac4470, c007a0)
            Xorg-489   [001] ....   523.394212: sys_exit: NR 252 = 1
            Xorg-489   [001] ....   523.394223: sys_enter: NR 104 (0, 7efecbe4, 0, 1388, 76fed968, 1)
            Xorg-489   [001] ....   523.394227: sys_exit: NR 104 = 0
            Xorg-489   [001] ....   523.394234: sys_enter: NR 297 (12, 7efec9cc, 0, 0, 0, 7efec9cc)
            Xorg-489   [001] ....   523.394241: sys_exit: NR 297 = 8
            Xorg-489   [001] ....   523.394263: sys_enter: NR 146 (12, 7efecb54, 1, 0, 1, 7efecb54)
            Xorg-489   [001] .n..   523.394277: sys_exit: NR 146 = 32
        vncagent-505   [001] ....   523.394285: sys_exit: NR 168 = 1
        vncagent-505   [001] ....   523.394286: sys_enter: NR 297 (3, 7eac424c, 0, 0, c017a0, c007a0)
        vncagent-505   [001] ....   523.394292: sys_exit: NR 297 = 32
        vncagent-505   [001] ....   523.394308: sys_enter: NR 297 (3, 7eac462c, 0, 0, c017a0, 1)
        vncagent-505   [001] ....   523.394311: sys_exit: NR 297 = -11
        vncagent-505   [001] ....   523.394313: sys_enter: NR 297 (3, 7eac464c, 0, 0, c017a0, 7eac4724)
        vncagent-505   [001] ....   523.394315: sys_exit: NR 297 = -11
        vncagent-505   [001] ....   523.394318: sys_enter: NR 142 (e, 7eac4630, 7eac46b0, 7eac4730, 7eac4628, 7eac46ac)
            Xorg-489   [001] ....   523.394332: sys_enter: NR 297 (12, 7efec9cc, 0, 0, 0, 7efec9cc)
            Xorg-489   [001] ....   523.394334: sys_exit: NR 297 = -11
            Xorg-489   [001] ....   523.394337: sys_enter: NR 104 (0, 7efecbe4, 0, 0, 76fed968, 212b8c)
            Xorg-489   [001] ....   523.394339: sys_exit: NR 104 = 0
            Xorg-489   [001] ....   523.394344: sys_enter: NR 252 (3, 7efebbe0, 100, 15ab0, 15ab0, 100)
      tailscaled-543   [001] ....   523.408163: sys_exit: NR 346 = 1
      tailscaled-543   [001] ....   523.408184: sys_enter: NR 240 (1695bd4, 81, 1, 0, 0, 0)
      tailscaled-543   [001] ....   523.408190: sys_exit: NR 240 = 1
      tailscaled-543   [001] ....   523.408192: sys_enter: NR 3 (c, 305605c, 10009, 0, 0, 0)
      tailscaled-422   [002] ....   523.408201: sys_exit: NR 240 = 0
      tailscaled-543   [001] ....   523.408202: sys_exit: NR 3 = 50
      tailscaled-422   [002] ....   523.408208: sys_enter: NR 162 (2c49f60, 0, 79, 14, 0, 0)
      tailscaled-543   [001] ....   523.408225: sys_enter: NR 240 (2ea90d4, 81, 1, 0, 0, 0)
      tailscaled-543   [001] ....   523.408228: sys_exit: NR 240 = 1
      tailscaled-545   [000] ....   523.408240: sys_exit: NR 240 = 0
      tailscaled-545   [000] ....   523.408248: sys_enter: NR 346 (4, 30f7680, 80, 0, 0, 0)
      tailscaled-545   [000] ....   523.408250: sys_exit: NR 346 = 0
      tailscaled-545   [000] ....   523.408269: sys_enter: NR 346 (4, 30f7680, 80, 1a, 0, 0)
      tailscaled-422   [002] ....   523.408292: sys_exit: NR 162 = 0
      tailscaled-422   [002] ....   523.408296: sys_enter: NR 162 (2c49f60, 0, 79, 14, 0, 0)
      tailscaled-543   [001] ....   523.408298: sys_enter: NR 240 (2c808d4, 81, 1, 0, 0, 0)
      tailscaled-543   [001] ....   523.408308: sys_exit: NR 240 = 1
      tailscaled-422   [002] ....   523.408378: sys_exit: NR 162 = 0
      tailscaled-422   [002] ....   523.408382: sys_enter: NR 162 (2c49f60, 0, 79, 14, 0, 0)
      tailscaled-543   [001] ....   523.408385: sys_enter: NR 3 (c, 305605c, 10009, 0, 0, 0)
      tailscaled-543   [001] ....   523.408388: sys_exit: NR 3 = -11
      tailscaled-533   [002] ....   523.408417: sys_exit: NR 240 = 0
      tailscaled-533   [002] ....   523.408433: sys_enter: NR 240 (2c808d4, 80, 0, 0, 0, 0)
      tailscaled-543   [001] ....   523.408442: sys_enter: NR 374 (11, 60d0008, 1, 0, 0, 0)
      tailscaled-422   [002] ....   523.408466: sys_exit: NR 162 = 0
      tailscaled-422   [002] ....   523.408470: sys_enter: NR 162 (2c49f60, 0, 79, 14, 0, 0)
      tailscaled-543   [001] ....   523.408528: sys_exit: NR 374 = 1
      tailscaled-422   [002] .n..   523.408561: sys_exit: NR 162 = 0
      tailscaled-422   [002] ....   523.408574: sys_enter: NR 162 (2c49f60, 0, 79, 14, 0, 0)
      tailscaled-543   [001] ....   523.408582: sys_enter: NR 240 (2ea88d4, 80, 0, 0, 0, 0)
      tailscaled-422   [002] ....   523.408657: sys_exit: NR 162 = 0
      tailscaled-422   [002] ....   523.408663: sys_enter: NR 240 (1695bd4, 80, 0, 2c49f28, 0, 0)
      tailscaled-545   [000] ....   523.411673: sys_exit: NR 346 = 1
      tailscaled-545   [000] ....   523.411684: sys_enter: NR 346 (4, 30f7680, 80, 0, 0, 0)
      tailscaled-545   [000] ....   523.411685: sys_exit: NR 346 = 0
      tailscaled-545   [000] ....   523.411695: sys_enter: NR 346 (4, 30f7680, 80, 17, 0, 0)
      tailscaled-545   [000] ....   523.434762: sys_exit: NR 346 = 0
      tailscaled-545   [000] ....   523.434768: sys_enter: NR 346 (4, 30f7680, 80, 0, 0, 0)
      tailscaled-545   [000] ....   523.434770: sys_exit: NR 346 = 0
      tailscaled-545   [000] ....   523.434779: sys_enter: NR 346 (4, 30f7680, 80, 1, 0, 0)
      tailscaled-422   [002] ....   523.435181: sys_exit: NR 240 = -110
      tailscaled-422   [002] ....   523.435186: sys_enter: NR 162 (2c49f60, 0, 79, 14, 0, 0)
      tailscaled-422   [002] ....   523.435269: sys_exit: NR 162 = 0
      tailscaled-422   [002] ....   523.435273: sys_enter: NR 162 (2c49f60, 0, 79, 14, 0, 0)
      tailscaled-422   [002] ....   523.435356: sys_exit: NR 162 = 0
      tailscaled-422   [002] ....   523.435360: sys_enter: NR 162 (2c49f60, 0, 79, 14, 0, 0)
      tailscaled-422   [002] ....   523.435442: sys_exit: NR 162 = 0
      tailscaled-422   [002] ....   523.435446: sys_enter: NR 162 (2c49f60, 0, 79, 14, 0, 0)
      tailscaled-422   [002] ....   523.435529: sys_exit: NR 162 = 0
      tailscaled-422   [002] ....   523.435534: sys_enter: NR 162 (2c49f60, 0, 79, 14, 0, 0)
      tailscaled-422   [002] ....   523.435616: sys_exit: NR 162 = 0
      tailscaled-422   [002] ....   523.435620: sys_enter: NR 162 (2c49f60, 0, 79, 14, 0, 0)
      tailscaled-422   [002] ....   523.435702: sys_exit: NR 162 = 0
      tailscaled-422   [002] ....   523.435707: sys_enter: NR 162 (2c49f60, 0, 79, 14, 0, 0)
      tailscaled-422   [002] ....   523.435789: sys_exit: NR 162 = 0
      tailscaled-422   [002] ....   523.435793: sys_enter: NR 162 (2c49f60, 0, 79, 14, 0, 0)
      tailscaled-545   [000] ....   523.435845: sys_exit: NR 346 = 0
      tailscaled-545   [000] ....   523.435852: sys_enter: NR 346 (4, 30f7680, 80, 0, 0, 0)
      tailscaled-545   [000] ....   523.435853: sys_exit: NR 346 = 0
      tailscaled-422   [002] ....   523.435875: sys_exit: NR 162 = 0
      tailscaled-545   [000] ....   523.435877: sys_enter: NR 240 (2ea88d4, 81, 1, 0, 0, 0)
      tailscaled-422   [002] ....   523.435879: sys_enter: NR 162 (2c49f60, 0, 79, 14, 0, 0)
      tailscaled-545   [000] ....   523.435881: sys_exit: NR 240 = 1
      tailscaled-543   [001] ....   523.435894: sys_exit: NR 240 = 0
      tailscaled-543   [001] ....   523.435899: sys_enter: NR 346 (4, 3015680, 80, 0, 0, 0)
      tailscaled-543   [001] ....   523.435901: sys_exit: NR 346 = 0
      tailscaled-545   [000] ....   523.435904: sys_enter: NR 346 (4, 30f7680, 80, 89, 0, 0)
      tailscaled-543   [001] ....   523.435910: sys_enter: NR 240 (2ea88d4, 80, 0, 0, 0, 0)
      tailscaled-422   [002] ....   523.435961: sys_exit: NR 162 = 0
      tailscaled-422   [002] ....   523.435966: sys_enter: NR 240 (1695bd4, 80, 0, 2c49f28, 0, 0)
        vncagent-505   [001] ....   523.494444: sys_exit: NR 142 = 0
        vncagent-505   [001] ....   523.494461: sys_enter: NR 168 (7eac4304, 1, ffffffff, 0, c007a0, c007a0)
        vncagent-505   [001] ....   523.494465: sys_exit: NR 168 = 1
        vncagent-505   [001] ....   523.494467: sys_enter: NR 146 (3, 7eac43fc, 3, 0, 0, c007a0)
        vncagent-505   [001] ....   523.494488: sys_exit: NR 146 = 8
        vncagent-505   [001] ....   523.494498: sys_enter: NR 168 (7eac42ec, 1, ffffffff, 0, 7eac4470, c007a0)
            Xorg-489   [001] ....   523.494510: sys_exit: NR 252 = 1
            Xorg-489   [001] ....   523.494518: sys_enter: NR 104 (0, 7efecbe4, 0, 1388, 76fed968, 1)
            Xorg-489   [001] ....   523.494521: sys_exit: NR 104 = 0
            Xorg-489   [001] ....   523.494527: sys_enter: NR 297 (12, 7efec9cc, 0, 0, 0, 7efec9cc)
            Xorg-489   [001] ....   523.494537: sys_exit: NR 297 = 8
            Xorg-489   [001] ....   523.494558: sys_enter: NR 146 (12, 7efecb54, 1, 0, 1, 7efecb54)
            Xorg-489   [001] .n..   523.494572: sys_exit: NR 146 = 32
        vncagent-505   [001] ....   523.494579: sys_exit: NR 168 = 1
        vncagent-505   [001] ....   523.494582: sys_enter: NR 297 (3, 7eac424c, 0, 0, c017a0, c007a0)
        vncagent-505   [001] ....   523.494587: sys_exit: NR 297 = 32
        vncagent-505   [001] ....   523.494607: sys_enter: NR 297 (3, 7eac462c, 0, 0, c017a0, 1)
        vncagent-505   [001] ....   523.494609: sys_exit: NR 297 = -11
        vncagent-505   [001] ....   523.494612: sys_enter: NR 297 (3, 7eac464c, 0, 0, c017a0, 7eac4724)
        vncagent-505   [001] ....   523.494614: sys_exit: NR 297 = -11
        vncagent-505   [001] ....   523.494619: sys_enter: NR 142 (e, 7eac4630, 7eac46b0, 7eac4730, 7eac4628, 7eac46ac)
            Xorg-489   [001] ....   523.494634: sys_enter: NR 297 (12, 7efec9cc, 0, 0, 0, 7efec9cc)
            Xorg-489   [001] ....   523.494637: sys_exit: NR 297 = -11
            Xorg-489   [001] ....   523.494639: sys_enter: NR 104 (0, 7efecbe4, 0, 0, 76fed968, 212b8c)
            Xorg-489   [001] ....   523.494641: sys_exit: NR 104 = 0
            Xorg-489   [001] ....   523.494645: sys_enter: NR 252 (3, 7efebbe0, 100, 15a4c, 15a4c, 100)
         lxpanel-685   [002] ....   523.569523: sys_exit: NR 168 = 0
         lxpanel-685   [002] ....   523.569568: sys_enter: NR 297 (3, 7ef8265c, 0, 0, 0, 7ef8265c)
         lxpanel-685   [002] ....   523.569572: sys_exit: NR 297 = -11
         lxpanel-685   [002] ....   523.569575: sys_enter: NR 297 (3, 7ef8267c, 0, 0, 0, 7ef8267c)
         lxpanel-685   [002] ....   523.569577: sys_exit: NR 297 = -11
         lxpanel-685   [002] ....   523.569585: sys_enter: NR 168 (1f4bdf8, 5, 258, 0, 258, 5)
      tailscaled-545   [000] ....   523.573057: sys_exit: NR 346 = 0
      tailscaled-545   [000] ....   523.573066: sys_enter: NR 346 (4, 30f7680, 80, 0, 0, 0)
      tailscaled-545   [000] ....   523.573068: sys_exit: NR 346 = 0
      tailscaled-545   [000] ....   523.573080: sys_enter: NR 346 (4, 30f7680, 80, 1, 0, 0)
      tailscaled-422   [002] ....   523.573229: sys_exit: NR 240 = -110
      tailscaled-422   [002] ....   523.573249: sys_enter: NR 242 (0, 2000, 2c47f34, 3, 1, 1)
      tailscaled-422   [002] ....   523.573251: sys_exit: NR 242 = 4
      tailscaled-422   [002] ....   523.573254: sys_enter: NR 162 (2c49f60, 0, 79, 14, 0, 0)
      tailscaled-422   [002] ....   523.573337: sys_exit: NR 162 = 0
      tailscaled-422   [002] ....   523.573342: sys_enter: NR 162 (2c49f60, 0, 79, 14, 0, 0)
      tailscaled-422   [002] ....   523.573424: sys_exit: NR 162 = 0
      tailscaled-422   [002] ....   523.573429: sys_enter: NR 162 (2c49f60, 0, 79, 14, 0, 0)
      tailscaled-422   [002] ....   523.573511: sys_exit: NR 162 = 0
      tailscaled-422   [002] ....   523.573516: sys_enter: NR 162 (2c49f60, 0, 79, 14, 0, 0)
      tailscaled-422   [002] ....   523.573598: sys_exit: NR 162 = 0
      tailscaled-422   [002] ....   523.573602: sys_enter: NR 162 (2c49f60, 0, 79, 14, 0, 0)
      tailscaled-422   [002] ....   523.573684: sys_exit: NR 162 = 0
      tailscaled-422   [002] ....   523.573689: sys_enter: NR 162 (2c49f60, 0, 79, 14, 0, 0)
      tailscaled-422   [002] ....   523.573771: sys_exit: NR 162 = 0
      tailscaled-422   [002] ....   523.573775: sys_enter: NR 162 (2c49f60, 0, 79, 14, 0, 0)
      tailscaled-422   [002] ....   523.573857: sys_exit: NR 162 = 0
      tailscaled-422   [002] ....   523.573862: sys_enter: NR 162 (2c49f60, 0, 79, 14, 0, 0)
      tailscaled-422   [002] ....   523.573945: sys_exit: NR 162 = 0
      tailscaled-422   [002] ....   523.573949: sys_enter: NR 162 (2c49f60, 0, 79, 14, 0, 0)
      tailscaled-422   [002] ....   523.574032: sys_exit: NR 162 = 0
      tailscaled-422   [002] ....   523.574036: sys_enter: NR 162 (2c49f60, 0, 79, 14, 0, 0)
      tailscaled-422   [002] ....   523.574118: sys_exit: NR 162 = 0
      tailscaled-422   [002] ....   523.574123: sys_enter: NR 162 (2c49f60, 0, 79, 14, 0, 0)
      tailscaled-545   [000] ....   523.574144: sys_exit: NR 346 = 0
      tailscaled-545   [000] ....   523.574150: sys_enter: NR 346 (4, 30f7680, 80, 0, 0, 0)
      tailscaled-545   [000] ....   523.574151: sys_exit: NR 346 = 0
      tailscaled-545   [000] ....   523.574172: sys_enter: NR 240 (2ea88d4, 81, 1, 0, 0, 0)
      tailscaled-545   [000] ....   523.574175: sys_exit: NR 240 = 1
      tailscaled-543   [001] ....   523.574186: sys_exit: NR 240 = 0
      tailscaled-543   [001] ....   523.574194: sys_enter: NR 346 (4, 3015680, 80, 0, 0, 0)
      tailscaled-543   [001] ....   523.574196: sys_exit: NR 346 = 0
      tailscaled-545   [000] ....   523.574196: sys_enter: NR 4 (c, 169de28, 0, 0, 0, 0)
      tailscaled-545   [000] ....   523.574199: __vfs_write+0x14/0x170 <-vfs_write+0xb4/0x1c8
      tailscaled-422   [002] ....   523.574205: sys_exit: NR 162 = 0
      tailscaled-543   [001] ....   523.574208: sys_enter: NR 346 (4, 3015680, 80, 35c, 0, 0)
      tailscaled-422   [002] ....   523.574213: sys_enter: NR 162 (2c49f60, 0, 79, 14, 0, 0)
      tailscaled-545   [000] ....   523.574218: <stack trace>
 => __vfs_write+0x18/0x170
 => vfs_write+0xb4/0x1c8
 => ksys_write+0x74/0xe8
 => sys_write+0x18/0x1c
 => __sys_trace_return+0x0/0x1c
 => 0x2d04e98
      tailscaled-545   [000] ....   523.574223: sys_exit: NR 4 = -22
      tailscaled-545   [000] ....   523.574261: sys_enter: NR 240 (2ea90d4, 80, 0, 0, 0, 0)
      tailscaled-422   [002] ....   523.574296: sys_exit: NR 162 = 0
      tailscaled-422   [002] ....   523.574300: sys_enter: NR 240 (1695bd4, 80, 0, 2c49f28, 0, 0)
        vncagent-505   [001] ....   523.594741: sys_exit: NR 142 = 0
        vncagent-505   [001] ....   523.594747: sys_enter: NR 168 (7eac4304, 1, ffffffff, 0, c007a0, c007a0)
        vncagent-505   [001] ....   523.594749: sys_exit: NR 168 = 1
        vncagent-505   [001] ....   523.594751: sys_enter: NR 146 (3, 7eac43fc, 3, 0, 0, c007a0)
        vncagent-505   [001] ....   523.594765: sys_exit: NR 146 = 8
        vncagent-505   [001] ....   523.594770: sys_enter: NR 168 (7eac42ec, 1, ffffffff, 0, 7eac4470, c007a0)
            Xorg-489   [001] ....   523.594780: sys_exit: NR 252 = 1
            Xorg-489   [001] ....   523.594783: sys_enter: NR 104 (0, 7efecbe4, 0, 1388, 76fed968, 1)
            Xorg-489   [001] ....   523.594785: sys_exit: NR 104 = 0
            Xorg-489   [001] ....   523.594787: sys_enter: NR 297 (12, 7efec9cc, 0, 0, 0, 7efec9cc)
            Xorg-489   [001] ....   523.594793: sys_exit: NR 297 = 8
            Xorg-489   [001] ....   523.594803: sys_enter: NR 146 (12, 7efecb54, 1, 0, 1, 7efecb54)
            Xorg-489   [001] .n..   523.594814: sys_exit: NR 146 = 32
        vncagent-505   [001] ....   523.594820: sys_exit: NR 168 = 1
        vncagent-505   [001] ....   523.594821: sys_enter: NR 297 (3, 7eac424c, 0, 0, c017a0, c007a0)
        vncagent-505   [001] ....   523.594827: sys_exit: NR 297 = 32
        vncagent-505   [001] ....   523.594838: sys_enter: NR 297 (3, 7eac462c, 0, 0, c017a0, 1)
        vncagent-505   [001] ....   523.594840: sys_exit: NR 297 = -11
        vncagent-505   [001] ....   523.594842: sys_enter: NR 297 (3, 7eac464c, 0, 0, c017a0, 7eac4724)
        vncagent-505   [001] ....   523.594844: sys_exit: NR 297 = -11
        vncagent-505   [001] ....   523.594847: sys_enter: NR 142 (e, 7eac4630, 7eac46b0, 7eac4730, 7eac4628, 7eac46ac)
            Xorg-489   [001] ....   523.594860: sys_enter: NR 297 (12, 7efec9cc, 0, 0, 0, 7efec9cc)
            Xorg-489   [001] ....   523.594863: sys_exit: NR 297 = -11
            Xorg-489   [001] ....   523.594865: sys_enter: NR 104 (0, 7efecbe4, 0, 0, 76fed968, 212b8c)
            Xorg-489   [001] ....   523.594867: sys_exit: NR 104 = 0
            Xorg-489   [001] ....   523.594869: sys_enter: NR 252 (3, 7efebbe0, 100, 159e8, 159e8, 100)
 systemd-journal-118   [003] ....   523.665002: sys_exit: NR 252 = 1
 systemd-journal-118   [003] ....   523.665026: sys_enter: NR 263 (7, 7eab04a4, 6e77fe6, 7edf0450, 7eab04a4, 7)
 systemd-journal-118   [003] ....   523.665030: sys_exit: NR 263 = 0
 systemd-journal-118   [003] ....   523.665035: sys_enter: NR 3 (e, 7eab04b0, 8, 0, 76ff6968, 2025930)
 systemd-journal-118   [003] ....   523.665041: sys_exit: NR 3 = 8
 systemd-journal-118   [003] ....   523.665066: sys_enter: NR 194 (f, 0, 5ca000, 0, 2029058, 3)
 systemd-journal-118   [003] ....   523.665082: sys_exit: NR 194 = 0
 systemd-journal-118   [003] ....   523.665101: sys_enter: NR 353 (e, 1, 7eab07a4, 0, 7eab07a4, 2025920)
 systemd-journal-118   [003] ....   523.665106: sys_exit: NR 353 = 0
 systemd-journal-118   [003] ....   523.665115: sys_enter: NR 252 (7, 7eab04d8, 26, ffffffff, 20258c8, 1)
        vncagent-505   [001] ....   523.694967: sys_exit: NR 142 = 0
        vncagent-505   [001] ....   523.694971: sys_enter: NR 168 (7eac4304, 1, ffffffff, 0, c007a0, c007a0)
        vncagent-505   [001] ....   523.694974: sys_exit: NR 168 = 1
        vncagent-505   [001] ....   523.694975: sys_enter: NR 146 (3, 7eac43fc, 3, 0, 0, c007a0)
        vncagent-505   [001] ....   523.694986: sys_exit: NR 146 = 8
        vncagent-505   [001] ....   523.694990: sys_enter: NR 168 (7eac42ec, 1, ffffffff, 0, 7eac4470, c007a0)
            Xorg-489   [001] ....   523.695000: sys_exit: NR 252 = 1
            Xorg-489   [001] ....   523.695003: sys_enter: NR 104 (0, 7efecbe4, 0, 1388, 76fed968, 1)
            Xorg-489   [001] ....   523.695005: sys_exit: NR 104 = 0
            Xorg-489   [001] ....   523.695007: sys_enter: NR 297 (12, 7efec9cc, 0, 0, 0, 7efec9cc)
            Xorg-489   [001] ....   523.695012: sys_exit: NR 297 = 8
            Xorg-489   [001] ....   523.695020: sys_enter: NR 146 (12, 7efecb54, 1, 0, 1, 7efecb54)
            Xorg-489   [001] .n..   523.695030: sys_exit: NR 146 = 32
        vncagent-505   [001] ....   523.695035: sys_exit: NR 168 = 1
        vncagent-505   [001] ....   523.695038: sys_enter: NR 297 (3, 7eac424c, 0, 0, c017a0, c007a0)
        vncagent-505   [001] ....   523.695043: sys_exit: NR 297 = 32
        vncagent-505   [001] ....   523.695051: sys_enter: NR 297 (3, 7eac462c, 0, 0, c017a0, 1)
        vncagent-505   [001] ....   523.695054: sys_exit: NR 297 = -11
        vncagent-505   [001] ....   523.695056: sys_enter: NR 297 (3, 7eac464c, 0, 0, c017a0, 7eac4724)
        vncagent-505   [001] ....   523.695057: sys_exit: NR 297 = -11
        vncagent-505   [001] ....   523.695061: sys_enter: NR 142 (e, 7eac4630, 7eac46b0, 7eac4730, 7eac4628, 7eac46ac)
            Xorg-489   [001] ....   523.695074: sys_enter: NR 297 (12, 7efec9cc, 0, 0, 0, 7efec9cc)
            Xorg-489   [001] ....   523.695077: sys_exit: NR 297 = -11
            Xorg-489   [001] ....   523.695079: sys_enter: NR 104 (0, 7efecbe4, 0, 0, 76fed968, 212b8c)
            Xorg-489   [001] ....   523.695081: sys_exit: NR 104 = 0
            Xorg-489   [001] ....   523.695083: sys_enter: NR 252 (3, 7efebbe0, 100, 15984, 15984, 100)
        vncagent-505   [001] ....   523.794181: sys_exit: NR 142 = 0
        vncagent-505   [001] ....   523.794185: sys_enter: NR 168 (7eac4304, 1, ffffffff, 0, c007a0, c007a0)
        vncagent-505   [001] ....   523.794188: sys_exit: NR 168 = 1
        vncagent-505   [001] ....   523.794189: sys_enter: NR 146 (3, 7eac43fc, 3, 0, 0, c007a0)
        vncagent-505   [001] ....   523.794201: sys_exit: NR 146 = 8
        vncagent-505   [001] ....   523.794204: sys_enter: NR 168 (7eac42ec, 1, ffffffff, 0, 7eac4470, c007a0)
            Xorg-489   [001] ....   523.794214: sys_exit: NR 252 = 1
            Xorg-489   [001] ....   523.794216: sys_enter: NR 104 (0, 7efecbe4, 0, 1388, 76fed968, 1)
            Xorg-489   [001] ....   523.794218: sys_exit: NR 104 = 0
            Xorg-489   [001] ....   523.794220: sys_enter: NR 297 (12, 7efec9cc, 0, 0, 0, 7efec9cc)
            Xorg-489   [001] ....   523.794225: sys_exit: NR 297 = 8
            Xorg-489   [001] ....   523.794230: sys_enter: NR 146 (12, 7efecb54, 1, 0, 1, 7efecb54)
            Xorg-489   [001] .n..   523.794240: sys_exit: NR 146 = 32
        vncagent-505   [001] ....   523.794246: sys_exit: NR 168 = 1
        vncagent-505   [001] ....   523.794248: sys_enter: NR 297 (3, 7eac424c, 0, 0, c017a0, c007a0)
        vncagent-505   [001] ....   523.794252: sys_exit: NR 297 = 32
        vncagent-505   [001] ....   523.794260: sys_enter: NR 297 (3, 7eac462c, 0, 0, c017a0, 1)
        vncagent-505   [001] ....   523.794263: sys_exit: NR 297 = -11
        vncagent-505   [001] ....   523.794264: sys_enter: NR 297 (3, 7eac464c, 0, 0, c017a0, 7eac4724)
        vncagent-505   [001] ....   523.794266: sys_exit: NR 297 = -11
        vncagent-505   [001] ....   523.794269: sys_enter: NR 142 (e, 7eac4630, 7eac46b0, 7eac4730, 7eac4628, 7eac46ac)
            Xorg-489   [001] ....   523.794282: sys_enter: NR 297 (12, 7efec9cc, 0, 0, 0, 7efec9cc)
            Xorg-489   [001] ....   523.794285: sys_exit: NR 297 = -11
            Xorg-489   [001] ....   523.794287: sys_enter: NR 104 (0, 7efecbe4, 0, 0, 76fed968, 212b8c)
            Xorg-489   [001] ....   523.794289: sys_exit: NR 104 = 0
            Xorg-489   [001] ....   523.794291: sys_enter: NR 252 (3, 7efebbe0, 100, 15920, 15920, 100)
        vncagent-505   [001] ....   523.894406: sys_exit: NR 142 = 0
        vncagent-505   [001] ....   523.894414: sys_enter: NR 168 (7eac4304, 1, ffffffff, 0, c007a0, c007a0)
        vncagent-505   [001] ....   523.894419: sys_exit: NR 168 = 1
        vncagent-505   [001] ....   523.894421: sys_enter: NR 146 (3, 7eac43fc, 3, 0, 0, c007a0)
        vncagent-505   [001] ....   523.894442: sys_exit: NR 146 = 8
        vncagent-505   [001] ....   523.894450: sys_enter: NR 168 (7eac42ec, 1, ffffffff, 0, 7eac4470, c007a0)
            Xorg-489   [001] ....   523.894470: sys_exit: NR 252 = 1
            Xorg-489   [001] ....   523.894474: sys_enter: NR 104 (0, 7efecbe4, 0, 1388, 76fed968, 1)
            Xorg-489   [001] ....   523.894478: sys_exit: NR 104 = 0
            Xorg-489   [001] ....   523.894482: sys_enter: NR 297 (12, 7efec9cc, 0, 0, 0, 7efec9cc)
            Xorg-489   [001] ....   523.894492: sys_exit: NR 297 = 8
            Xorg-489   [001] ....   523.894503: sys_enter: NR 146 (12, 7efecb54, 1, 0, 1, 7efecb54)
            Xorg-489   [001] .n..   523.894522: sys_exit: NR 146 = 32
        vncagent-505   [001] ....   523.894534: sys_exit: NR 168 = 1
        vncagent-505   [001] ....   523.894537: sys_enter: NR 297 (3, 7eac424c, 0, 0, c017a0, c007a0)
        vncagent-505   [001] ....   523.894547: sys_exit: NR 297 = 32
        vncagent-505   [001] ....   523.894562: sys_enter: NR 297 (3, 7eac462c, 0, 0, c017a0, 1)
        vncagent-505   [001] ....   523.894567: sys_exit: NR 297 = -11
        vncagent-505   [001] ....   523.894570: sys_enter: NR 297 (3, 7eac464c, 0, 0, c017a0, 7eac4724)
        vncagent-505   [001] ....   523.894574: sys_exit: NR 297 = -11
        vncagent-505   [001] ....   523.894581: sys_enter: NR 142 (e, 7eac4630, 7eac46b0, 7eac4730, 7eac4628, 7eac46ac)
            Xorg-489   [001] ....   523.894606: sys_enter: NR 297 (12, 7efec9cc, 0, 0, 0, 7efec9cc)
            Xorg-489   [001] ....   523.894611: sys_exit: NR 297 = -11
            Xorg-489   [001] ....   523.894615: sys_enter: NR 104 (0, 7efecbe4, 0, 0, 76fed968, 212b8c)
            Xorg-489   [001] ....   523.894619: sys_exit: NR 104 = 0
            Xorg-489   [001] ....   523.894623: sys_enter: NR 252 (3, 7efebbe0, 100, 158bc, 158bc, 100)
        vncagent-505   [001] ....   523.994756: sys_exit: NR 142 = 0
        vncagent-505   [001] ....   523.994763: sys_enter: NR 168 (7eac4304, 1, ffffffff, 0, c007a0, c007a0)
        vncagent-505   [001] ....   523.994768: sys_exit: NR 168 = 1
        vncagent-505   [001] ....   523.994770: sys_enter: NR 146 (3, 7eac43fc, 3, 0, 0, c007a0)
        vncagent-505   [001] ....   523.994792: sys_exit: NR 146 = 8
        vncagent-505   [001] ....   523.994799: sys_enter: NR 168 (7eac42ec, 1, ffffffff, 0, 7eac4470, c007a0)
            Xorg-489   [001] ....   523.994818: sys_exit: NR 252 = 1
            Xorg-489   [001] ....   523.994823: sys_enter: NR 104 (0, 7efecbe4, 0, 1388, 76fed968, 1)
            Xorg-489   [001] ....   523.994829: sys_exit: NR 104 = 0
            Xorg-489   [001] ....   523.994833: sys_enter: NR 297 (12, 7efec9cc, 0, 0, 0, 7efec9cc)
            Xorg-489   [001] ....   523.994843: sys_exit: NR 297 = 8
            Xorg-489   [001] ....   523.994853: sys_enter: NR 146 (12, 7efecb54, 1, 0, 1, 7efecb54)
            Xorg-489   [001] .n..   523.994872: sys_exit: NR 146 = 32
        vncagent-505   [001] ....   523.994884: sys_exit: NR 168 = 1
        vncagent-505   [001] ....   523.994887: sys_enter: NR 297 (3, 7eac424c, 0, 0, c017a0, c007a0)
        vncagent-505   [001] ....   523.994897: sys_exit: NR 297 = 32
        vncagent-505   [001] ....   523.994913: sys_enter: NR 297 (3, 7eac462c, 0, 0, c017a0, 1)
        vncagent-505   [001] ....   523.994917: sys_exit: NR 297 = -11
        vncagent-505   [001] ....   523.994921: sys_enter: NR 297 (3, 7eac464c, 0, 0, c017a0, 7eac4724)
        vncagent-505   [001] ....   523.994924: sys_exit: NR 297 = -11
        vncagent-505   [001] ....   523.994930: sys_enter: NR 142 (e, 7eac4630, 7eac46b0, 7eac4730, 7eac4628, 7eac46ac)
            Xorg-489   [001] ....   523.994957: sys_enter: NR 297 (12, 7efec9cc, 0, 0, 0, 7efec9cc)
            Xorg-489   [001] ....   523.994962: sys_exit: NR 297 = -11
            Xorg-489   [001] ....   523.994965: sys_enter: NR 104 (0, 7efecbe4, 0, 0, 76fed968, 212b8c)
            Xorg-489   [001] ....   523.994969: sys_exit: NR 104 = 0
            Xorg-489   [001] ....   523.994973: sys_enter: NR 252 (3, 7efebbe0, 100, 15858, 15858, 100)
        vncagent-505   [001] ....   524.095099: sys_exit: NR 142 = 0
        vncagent-505   [001] ....   524.095106: sys_enter: NR 168 (7eac4304, 1, ffffffff, 0, c007a0, c007a0)
        vncagent-505   [001] ....   524.095111: sys_exit: NR 168 = 1
        vncagent-505   [001] ....   524.095116: sys_enter: NR 146 (3, 7eac43fc, 3, 0, 0, c007a0)
        vncagent-505   [001] ....   524.095138: sys_exit: NR 146 = 8
        vncagent-505   [001] ....   524.095145: sys_enter: NR 168 (7eac42ec, 1, ffffffff, 0, 7eac4470, c007a0)
            Xorg-489   [001] ....   524.095164: sys_exit: NR 252 = 1
            Xorg-489   [001] ....   524.095168: sys_enter: NR 104 (0, 7efecbe4, 0, 1388, 76fed968, 1)
            Xorg-489   [001] ....   524.095173: sys_exit: NR 104 = 0
            Xorg-489   [001] ....   524.095176: sys_enter: NR 297 (12, 7efec9cc, 0, 0, 0, 7efec9cc)
            Xorg-489   [001] ....   524.095187: sys_exit: NR 297 = 8
            Xorg-489   [001] ....   524.095197: sys_enter: NR 146 (12, 7efecb54, 1, 0, 1, 7efecb54)
            Xorg-489   [001] .n..   524.095218: sys_exit: NR 146 = 32
        vncagent-505   [001] ....   524.095230: sys_exit: NR 168 = 1
        vncagent-505   [001] ....   524.095233: sys_enter: NR 297 (3, 7eac424c, 0, 0, c017a0, c007a0)
        vncagent-505   [001] ....   524.095243: sys_exit: NR 297 = 32
        vncagent-505   [001] ....   524.095258: sys_enter: NR 297 (3, 7eac462c, 0, 0, c017a0, 1)
        vncagent-505   [001] ....   524.095263: sys_exit: NR 297 = -11
        vncagent-505   [001] ....   524.095266: sys_enter: NR 297 (3, 7eac464c, 0, 0, c017a0, 7eac4724)
        vncagent-505   [001] ....   524.095270: sys_exit: NR 297 = -11
        vncagent-505   [001] ....   524.095276: sys_enter: NR 142 (e, 7eac4630, 7eac46b0, 7eac4730, 7eac4628, 7eac46ac)
            Xorg-489   [001] ....   524.095301: sys_enter: NR 297 (12, 7efec9cc, 0, 0, 0, 7efec9cc)
            Xorg-489   [001] ....   524.095306: sys_exit: NR 297 = -11
            Xorg-489   [001] ....   524.095310: sys_enter: NR 104 (0, 7efecbe4, 0, 0, 76fed968, 212b8c)
            Xorg-489   [001] ....   524.095314: sys_exit: NR 104 = 0
            Xorg-489   [001] ....   524.095319: sys_enter: NR 252 (3, 7efebbe0, 100, 157f3, 157f3, 100)
         lxpanel-685   [002] ....   524.170233: sys_exit: NR 168 = 0
         lxpanel-685   [002] ....   524.170278: sys_enter: NR 297 (3, 7ef8265c, 0, 0, 0, 7ef8265c)
         lxpanel-685   [002] ....   524.170284: sys_exit: NR 297 = -11
         lxpanel-685   [002] ....   524.170289: sys_enter: NR 297 (3, 7ef8267c, 0, 0, 0, 7ef8267c)
         lxpanel-685   [002] ....   524.170293: sys_exit: NR 297 = -11
         lxpanel-685   [002] ....   524.170307: sys_enter: NR 168 (1f4bdf8, 5, 258, 0, 258, 5)
        vncagent-505   [001] ....   524.194417: sys_exit: NR 142 = 0
        vncagent-505   [001] ....   524.194424: sys_enter: NR 168 (7eac4304, 1, ffffffff, 0, c007a0, c007a0)
        vncagent-505   [001] ....   524.194429: sys_exit: NR 168 = 1
        vncagent-505   [001] ....   524.194431: sys_enter: NR 146 (3, 7eac43fc, 3, 0, 0, c007a0)
        vncagent-505   [001] ....   524.194454: sys_exit: NR 146 = 8
        vncagent-505   [001] ....   524.194461: sys_enter: NR 168 (7eac42ec, 1, ffffffff, 0, 7eac4470, c007a0)
            Xorg-489   [001] ....   524.194480: sys_exit: NR 252 = 1
            Xorg-489   [001] ....   524.194484: sys_enter: NR 104 (0, 7efecbe4, 0, 1388, 76fed968, 1)
            Xorg-489   [001] ....   524.194489: sys_exit: NR 104 = 0
            Xorg-489   [001] ....   524.194492: sys_enter: NR 297 (12, 7efec9cc, 0, 0, 0, 7efec9cc)
            Xorg-489   [001] ....   524.194503: sys_exit: NR 297 = 8
            Xorg-489   [001] ....   524.194513: sys_enter: NR 146 (12, 7efecb54, 1, 0, 1, 7efecb54)
            Xorg-489   [001] .n..   524.194533: sys_exit: NR 146 = 32
        vncagent-505   [001] ....   524.194545: sys_exit: NR 168 = 1
        vncagent-505   [001] ....   524.194548: sys_enter: NR 297 (3, 7eac424c, 0, 0, c017a0, c007a0)
        vncagent-505   [001] ....   524.194558: sys_exit: NR 297 = 32
        vncagent-505   [001] ....   524.194573: sys_enter: NR 297 (3, 7eac462c, 0, 0, c017a0, 1)
        vncagent-505   [001] ....   524.194579: sys_exit: NR 297 = -11
        vncagent-505   [001] ....   524.194582: sys_enter: NR 297 (3, 7eac464c, 0, 0, c017a0, 7eac4724)
        vncagent-505   [001] ....   524.194586: sys_exit: NR 297 = -11
        vncagent-505   [001] ....   524.194592: sys_enter: NR 142 (e, 7eac4630, 7eac46b0, 7eac4730, 7eac4628, 7eac46ac)
            Xorg-489   [001] ....   524.194617: sys_enter: NR 297 (12, 7efec9cc, 0, 0, 0, 7efec9cc)
            Xorg-489   [001] ....   524.194622: sys_exit: NR 297 = -11
            Xorg-489   [001] ....   524.194626: sys_enter: NR 104 (0, 7efecbe4, 0, 0, 76fed968, 212b8c)
            Xorg-489   [001] ....   524.194630: sys_exit: NR 104 = 0
            Xorg-489   [001] ....   524.194634: sys_enter: NR 252 (3, 7efebbe0, 100, 15790, 15790, 100)
       ssh-agent-655   [001] ....   524.288228: sys_exit: NR 168 = 0
       ssh-agent-655   [001] ....   524.288236: sys_enter: NR 64 (76f724e0, 1, 2710, 251, 0, 1)
       ssh-agent-655   [001] ....   524.288240: sys_exit: NR 64 = 593
       ssh-agent-655   [001] ....   524.288244: sys_enter: NR 263 (7, 7e8c091c, 7d07b4ba, 7eda5450, 7e8c091c, 7)
       ssh-agent-655   [001] ....   524.288250: sys_exit: NR 263 = 0
       ssh-agent-655   [001] ....   524.288255: sys_enter: NR 263 (7, 7e8c091c, 7d07b4ba, 7eda5450, 7e8c091c, 7)
       ssh-agent-655   [001] ....   524.288257: sys_exit: NR 263 = 0
       ssh-agent-655   [001] ....   524.288261: sys_enter: NR 168 (1995d50, 1, 2710, 0, a, 1)
        vncagent-505   [001] ....   524.294728: sys_exit: NR 142 = 0
        vncagent-505   [001] ....   524.294736: sys_enter: NR 168 (7eac4304, 1, ffffffff, 0, c007a0, c007a0)
        vncagent-505   [001] ....   524.294741: sys_exit: NR 168 = 1
        vncagent-505   [001] ....   524.294743: sys_enter: NR 146 (3, 7eac43fc, 3, 0, 0, c007a0)
        vncagent-505   [001] ....   524.294765: sys_exit: NR 146 = 8
        vncagent-505   [001] ....   524.294772: sys_enter: NR 168 (7eac42ec, 1, ffffffff, 0, 7eac4470, c007a0)
            Xorg-489   [001] ....   524.294791: sys_exit: NR 252 = 1
            Xorg-489   [001] ....   524.294796: sys_enter: NR 104 (0, 7efecbe4, 0, 1388, 76fed968, 1)
            Xorg-489   [001] ....   524.294801: sys_exit: NR 104 = 0
            Xorg-489   [001] ....   524.294804: sys_enter: NR 297 (12, 7efec9cc, 0, 0, 0, 7efec9cc)
            Xorg-489   [001] ....   524.294815: sys_exit: NR 297 = 8
            Xorg-489   [001] ....   524.294825: sys_enter: NR 146 (12, 7efecb54, 1, 0, 1, 7efecb54)
            Xorg-489   [001] .n..   524.294846: sys_exit: NR 146 = 32
        vncagent-505   [001] ....   524.294858: sys_exit: NR 168 = 1
        vncagent-505   [001] ....   524.294861: sys_enter: NR 297 (3, 7eac424c, 0, 0, c017a0, c007a0)
        vncagent-505   [001] ....   524.294871: sys_exit: NR 297 = 32
        vncagent-505   [001] ....   524.294886: sys_enter: NR 297 (3, 7eac462c, 0, 0, c017a0, 1)
        vncagent-505   [001] ....   524.294891: sys_exit: NR 297 = -11
        vncagent-505   [001] ....   524.294894: sys_enter: NR 297 (3, 7eac464c, 0, 0, c017a0, 7eac4724)
        vncagent-505   [001] ....   524.294898: sys_exit: NR 297 = -11
        vncagent-505   [001] ....   524.294904: sys_enter: NR 142 (e, 7eac4630, 7eac46b0, 7eac4730, 7eac4628, 7eac46ac)
            Xorg-489   [001] ....   524.294929: sys_enter: NR 297 (12, 7efec9cc, 0, 0, 0, 7efec9cc)
            Xorg-489   [001] ....   524.294934: sys_exit: NR 297 = -11
            Xorg-489   [001] ....   524.294938: sys_enter: NR 104 (0, 7efecbe4, 0, 0, 76fed968, 212b8c)
            Xorg-489   [001] ....   524.294942: sys_exit: NR 104 = 0
            Xorg-489   [001] ....   524.294946: sys_enter: NR 252 (3, 7efebbe0, 100, 1572c, 1572c, 100)
        vncagent-505   [001] ....   524.395072: sys_exit: NR 142 = 0
        vncagent-505   [001] ....   524.395080: sys_enter: NR 168 (7eac4304, 1, ffffffff, 0, c007a0, c007a0)
        vncagent-505   [001] ....   524.395085: sys_exit: NR 168 = 1
        vncagent-505   [001] ....   524.395088: sys_enter: NR 146 (3, 7eac43fc, 3, 0, 0, c007a0)
        vncagent-505   [001] ....   524.395109: sys_exit: NR 146 = 8
        vncagent-505   [001] ....   524.395116: sys_enter: NR 168 (7eac42ec, 1, ffffffff, 0, 7eac4470, c007a0)
            Xorg-489   [001] ....   524.395135: sys_exit: NR 252 = 1
            Xorg-489   [001] ....   524.395139: sys_enter: NR 104 (0, 7efecbe4, 0, 1388, 76fed968, 1)
            Xorg-489   [001] ....   524.395144: sys_exit: NR 104 = 0
            Xorg-489   [001] ....   524.395148: sys_enter: NR 297 (12, 7efec9cc, 0, 0, 0, 7efec9cc)
            Xorg-489   [001] ....   524.395158: sys_exit: NR 297 = 8
            Xorg-489   [001] ....   524.395168: sys_enter: NR 146 (12, 7efecb54, 1, 0, 1, 7efecb54)
            Xorg-489   [001] .n..   524.395188: sys_exit: NR 146 = 32
        vncagent-505   [001] ....   524.395200: sys_exit: NR 168 = 1
        vncagent-505   [001] ....   524.395204: sys_enter: NR 297 (3, 7eac424c, 0, 0, c017a0, c007a0)
        vncagent-505   [001] ....   524.395214: sys_exit: NR 297 = 32
        vncagent-505   [001] ....   524.395229: sys_enter: NR 297 (3, 7eac462c, 0, 0, c017a0, 1)
        vncagent-505   [001] ....   524.395234: sys_exit: NR 297 = -11
        vncagent-505   [001] ....   524.395237: sys_enter: NR 297 (3, 7eac464c, 0, 0, c017a0, 7eac4724)
        vncagent-505   [001] ....   524.395241: sys_exit: NR 297 = -11
        vncagent-505   [001] ....   524.395247: sys_enter: NR 142 (e, 7eac4630, 7eac46b0, 7eac4730, 7eac4628, 7eac46ac)
            Xorg-489   [001] ....   524.395273: sys_enter: NR 297 (12, 7efec9cc, 0, 0, 0, 7efec9cc)
            Xorg-489   [001] ....   524.395278: sys_exit: NR 297 = -11
            Xorg-489   [001] ....   524.395281: sys_enter: NR 104 (0, 7efecbe4, 0, 0, 76fed968, 212b8c)
            Xorg-489   [001] ....   524.395285: sys_exit: NR 104 = 0
            Xorg-489   [001] ....   524.395289: sys_enter: NR 252 (3, 7efebbe0, 100, 156c7, 156c7, 100)
      tailscaled-543   [001] ....   524.435110: sys_exit: NR 346 = 0
      tailscaled-543   [001] ....   524.435135: sys_enter: NR 346 (4, 3015680, 80, 0, 0, 0)
      tailscaled-543   [001] ....   524.435139: sys_exit: NR 346 = 0
      tailscaled-543   [001] ....   524.435179: sys_enter: NR 240 (2ea90d4, 81, 1, 0, 0, 0)
      tailscaled-543   [001] ....   524.435189: sys_exit: NR 240 = 1
      tailscaled-422   [002] ....   524.435202: sys_exit: NR 240 = -110
      tailscaled-422   [002] ....   524.435213: sys_enter: NR 20 (17, 2c463a0, 2ea8a14, 0, fffffade, 1)
      tailscaled-545   [000] ....   524.435215: sys_exit: NR 240 = 0
      tailscaled-422   [002] ....   524.435217: sys_exit: NR 20 = 366
      tailscaled-422   [002] ....   524.435220: sys_enter: NR 268 (16e, 21f, 17, 0, fffffade, 1)
      tailscaled-545   [000] ....   524.435228: sys_enter: NR 346 (4, 30f7680, 80, 0, 0, 0)
      tailscaled-545   [000] ....   524.435232: sys_exit: NR 346 = 0
      tailscaled-543   [001] ....   524.435237: sys_enter: NR 346 (4, 3015680, 80, 8b, 0, 0)
      tailscaled-422   [002] ....   524.435240: sys_exit: NR 268 = 0
      tailscaled-543   [001] ....   524.435245: sys_exit: NR 346 = -4
      tailscaled-422   [002] ....   524.435246: sys_enter: NR 162 (2c49f60, 0, 79, 14, 0, 0)
      tailscaled-545   [000] ....   524.435256: sys_enter: NR 240 (2ea90d4, 80, 0, 0, 0, 0)
      tailscaled-543   [001] ....   524.435287: sys_enter: NR 173 (0, 17, 17, 1, 0, 0)
      tailscaled-543   [001] ....   524.435295: sys_exit: NR 173 = -4
      tailscaled-543   [001] ....   524.435305: sys_enter: NR 346 (4, 3015680, 80, 0, 0, 0)
      tailscaled-543   [001] ....   524.435308: sys_exit: NR 346 = 0
      tailscaled-543   [001] ....   524.435329: sys_enter: NR 346 (4, 3015680, 80, 8a, 0, 0)
      tailscaled-422   [002] ....   524.435343: sys_exit: NR 162 = 0
      tailscaled-422   [002] ....   524.435352: sys_enter: NR 240 (1695bd4, 80, 0, 2c49f28, 0, 0)
      tailscaled-543   [001] ....   524.471414: sys_exit: NR 346 = 1
      tailscaled-543   [001] ....   524.471441: sys_enter: NR 240 (1695bd4, 81, 1, 0, 0, 0)
      tailscaled-543   [001] ....   524.471449: sys_exit: NR 240 = 1
      tailscaled-543   [001] ....   524.471455: sys_enter: NR 365 (11, 5a00008, 80, 0, 0, 0)
      tailscaled-422   [002] ....   524.471475: sys_exit: NR 240 = 0
      tailscaled-543   [001] ....   524.471484: sys_exit: NR 365 = 1
      tailscaled-422   [002] ....   524.471486: sys_enter: NR 162 (2c49f60, 0, 79, 14, 0, 0)
      tailscaled-422   [002] ....   524.471586: sys_exit: NR 162 = 0
      tailscaled-422   [002] ....   524.471594: sys_enter: NR 162 (2c49f60, 0, 79, 14, 0, 0)
      tailscaled-543   [001] ....   524.471672: sys_enter: NR 240 (2ea90d4, 81, 1, 0, 0, 0)
      tailscaled-543   [001] ....   524.471680: sys_exit: NR 240 = 1
      tailscaled-422   [002] ....   524.471689: sys_exit: NR 162 = 0
      tailscaled-422   [002] ....   524.471696: sys_enter: NR 162 (2c49f60, 0, 79, 14, 0, 0)
      tailscaled-545   [000] ....   524.471703: sys_exit: NR 240 = 0
      tailscaled-545   [000] ....   524.471714: sys_enter: NR 346 (4, 30f7680, 80, 0, 0, 0)
      tailscaled-545   [000] ....   524.471718: sys_exit: NR 346 = 0
      tailscaled-545   [000] ....   524.471729: sys_enter: NR 162 (30f7dcc, 0, 2f83448, 3, 7a, 1)
      tailscaled-543   [001] ....   524.471758: sys_enter: NR 365 (11, 60d0008, 80, 0, 0, 0)
      tailscaled-543   [001] ....   524.471765: sys_exit: NR 365 = -11
      tailscaled-422   [002] ....   524.471791: sys_exit: NR 162 = 0
      tailscaled-422   [002] ....   524.471798: sys_enter: NR 162 (2c49f60, 0, 79, 14, 0, 0)
      tailscaled-545   [000] ....   524.471810: sys_exit: NR 162 = 0
      tailscaled-543   [001] ....   524.471811: sys_enter: NR 384 (2c40120, 18, 0, 0, 0, 0)
      tailscaled-543   [001] ....   524.471821: sys_exit: NR 384 = 24
      tailscaled-545   [000] ....   524.471828: sys_enter: NR 346 (4, 30f7680, 80, 66, 0, 0)
      tailscaled-543   [001] ....   524.471860: sys_enter: NR 290 (11, 2db0400, 6e, 0, 5e2da00, 10)
      tailscaled-422   [002] ....   524.471893: sys_exit: NR 162 = 0
      tailscaled-422   [002] ....   524.471899: sys_enter: NR 162 (2c49f60, 0, 79, 14, 0, 0)
      tailscaled-543   [001] ....   524.471981: sys_exit: NR 290 = 110
      tailscaled-543   [001] ....   524.472020: sys_enter: NR 240 (2ea88d4, 80, 0, 0, 0, 0)
      tailscaled-422   [002] ....   524.472047: sys_exit: NR 162 = 0
      tailscaled-422   [002] ....   524.472057: sys_enter: NR 240 (1695bd4, 80, 0, 2c49f28, 0, 0)
      tailscaled-545   [000] ....   524.472129: sys_exit: NR 346 = 1
      tailscaled-545   [000] ....   524.472144: sys_enter: NR 346 (4, 30f7680, 80, 0, 0, 0)
      tailscaled-545   [000] ....   524.472148: sys_exit: NR 346 = 0
      tailscaled-545   [000] ....   524.472167: sys_enter: NR 346 (4, 30f7680, 80, 66, 0, 0)
        vncagent-505   [001] ....   524.494396: sys_exit: NR 142 = 0
        vncagent-505   [001] ....   524.494419: sys_enter: NR 168 (7eac4304, 1, ffffffff, 0, c007a0, c007a0)
        vncagent-505   [001] ....   524.494427: sys_exit: NR 168 = 1
        vncagent-505   [001] ....   524.494430: sys_enter: NR 146 (3, 7eac43fc, 3, 0, 0, c007a0)
        vncagent-505   [001] ....   524.494468: sys_exit: NR 146 = 8
        vncagent-505   [001] ....   524.494482: sys_enter: NR 168 (7eac42ec, 1, ffffffff, 0, 7eac4470, c007a0)
            Xorg-489   [001] ....   524.494505: sys_exit: NR 252 = 1
            Xorg-489   [001] ....   524.494516: sys_enter: NR 104 (0, 7efecbe4, 0, 1388, 76fed968, 1)
            Xorg-489   [001] ....   524.494523: sys_exit: NR 104 = 0
            Xorg-489   [001] ....   524.494532: sys_enter: NR 297 (12, 7efec9cc, 0, 0, 0, 7efec9cc)
            Xorg-489   [001] ....   524.494547: sys_exit: NR 297 = 8
            Xorg-489   [001] ....   524.494572: sys_enter: NR 146 (12, 7efecb54, 1, 0, 1, 7efecb54)
            Xorg-489   [001] .n..   524.494599: sys_exit: NR 146 = 32
        vncagent-505   [001] ....   524.494613: sys_exit: NR 168 = 1
        vncagent-505   [001] ....   524.494617: sys_enter: NR 297 (3, 7eac424c, 0, 0, c017a0, c007a0)
