        vncagent-505   [001] ....   527.595093: sys_exit: NR 297 = 32
        vncagent-505   [001] ....   527.595109: sys_enter: NR 297 (3, 7eac462c, 0, 0, c017a0, 1)
        vncagent-505   [001] ....   527.595113: sys_exit: NR 297 = -11
        vncagent-505   [001] ....   527.595117: sys_enter: NR 297 (3, 7eac464c, 0, 0, c017a0, 7eac4724)
        vncagent-505   [001] ....   527.595120: sys_exit: NR 297 = -11
        vncagent-505   [001] ....   527.595127: sys_enter: NR 142 (e, 7eac4630, 7eac46b0, 7eac4730, 7eac4628, 7eac46ac)
            Xorg-489   [001] ....   527.595152: sys_enter: NR 297 (12, 7efec9cc, 0, 0, 0, 7efec9cc)
            Xorg-489   [001] ....   527.595157: sys_exit: NR 297 = -11
            Xorg-489   [001] ....   527.595161: sys_enter: NR 104 (0, 7efecbe4, 0, 0, 76fed968, 212b8c)
            Xorg-489   [001] ....   527.595164: sys_exit: NR 104 = 0
            Xorg-489   [001] ....   527.595169: sys_enter: NR 252 (3, 7efebbe0, 100, 14a47, 14a47, 100)
      tailscaled-543   [001] ....   527.598435: sys_exit: NR 346 = 0
      tailscaled-543   [001] ....   527.598450: sys_enter: NR 346 (4, 3015680, 80, 0, 0, 0)
      tailscaled-543   [001] ....   527.598454: sys_exit: NR 346 = 0
      tailscaled-543   [001] ....   527.598474: sys_enter: NR 346 (4, 3015680, 80, 1, 0, 0)
      tailscaled-422   [002] ....   527.598914: sys_exit: NR 240 = -110
      tailscaled-422   [002] ....   527.598921: sys_enter: NR 162 (2c49f60, 0, 7a, 14, 0, 0)
      tailscaled-422   [002] ....   527.599015: sys_exit: NR 162 = 0
      tailscaled-422   [002] ....   527.599024: sys_enter: NR 162 (2c49f60, 0, 7a, 14, 0, 0)
      tailscaled-422   [002] ....   527.599118: sys_exit: NR 162 = 0
      tailscaled-422   [002] ....   527.599127: sys_enter: NR 162 (2c49f60, 0, 7a, 14, 0, 0)
      tailscaled-422   [002] ....   527.599220: sys_exit: NR 162 = 0
      tailscaled-422   [002] ....   527.599229: sys_enter: NR 162 (2c49f60, 0, 7a, 14, 0, 0)
      tailscaled-422   [002] ....   527.599322: sys_exit: NR 162 = 0
      tailscaled-422   [002] ....   527.599331: sys_enter: NR 162 (2c49f60, 0, 7a, 14, 0, 0)
      tailscaled-422   [002] ....   527.599426: sys_exit: NR 162 = 0
      tailscaled-422   [002] ....   527.599435: sys_enter: NR 162 (2c49f60, 0, 7a, 14, 0, 0)
      tailscaled-422   [002] ....   527.599528: sys_exit: NR 162 = 0
      tailscaled-422   [002] ....   527.599537: sys_enter: NR 162 (2c49f60, 0, 7a, 14, 0, 0)
      tailscaled-543   [001] ....   527.599553: sys_exit: NR 346 = 0
      tailscaled-543   [001] ....   527.599565: sys_enter: NR 346 (4, 3015680, 80, 0, 0, 0)
      tailscaled-543   [001] ....   527.599568: sys_exit: NR 346 = 0
      tailscaled-543   [001] ....   527.599609: sys_enter: NR 240 (2ea90d4, 81, 1, 0, 0, 0)
      tailscaled-543   [001] ....   527.599616: sys_exit: NR 240 = 1
      tailscaled-422   [002] ....   527.599630: sys_exit: NR 162 = 0
      tailscaled-422   [002] ....   527.599637: sys_enter: NR 20 (17, 2c463a0, 2ea8a14, 0, fffffade, 1)
      tailscaled-545   [000] ....   527.599639: sys_exit: NR 240 = 0
      tailscaled-422   [002] ....   527.599640: sys_exit: NR 20 = 366
      tailscaled-422   [002] ....   527.599642: sys_enter: NR 268 (16e, 21f, 17, 0, fffffade, 1)
      tailscaled-545   [000] ....   527.599649: sys_enter: NR 346 (4, 30f7680, 80, 0, 0, 0)
      tailscaled-545   [000] ....   527.599652: sys_exit: NR 346 = 0
      tailscaled-543   [001] ....   527.599654: sys_enter: NR 384 (613ae18, c, 0, 0, 0, 0)
      tailscaled-422   [002] ....   527.599660: sys_exit: NR 268 = 0
      tailscaled-422   [002] ....   527.599664: sys_enter: NR 162 (2c49f60, 0, 7a, 14, 0, 0)
      tailscaled-543   [001] ....   527.599667: sys_exit: NR 384 = 12
      tailscaled-545   [000] ....   527.599674: sys_enter: NR 346 (4, 30f7680, 80, 343, 0, 0)
      tailscaled-543   [001] ....   527.599708: sys_enter: NR 173 (0, 17, 17, 1, 0, 0)
      tailscaled-543   [001] ....   527.599715: sys_exit: NR 173 = 12
      tailscaled-422   [002] ....   527.599758: sys_exit: NR 162 = 0
      tailscaled-543   [001] ....   527.599758: sys_enter: NR 240 (2c808d4, 81, 1, 0, 0, 0)
      tailscaled-422   [002] ....   527.599764: sys_enter: NR 162 (2c49f60, 0, 7a, 14, 0, 0)
      tailscaled-543   [001] ....   527.599766: sys_exit: NR 240 = 1
      tailscaled-533   [002] ....   527.599792: sys_exit: NR 240 = 0
      tailscaled-533   [002] ....   527.599821: sys_enter: NR 240 (2c808d4, 80, 0, 0, 0, 0)
      tailscaled-543   [001] ....   527.599832: sys_enter: NR 384 (2cc8210, 18, 0, 0, 0, 0)
      tailscaled-543   [001] ....   527.599839: sys_exit: NR 384 = 24
      tailscaled-422   [002] ....   527.599870: sys_exit: NR 162 = 0
      tailscaled-422   [002] ....   527.599877: sys_enter: NR 162 (2c49f60, 0, 7a, 14, 0, 0)
      tailscaled-543   [001] ....   527.599899: sys_enter: NR 290 (11, 5cc6a00, 7c, 0, 59d390c, 10)
      tailscaled-422   [002] ....   527.599971: sys_exit: NR 162 = 0
      tailscaled-422   [002] ....   527.599979: sys_enter: NR 162 (2c49f60, 0, 7a, 14, 0, 0)
      tailscaled-543   [001] ....   527.600062: sys_exit: NR 290 = 124
      tailscaled-543   [001] ....   527.600103: sys_enter: NR 240 (2ea88d4, 80, 0, 0, 0, 0)
      tailscaled-422   [002] ....   527.600121: sys_exit: NR 162 = 0
      tailscaled-422   [002] ....   527.600157: sys_enter: NR 240 (1695bd4, 80, 0, 2c49f28, 0, 0)
      tailscaled-545   [000] ....   527.603376: sys_exit: NR 346 = 1
      tailscaled-545   [000] ....   527.603410: sys_enter: NR 346 (4, 30f7680, 80, 0, 0, 0)
      tailscaled-545   [000] ....   527.603414: sys_exit: NR 346 = 0
      tailscaled-545   [000] ....   527.603451: sys_enter: NR 346 (4, 30f7680, 80, 33f, 0, 0)
      tailscaled-545   [000] ....   527.605312: sys_exit: NR 346 = 1
      tailscaled-545   [000] ....   527.605350: sys_enter: NR 240 (1695bd4, 81, 1, 0, 0, 0)
      tailscaled-545   [000] ....   527.605357: sys_exit: NR 240 = 1
      tailscaled-545   [000] ....   527.605361: sys_enter: NR 365 (11, 60d0008, 80, 0, 0, 0)
      tailscaled-422   [002] .n..   527.605384: sys_exit: NR 240 = 0
      tailscaled-545   [000] ....   527.605412: sys_exit: NR 365 = 1
      tailscaled-422   [002] .n..   527.605481: sys_enter: NR 162 (2c49f60, 0, 7a, 14, 0, 0)
      tailscaled-422   [002] ....   527.605586: sys_exit: NR 162 = 0
      tailscaled-545   [000] ....   527.605589: sys_enter: NR 240 (2ea88d4, 81, 1, 0, 0, 0)
      tailscaled-422   [002] ....   527.605594: sys_enter: NR 162 (2c49f60, 0, 7a, 14, 0, 0)
      tailscaled-545   [000] ....   527.605597: sys_exit: NR 240 = 1
      tailscaled-543   [001] ....   527.605616: sys_exit: NR 240 = 0
      tailscaled-543   [001] ....   527.605626: sys_enter: NR 346 (4, 30156a4, 80, 0, 0, 0)
      tailscaled-543   [001] ....   527.605633: sys_exit: NR 346 = 1
      tailscaled-543   [001] ....   527.605646: sys_enter: NR 162 (3015df0, 0, 5b72128, 3, 7a, 0)
      tailscaled-545   [000] ....   527.605672: sys_enter: NR 365 (11, 5a02608, 80, 0, 0, 0)
      tailscaled-422   [002] ....   527.605690: sys_exit: NR 162 = 0
      tailscaled-545   [000] ....   527.605690: sys_exit: NR 365 = 1
      tailscaled-422   [002] ....   527.605697: sys_enter: NR 162 (2c49f60, 0, 7a, 14, 0, 0)
      tailscaled-543   [001] ....   527.605732: sys_exit: NR 162 = 0
      tailscaled-543   [001] ....   527.605742: sys_enter: NR 240 (2c808d4, 81, 1, 0, 0, 0)
      tailscaled-543   [001] ....   527.605750: sys_exit: NR 240 = 1
      tailscaled-533   [002] ....   527.605769: sys_exit: NR 240 = 0
      tailscaled-543   [001] ....   527.605782: sys_enter: NR 384 (2c40168, 18, 0, 0, 0, 0)
      tailscaled-543   [001] ....   527.605789: sys_exit: NR 384 = 24
      tailscaled-533   [002] ....   527.605795: sys_enter: NR 346 (4, 3019680, 80, 0, 0, 0)
      tailscaled-533   [002] ....   527.605798: sys_exit: NR 346 = 0
      tailscaled-533   [002] ....   527.605809: sys_enter: NR 240 (2c5e8d4, 81, 1, 0, 0, 0)
      tailscaled-533   [002] ....   527.605819: sys_exit: NR 240 = 1
      tailscaled-543   [001] ....   527.605828: sys_enter: NR 290 (11, 2db0e00, 6e, 0, 59d3a00, 10)
      tailscaled-423   [000] ....   527.605842: sys_exit: NR 240 = 0
      tailscaled-533   [002] ....   527.605846: sys_enter: NR 346 (4, 3019680, 80, 0, 0, 0)
      tailscaled-533   [002] ....   527.605849: sys_exit: NR 346 = 0
      tailscaled-423   [000] ....   527.605863: sys_enter: NR 162 (2c77dcc, 0, 2c83568, 3, 7a, 1)
      tailscaled-533   [002] ....   527.605863: sys_enter: NR 162 (3019dcc, 0, 2c83568, 3, 7a, 1)
      tailscaled-422   [002] ....   527.605881: sys_exit: NR 162 = 0
      tailscaled-422   [002] ....   527.605888: sys_enter: NR 162 (2c49f60, 0, 7a, 14, 0, 0)
      tailscaled-543   [001] ....   527.605924: sys_exit: NR 290 = 110
      tailscaled-423   [000] ....   527.605940: sys_exit: NR 162 = 0
      tailscaled-543   [001] ....   527.605945: sys_enter: NR 346 (4, 30156a4, 80, 0, 0, 0)
      tailscaled-543   [001] ....   527.605949: sys_exit: NR 346 = 0
      tailscaled-543   [001] ....   527.605978: sys_enter: NR 346 (4, 30156a4, 80, 33d, 0, 0)
      tailscaled-533   [002] ....   527.605999: sys_exit: NR 162 = 0
      tailscaled-533   [002] ....   527.606014: sys_enter: NR 158 (101, 4, 1695b44, 1, 0, 0)
      tailscaled-423   [000] ....   527.606029: sys_enter: NR 240 (2c800d4, 81, 1, 0, 0, 0)
      tailscaled-423   [000] ....   527.606037: sys_exit: NR 240 = 1
      tailscaled-426   [002] ....   527.606069: sys_exit: NR 240 = 0
      tailscaled-543   [001] ....   527.606080: sys_exit: NR 346 = 1
      tailscaled-543   [001] ....   527.606094: sys_enter: NR 346 (4, 30156a4, 80, 0, 0, 0)
      tailscaled-543   [001] ....   527.606098: sys_exit: NR 346 = 0
      tailscaled-426   [002] ....   527.606100: sys_enter: NR 346 (4, 2c95680, 80, 33d, 0, 0)
      tailscaled-422   [002] ....   527.606119: sys_exit: NR 162 = 0
      tailscaled-543   [001] ....   527.606120: sys_enter: NR 240 (2ea88d4, 80, 0, 0, 0, 0)
      tailscaled-422   [002] ....   527.606126: sys_enter: NR 162 (2c49f60, 0, 7a, 14, 0, 0)
      tailscaled-533   [002] ....   527.606140: sys_exit: NR 158 = 0
      tailscaled-533   [002] ....   527.606145: sys_enter: NR 240 (2c808d4, 80, 0, 0, 0, 0)
      tailscaled-422   [002] ....   527.606223: sys_exit: NR 162 = 0
      tailscaled-422   [002] ....   527.606230: sys_enter: NR 162 (2c49f60, 0, 7a, 14, 0, 0)
      tailscaled-422   [002] ....   527.606325: sys_exit: NR 162 = 0
      tailscaled-422   [002] ....   527.606332: sys_enter: NR 162 (2c49f60, 0, 7a, 14, 0, 0)
      tailscaled-422   [002] ....   527.606426: sys_exit: NR 162 = 0
      tailscaled-422   [002] ....   527.606433: sys_enter: NR 162 (2c49f60, 0, 7a, 14, 0, 0)
      tailscaled-423   [000] ....   527.606474: sys_enter: NR 4 (7, 2d693c8, 155, 0, 0, 0)
      tailscaled-423   [000] ....   527.606483: __vfs_write+0x14/0x170 <-vfs_write+0xb4/0x1c8
      tailscaled-423   [000] ....   527.606513: <stack trace>
 => __vfs_write+0x18/0x170
 => vfs_write+0xb4/0x1c8
 => ksys_write+0x74/0xe8
 => sys_write+0x18/0x1c
 => __sys_trace_return+0x0/0x1c
 => 0x2f43904
      tailscaled-422   [002] ....   527.606528: sys_exit: NR 162 = 0
      tailscaled-422   [002] ....   527.606535: sys_enter: NR 162 (2c49f60, 0, 7a, 14, 0, 0)
      tailscaled-422   [002] ....   527.606630: sys_exit: NR 162 = 0
      tailscaled-422   [002] ....   527.606637: sys_enter: NR 162 (2c49f60, 0, 7a, 14, 0, 0)
      tailscaled-423   [000] ....   527.606673: sys_exit: NR 4 = 341
      tailscaled-422   [002] ....   527.606732: sys_exit: NR 162 = 0
      tailscaled-422   [002] ....   527.606738: sys_enter: NR 162 (2c49f60, 0, 7a, 14, 0, 0)
      tailscaled-423   [000] ....   527.606772: sys_enter: NR 4 (c, 5dd4006, 4d, 0, 0, 0)
      tailscaled-423   [000] ....   527.606776: __vfs_write+0x14/0x170 <-vfs_write+0xb4/0x1c8
      tailscaled-423   [000] ....   527.606793: <stack trace>
 => __vfs_write+0x18/0x170
 => vfs_write+0xb4/0x1c8
 => ksys_write+0x74/0xe8
 => sys_write+0x18/0x1c
 => __sys_trace_return+0x0/0x1c
 => 0x2f43cc8
      tailscaled-422   [002] ....   527.606836: sys_exit: NR 162 = 0
      tailscaled-422   [002] ....   527.606843: sys_enter: NR 162 (2c49f60, 0, 7a, 14, 0, 0)
      tailscaled-422   [002] ....   527.606937: sys_exit: NR 162 = 0
      tailscaled-422   [002] ....   527.606944: sys_enter: NR 162 (2c49f60, 0, 7a, 14, 0, 0)
      tailscaled-423   [000] ....   527.607000: sys_exit: NR 4 = 77
      tailscaled-426   [002] ....   527.607008: sys_exit: NR 346 = 1
      tailscaled-426   [002] ....   527.607043: sys_enter: NR 3 (c, 305605c, 10009, 0, 0, 0)
      tailscaled-426   [002] ....   527.607064: sys_exit: NR 3 = 50
      tailscaled-423   [000] ....   527.607069: sys_enter: NR 346 (4, 2c77680, 80, 0, 0, 0)
      tailscaled-423   [000] ....   527.607073: sys_exit: NR 346 = 0
      tailscaled-423   [000] ....   527.607101: sys_enter: NR 346 (4, 2c77680, 80, 33c, 0, 0)
      tailscaled-426   [002] ....   527.607196: sys_enter: NR 240 (2c808d4, 81, 1, 0, 0, 0)
      tailscaled-545   [000] ....   527.607203: sys_enter: NR 365 (11, 5a02608, 80, 0, 0, 0)
      tailscaled-545   [000] ....   527.607215: sys_exit: NR 365 = -11
      tailscaled-426   [002] .n..   527.607216: sys_exit: NR 240 = 1
      tailscaled-545   [000] ....   527.607241: sys_enter: NR 162 (30f7dcc, 0, 2c03b08, 3, 7a, 0)
 vncserver-x11-c-450   [000] .n..   527.607328: sys_exit: NR 142 = 1
      tailscaled-423   [000] ....   527.607367: sys_exit: NR 346 = 1
      tailscaled-423   [000] ....   527.607382: sys_enter: NR 365 (11, 5a02608, 80, 0, 0, 0)
      tailscaled-423   [000] ....   527.607407: sys_exit: NR 365 = 1
      tailscaled-426   [002] ....   527.607582: sys_enter: NR 3 (c, 305605c, 10009, 0, 0, 0)
      tailscaled-426   [002] ....   527.607589: sys_exit: NR 3 = -11
      tailscaled-423   [000] ....   527.607634: sys_enter: NR 365 (11, 5a02608, 80, 0, 0, 0)
      tailscaled-423   [000] ....   527.607641: sys_exit: NR 365 = -11
      tailscaled-423   [000] ....   527.607654: sys_enter: NR 346 (4, 2c77680, 80, 0, 0, 0)
      tailscaled-426   [002] ....   527.607658: sys_enter: NR 374 (11, 5a00008, 1, 0, 0, 0)
      tailscaled-423   [000] ....   527.607658: sys_exit: NR 346 = 0
      tailscaled-423   [000] ....   527.607669: sys_enter: NR 346 (4, 2c77680, 80, 33b, 0, 0)
      tailscaled-545   [000] ....   527.607691: sys_exit: NR 162 = 0
      tailscaled-545   [000] ....   527.607709: sys_enter: NR 240 (2ea90d4, 80, 0, 0, 0, 0)
 vncserver-x11-c-450   [000] ....   527.607765: sys_enter: NR 3 (11, 15b3e48, 41a0, 0, 41a0, 15b3e48)
 vncserver-x11-c-450   [000] ....   527.607791: sys_exit: NR 3 = 27
      tailscaled-426   [002] ....   527.607848: sys_exit: NR 374 = 1
 vncserver-x11-c-450   [000] ....   527.607889: sys_enter: NR 4 (11, 15b7ff0, 1b, 0, 1b, 15b7ff0)
 vncserver-x11-c-450   [000] .n..   527.607906: __vfs_write+0x14/0x170 <-vfs_write+0xb4/0x1c8
 vncserver-x11-c-450   [000] .n..   527.607933: <stack trace>
 => __vfs_write+0x18/0x170
 => vfs_write+0xb4/0x1c8
 => ksys_write+0x74/0xe8
 => sys_write+0x18/0x1c
 => __sys_trace_return+0x0/0x1c
 => 0x7ef0a9a8
      tailscaled-423   [000] ....   527.607957: sys_exit: NR 346 = 1
      tailscaled-426   [002] ....   527.607962: sys_enter: NR 240 (2c800d4, 80, 0, 0, 0, 0)
      tailscaled-423   [000] ....   527.607972: sys_enter: NR 346 (4, 2c77680, 80, 0, 0, 0)
      tailscaled-423   [000] ....   527.607975: sys_exit: NR 346 = 0
      tailscaled-533   [002] ....   527.607980: sys_exit: NR 240 = 0
      tailscaled-423   [000] ....   527.607984: sys_enter: NR 346 (4, 2c77680, 80, c77, 0, 0)
      tailscaled-533   [002] ....   527.608007: sys_enter: NR 4 (5, 3019e94, 8, 0, 0, 0)
      tailscaled-533   [002] ....   527.608011: __vfs_write+0x14/0x170 <-vfs_write+0xb4/0x1c8
      tailscaled-533   [002] ....   527.608027: <stack trace>
 => __vfs_write+0x18/0x170
 => vfs_write+0xb4/0x1c8
 => ksys_write+0x74/0xe8
 => sys_write+0x18/0x1c
 => __sys_trace_return+0x0/0x1c
 => 0x3019e6c
      tailscaled-533   [002] ....   527.608039: sys_exit: NR 4 = 8
      tailscaled-533   [002] ....   527.608043: sys_enter: NR 240 (2c808d4, 80, 0, 0, 0, 0)
      tailscaled-422   [002] ....   527.608060: sys_exit: NR 162 = 0
      tailscaled-422   [002] ....   527.608072: sys_enter: NR 240 (1695bd4, 80, 0, 2c49f28, 0, 0)
 vncserver-x11-c-450   [000] .n..   527.608094: sys_exit: NR 4 = 27
      tailscaled-423   [000] ....   527.608112: sys_exit: NR 346 = 2
      tailscaled-423   [000] ....   527.608115: sys_enter: NR 3 (5, 2c7766c, 8, be361154, 0, 2c77680)
      tailscaled-423   [000] ....   527.608182: sys_exit: NR 3 = 8
      tailscaled-423   [000] ....   527.608200: sys_enter: NR 240 (1695bd4, 81, 1, 0, 0, 0)
      tailscaled-423   [000] ....   527.608208: sys_exit: NR 240 = 1
      tailscaled-423   [000] ....   527.608211: sys_enter: NR 3 (c, 305605c, 10009, 0, 0, 0)
      tailscaled-423   [000] ....   527.608226: sys_exit: NR 3 = 77
      tailscaled-422   [002] ....   527.608232: sys_exit: NR 240 = 0
      tailscaled-422   [002] ....   527.608244: sys_enter: NR 162 (2c49f60, 0, 7a, 14, 0, 0)
      tailscaled-423   [000] ....   527.608252: sys_enter: NR 240 (2c808d4, 81, 1, 0, 0, 0)
      tailscaled-423   [000] ....   527.608259: sys_exit: NR 240 = 1
      tailscaled-533   [002] ....   527.608276: sys_exit: NR 240 = 0
      tailscaled-533   [002] ....   527.608285: sys_enter: NR 346 (4, 3019680, 80, 0, 0, 0)
      tailscaled-533   [002] ....   527.608290: sys_exit: NR 346 = 0
      tailscaled-533   [002] ....   527.608312: sys_enter: NR 346 (4, 3019680, 80, 33a, 0, 0)
      tailscaled-423   [000] ....   527.608343: sys_enter: NR 240 (2c800d4, 81, 1, 0, 0, 0)
      tailscaled-422   [002] ....   527.608344: sys_exit: NR 162 = 0
      tailscaled-423   [000] ....   527.608351: sys_exit: NR 240 = 1
      tailscaled-422   [002] ....   527.608359: sys_enter: NR 162 (2c49f60, 0, 7a, 14, 0, 0)
      tailscaled-426   [002] ....   527.608374: sys_exit: NR 240 = 0
      tailscaled-426   [002] ....   527.608395: sys_enter: NR 240 (2ea90d4, 81, 1, 0, 0, 0)
      tailscaled-426   [002] ....   527.608402: sys_exit: NR 240 = 1
      tailscaled-426   [002] ....   527.608416: sys_enter: NR 3 (c, 305605c, 10009, 0, 0, 0)
      tailscaled-426   [002] ....   527.608421: sys_exit: NR 3 = -11
      tailscaled-426   [002] ....   527.608473: sys_enter: NR 162 (2c95dcc, 0, 2f83c28, 3, 7a, 1)
      tailscaled-422   [002] ....   527.608490: sys_exit: NR 162 = 0
      tailscaled-422   [002] ....   527.608497: sys_enter: NR 162 (2c49f60, 0, 7a, 14, 0, 0)
      tailscaled-423   [000] ....   527.608525: sys_enter: NR 374 (11, 60d1308, 1, 0, 0, 0)
      tailscaled-426   [002] ....   527.608555: sys_exit: NR 162 = 0
      tailscaled-426   [002] ....   527.608571: sys_enter: NR 240 (2c800d4, 80, 0, 0, 0, 0)
      tailscaled-422   [002] ....   527.608584: sys_exit: NR 162 = 0
      tailscaled-422   [002] ....   527.608591: sys_enter: NR 162 (2c49f60, 0, 7a, 14, 0, 0)
      tailscaled-423   [000] ....   527.608621: sys_exit: NR 374 = 1
      tailscaled-422   [002] ....   527.608688: sys_exit: NR 162 = 0
      tailscaled-422   [002] ....   527.608696: sys_enter: NR 162 (2c49f60, 0, 7a, 14, 0, 0)
      tailscaled-423   [000] ....   527.608711: sys_enter: NR 240 (2c5e8d4, 80, 0, 0, 0, 0)
      tailscaled-545   [000] ....   527.608729: sys_exit: NR 240 = 0
      tailscaled-533   [002] ....   527.608753: sys_exit: NR 346 = 1
      tailscaled-545   [000] ....   527.608766: sys_enter: NR 346 (4, 30f7680, 80, 33a, 0, 0)
      tailscaled-533   [002] ....   527.608798: sys_enter: NR 240 (2c808d4, 80, 0, 0, 0, 0)
 vncserver-x11-c-450   [000] ....   527.608811: sys_enter: NR 3 (11, 15b3e48, 41a0, 0, 41a0, 15b3e48)
      tailscaled-422   [002] ....   527.608812: sys_exit: NR 162 = 0
      tailscaled-422   [002] ....   527.608821: sys_enter: NR 240 (1695bd4, 80, 0, 2c49f28, 0, 0)
 vncserver-x11-c-450   [000] ....   527.608821: sys_exit: NR 3 = -11
 vncserver-x11-c-450   [000] ....   527.608860: sys_enter: NR 142 (12, 7ef0b328, 7ef0b3a8, 7ef0b428, 7ef0b320, 7ef0b3a8)
 vncserver-x11-c-450   [000] ....   527.608893: sys_exit: NR 142 = 0
 vncserver-x11-c-450   [000] ....   527.608902: sys_enter: NR 142 (12, 7ef0b328, 7ef0b3a8, 7ef0b428, 7ef0b320, 7ef0b3a8)
      tailscaled-545   [000] ....   527.664722: sys_exit: NR 346 = 1
      tailscaled-545   [000] ....   527.664745: sys_enter: NR 240 (1695bd4, 81, 1, 0, 0, 0)
      tailscaled-545   [000] ....   527.664752: sys_exit: NR 240 = 1
      tailscaled-545   [000] ....   527.664756: sys_enter: NR 365 (11, 5a02608, 80, 0, 0, 0)
      tailscaled-422   [002] ....   527.664773: sys_exit: NR 240 = 0
      tailscaled-422   [002] ....   527.664783: sys_enter: NR 162 (2c49f60, 0, 7a, 14, 0, 0)
      tailscaled-545   [000] ....   527.664785: sys_exit: NR 365 = 1
      tailscaled-422   [002] ....   527.664880: sys_exit: NR 162 = 0
      tailscaled-422   [002] ....   527.664887: sys_enter: NR 162 (2c49f60, 0, 7a, 14, 0, 0)
      tailscaled-545   [000] ....   527.664904: sys_enter: NR 240 (2c808d4, 81, 1, 0, 0, 0)
      tailscaled-545   [000] ....   527.664912: sys_exit: NR 240 = 1
      tailscaled-533   [002] ....   527.664928: sys_exit: NR 240 = 0
      tailscaled-533   [002] ....   527.664938: sys_enter: NR 346 (4, 3019680, 80, 0, 0, 0)
      tailscaled-533   [002] ....   527.664942: sys_exit: NR 346 = 0
      tailscaled-533   [002] ....   527.664953: sys_enter: NR 240 (2c5e8d4, 81, 1, 0, 0, 0)
      tailscaled-533   [002] ....   527.664974: sys_exit: NR 240 = 1
      tailscaled-423   [000] ....   527.664980: sys_exit: NR 240 = 0
      tailscaled-423   [000] ....   527.664990: sys_enter: NR 346 (4, 2c77680, 80, 0, 0, 0)
      tailscaled-423   [000] ....   527.664994: sys_exit: NR 346 = 0
      tailscaled-533   [002] ....   527.665004: sys_enter: NR 162 (3019dcc, 0, 2c02c68, 3, 7a, 1)
      tailscaled-423   [000] ....   527.665005: sys_enter: NR 162 (2c77dcc, 0, 2c02c68, 3, 7a, 1)
      tailscaled-422   [002] ....   527.665021: sys_exit: NR 162 = 0
      tailscaled-422   [002] ....   527.665029: sys_enter: NR 162 (2c49f60, 0, 7a, 14, 0, 0)
      tailscaled-423   [000] ....   527.665082: sys_exit: NR 162 = 0
      tailscaled-533   [002] ....   527.665090: sys_exit: NR 162 = 0
      tailscaled-533   [002] ....   527.665108: sys_enter: NR 346 (4, 3019680, 80, 302, 0, 0)
      tailscaled-422   [002] ....   527.665125: sys_exit: NR 162 = 0
      tailscaled-422   [002] ....   527.665131: sys_enter: NR 162 (2c49f60, 0, 7a, 14, 0, 0)
      tailscaled-423   [000] ....   527.665133: sys_enter: NR 240 (2c800d4, 81, 1, 0, 0, 0)
      tailscaled-423   [000] ....   527.665141: sys_exit: NR 240 = 1
      tailscaled-426   [002] ....   527.665155: sys_exit: NR 240 = 0
      tailscaled-426   [002] ....   527.665182: sys_enter: NR 240 (2c800d4, 80, 0, 0, 0, 0)
      tailscaled-422   [002] ....   527.665228: sys_exit: NR 162 = 0
      tailscaled-422   [002] ....   527.665235: sys_enter: NR 162 (2c49f60, 0, 7a, 14, 0, 0)
      tailscaled-423   [000] ....   527.665272: sys_enter: NR 4 (c, 6010006, 32, 0, 0, 0)
      tailscaled-423   [000] ....   527.665277: __vfs_write+0x14/0x170 <-vfs_write+0xb4/0x1c8
      tailscaled-423   [000] ....   527.665305: <stack trace>
 => __vfs_write+0x18/0x170
 => vfs_write+0xb4/0x1c8
 => ksys_write+0x74/0xe8
 => sys_write+0x18/0x1c
 => __sys_trace_return+0x0/0x1c
 => 0x2f43cc8
      tailscaled-422   [002] ....   527.665331: sys_exit: NR 162 = 0
      tailscaled-422   [002] ....   527.665337: sys_enter: NR 162 (2c49f60, 0, 7a, 14, 0, 0)
      tailscaled-423   [000] ....   527.665406: sys_exit: NR 4 = 50
      tailscaled-422   [002] ....   527.665433: sys_exit: NR 162 = 0
      tailscaled-422   [002] ....   527.665439: sys_enter: NR 162 (2c49f60, 0, 7a, 14, 0, 0)
      tailscaled-423   [000] ....   527.665452: sys_enter: NR 240 (2c5e8d4, 80, 0, 0, 0, 0)
      tailscaled-545   [000] ....   527.665489: sys_enter: NR 365 (11, 5a02608, 80, 0, 0, 0)
      tailscaled-545   [000] ....   527.665501: sys_exit: NR 365 = -11
      tailscaled-545   [000] ....   527.665529: sys_enter: NR 240 (2ea90d4, 80, 0, 0, 0, 0)
      tailscaled-422   [002] ....   527.665537: sys_exit: NR 162 = 0
      tailscaled-422   [002] ....   527.665546: sys_enter: NR 240 (1695bd4, 80, 0, 2c49f28, 0, 0)
        vncagent-505   [001] ....   527.694282: sys_exit: NR 142 = 0
        vncagent-505   [001] ....   527.694310: sys_enter: NR 168 (7eac4304, 1, ffffffff, 0, c007a0, c007a0)
        vncagent-505   [001] ....   527.694317: sys_exit: NR 168 = 1
        vncagent-505   [001] ....   527.694321: sys_enter: NR 146 (3, 7eac43fc, 3, 0, 0, c007a0)
        vncagent-505   [001] ....   527.694362: sys_exit: NR 146 = 8
        vncagent-505   [001] ....   527.694381: sys_enter: NR 168 (7eac42ec, 1, ffffffff, 0, 7eac4470, c007a0)
            Xorg-489   [001] ....   527.694407: sys_exit: NR 252 = 1
            Xorg-489   [001] ....   527.694422: sys_enter: NR 104 (0, 7efecbe4, 0, 1388, 76fed968, 1)
            Xorg-489   [001] ....   527.694429: sys_exit: NR 104 = 0
            Xorg-489   [001] ....   527.694440: sys_enter: NR 297 (12, 7efec9cc, 0, 0, 0, 7efec9cc)
            Xorg-489   [001] ....   527.694458: sys_exit: NR 297 = 8
            Xorg-489   [001] ....   527.694490: sys_enter: NR 146 (12, 7efecb54, 1, 0, 1, 7efecb54)
            Xorg-489   [001] .n..   527.694514: sys_exit: NR 146 = 32
        vncagent-505   [001] ....   527.694528: sys_exit: NR 168 = 1
        vncagent-505   [001] ....   527.694533: sys_enter: NR 297 (3, 7eac424c, 0, 0, c017a0, c007a0)
        vncagent-505   [001] ....   527.694543: sys_exit: NR 297 = 32
        vncagent-505   [001] ....   527.694579: sys_enter: NR 297 (3, 7eac462c, 0, 0, c017a0, 1)
        vncagent-505   [001] ....   527.694584: sys_exit: NR 297 = -11
        vncagent-505   [001] ....   527.694589: sys_enter: NR 297 (3, 7eac464c, 0, 0, c017a0, 7eac4724)
        vncagent-505   [001] ....   527.694592: sys_exit: NR 297 = -11
        vncagent-505   [001] ....   527.694602: sys_enter: NR 142 (e, 7eac4630, 7eac46b0, 7eac4730, 7eac4628, 7eac46ac)
            Xorg-489   [001] ....   527.694634: sys_enter: NR 297 (12, 7efec9cc, 0, 0, 0, 7efec9cc)
            Xorg-489   [001] ....   527.694639: sys_exit: NR 297 = -11
            Xorg-489   [001] ....   527.694644: sys_enter: NR 104 (0, 7efecbe4, 0, 0, 76fed968, 212b8c)
            Xorg-489   [001] ....   527.694648: sys_exit: NR 104 = 0
            Xorg-489   [001] ....   527.694655: sys_enter: NR 252 (3, 7efebbe0, 100, 149e4, 149e4, 100)
         lxpanel-685   [002] ....   527.774514: sys_exit: NR 168 = 0
         lxpanel-685   [002] ....   527.774575: sys_enter: NR 297 (3, 7ef8265c, 0, 0, 0, 7ef8265c)
         lxpanel-685   [002] ....   527.774582: sys_exit: NR 297 = -11
         lxpanel-685   [002] ....   527.774586: sys_enter: NR 297 (3, 7ef8267c, 0, 0, 0, 7ef8267c)
         lxpanel-685   [002] ....   527.774591: sys_exit: NR 297 = -11
         lxpanel-685   [002] ....   527.774605: sys_enter: NR 168 (1f4bdf8, 5, 258, 0, 258, 5)
        vncagent-505   [001] ....   527.794747: sys_exit: NR 142 = 0
        vncagent-505   [001] ....   527.794756: sys_enter: NR 168 (7eac4304, 1, ffffffff, 0, c007a0, c007a0)
        vncagent-505   [001] ....   527.794761: sys_exit: NR 168 = 1
        vncagent-505   [001] ....   527.794763: sys_enter: NR 146 (3, 7eac43fc, 3, 0, 0, c007a0)
        vncagent-505   [001] ....   527.794786: sys_exit: NR 146 = 8
        vncagent-505   [001] ....   527.794794: sys_enter: NR 168 (7eac42ec, 1, ffffffff, 0, 7eac4470, c007a0)
            Xorg-489   [001] ....   527.794814: sys_exit: NR 252 = 1
            Xorg-489   [001] ....   527.794819: sys_enter: NR 104 (0, 7efecbe4, 0, 1388, 76fed968, 1)
            Xorg-489   [001] ....   527.794824: sys_exit: NR 104 = 0
            Xorg-489   [001] ....   527.794829: sys_enter: NR 297 (12, 7efec9cc, 0, 0, 0, 7efec9cc)
            Xorg-489   [001] ....   527.794839: sys_exit: NR 297 = 8
            Xorg-489   [001] ....   527.794854: sys_enter: NR 146 (12, 7efecb54, 1, 0, 1, 7efecb54)
            Xorg-489   [001] .n..   527.794874: sys_exit: NR 146 = 32
        vncagent-505   [001] ....   527.794887: sys_exit: NR 168 = 1
        vncagent-505   [001] ....   527.794890: sys_enter: NR 297 (3, 7eac424c, 0, 0, c017a0, c007a0)
        vncagent-505   [001] ....   527.794900: sys_exit: NR 297 = 32
        vncagent-505   [001] ....   527.794916: sys_enter: NR 297 (3, 7eac462c, 0, 0, c017a0, 1)
        vncagent-505   [001] ....   527.794921: sys_exit: NR 297 = -11
        vncagent-505   [001] ....   527.794924: sys_enter: NR 297 (3, 7eac464c, 0, 0, c017a0, 7eac4724)
        vncagent-505   [001] ....   527.794928: sys_exit: NR 297 = -11
        vncagent-505   [001] ....   527.794934: sys_enter: NR 142 (e, 7eac4630, 7eac46b0, 7eac4730, 7eac4628, 7eac46ac)
            Xorg-489   [001] ....   527.794962: sys_enter: NR 297 (12, 7efec9cc, 0, 0, 0, 7efec9cc)
            Xorg-489   [001] ....   527.794967: sys_exit: NR 297 = -11
            Xorg-489   [001] ....   527.794972: sys_enter: NR 104 (0, 7efecbe4, 0, 0, 76fed968, 212b8c)
            Xorg-489   [001] ....   527.794976: sys_exit: NR 104 = 0
            Xorg-489   [001] ....   527.794980: sys_enter: NR 252 (3, 7efebbe0, 100, 14980, 14980, 100)
        vncagent-505   [001] ....   527.895073: sys_exit: NR 142 = 0
        vncagent-505   [001] ....   527.895082: sys_enter: NR 168 (7eac4304, 1, ffffffff, 0, c007a0, c007a0)
        vncagent-505   [001] ....   527.895087: sys_exit: NR 168 = 1
        vncagent-505   [001] ....   527.895089: sys_enter: NR 146 (3, 7eac43fc, 3, 0, 0, c007a0)
        vncagent-505   [001] ....   527.895111: sys_exit: NR 146 = 8
        vncagent-505   [001] ....   527.895118: sys_enter: NR 168 (7eac42ec, 1, ffffffff, 0, 7eac4470, c007a0)
            Xorg-489   [001] ....   527.895140: sys_exit: NR 252 = 1
            Xorg-489   [001] ....   527.895145: sys_enter: NR 104 (0, 7efecbe4, 0, 1388, 76fed968, 1)
            Xorg-489   [001] ....   527.895149: sys_exit: NR 104 = 0
            Xorg-489   [001] ....   527.895153: sys_enter: NR 297 (12, 7efec9cc, 0, 0, 0, 7efec9cc)
            Xorg-489   [001] ....   527.895163: sys_exit: NR 297 = 8
            Xorg-489   [001] ....   527.895174: sys_enter: NR 146 (12, 7efecb54, 1, 0, 1, 7efecb54)
            Xorg-489   [001] .n..   527.895194: sys_exit: NR 146 = 32
        vncagent-505   [001] ....   527.895206: sys_exit: NR 168 = 1
        vncagent-505   [001] ....   527.895210: sys_enter: NR 297 (3, 7eac424c, 0, 0, c017a0, c007a0)
        vncagent-505   [001] ....   527.895220: sys_exit: NR 297 = 32
        vncagent-505   [001] ....   527.895235: sys_enter: NR 297 (3, 7eac462c, 0, 0, c017a0, 1)
        vncagent-505   [001] ....   527.895240: sys_exit: NR 297 = -11
        vncagent-505   [001] ....   527.895243: sys_enter: NR 297 (3, 7eac464c, 0, 0, c017a0, 7eac4724)
        vncagent-505   [001] ....   527.895247: sys_exit: NR 297 = -11
        vncagent-505   [001] ....   527.895253: sys_enter: NR 142 (e, 7eac4630, 7eac46b0, 7eac4730, 7eac4628, 7eac46ac)
            Xorg-489   [001] ....   527.895279: sys_enter: NR 297 (12, 7efec9cc, 0, 0, 0, 7efec9cc)
            Xorg-489   [001] ....   527.895284: sys_exit: NR 297 = -11
            Xorg-489   [001] ....   527.895287: sys_enter: NR 104 (0, 7efecbe4, 0, 0, 76fed968, 212b8c)
            Xorg-489   [001] ....   527.895292: sys_exit: NR 104 = 0
            Xorg-489   [001] ....   527.895296: sys_enter: NR 252 (3, 7efebbe0, 100, 1491b, 1491b, 100)
        vncagent-505   [001] ....   527.994424: sys_exit: NR 142 = 0
        vncagent-505   [001] ....   527.994432: sys_enter: NR 168 (7eac4304, 1, ffffffff, 0, c007a0, c007a0)
        vncagent-505   [001] ....   527.994437: sys_exit: NR 168 = 1
        vncagent-505   [001] ....   527.994439: sys_enter: NR 146 (3, 7eac43fc, 3, 0, 0, c007a0)
        vncagent-505   [001] ....   527.994462: sys_exit: NR 146 = 8
        vncagent-505   [001] ....   527.994470: sys_enter: NR 168 (7eac42ec, 1, ffffffff, 0, 7eac4470, c007a0)
            Xorg-489   [001] ....   527.994488: sys_exit: NR 252 = 1
            Xorg-489   [001] ....   527.994493: sys_enter: NR 104 (0, 7efecbe4, 0, 1388, 76fed968, 1)
            Xorg-489   [001] ....   527.994497: sys_exit: NR 104 = 0
            Xorg-489   [001] ....   527.994501: sys_enter: NR 297 (12, 7efec9cc, 0, 0, 0, 7efec9cc)
            Xorg-489   [001] ....   527.994512: sys_exit: NR 297 = 8
            Xorg-489   [001] ....   527.994522: sys_enter: NR 146 (12, 7efecb54, 1, 0, 1, 7efecb54)
            Xorg-489   [001] .n..   527.994542: sys_exit: NR 146 = 32
        vncagent-505   [001] ....   527.994554: sys_exit: NR 168 = 1
        vncagent-505   [001] ....   527.994557: sys_enter: NR 297 (3, 7eac424c, 0, 0, c017a0, c007a0)
        vncagent-505   [001] ....   527.994567: sys_exit: NR 297 = 32
        vncagent-505   [001] ....   527.994584: sys_enter: NR 297 (3, 7eac462c, 0, 0, c017a0, 1)
        vncagent-505   [001] ....   527.994588: sys_exit: NR 297 = -11
        vncagent-505   [001] ....   527.994592: sys_enter: NR 297 (3, 7eac464c, 0, 0, c017a0, 7eac4724)
        vncagent-505   [001] ....   527.994595: sys_exit: NR 297 = -11
        vncagent-505   [001] ....   527.994601: sys_enter: NR 142 (e, 7eac4630, 7eac46b0, 7eac4730, 7eac4628, 7eac46ac)
            Xorg-489   [001] ....   527.994627: sys_enter: NR 297 (12, 7efec9cc, 0, 0, 0, 7efec9cc)
            Xorg-489   [001] ....   527.994632: sys_exit: NR 297 = -11
            Xorg-489   [001] ....   527.994636: sys_enter: NR 104 (0, 7efecbe4, 0, 0, 76fed968, 212b8c)
            Xorg-489   [001] ....   527.994639: sys_exit: NR 104 = 0
            Xorg-489   [001] ....   527.994644: sys_enter: NR 252 (3, 7efebbe0, 100, 148b8, 148b8, 100)
             thd-361   [003] ....   528.073286: sys_exit: NR 142 = 0
             thd-361   [003] ....   528.073295: sys_enter: NR 142 (4, 4bde74, 0, 0, 7eb3db00, 4bd008)
        vncagent-505   [001] ....   528.094767: sys_exit: NR 142 = 0
        vncagent-505   [001] ....   528.094774: sys_enter: NR 168 (7eac4304, 1, ffffffff, 0, c007a0, c007a0)
        vncagent-505   [001] ....   528.094780: sys_exit: NR 168 = 1
        vncagent-505   [001] ....   528.094782: sys_enter: NR 146 (3, 7eac43fc, 3, 0, 0, c007a0)
        vncagent-505   [001] ....   528.094804: sys_exit: NR 146 = 8
        vncagent-505   [001] ....   528.094811: sys_enter: NR 168 (7eac42ec, 1, ffffffff, 0, 7eac4470, c007a0)
            Xorg-489   [001] ....   528.094831: sys_exit: NR 252 = 1
            Xorg-489   [001] ....   528.094835: sys_enter: NR 104 (0, 7efecbe4, 0, 1388, 76fed968, 1)
            Xorg-489   [001] ....   528.094840: sys_exit: NR 104 = 0
            Xorg-489   [001] ....   528.094844: sys_enter: NR 297 (12, 7efec9cc, 0, 0, 0, 7efec9cc)
            Xorg-489   [001] ....   528.094854: sys_exit: NR 297 = 8
            Xorg-489   [001] ....   528.094865: sys_enter: NR 146 (12, 7efecb54, 1, 0, 1, 7efecb54)
            Xorg-489   [001] .n..   528.094884: sys_exit: NR 146 = 32
        vncagent-505   [001] ....   528.094896: sys_exit: NR 168 = 1
        vncagent-505   [001] ....   528.094899: sys_enter: NR 297 (3, 7eac424c, 0, 0, c017a0, c007a0)
        vncagent-505   [001] ....   528.094909: sys_exit: NR 297 = 32
        vncagent-505   [001] ....   528.094924: sys_enter: NR 297 (3, 7eac462c, 0, 0, c017a0, 1)
        vncagent-505   [001] ....   528.094929: sys_exit: NR 297 = -11
        vncagent-505   [001] ....   528.094932: sys_enter: NR 297 (3, 7eac464c, 0, 0, c017a0, 7eac4724)
        vncagent-505   [001] ....   528.094936: sys_exit: NR 297 = -11
        vncagent-505   [001] ....   528.094942: sys_enter: NR 142 (e, 7eac4630, 7eac46b0, 7eac4730, 7eac4628, 7eac46ac)
            Xorg-489   [001] ....   528.094968: sys_enter: NR 297 (12, 7efec9cc, 0, 0, 0, 7efec9cc)
            Xorg-489   [001] ....   528.094973: sys_exit: NR 297 = -11
            Xorg-489   [001] ....   528.094977: sys_enter: NR 104 (0, 7efecbe4, 0, 0, 76fed968, 212b8c)
            Xorg-489   [001] ....   528.094981: sys_exit: NR 104 = 0
            Xorg-489   [001] ....   528.094985: sys_enter: NR 252 (3, 7efebbe0, 100, 14854, 14854, 100)
        vncagent-505   [001] ....   528.195106: sys_exit: NR 142 = 0
        vncagent-505   [001] ....   528.195113: sys_enter: NR 168 (7eac4304, 1, ffffffff, 0, c007a0, c007a0)
        vncagent-505   [001] ....   528.195118: sys_exit: NR 168 = 1
        vncagent-505   [001] ....   528.195121: sys_enter: NR 146 (3, 7eac43fc, 3, 0, 0, c007a0)
        vncagent-505   [001] ....   528.195143: sys_exit: NR 146 = 8
        vncagent-505   [001] ....   528.195150: sys_enter: NR 168 (7eac42ec, 1, ffffffff, 0, 7eac4470, c007a0)
            Xorg-489   [001] ....   528.195171: sys_exit: NR 252 = 1
            Xorg-489   [001] ....   528.195175: sys_enter: NR 104 (0, 7efecbe4, 0, 1388, 76fed968, 1)
            Xorg-489   [001] ....   528.195180: sys_exit: NR 104 = 0
            Xorg-489   [001] ....   528.195184: sys_enter: NR 297 (12, 7efec9cc, 0, 0, 0, 7efec9cc)
            Xorg-489   [001] ....   528.195194: sys_exit: NR 297 = 8
            Xorg-489   [001] ....   528.195205: sys_enter: NR 146 (12, 7efecb54, 1, 0, 1, 7efecb54)
            Xorg-489   [001] .n..   528.195225: sys_exit: NR 146 = 32
        vncagent-505   [001] ....   528.195237: sys_exit: NR 168 = 1
        vncagent-505   [001] ....   528.195240: sys_enter: NR 297 (3, 7eac424c, 0, 0, c017a0, c007a0)
        vncagent-505   [001] ....   528.195250: sys_exit: NR 297 = 32
        vncagent-505   [001] ....   528.195265: sys_enter: NR 297 (3, 7eac462c, 0, 0, c017a0, 1)
        vncagent-505   [001] ....   528.195269: sys_exit: NR 297 = -11
        vncagent-505   [001] ....   528.195272: sys_enter: NR 297 (3, 7eac464c, 0, 0, c017a0, 7eac4724)
        vncagent-505   [001] ....   528.195276: sys_exit: NR 297 = -11
        vncagent-505   [001] ....   528.195282: sys_enter: NR 142 (e, 7eac4630, 7eac46b0, 7eac4730, 7eac4628, 7eac46ac)
            Xorg-489   [001] ....   528.195307: sys_enter: NR 297 (12, 7efec9cc, 0, 0, 0, 7efec9cc)
            Xorg-489   [001] ....   528.195312: sys_exit: NR 297 = -11
            Xorg-489   [001] ....   528.195316: sys_enter: NR 104 (0, 7efecbe4, 0, 0, 76fed968, 212b8c)
            Xorg-489   [001] ....   528.195320: sys_exit: NR 104 = 0
            Xorg-489   [001] ....   528.195324: sys_enter: NR 252 (3, 7efebbe0, 100, 147ef, 147ef, 100)
        vncagent-505   [001] ....   528.294419: sys_exit: NR 142 = 0
        vncagent-505   [001] ....   528.294426: sys_enter: NR 168 (7eac4304, 1, ffffffff, 0, c007a0, c007a0)
        vncagent-505   [001] ....   528.294431: sys_exit: NR 168 = 1
        vncagent-505   [001] ....   528.294433: sys_enter: NR 146 (3, 7eac43fc, 3, 0, 0, c007a0)
        vncagent-505   [001] ....   528.294457: sys_exit: NR 146 = 8
        vncagent-505   [001] ....   528.294463: sys_enter: NR 168 (7eac42ec, 1, ffffffff, 0, 7eac4470, c007a0)
            Xorg-489   [001] ....   528.294482: sys_exit: NR 252 = 1
            Xorg-489   [001] ....   528.294486: sys_enter: NR 104 (0, 7efecbe4, 0, 1388, 76fed968, 1)
            Xorg-489   [001] ....   528.294491: sys_exit: NR 104 = 0
            Xorg-489   [001] ....   528.294494: sys_enter: NR 297 (12, 7efec9cc, 0, 0, 0, 7efec9cc)
            Xorg-489   [001] ....   528.294505: sys_exit: NR 297 = 8
            Xorg-489   [001] ....   528.294514: sys_enter: NR 146 (12, 7efecb54, 1, 0, 1, 7efecb54)
            Xorg-489   [001] .n..   528.294534: sys_exit: NR 146 = 32
        vncagent-505   [001] ....   528.294546: sys_exit: NR 168 = 1
        vncagent-505   [001] ....   528.294549: sys_enter: NR 297 (3, 7eac424c, 0, 0, c017a0, c007a0)
        vncagent-505   [001] ....   528.294558: sys_exit: NR 297 = 32
        vncagent-505   [001] ....   528.294573: sys_enter: NR 297 (3, 7eac462c, 0, 0, c017a0, 1)
        vncagent-505   [001] ....   528.294579: sys_exit: NR 297 = -11
        vncagent-505   [001] ....   528.294582: sys_enter: NR 297 (3, 7eac464c, 0, 0, c017a0, 7eac4724)
        vncagent-505   [001] ....   528.294586: sys_exit: NR 297 = -11
        vncagent-505   [001] ....   528.294592: sys_enter: NR 142 (e, 7eac4630, 7eac46b0, 7eac4730, 7eac4628, 7eac46ac)
            Xorg-489   [001] ....   528.294617: sys_enter: NR 297 (12, 7efec9cc, 0, 0, 0, 7efec9cc)
            Xorg-489   [001] ....   528.294622: sys_exit: NR 297 = -11
            Xorg-489   [001] ....   528.294625: sys_enter: NR 104 (0, 7efecbe4, 0, 0, 76fed968, 212b8c)
            Xorg-489   [001] ....   528.294629: sys_exit: NR 104 = 0
            Xorg-489   [001] ....   528.294633: sys_enter: NR 252 (3, 7efebbe0, 100, 1478c, 1478c, 100)
         lxpanel-685   [002] ....   528.375247: sys_exit: NR 168 = 0
         lxpanel-685   [002] ....   528.375277: sys_enter: NR 297 (3, 7ef8265c, 0, 0, 0, 7ef8265c)
         lxpanel-685   [002] ....   528.375283: sys_exit: NR 297 = -11
         lxpanel-685   [002] ....   528.375287: sys_enter: NR 297 (3, 7ef8267c, 0, 0, 0, 7ef8267c)
         lxpanel-685   [002] ....   528.375291: sys_exit: NR 297 = -11
         lxpanel-685   [002] ....   528.375302: sys_enter: NR 168 (1f4bdf8, 5, 258, 0, 258, 5)
        vncagent-505   [001] ....   528.394736: sys_exit: NR 142 = 0
        vncagent-505   [001] ....   528.394743: sys_enter: NR 168 (7eac4304, 1, ffffffff, 0, c007a0, c007a0)
        vncagent-505   [001] ....   528.394748: sys_exit: NR 168 = 1
        vncagent-505   [001] ....   528.394750: sys_enter: NR 146 (3, 7eac43fc, 3, 0, 0, c007a0)
        vncagent-505   [001] ....   528.394772: sys_exit: NR 146 = 8
        vncagent-505   [001] ....   528.394778: sys_enter: NR 168 (7eac42ec, 1, ffffffff, 0, 7eac4470, c007a0)
            Xorg-489   [001] ....   528.394797: sys_exit: NR 252 = 1
            Xorg-489   [001] ....   528.394801: sys_enter: NR 104 (0, 7efecbe4, 0, 1388, 76fed968, 1)
            Xorg-489   [001] ....   528.394806: sys_exit: NR 104 = 0
            Xorg-489   [001] ....   528.394809: sys_enter: NR 297 (12, 7efec9cc, 0, 0, 0, 7efec9cc)
            Xorg-489   [001] ....   528.394820: sys_exit: NR 297 = 8
            Xorg-489   [001] ....   528.394831: sys_enter: NR 146 (12, 7efecb54, 1, 0, 1, 7efecb54)
            Xorg-489   [001] .n..   528.394850: sys_exit: NR 146 = 32
        vncagent-505   [001] ....   528.394862: sys_exit: NR 168 = 1
        vncagent-505   [001] ....   528.394865: sys_enter: NR 297 (3, 7eac424c, 0, 0, c017a0, c007a0)
        vncagent-505   [001] ....   528.394875: sys_exit: NR 297 = 32
        vncagent-505   [001] ....   528.394891: sys_enter: NR 297 (3, 7eac462c, 0, 0, c017a0, 1)
        vncagent-505   [001] ....   528.394895: sys_exit: NR 297 = -11
        vncagent-505   [001] ....   528.394899: sys_enter: NR 297 (3, 7eac464c, 0, 0, c017a0, 7eac4724)
        vncagent-505   [001] ....   528.394902: sys_exit: NR 297 = -11
        vncagent-505   [001] ....   528.394908: sys_enter: NR 142 (e, 7eac4630, 7eac46b0, 7eac4730, 7eac4628, 7eac46ac)
            Xorg-489   [001] ....   528.394933: sys_enter: NR 297 (12, 7efec9cc, 0, 0, 0, 7efec9cc)
            Xorg-489   [001] ....   528.394938: sys_exit: NR 297 = -11
            Xorg-489   [001] ....   528.394942: sys_enter: NR 104 (0, 7efecbe4, 0, 0, 76fed968, 212b8c)
            Xorg-489   [001] ....   528.394946: sys_exit: NR 104 = 0
            Xorg-489   [001] ....   528.394950: sys_enter: NR 252 (3, 7efebbe0, 100, 14728, 14728, 100)
      tailscaled-533   [002] ....   528.435246: sys_exit: NR 346 = 0
      tailscaled-533   [002] ....   528.435268: sys_enter: NR 346 (4, 3019680, 80, 0, 0, 0)
      tailscaled-533   [002] ....   528.435272: sys_exit: NR 346 = 0
      tailscaled-533   [002] ....   528.435322: sys_enter: NR 240 (2ea90d4, 81, 1, 0, 0, 0)
      tailscaled-533   [002] ....   528.435333: sys_exit: NR 240 = 1
      tailscaled-545   [000] ....   528.435358: sys_exit: NR 240 = 0
      tailscaled-545   [000] ....   528.435371: sys_enter: NR 346 (4, 30f7680, 80, 0, 0, 0)
      tailscaled-545   [000] ....   528.435375: sys_exit: NR 346 = 0
      tailscaled-533   [002] ....   528.435378: sys_enter: NR 346 (4, 3019680, 80, 8c, 0, 0)
      tailscaled-545   [000] ....   528.435399: sys_enter: NR 240 (2ea90d4, 80, 0, 0, 0, 0)
      tailscaled-422   [002] ....   528.435400: sys_exit: NR 240 = -110
      tailscaled-422   [002] ....   528.435411: sys_enter: NR 162 (2c49f60, 0, 7a, 14, 0, 0)
      tailscaled-422   [002] ....   528.435511: sys_exit: NR 162 = 0
      tailscaled-422   [002] ....   528.435521: sys_enter: NR 240 (1695bd4, 80, 0, 2c49f28, 0, 0)
  wpa_supplicant-341   [003] ....   528.478232: sys_exit: NR 142 = 0
  wpa_supplicant-341   [003] ....   528.478241: sys_enter: NR 263 (7, 7eb76bcc, 37e69001, 7eca6450, 7eb76bcc, 7)
  wpa_supplicant-341   [003] ....   528.478247: sys_exit: NR 263 = 0
  wpa_supplicant-341   [003] ....   528.478258: sys_enter: NR 263 (7, 7eb76ba4, 37e69001, 7eca6450, 7eb76ba4, 7)
  wpa_supplicant-341   [003] ....   528.478262: sys_exit: NR 263 = 0
  wpa_supplicant-341   [003] ....   528.478266: sys_enter: NR 263 (7, 7eb76bcc, 37e69001, 7eca6450, 7eb76bcc, 7)
  wpa_supplicant-341   [003] ....   528.478268: sys_exit: NR 263 = 0
  wpa_supplicant-341   [003] ....   528.478273: sys_enter: NR 142 (5, a6a8e8, a6a970, a6a9f8, 7eb76c14, a6ab58)
        vncagent-505   [001] ....   528.495047: sys_exit: NR 142 = 0
        vncagent-505   [001] ....   528.495054: sys_enter: NR 168 (7eac4304, 1, ffffffff, 0, c007a0, c007a0)
        vncagent-505   [001] ....   528.495059: sys_exit: NR 168 = 1
        vncagent-505   [001] ....   528.495062: sys_enter: NR 146 (3, 7eac43fc, 3, 0, 0, c007a0)
        vncagent-505   [001] ....   528.495086: sys_exit: NR 146 = 8
        vncagent-505   [001] ....   528.495093: sys_enter: NR 168 (7eac42ec, 1, ffffffff, 0, 7eac4470, c007a0)
            Xorg-489   [001] ....   528.495112: sys_exit: NR 252 = 1
            Xorg-489   [001] ....   528.495117: sys_enter: NR 104 (0, 7efecbe4, 0, 1388, 76fed968, 1)
            Xorg-489   [001] ....   528.495121: sys_exit: NR 104 = 0
            Xorg-489   [001] ....   528.495125: sys_enter: NR 297 (12, 7efec9cc, 0, 0, 0, 7efec9cc)
            Xorg-489   [001] ....   528.495136: sys_exit: NR 297 = 8
            Xorg-489   [001] ....   528.495147: sys_enter: NR 146 (12, 7efecb54, 1, 0, 1, 7efecb54)
            Xorg-489   [001] .n..   528.495167: sys_exit: NR 146 = 32
        vncagent-505   [001] ....   528.495179: sys_exit: NR 168 = 1
        vncagent-505   [001] ....   528.495182: sys_enter: NR 297 (3, 7eac424c, 0, 0, c017a0, c007a0)
        vncagent-505   [001] ....   528.495192: sys_exit: NR 297 = 32
        vncagent-505   [001] ....   528.495210: sys_enter: NR 297 (3, 7eac462c, 0, 0, c017a0, 1)
        vncagent-505   [001] ....   528.495214: sys_exit: NR 297 = -11
        vncagent-505   [001] ....   528.495218: sys_enter: NR 297 (3, 7eac464c, 0, 0, c017a0, 7eac4724)
        vncagent-505   [001] ....   528.495222: sys_exit: NR 297 = -11
        vncagent-505   [001] ....   528.495228: sys_enter: NR 142 (e, 7eac4630, 7eac46b0, 7eac4730, 7eac4628, 7eac46ac)
            Xorg-489   [001] ....   528.495253: sys_enter: NR 297 (12, 7efec9cc, 0, 0, 0, 7efec9cc)
            Xorg-489   [001] ....   528.495258: sys_exit: NR 297 = -11
            Xorg-489   [001] ....   528.495262: sys_enter: NR 104 (0, 7efecbe4, 0, 0, 76fed968, 212b8c)
            Xorg-489   [001] ....   528.495266: sys_exit: NR 104 = 0
            Xorg-489   [001] ....   528.495270: sys_enter: NR 252 (3, 7efebbe0, 100, 146c3, 146c3, 100)
      tailscaled-533   [002] ....   528.575468: sys_exit: NR 346 = 0
      tailscaled-533   [002] ....   528.575483: sys_enter: NR 346 (4, 3019680, 80, 0, 0, 0)
      tailscaled-533   [002] ....   528.575487: sys_exit: NR 346 = 0
      tailscaled-533   [002] ....   528.575518: sys_enter: NR 240 (2ea90d4, 81, 1, 0, 0, 0)
      tailscaled-533   [002] ....   528.575525: sys_exit: NR 240 = 1
      tailscaled-545   [000] ....   528.575549: sys_exit: NR 240 = 0
      tailscaled-533   [002] ....   528.575554: sys_enter: NR 240 (1695bd4, 81, 1, 0, 0, 0)
      tailscaled-533   [002] ....   528.575558: sys_exit: NR 240 = 1
      tailscaled-545   [000] ....   528.575560: sys_enter: NR 346 (4, 30f7680, 80, 0, 0, 0)
      tailscaled-533   [002] ....   528.575562: sys_enter: NR 4 (c, 169de28, 0, 0, 0, 0)
      tailscaled-545   [000] ....   528.575563: sys_exit: NR 346 = 0
      tailscaled-533   [002] ....   528.575567: __vfs_write+0x14/0x170 <-vfs_write+0xb4/0x1c8
      tailscaled-545   [000] ....   528.575588: sys_enter: NR 346 (4, 30f7680, 80, 35b, 0, 0)
      tailscaled-533   [002] ....   528.575597: <stack trace>
 => __vfs_write+0x18/0x170
 => vfs_write+0xb4/0x1c8
 => ksys_write+0x74/0xe8
 => sys_write+0x18/0x1c
 => __sys_trace_return+0x0/0x1c
 => 0x2d04e98
      tailscaled-533   [002] ....   528.575603: sys_exit: NR 4 = -22
      tailscaled-533   [002] ....   528.575671: sys_enter: NR 240 (2c808d4, 80, 0, 0, 0, 0)
      tailscaled-422   [002] ....   528.575691: sys_exit: NR 240 = 0
      tailscaled-422   [002] ....   528.575727: sys_enter: NR 242 (0, 2000, 2c47f34, 3, 1, 1)
      tailscaled-422   [002] ....   528.575731: sys_exit: NR 242 = 4
      tailscaled-422   [002] ....   528.575737: sys_enter: NR 162 (2c49f60, 0, 7b, 14, 0, 0)
      tailscaled-422   [002] ....   528.575836: sys_exit: NR 162 = 0
      tailscaled-422   [002] ....   528.575845: sys_enter: NR 240 (1695bd4, 80, 0, 2c49f28, 0, 0)
        vncagent-505   [001] ....   528.594401: sys_exit: NR 142 = 0
        vncagent-505   [001] ....   528.594408: sys_enter: NR 168 (7eac4304, 1, ffffffff, 0, c007a0, c007a0)
        vncagent-505   [001] ....   528.594412: sys_exit: NR 168 = 1
        vncagent-505   [001] ....   528.594415: sys_enter: NR 146 (3, 7eac43fc, 3, 0, 0, c007a0)
        vncagent-505   [001] ....   528.594437: sys_exit: NR 146 = 8
