      tailscaled-964   [003] ....   437.162199: sys_enter: NR 346 (4, 30fb680, 80, 110, 0, 0)
      tailscaled-422   [003] ....   437.162213: sys_exit: NR 162 = 0
      tailscaled-422   [003] ....   437.162217: sys_enter: NR 162 (2c49f60, 0, 65, 14, 0, 0)
      tailscaled-423   [002] ....   437.162233: sys_exit: NR 4 = 50
      tailscaled-964   [003] ....   437.162239: sys_exit: NR 346 = 1
      tailscaled-964   [003] ....   437.162248: sys_enter: NR 3 (c, 305605c, 10009, 0, 0, 0)
      tailscaled-964   [003] ....   437.162250: __vfs_read+0x14/0x16c <-vfs_read+0x9c/0x164
      tailscaled-964   [003] ....   437.162258: <stack trace>
 => __vfs_read+0x18/0x16c
 => vfs_read+0x9c/0x164
 => ksys_read+0x74/0xe8
 => sys_read+0x18/0x1c
 => __sys_trace_return+0x0/0x1c
 => 0x31755cc
      tailscaled-964   [003] ....   437.162272: sys_exit: NR 3 = 2530
      tailscaled-422   [003] ....   437.162299: sys_exit: NR 162 = 0
      tailscaled-422   [003] ....   437.162303: sys_enter: NR 162 (2c49f60, 0, 65, 14, 0, 0)
      tailscaled-423   [002] ....   437.162304: sys_enter: NR 4 (c, 3a78006, 32, 0, 0, 0)
      tailscaled-964   [003] ....   437.162329: sys_enter: NR 240 (2ea90d4, 81, 1, 0, 0, 0)
      tailscaled-964   [003] ....   437.162335: sys_exit: NR 240 = 1
      tailscaled-423   [002] ....   437.162355: sys_exit: NR 4 = 50
      tailscaled-423   [002] ....   437.162360: sys_enter: NR 4 (c, 3900006, 32, 0, 0, 0)
      tailscaled-422   [003] ....   437.162385: sys_exit: NR 162 = 0
      tailscaled-422   [003] ....   437.162389: sys_enter: NR 162 (2c49f60, 0, 65, 14, 0, 0)
      tailscaled-423   [002] ....   437.162395: sys_exit: NR 4 = 50
      tailscaled-545   [003] ....   437.162397: sys_exit: NR 240 = 0
      tailscaled-545   [003] ....   437.162402: sys_enter: NR 346 (4, 30f7680, 80, 0, 0, 0)
      tailscaled-545   [003] ....   437.162405: sys_exit: NR 346 = 1
      tailscaled-545   [003] ....   437.162419: sys_enter: NR 346 (4, 30f7680, 80, 110, 0, 0)
      tailscaled-423   [002] ....   437.162428: sys_enter: NR 4 (c, 3940006, 32, 0, 0, 0)
      tailscaled-964   [003] ....   437.162446: sys_enter: NR 240 (2c800d4, 81, 1, 0, 0, 0)
      tailscaled-964   [003] ....   437.162451: sys_exit: NR 240 = 1
      tailscaled-426   [001] ....   437.162463: sys_exit: NR 240 = 0
      tailscaled-423   [002] ....   437.162465: sys_exit: NR 4 = 50
      tailscaled-426   [001] ....   437.162470: sys_enter: NR 162 (2c95dcc, 0, 2d00fc8, 3, 65, 1)
      tailscaled-422   [003] ....   437.162473: sys_exit: NR 162 = 0
      tailscaled-422   [003] ....   437.162477: sys_enter: NR 162 (2c49f60, 0, 65, 14, 0, 0)
      tailscaled-423   [002] ....   437.162481: sys_enter: NR 162 (2c77dcc, 0, 2d00fc8, 3, 65, 0)
      tailscaled-545   [003] ....   437.162487: sys_exit: NR 346 = 1
      tailscaled-545   [003] ....   437.162493: sys_enter: NR 346 (4, 30f7680, 80, 0, 0, 0)
      tailscaled-545   [003] ....   437.162495: sys_exit: NR 346 = 0
      tailscaled-545   [003] ....   437.162502: sys_enter: NR 162 (30f7dcc, 0, 2d00fc8, 3, 65, 0)
      tailscaled-426   [001] ....   437.162539: sys_exit: NR 162 = 0
      tailscaled-426   [001] ....   437.162551: sys_enter: NR 3 (c, 305605c, 10009, 0, 0, 0)
      tailscaled-426   [001] ....   437.162552: __vfs_read+0x14/0x16c <-vfs_read+0x9c/0x164
      tailscaled-422   [003] ....   437.162562: sys_exit: NR 162 = 0
      tailscaled-426   [001] ....   437.162562: <stack trace>
 => __vfs_read+0x18/0x16c
 => vfs_read+0x9c/0x164
 => ksys_read+0x74/0xe8
 => sys_read+0x18/0x1c
 => __sys_trace_return+0x0/0x1c
 => 0x31755cc
      tailscaled-422   [003] ....   437.162566: sys_enter: NR 162 (2c49f60, 0, 65, 14, 0, 0)
      tailscaled-423   [002] ....   437.162568: sys_exit: NR 162 = 0
      tailscaled-426   [001] ....   437.162572: sys_exit: NR 3 = 2530
      tailscaled-545   [003] ....   437.162573: sys_exit: NR 162 = 0
      tailscaled-545   [003] ....   437.162581: sys_enter: NR 346 (4, 30f7680, 80, 110, 0, 0)
      tailscaled-423   [002] ....   437.162590: sys_enter: NR 240 (2c5e8d4, 80, 0, 0, 0, 0)
      tailscaled-426   [001] ....   437.162597: sys_enter: NR 240 (2c5e8d4, 81, 1, 0, 0, 0)
      tailscaled-426   [001] ....   437.162601: sys_exit: NR 240 = 1
      tailscaled-423   [002] ....   437.162614: sys_exit: NR 240 = 0
      tailscaled-423   [002] ....   437.162626: sys_enter: NR 240 (2c5e8d4, 80, 0, 0, 0, 0)
      tailscaled-426   [001] ....   437.162646: sys_enter: NR 240 (2c5e8d4, 81, 1, 0, 0, 0)
      tailscaled-422   [003] ....   437.162647: sys_exit: NR 162 = 0
      tailscaled-426   [001] ....   437.162650: sys_exit: NR 240 = 1
      tailscaled-422   [003] ....   437.162651: sys_enter: NR 162 (2c49f60, 0, 65, 14, 0, 0)
      tailscaled-423   [002] ....   437.162658: sys_exit: NR 240 = 0
      tailscaled-423   [002] ....   437.162665: sys_enter: NR 162 (2c77dcc, 0, 2d00fc8, 3, 65, 1)
      tailscaled-422   [003] ....   437.162731: sys_exit: NR 162 = 0
      tailscaled-423   [002] ....   437.162731: sys_exit: NR 162 = 0
      tailscaled-422   [003] ....   437.162734: sys_enter: NR 162 (2c49f60, 0, 65, 14, 0, 0)
      tailscaled-423   [002] ....   437.162736: sys_enter: NR 240 (2c808d4, 81, 1, 0, 0, 0)
      tailscaled-423   [002] ....   437.162741: sys_exit: NR 240 = 1
      tailscaled-423   [002] ....   437.162747: sys_enter: NR 3 (c, 305605c, 10009, 0, 0, 0)
      tailscaled-423   [002] ....   437.162749: __vfs_read+0x14/0x16c <-vfs_read+0x9c/0x164
      tailscaled-423   [002] ....   437.162757: <stack trace>
 => __vfs_read+0x18/0x16c
 => vfs_read+0x9c/0x164
 => ksys_read+0x74/0xe8
 => sys_read+0x18/0x1c
 => __sys_trace_return+0x0/0x1c
 => 0x31755cc
      tailscaled-423   [002] ....   437.162764: sys_exit: NR 3 = 2530
      tailscaled-422   [003] ....   437.162815: sys_exit: NR 162 = 0
      tailscaled-422   [003] ....   437.162819: sys_enter: NR 162 (2c49f60, 0, 65, 14, 0, 0)
      tailscaled-533   [003] ....   437.162828: sys_exit: NR 240 = 0
      tailscaled-426   [001] ....   437.162834: sys_enter: NR 162 (2c95dcc, 0, 2d00fc8, 3, 65, 1)
      tailscaled-533   [003] ....   437.162843: sys_enter: NR 3 (c, 305605c, 10009, 0, 0, 0)
      tailscaled-533   [003] ....   437.162845: __vfs_read+0x14/0x16c <-vfs_read+0x9c/0x164
      tailscaled-533   [003] ....   437.162853: <stack trace>
 => __vfs_read+0x18/0x16c
 => vfs_read+0x9c/0x164
 => ksys_read+0x74/0xe8
 => sys_read+0x18/0x1c
 => __sys_trace_return+0x0/0x1c
 => 0x31755cc
      tailscaled-533   [003] ....   437.162860: sys_exit: NR 3 = 2530
      tailscaled-422   [003] ....   437.162903: sys_exit: NR 162 = 0
      tailscaled-422   [003] ....   437.162907: sys_enter: NR 162 (2c49f60, 0, 65, 14, 0, 0)
      tailscaled-426   [001] .n..   437.162934: sys_exit: NR 162 = 0
      tailscaled-422   [003] ....   437.162990: sys_exit: NR 162 = 0
      tailscaled-426   [001] ....   437.162993: sys_enter: NR 3 (c, 305605c, 10009, 0, 0, 0)
      tailscaled-422   [003] ....   437.162994: sys_enter: NR 162 (2c49f60, 0, 65, 14, 0, 0)
      tailscaled-426   [001] ....   437.162995: __vfs_read+0x14/0x16c <-vfs_read+0x9c/0x164
      tailscaled-426   [001] ....   437.163003: <stack trace>
 => __vfs_read+0x18/0x16c
 => vfs_read+0x9c/0x164
 => ksys_read+0x74/0xe8
 => sys_read+0x18/0x1c
 => __sys_trace_return+0x0/0x1c
 => 0x31755cc
      tailscaled-423   [002] ....   437.163003: sys_enter: NR 240 (2c5e8d4, 80, 0, 0, 0, 0)
      tailscaled-426   [001] .n..   437.163008: sys_exit: NR 3 = -11
      tailscaled-426   [001] ....   437.163042: sys_enter: NR 240 (2c800d4, 80, 0, 0, 0, 0)
      tailscaled-422   [003] ....   437.163074: sys_exit: NR 162 = 0
      tailscaled-422   [003] ....   437.163078: sys_enter: NR 162 (2c49f60, 0, 65, 14, 0, 0)
      tailscaled-422   [003] ....   437.163158: sys_exit: NR 162 = 0
      tailscaled-422   [003] ....   437.163161: sys_enter: NR 162 (2c49f60, 0, 65, 14, 0, 0)
      tailscaled-533   [003] ....   437.163187: sys_enter: NR 240 (2c808d4, 80, 0, 0, 0, 0)
      tailscaled-545   [003] ....   437.163199: sys_exit: NR 346 = 1
      tailscaled-545   [003] ....   437.163210: sys_enter: NR 365 (11, 5d90008, 80, 0, 0, 0)
      tailscaled-545   [003] ....   437.163228: sys_exit: NR 365 = 1
      tailscaled-422   [003] ....   437.163243: sys_exit: NR 162 = 0
      tailscaled-422   [003] ....   437.163247: sys_enter: NR 162 (2c49f60, 0, 65, 14, 0, 0)
      tailscaled-545   [003] ....   437.163312: sys_enter: NR 240 (2c808d4, 81, 1, 0, 0, 0)
      tailscaled-545   [003] .n..   437.163318: sys_exit: NR 240 = 1
      tailscaled-422   [003] ....   437.163328: sys_exit: NR 162 = 0
      tailscaled-422   [003] ....   437.163332: sys_enter: NR 162 (2c49f60, 0, 65, 14, 0, 0)
      tailscaled-545   [003] ....   437.163387: sys_enter: NR 365 (11, 5a02608, 80, 0, 0, 0)
      tailscaled-545   [003] ....   437.163390: sys_exit: NR 365 = -11
      tailscaled-422   [003] ....   437.163414: sys_exit: NR 162 = 0
      tailscaled-422   [003] ....   437.163418: sys_enter: NR 162 (2c49f60, 0, 65, 14, 0, 0)
      tailscaled-533   [003] ....   437.163425: sys_exit: NR 240 = 0
      tailscaled-533   [003] ....   437.163430: sys_enter: NR 346 (4, 3019680, 80, 0, 0, 0)
      tailscaled-533   [003] ....   437.163434: sys_exit: NR 346 = 0
      tailscaled-533   [003] ....   437.163439: sys_enter: NR 240 (2c800d4, 81, 1, 0, 0, 0)
      tailscaled-533   [003] ....   437.163442: sys_exit: NR 240 = 1
      tailscaled-533   [003] ....   437.163452: sys_enter: NR 346 (4, 3019680, 80, 0, 0, 0)
      tailscaled-426   [001] ....   437.163453: sys_exit: NR 240 = 0
      tailscaled-533   [003] ....   437.163453: sys_exit: NR 346 = 0
      tailscaled-426   [001] ....   437.163457: sys_enter: NR 346 (4, 2c95680, 80, 0, 0, 0)
      tailscaled-426   [001] ....   437.163459: sys_exit: NR 346 = 0
      tailscaled-533   [003] ....   437.163465: sys_enter: NR 346 (4, 3019680, 80, 10f, 0, 0)
      tailscaled-426   [001] ....   437.163470: sys_enter: NR 240 (2c800d4, 80, 0, 0, 0, 0)
      tailscaled-545   [003] ....   437.163488: sys_enter: NR 240 (2c800d4, 81, 1, 0, 0, 0)
      tailscaled-545   [003] .n..   437.163499: sys_exit: NR 240 = 1
      tailscaled-422   [003] ....   437.163503: sys_exit: NR 162 = 0
      tailscaled-422   [003] ....   437.163506: sys_enter: NR 162 (2c49f60, 0, 65, 14, 0, 0)
      tailscaled-426   [001] ....   437.163508: sys_exit: NR 240 = 0
      tailscaled-426   [001] ....   437.163516: sys_enter: NR 162 (2c95dcc, 0, 2f838c8, 3, 65, 0)
      tailscaled-545   [003] ....   437.163567: sys_enter: NR 4 (c, 3ad8006, 32, 0, 0, 0)
      tailscaled-426   [001] ....   437.163584: sys_exit: NR 162 = 0
      tailscaled-426   [001] ....   437.163590: sys_enter: NR 240 (2c800d4, 80, 0, 0, 0, 0)
      tailscaled-545   [003] .n..   437.163680: sys_exit: NR 4 = 50
      tailscaled-422   [003] ....   437.163685: sys_exit: NR 162 = 0
      tailscaled-422   [003] ....   437.163689: sys_enter: NR 162 (2c49f60, 0, 65, 14, 0, 0)
      tailscaled-533   [003] ....   437.163701: sys_exit: NR 346 = 1
      tailscaled-533   [003] ....   437.163709: sys_enter: NR 3 (c, 305605c, 10009, 0, 0, 0)
      tailscaled-533   [003] ....   437.163711: __vfs_read+0x14/0x16c <-vfs_read+0x9c/0x164
      tailscaled-533   [003] ....   437.163721: <stack trace>
 => __vfs_read+0x18/0x16c
 => vfs_read+0x9c/0x164
 => ksys_read+0x74/0xe8
 => sys_read+0x18/0x1c
 => __sys_trace_return+0x0/0x1c
 => 0x31755cc
      tailscaled-533   [003] ....   437.163731: sys_exit: NR 3 = 2530
      tailscaled-533   [003] ....   437.163757: sys_enter: NR 240 (2c800d4, 81, 1, 0, 0, 0)
      tailscaled-533   [003] .n..   437.163761: sys_exit: NR 240 = 1
      tailscaled-426   [001] ....   437.163770: sys_exit: NR 240 = 0
      tailscaled-422   [003] ....   437.163773: sys_exit: NR 162 = 0
      tailscaled-426   [001] ....   437.163774: sys_enter: NR 346 (4, 2c95680, 80, 0, 0, 0)
      tailscaled-426   [001] ....   437.163776: sys_exit: NR 346 = 0
      tailscaled-422   [003] ....   437.163777: sys_enter: NR 162 (2c49f60, 0, 65, 14, 0, 0)
      tailscaled-426   [001] ....   437.163782: sys_enter: NR 162 (2c95dcc, 0, 2c03b08, 3, 65, 0)
      tailscaled-426   [001] ....   437.163849: sys_exit: NR 162 = 0
      tailscaled-426   [001] ....   437.163850: sys_enter: NR 162 (2c95dcc, 0, 2d00fc8, 3, 65, 0)
      tailscaled-422   [003] ....   437.163860: sys_exit: NR 162 = 0
      tailscaled-422   [003] ....   437.163864: sys_enter: NR 162 (2c49f60, 0, 65, 14, 0, 0)
      tailscaled-426   [001] ....   437.163916: sys_exit: NR 162 = 0
      tailscaled-426   [001] ....   437.163924: sys_enter: NR 3 (c, 305605c, 10009, 0, 0, 0)
      tailscaled-426   [001] ....   437.163925: __vfs_read+0x14/0x16c <-vfs_read+0x9c/0x164
      tailscaled-426   [001] ....   437.163934: <stack trace>
 => __vfs_read+0x18/0x16c
 => vfs_read+0x9c/0x164
 => ksys_read+0x74/0xe8
 => sys_read+0x18/0x1c
 => __sys_trace_return+0x0/0x1c
 => 0x31755cc
      tailscaled-426   [001] ....   437.163936: sys_exit: NR 3 = -11
      tailscaled-426   [001] ....   437.163942: sys_enter: NR 346 (4, 2c95680, 80, 0, 0, 0)
      tailscaled-426   [001] ....   437.163944: sys_exit: NR 346 = 0
      tailscaled-422   [003] ....   437.163948: sys_exit: NR 162 = 0
      tailscaled-422   [003] ....   437.163952: sys_enter: NR 162 (2c49f60, 0, 65, 14, 0, 0)
      tailscaled-426   [001] ....   437.163958: sys_enter: NR 346 (4, 2c95680, 80, 10e, 0, 0)
      tailscaled-545   [003] ....   437.163982: sys_enter: NR 240 (2ea90d4, 80, 0, 0, 0, 0)
      tailscaled-422   [003] ....   437.164033: sys_exit: NR 162 = 0
      tailscaled-422   [003] ....   437.164036: sys_enter: NR 162 (2c49f60, 0, 65, 14, 0, 0)
      tailscaled-422   [003] ....   437.164117: sys_exit: NR 162 = 0
      tailscaled-422   [003] ....   437.164121: sys_enter: NR 162 (2c49f60, 0, 65, 14, 0, 0)
      tailscaled-533   [003] ....   437.164136: sys_enter: NR 240 (2c808d4, 80, 0, 0, 0, 0)
      tailscaled-964   [003] ....   437.164170: sys_enter: NR 374 (11, 60d1308, 2, 0, 0, 0)
      tailscaled-422   [003] ....   437.164205: sys_exit: NR 162 = 0
      tailscaled-422   [003] ....   437.164209: sys_enter: NR 162 (2c49f60, 0, 65, 14, 0, 0)
      tailscaled-422   [003] ....   437.164307: sys_exit: NR 162 = 0
      tailscaled-422   [003] ....   437.164311: sys_enter: NR 162 (2c49f60, 0, 65, 14, 0, 0)
      tailscaled-964   [003] ....   437.164319: sys_exit: NR 374 = 2
      tailscaled-964   [003] ....   437.164376: sys_enter: NR 374 (11, 60d1308, 2, 0, 0, 0)
      tailscaled-422   [003] ....   437.164394: sys_exit: NR 162 = 0
      tailscaled-422   [003] ....   437.164398: sys_enter: NR 162 (2c49f60, 0, 65, 14, 0, 0)
      tailscaled-964   [003] ....   437.164450: sys_exit: NR 374 = 2
      tailscaled-426   [001] ....   437.164466: sys_exit: NR 346 = 1
      tailscaled-426   [001] ....   437.164474: sys_enter: NR 346 (4, 2c95680, 80, 0, 0, 0)
      tailscaled-426   [001] ....   437.164476: sys_exit: NR 346 = 0
      tailscaled-422   [003] ....   437.164481: sys_exit: NR 162 = 0
      tailscaled-422   [003] ....   437.164485: sys_enter: NR 162 (2c49f60, 0, 65, 14, 0, 0)
      tailscaled-426   [001] ....   437.164488: sys_enter: NR 346 (4, 2c95680, 80, 10e, 0, 0)
      tailscaled-964   [003] ....   437.164509: sys_enter: NR 374 (11, 60d1308, 2, 0, 0, 0)
      tailscaled-964   [003] ....   437.164554: sys_exit: NR 374 = 2
      tailscaled-422   [003] ....   437.164567: sys_exit: NR 162 = 0
      tailscaled-422   [003] ....   437.164571: sys_enter: NR 162 (2c49f60, 0, 65, 14, 0, 0)
      tailscaled-964   [003] ....   437.164609: sys_enter: NR 374 (11, 60d1308, 2, 0, 0, 0)
      tailscaled-422   [003] ....   437.164667: sys_exit: NR 162 = 0
      tailscaled-422   [003] ....   437.164671: sys_enter: NR 162 (2c49f60, 0, 65, 14, 0, 0)
      tailscaled-964   [003] ....   437.164679: sys_exit: NR 374 = 2
      tailscaled-964   [003] ....   437.164711: sys_enter: NR 374 (11, 60d1308, 2, 0, 0, 0)
      tailscaled-426   [001] ....   437.164734: sys_exit: NR 346 = 1
      tailscaled-426   [001] ....   437.164740: sys_enter: NR 346 (4, 2c95680, 80, 0, 0, 0)
      tailscaled-426   [001] ....   437.164741: sys_exit: NR 346 = 0
      tailscaled-426   [001] ....   437.164753: sys_enter: NR 346 (4, 2c95680, 80, 10d, 0, 0)
      tailscaled-422   [003] ....   437.164768: sys_exit: NR 162 = 0
      tailscaled-422   [003] ....   437.164772: sys_enter: NR 162 (2c49f60, 0, 65, 14, 0, 0)
      tailscaled-964   [003] ....   437.164780: sys_exit: NR 374 = 2
      tailscaled-964   [003] ....   437.164816: sys_enter: NR 240 (2c810d4, 80, 0, 0, 0, 0)
      tailscaled-422   [003] ....   437.164857: sys_exit: NR 162 = 0
      tailscaled-422   [003] ....   437.164864: sys_enter: NR 240 (1695bd4, 80, 0, 2c49f28, 0, 0)
      tailscaled-426   [001] ....   437.165072: sys_exit: NR 346 = 1
      tailscaled-426   [001] ....   437.165101: sys_enter: NR 346 (4, 2c95680, 80, 0, 0, 0)
      tailscaled-426   [001] ....   437.165103: sys_exit: NR 346 = 0
      tailscaled-426   [001] ....   437.165129: sys_enter: NR 346 (4, 2c95680, 80, 10d, 0, 0)
      tailscaled-426   [001] ....   437.165310: sys_exit: NR 346 = 1
      tailscaled-426   [001] ....   437.165317: sys_enter: NR 346 (4, 2c95680, 80, 0, 0, 0)
      tailscaled-426   [001] ....   437.165318: sys_exit: NR 346 = 0
      tailscaled-426   [001] ....   437.165329: sys_enter: NR 346 (4, 2c95680, 80, 10d, 0, 0)
      tailscaled-426   [001] ....   437.166382: sys_exit: NR 346 = 1
      tailscaled-426   [001] ....   437.166417: sys_enter: NR 240 (1695bd4, 81, 1, 0, 0, 0)
      tailscaled-426   [001] ....   437.166422: sys_exit: NR 240 = 1
      tailscaled-426   [001] ....   437.166424: sys_enter: NR 365 (11, 5a02608, 80, 0, 0, 0)
      tailscaled-422   [003] ....   437.166433: sys_exit: NR 240 = 0
      tailscaled-422   [003] ....   437.166438: sys_enter: NR 162 (2c49f60, 0, 65, 14, 0, 0)
      tailscaled-426   [001] ....   437.166441: sys_exit: NR 365 = 1
      tailscaled-426   [001] ....   437.166510: sys_enter: NR 240 (2c810d4, 81, 1, 0, 0, 0)
      tailscaled-426   [001] ....   437.166514: sys_exit: NR 240 = 1
      tailscaled-422   [003] ....   437.166525: sys_exit: NR 162 = 0
      tailscaled-422   [003] ....   437.166529: sys_enter: NR 162 (2c49f60, 0, 65, 14, 0, 0)
      tailscaled-964   [003] ....   437.166537: sys_exit: NR 240 = 0
      tailscaled-964   [003] ....   437.166542: sys_enter: NR 346 (4, 30fb680, 80, 0, 0, 0)
      tailscaled-964   [003] ....   437.166546: sys_exit: NR 346 = 1
      tailscaled-964   [003] ....   437.166554: sys_enter: NR 240 (2c808d4, 81, 1, 0, 0, 0)
      tailscaled-964   [003] ....   437.166561: sys_exit: NR 240 = 1
      tailscaled-426   [001] ....   437.166563: sys_enter: NR 365 (11, 60d1308, 80, 0, 0, 0)
      tailscaled-426   [001] ....   437.166573: sys_exit: NR 365 = 1
      tailscaled-964   [003] ....   437.166576: sys_enter: NR 346 (4, 30fb680, 80, 0, 0, 0)
      tailscaled-964   [003] ....   437.166577: sys_exit: NR 346 = 0
      tailscaled-964   [003] ....   437.166583: sys_enter: NR 162 (30fbdcc, 0, 2c83c28, 3, 65, 0)
      tailscaled-533   [003] ....   437.166592: sys_exit: NR 240 = 0
      tailscaled-533   [003] ....   437.166597: sys_enter: NR 346 (4, 3019680, 80, 0, 0, 0)
      tailscaled-533   [003] ....   437.166600: sys_exit: NR 346 = 1
      tailscaled-422   [003] ....   437.166614: sys_exit: NR 162 = 0
      tailscaled-422   [003] ....   437.166617: sys_enter: NR 162 (2c49f60, 0, 65, 14, 0, 0)
      tailscaled-426   [001] ....   437.166652: sys_enter: NR 365 (11, 60d1308, 80, 0, 0, 0)
      tailscaled-426   [001] ....   437.166660: sys_exit: NR 365 = 1
      tailscaled-422   [003] ....   437.166699: sys_exit: NR 162 = 0
      tailscaled-422   [003] ....   437.166704: sys_enter: NR 162 (2c49f60, 0, 65, 14, 0, 0)
      tailscaled-426   [001] ....   437.166733: sys_enter: NR 365 (11, 60d1308, 80, 0, 0, 0)
      tailscaled-426   [001] ....   437.166741: sys_exit: NR 365 = 1
      tailscaled-533   [003] ....   437.166753: sys_enter: NR 4 (c, 3960006, 32, 0, 0, 0)
      tailscaled-426   [001] ....   437.166815: sys_enter: NR 365 (11, 60d1308, 80, 0, 0, 0)
      tailscaled-426   [001] ....   437.166822: sys_exit: NR 365 = 1
      tailscaled-533   [003] .n..   437.166874: sys_exit: NR 4 = 50
      tailscaled-422   [003] ....   437.166879: sys_exit: NR 162 = 0
      tailscaled-422   [003] ....   437.166883: sys_enter: NR 162 (2c49f60, 0, 65, 14, 0, 0)
      tailscaled-426   [001] ....   437.166895: sys_enter: NR 365 (11, 60d1308, 80, 0, 0, 0)
      tailscaled-426   [001] ....   437.166898: sys_exit: NR 365 = -11
      tailscaled-533   [003] ....   437.166913: sys_enter: NR 346 (4, 3019680, 80, 0, 0, 0)
      tailscaled-533   [003] ....   437.166918: sys_exit: NR 346 = 2
      tailscaled-533   [003] ....   437.166925: sys_enter: NR 3 (c, 305605c, 10009, 0, 0, 0)
      tailscaled-533   [003] ....   437.166928: __vfs_read+0x14/0x16c <-vfs_read+0x9c/0x164
      tailscaled-533   [003] ....   437.166944: <stack trace>
 => __vfs_read+0x18/0x16c
 => vfs_read+0x9c/0x164
 => ksys_read+0x74/0xe8
 => sys_read+0x18/0x1c
 => __sys_trace_return+0x0/0x1c
 => 0x31755cc
      tailscaled-533   [003] .n..   437.166965: sys_exit: NR 3 = 2530
      tailscaled-422   [003] ....   437.166969: sys_exit: NR 162 = 0
      tailscaled-422   [003] ....   437.166974: sys_enter: NR 162 (2c49f60, 0, 65, 14, 0, 0)
      tailscaled-426   [001] ....   437.166981: sys_enter: NR 4 (c, 3b18006, 32, 0, 0, 0)
      tailscaled-426   [001] ....   437.167049: sys_exit: NR 4 = 50
      tailscaled-422   [003] ....   437.167056: sys_exit: NR 162 = 0
      tailscaled-422   [003] ....   437.167060: sys_enter: NR 162 (2c49f60, 0, 65, 14, 0, 0)
      tailscaled-426   [001] ....   437.167108: sys_enter: NR 4 (c, 3990006, 32, 0, 0, 0)
      tailscaled-422   [003] ....   437.167143: sys_exit: NR 162 = 0
      tailscaled-422   [003] ....   437.167147: sys_enter: NR 162 (2c49f60, 0, 65, 14, 0, 0)
      tailscaled-426   [001] ....   437.167151: sys_exit: NR 4 = 50
      tailscaled-426   [001] ....   437.167203: sys_enter: NR 4 (c, 6020006, 32, 0, 0, 0)
      tailscaled-422   [003] ....   437.167227: sys_exit: NR 162 = 0
      tailscaled-422   [003] ....   437.167231: sys_enter: NR 162 (2c49f60, 0, 65, 14, 0, 0)
      tailscaled-426   [001] ....   437.167242: sys_exit: NR 4 = 50
      tailscaled-426   [001] ....   437.167272: sys_enter: NR 4 (c, 3940006, 32, 0, 0, 0)
      tailscaled-422   [003] ....   437.167311: sys_exit: NR 162 = 0
      tailscaled-422   [003] ....   437.167314: sys_enter: NR 162 (2c49f60, 0, 65, 14, 0, 0)
      tailscaled-426   [001] ....   437.167316: sys_exit: NR 4 = 50
      tailscaled-426   [001] ....   437.167328: sys_enter: NR 346 (4, 2c95680, 80, 0, 0, 0)
      tailscaled-426   [001] ....   437.167332: sys_exit: NR 346 = 1
      tailscaled-426   [001] ....   437.167344: sys_enter: NR 3 (c, 305605c, 10009, 0, 0, 0)
      tailscaled-426   [001] ....   437.167347: __vfs_read+0x14/0x16c <-vfs_read+0x9c/0x164
      tailscaled-426   [001] ....   437.167358: <stack trace>
 => __vfs_read+0x18/0x16c
 => vfs_read+0x9c/0x164
 => ksys_read+0x74/0xe8
 => sys_read+0x18/0x1c
 => __sys_trace_return+0x0/0x1c
 => 0x31755cc
      tailscaled-426   [001] ....   437.167367: sys_exit: NR 3 = 2530
      tailscaled-533   [003] ....   437.167378: sys_enter: NR 374 (11, 5d90008, 2, 0, 0, 0)
      tailscaled-422   [003] ....   437.167410: sys_exit: NR 162 = 0
      tailscaled-422   [003] ....   437.167414: sys_enter: NR 162 (2c49f60, 0, 65, 14, 0, 0)
      tailscaled-422   [003] ....   437.167509: sys_exit: NR 162 = 0
      tailscaled-422   [003] ....   437.167514: sys_enter: NR 162 (2c49f60, 0, 65, 14, 0, 0)
      tailscaled-533   [003] ....   437.167522: sys_exit: NR 374 = 2
      tailscaled-422   [003] ....   437.167607: sys_exit: NR 162 = 0
      tailscaled-422   [003] ....   437.167611: sys_enter: NR 162 (2c49f60, 0, 65, 14, 0, 0)
      tailscaled-533   [003] ....   437.167628: sys_enter: NR 346 (4, 3019680, 80, 0, 0, 0)
      tailscaled-533   [003] ....   437.167631: sys_exit: NR 346 = 0
      tailscaled-533   [003] ....   437.167644: sys_enter: NR 3 (c, 305605c, 10009, 0, 0, 0)
      tailscaled-533   [003] ....   437.167646: __vfs_read+0x14/0x16c <-vfs_read+0x9c/0x164
      tailscaled-533   [003] ....   437.167656: <stack trace>
 => __vfs_read+0x18/0x16c
 => vfs_read+0x9c/0x164
 => ksys_read+0x74/0xe8
 => sys_read+0x18/0x1c
 => __sys_trace_return+0x0/0x1c
 => 0x31755cc
      tailscaled-533   [003] ....   437.167667: sys_exit: NR 3 = 2530
      tailscaled-422   [003] ....   437.167693: sys_exit: NR 162 = 0
      tailscaled-422   [003] ....   437.167697: sys_enter: NR 162 (2c49f60, 0, 65, 14, 0, 0)
      tailscaled-426   [001] ....   437.167741: sys_enter: NR 374 (11, 5a02608, 2, 0, 0, 0)
      tailscaled-422   [003] ....   437.167781: sys_exit: NR 162 = 0
      tailscaled-422   [003] ....   437.167785: sys_enter: NR 162 (2c49f60, 0, 65, 14, 0, 0)
      tailscaled-426   [001] ....   437.167805: sys_exit: NR 374 = 2
      tailscaled-426   [001] ....   437.167840: sys_enter: NR 346 (4, 2c95680, 80, 0, 0, 0)
      tailscaled-426   [001] ....   437.167845: sys_exit: NR 346 = 1
      tailscaled-426   [001] ....   437.167855: sys_enter: NR 3 (c, 305605c, 10009, 0, 0, 0)
      tailscaled-426   [001] ....   437.167856: __vfs_read+0x14/0x16c <-vfs_read+0x9c/0x164
      tailscaled-426   [001] ....   437.167866: <stack trace>
 => __vfs_read+0x18/0x16c
 => vfs_read+0x9c/0x164
 => ksys_read+0x74/0xe8
 => sys_read+0x18/0x1c
 => __sys_trace_return+0x0/0x1c
 => 0x31755cc
      tailscaled-422   [003] ....   437.167866: sys_exit: NR 162 = 0
      tailscaled-422   [003] ....   437.167870: sys_enter: NR 162 (2c49f60, 0, 65, 14, 0, 0)
      tailscaled-426   [001] ....   437.167874: sys_exit: NR 3 = 2530
      tailscaled-422   [003] ....   437.167951: sys_exit: NR 162 = 0
      tailscaled-422   [003] ....   437.167955: sys_enter: NR 162 (2c49f60, 0, 65, 14, 0, 0)
      tailscaled-533   [003] ....   437.168013: sys_enter: NR 374 (11, 5d90008, 2, 0, 0, 0)
      tailscaled-422   [003] ....   437.168060: sys_exit: NR 162 = 0
      tailscaled-422   [003] ....   437.168064: sys_enter: NR 162 (2c49f60, 0, 65, 14, 0, 0)
      tailscaled-964   [003] ....   437.168074: sys_exit: NR 162 = 0
      tailscaled-964   [003] ....   437.168085: sys_enter: NR 240 (2ea90d4, 81, 1, 0, 0, 0)
      tailscaled-964   [003] ....   437.168097: sys_exit: NR 240 = 1
      tailscaled-426   [001] ....   437.168100: sys_enter: NR 346 (4, 2c95680, 80, 0, 0, 0)
      tailscaled-426   [001] ....   437.168104: sys_exit: NR 346 = 1
      tailscaled-964   [003] ....   437.168105: sys_enter: NR 3 (c, 305605c, 10009, 0, 0, 0)
      tailscaled-964   [003] ....   437.168106: __vfs_read+0x14/0x16c <-vfs_read+0x9c/0x164
      tailscaled-964   [003] ....   437.168116: <stack trace>
 => __vfs_read+0x18/0x16c
 => vfs_read+0x9c/0x164
 => ksys_read+0x74/0xe8
 => sys_read+0x18/0x1c
 => __sys_trace_return+0x0/0x1c
 => 0x31755cc
      tailscaled-426   [001] ....   437.168123: sys_enter: NR 346 (4, 2c95680, 80, 10a, 0, 0)
      tailscaled-964   [003] ....   437.168123: sys_exit: NR 3 = 2530
      tailscaled-422   [003] ....   437.168149: sys_exit: NR 162 = 0
      tailscaled-422   [003] ....   437.168153: sys_enter: NR 162 (2c49f60, 0, 65, 14, 0, 0)
      tailscaled-545   [003] ....   437.168164: sys_exit: NR 240 = 0
      tailscaled-545   [003] ....   437.168185: sys_enter: NR 240 (2ea90d4, 80, 0, 0, 0, 0)
      tailscaled-426   [001] ....   437.168220: sys_exit: NR 346 = 1
      tailscaled-533   [003] ....   437.168224: sys_exit: NR 374 = 2
      tailscaled-426   [001] ....   437.168228: sys_enter: NR 346 (4, 2c95680, 80, 0, 0, 0)
      tailscaled-426   [001] ....   437.168229: sys_exit: NR 346 = 0
      tailscaled-422   [003] ....   437.168235: sys_exit: NR 162 = 0
      tailscaled-422   [003] ....   437.168239: sys_enter: NR 162 (2c49f60, 0, 65, 14, 0, 0)
      tailscaled-426   [001] ....   437.168241: sys_enter: NR 346 (4, 2c95680, 80, 10a, 0, 0)
      tailscaled-964   [003] ....   437.168258: sys_enter: NR 240 (2ea90d4, 81, 1, 0, 0, 0)
      tailscaled-964   [003] ....   437.168264: sys_exit: NR 240 = 1
      tailscaled-422   [003] ....   437.168322: sys_exit: NR 162 = 0
      tailscaled-422   [003] ....   437.168326: sys_enter: NR 162 (2c49f60, 0, 65, 14, 0, 0)
      tailscaled-545   [003] ....   437.168335: sys_exit: NR 240 = 0
      tailscaled-545   [003] ....   437.168343: sys_enter: NR 162 (30f7dcc, 0, 2d00fc8, 3, 65, 1)
      tailscaled-533   [003] ....   437.168392: sys_enter: NR 374 (11, 5d90008, 2, 0, 0, 0)
      tailscaled-426   [001] ....   437.168412: sys_exit: NR 346 = 1
      tailscaled-422   [003] ....   437.168414: sys_exit: NR 162 = 0
      tailscaled-422   [003] ....   437.168418: sys_enter: NR 162 (2c49f60, 0, 65, 14, 0, 0)
      tailscaled-426   [001] ....   437.168419: sys_enter: NR 346 (4, 2c95680, 80, 0, 0, 0)
      tailscaled-426   [001] ....   437.168421: sys_exit: NR 346 = 0
      tailscaled-545   [003] ....   437.168426: sys_exit: NR 162 = 0
      tailscaled-426   [001] ....   437.168427: sys_enter: NR 162 (2c95dcc, 0, 2d00fc8, 3, 65, 0)
      tailscaled-545   [003] ....   437.168434: sys_enter: NR 3 (c, 305605c, 10009, 0, 0, 0)
      tailscaled-545   [003] ....   437.168435: __vfs_read+0x14/0x16c <-vfs_read+0x9c/0x164
      tailscaled-545   [003] ....   437.168445: <stack trace>
 => __vfs_read+0x18/0x16c
 => vfs_read+0x9c/0x164
 => ksys_read+0x74/0xe8
 => sys_read+0x18/0x1c
 => __sys_trace_return+0x0/0x1c
 => 0x31755cc
      tailscaled-545   [003] ....   437.168453: sys_exit: NR 3 = 777
      tailscaled-545   [003] ....   437.168467: sys_enter: NR 346 (4, 30f7680, 80, 0, 0, 0)
      tailscaled-545   [003] ....   437.168469: sys_exit: NR 346 = 0
      tailscaled-545   [003] ....   437.168482: sys_enter: NR 346 (4, 30f7680, 80, 10a, 0, 0)
      tailscaled-426   [001] ....   437.168495: sys_exit: NR 162 = 0
      tailscaled-422   [003] ....   437.168500: sys_exit: NR 162 = 0
      tailscaled-426   [001] ....   437.168502: sys_enter: NR 240 (2c800d4, 80, 0, 0, 0, 0)
      tailscaled-422   [003] ....   437.168504: sys_enter: NR 162 (2c49f60, 0, 65, 14, 0, 0)
      tailscaled-533   [003] ....   437.168559: sys_exit: NR 374 = 2
      tailscaled-422   [003] ....   437.168586: sys_exit: NR 162 = 0
      tailscaled-422   [003] ....   437.168590: sys_enter: NR 162 (2c49f60, 0, 65, 14, 0, 0)
      tailscaled-964   [003] ....   437.168619: sys_enter: NR 240 (2c800d4, 81, 1, 0, 0, 0)
      tailscaled-964   [003] ....   437.168623: sys_exit: NR 240 = 1
      tailscaled-426   [001] ....   437.168631: sys_exit: NR 240 = 0
      tailscaled-426   [001] ....   437.168639: sys_enter: NR 162 (2c95dcc, 0, 2c837a8, 3, 65, 0)
      tailscaled-422   [003] ....   437.168673: sys_exit: NR 162 = 0
      tailscaled-422   [003] ....   437.168677: sys_enter: NR 162 (2c49f60, 0, 65, 14, 0, 0)
      tailscaled-426   [001] ....   437.168706: sys_exit: NR 162 = 0
      tailscaled-426   [001] ....   437.168708: sys_enter: NR 162 (2c95dcc, 0, 2d00fc8, 3, 65, 0)
      tailscaled-422   [003] ....   437.168759: sys_exit: NR 162 = 0
      tailscaled-422   [003] ....   437.168762: sys_enter: NR 162 (2c49f60, 0, 65, 14, 0, 0)
      tailscaled-545   [003] ....   437.168773: sys_exit: NR 346 = 1
      tailscaled-426   [001] ....   437.168774: sys_exit: NR 162 = 0
      tailscaled-545   [003] ....   437.168780: sys_enter: NR 346 (4, 30f7680, 80, 0, 0, 0)
      tailscaled-545   [003] ....   437.168781: sys_exit: NR 346 = 0
      tailscaled-426   [001] ....   437.168785: sys_enter: NR 3 (c, 305605c, 10009, 0, 0, 0)
      tailscaled-426   [001] ....   437.168786: __vfs_read+0x14/0x16c <-vfs_read+0x9c/0x164
      tailscaled-545   [003] ....   437.168793: sys_enter: NR 346 (4, 30f7680, 80, 109, 0, 0)
      tailscaled-426   [001] ....   437.168796: <stack trace>
 => __vfs_read+0x18/0x16c
 => vfs_read+0x9c/0x164
 => ksys_read+0x74/0xe8
 => sys_read+0x18/0x1c
 => __sys_trace_return+0x0/0x1c
 => 0x31755cc
      tailscaled-426   [001] ....   437.168798: sys_exit: NR 3 = -11
      tailscaled-426   [001] ....   437.168811: sys_enter: NR 162 (2c95dcc, 0, 2c83e68, 3, 65, 0)
      tailscaled-422   [003] ....   437.168843: sys_exit: NR 162 = 0
      tailscaled-422   [003] ....   437.168847: sys_enter: NR 162 (2c49f60, 0, 65, 14, 0, 0)
      tailscaled-545   [003] ....   437.168856: sys_exit: NR 346 = 1
      tailscaled-545   [003] ....   437.168863: sys_enter: NR 346 (4, 30f7680, 80, 0, 0, 0)
      tailscaled-545   [003] ....   437.168865: sys_exit: NR 346 = 0
      tailscaled-545   [003] ....   437.168876: sys_enter: NR 346 (4, 30f7680, 80, 109, 0, 0)
      tailscaled-426   [001] ....   437.168878: sys_exit: NR 162 = 0
      tailscaled-426   [001] ....   437.168884: sys_enter: NR 240 (2c800d4, 80, 0, 0, 0, 0)
      tailscaled-422   [003] ....   437.168928: sys_exit: NR 162 = 0
      tailscaled-422   [003] ....   437.168932: sys_enter: NR 162 (2c49f60, 0, 65, 14, 0, 0)
      tailscaled-422   [003] ....   437.169012: sys_exit: NR 162 = 0
      tailscaled-422   [003] ....   437.169015: sys_enter: NR 162 (2c49f60, 0, 65, 14, 0, 0)
      tailscaled-964   [003] ....   437.169031: sys_enter: NR 240 (2c810d4, 80, 0, 0, 0, 0)
      tailscaled-422   [003] ....   437.169096: sys_exit: NR 162 = 0
      tailscaled-422   [003] ....   437.169099: sys_enter: NR 162 (2c49f60, 0, 65, 14, 0, 0)
      tailscaled-533   [003] ....   437.169110: sys_enter: NR 240 (2c810d4, 81, 1, 0, 0, 0)
      tailscaled-533   [003] ....   437.169116: sys_exit: NR 240 = 1
      tailscaled-533   [003] ....   437.169138: sys_enter: NR 374 (11, 5d90008, 2, 0, 0, 0)
      tailscaled-422   [003] ....   437.169185: sys_exit: NR 162 = 0
      tailscaled-422   [003] ....   437.169189: sys_enter: NR 162 (2c49f60, 0, 65, 14, 0, 0)
      tailscaled-964   [003] ....   437.169197: sys_exit: NR 240 = 0
      tailscaled-964   [003] ....   437.169209: sys_enter: NR 240 (2c810d4, 80, 0, 0, 0, 0)
      tailscaled-533   [003] ....   437.169241: sys_exit: NR 374 = 2
      tailscaled-422   [003] ....   437.169271: sys_exit: NR 162 = 0
      tailscaled-422   [003] ....   437.169275: sys_enter: NR 162 (2c49f60, 0, 65, 14, 0, 0)
      tailscaled-533   [003] ....   437.169298: sys_enter: NR 374 (11, 5d90008, 1, 0, 0, 0)
      tailscaled-533   [003] ....   437.169328: sys_exit: NR 374 = 1
      tailscaled-422   [003] ....   437.169357: sys_exit: NR 162 = 0
      tailscaled-422   [003] ....   437.169360: sys_enter: NR 162 (2c49f60, 0, 65, 14, 0, 0)
      tailscaled-545   [003] ....   437.169370: sys_exit: NR 346 = 1
      tailscaled-545   [003] ....   437.169378: sys_enter: NR 346 (4, 30f7680, 80, 0, 0, 0)
      tailscaled-545   [003] ....   437.169379: sys_exit: NR 346 = 0
      tailscaled-545   [003] ....   437.169390: sys_enter: NR 346 (4, 30f7680, 80, 109, 0, 0)
      tailscaled-533   [003] ....   437.169412: sys_enter: NR 240 (2c808d4, 80, 0, 0, 0, 0)
      tailscaled-422   [003] ....   437.169443: sys_exit: NR 162 = 0
      tailscaled-422   [003] ....   437.169453: sys_enter: NR 240 (1695bd4, 80, 0, 2c49f28, 0, 0)
      tailscaled-545   [003] ....   437.169464: sys_exit: NR 346 = 1
      tailscaled-545   [003] ....   437.169470: sys_enter: NR 346 (4, 30f7680, 80, 0, 0, 0)
      tailscaled-545   [003] ....   437.169472: sys_exit: NR 346 = 0
      tailscaled-545   [003] ....   437.169481: sys_enter: NR 346 (4, 30f7680, 80, 109, 0, 0)
      tailscaled-545   [003] ....   437.169678: sys_exit: NR 346 = 1
      tailscaled-545   [003] ....   437.169689: sys_enter: NR 240 (1695bd4, 81, 1, 0, 0, 0)
      tailscaled-545   [003] .n..   437.169695: sys_exit: NR 240 = 1
      tailscaled-422   [003] ....   437.169700: sys_exit: NR 240 = 0
      tailscaled-422   [003] ....   437.169703: sys_enter: NR 158 (101, 4, 1695b44, 1, 0, 0)
      tailscaled-422   [003] ....   437.169706: sys_exit: NR 158 = 0
      tailscaled-422   [003] ....   437.169709: sys_enter: NR 240 (2c5e328, 80, ffffffff, 0, 0, 0)
      tailscaled-545   [003] ....   437.169717: sys_enter: NR 240 (2c5e328, 81, 1, 0, 0, 0)
      tailscaled-545   [003] .n..   437.169722: sys_exit: NR 240 = 1
      tailscaled-422   [003] ....   437.169726: sys_exit: NR 240 = 0
      tailscaled-422   [003] ....   437.169730: sys_enter: NR 162 (2c49f60, 0, 65, 14, 0, 0)
      tailscaled-545   [003] ....   437.169738: sys_enter: NR 365 (11, 60d1308, 80, 0, 0, 0)
      tailscaled-545   [003] ....   437.169759: sys_exit: NR 365 = 2
      tailscaled-422   [003] ....   437.169812: sys_exit: NR 162 = 0
      tailscaled-422   [003] ....   437.169816: sys_enter: NR 162 (2c49f60, 0, 65, 14, 0, 0)
      tailscaled-545   [003] ....   437.169886: sys_enter: NR 240 (2c808d4, 81, 1, 0, 0, 0)
      tailscaled-545   [003] .n..   437.169899: sys_exit: NR 240 = 1
      tailscaled-422   [003] ....   437.169903: sys_exit: NR 162 = 0
      tailscaled-422   [003] ....   437.169907: sys_enter: NR 162 (2c49f60, 0, 65, 14, 0, 0)
      tailscaled-545   [003] ....   437.169961: sys_enter: NR 365 (11, 5d90008, 80, 0, 0, 0)
      tailscaled-545   [003] ....   437.169975: sys_exit: NR 365 = 2
      tailscaled-422   [003] ....   437.169989: sys_exit: NR 162 = 0
      tailscaled-422   [003] ....   437.169993: sys_enter: NR 162 (2c49f60, 0, 65, 14, 0, 0)
      tailscaled-422   [003] ....   437.170075: sys_exit: NR 162 = 0
      tailscaled-422   [003] ....   437.170079: sys_enter: NR 162 (2c49f60, 0, 65, 14, 0, 0)
      tailscaled-545   [003] ....   437.170099: sys_enter: NR 365 (11, 5d90008, 80, 0, 0, 0)
      tailscaled-545   [003] ....   437.170102: sys_exit: NR 365 = -11
      tailscaled-422   [003] ....   437.170161: sys_exit: NR 162 = 0
      tailscaled-422   [003] ....   437.170165: sys_enter: NR 162 (2c49f60, 0, 65, 14, 0, 0)
      tailscaled-422   [003] ....   437.170250: sys_exit: NR 162 = 0
      tailscaled-422   [003] ....   437.170253: sys_enter: NR 162 (2c49f60, 0, 65, 14, 0, 0)
      tailscaled-545   [003] ....   437.170294: sys_enter: NR 4 (c, 3980006, 32, 0, 0, 0)
      tailscaled-545   [003] .n..   437.170372: sys_exit: NR 4 = 50
      tailscaled-422   [003] ....   437.170377: sys_exit: NR 162 = 0
      tailscaled-422   [003] ....   437.170380: sys_enter: NR 162 (2c49f60, 0, 65, 14, 0, 0)
      tailscaled-545   [003] ....   437.170394: sys_enter: NR 4 (c, 3af8006, 32, 0, 0, 0)
      tailscaled-545   [003] ....   437.170417: sys_exit: NR 4 = 50
      tailscaled-422   [003] ....   437.170463: sys_exit: NR 162 = 0
      tailscaled-422   [003] ....   437.170467: sys_enter: NR 162 (2c49f60, 0, 65, 14, 0, 0)
      tailscaled-545   [003] ....   437.170489: sys_enter: NR 4 (c, 3b18006, 32, 0, 0, 0)
      tailscaled-545   [003] ....   437.170511: sys_exit: NR 4 = 50
      tailscaled-545   [003] ....   437.170516: sys_enter: NR 4 (c, 5fe2006, 32, 0, 0, 0)
      tailscaled-545   [003] ....   437.170535: sys_exit: NR 4 = 50
      tailscaled-422   [003] ....   437.170550: sys_exit: NR 162 = 0
      tailscaled-422   [003] ....   437.170554: sys_enter: NR 162 (2c49f60, 0, 65, 14, 0, 0)
      tailscaled-545   [003] ....   437.170570: sys_enter: NR 346 (4, 30f7680, 80, 0, 0, 0)
      tailscaled-545   [003] ....   437.170575: sys_exit: NR 346 = 1
      tailscaled-545   [003] ....   437.170582: sys_enter: NR 346 (4, 30f7680, 80, 31b9, 0, 0)
      tailscaled-533   [003] ....   437.170595: sys_exit: NR 240 = 0
      tailscaled-533   [003] ....   437.170609: sys_enter: NR 4 (5, 3019e94, 8, 0, 0, 0)
      tailscaled-533   [003] ....   437.170618: sys_exit: NR 4 = 8
      tailscaled-533   [003] ....   437.170621: sys_enter: NR 240 (2c808d4, 80, 0, 0, 0, 0)
      tailscaled-422   [003] ....   437.170637: sys_exit: NR 162 = 0
      tailscaled-422   [003] ....   437.170643: sys_enter: NR 240 (1695bd4, 80, 0, 2c49f28, 0, 0)
      tailscaled-545   [003] ....   437.170653: sys_exit: NR 346 = 1
      tailscaled-545   [003] ....   437.170654: sys_enter: NR 3 (5, 30f766c, 8, f6bb7441, 2, 30f7680)
      tailscaled-545   [003] ....   437.170656: __vfs_read+0x14/0x16c <-vfs_read+0x9c/0x164
      tailscaled-545   [003] ....   437.170672: <stack trace>
 => __vfs_read+0x18/0x16c
 => vfs_read+0x9c/0x164
 => ksys_read+0x74/0xe8
 => sys_read+0x18/0x1c
 => __sys_trace_return+0x0/0x1c
 => 0x30f7638
      tailscaled-545   [003] ....   437.170675: sys_exit: NR 3 = 8
      tailscaled-545   [003] ....   437.170681: sys_enter: NR 346 (4, 30f7680, 80, 0, 0, 0)
      tailscaled-545   [003] ....   437.170684: sys_exit: NR 346 = 0
      tailscaled-545   [003] ....   437.170696: sys_enter: NR 346 (4, 30f7680, 80, 107, 0, 0)
      tailscaled-545   [003] ....   437.171941: sys_exit: NR 346 = 1
      tailscaled-545   [003] ....   437.171950: sys_enter: NR 240 (1695bd4, 81, 1, 0, 0, 0)
      tailscaled-545   [003] .n..   437.171957: sys_exit: NR 240 = 1
      tailscaled-422   [003] ....   437.171962: sys_exit: NR 240 = 0
      tailscaled-422   [003] ....   437.171965: sys_enter: NR 158 (101, 4, 1695b44, 1, 0, 0)
      tailscaled-422   [003] ....   437.171968: sys_exit: NR 158 = 0
      tailscaled-422   [003] ....   437.171971: sys_enter: NR 240 (2c5e328, 80, ffffffff, 0, 0, 0)
      tailscaled-545   [003] ....   437.171980: sys_enter: NR 240 (2c5e328, 81, 1, 0, 0, 0)
      tailscaled-545   [003] .n..   437.171985: sys_exit: NR 240 = 1
      tailscaled-422   [003] ....   437.171989: sys_exit: NR 240 = 0
      tailscaled-422   [003] ....   437.171993: sys_enter: NR 162 (2c49f60, 0, 65, 14, 0, 0)
      tailscaled-545   [003] ....   437.172001: sys_enter: NR 365 (11, 5d90008, 80, 0, 0, 0)
      tailscaled-545   [003] ....   437.172013: sys_exit: NR 365 = 1
      tailscaled-545   [003] ....   437.172061: sys_enter: NR 240 (2c808d4, 81, 1, 0, 0, 0)
      tailscaled-545   [003] .n..   437.172074: sys_exit: NR 240 = 1
      tailscaled-422   [003] ....   437.172079: sys_exit: NR 162 = 0
      tailscaled-422   [003] ....   437.172082: sys_enter: NR 162 (2c49f60, 0, 65, 14, 0, 0)
      tailscaled-545   [003] ....   437.172136: sys_enter: NR 365 (11, 5a00008, 80, 0, 0, 0)
      tailscaled-545   [003] ....   437.172145: sys_exit: NR 365 = 1
      tailscaled-422   [003] ....   437.172165: sys_exit: NR 162 = 0
      tailscaled-422   [003] ....   437.172169: sys_enter: NR 162 (2c49f60, 0, 65, 14, 0, 0)
      tailscaled-545   [003] .n..   437.172247: sys_enter: NR 365 (11, 5a00008, 80, 0, 0, 0)
      tailscaled-422   [003] ....   437.172255: sys_exit: NR 162 = 0
      tailscaled-422   [003] ....   437.172258: sys_enter: NR 162 (2c49f60, 0, 65, 14, 0, 0)
      tailscaled-545   [003] ....   437.172275: sys_exit: NR 365 = 2
      tailscaled-422   [003] ....   437.172342: sys_exit: NR 162 = 0
      tailscaled-422   [003] ....   437.172346: sys_enter: NR 162 (2c49f60, 0, 65, 14, 0, 0)
      tailscaled-545   [003] ....   437.172377: sys_enter: NR 365 (11, 5a00008, 80, 0, 0, 0)
      tailscaled-545   [003] ....   437.172380: sys_exit: NR 365 = -11
      tailscaled-422   [003] ....   437.172429: sys_exit: NR 162 = 0
      tailscaled-422   [003] ....   437.172432: sys_enter: NR 162 (2c49f60, 0, 65, 14, 0, 0)
      tailscaled-545   [003] ....   437.172500: sys_enter: NR 4 (c, 3960006, 32, 0, 0, 0)
      tailscaled-422   [003] ....   437.172516: sys_exit: NR 162 = 0
      tailscaled-422   [003] ....   437.172519: sys_enter: NR 162 (2c49f60, 0, 65, 14, 0, 0)
      tailscaled-545   [003] ....   437.172566: sys_exit: NR 4 = 50
      tailscaled-422   [003] ....   437.172602: sys_exit: NR 162 = 0
      tailscaled-422   [003] ....   437.172606: sys_enter: NR 162 (2c49f60, 0, 65, 14, 0, 0)
      tailscaled-545   [003] ....   437.172643: sys_enter: NR 4 (c, 39b0006, 32, 0, 0, 0)
      tailscaled-545   [003] ....   437.172667: sys_exit: NR 4 = 50
      tailscaled-422   [003] ....   437.172688: sys_exit: NR 162 = 0
      tailscaled-422   [003] ....   437.172692: sys_enter: NR 162 (2c49f60, 0, 65, 14, 0, 0)
      tailscaled-545   [003] ....   437.172732: sys_enter: NR 4 (c, 6010006, 32, 0, 0, 0)
      tailscaled-545   [003] ....   437.172754: sys_exit: NR 4 = 50
      tailscaled-545   [003] ....   437.172758: sys_enter: NR 4 (c, 3ad8006, 32, 0, 0, 0)
      tailscaled-545   [003] .n..   437.172786: sys_exit: NR 4 = 50
      tailscaled-422   [003] ....   437.172791: sys_exit: NR 162 = 0
      tailscaled-422   [003] ....   437.172795: sys_enter: NR 162 (2c49f60, 0, 65, 14, 0, 0)
      tailscaled-545   [003] ....   437.172812: sys_enter: NR 346 (4, 30f7680, 80, 0, 0, 0)
      tailscaled-545   [003] ....   437.172817: sys_exit: NR 346 = 1
      tailscaled-545   [003] ....   437.172824: sys_enter: NR 346 (4, 30f7680, 80, 66ad3, 0, 0)
      tailscaled-533   [003] ....   437.172836: sys_exit: NR 240 = 0
      tailscaled-533   [003] ....   437.172851: sys_enter: NR 4 (5, 3019e94, 8, 0, 0, 0)
      tailscaled-533   [003] ....   437.172859: sys_exit: NR 4 = 8
      tailscaled-533   [003] ....   437.172862: sys_enter: NR 240 (2c808d4, 80, 0, 0, 0, 0)
      tailscaled-422   [003] ....   437.172878: sys_exit: NR 162 = 0
      tailscaled-422   [003] ....   437.172883: sys_enter: NR 240 (1695bd4, 80, 0, 2c49f28, 0, 0)
      tailscaled-545   [003] ....   437.172893: sys_exit: NR 346 = 1
      tailscaled-545   [003] ....   437.172894: sys_enter: NR 3 (5, 30f766c, 8, eb88ea09, 61, 30f7680)
      tailscaled-545   [003] ....   437.172896: __vfs_read+0x14/0x16c <-vfs_read+0x9c/0x164
      tailscaled-545   [003] ....   437.172909: <stack trace>
 => __vfs_read+0x18/0x16c
 => vfs_read+0x9c/0x164
 => ksys_read+0x74/0xe8
 => sys_read+0x18/0x1c
 => __sys_trace_return+0x0/0x1c
 => 0x30f7638
      tailscaled-545   [003] ....   437.172912: sys_exit: NR 3 = 8
      tailscaled-545   [003] ....   437.172918: sys_enter: NR 346 (4, 30f7680, 80, 0, 0, 0)
      tailscaled-545   [003] ....   437.172920: sys_exit: NR 346 = 0
      tailscaled-545   [003] ....   437.172930: sys_enter: NR 346 (4, 30f7680, 80, 105, 0, 0)
      tailscaled-545   [003] ....   437.173732: sys_exit: NR 346 = 1
      tailscaled-545   [003] ....   437.173741: sys_enter: NR 240 (1695bd4, 81, 1, 0, 0, 0)
      tailscaled-545   [003] .n..   437.173748: sys_exit: NR 240 = 1
      tailscaled-422   [003] ....   437.173753: sys_exit: NR 240 = 0
      tailscaled-422   [003] ....   437.173756: sys_enter: NR 158 (101, 4, 1695b44, 1, 0, 0)
      tailscaled-422   [003] ....   437.173759: sys_exit: NR 158 = 0
      tailscaled-422   [003] ....   437.173762: sys_enter: NR 240 (2c5e328, 80, ffffffff, 0, 0, 0)
      tailscaled-545   [003] ....   437.173770: sys_enter: NR 240 (2c5e328, 81, 1, 0, 0, 0)
      tailscaled-545   [003] .n..   437.173775: sys_exit: NR 240 = 1
      tailscaled-422   [003] ....   437.173778: sys_exit: NR 240 = 0
      tailscaled-422   [003] ....   437.173783: sys_enter: NR 162 (2c49f60, 0, 65, 14, 0, 0)
      tailscaled-545   [003] ....   437.173791: sys_enter: NR 365 (11, 5a00008, 80, 0, 0, 0)
      tailscaled-545   [003] ....   437.173803: sys_exit: NR 365 = 1
      tailscaled-545   [003] ....   437.173851: sys_enter: NR 240 (2c808d4, 81, 1, 0, 0, 0)
      tailscaled-545   [003] .n..   437.173864: sys_exit: NR 240 = 1
      tailscaled-422   [003] ....   437.173868: sys_exit: NR 162 = 0
      tailscaled-422   [003] ....   437.173872: sys_enter: NR 162 (2c49f60, 0, 65, 14, 0, 0)
      tailscaled-533   [003] ....   437.173879: sys_exit: NR 240 = 0
      tailscaled-533   [003] ....   437.173885: sys_enter: NR 346 (4, 3019680, 80, 0, 0, 0)
      tailscaled-533   [003] ....   437.173887: sys_exit: NR 346 = 0
      tailscaled-533   [003] ....   437.173893: sys_enter: NR 162 (3019dcc, 0, 2f838c8, 3, 65, 0)
      tailscaled-422   [003] ....   437.173956: sys_exit: NR 162 = 0
      tailscaled-422   [003] ....   437.173960: sys_enter: NR 162 (2c49f60, 0, 65, 14, 0, 0)
      tailscaled-533   [003] ....   437.173967: sys_exit: NR 162 = 0
      tailscaled-533   [003] ....   437.173973: sys_enter: NR 240 (2c810d4, 81, 1, 0, 0, 0)
      tailscaled-533   [003] ....   437.173980: sys_exit: NR 240 = 1
      tailscaled-533   [003] ....   437.173991: sys_enter: NR 346 (4, 3019680, 80, 0, 0, 0)
      tailscaled-533   [003] ....   437.173994: sys_exit: NR 346 = 1
      tailscaled-533   [003] ....   437.174001: sys_enter: NR 162 (3019dcc, 0, 2c83c28, 3, 65, 0)
      tailscaled-964   [003] ....   437.174010: sys_exit: NR 240 = 0
      tailscaled-964   [003] ....   437.174016: sys_enter: NR 346 (4, 30fb680, 80, 0, 0, 0)
      tailscaled-964   [003] ....   437.174017: sys_exit: NR 346 = 0
      tailscaled-964   [003] ....   437.174023: sys_enter: NR 162 (30fbdcc, 0, 2c83c28, 3, 65, 0)
      tailscaled-422   [003] ....   437.174047: sys_exit: NR 162 = 0
      tailscaled-422   [003] ....   437.174050: sys_enter: NR 162 (2c49f60, 0, 65, 14, 0, 0)
      tailscaled-964   [003] ....   437.174057: sys_exit: NR 162 = 0
      tailscaled-964   [003] ....   437.174121: sys_enter: NR 4 (c, 60c0006, 32, 0, 0, 0)
      tailscaled-422   [003] ....   437.174136: sys_exit: NR 162 = 0
      tailscaled-422   [003] ....   437.174140: sys_enter: NR 162 (2c49f60, 0, 65, 14, 0, 0)
      tailscaled-964   [003] ....   437.174182: sys_exit: NR 4 = 50
      tailscaled-964   [003] ....   437.174196: sys_enter: NR 346 (4, 30fb680, 80, 0, 0, 0)
      tailscaled-964   [003] ....   437.174198: sys_exit: NR 346 = 0
      tailscaled-964   [003] ....   437.174211: sys_enter: NR 346 (4, 30fb680, 80, 104, 0, 0)
      tailscaled-422   [003] ....   437.174226: sys_exit: NR 162 = 0
      tailscaled-422   [003] ....   437.174230: sys_enter: NR 162 (2c49f60, 0, 65, 14, 0, 0)
      tailscaled-533   [003] ....   437.174237: sys_exit: NR 162 = 0
      tailscaled-533   [003] ....   437.174243: sys_enter: NR 240 (2c808d4, 80, 0, 0, 0, 0)
      tailscaled-545   [003] ....   437.174256: sys_enter: NR 365 (11, 5a00008, 80, 0, 0, 0)
      tailscaled-545   [003] ....   437.174267: sys_exit: NR 365 = 1
