        modprobe-1144  [000] ....   437.050356: __vfs_read+0x14/0x16c <-vfs_read+0x9c/0x164
        modprobe-1144  [000] ....   437.050362: <stack trace>
 => __vfs_read+0x18/0x16c
 => vfs_read+0x9c/0x164
 => ksys_read+0x74/0xe8
 => sys_read+0x18/0x1c
 => __sys_trace_return+0x0/0x1c
 => 0x7e937958
        modprobe-1144  [000] ....   437.050364: sys_exit: NR 3 = 0
        modprobe-1144  [000] ....   437.050366: sys_enter: NR 6 (0, 444, 76ce56d8, 76c05864, 4a73c0, 76ce5b1c)
        modprobe-1144  [000] ....   437.050368: sys_exit: NR 6 = 0
        modprobe-1144  [000] ....   437.050374: sys_enter: NR 322 (ffffff9c, 7e937b14, a0000, 0, 7e937b14, 3fce8)
        modprobe-1144  [000] ....   437.050383: sys_exit: NR 322 = 0
        modprobe-1144  [000] ....   437.050384: sys_enter: NR 221 (0, 3, 2d040, 3fce8, 2d040, 3fce8)
        modprobe-1144  [000] ....   437.050385: sys_exit: NR 221 = 131072
        modprobe-1144  [000] ....   437.050388: sys_enter: NR 197 (0, 7e9378d8, 7e9378d8, 76c06788, 4a73c0, 76ce5b1c)
        modprobe-1144  [000] ....   437.050390: sys_exit: NR 197 = 0
        modprobe-1144  [000] ....   437.050392: sys_enter: NR 3 (0, 4a7630, 1000, 0, 4a73c0, 76ce5b1c)
        modprobe-1144  [000] ....   437.050393: __vfs_read+0x14/0x16c <-vfs_read+0x9c/0x164
        modprobe-1144  [000] ....   437.050400: <stack trace>
 => __vfs_read+0x18/0x16c
 => vfs_read+0x9c/0x164
 => ksys_read+0x74/0xe8
 => sys_read+0x18/0x1c
 => __sys_trace_return+0x0/0x1c
 => 0x7e937958
        modprobe-1144  [000] ....   437.050404: sys_exit: NR 3 = 379
        modprobe-1144  [000] ....   437.050457: sys_enter: NR 3 (0, 4a7630, 1000, 0, 4a73c0, 76ce5b1c)
        modprobe-1144  [000] ....   437.050458: __vfs_read+0x14/0x16c <-vfs_read+0x9c/0x164
        modprobe-1144  [000] ....   437.050465: <stack trace>
 => __vfs_read+0x18/0x16c
 => vfs_read+0x9c/0x164
 => ksys_read+0x74/0xe8
 => sys_read+0x18/0x1c
 => __sys_trace_return+0x0/0x1c
 => 0x7e937958
        modprobe-1144  [000] ....   437.050467: sys_exit: NR 3 = 0
        modprobe-1144  [000] ....   437.050469: sys_enter: NR 6 (0, 444, 76ce56d8, 76c05864, 4a73c0, 76ce5b1c)
        modprobe-1144  [000] ....   437.050471: sys_exit: NR 6 = 0
        modprobe-1144  [000] ....   437.050476: sys_enter: NR 322 (ffffff9c, 7e937b14, a0000, 0, 7e937b14, 3fce8)
        modprobe-1144  [000] ....   437.050483: sys_exit: NR 322 = 0
        modprobe-1144  [000] ....   437.050485: sys_enter: NR 221 (0, 3, 2d040, 3fce8, 2d040, 3fce8)
        modprobe-1144  [000] ....   437.050488: sys_exit: NR 221 = 131072
        modprobe-1144  [000] ....   437.050490: sys_enter: NR 197 (0, 7e9378d8, 7e9378d8, 76c06788, 4a73c0, 76ce5b1c)
        modprobe-1144  [000] ....   437.050492: sys_exit: NR 197 = 0
        modprobe-1144  [000] ....   437.050494: sys_enter: NR 3 (0, 4a7630, 1000, 0, 4a73c0, 76ce5b1c)
        modprobe-1144  [000] ....   437.050495: __vfs_read+0x14/0x16c <-vfs_read+0x9c/0x164
        modprobe-1144  [000] ....   437.050503: <stack trace>
 => __vfs_read+0x18/0x16c
 => vfs_read+0x9c/0x164
 => ksys_read+0x74/0xe8
 => sys_read+0x18/0x1c
 => __sys_trace_return+0x0/0x1c
 => 0x7e937958
        modprobe-1144  [000] ....   437.050505: sys_exit: NR 3 = 0
        modprobe-1144  [000] ....   437.050507: sys_enter: NR 6 (0, 444, 76ce56d8, 76c05864, 4a73c0, 76ce5b1c)
        modprobe-1144  [000] ....   437.050509: sys_exit: NR 6 = 0
        modprobe-1144  [000] ....   437.050515: sys_enter: NR 322 (ffffff9c, 7e937b14, a0000, 0, 7e937b14, 3fce8)
        modprobe-1144  [000] ....   437.050521: sys_exit: NR 322 = 0
        modprobe-1144  [000] ....   437.050523: sys_enter: NR 221 (0, 3, 2d040, 3fce8, 2d040, 3fce8)
        modprobe-1144  [000] ....   437.050524: sys_exit: NR 221 = 131072
        modprobe-1144  [000] ....   437.050526: sys_enter: NR 197 (0, 7e9378d8, 7e9378d8, 76c06788, 4a73c0, 76ce5b1c)
        modprobe-1144  [000] ....   437.050528: sys_exit: NR 197 = 0
        modprobe-1144  [000] ....   437.050530: sys_enter: NR 3 (0, 4a7630, 1000, 0, 4a73c0, 76ce5b1c)
        modprobe-1144  [000] ....   437.050531: __vfs_read+0x14/0x16c <-vfs_read+0x9c/0x164
        modprobe-1144  [000] ....   437.050538: <stack trace>
 => __vfs_read+0x18/0x16c
 => vfs_read+0x9c/0x164
 => ksys_read+0x74/0xe8
 => sys_read+0x18/0x1c
 => __sys_trace_return+0x0/0x1c
 => 0x7e937958
        modprobe-1144  [000] ....   437.050542: sys_exit: NR 3 = 765
        modprobe-1144  [000] ....   437.050561: sys_enter: NR 3 (0, 4a7630, 1000, 0, 4a73c0, 76ce5b1c)
        modprobe-1144  [000] ....   437.050562: __vfs_read+0x14/0x16c <-vfs_read+0x9c/0x164
        modprobe-1144  [000] ....   437.050569: <stack trace>
 => __vfs_read+0x18/0x16c
 => vfs_read+0x9c/0x164
 => ksys_read+0x74/0xe8
 => sys_read+0x18/0x1c
 => __sys_trace_return+0x0/0x1c
 => 0x7e937958
        modprobe-1144  [000] ....   437.050571: sys_exit: NR 3 = 0
        modprobe-1144  [000] ....   437.050573: sys_enter: NR 6 (0, 444, 76ce56d8, 76c05864, 4a73c0, 76ce5b1c)
        modprobe-1144  [000] ....   437.050574: sys_exit: NR 6 = 0
        modprobe-1144  [000] ....   437.050579: sys_enter: NR 322 (ffffff9c, 2e5a0, a0000, 0, 7e937b18, 3fce8)
        modprobe-1144  [000] ....   437.050593: sys_exit: NR 322 = 0
        modprobe-1144  [000] ....   437.050595: sys_enter: NR 3 (0, 7e937b14, fff, 0, fff, 0)
        modprobe-1144  [000] ....   437.050596: __vfs_read+0x14/0x16c <-vfs_read+0x9c/0x164
        modprobe-1144  [000] ....   437.050603: <stack trace>
 => __vfs_read+0x18/0x16c
 => vfs_read+0x9c/0x164
 => ksys_read+0x74/0xe8
 => sys_read+0x18/0x1c
 => __sys_trace_return+0x0/0x1c
 => 0x7e937998
        modprobe-1144  [000] ....   437.050611: sys_exit: NR 3 = 341
        modprobe-1144  [000] ....   437.050613: sys_enter: NR 3 (0, 7e937c69, eaa, 0, eaa, 155)
        modprobe-1144  [000] ....   437.050614: __vfs_read+0x14/0x16c <-vfs_read+0x9c/0x164
        modprobe-1144  [000] ....   437.050621: <stack trace>
 => __vfs_read+0x18/0x16c
 => vfs_read+0x9c/0x164
 => ksys_read+0x74/0xe8
 => sys_read+0x18/0x1c
 => __sys_trace_return+0x0/0x1c
 => 0x7e937998
        modprobe-1144  [000] ....   437.050622: sys_exit: NR 3 = 0
        modprobe-1144  [000] ....   437.050624: sys_enter: NR 6 (0, 7e937c69, 6c, 0, 0, 7e937b14)
        modprobe-1144  [000] ....   437.050625: sys_exit: NR 6 = 0
        modprobe-1144  [000] ....   437.050653: sys_enter: NR 322 (ffffff9c, 7e937b54, a0000, 0, 4a83a8, 3fce8)
        modprobe-1144  [000] ....   437.050662: sys_exit: NR 322 = 0
        modprobe-1144  [000] ....   437.050664: sys_enter: NR 197 (0, 7e937aa8, 7e937aa8, e0832500, 4a83a8, 0)
        modprobe-1144  [000] ....   437.050667: sys_exit: NR 197 = 0
        modprobe-1144  [000] ....   437.050668: sys_enter: NR 192 (0, 3ef0e, 1, 2, 0, 0)
        modprobe-1144  [000] ....   437.050683: sys_exit: NR 192 = 1991380992
        modprobe-1144  [000] ....   437.050695: sys_enter: NR 6 (0, ed, 6c, 0, 4a83a8, 0)
        modprobe-1144  [000] ....   437.050696: sys_exit: NR 6 = 0
        modprobe-1144  [000] ....   437.050700: sys_enter: NR 322 (ffffff9c, 7e937b54, a0000, 0, 4a83c0, 3fce8)
        modprobe-1144  [000] ....   437.050708: sys_exit: NR 322 = 0
        modprobe-1144  [000] ....   437.050709: sys_enter: NR 197 (0, 7e937aa8, 7e937aa8, e0832500, 4a83c0, 0)
        modprobe-1144  [000] ....   437.050712: sys_exit: NR 197 = 0
        modprobe-1144  [000] ....   437.050713: sys_enter: NR 192 (0, 88574, 1, 2, 0, 0)
        modprobe-1144  [000] ....   437.050718: sys_exit: NR 192 = 1990819840
        modprobe-1144  [000] ....   437.050729: sys_enter: NR 6 (0, 84, 6c, 0, 4a83c0, 0)
        modprobe-1144  [000] ....   437.050730: sys_exit: NR 6 = 0
        modprobe-1144  [000] ....   437.050734: sys_enter: NR 322 (ffffff9c, 7e937b54, a0000, 0, 4a83d8, 3fce8)
        modprobe-1144  [000] ....   437.050741: sys_exit: NR 322 = 0
        modprobe-1144  [000] ....   437.050742: sys_enter: NR 197 (0, 7e937aa8, 7e937aa8, e0832500, 4a83d8, 0)
        modprobe-1144  [000] ....   437.050745: sys_exit: NR 197 = 0
        modprobe-1144  [000] ....   437.050746: sys_enter: NR 192 (0, 45ae9, 1, 2, 0, 0)
        modprobe-1144  [000] ....   437.050751: sys_exit: NR 192 = 1990533120
        modprobe-1144  [000] ....   437.050762: sys_enter: NR 6 (0, 5a, 6c, 0, 4a83d8, 0)
        modprobe-1144  [000] ....   437.050763: sys_exit: NR 6 = 0
        modprobe-1144  [000] ....   437.050767: sys_enter: NR 322 (ffffff9c, 7e937b54, a0000, 0, 4a83f0, 3fce8)
        modprobe-1144  [000] ....   437.050775: sys_exit: NR 322 = 0
        modprobe-1144  [000] ....   437.050776: sys_enter: NR 197 (0, 7e937aa8, 7e937aa8, e0832500, 4a83f0, 0)
        modprobe-1144  [000] ....   437.050778: sys_exit: NR 197 = 0
        modprobe-1144  [000] ....   437.050780: sys_enter: NR 192 (0, 31ee, 1, 2, 0, 0)
        modprobe-1144  [000] ....   437.050786: sys_exit: NR 192 = 1995964416
        modprobe-1144  [000] ....   437.050792: sys_enter: NR 6 (0, 30, 6c, 0, 4a83f0, 0)
        modprobe-1144  [000] ....   437.050793: sys_exit: NR 6 = 0
        modprobe-1144  [000] ....   437.050860: sys_enter: NR 91 (76b21000, 3ef0e, 128, 4a83a8, 4a83a8, ffb58e70)
        modprobe-1144  [000] ....   437.050912: sys_exit: NR 91 = 0
        modprobe-1144  [000] ....   437.050916: sys_enter: NR 91 (76a98000, 88574, e0832500, 4a83c0, 4a83c0, ffb58e70)
        modprobe-1144  [000] ....   437.050935: sys_exit: NR 91 = 0
        modprobe-1144  [000] ....   437.050939: sys_enter: NR 91 (76a52000, 45ae9, e0832500, 4a83d8, 4a83d8, ffb58e70)
        modprobe-1144  [000] ....   437.050951: sys_exit: NR 91 = 0
        modprobe-1144  [000] ....   437.050954: sys_enter: NR 91 (76f80000, 31ee, e0832500, 4a83f0, 4a83f0, ffb58e70)
        modprobe-1144  [000] ....   437.050961: sys_exit: NR 91 = 0
        modprobe-1144  [000] ....   437.051073: sys_enter: NR 248 (1, 0, 1, e0832500, 76ce56d8, 76ce56d8)
            sudo-1130  [002] ....   437.051518: sys_exit: NR 281 = -93
            sudo-1130  [002] ....   437.051608: sys_enter: NR 91 (7671c000, 271f8, 0, 7671c000, 5879d8, 7ef14d10)
            sudo-1130  [002] ....   437.051647: sys_exit: NR 91 = 0
            sudo-1130  [002] ....   437.051655: sys_enter: NR 91 (766b8000, 2370c, 0, 766b8000, 592a08, 7ef14d12)
            sudo-1130  [002] ....   437.051685: sys_exit: NR 91 = 0
            sudo-1130  [002] ....   437.051707: sys_enter: NR 91 (76f1e000, 1102c, 0, 76f1e000, 592f90, 7ef14d19)
            sudo-1130  [002] ....   437.051728: sys_exit: NR 91 = 0
            sudo-1130  [002] ....   437.051747: sys_enter: NR 91 (766a6000, 1103c, 0, 766a6000, 593468, 7ef14d19)
            sudo-1130  [002] ....   437.051767: sys_exit: NR 91 = 0
            sudo-1130  [002] ....   437.051816: sys_enter: NR 91 (76659000, 4cd28, 1, 76659000, 58e488, 7ef14d19)
            sudo-1130  [002] ....   437.051857: sys_exit: NR 91 = 0
            sudo-1130  [002] ....   437.051864: sys_enter: NR 91 (76632000, 120d8, 0, 76632000, 58e768, 7ef14d1a)
            sudo-1130  [002] ....   437.051884: sys_exit: NR 91 = 0
            sudo-1130  [002] ....   437.051909: sys_enter: NR 91 (76647000, 11068, 0, 76647000, 58f200, 7ef14d19)
            sudo-1130  [002] ....   437.051931: sys_exit: NR 91 = 0
            sudo-1130  [002] ....   437.051939: sys_enter: NR 91 (766dc000, 3f170, 0, 766dc000, 592780, 7ef14d1a)
            sudo-1130  [002] ....   437.051965: sys_exit: NR 91 = 0
            sudo-1130  [002] ....   437.052148: sys_enter: NR 248 (0, 0, 0, 5fb41500, 76e366d8, 76e366d8)
      tailscaled-545   [001] ....   437.052233: sys_exit: NR 346 = 1
      tailscaled-545   [001] ....   437.052263: sys_enter: NR 240 (1695bd4, 81, 1, 0, 0, 0)
      tailscaled-545   [001] ....   437.052276: sys_exit: NR 240 = 1
      tailscaled-545   [001] ....   437.052279: sys_enter: NR 365 (11, 5d90008, 80, 0, 0, 0)
      tailscaled-545   [001] ....   437.052304: sys_exit: NR 365 = 1
      tailscaled-545   [001] ....   437.052399: sys_enter: NR 240 (2c808d4, 81, 1, 0, 0, 0)
      tailscaled-545   [001] ....   437.052408: sys_exit: NR 240 = 1
      tailscaled-545   [001] ....   437.052466: sys_enter: NR 365 (11, 5a02608, 80, 0, 0, 0)
      tailscaled-545   [001] ....   437.052469: sys_exit: NR 365 = -11
      tailscaled-545   [001] ....   437.052599: sys_enter: NR 4 (c, 6020006, 32, 0, 0, 0)
      tailscaled-545   [001] ....   437.052686: sys_exit: NR 4 = 50
      tailscaled-545   [001] ....   437.052704: sys_enter: NR 346 (4, 30f7680, 80, 0, 0, 0)
      tailscaled-545   [001] ....   437.052707: sys_exit: NR 346 = 0
      tailscaled-545   [001] ....   437.052716: sys_enter: NR 346 (4, 30f7680, 80, 17d, 0, 0)
      tailscaled-422   [001] ....   437.052739: sys_exit: NR 240 = 0
      tailscaled-422   [001] ....   437.052749: sys_enter: NR 162 (2c49f60, 0, 65, 14, 0, 0)
      tailscaled-533   [001] ....   437.052761: sys_exit: NR 240 = 0
      tailscaled-533   [001] ....   437.052783: sys_enter: NR 240 (2c808d4, 80, 0, 0, 0, 0)
      tailscaled-422   [001] ....   437.052844: sys_exit: NR 162 = 0
      tailscaled-422   [001] ....   437.052850: sys_enter: NR 240 (1695bd4, 80, 0, 2c49f28, 0, 0)
            bash-1113  [003] ....   437.052946: sys_exit: NR 0 = 1130
            bash-1113  [003] ....   437.052961: sys_enter: NR 175 (0, 7ea44464, 7ea444e4, 8, fcef8, 7ea444e4)
            bash-1113  [003] ....   437.052966: sys_exit: NR 175 = 0
            bash-1113  [003] ....   437.052967: sys_enter: NR 54 (ff, 5410, 7ea44454, 0, fcef8, fd744)
            bash-1113  [003] ....   437.052976: sys_exit: NR 54 = 0
            bash-1113  [003] ....   437.052977: sys_enter: NR 175 (2, 7ea444e4, 0, 8, fcef8, 0)
            bash-1113  [003] ....   437.052979: sys_exit: NR 175 = 0
            bash-1113  [003] ....   437.052981: sys_enter: NR 54 (ff, 5401, 7ea44538, 102ff0, fcef8, 0)
            bash-1113  [003] ....   437.052986: sys_exit: NR 54 = 0
            bash-1113  [003] ....   437.052988: sys_enter: NR 54 (ff, 5413, 7ea44554, ef99900, fcef8, 0)
            bash-1113  [003] ....   437.052990: sys_exit: NR 54 = 0
            bash-1113  [003] ....   437.053033: sys_enter: NR 175 (2, 7ea4460c, 0, 8, fcef8, 0)
            bash-1113  [003] ....   437.053035: sys_exit: NR 175 = 0
            bash-1113  [003] ....   437.053051: sys_enter: NR 114 (ffffffff, 7ea4419c, b, 0, b, fd744)
            bash-1113  [003] ....   437.053054: sys_exit: NR 114 = -10
            bash-1113  [003] ....   437.053060: sys_enter: NR 119 (ffffffff, 7ea4419c, ef99900, ef99900, fcef8, 0)
            bash-1113  [003] ....   437.053064: sys_exit: NR 119 = 0
            bash-1113  [003] ....   437.053079: sys_enter: NR 174 (2, 7ea4452c, 7ea445b8, 8, 7ea446f0, 7ea44664)
            bash-1113  [003] ....   437.053083: sys_exit: NR 174 = 0
            bash-1113  [003] ....   437.053265: sys_enter: NR 175 (0, 7ea43d5c, 7ea43ddc, 8, fcef8, 7ea43ddc)
            bash-1113  [003] ....   437.053267: sys_exit: NR 175 = 0
            bash-1113  [003] ....   437.053269: sys_enter: NR 54 (ff, 5410, 7ea43d4c, 0, fcef8, fd744)
            bash-1113  [003] ....   437.053271: sys_exit: NR 54 = 0
            bash-1113  [003] ....   437.053272: sys_enter: NR 175 (2, 7ea43ddc, 0, 8, fcef8, 0)
            bash-1113  [003] ....   437.053274: sys_exit: NR 175 = 0
            bash-1113  [003] ....   437.053275: sys_enter: NR 174 (2, 7ea43c0c, 7ea43c98, 8, 7ea43dd0, 7ea43d44)
            bash-1113  [003] ....   437.053277: sys_exit: NR 174 = 0
            bash-1113  [003] ....   437.053279: sys_enter: NR 221 (0, 3, 0, fcef8, fcef8, 1)
            bash-1113  [003] ....   437.053282: sys_exit: NR 221 = 131074
            bash-1113  [003] ....   437.053593: sys_enter: NR 54 (0, 5413, 7ea43dd4, ef99900, fcef8, 0)
            bash-1113  [003] ....   437.053595: sys_exit: NR 54 = 0
            bash-1113  [003] ....   437.053596: sys_enter: NR 54 (0, 5414, 7ea43dd4, ef99900, fcef8, 0)
            bash-1113  [003] ....   437.053598: sys_exit: NR 54 = 0
            bash-1113  [003] ....   437.053600: sys_enter: NR 54 (0, 5401, 7ea43da8, 7ea43df8, fcef8, 0)
            bash-1113  [003] ....   437.053602: sys_exit: NR 54 = 0
            bash-1113  [003] ....   437.053607: sys_enter: NR 54 (0, 5401, 7ea43da0, ef99900, 7ea43df8, 1)
            bash-1113  [003] ....   437.053609: sys_exit: NR 54 = 0
            bash-1113  [003] ....   437.053610: sys_enter: NR 54 (0, 5403, 7ea43d7c, 8a31, 7ea43df8, 1)
            bash-1113  [003] ....   437.053621: sys_exit: NR 54 = 0
            bash-1113  [003] ....   437.053622: sys_enter: NR 54 (0, 5401, 7ea43d7c, 10, 7ea43df8, 0)
            bash-1113  [003] ....   437.053624: sys_exit: NR 54 = 0
            bash-1113  [003] ....   437.053632: sys_enter: NR 175 (0, 105010, 10ab6c, 8, fcef8, 10ab6c)
            bash-1113  [003] ....   437.053633: sys_exit: NR 175 = 0
            bash-1113  [003] ....   437.053635: sys_enter: NR 174 (2, 7ea43aa4, 7ea43b30, 8, 7ea43bdc, 7ea43c68)
            bash-1113  [003] ....   437.053637: sys_exit: NR 174 = 0
            bash-1113  [003] ....   437.053638: sys_enter: NR 174 (f, 7ea43aa4, 7ea43b30, 8, 7ea43bdc, 7ea43c68)
            bash-1113  [003] ....   437.053640: sys_exit: NR 174 = 0
            bash-1113  [003] ....   437.053641: sys_enter: NR 174 (1, 7ea43aa4, 7ea43b30, 8, 7ea43bdc, 7ea43c68)
            bash-1113  [003] ....   437.053643: sys_exit: NR 174 = 0
            bash-1113  [003] ....   437.053645: sys_enter: NR 174 (3, 7ea43aa4, 7ea43b30, 8, 7ea43bdc, 7ea43c68)
            bash-1113  [003] ....   437.053646: sys_exit: NR 174 = 0
            bash-1113  [003] ....   437.053647: sys_enter: NR 174 (3, 7ea43bdc, 7ea43c68, 8, 7ea43d10, 105234)
            bash-1113  [003] ....   437.053649: sys_exit: NR 174 = 0
            bash-1113  [003] ....   437.053650: sys_enter: NR 174 (e, 7ea43b4c, 7ea43bd8, 8, 7ea43c84, 7ea43d10)
            bash-1113  [003] ....   437.053652: sys_exit: NR 174 = 0
            bash-1113  [003] ....   437.053653: sys_enter: NR 174 (14, 7ea43aa4, 7ea43b30, 8, 7ea43bdc, 7ea43c68)
            bash-1113  [003] ....   437.053655: sys_exit: NR 174 = 0
            bash-1113  [003] ....   437.053656: sys_enter: NR 174 (14, 7ea43bdc, 7ea43c68, 8, 7ea43d10, 10534c)
            bash-1113  [003] ....   437.053657: sys_exit: NR 174 = 0
            bash-1113  [003] ....   437.053659: sys_enter: NR 174 (16, 7ea43aa4, 7ea43b30, 8, 7ea43bdc, 7ea43c68)
            bash-1113  [003] ....   437.053661: sys_exit: NR 174 = 0
            bash-1113  [003] ....   437.053662: sys_enter: NR 174 (16, 7ea43bdc, 7ea43c68, 8, 7ea43d10, 1053d8)
            bash-1113  [003] ....   437.053663: sys_exit: NR 174 = 0
            bash-1113  [003] ....   437.053665: sys_enter: NR 174 (15, 7ea43aa4, 7ea43b30, 8, 7ea43bdc, 7ea43c68)
            bash-1113  [003] ....   437.053666: sys_exit: NR 174 = 0
            bash-1113  [003] ....   437.053668: sys_enter: NR 174 (15, 7ea43bdc, 7ea43c68, 8, 7ea43d10, 105464)
            bash-1113  [003] ....   437.053669: sys_exit: NR 174 = 0
            bash-1113  [003] ....   437.053670: sys_enter: NR 175 (2, 10ab6c, 0, 8, fcef8, 0)
            bash-1113  [003] ....   437.053671: sys_exit: NR 175 = 0
            bash-1113  [003] ....   437.053675: sys_enter: NR 174 (1c, 7ea43aa4, 7ea43b30, 8, 7ea43bdc, 7ea43c68)
            bash-1113  [003] ....   437.053677: sys_exit: NR 174 = 0
            bash-1113  [003] ....   437.053702: sys_enter: NR 4 (2, 20e11f0, a1, 0, a1, 20e11f0)
            bash-1113  [003] ....   437.053725: sys_exit: NR 4 = 161
            bash-1113  [003] ....   437.053735: sys_enter: NR 335 (1, 7ea43d84, 0, 0, 0, 7ea43d4c)
      lxterminal-1103  [001] ....   437.053803: sys_exit: NR 168 = 1
      lxterminal-1103  [001] ....   437.053836: sys_enter: NR 4 (4, 7ecb9798, 8, 0, 8, 7ecb9798)
      lxterminal-1103  [001] ....   437.053841: sys_exit: NR 4 = 8
      lxterminal-1103  [001] ....   437.053852: sys_enter: NR 3 (6, 9a8004, 1ff4, 0, 1ff4, 9a8004)
      lxterminal-1103  [001] ....   437.053856: __vfs_read+0x14/0x16c <-vfs_read+0x9c/0x164
      lxterminal-1103  [001] ....   437.053876: <stack trace>
 => __vfs_read+0x18/0x16c
 => vfs_read+0x9c/0x164
 => ksys_read+0x74/0xe8
 => sys_read+0x18/0x1c
 => __sys_trace_return+0x0/0x1c
 => 0x7ecb9758
      lxterminal-1103  [001] ....   437.053887: sys_exit: NR 3 = 162
      lxterminal-1103  [001] ....   437.053889: sys_enter: NR 3 (6, 9a80a5, 1f53, 0, 1f53, 9a80a5)
      lxterminal-1103  [001] ....   437.053890: __vfs_read+0x14/0x16c <-vfs_read+0x9c/0x164
      lxterminal-1103  [001] ....   437.053897: <stack trace>
 => __vfs_read+0x18/0x16c
 => vfs_read+0x9c/0x164
 => ksys_read+0x74/0xe8
 => sys_read+0x18/0x1c
 => __sys_trace_return+0x0/0x1c
 => 0x7ecb9758
      lxterminal-1103  [001] ....   437.053900: sys_exit: NR 3 = -11
      lxterminal-1103  [001] ....   437.053905: sys_enter: NR 4 (4, 7ecb9798, 8, 0, 8, 7ecb9798)
      lxterminal-1103  [001] ....   437.053907: sys_exit: NR 4 = 8
      lxterminal-1103  [001] ....   437.053924: sys_enter: NR 297 (3, 7ecb9664, 0, 0, 0, 7ecb9664)
      lxterminal-1103  [001] ....   437.053933: sys_exit: NR 297 = -11
      lxterminal-1103  [001] ....   437.053942: sys_enter: NR 168 (a10d58, 4, 8, 0, 8, 4)
      lxterminal-1103  [001] ....   437.053960: sys_exit: NR 168 = 1
      lxterminal-1103  [001] ....   437.053962: sys_enter: NR 3 (4, 7ecb97a4, 10, 0, 10, 7ecb97a4)
      lxterminal-1103  [001] ....   437.053964: __vfs_read+0x14/0x16c <-vfs_read+0x9c/0x164
      lxterminal-1103  [001] ....   437.053971: <stack trace>
 => __vfs_read+0x18/0x16c
 => vfs_read+0x9c/0x164
 => ksys_read+0x74/0xe8
 => sys_read+0x18/0x1c
 => __sys_trace_return+0x0/0x1c
 => 0x7ecb9788
      lxterminal-1103  [001] ....   437.053974: sys_exit: NR 3 = 8
      lxterminal-1103  [001] ....   437.053979: sys_enter: NR 297 (3, 7ecb9664, 0, 0, 0, 7ecb9664)
      lxterminal-1103  [001] ....   437.053981: sys_exit: NR 297 = -11
      lxterminal-1103  [001] ....   437.053985: sys_enter: NR 168 (a10d58, 4, 8, 0, 8, 4)
      tailscaled-545   [001] ....   437.054007: sys_exit: NR 346 = 1
      tailscaled-545   [001] ....   437.054030: sys_enter: NR 240 (1695bd4, 81, 1, 0, 0, 0)
      tailscaled-545   [001] ....   437.054040: sys_exit: NR 240 = 1
      tailscaled-545   [001] ....   437.054042: sys_enter: NR 365 (11, 5a02608, 80, 0, 0, 0)
      tailscaled-545   [001] ....   437.054058: sys_exit: NR 365 = 1
      tailscaled-545   [001] ....   437.054142: sys_enter: NR 240 (2c808d4, 81, 1, 0, 0, 0)
      tailscaled-545   [001] ....   437.054150: sys_exit: NR 240 = 1
      tailscaled-545   [001] ....   437.054212: sys_enter: NR 365 (11, 5a02608, 80, 0, 0, 0)
      tailscaled-545   [001] ....   437.054215: sys_exit: NR 365 = -11
      tailscaled-545   [001] ....   437.054332: sys_enter: NR 4 (c, 3a98006, 32, 0, 0, 0)
      tailscaled-545   [001] ....   437.054405: sys_exit: NR 4 = 50
      tailscaled-545   [001] ....   437.054421: sys_enter: NR 346 (4, 30f7680, 80, 0, 0, 0)
      tailscaled-545   [001] ....   437.054424: sys_exit: NR 346 = 0
      tailscaled-545   [001] ....   437.054432: sys_enter: NR 346 (4, 30f7680, 80, 322d, 0, 0)
      tailscaled-422   [001] ....   437.054447: sys_exit: NR 240 = 0
      tailscaled-422   [001] ....   437.054457: sys_enter: NR 162 (2c49f60, 0, 65, 14, 0, 0)
      tailscaled-533   [001] ....   437.054469: sys_exit: NR 240 = 0
      tailscaled-533   [001] ....   437.054487: sys_enter: NR 4 (5, 3019e94, 8, 0, 0, 0)
      tailscaled-533   [001] .n..   437.054496: sys_exit: NR 4 = 8
      tailscaled-545   [001] ....   437.054503: sys_exit: NR 346 = 1
      tailscaled-545   [001] ....   437.054505: sys_enter: NR 3 (5, 30f766c, 8, fda7bdd4, 2, 30f7680)
      tailscaled-545   [001] ....   437.054506: __vfs_read+0x14/0x16c <-vfs_read+0x9c/0x164
      tailscaled-545   [001] ....   437.054516: <stack trace>
 => __vfs_read+0x18/0x16c
 => vfs_read+0x9c/0x164
 => ksys_read+0x74/0xe8
 => sys_read+0x18/0x1c
 => __sys_trace_return+0x0/0x1c
 => 0x30f7638
      tailscaled-545   [001] ....   437.054518: sys_exit: NR 3 = 8
      tailscaled-545   [001] ....   437.054524: sys_enter: NR 346 (4, 30f7680, 80, 0, 0, 0)
      tailscaled-545   [001] ....   437.054526: sys_exit: NR 346 = 0
      tailscaled-545   [001] ....   437.054548: sys_enter: NR 346 (4, 30f7680, 80, 17c, 0, 0)
      tailscaled-422   [001] ....   437.054557: sys_exit: NR 162 = 0
      tailscaled-422   [001] ....   437.054562: sys_enter: NR 240 (1695bd4, 80, 0, 2c49f28, 0, 0)
      tailscaled-533   [001] ....   437.054573: sys_enter: NR 240 (2c808d4, 80, 0, 0, 0, 0)
      tailscaled-545   [001] ....   437.056412: sys_exit: NR 346 = 1
      tailscaled-545   [001] ....   437.056421: sys_enter: NR 240 (1695bd4, 81, 1, 0, 0, 0)
      tailscaled-545   [001] .n..   437.056431: sys_exit: NR 240 = 1
      tailscaled-422   [001] ....   437.056442: sys_exit: NR 240 = 0
      tailscaled-422   [001] ....   437.056445: sys_enter: NR 158 (101, 4, 1695b44, 1, 0, 0)
      tailscaled-545   [001] ....   437.056452: sys_enter: NR 365 (11, 5a02608, 80, 0, 0, 0)
      tailscaled-545   [001] ....   437.056465: sys_exit: NR 365 = 1
      tailscaled-545   [001] ....   437.056605: sys_enter: NR 240 (2c808d4, 81, 1, 0, 0, 0)
      tailscaled-545   [001] ....   437.056613: sys_exit: NR 240 = 1
      tailscaled-545   [001] ....   437.056663: sys_enter: NR 365 (11, 5a02608, 80, 0, 0, 0)
      tailscaled-545   [001] ....   437.056676: sys_exit: NR 365 = 2
      tailscaled-545   [001] ....   437.056758: sys_enter: NR 365 (11, 5a02608, 80, 0, 0, 0)
      tailscaled-545   [001] ....   437.056761: sys_exit: NR 365 = -11
      tailscaled-545   [001] ....   437.056876: sys_enter: NR 4 (c, 3910006, 32, 0, 0, 0)
      tailscaled-545   [001] ....   437.056925: sys_exit: NR 4 = 50
      tailscaled-545   [001] ....   437.056972: sys_enter: NR 4 (c, 6020006, 32, 0, 0, 0)
      tailscaled-545   [001] ....   437.056995: sys_exit: NR 4 = 50
      tailscaled-545   [001] ....   437.057000: sys_enter: NR 4 (c, 3990006, 32, 0, 0, 0)
      tailscaled-545   [001] ....   437.057020: sys_exit: NR 4 = 50
      tailscaled-545   [001] ....   437.057033: sys_enter: NR 346 (4, 30f7680, 80, 0, 0, 0)
      tailscaled-545   [001] ....   437.057037: sys_exit: NR 346 = 1
      tailscaled-545   [001] ....   437.057043: sys_enter: NR 346 (4, 30f7680, 80, 179, 0, 0)
      tailscaled-422   [001] ....   437.057059: sys_exit: NR 158 = 0
      tailscaled-422   [001] ....   437.057066: sys_enter: NR 162 (2c49f60, 0, 65, 14, 0, 0)
      tailscaled-533   [001] ....   437.057077: sys_exit: NR 240 = 0
      tailscaled-533   [001] ....   437.057093: sys_enter: NR 240 (2c808d4, 80, 0, 0, 0, 0)
      tailscaled-422   [001] ....   437.057155: sys_exit: NR 162 = 0
      tailscaled-422   [001] ....   437.057160: sys_enter: NR 240 (1695bd4, 80, 0, 2c49f28, 0, 0)
      tailscaled-545   [001] ....   437.057828: sys_exit: NR 346 = 1
      tailscaled-545   [001] ....   437.057840: sys_enter: NR 240 (1695bd4, 81, 1, 0, 0, 0)
      tailscaled-545   [001] ....   437.057847: sys_exit: NR 240 = 1
      tailscaled-545   [001] ....   437.057849: sys_enter: NR 365 (11, 5a02608, 80, 0, 0, 0)
      tailscaled-545   [001] ....   437.057862: sys_exit: NR 365 = 1
      tailscaled-545   [001] ....   437.057911: sys_enter: NR 240 (2c808d4, 81, 1, 0, 0, 0)
      tailscaled-545   [001] ....   437.057918: sys_exit: NR 240 = 1
      tailscaled-545   [001] ....   437.057969: sys_enter: NR 365 (11, 5a02608, 80, 0, 0, 0)
      tailscaled-545   [001] ....   437.057972: sys_exit: NR 365 = -11
      tailscaled-545   [001] ....   437.058058: sys_enter: NR 4 (c, 5fe2006, 52, 0, 0, 0)
      tailscaled-545   [001] ....   437.058108: sys_exit: NR 4 = 82
      tailscaled-545   [001] ....   437.058132: sys_enter: NR 346 (4, 30f7680, 80, 0, 0, 0)
      tailscaled-545   [001] ....   437.058134: sys_exit: NR 346 = 0
      tailscaled-545   [001] ....   437.058141: sys_enter: NR 346 (4, 30f7680, 80, 3229, 0, 0)
 vncserver-x11-c-450   [002] ....   437.058150: sys_exit: NR 142 = 1
      tailscaled-422   [001] ....   437.058157: sys_exit: NR 240 = 0
      tailscaled-422   [001] ....   437.058163: sys_enter: NR 162 (2c49f60, 0, 65, 14, 0, 0)
      tailscaled-533   [001] ....   437.058175: sys_exit: NR 240 = 0
 vncserver-x11-c-450   [002] ....   437.058178: sys_enter: NR 3 (11, 15b3e48, 41a0, 0, 41a0, 15b3e48)
 vncserver-x11-c-450   [002] ....   437.058180: __vfs_read+0x14/0x16c <-vfs_read+0x9c/0x164
      tailscaled-533   [001] ....   437.058190: sys_enter: NR 4 (5, 3019e94, 8, 0, 0, 0)
 vncserver-x11-c-450   [002] ....   437.058198: <stack trace>
 => __vfs_read+0x18/0x16c
 => vfs_read+0x9c/0x164
 => ksys_read+0x74/0xe8
 => sys_read+0x18/0x1c
 => __sys_trace_return+0x0/0x1c
 => 0x7ef0a988
      tailscaled-533   [001] .n..   437.058202: sys_exit: NR 4 = 8
      tailscaled-545   [001] ....   437.058209: sys_exit: NR 346 = 1
      tailscaled-545   [001] ....   437.058210: sys_enter: NR 3 (5, 30f766c, 8, fd6f1b05, 2, 30f7680)
      tailscaled-545   [001] ....   437.058212: __vfs_read+0x14/0x16c <-vfs_read+0x9c/0x164
      tailscaled-545   [001] ....   437.058220: <stack trace>
 => __vfs_read+0x18/0x16c
 => vfs_read+0x9c/0x164
 => ksys_read+0x74/0xe8
 => sys_read+0x18/0x1c
 => __sys_trace_return+0x0/0x1c
 => 0x30f7638
      tailscaled-545   [001] ....   437.058223: sys_exit: NR 3 = 8
      tailscaled-545   [001] ....   437.058229: sys_enter: NR 346 (4, 30f7680, 80, 0, 0, 0)
      tailscaled-545   [001] ....   437.058232: sys_exit: NR 346 = 0
 vncserver-x11-c-450   [002] ....   437.058249: sys_exit: NR 3 = 32
      tailscaled-545   [001] ....   437.058252: sys_enter: NR 346 (4, 30f7680, 80, 178, 0, 0)
      tailscaled-545   [001] ....   437.058256: sys_exit: NR 346 = 1
      tailscaled-545   [001] ....   437.058264: sys_enter: NR 3 (c, 305605c, 10009, 0, 0, 0)
      tailscaled-545   [001] ....   437.058265: __vfs_read+0x14/0x16c <-vfs_read+0x9c/0x164
      tailscaled-545   [001] ....   437.058273: <stack trace>
 => __vfs_read+0x18/0x16c
 => vfs_read+0x9c/0x164
 => ksys_read+0x74/0xe8
 => sys_read+0x18/0x1c
 => __sys_trace_return+0x0/0x1c
 => 0x31755cc
      tailscaled-545   [001] ....   437.058280: sys_exit: NR 3 = 50
 vncserver-x11-c-450   [002] ....   437.058296: sys_enter: NR 3 (11, 15b3e48, 41a0, 0, 41a0, 15b3e48)
      tailscaled-545   [001] ....   437.058297: sys_enter: NR 240 (2c5e8d4, 81, 1, 0, 0, 0)
 vncserver-x11-c-450   [002] ....   437.058297: __vfs_read+0x14/0x16c <-vfs_read+0x9c/0x164
 vncserver-x11-c-450   [002] ....   437.058305: <stack trace>
 => __vfs_read+0x18/0x16c
 => vfs_read+0x9c/0x164
 => ksys_read+0x74/0xe8
 => sys_read+0x18/0x1c
 => __sys_trace_return+0x0/0x1c
 => 0x7ef0a988
      tailscaled-545   [001] ....   437.058305: sys_exit: NR 240 = 1
 vncserver-x11-c-450   [002] ....   437.058309: sys_exit: NR 3 = -11
 vncserver-x11-c-450   [002] ....   437.058318: sys_enter: NR 4 (c, 1542c58, 12, 0, 12, 1542c58)
 vncserver-x11-c-450   [002] ....   437.058336: sys_exit: NR 4 = 18
 vncserver-x11-c-450   [002] ....   437.058351: sys_enter: NR 142 (12, 7ef0b328, 7ef0b3a8, 7ef0b428, 7ef0b320, 7ef0b3a8)
 vncserver-x11-c-450   [002] ....   437.058364: sys_exit: NR 142 = 0
        vncagent-505   [000] ....   437.058366: sys_exit: NR 142 = 1
 vncserver-x11-c-450   [002] ....   437.058369: sys_enter: NR 142 (12, 7ef0b328, 7ef0b3a8, 7ef0b428, 7ef0b320, 7ef0b3a8)
        vncagent-505   [000] ....   437.058385: sys_enter: NR 3 (d, c1dfa8, 41a0, 0, c1d358, 1)
        vncagent-505   [000] ....   437.058387: __vfs_read+0x14/0x16c <-vfs_read+0x9c/0x164
        vncagent-505   [000] ....   437.058395: <stack trace>
 => __vfs_read+0x18/0x16c
 => vfs_read+0x9c/0x164
 => ksys_read+0x74/0xe8
 => sys_read+0x18/0x1c
 => __sys_trace_return+0x0/0x1c
 => 0x7eac3fd8
        vncagent-505   [000] ....   437.058408: sys_exit: NR 3 = 18
      tailscaled-545   [001] ....   437.058422: sys_enter: NR 3 (c, 305605c, 10009, 0, 0, 0)
      tailscaled-545   [001] ....   437.058424: __vfs_read+0x14/0x16c <-vfs_read+0x9c/0x164
      tailscaled-545   [001] ....   437.058432: <stack trace>
 => __vfs_read+0x18/0x16c
 => vfs_read+0x9c/0x164
 => ksys_read+0x74/0xe8
 => sys_read+0x18/0x1c
 => __sys_trace_return+0x0/0x1c
 => 0x31755cc
      tailscaled-545   [001] ....   437.058435: sys_exit: NR 3 = -11
      tailscaled-423   [002] ....   437.058439: sys_exit: NR 240 = 0
        vncagent-505   [000] ....   437.058445: sys_enter: NR 168 (7eac3de4, 1, ffffffff, 0, c007a0, c007a0)
      tailscaled-423   [002] ....   437.058449: sys_enter: NR 346 (4, 2c77680, 80, 0, 0, 0)
        vncagent-505   [000] ....   437.058451: sys_exit: NR 168 = 1
      tailscaled-423   [002] ....   437.058451: sys_exit: NR 346 = 0
        vncagent-505   [000] ....   437.058453: sys_enter: NR 146 (3, 7eac3edc, 3, 0, 0, c007a0)
      tailscaled-423   [002] ....   437.058465: sys_enter: NR 346 (4, 2c77680, 80, 178, 0, 0)
        vncagent-505   [000] ....   437.058471: sys_exit: NR 146 = 24
        vncagent-505   [000] ....   437.058482: sys_enter: NR 168 (7eac3dcc, 1, ffffffff, 0, 7eac3f50, c007a0)
            Xorg-489   [002] ....   437.058489: sys_exit: NR 252 = 1
      tailscaled-545   [001] ....   437.058489: sys_enter: NR 374 (11, 5d90008, 1, 0, 0, 0)
            Xorg-489   [002] ....   437.058501: sys_enter: NR 104 (0, 7efecbe4, 0, 1388, 76fed968, 1)
            Xorg-489   [002] ....   437.058506: sys_exit: NR 104 = 0
            Xorg-489   [002] ....   437.058514: sys_enter: NR 297 (12, 7efec9cc, 0, 0, 0, 7efec9cc)
            Xorg-489   [002] ....   437.058524: sys_exit: NR 297 = 24
            Xorg-489   [002] ....   437.058555: sys_enter: NR 146 (12, 7efecb84, 1, 0, 1, 7efecb84)
            Xorg-489   [002] ....   437.058569: sys_exit: NR 146 = 40
            Xorg-489   [002] ....   437.058574: sys_enter: NR 297 (12, 7efec9cc, 0, 0, 0, 7efec9cc)
            Xorg-489   [002] ....   437.058577: sys_exit: NR 297 = -11
            Xorg-489   [002] ....   437.058580: sys_enter: NR 104 (0, 7efecbe4, 0, 0, 76fed968, 212b8c)
        vncagent-505   [000] ....   437.058580: sys_exit: NR 168 = 1
      tailscaled-545   [001] ....   437.058580: sys_exit: NR 374 = 1
        vncagent-505   [000] ....   437.058582: sys_enter: NR 297 (3, 7eac3d2c, 0, 0, c017a0, c007a0)
            Xorg-489   [002] ....   437.058583: sys_exit: NR 104 = 0
            Xorg-489   [002] ....   437.058589: sys_enter: NR 252 (3, 7efebbe0, 100, 1b7f9, 1b7f9, 100)
        vncagent-505   [000] ....   437.058589: sys_exit: NR 297 = 40
        vncagent-505   [000] ....   437.058620: sys_enter: NR 168 (7eac3dcc, 1, ffffffff, 0, c007a0, c007a0)
        vncagent-505   [000] ....   437.058623: sys_exit: NR 168 = 1
        vncagent-505   [000] ....   437.058625: sys_enter: NR 146 (3, 7eac3ec4, 3, 0, 0, c007a0)
      tailscaled-545   [001] ....   437.058632: sys_enter: NR 240 (2ea90d4, 80, 0, 0, 0, 0)
        vncagent-505   [000] ....   437.058632: sys_exit: NR 146 = 32
        vncagent-505   [000] ....   437.058636: sys_enter: NR 168 (7eac3db4, 1, ffffffff, 0, 7eac3f38, c007a0)
            Xorg-489   [002] ....   437.058641: sys_exit: NR 252 = 1
            Xorg-489   [002] ....   437.058644: sys_enter: NR 104 (0, 7efecbe4, 0, 1388, 76fed968, 1)
      tailscaled-422   [001] ....   437.058646: sys_exit: NR 162 = 0
            Xorg-489   [002] ....   437.058646: sys_exit: NR 104 = 0
            Xorg-489   [002] ....   437.058649: sys_enter: NR 297 (12, 7efec9cc, 0, 0, 0, 7efec9cc)
      tailscaled-422   [001] ....   437.058653: sys_enter: NR 240 (1695bd4, 80, 0, 2c49f28, 0, 0)
            Xorg-489   [002] ....   437.058655: sys_exit: NR 297 = 32
      tailscaled-533   [001] ....   437.058668: sys_enter: NR 240 (2c808d4, 80, 0, 0, 0, 0)
            Xorg-489   [002] ....   437.058852: sys_enter: NR 146 (12, 7efecb74, 1, 0, 1, 7efecb74)
            Xorg-489   [002] ....   437.058862: sys_exit: NR 146 = 32
            Xorg-489   [002] ....   437.058865: sys_enter: NR 297 (12, 7efec9cc, 0, 0, 0, 7efec9cc)
            Xorg-489   [002] ....   437.058867: sys_exit: NR 297 = -11
        vncagent-505   [000] ....   437.058869: sys_exit: NR 168 = 1
            Xorg-489   [002] ....   437.058869: sys_enter: NR 104 (0, 7efecbe4, 0, 0, 76fed968, 212b8c)
        vncagent-505   [000] ....   437.058871: sys_enter: NR 297 (3, 7eac3d14, 0, 0, c017a0, c007a0)
            Xorg-489   [002] ....   437.058872: sys_exit: NR 104 = 0
            Xorg-489   [002] ....   437.058875: sys_enter: NR 252 (3, 7efebbe0, 100, 1b7f9, 1b7f9, 100)
        vncagent-505   [000] ....   437.058877: sys_exit: NR 297 = 32
      tailscaled-423   [002] ....   437.058889: sys_exit: NR 346 = 1
        vncagent-505   [000] ....   437.058894: sys_enter: NR 4 (d, c22150, 27, 0, c1d390, 85a34)
      tailscaled-423   [002] ....   437.058901: sys_enter: NR 346 (4, 2c77680, 80, 0, 0, 0)
        vncagent-505   [000] ....   437.058903: sys_exit: NR 4 = 39
      tailscaled-423   [002] ....   437.058909: sys_exit: NR 346 = 0
        vncagent-505   [000] ....   437.058912: sys_enter: NR 3 (d, c1dfa8, 41a0, 0, c1d358, 1)
        vncagent-505   [000] ....   437.058914: __vfs_read+0x14/0x16c <-vfs_read+0x9c/0x164
      tailscaled-423   [002] ....   437.058919: sys_enter: NR 346 (4, 2c77680, 80, 177, 0, 0)
        vncagent-505   [000] ....   437.058924: <stack trace>
 => __vfs_read+0x18/0x16c
 => vfs_read+0x9c/0x164
 => ksys_read+0x74/0xe8
 => sys_read+0x18/0x1c
 => __sys_trace_return+0x0/0x1c
 => 0x7eac3fd8
        vncagent-505   [000] ....   437.058927: sys_exit: NR 3 = -11
        vncagent-505   [000] ....   437.058935: sys_enter: NR 297 (3, 7eac462c, 0, 0, c017a0, 1)
        vncagent-505   [000] ....   437.058937: sys_exit: NR 297 = -11
        vncagent-505   [000] ....   437.058940: sys_enter: NR 297 (3, 7eac464c, 0, 0, c017a0, 7eac4724)
        vncagent-505   [000] ....   437.058942: sys_exit: NR 297 = -11
 vncserver-x11-c-450   [002] ....   437.058949: sys_exit: NR 142 = 1
        vncagent-505   [000] ....   437.058949: sys_enter: NR 142 (e, 7eac4630, 7eac46b0, 7eac4730, 7eac4628, 7eac46ac)
        vncagent-505   [000] ....   437.058955: sys_exit: NR 142 = 0
        vncagent-505   [000] ....   437.058958: sys_enter: NR 297 (3, 7eac462c, 0, 0, c017a0, 1)
        vncagent-505   [000] ....   437.058960: sys_exit: NR 297 = -11
        vncagent-505   [000] ....   437.058962: sys_enter: NR 297 (3, 7eac464c, 0, 0, c017a0, 7eac4724)
 vncserver-x11-c-450   [002] ....   437.058963: sys_enter: NR 3 (c, 154ad00, 41a0, 0, 41a0, 154ad00)
        vncagent-505   [000] ....   437.058963: sys_exit: NR 297 = -11
 vncserver-x11-c-450   [002] ....   437.058965: __vfs_read+0x14/0x16c <-vfs_read+0x9c/0x164
        vncagent-505   [000] ....   437.058966: sys_enter: NR 142 (e, 7eac4630, 7eac46b0, 7eac4730, 7eac4628, 7eac46ac)
 vncserver-x11-c-450   [002] ....   437.058973: <stack trace>
 => __vfs_read+0x18/0x16c
 => vfs_read+0x9c/0x164
 => ksys_read+0x74/0xe8
 => sys_read+0x18/0x1c
 => __sys_trace_return+0x0/0x1c
 => 0x7ef0acd0
 vncserver-x11-c-450   [002] ....   437.058979: sys_exit: NR 3 = 39
 vncserver-x11-c-450   [002] ....   437.059372: sys_enter: NR 4 (11, 15b7ff0, 6b, 0, 6b, 15b7ff0)
 vncserver-x11-c-450   [002] .n..   437.059452: sys_exit: NR 4 = 107
      tailscaled-423   [002] ....   437.059465: sys_exit: NR 346 = 1
      tailscaled-423   [002] ....   437.059483: sys_enter: NR 240 (1695bd4, 81, 1, 0, 0, 0)
      tailscaled-423   [002] ....   437.059488: sys_exit: NR 240 = 1
      tailscaled-423   [002] ....   437.059491: sys_enter: NR 3 (c, 305605c, 10009, 0, 0, 0)
      tailscaled-423   [002] ....   437.059492: __vfs_read+0x14/0x16c <-vfs_read+0x9c/0x164
      tailscaled-423   [002] ....   437.059500: <stack trace>
 => __vfs_read+0x18/0x16c
 => vfs_read+0x9c/0x164
 => ksys_read+0x74/0xe8
 => sys_read+0x18/0x1c
 => __sys_trace_return+0x0/0x1c
 => 0x31755cc
      tailscaled-422   [001] ....   437.059504: sys_exit: NR 240 = 0
      tailscaled-423   [002] ....   437.059511: sys_exit: NR 3 = 157
      tailscaled-422   [001] ....   437.059512: sys_enter: NR 162 (2c49f60, 0, 65, 14, 0, 0)
      tailscaled-423   [002] ....   437.059537: sys_enter: NR 240 (2c808d4, 81, 1, 0, 0, 0)
      tailscaled-423   [002] ....   437.059541: sys_exit: NR 240 = 1
      tailscaled-533   [001] ....   437.059550: sys_exit: NR 240 = 0
      tailscaled-533   [001] ....   437.059556: sys_enter: NR 346 (4, 3019680, 80, 0, 0, 0)
      tailscaled-533   [001] ....   437.059558: sys_exit: NR 346 = 0
      tailscaled-533   [001] ....   437.059572: sys_enter: NR 346 (4, 3019680, 80, 177, 0, 0)
      tailscaled-422   [001] ....   437.059603: sys_exit: NR 162 = 0
      tailscaled-422   [001] ....   437.059607: sys_enter: NR 162 (2c49f60, 0, 65, 14, 0, 0)
      tailscaled-423   [002] ....   437.059613: sys_enter: NR 240 (2ea90d4, 81, 1, 0, 0, 0)
      tailscaled-423   [002] ....   437.059618: sys_exit: NR 240 = 1
      tailscaled-545   [001] ....   437.059627: sys_exit: NR 240 = 0
      tailscaled-545   [001] ....   437.059636: sys_enter: NR 162 (30f7dcc, 0, 2d00fc8, 3, 65, 1)
      tailscaled-422   [001] ....   437.059693: sys_exit: NR 162 = 0
      tailscaled-422   [001] ....   437.059697: sys_enter: NR 162 (2c49f60, 0, 65, 14, 0, 0)
      tailscaled-423   [002] ....   437.059699: sys_enter: NR 3 (c, 305605c, 10009, 0, 0, 0)
      tailscaled-423   [002] ....   437.059701: __vfs_read+0x14/0x16c <-vfs_read+0x9c/0x164
      tailscaled-545   [001] ....   437.059706: sys_exit: NR 162 = 0
      tailscaled-423   [002] ....   437.059709: <stack trace>
 => __vfs_read+0x18/0x16c
 => vfs_read+0x9c/0x164
 => ksys_read+0x74/0xe8
 => sys_read+0x18/0x1c
 => __sys_trace_return+0x0/0x1c
 => 0x31755cc
      tailscaled-423   [002] ....   437.059712: sys_exit: NR 3 = -11
      tailscaled-545   [001] ....   437.059712: sys_enter: NR 240 (2c810d4, 81, 1, 0, 0, 0)
      tailscaled-545   [001] ....   437.059716: sys_exit: NR 240 = 1
      tailscaled-423   [002] ....   437.059730: sys_enter: NR 240 (2c5e8d4, 80, 0, 0, 0, 0)
      tailscaled-964   [000] ....   437.059731: sys_exit: NR 240 = 0
      tailscaled-964   [000] ....   437.059748: sys_enter: NR 240 (2c810d4, 80, 0, 0, 0, 0)
 vncserver-x11-c-450   [002] ....   437.059756: sys_enter: NR 3 (c, 154ad00, 41a0, 0, 41a0, 154ad00)
 vncserver-x11-c-450   [002] ....   437.059758: __vfs_read+0x14/0x16c <-vfs_read+0x9c/0x164
      tailscaled-545   [001] ....   437.059761: sys_enter: NR 374 (11, 60d0008, 1, 0, 0, 0)
 vncserver-x11-c-450   [002] ....   437.059765: <stack trace>
 => __vfs_read+0x18/0x16c
 => vfs_read+0x9c/0x164
 => ksys_read+0x74/0xe8
 => sys_read+0x18/0x1c
 => __sys_trace_return+0x0/0x1c
 => 0x7ef0acd0
 vncserver-x11-c-450   [002] ....   437.059769: sys_exit: NR 3 = -11
 vncserver-x11-c-450   [002] ....   437.059793: sys_enter: NR 142 (12, 7ef0b328, 7ef0b3a8, 7ef0b428, 7ef0b320, 7ef0b3a8)
 vncserver-x11-c-450   [002] ....   437.059810: sys_exit: NR 142 = 0
 vncserver-x11-c-450   [002] ....   437.059815: sys_enter: NR 142 (12, 7ef0b328, 7ef0b3a8, 7ef0b428, 7ef0b320, 7ef0b3a8)
      tailscaled-545   [001] ....   437.059859: sys_exit: NR 374 = 1
      tailscaled-545   [001] ....   437.059905: sys_enter: NR 240 (2ea90d4, 80, 0, 0, 0, 0)
      tailscaled-422   [001] ....   437.059915: sys_exit: NR 162 = 0
      tailscaled-422   [001] ....   437.059921: sys_enter: NR 240 (1695bd4, 80, 0, 2c49f28, 0, 0)
      tailscaled-533   [001] ....   437.059981: sys_exit: NR 346 = 1
      tailscaled-533   [001] ....   437.059990: sys_enter: NR 346 (4, 3019680, 80, 0, 0, 0)
      tailscaled-533   [001] ....   437.059992: sys_exit: NR 346 = 0
      tailscaled-533   [001] ....   437.060002: sys_enter: NR 346 (4, 3019680, 80, 176, 0, 0)
      lxterminal-1103  [001] ....   437.062069: sys_exit: NR 168 = 0
         lxpanel-685   [003] ....   437.063537: sys_exit: NR 168 = 0
         lxpanel-685   [003] ....   437.063584: sys_enter: NR 297 (3, 7ef8265c, 0, 0, 0, 7ef8265c)
         lxpanel-685   [003] ....   437.063593: sys_exit: NR 297 = -11
         lxpanel-685   [003] ....   437.063597: sys_enter: NR 297 (3, 7ef8267c, 0, 0, 0, 7ef8267c)
         lxpanel-685   [003] ....   437.063599: sys_exit: NR 297 = -11
         lxpanel-685   [003] ....   437.063608: sys_enter: NR 168 (1f4bdf8, 5, 258, 0, 258, 5)
      tailscaled-533   [003] ....   437.063666: sys_exit: NR 346 = 1
      tailscaled-533   [003] ....   437.063690: sys_enter: NR 240 (1695bd4, 81, 1, 0, 0, 0)
      tailscaled-533   [003] ....   437.063698: sys_exit: NR 240 = 1
      tailscaled-533   [003] ....   437.063700: sys_enter: NR 365 (11, 5a02608, 80, 0, 0, 0)
      tailscaled-533   [003] ....   437.063722: sys_exit: NR 365 = 1
      tailscaled-533   [003] ....   437.063811: sys_enter: NR 240 (2ea90d4, 81, 1, 0, 0, 0)
      tailscaled-533   [003] ....   437.063816: sys_exit: NR 240 = 1
      tailscaled-533   [003] ....   437.063872: sys_enter: NR 365 (11, 60d0008, 80, 0, 0, 0)
      tailscaled-533   [003] ....   437.063875: sys_exit: NR 365 = -11
      tailscaled-533   [003] ....   437.064023: sys_enter: NR 4 (c, 3a98006, 52, 0, 0, 0)
      tailscaled-533   [003] ....   437.064114: sys_exit: NR 4 = 82
      tailscaled-533   [003] ....   437.064138: sys_enter: NR 346 (4, 3019680, 80, 0, 0, 0)
      tailscaled-533   [003] ....   437.064141: sys_exit: NR 346 = 0
 vncserver-x11-c-450   [002] ....   437.064144: sys_exit: NR 142 = 1
      tailscaled-533   [003] ....   437.064150: sys_enter: NR 346 (4, 3019680, 80, 3223, 0, 0)
 vncserver-x11-c-450   [002] ....   437.064163: sys_enter: NR 3 (11, 15b3e48, 41a0, 0, 41a0, 15b3e48)
 vncserver-x11-c-450   [002] ....   437.064166: __vfs_read+0x14/0x16c <-vfs_read+0x9c/0x164
 vncserver-x11-c-450   [002] ....   437.064185: <stack trace>
 => __vfs_read+0x18/0x16c
 => vfs_read+0x9c/0x164
 => ksys_read+0x74/0xe8
 => sys_read+0x18/0x1c
 => __sys_trace_return+0x0/0x1c
 => 0x7ef0a988
      tailscaled-422   [003] ....   437.064196: sys_exit: NR 240 = 0
 vncserver-x11-c-450   [002] ....   437.064200: sys_exit: NR 3 = 32
      tailscaled-422   [003] ....   437.064206: sys_enter: NR 162 (2c49f60, 0, 65, 14, 0, 0)
 vncserver-x11-c-450   [002] ....   437.064244: sys_enter: NR 3 (11, 15b3e48, 41a0, 0, 41a0, 15b3e48)
 vncserver-x11-c-450   [002] ....   437.064245: __vfs_read+0x14/0x16c <-vfs_read+0x9c/0x164
 vncserver-x11-c-450   [002] ....   437.064253: <stack trace>
 => __vfs_read+0x18/0x16c
 => vfs_read+0x9c/0x164
 => ksys_read+0x74/0xe8
 => sys_read+0x18/0x1c
 => __sys_trace_return+0x0/0x1c
 => 0x7ef0a988
 vncserver-x11-c-450   [002] ....   437.064256: sys_exit: NR 3 = -11
 vncserver-x11-c-450   [002] ....   437.064266: sys_enter: NR 4 (c, 1542c58, 12, 0, 12, 1542c58)
 vncserver-x11-c-450   [002] ....   437.064287: sys_exit: NR 4 = 18
      tailscaled-422   [003] ....   437.064298: sys_exit: NR 162 = 0
 vncserver-x11-c-450   [002] ....   437.064300: sys_enter: NR 142 (12, 7ef0b328, 7ef0b3a8, 7ef0b428, 7ef0b320, 7ef0b3a8)
      tailscaled-422   [003] ....   437.064303: sys_enter: NR 162 (2c49f60, 0, 65, 14, 0, 0)
        vncagent-505   [000] ....   437.064311: sys_exit: NR 142 = 1
 vncserver-x11-c-450   [002] ....   437.064312: sys_exit: NR 142 = 0
 vncserver-x11-c-450   [002] ....   437.064317: sys_enter: NR 142 (12, 7ef0b328, 7ef0b3a8, 7ef0b428, 7ef0b320, 7ef0b3a8)
        vncagent-505   [000] ....   437.064328: sys_enter: NR 3 (d, c1dfa8, 41a0, 0, c1d358, 1)
        vncagent-505   [000] ....   437.064330: __vfs_read+0x14/0x16c <-vfs_read+0x9c/0x164
        vncagent-505   [000] ....   437.064339: <stack trace>
 => __vfs_read+0x18/0x16c
 => vfs_read+0x9c/0x164
 => ksys_read+0x74/0xe8
 => sys_read+0x18/0x1c
 => __sys_trace_return+0x0/0x1c
 => 0x7eac3fd8
        vncagent-505   [000] ....   437.064351: sys_exit: NR 3 = 18
        vncagent-505   [000] ....   437.064365: sys_enter: NR 3 (d, c1dfa8, 41a0, 0, c1d358, 1)
        vncagent-505   [000] ....   437.064366: __vfs_read+0x14/0x16c <-vfs_read+0x9c/0x164
        vncagent-505   [000] ....   437.064373: <stack trace>
 => __vfs_read+0x18/0x16c
 => vfs_read+0x9c/0x164
 => ksys_read+0x74/0xe8
 => sys_read+0x18/0x1c
 => __sys_trace_return+0x0/0x1c
 => 0x7eac3fd8
        vncagent-505   [000] ....   437.064375: sys_exit: NR 3 = -11
        vncagent-505   [000] ....   437.064383: sys_enter: NR 297 (3, 7eac462c, 0, 0, c017a0, 1)
      tailscaled-422   [003] ....   437.064385: sys_exit: NR 162 = 0
        vncagent-505   [000] ....   437.064387: sys_exit: NR 297 = -11
      tailscaled-422   [003] ....   437.064389: sys_enter: NR 162 (2c49f60, 0, 65, 14, 0, 0)
        vncagent-505   [000] ....   437.064392: sys_enter: NR 297 (3, 7eac464c, 0, 0, c017a0, 7eac4724)
        vncagent-505   [000] ....   437.064393: sys_exit: NR 297 = -11
        vncagent-505   [000] ....   437.064399: sys_enter: NR 142 (e, 7eac4630, 7eac46b0, 7eac4730, 7eac4628, 7eac46ac)
      tailscaled-422   [003] ....   437.064470: sys_exit: NR 162 = 0
      tailscaled-422   [003] ....   437.064473: sys_enter: NR 162 (2c49f60, 0, 65, 14, 0, 0)
      lxterminal-1103  [001] ....   437.064532: sys_enter: NR 297 (3, 7ecb875c, 0, 0, 0, 7ecb875c)
      lxterminal-1103  [001] ....   437.064538: sys_exit: NR 297 = -11
      tailscaled-422   [003] ....   437.064554: sys_exit: NR 162 = 0
      tailscaled-422   [003] ....   437.064558: sys_enter: NR 162 (2c49f60, 0, 65, 14, 0, 0)
      lxterminal-1103  [001] ....   437.064595: sys_enter: NR 306 (6cb7e000, 7055d0, 80000, 80000, 7055d0, a22ee0)
      lxterminal-1103  [001] ....   437.064637: sys_exit: NR 306 = 0
      tailscaled-422   [003] ....   437.064638: sys_exit: NR 162 = 0
      tailscaled-422   [003] ....   437.064642: sys_enter: NR 162 (2c49f60, 0, 65, 14, 0, 0)
      tailscaled-422   [003] ....   437.064722: sys_exit: NR 162 = 0
      tailscaled-422   [003] ....   437.064725: sys_enter: NR 162 (2c49f60, 0, 65, 14, 0, 0)
      lxterminal-1103  [001] ....   437.064738: sys_enter: NR 307 (0, 80000, 380, 0, 7055d0, 80000)
