      lxterminal-1103  [001] ....   437.064778: sys_exit: NR 307 = 6848517
      lxterminal-1103  [001] ....   437.064780: sys_enter: NR 305 (688005, 0, 0, 688005, 7055d0, 80000)
      tailscaled-422   [003] ....   437.064806: sys_exit: NR 162 = 0
      lxterminal-1103  [001] ....   437.064807: sys_exit: NR 305 = 1823989760
      tailscaled-422   [003] ....   437.064810: sys_enter: NR 162 (2c49f60, 0, 65, 14, 0, 0)
      lxterminal-1103  [001] ....   437.064817: sys_enter: NR 308 (688005, 100, 0, 7cca4900, 7055d0, 80000)
      lxterminal-1103  [001] ....   437.064820: sys_exit: NR 308 = 0
      tailscaled-422   [003] ....   437.064889: sys_exit: NR 162 = 0
      tailscaled-422   [003] ....   437.064893: sys_enter: NR 162 (2c49f60, 0, 65, 14, 0, 0)
      tailscaled-422   [003] ....   437.064973: sys_exit: NR 162 = 0
      tailscaled-422   [003] ....   437.064976: sys_enter: NR 162 (2c49f60, 0, 65, 14, 0, 0)
      tailscaled-422   [003] ....   437.065056: sys_exit: NR 162 = 0
      tailscaled-422   [003] ....   437.065059: sys_enter: NR 162 (2c49f60, 0, 65, 14, 0, 0)
      lxterminal-1103  [001] ....   437.065130: sys_enter: NR 168 (7ecb9654, 1, ffffffff, 0, ffffffff, 1)
      lxterminal-1103  [001] ....   437.065138: sys_exit: NR 168 = 1
      tailscaled-422   [003] ....   437.065139: sys_exit: NR 162 = 0
      lxterminal-1103  [001] ....   437.065140: sys_enter: NR 146 (3, 7ecb974c, 3, 0, 3, 7ecb974c)
      tailscaled-422   [003] ....   437.065142: sys_enter: NR 162 (2c49f60, 0, 65, 14, 0, 0)
      lxterminal-1103  [001] ....   437.065168: sys_exit: NR 146 = 3588
      lxterminal-1103  [001] ....   437.065174: sys_enter: NR 297 (3, 7ecb9664, 0, 0, 0, 7ecb9664)
      lxterminal-1103  [001] ....   437.065178: sys_exit: NR 297 = -11
            Xorg-489   [002] ....   437.065183: sys_exit: NR 252 = 1
      lxterminal-1103  [001] ....   437.065189: sys_enter: NR 168 (a10d58, 4, a, 0, a, 4)
            Xorg-489   [002] ....   437.065195: sys_enter: NR 104 (0, 7efecbe4, 0, 1388, 76fed968, 1)
            Xorg-489   [002] ....   437.065200: sys_exit: NR 104 = 0
            Xorg-489   [002] ....   437.065208: sys_enter: NR 297 (1c, 7efec9cc, 0, 0, 0, 7efec9cc)
      tailscaled-422   [003] ....   437.065223: sys_exit: NR 162 = 0
            Xorg-489   [002] ....   437.065224: sys_exit: NR 297 = 3588
      tailscaled-422   [003] ....   437.065227: sys_enter: NR 162 (2c49f60, 0, 65, 14, 0, 0)
      tailscaled-545   [001] ....   437.065229: sys_exit: NR 240 = 0
      tailscaled-545   [001] ....   437.065264: sys_enter: NR 4 (5, 30f7e94, 8, 0, 0, 0)
      tailscaled-545   [001] ....   437.065273: sys_exit: NR 4 = 8
      tailscaled-545   [001] ....   437.065277: sys_enter: NR 240 (2ea90d4, 80, 0, 0, 0, 0)
      tailscaled-533   [003] ....   437.065283: sys_exit: NR 346 = 1
      tailscaled-533   [003] ....   437.065286: sys_enter: NR 3 (5, 301966c, 8, fd137a58, 2, 3019680)
      tailscaled-533   [003] ....   437.065289: __vfs_read+0x14/0x16c <-vfs_read+0x9c/0x164
      tailscaled-533   [003] ....   437.065305: <stack trace>
 => __vfs_read+0x18/0x16c
 => vfs_read+0x9c/0x164
 => ksys_read+0x74/0xe8
 => sys_read+0x18/0x1c
 => __sys_trace_return+0x0/0x1c
 => 0x3019638
      tailscaled-533   [003] .n..   437.065321: sys_exit: NR 3 = 8
      tailscaled-422   [003] ....   437.065328: sys_exit: NR 162 = 0
      tailscaled-422   [003] ....   437.065336: sys_enter: NR 240 (1695bd4, 80, 0, 2c49f28, 0, 0)
      tailscaled-533   [003] ....   437.065361: sys_enter: NR 346 (4, 3019680, 80, 0, 0, 0)
      tailscaled-533   [003] ....   437.065364: sys_exit: NR 346 = 0
      tailscaled-533   [003] ....   437.065376: sys_enter: NR 346 (4, 3019680, 80, 171, 0, 0)
            Xorg-489   [002] ....   437.069644: sys_enter: NR 306 (6ef1e000, 1800777, d9ab70, 0, 1099610, 1fc000)
            Xorg-489   [002] ....   437.069706: sys_exit: NR 306 = 0
            Xorg-489   [002] ....   437.069766: sys_enter: NR 305 (688005, 0, 0, 0, 1099610, 10a1850)
            Xorg-489   [002] ....   437.069805: sys_exit: NR 305 = 1861345280
            Xorg-489   [002] ....   437.069807: sys_enter: NR 308 (688005, 102, 7efecb30, 0, 1099610, 10a1850)
            Xorg-489   [002] ....   437.069816: sys_exit: NR 308 = 0
            Xorg-489   [002] ....   437.069821: sys_enter: NR 295 (1c, 1, 11, 7efecaf8, 7efecaf4, 109d728)
            Xorg-489   [002] ....   437.069827: sys_exit: NR 295 = 0
            Xorg-489   [002] ....   437.070243: sys_enter: NR 119 (e, 212b80, 5, 2b2, 1177c5a, 30a)
            Xorg-489   [002] ....   437.070248: sys_exit: NR 119 = 539
            Xorg-489   [002] ....   437.070544: sys_enter: NR 146 (12, 7efeca3c, 1, 0, 1, 7efeca3c)
            Xorg-489   [002] ....   437.070576: sys_exit: NR 146 = 32
        vncagent-505   [000] ....   437.070625: sys_exit: NR 142 = 1
        vncagent-505   [000] ....   437.070670: sys_enter: NR 297 (3, 7eac462c, 0, 0, c017a0, 1)
            Xorg-489   [002] ....   437.070678: sys_enter: NR 252 (3, 7efebbe0, 100, 0, 0, 100)
            Xorg-489   [002] ....   437.070682: sys_exit: NR 252 = 0
        vncagent-505   [000] ....   437.070690: sys_exit: NR 297 = 32
        vncagent-505   [000] ....   437.070706: sys_enter: NR 297 (3, 7eac462c, 0, 0, c017a0, 1)
            Xorg-489   [002] ....   437.070707: sys_enter: NR 297 (1c, 7efec9cc, 0, 0, 0, 7efec9cc)
        vncagent-505   [000] ....   437.070709: sys_exit: NR 297 = -11
            Xorg-489   [002] ....   437.070711: sys_exit: NR 297 = -11
        vncagent-505   [000] ....   437.070712: sys_enter: NR 297 (3, 7eac464c, 0, 0, c017a0, 7eac4724)
        vncagent-505   [000] ....   437.070714: sys_exit: NR 297 = -11
            Xorg-489   [002] ....   437.070714: sys_enter: NR 104 (0, 7efecbe4, 0, 0, 76fed968, 212b8c)
            Xorg-489   [002] ....   437.070719: sys_exit: NR 104 = 0
            Xorg-489   [002] ....   437.070721: sys_enter: NR 252 (3, 7efebbe0, 100, 1b7ed, 1b7ed, 100)
        vncagent-505   [000] ....   437.070737: sys_enter: NR 297 (3, 7eac462c, 0, 0, c017a0, 1)
        vncagent-505   [000] ....   437.070739: sys_exit: NR 297 = -11
        vncagent-505   [000] ....   437.070741: sys_enter: NR 297 (3, 7eac464c, 0, 0, c017a0, 7eac4724)
        vncagent-505   [000] ....   437.070742: sys_exit: NR 297 = -11
        vncagent-505   [000] ....   437.070747: sys_enter: NR 142 (e, 7eac4630, 7eac46b0, 7eac4730, 7eac4628, 7eac46ac)
        vncagent-505   [000] ....   437.072815: sys_exit: NR 142 = 0
        vncagent-505   [000] ....   437.072820: sys_enter: NR 297 (3, 7eac462c, 0, 0, c017a0, 1)
        vncagent-505   [000] ....   437.072822: sys_exit: NR 297 = -11
        vncagent-505   [000] ....   437.072824: sys_enter: NR 297 (3, 7eac464c, 0, 0, c017a0, 7eac4724)
        vncagent-505   [000] ....   437.072826: sys_exit: NR 297 = -11
        vncagent-505   [000] ....   437.072829: sys_enter: NR 142 (e, 7eac4630, 7eac46b0, 7eac4730, 7eac4628, 7eac46ac)
      lxterminal-1103  [001] ....   437.075269: sys_exit: NR 168 = 0
      lxterminal-1103  [001] ....   437.075295: sys_enter: NR 3 (6, 9a80a5, 1f53, 0, 1f53, 9a80a5)
      lxterminal-1103  [001] ....   437.075298: __vfs_read+0x14/0x16c <-vfs_read+0x9c/0x164
      lxterminal-1103  [001] ....   437.075314: <stack trace>
 => __vfs_read+0x18/0x16c
 => vfs_read+0x9c/0x164
 => ksys_read+0x74/0xe8
 => sys_read+0x18/0x1c
 => __sys_trace_return+0x0/0x1c
 => 0x7ecb9728
      lxterminal-1103  [001] ....   437.075322: sys_exit: NR 3 = -11
      lxterminal-1103  [001] ....   437.076991: sys_enter: NR 162 (7ecb977c, 7ecb9784, 0, 0, 7ecb9784, 7ecb977c)
      lxterminal-1103  [001] ....   437.077061: sys_exit: NR 162 = 0
      lxterminal-1103  [001] ....   437.077082: sys_enter: NR 168 (7ecb9654, 1, ffffffff, 0, ffffffff, 1)
      lxterminal-1103  [001] ....   437.077089: sys_exit: NR 168 = 1
      lxterminal-1103  [001] ....   437.077091: sys_enter: NR 146 (3, 7ecb974c, 3, 0, 3, 7ecb974c)
      lxterminal-1103  [001] ....   437.077115: sys_exit: NR 146 = 16
      lxterminal-1103  [001] ....   437.077121: sys_enter: NR 297 (3, 7ecb9664, 0, 0, 0, 7ecb9664)
      lxterminal-1103  [001] ....   437.077126: sys_exit: NR 297 = -11
            Xorg-489   [002] ....   437.077127: sys_exit: NR 252 = 1
      lxterminal-1103  [001] ....   437.077135: sys_enter: NR 168 (a10d58, 4, 1, 0, 1, 4)
            Xorg-489   [002] ....   437.077135: sys_enter: NR 104 (0, 7efecbe4, 0, 1388, 76fed968, 1)
            Xorg-489   [002] ....   437.077140: sys_exit: NR 104 = 0
            Xorg-489   [002] ....   437.077144: sys_enter: NR 297 (1c, 7efec9cc, 0, 0, 0, 7efec9cc)
            Xorg-489   [002] ....   437.077157: sys_exit: NR 297 = 16
            Xorg-489   [002] ....   437.077175: sys_enter: NR 297 (1c, 7efec9cc, 0, 0, 0, 7efec9cc)
            Xorg-489   [002] ....   437.077177: sys_exit: NR 297 = -11
            Xorg-489   [002] ....   437.077180: sys_enter: NR 104 (0, 7efecbe4, 0, 0, 76fed968, 212b8c)
            Xorg-489   [002] ....   437.077182: sys_exit: NR 104 = 0
            Xorg-489   [002] ....   437.077185: sys_enter: NR 252 (3, 7efebbe0, 100, 1b7e7, 1b7e7, 100)
      lxterminal-1103  [001] ....   437.078202: sys_exit: NR 168 = 0
      lxterminal-1103  [001] ....   437.078894: sys_enter: NR 168 (7ecb9654, 1, ffffffff, 0, ffffffff, 1)
      lxterminal-1103  [001] ....   437.078901: sys_exit: NR 168 = 1
      lxterminal-1103  [001] ....   437.078904: sys_enter: NR 146 (3, 7ecb974c, 3, 0, 3, 7ecb974c)
      lxterminal-1103  [001] ....   437.078929: sys_exit: NR 146 = 404
      lxterminal-1103  [001] ....   437.078935: sys_enter: NR 297 (3, 7ecb9664, 0, 0, 0, 7ecb9664)
      lxterminal-1103  [001] ....   437.078939: sys_exit: NR 297 = -11
            Xorg-489   [002] ....   437.078942: sys_exit: NR 252 = 1
            Xorg-489   [002] ....   437.078947: sys_enter: NR 104 (0, 7efecbe4, 0, 1388, 76fed968, 1)
      lxterminal-1103  [001] ....   437.078949: sys_enter: NR 168 (a10d58, 4, 1d, 0, 1d, 4)
            Xorg-489   [002] ....   437.078952: sys_exit: NR 104 = 0
            Xorg-489   [002] ....   437.078955: sys_enter: NR 297 (1c, 7efec9cc, 0, 0, 0, 7efec9cc)
            Xorg-489   [002] ....   437.078968: sys_exit: NR 297 = 404
            Xorg-489   [002] ....   437.079300: sys_enter: NR 297 (1c, 7efec9cc, 0, 0, 0, 7efec9cc)
            Xorg-489   [002] ....   437.079303: sys_exit: NR 297 = -11
            Xorg-489   [002] ....   437.079309: sys_enter: NR 104 (0, 7efecbe4, 0, 0, 76fed968, 212b8c)
            Xorg-489   [002] ....   437.079313: sys_exit: NR 104 = 0
            Xorg-489   [002] ....   437.079317: sys_enter: NR 252 (3, 7efebbe0, 100, 1b7e5, 1b7e5, 100)
        vncagent-505   [000] ....   437.084906: sys_exit: NR 142 = 0
        vncagent-505   [000] ....   437.084925: sys_enter: NR 168 (7eac41f4, 1, ffffffff, 0, c007a0, c007a0)
        vncagent-505   [000] ....   437.084928: sys_exit: NR 168 = 1
        vncagent-505   [000] ....   437.084930: sys_enter: NR 146 (3, 7eac42ec, 3, 0, 0, c007a0)
        vncagent-505   [000] ....   437.084946: sys_exit: NR 146 = 24
        vncagent-505   [000] ....   437.084955: sys_enter: NR 168 (7eac41dc, 1, ffffffff, 0, 7eac4360, c007a0)
            Xorg-489   [002] ....   437.084957: sys_exit: NR 252 = 1
            Xorg-489   [002] ....   437.084961: sys_enter: NR 104 (0, 7efecbe4, 0, 1388, 76fed968, 1)
            Xorg-489   [002] ....   437.084963: sys_exit: NR 104 = 0
            Xorg-489   [002] ....   437.084966: sys_enter: NR 297 (12, 7efec9cc, 0, 0, 0, 7efec9cc)
            Xorg-489   [002] ....   437.084975: sys_exit: NR 297 = 24
            Xorg-489   [002] ....   437.084991: sys_enter: NR 146 (12, 7efecb84, 1, 0, 1, 7efecb84)
            Xorg-489   [002] ....   437.085001: sys_exit: NR 146 = 40
            Xorg-489   [002] ....   437.085004: sys_enter: NR 297 (12, 7efec9cc, 0, 0, 0, 7efec9cc)
            Xorg-489   [002] ....   437.085006: sys_exit: NR 297 = -11
            Xorg-489   [002] ....   437.085007: sys_enter: NR 104 (0, 7efecbe4, 0, 0, 76fed968, 212b8c)
        vncagent-505   [000] ....   437.085008: sys_exit: NR 168 = 1
            Xorg-489   [002] ....   437.085010: sys_exit: NR 104 = 0
        vncagent-505   [000] ....   437.085010: sys_enter: NR 297 (3, 7eac413c, 0, 0, c017a0, c007a0)
            Xorg-489   [002] ....   437.085012: sys_enter: NR 252 (3, 7efebbe0, 100, 1b7df, 1b7df, 100)
        vncagent-505   [000] ....   437.085017: sys_exit: NR 297 = 40
        vncagent-505   [000] ....   437.085041: sys_enter: NR 168 (7eac41dc, 1, ffffffff, 0, c007a0, c007a0)
        vncagent-505   [000] ....   437.085044: sys_exit: NR 168 = 1
        vncagent-505   [000] ....   437.085045: sys_enter: NR 146 (3, 7eac42d4, 3, 0, 0, c007a0)
        vncagent-505   [000] ....   437.085052: sys_exit: NR 146 = 32
        vncagent-505   [000] ....   437.085055: sys_enter: NR 168 (7eac41c4, 1, ffffffff, 0, 7eac4348, c007a0)
            Xorg-489   [002] ....   437.085060: sys_exit: NR 252 = 1
            Xorg-489   [002] ....   437.085062: sys_enter: NR 104 (0, 7efecbe4, 0, 1388, 76fed968, 1)
            Xorg-489   [002] ....   437.085065: sys_exit: NR 104 = 0
            Xorg-489   [002] ....   437.085066: sys_enter: NR 297 (12, 7efec9cc, 0, 0, 0, 7efec9cc)
            Xorg-489   [002] ....   437.085072: sys_exit: NR 297 = 32
            Xorg-489   [002] ....   437.087305: sys_enter: NR 146 (12, 7efecb74, 1, 0, 1, 7efecb74)
            Xorg-489   [002] ....   437.087346: sys_exit: NR 146 = 32
            Xorg-489   [002] ....   437.087352: sys_enter: NR 297 (12, 7efec9cc, 0, 0, 0, 7efec9cc)
            Xorg-489   [002] ....   437.087359: sys_exit: NR 297 = -11
            Xorg-489   [002] ....   437.087364: sys_enter: NR 104 (0, 7efecbe4, 0, 0, 76fed968, 212b8c)
            Xorg-489   [002] ....   437.087371: sys_exit: NR 104 = 0
        vncagent-505   [000] ....   437.087379: sys_exit: NR 168 = 1
        vncagent-505   [000] ....   437.087383: sys_enter: NR 297 (3, 7eac4124, 0, 0, c017a0, c007a0)
        vncagent-505   [000] ....   437.087403: sys_exit: NR 297 = 32
        vncagent-505   [000] ....   437.087439: sys_enter: NR 4 (d, c22150, 27, 0, c1d390, 85a34)
        vncagent-505   [000] ....   437.087454: sys_exit: NR 4 = 39
        vncagent-505   [000] ....   437.087473: sys_enter: NR 297 (3, 7eac462c, 0, 0, c017a0, 1)
        vncagent-505   [000] ....   437.087475: sys_exit: NR 297 = -11
        vncagent-505   [000] ....   437.087479: sys_enter: NR 297 (3, 7eac464c, 0, 0, c017a0, 7eac4724)
        vncagent-505   [000] ....   437.087481: sys_exit: NR 297 = -11
        vncagent-505   [000] ....   437.087489: sys_enter: NR 142 (e, 7eac4630, 7eac46b0, 7eac4730, 7eac4628, 7eac46ac)
        vncagent-505   [000] ....   437.087501: sys_exit: NR 142 = 0
        vncagent-505   [000] ....   437.087504: sys_enter: NR 297 (3, 7eac462c, 0, 0, c017a0, 1)
        vncagent-505   [000] ....   437.087506: sys_exit: NR 297 = -11
        vncagent-505   [000] ....   437.087508: sys_enter: NR 297 (3, 7eac464c, 0, 0, c017a0, 7eac4724)
        vncagent-505   [000] ....   437.087510: sys_exit: NR 297 = -11
        vncagent-505   [000] ....   437.087513: sys_enter: NR 142 (e, 7eac4630, 7eac46b0, 7eac4730, 7eac4628, 7eac46ac)
            Xorg-489   [002] ....   437.087526: sys_enter: NR 252 (3, 7efebbe0, 100, 1b7dd, 1b7dd, 100)
 vncserver-x11-c-450   [002] ....   437.087675: sys_exit: NR 142 = 1
 vncserver-x11-c-450   [002] ....   437.087696: sys_enter: NR 3 (c, 154ad00, 41a0, 0, 41a0, 154ad00)
 vncserver-x11-c-450   [002] ....   437.087699: __vfs_read+0x14/0x16c <-vfs_read+0x9c/0x164
 vncserver-x11-c-450   [002] ....   437.087719: <stack trace>
 => __vfs_read+0x18/0x16c
 => vfs_read+0x9c/0x164
 => ksys_read+0x74/0xe8
 => sys_read+0x18/0x1c
 => __sys_trace_return+0x0/0x1c
 => 0x7ef0acd0
 vncserver-x11-c-450   [002] ....   437.087731: sys_exit: NR 3 = 39
        vncagent-505   [000] ....   437.093627: sys_exit: NR 142 = 0
        vncagent-505   [000] ....   437.093649: sys_enter: NR 168 (7eac4304, 1, ffffffff, 0, c007a0, c007a0)
        vncagent-505   [000] ....   437.093654: sys_exit: NR 168 = 1
        vncagent-505   [000] ....   437.093657: sys_enter: NR 146 (3, 7eac43fc, 3, 0, 0, c007a0)
        vncagent-505   [000] ....   437.093690: sys_exit: NR 146 = 8
        vncagent-505   [000] ....   437.093702: sys_enter: NR 168 (7eac42ec, 1, ffffffff, 0, 7eac4470, c007a0)
            Xorg-489   [002] ....   437.093730: sys_exit: NR 252 = 1
            Xorg-489   [002] ....   437.093744: sys_enter: NR 104 (0, 7efecbe4, 0, 1388, 76fed968, 1)
            Xorg-489   [002] ....   437.093751: sys_exit: NR 104 = 0
            Xorg-489   [002] ....   437.093759: sys_enter: NR 297 (12, 7efec9cc, 0, 0, 0, 7efec9cc)
            Xorg-489   [002] ....   437.093778: sys_exit: NR 297 = 8
            Xorg-489   [002] ....   437.093800: sys_enter: NR 146 (12, 7efecb54, 1, 0, 1, 7efecb54)
            Xorg-489   [002] ....   437.093816: sys_exit: NR 146 = 32
            Xorg-489   [002] ....   437.093818: sys_enter: NR 297 (12, 7efec9cc, 0, 0, 0, 7efec9cc)
            Xorg-489   [002] ....   437.093821: sys_exit: NR 297 = -11
            Xorg-489   [002] ....   437.093823: sys_enter: NR 104 (0, 7efecbe4, 0, 0, 76fed968, 212b8c)
        vncagent-505   [000] ....   437.093824: sys_exit: NR 168 = 1
            Xorg-489   [002] ....   437.093826: sys_exit: NR 104 = 0
        vncagent-505   [000] ....   437.093827: sys_enter: NR 297 (3, 7eac424c, 0, 0, c017a0, c007a0)
            Xorg-489   [002] ....   437.093831: sys_enter: NR 252 (3, 7efebbe0, 100, 1b7d6, 1b7d6, 100)
        vncagent-505   [000] ....   437.093833: sys_exit: NR 297 = 32
        vncagent-505   [000] ....   437.093854: sys_enter: NR 297 (3, 7eac462c, 0, 0, c017a0, 1)
        vncagent-505   [000] ....   437.093856: sys_exit: NR 297 = -11
        vncagent-505   [000] ....   437.093860: sys_enter: NR 297 (3, 7eac464c, 0, 0, c017a0, 7eac4724)
        vncagent-505   [000] ....   437.093862: sys_exit: NR 297 = -11
        vncagent-505   [000] ....   437.093867: sys_enter: NR 142 (e, 7eac4630, 7eac46b0, 7eac4730, 7eac4628, 7eac46ac)
      tailscaled-533   [003] ....   437.107684: sys_exit: NR 346 = 1
      tailscaled-533   [003] ....   437.107719: sys_enter: NR 240 (1695bd4, 81, 1, 0, 0, 0)
      tailscaled-533   [003] .n..   437.107736: sys_exit: NR 240 = 1
      tailscaled-422   [003] ....   437.107745: sys_exit: NR 240 = 0
      tailscaled-422   [003] ....   437.107750: sys_enter: NR 158 (101, 4, 1695b44, 1, 0, 0)
      tailscaled-422   [003] ....   437.107754: sys_exit: NR 158 = 0
      tailscaled-422   [003] ....   437.107757: sys_enter: NR 240 (2c5e328, 80, ffffffff, 0, 0, 0)
      tailscaled-533   [003] ....   437.107770: sys_enter: NR 240 (2c5e328, 81, 1, 0, 0, 0)
      tailscaled-533   [003] .n..   437.107775: sys_exit: NR 240 = 1
      tailscaled-422   [003] ....   437.107779: sys_exit: NR 240 = 0
      tailscaled-422   [003] ....   437.107788: sys_enter: NR 162 (2c49f60, 0, 65, 14, 0, 0)
      tailscaled-533   [003] ....   437.107800: sys_enter: NR 3 (c, 305605c, 10009, 0, 0, 0)
      tailscaled-533   [003] ....   437.107804: __vfs_read+0x14/0x16c <-vfs_read+0x9c/0x164
      tailscaled-533   [003] ....   437.107823: <stack trace>
 => __vfs_read+0x18/0x16c
 => vfs_read+0x9c/0x164
 => ksys_read+0x74/0xe8
 => sys_read+0x18/0x1c
 => __sys_trace_return+0x0/0x1c
 => 0x31755cc
      tailscaled-533   [003] ....   437.107843: sys_exit: NR 3 = 50
      tailscaled-422   [003] ....   437.107873: sys_exit: NR 162 = 0
      tailscaled-422   [003] ....   437.107877: sys_enter: NR 162 (2c49f60, 0, 65, 14, 0, 0)
      tailscaled-533   [003] ....   437.107894: sys_enter: NR 240 (2ea90d4, 81, 1, 0, 0, 0)
      tailscaled-533   [003] ....   437.107898: sys_exit: NR 240 = 1
      tailscaled-545   [001] ....   437.107914: sys_exit: NR 240 = 0
      tailscaled-545   [001] ....   437.107927: sys_enter: NR 346 (4, 30f7680, 80, 0, 0, 0)
      tailscaled-545   [001] ....   437.107930: sys_exit: NR 346 = 0
      tailscaled-545   [001] ....   437.107955: sys_enter: NR 346 (4, 30f7680, 80, 146, 0, 0)
      tailscaled-422   [003] ....   437.107959: sys_exit: NR 162 = 0
      tailscaled-422   [003] ....   437.107963: sys_enter: NR 162 (2c49f60, 0, 65, 14, 0, 0)
      tailscaled-533   [003] ....   437.108010: sys_enter: NR 240 (2c810d4, 81, 1, 0, 0, 0)
      tailscaled-533   [003] ....   437.108015: sys_exit: NR 240 = 1
      tailscaled-964   [000] ....   437.108027: sys_exit: NR 240 = 0
      lxterminal-1103  [001] ....   437.108037: sys_exit: NR 168 = 0
      tailscaled-964   [000] ....   437.108040: sys_enter: NR 162 (30fbdcc, 0, 2d00fc8, 3, 65, 0)
      tailscaled-422   [003] ....   437.108046: sys_exit: NR 162 = 0
      tailscaled-422   [003] ....   437.108049: sys_enter: NR 162 (2c49f60, 0, 65, 14, 0, 0)
      tailscaled-964   [000] ....   437.108105: sys_exit: NR 162 = 0
      tailscaled-964   [000] ....   437.108112: sys_enter: NR 240 (2c5e8d4, 81, 1, 0, 0, 0)
      tailscaled-964   [000] ....   437.108118: sys_exit: NR 240 = 1
      tailscaled-422   [003] ....   437.108132: sys_exit: NR 162 = 0
      tailscaled-422   [003] ....   437.108138: sys_enter: NR 162 (2c49f60, 0, 65, 14, 0, 0)
      tailscaled-964   [000] ....   437.108141: sys_enter: NR 3 (c, 305605c, 10009, 0, 0, 0)
      tailscaled-423   [002] ....   437.108141: sys_exit: NR 240 = 0
      tailscaled-964   [000] ....   437.108144: __vfs_read+0x14/0x16c <-vfs_read+0x9c/0x164
      tailscaled-423   [002] ....   437.108163: sys_enter: NR 240 (2c800d4, 81, 1, 0, 0, 0)
      tailscaled-964   [000] ....   437.108164: <stack trace>
 => __vfs_read+0x18/0x16c
 => vfs_read+0x9c/0x164
 => ksys_read+0x74/0xe8
 => sys_read+0x18/0x1c
 => __sys_trace_return+0x0/0x1c
 => 0x31755cc
      tailscaled-423   [002] ....   437.108168: sys_exit: NR 240 = 1
      tailscaled-964   [000] ....   437.108169: sys_exit: NR 3 = -11
      tailscaled-964   [000] ....   437.108184: sys_enter: NR 158 (101, 4, 1695b44, 1, 0, 0)
      tailscaled-533   [003] ....   437.108185: sys_enter: NR 240 (2c808d4, 80, 0, 0, 0, 0)
      tailscaled-964   [000] ....   437.108187: sys_exit: NR 158 = 0
      tailscaled-964   [000] ....   437.108189: sys_enter: NR 240 (2c810d4, 80, 0, 0, 0, 0)
      lxterminal-1103  [001] ....   437.108219: sys_enter: NR 297 (3, 7ecb9664, 0, 0, 0, 7ecb9664)
      tailscaled-422   [003] ....   437.108222: sys_exit: NR 162 = 0
      tailscaled-422   [003] ....   437.108225: sys_enter: NR 162 (2c49f60, 0, 65, 14, 0, 0)
      tailscaled-423   [002] ....   437.108227: sys_enter: NR 374 (11, 5d90008, 1, 0, 0, 0)
      lxterminal-1103  [001] ....   437.108230: sys_exit: NR 297 = -11
      lxterminal-1103  [001] ....   437.108239: sys_enter: NR 168 (a10d58, 4, ffffffff, 0, ffffffff, 4)
      tailscaled-426   [001] ....   437.108259: sys_exit: NR 240 = 0
      tailscaled-426   [001] ....   437.108274: sys_enter: NR 240 (2c800d4, 80, 0, 0, 0, 0)
      tailscaled-422   [003] ....   437.108307: sys_exit: NR 162 = 0
      tailscaled-422   [003] ....   437.108310: sys_enter: NR 162 (2c49f60, 0, 65, 14, 0, 0)
      tailscaled-423   [002] ....   437.108345: sys_exit: NR 374 = 1
      tailscaled-422   [003] ....   437.108392: sys_exit: NR 162 = 0
      tailscaled-423   [002] ....   437.108395: sys_enter: NR 240 (2c5e8d4, 80, 0, 0, 0, 0)
      tailscaled-422   [003] ....   437.108399: sys_enter: NR 240 (1695bd4, 80, 0, 2c49f28, 0, 0)
      tailscaled-545   [001] ....   437.108517: sys_exit: NR 346 = 1
      tailscaled-545   [001] ....   437.108528: sys_enter: NR 346 (4, 30f7680, 80, 0, 0, 0)
      tailscaled-545   [001] ....   437.108530: sys_exit: NR 346 = 0
      tailscaled-545   [001] ....   437.108540: sys_enter: NR 346 (4, 30f7680, 80, 146, 0, 0)
        vncagent-505   [000] ....   437.111962: sys_exit: NR 142 = 0
        vncagent-505   [000] ....   437.111982: sys_enter: NR 297 (3, 7eac462c, 0, 0, c017a0, 1)
        vncagent-505   [000] ....   437.111990: sys_exit: NR 297 = -11
        vncagent-505   [000] ....   437.111996: sys_enter: NR 297 (3, 7eac464c, 0, 0, c017a0, 7eac4724)
        vncagent-505   [000] ....   437.111998: sys_exit: NR 297 = -11
        vncagent-505   [000] ....   437.112004: sys_enter: NR 142 (e, 7eac4630, 7eac46b0, 7eac4730, 7eac4628, 7eac46ac)
 vncserver-x11-c-450   [002] ....   437.116323: sys_enter: NR 4 (11, 15b7ff0, 4000, 0, 4000, 15b7ff0)
      tailscaled-545   [001] ....   437.116468: sys_exit: NR 346 = 1
      tailscaled-545   [001] ....   437.116493: sys_enter: NR 240 (1695bd4, 81, 1, 0, 0, 0)
      tailscaled-545   [001] ....   437.116501: sys_exit: NR 240 = 1
      tailscaled-545   [001] ....   437.116504: sys_enter: NR 3 (c, 305605c, 10009, 0, 0, 0)
      tailscaled-545   [001] ....   437.116508: __vfs_read+0x14/0x16c <-vfs_read+0x9c/0x164
 vncserver-x11-c-450   [002] ....   437.116513: sys_exit: NR 4 = 16384
      tailscaled-422   [003] ....   437.116515: sys_exit: NR 240 = 0
      tailscaled-422   [003] ....   437.116524: sys_enter: NR 162 (2c49f60, 0, 65, 14, 0, 0)
      tailscaled-545   [001] ....   437.116528: <stack trace>
 => __vfs_read+0x18/0x16c
 => vfs_read+0x9c/0x164
 => ksys_read+0x74/0xe8
 => sys_read+0x18/0x1c
 => __sys_trace_return+0x0/0x1c
 => 0x31755cc
      tailscaled-545   [001] ....   437.116551: sys_exit: NR 3 = 2530
      tailscaled-545   [001] ....   437.116601: sys_enter: NR 240 (2c5e8d4, 81, 1, 0, 0, 0)
      tailscaled-545   [001] ....   437.116607: sys_exit: NR 240 = 1
      tailscaled-422   [003] ....   437.116615: sys_exit: NR 162 = 0
      tailscaled-422   [003] ....   437.116619: sys_enter: NR 162 (2c49f60, 0, 65, 14, 0, 0)
      tailscaled-423   [002] ....   437.116633: sys_exit: NR 240 = 0
      tailscaled-423   [002] ....   437.116646: sys_enter: NR 346 (4, 2c77680, 80, 0, 0, 0)
      tailscaled-423   [002] ....   437.116651: sys_exit: NR 346 = 1
      tailscaled-423   [002] ....   437.116675: sys_enter: NR 346 (4, 2c77680, 80, 13d, 0, 0)
      tailscaled-422   [003] ....   437.116701: sys_exit: NR 162 = 0
      tailscaled-422   [003] ....   437.116705: sys_enter: NR 162 (2c49f60, 0, 65, 14, 0, 0)
      tailscaled-545   [001] ....   437.116721: sys_enter: NR 240 (2c800d4, 81, 1, 0, 0, 0)
      tailscaled-545   [001] ....   437.116731: sys_exit: NR 240 = 1
      tailscaled-422   [003] ....   437.116787: sys_exit: NR 162 = 0
      tailscaled-422   [003] ....   437.116790: sys_enter: NR 162 (2c49f60, 0, 65, 14, 0, 0)
      tailscaled-422   [003] ....   437.116871: sys_exit: NR 162 = 0
      tailscaled-422   [003] ....   437.116874: sys_enter: NR 162 (2c49f60, 0, 65, 14, 0, 0)
      tailscaled-422   [003] ....   437.116954: sys_exit: NR 162 = 0
      tailscaled-422   [003] ....   437.116957: sys_enter: NR 162 (2c49f60, 0, 65, 14, 0, 0)
      tailscaled-545   [001] ....   437.116964: sys_enter: NR 3 (c, 305605c, 10009, 0, 0, 0)
      tailscaled-545   [001] ....   437.116966: __vfs_read+0x14/0x16c <-vfs_read+0x9c/0x164
      tailscaled-545   [001] ....   437.116978: <stack trace>
 => __vfs_read+0x18/0x16c
 => vfs_read+0x9c/0x164
 => ksys_read+0x74/0xe8
 => sys_read+0x18/0x1c
 => __sys_trace_return+0x0/0x1c
 => 0x31755cc
      tailscaled-545   [001] ....   437.116989: sys_exit: NR 3 = 2530
      tailscaled-422   [003] ....   437.117038: sys_exit: NR 162 = 0
      tailscaled-422   [003] ....   437.117041: sys_enter: NR 162 (2c49f60, 0, 65, 14, 0, 0)
      tailscaled-422   [003] ....   437.117121: sys_exit: NR 162 = 0
      tailscaled-422   [003] ....   437.117124: sys_enter: NR 162 (2c49f60, 0, 65, 14, 0, 0)
      tailscaled-422   [003] ....   437.117204: sys_exit: NR 162 = 0
      tailscaled-422   [003] ....   437.117207: sys_enter: NR 162 (2c49f60, 0, 65, 14, 0, 0)
      tailscaled-545   [001] ....   437.117262: sys_enter: NR 374 (11, 5d90008, 2, 0, 0, 0)
      tailscaled-422   [003] ....   437.117287: sys_exit: NR 162 = 0
      tailscaled-422   [003] ....   437.117290: sys_enter: NR 162 (2c49f60, 0, 65, 14, 0, 0)
      tailscaled-422   [003] ....   437.117370: sys_exit: NR 162 = 0
      tailscaled-422   [003] ....   437.117376: sys_enter: NR 240 (2c810d4, 81, 1, 0, 0, 0)
      tailscaled-422   [003] ....   437.117381: sys_exit: NR 240 = 1
      tailscaled-422   [003] ....   437.117385: sys_enter: NR 162 (2c49f60, 0, 65, 14, 0, 0)
      tailscaled-964   [000] ....   437.117396: sys_exit: NR 240 = 0
      tailscaled-964   [000] ....   437.117408: sys_enter: NR 3 (c, 305605c, 10009, 0, 0, 0)
      tailscaled-964   [000] ....   437.117411: __vfs_read+0x14/0x16c <-vfs_read+0x9c/0x164
      tailscaled-964   [000] ....   437.117421: <stack trace>
 => __vfs_read+0x18/0x16c
 => vfs_read+0x9c/0x164
 => ksys_read+0x74/0xe8
 => sys_read+0x18/0x1c
 => __sys_trace_return+0x0/0x1c
 => 0x31755cc
      tailscaled-545   [001] ....   437.117423: sys_exit: NR 374 = 2
      tailscaled-964   [000] ....   437.117433: sys_exit: NR 3 = 2530
      tailscaled-422   [003] ....   437.117466: sys_exit: NR 162 = 0
      tailscaled-422   [003] ....   437.117469: sys_enter: NR 162 (2c49f60, 0, 65, 14, 0, 0)
      tailscaled-545   [001] ....   437.117482: sys_enter: NR 374 (11, 5d90008, 2, 0, 0, 0)
      tailscaled-545   [001] ....   437.117535: sys_exit: NR 374 = 2
      tailscaled-422   [003] ....   437.117549: sys_exit: NR 162 = 0
      tailscaled-422   [003] ....   437.117553: sys_enter: NR 162 (2c49f60, 0, 65, 14, 0, 0)
      tailscaled-545   [001] ....   437.117618: sys_enter: NR 3 (c, 305605c, 10009, 0, 0, 0)
      tailscaled-545   [001] ....   437.117620: __vfs_read+0x14/0x16c <-vfs_read+0x9c/0x164
      tailscaled-545   [001] ....   437.117630: <stack trace>
 => __vfs_read+0x18/0x16c
 => vfs_read+0x9c/0x164
 => ksys_read+0x74/0xe8
 => sys_read+0x18/0x1c
 => __sys_trace_return+0x0/0x1c
 => 0x31755cc
      tailscaled-422   [003] ....   437.117634: sys_exit: NR 162 = 0
      tailscaled-422   [003] ....   437.117638: sys_enter: NR 162 (2c49f60, 0, 65, 14, 0, 0)
      tailscaled-545   [001] ....   437.117642: sys_exit: NR 3 = 2530
      tailscaled-423   [002] ....   437.117710: sys_exit: NR 346 = 1
      tailscaled-422   [003] ....   437.117719: sys_exit: NR 162 = 0
      tailscaled-422   [003] ....   437.117723: sys_enter: NR 162 (2c49f60, 0, 65, 14, 0, 0)
      tailscaled-423   [002] ....   437.117725: sys_enter: NR 346 (4, 2c77680, 80, 0, 0, 0)
      tailscaled-423   [002] ....   437.117728: sys_exit: NR 346 = 0
      tailscaled-423   [002] ....   437.117738: sys_enter: NR 3 (c, 305605c, 10009, 0, 0, 0)
      tailscaled-423   [002] ....   437.117739: __vfs_read+0x14/0x16c <-vfs_read+0x9c/0x164
      tailscaled-423   [002] ....   437.117748: <stack trace>
 => __vfs_read+0x18/0x16c
 => vfs_read+0x9c/0x164
 => ksys_read+0x74/0xe8
 => sys_read+0x18/0x1c
 => __sys_trace_return+0x0/0x1c
 => 0x31755cc
      tailscaled-423   [002] ....   437.117755: sys_exit: NR 3 = 2530
      tailscaled-422   [003] ....   437.117805: sys_exit: NR 162 = 0
      tailscaled-422   [003] ....   437.117808: sys_enter: NR 162 (2c49f60, 0, 65, 14, 0, 0)
      tailscaled-964   [000] ....   437.117850: sys_enter: NR 374 (11, 5a02608, 2, 0, 0, 0)
      tailscaled-545   [001] ....   437.117879: sys_enter: NR 346 (4, 30f7680, 80, 0, 0, 0)
      tailscaled-545   [001] ....   437.117882: sys_exit: NR 346 = 0
      tailscaled-422   [003] ....   437.117888: sys_exit: NR 162 = 0
      tailscaled-545   [001] ....   437.117891: sys_enter: NR 3 (c, 305605c, 10009, 0, 0, 0)
      tailscaled-422   [003] ....   437.117892: sys_enter: NR 162 (2c49f60, 0, 65, 14, 0, 0)
      tailscaled-545   [001] ....   437.117892: __vfs_read+0x14/0x16c <-vfs_read+0x9c/0x164
      tailscaled-545   [001] ....   437.117900: <stack trace>
 => __vfs_read+0x18/0x16c
 => vfs_read+0x9c/0x164
 => ksys_read+0x74/0xe8
 => sys_read+0x18/0x1c
 => __sys_trace_return+0x0/0x1c
 => 0x31755cc
      tailscaled-545   [001] ....   437.117907: sys_exit: NR 3 = 2530
      tailscaled-964   [000] ....   437.117925: sys_exit: NR 374 = 2
      tailscaled-964   [000] ....   437.117966: sys_enter: NR 374 (11, 5a02608, 2, 0, 0, 0)
      tailscaled-422   [003] ....   437.117972: sys_exit: NR 162 = 0
      tailscaled-422   [003] ....   437.117976: sys_enter: NR 162 (2c49f60, 0, 65, 14, 0, 0)
      tailscaled-423   [002] ....   437.117998: sys_enter: NR 346 (4, 2c77680, 80, 0, 0, 0)
      tailscaled-423   [002] ....   437.118001: sys_exit: NR 346 = 0
      tailscaled-423   [002] ....   437.118008: sys_enter: NR 3 (c, 305605c, 10009, 0, 0, 0)
      tailscaled-964   [000] ....   437.118009: sys_exit: NR 374 = 2
      tailscaled-423   [002] ....   437.118010: __vfs_read+0x14/0x16c <-vfs_read+0x9c/0x164
      tailscaled-423   [002] ....   437.118018: <stack trace>
 => __vfs_read+0x18/0x16c
 => vfs_read+0x9c/0x164
 => ksys_read+0x74/0xe8
 => sys_read+0x18/0x1c
 => __sys_trace_return+0x0/0x1c
 => 0x31755cc
      tailscaled-423   [002] ....   437.118025: sys_exit: NR 3 = 1554
      tailscaled-964   [000] ....   437.118043: sys_enter: NR 374 (11, 5a02608, 2, 0, 0, 0)
      tailscaled-422   [003] ....   437.118056: sys_exit: NR 162 = 0
      tailscaled-422   [003] ....   437.118060: sys_enter: NR 162 (2c49f60, 0, 65, 14, 0, 0)
      tailscaled-964   [000] ....   437.118086: sys_exit: NR 374 = 2
      tailscaled-964   [000] ....   437.118117: sys_enter: NR 346 (4, 30fb680, 80, 0, 0, 0)
      tailscaled-964   [000] ....   437.118119: sys_exit: NR 346 = 0
      tailscaled-964   [000] ....   437.118127: sys_enter: NR 3 (c, 305605c, 10009, 0, 0, 0)
      tailscaled-964   [000] ....   437.118129: __vfs_read+0x14/0x16c <-vfs_read+0x9c/0x164
      tailscaled-964   [000] ....   437.118137: <stack trace>
 => __vfs_read+0x18/0x16c
 => vfs_read+0x9c/0x164
 => ksys_read+0x74/0xe8
 => sys_read+0x18/0x1c
 => __sys_trace_return+0x0/0x1c
 => 0x31755cc
      tailscaled-964   [000] ....   437.118140: sys_exit: NR 3 = -11
      tailscaled-422   [003] ....   437.118142: sys_exit: NR 162 = 0
      tailscaled-422   [003] ....   437.118145: sys_enter: NR 162 (2c49f60, 0, 65, 14, 0, 0)
      tailscaled-545   [001] ....   437.118146: sys_enter: NR 374 (11, 5d90008, 2, 0, 0, 0)
      tailscaled-964   [000] ....   437.118147: sys_enter: NR 346 (4, 30fb680, 80, 0, 0, 0)
      tailscaled-964   [000] ....   437.118149: sys_exit: NR 346 = 0
      tailscaled-964   [000] ....   437.118167: sys_enter: NR 346 (4, 30fb680, 80, 13c, 0, 0)
      tailscaled-545   [001] ....   437.118195: sys_exit: NR 374 = 2
      tailscaled-423   [002] ....   437.118205: sys_enter: NR 240 (2c5e8d4, 80, 0, 0, 0, 0)
      tailscaled-422   [003] ....   437.118226: sys_exit: NR 162 = 0
      tailscaled-422   [003] ....   437.118230: sys_enter: NR 162 (2c49f60, 0, 65, 14, 0, 0)
      tailscaled-545   [001] ....   437.118230: sys_enter: NR 374 (11, 5d90008, 2, 0, 0, 0)
      tailscaled-964   [000] ....   437.118245: sys_exit: NR 346 = 1
      tailscaled-964   [000] ....   437.118254: sys_enter: NR 346 (4, 30fb680, 80, 0, 0, 0)
      tailscaled-964   [000] ....   437.118256: sys_exit: NR 346 = 0
      tailscaled-964   [000] ....   437.118267: sys_enter: NR 346 (4, 30fb680, 80, 13c, 0, 0)
      tailscaled-545   [001] ....   437.118275: sys_exit: NR 374 = 2
      tailscaled-545   [001] ....   437.118304: sys_enter: NR 240 (2ea90d4, 80, 0, 0, 0, 0)
      tailscaled-422   [003] ....   437.118310: sys_exit: NR 162 = 0
      tailscaled-422   [003] ....   437.118314: sys_enter: NR 162 (2c49f60, 0, 65, 14, 0, 0)
      tailscaled-426   [001] ....   437.118322: sys_exit: NR 240 = 0
      tailscaled-426   [001] ....   437.118339: sys_enter: NR 240 (2c800d4, 80, 0, 0, 0, 0)
      tailscaled-422   [003] ....   437.118393: sys_exit: NR 162 = 0
      tailscaled-422   [003] ....   437.118400: sys_enter: NR 240 (1695bd4, 80, 0, 2c49f28, 0, 0)
      tailscaled-964   [002] ....   437.118873: sys_exit: NR 346 = 1
      tailscaled-964   [002] ....   437.118885: sys_enter: NR 346 (4, 30fb680, 80, 0, 0, 0)
      tailscaled-964   [002] ....   437.118887: sys_exit: NR 346 = 0
      tailscaled-964   [002] ....   437.118898: sys_enter: NR 346 (4, 30fb680, 80, 13b, 0, 0)
      tailscaled-964   [002] ....   437.118987: sys_exit: NR 346 = 1
      tailscaled-964   [002] ....   437.118994: sys_enter: NR 346 (4, 30fb680, 80, 0, 0, 0)
      tailscaled-964   [002] ....   437.118996: sys_exit: NR 346 = 0
      tailscaled-964   [002] ....   437.119005: sys_enter: NR 346 (4, 30fb680, 80, 13b, 0, 0)
 vncserver-x11-c-450   [000] ....   437.134137: sys_enter: NR 4 (11, 15b7ff0, 4000, 0, 4000, 15b7ff0)
      tailscaled-964   [002] ....   437.134282: sys_exit: NR 346 = 1
 vncserver-x11-c-450   [000] ....   437.134291: sys_exit: NR 4 = 16384
      tailscaled-964   [002] ....   437.134316: sys_enter: NR 240 (1695bd4, 81, 1, 0, 0, 0)
      tailscaled-964   [002] ....   437.134325: sys_exit: NR 240 = 1
      tailscaled-964   [002] ....   437.134328: sys_enter: NR 3 (c, 305605c, 10009, 0, 0, 0)
      tailscaled-964   [002] ....   437.134332: __vfs_read+0x14/0x16c <-vfs_read+0x9c/0x164
      tailscaled-422   [003] ....   437.134347: sys_exit: NR 240 = 0
      tailscaled-964   [002] ....   437.134352: <stack trace>
 => __vfs_read+0x18/0x16c
 => vfs_read+0x9c/0x164
 => ksys_read+0x74/0xe8
 => sys_read+0x18/0x1c
 => __sys_trace_return+0x0/0x1c
 => 0x31755cc
      tailscaled-422   [003] ....   437.134355: sys_enter: NR 162 (2c49f60, 0, 65, 14, 0, 0)
      tailscaled-964   [002] ....   437.134372: sys_exit: NR 3 = 2530
      tailscaled-964   [002] ....   437.134417: sys_enter: NR 240 (2c800d4, 81, 1, 0, 0, 0)
      tailscaled-964   [002] ....   437.134422: sys_exit: NR 240 = 1
      tailscaled-426   [001] ....   437.134441: sys_exit: NR 240 = 0
      tailscaled-422   [003] ....   437.134446: sys_exit: NR 162 = 0
      tailscaled-422   [003] ....   437.134451: sys_enter: NR 162 (2c49f60, 0, 65, 14, 0, 0)
      tailscaled-426   [001] ....   437.134454: sys_enter: NR 346 (4, 2c95680, 80, 0, 0, 0)
      tailscaled-426   [001] ....   437.134461: sys_exit: NR 346 = 1
      tailscaled-426   [001] ....   437.134486: sys_enter: NR 346 (4, 2c95680, 80, 12c, 0, 0)
      tailscaled-964   [002] ....   437.134528: sys_enter: NR 240 (2ea90d4, 81, 1, 0, 0, 0)
      tailscaled-964   [002] ....   437.134533: sys_exit: NR 240 = 1
      tailscaled-422   [003] ....   437.134534: sys_exit: NR 162 = 0
      tailscaled-422   [003] ....   437.134537: sys_enter: NR 162 (2c49f60, 0, 65, 14, 0, 0)
      tailscaled-545   [001] ....   437.134546: sys_exit: NR 240 = 0
      tailscaled-545   [001] ....   437.134556: sys_enter: NR 162 (30f7dcc, 0, 2d00fc8, 3, 65, 0)
      tailscaled-422   [003] ....   437.134620: sys_exit: NR 162 = 0
      tailscaled-422   [003] ....   437.134624: sys_enter: NR 162 (2c49f60, 0, 65, 14, 0, 0)
      tailscaled-545   [001] ....   437.134625: sys_exit: NR 162 = 0
      tailscaled-545   [001] ....   437.134632: sys_enter: NR 240 (2c5e8d4, 81, 1, 0, 0, 0)
      tailscaled-545   [001] ....   437.134638: sys_exit: NR 240 = 1
      tailscaled-545   [001] ....   437.134653: sys_enter: NR 3 (c, 305605c, 10009, 0, 0, 0)
      tailscaled-545   [001] ....   437.134655: __vfs_read+0x14/0x16c <-vfs_read+0x9c/0x164
      tailscaled-545   [001] ....   437.134667: <stack trace>
 => __vfs_read+0x18/0x16c
 => vfs_read+0x9c/0x164
 => ksys_read+0x74/0xe8
 => sys_read+0x18/0x1c
 => __sys_trace_return+0x0/0x1c
 => 0x31755cc
      tailscaled-545   [001] ....   437.134677: sys_exit: NR 3 = 2530
      tailscaled-422   [003] ....   437.134706: sys_exit: NR 162 = 0
      tailscaled-422   [003] ....   437.134709: sys_enter: NR 162 (2c49f60, 0, 65, 14, 0, 0)
      tailscaled-422   [003] ....   437.134792: sys_exit: NR 162 = 0
      tailscaled-422   [003] ....   437.134795: sys_enter: NR 162 (2c49f60, 0, 65, 14, 0, 0)
      tailscaled-964   [002] ....   437.134825: sys_enter: NR 374 (11, 5a00008, 2, 0, 0, 0)
      tailscaled-422   [003] ....   437.134878: sys_exit: NR 162 = 0
      tailscaled-422   [003] ....   437.134882: sys_enter: NR 162 (2c49f60, 0, 65, 14, 0, 0)
      tailscaled-545   [001] ....   437.134929: sys_enter: NR 3 (c, 305605c, 10009, 0, 0, 0)
      tailscaled-545   [001] ....   437.134932: __vfs_read+0x14/0x16c <-vfs_read+0x9c/0x164
      tailscaled-545   [001] ....   437.134941: <stack trace>
 => __vfs_read+0x18/0x16c
 => vfs_read+0x9c/0x164
 => ksys_read+0x74/0xe8
 => sys_read+0x18/0x1c
 => __sys_trace_return+0x0/0x1c
 => 0x31755cc
      tailscaled-545   [001] ....   437.134953: sys_exit: NR 3 = 2530
      tailscaled-422   [003] ....   437.134965: sys_exit: NR 162 = 0
      tailscaled-422   [003] ....   437.134969: sys_enter: NR 162 (2c49f60, 0, 65, 14, 0, 0)
      tailscaled-964   [002] ....   437.134969: sys_exit: NR 374 = 2
      tailscaled-964   [002] ....   437.135027: sys_enter: NR 374 (11, 5a00008, 2, 0, 0, 0)
      tailscaled-422   [003] ....   437.135051: sys_exit: NR 162 = 0
      tailscaled-422   [003] ....   437.135054: sys_enter: NR 162 (2c49f60, 0, 65, 14, 0, 0)
      tailscaled-964   [002] ....   437.135074: sys_exit: NR 374 = 2
      tailscaled-964   [002] ....   437.135120: sys_enter: NR 3 (c, 305605c, 10009, 0, 0, 0)
      tailscaled-964   [002] ....   437.135122: __vfs_read+0x14/0x16c <-vfs_read+0x9c/0x164
      tailscaled-964   [002] ....   437.135131: <stack trace>
 => __vfs_read+0x18/0x16c
 => vfs_read+0x9c/0x164
 => ksys_read+0x74/0xe8
 => sys_read+0x18/0x1c
 => __sys_trace_return+0x0/0x1c
 => 0x31755cc
      tailscaled-964   [002] ....   437.135133: sys_exit: NR 3 = -11
      tailscaled-422   [003] ....   437.135136: sys_exit: NR 162 = 0
      tailscaled-422   [003] ....   437.135140: sys_enter: NR 162 (2c49f60, 0, 65, 14, 0, 0)
      tailscaled-964   [002] ....   437.135156: sys_enter: NR 240 (2c810d4, 80, 0, 0, 0, 0)
      tailscaled-423   [002] ....   437.135175: sys_exit: NR 240 = 0
      tailscaled-423   [002] ....   437.135189: sys_enter: NR 240 (2c5e8d4, 80, 0, 0, 0, 0)
      tailscaled-545   [001] ....   437.135204: sys_enter: NR 240 (2c5e8d4, 81, 1, 0, 0, 0)
      tailscaled-545   [001] ....   437.135211: sys_exit: NR 240 = 1
      tailscaled-422   [003] ....   437.135222: sys_exit: NR 162 = 0
      tailscaled-422   [003] ....   437.135225: sys_enter: NR 162 (2c49f60, 0, 65, 14, 0, 0)
      tailscaled-545   [001] ....   437.135234: sys_enter: NR 374 (11, 5d90008, 2, 0, 0, 0)
      tailscaled-423   [002] ....   437.135298: sys_exit: NR 240 = 0
      tailscaled-422   [003] ....   437.135308: sys_exit: NR 162 = 0
      tailscaled-422   [003] ....   437.135312: sys_enter: NR 162 (2c49f60, 0, 65, 14, 0, 0)
      tailscaled-423   [002] ....   437.135313: sys_enter: NR 240 (2c5e8d4, 80, 0, 0, 0, 0)
      tailscaled-545   [001] ....   437.135333: sys_exit: NR 374 = 2
      tailscaled-545   [001] ....   437.135375: sys_enter: NR 240 (2ea90d4, 80, 0, 0, 0, 0)
      tailscaled-422   [003] ....   437.135394: sys_exit: NR 162 = 0
      tailscaled-422   [003] ....   437.135400: sys_enter: NR 240 (1695bd4, 80, 0, 2c49f28, 0, 0)
      tailscaled-426   [001] ....   437.135602: sys_exit: NR 346 = 1
      tailscaled-426   [001] ....   437.135618: sys_enter: NR 346 (4, 2c95680, 80, 0, 0, 0)
      tailscaled-426   [001] ....   437.135621: sys_exit: NR 346 = 0
      tailscaled-426   [001] ....   437.135632: sys_enter: NR 346 (4, 2c95680, 80, 12a, 0, 0)
      tailscaled-426   [001] ....   437.135748: sys_exit: NR 346 = 1
      tailscaled-426   [001] ....   437.135755: sys_enter: NR 346 (4, 2c95680, 80, 0, 0, 0)
      tailscaled-426   [001] ....   437.135756: sys_exit: NR 346 = 0
      tailscaled-426   [001] ....   437.135766: sys_enter: NR 346 (4, 2c95680, 80, 12a, 0, 0)
 vncserver-x11-c-450   [000] ....   437.144120: sys_enter: NR 4 (11, 15b7ff0, 4000, 0, 4000, 15b7ff0)
 vncserver-x11-c-450   [000] ....   437.144168: sys_exit: NR 4 = 16384
 vncserver-x11-c-450   [000] ....   437.144179: sys_enter: NR 4 (11, 15b7ff0, c7, 0, c7, 15b7ff0)
 vncserver-x11-c-450   [000] ....   437.144184: sys_exit: NR 4 = 199
 vncserver-x11-c-450   [000] ....   437.144198: sys_enter: NR 3 (c, 154ad00, 41a0, 0, 41a0, 154ad00)
 vncserver-x11-c-450   [000] ....   437.144201: __vfs_read+0x14/0x16c <-vfs_read+0x9c/0x164
 vncserver-x11-c-450   [000] ....   437.144218: <stack trace>
 => __vfs_read+0x18/0x16c
 => vfs_read+0x9c/0x164
 => ksys_read+0x74/0xe8
 => sys_read+0x18/0x1c
 => __sys_trace_return+0x0/0x1c
 => 0x7ef0acd0
 vncserver-x11-c-450   [000] ....   437.144225: sys_exit: NR 3 = -11
 vncserver-x11-c-450   [000] ....   437.144252: sys_enter: NR 142 (12, 7ef0b328, 7ef0b3a8, 7ef0b428, 7ef0b320, 7ef0b3a8)
 vncserver-x11-c-450   [000] ....   437.144276: sys_exit: NR 142 = 0
 vncserver-x11-c-450   [000] ....   437.144281: sys_enter: NR 142 (12, 7ef0b328, 7ef0b3a8, 7ef0b428, 7ef0b320, 7ef0b3a8)
      tailscaled-426   [001] ....   437.160930: sys_exit: NR 346 = 1
      tailscaled-426   [001] ....   437.160951: sys_enter: NR 346 (4, 2c95680, 80, 0, 0, 0)
      tailscaled-426   [001] ....   437.160954: sys_exit: NR 346 = 0
      tailscaled-426   [001] ....   437.160970: sys_enter: NR 346 (4, 2c95680, 80, 111, 0, 0)
      tailscaled-426   [001] ....   437.161641: sys_exit: NR 346 = 1
      tailscaled-426   [001] ....   437.161661: sys_enter: NR 240 (1695bd4, 81, 1, 0, 0, 0)
      tailscaled-426   [001] ....   437.161669: sys_exit: NR 240 = 1
      tailscaled-426   [001] ....   437.161671: sys_enter: NR 365 (11, 60d0008, 80, 0, 0, 0)
      tailscaled-422   [003] ....   437.161682: sys_exit: NR 240 = 0
      tailscaled-422   [003] ....   437.161691: sys_enter: NR 162 (2c49f60, 0, 65, 14, 0, 0)
      tailscaled-426   [001] ....   437.161697: sys_exit: NR 365 = 1
      tailscaled-422   [003] ....   437.161777: sys_exit: NR 162 = 0
      tailscaled-422   [003] ....   437.161781: sys_enter: NR 162 (2c49f60, 0, 65, 14, 0, 0)
      tailscaled-426   [001] ....   437.161799: sys_enter: NR 240 (2ea90d4, 81, 1, 0, 0, 0)
      tailscaled-426   [001] ....   437.161808: sys_exit: NR 240 = 1
      tailscaled-422   [003] ....   437.161865: sys_exit: NR 162 = 0
      tailscaled-426   [001] ....   437.161866: sys_enter: NR 365 (11, 5d90008, 80, 0, 0, 0)
      tailscaled-422   [003] ....   437.161869: sys_enter: NR 162 (2c49f60, 0, 65, 14, 0, 0)
      tailscaled-426   [001] ....   437.161879: sys_exit: NR 365 = 2
      tailscaled-545   [003] ....   437.161901: sys_exit: NR 240 = 0
      tailscaled-545   [003] ....   437.161911: sys_enter: NR 346 (4, 30f7680, 80, 0, 0, 0)
      tailscaled-545   [003] ....   437.161914: sys_exit: NR 346 = 1
      tailscaled-545   [003] ....   437.161922: sys_enter: NR 240 (2c5e8d4, 81, 1, 0, 0, 0)
      tailscaled-545   [003] ....   437.161928: sys_exit: NR 240 = 1
      tailscaled-423   [002] ....   437.161939: sys_exit: NR 240 = 0
      tailscaled-423   [002] ....   437.161951: sys_enter: NR 346 (4, 2c77680, 80, 0, 0, 0)
      tailscaled-422   [003] ....   437.161953: sys_exit: NR 162 = 0
      tailscaled-423   [002] ....   437.161953: sys_exit: NR 346 = 0
      tailscaled-422   [003] ....   437.161957: sys_enter: NR 162 (2c49f60, 0, 65, 14, 0, 0)
      tailscaled-423   [002] ....   437.161960: sys_enter: NR 240 (2c810d4, 81, 1, 0, 0, 0)
      tailscaled-426   [001] ....   437.161966: sys_enter: NR 365 (11, 5d90008, 80, 0, 0, 0)
      tailscaled-423   [002] ....   437.161968: sys_exit: NR 240 = 1
      tailscaled-545   [003] ....   437.161972: sys_enter: NR 346 (4, 30f7680, 80, 0, 0, 0)
      tailscaled-545   [003] ....   437.161974: sys_exit: NR 346 = 0
      tailscaled-426   [001] ....   437.161975: sys_exit: NR 365 = 1
      tailscaled-545   [003] ....   437.161980: sys_enter: NR 162 (30f7dcc, 0, 2c83568, 3, 65, 0)
      tailscaled-964   [003] ....   437.162002: sys_exit: NR 240 = 0
      tailscaled-964   [003] ....   437.162008: sys_enter: NR 346 (4, 30fb680, 80, 0, 0, 0)
      tailscaled-964   [003] ....   437.162010: sys_exit: NR 346 = 0
      tailscaled-422   [003] ....   437.162043: sys_exit: NR 162 = 0
      tailscaled-422   [003] ....   437.162047: sys_enter: NR 162 (2c49f60, 0, 65, 14, 0, 0)
      tailscaled-426   [001] ....   437.162049: sys_enter: NR 365 (11, 5d90008, 80, 0, 0, 0)
      tailscaled-426   [001] ....   437.162052: sys_exit: NR 365 = -11
      tailscaled-545   [003] ....   437.162055: sys_exit: NR 162 = 0
      tailscaled-545   [003] ....   437.162056: sys_enter: NR 162 (30f7dcc, 0, 2c838c8, 3, 65, 0)
      tailscaled-964   [003] ....   437.162073: sys_enter: NR 346 (4, 30fb680, 80, 0, 0, 0)
      tailscaled-964   [003] ....   437.162075: sys_exit: NR 346 = 0
      tailscaled-964   [003] ....   437.162082: sys_enter: NR 346 (4, 30fb680, 80, 31c1, 0, 0)
      tailscaled-426   [001] ....   437.162086: sys_enter: NR 4 (5, 2c95e94, 8, 0, 0, 0)
      tailscaled-423   [002] ....   437.162099: sys_enter: NR 4 (c, 5fe2006, 32, 0, 0, 0)
      tailscaled-426   [001] ....   437.162100: sys_exit: NR 4 = 8
      tailscaled-426   [001] ....   437.162107: sys_enter: NR 240 (2c800d4, 80, 0, 0, 0, 0)
      tailscaled-422   [003] ....   437.162124: sys_exit: NR 162 = 0
      tailscaled-422   [003] ....   437.162128: sys_enter: NR 162 (2c49f60, 0, 65, 14, 0, 0)
      tailscaled-545   [003] ....   437.162135: sys_exit: NR 162 = 0
      tailscaled-545   [003] ....   437.162142: sys_enter: NR 240 (2ea90d4, 80, 0, 0, 0, 0)
      tailscaled-964   [003] ....   437.162152: sys_exit: NR 346 = 1
      tailscaled-964   [003] ....   437.162153: sys_enter: NR 3 (5, 30fb66c, 8, f73d18ed, 2, 30fb680)
      tailscaled-964   [003] ....   437.162156: __vfs_read+0x14/0x16c <-vfs_read+0x9c/0x164
      tailscaled-964   [003] ....   437.162175: <stack trace>
 => __vfs_read+0x18/0x16c
 => vfs_read+0x9c/0x164
 => ksys_read+0x74/0xe8
 => sys_read+0x18/0x1c
 => __sys_trace_return+0x0/0x1c
 => 0x30fb638
      tailscaled-964   [003] ....   437.162179: sys_exit: NR 3 = 8
      tailscaled-964   [003] ....   437.162185: sys_enter: NR 346 (4, 30fb680, 80, 0, 0, 0)
      tailscaled-964   [003] ....   437.162188: sys_exit: NR 346 = 0
