        modprobe-1303  [003] ....  2518.234134: sys_enter: NR 322 (ffffff9c, 7e86fb14, a0000, 0, 7e86fb14, 3fce8)
        modprobe-1303  [003] ....  2518.234147: ext4_file_open+0x14/0x1d8 <-do_dentry_open+0x124/0x3c8
        modprobe-1303  [003] ....  2518.234170: <stack trace>
 => ext4_file_open+0x18/0x1d8
 => do_dentry_open+0x124/0x3c8
 => vfs_open+0x3c/0x40
 => path_openat+0x2c0/0x1154
 => do_filp_open+0x84/0xec
 => do_sys_open+0x178/0x1fc
 => sys_openat+0x1c/0x20
 => __sys_trace_return+0x0/0x1c
 => 0x7e86f990
        modprobe-1303  [003] ....  2518.234179: sys_exit: NR 322 = 0
        modprobe-1303  [003] ....  2518.234224: sys_enter: NR 221 (0, 3, 2d040, 3fce8, 2d040, 3fce8)
        modprobe-1303  [003] ....  2518.234228: sys_exit: NR 221 = 131072
        modprobe-1303  [003] ....  2518.234242: sys_enter: NR 197 (0, 7e86f8d8, 7e86f8d8, 76ba4788, c8c3c0, 76c83b1c)
        modprobe-1303  [003] ....  2518.234247: sys_exit: NR 197 = 0
        modprobe-1303  [003] ....  2518.234262: sys_enter: NR 3 (0, c8c630, 1000, 0, c8c3c0, 76c83b1c)
        modprobe-1303  [003] ....  2518.234267: ext4_file_read_iter+0x10/0x64 <-__vfs_read+0x124/0x16c
        modprobe-1303  [003] ....  2518.234285: <stack trace>
 => ext4_file_read_iter+0x14/0x64
 => __vfs_read+0x124/0x16c
 => vfs_read+0x9c/0x164
 => ksys_read+0x74/0xe8
 => sys_read+0x18/0x1c
 => __sys_trace_return+0x0/0x1c
 => 0x7e86f958
        modprobe-1303  [003] ....  2518.234299: sys_exit: NR 3 = 655
        modprobe-1303  [003] ....  2518.234380: sys_enter: NR 3 (0, c8c630, 1000, 0, c8c3c0, 76c83b1c)
        modprobe-1303  [003] ....  2518.234382: ext4_file_read_iter+0x10/0x64 <-__vfs_read+0x124/0x16c
        modprobe-1303  [003] ....  2518.234397: <stack trace>
 => ext4_file_read_iter+0x14/0x64
 => __vfs_read+0x124/0x16c
 => vfs_read+0x9c/0x164
 => ksys_read+0x74/0xe8
 => sys_read+0x18/0x1c
 => __sys_trace_return+0x0/0x1c
 => 0x7e86f958
        modprobe-1303  [003] ....  2518.234401: sys_exit: NR 3 = 0
        modprobe-1303  [003] ....  2518.234409: sys_enter: NR 6 (0, 444, 76c836d8, 76ba3864, c8c3c0, 76c83b1c)
        modprobe-1303  [003] ....  2518.234410: __close_fd+0x10/0xa0 <-sys_close+0x30/0x58
        modprobe-1303  [003] ....  2518.234422: <stack trace>
 => __close_fd+0x14/0xa0
 => sys_close+0x30/0x58
 => __sys_trace_return+0x0/0x1c
 => 0x7e86f998
        modprobe-1303  [003] ....  2518.234425: sys_exit: NR 6 = 0
        modprobe-1303  [003] ....  2518.234441: sys_enter: NR 322 (ffffff9c, 7e86fb14, a0000, 0, 7e86fb14, 3fce8)
        modprobe-1303  [003] ....  2518.234454: ext4_file_open+0x14/0x1d8 <-do_dentry_open+0x124/0x3c8
        modprobe-1303  [003] ....  2518.234474: <stack trace>
 => ext4_file_open+0x18/0x1d8
 => do_dentry_open+0x124/0x3c8
 => vfs_open+0x3c/0x40
 => path_openat+0x2c0/0x1154
 => do_filp_open+0x84/0xec
 => do_sys_open+0x178/0x1fc
 => sys_openat+0x1c/0x20
 => __sys_trace_return+0x0/0x1c
 => 0x7e86f990
        modprobe-1303  [003] ....  2518.234479: sys_exit: NR 322 = 0
        modprobe-1303  [003] ....  2518.234482: sys_enter: NR 221 (0, 3, 2d040, 3fce8, 2d040, 3fce8)
        modprobe-1303  [003] ....  2518.234484: sys_exit: NR 221 = 131072
        modprobe-1303  [003] ....  2518.234489: sys_enter: NR 197 (0, 7e86f8d8, 7e86f8d8, 76ba4788, c8c3c0, 76c83b1c)
        modprobe-1303  [003] ....  2518.234494: sys_exit: NR 197 = 0
        modprobe-1303  [003] ....  2518.234498: sys_enter: NR 3 (0, c8c630, 1000, 0, c8c3c0, 76c83b1c)
        modprobe-1303  [003] ....  2518.234500: ext4_file_read_iter+0x10/0x64 <-__vfs_read+0x124/0x16c
        modprobe-1303  [003] ....  2518.234516: <stack trace>
 => ext4_file_read_iter+0x14/0x64
 => __vfs_read+0x124/0x16c
 => vfs_read+0x9c/0x164
 => ksys_read+0x74/0xe8
 => sys_read+0x18/0x1c
 => __sys_trace_return+0x0/0x1c
 => 0x7e86f958
        modprobe-1303  [003] ....  2518.234521: sys_exit: NR 3 = 20
        modprobe-1303  [003] ....  2518.234532: sys_enter: NR 3 (0, c8c630, 1000, 0, c8c3c0, 76c83b1c)
        modprobe-1303  [003] ....  2518.234535: ext4_file_read_iter+0x10/0x64 <-__vfs_read+0x124/0x16c
        modprobe-1303  [003] ....  2518.234549: <stack trace>
 => ext4_file_read_iter+0x14/0x64
 => __vfs_read+0x124/0x16c
 => vfs_read+0x9c/0x164
 => ksys_read+0x74/0xe8
 => sys_read+0x18/0x1c
 => __sys_trace_return+0x0/0x1c
 => 0x7e86f958
        modprobe-1303  [003] ....  2518.234553: sys_exit: NR 3 = 0
        modprobe-1303  [003] ....  2518.234557: sys_enter: NR 6 (0, 444, 76c836d8, 76ba3864, c8c3c0, 76c83b1c)
        modprobe-1303  [003] ....  2518.234559: __close_fd+0x10/0xa0 <-sys_close+0x30/0x58
        modprobe-1303  [003] ....  2518.234570: <stack trace>
 => __close_fd+0x14/0xa0
 => sys_close+0x30/0x58
 => __sys_trace_return+0x0/0x1c
 => 0x7e86f998
        modprobe-1303  [003] ....  2518.234573: sys_exit: NR 6 = 0
        modprobe-1303  [003] ....  2518.234586: sys_enter: NR 322 (ffffff9c, 7e86fb14, a0000, 0, 7e86fb14, 3fce8)
        modprobe-1303  [003] ....  2518.234598: ext4_file_open+0x14/0x1d8 <-do_dentry_open+0x124/0x3c8
        modprobe-1303  [003] ....  2518.234616: <stack trace>
 => ext4_file_open+0x18/0x1d8
 => do_dentry_open+0x124/0x3c8
 => vfs_open+0x3c/0x40
 => path_openat+0x2c0/0x1154
 => do_filp_open+0x84/0xec
 => do_sys_open+0x178/0x1fc
 => sys_openat+0x1c/0x20
 => __sys_trace_return+0x0/0x1c
 => 0x7e86f990
        modprobe-1303  [003] ....  2518.234621: sys_exit: NR 322 = 0
        modprobe-1303  [003] ....  2518.234624: sys_enter: NR 221 (0, 3, 2d040, 3fce8, 2d040, 3fce8)
        modprobe-1303  [003] ....  2518.234626: sys_exit: NR 221 = 131072
        modprobe-1303  [003] ....  2518.234630: sys_enter: NR 197 (0, 7e86f8d8, 7e86f8d8, 76ba4788, c8c3c0, 76c83b1c)
        modprobe-1303  [003] ....  2518.234636: sys_exit: NR 197 = 0
        modprobe-1303  [003] ....  2518.234640: sys_enter: NR 3 (0, c8c630, 1000, 0, c8c3c0, 76c83b1c)
        modprobe-1303  [003] ....  2518.234642: ext4_file_read_iter+0x10/0x64 <-__vfs_read+0x124/0x16c
        modprobe-1303  [003] ....  2518.234657: <stack trace>
 => ext4_file_read_iter+0x14/0x64
 => __vfs_read+0x124/0x16c
 => vfs_read+0x9c/0x164
 => ksys_read+0x74/0xe8
 => sys_read+0x18/0x1c
 => __sys_trace_return+0x0/0x1c
 => 0x7e86f958
        modprobe-1303  [003] ....  2518.234663: sys_exit: NR 3 = 19
        modprobe-1303  [003] ....  2518.234673: sys_enter: NR 3 (0, c8c630, 1000, 0, c8c3c0, 76c83b1c)
        modprobe-1303  [003] ....  2518.234675: ext4_file_read_iter+0x10/0x64 <-__vfs_read+0x124/0x16c
        modprobe-1303  [003] ....  2518.234690: <stack trace>
 => ext4_file_read_iter+0x14/0x64
 => __vfs_read+0x124/0x16c
 => vfs_read+0x9c/0x164
 => ksys_read+0x74/0xe8
 => sys_read+0x18/0x1c
 => __sys_trace_return+0x0/0x1c
 => 0x7e86f958
        modprobe-1303  [003] ....  2518.234693: sys_exit: NR 3 = 0
        modprobe-1303  [003] ....  2518.234697: sys_enter: NR 6 (0, 444, 76c836d8, 76ba3864, c8c3c0, 76c83b1c)
        modprobe-1303  [003] ....  2518.234699: __close_fd+0x10/0xa0 <-sys_close+0x30/0x58
        modprobe-1303  [003] ....  2518.234711: <stack trace>
 => __close_fd+0x14/0xa0
 => sys_close+0x30/0x58
 => __sys_trace_return+0x0/0x1c
 => 0x7e86f998
        modprobe-1303  [003] ....  2518.234714: sys_exit: NR 6 = 0
        modprobe-1303  [003] ....  2518.234726: sys_enter: NR 322 (ffffff9c, 7e86fb14, a0000, 0, 7e86fb14, 3fce8)
        modprobe-1303  [003] ....  2518.234738: ext4_file_open+0x14/0x1d8 <-do_dentry_open+0x124/0x3c8
        modprobe-1303  [003] ....  2518.234756: <stack trace>
 => ext4_file_open+0x18/0x1d8
 => do_dentry_open+0x124/0x3c8
 => vfs_open+0x3c/0x40
 => path_openat+0x2c0/0x1154
 => do_filp_open+0x84/0xec
 => do_sys_open+0x178/0x1fc
 => sys_openat+0x1c/0x20
 => __sys_trace_return+0x0/0x1c
 => 0x7e86f990
        modprobe-1303  [003] ....  2518.234761: sys_exit: NR 322 = 0
        modprobe-1303  [003] ....  2518.234764: sys_enter: NR 221 (0, 3, 2d040, 3fce8, 2d040, 3fce8)
        modprobe-1303  [003] ....  2518.234766: sys_exit: NR 221 = 131072
        modprobe-1303  [003] ....  2518.234770: sys_enter: NR 197 (0, 7e86f8d8, 7e86f8d8, 76ba4788, c8c3c0, 76c83b1c)
        modprobe-1303  [003] ....  2518.234775: sys_exit: NR 197 = 0
        modprobe-1303  [003] ....  2518.234779: sys_enter: NR 3 (0, c8c630, 1000, 0, c8c3c0, 76c83b1c)
        modprobe-1303  [003] ....  2518.234781: ext4_file_read_iter+0x10/0x64 <-__vfs_read+0x124/0x16c
        modprobe-1303  [003] ....  2518.234797: <stack trace>
 => ext4_file_read_iter+0x14/0x64
 => __vfs_read+0x124/0x16c
 => vfs_read+0x9c/0x164
 => ksys_read+0x74/0xe8
 => sys_read+0x18/0x1c
 => __sys_trace_return+0x0/0x1c
 => 0x7e86f958
        modprobe-1303  [003] ....  2518.234803: sys_exit: NR 3 = 390
        modprobe-1303  [003] ....  2518.234897: sys_enter: NR 3 (0, c8c630, 1000, 0, c8c3c0, 76c83b1c)
        modprobe-1303  [003] ....  2518.234899: ext4_file_read_iter+0x10/0x64 <-__vfs_read+0x124/0x16c
        modprobe-1303  [003] ....  2518.234914: <stack trace>
 => ext4_file_read_iter+0x14/0x64
 => __vfs_read+0x124/0x16c
 => vfs_read+0x9c/0x164
 => ksys_read+0x74/0xe8
 => sys_read+0x18/0x1c
 => __sys_trace_return+0x0/0x1c
 => 0x7e86f958
        modprobe-1303  [003] ....  2518.234918: sys_exit: NR 3 = 0
        modprobe-1303  [003] ....  2518.234922: sys_enter: NR 6 (0, 444, 76c836d8, 76ba3864, c8c3c0, 76c83b1c)
        modprobe-1303  [003] ....  2518.234924: __close_fd+0x10/0xa0 <-sys_close+0x30/0x58
        modprobe-1303  [003] ....  2518.234935: <stack trace>
 => __close_fd+0x14/0xa0
 => sys_close+0x30/0x58
 => __sys_trace_return+0x0/0x1c
 => 0x7e86f998
        modprobe-1303  [003] ....  2518.234939: sys_exit: NR 6 = 0
        modprobe-1303  [003] ....  2518.234951: sys_enter: NR 322 (ffffff9c, 7e86fb14, a0000, 0, 7e86fb14, 3fce8)
        modprobe-1303  [003] ....  2518.234966: ext4_file_open+0x14/0x1d8 <-do_dentry_open+0x124/0x3c8
        modprobe-1303  [003] ....  2518.234984: <stack trace>
 => ext4_file_open+0x18/0x1d8
 => do_dentry_open+0x124/0x3c8
 => vfs_open+0x3c/0x40
 => path_openat+0x2c0/0x1154
 => do_filp_open+0x84/0xec
 => do_sys_open+0x178/0x1fc
 => sys_openat+0x1c/0x20
 => __sys_trace_return+0x0/0x1c
 => 0x7e86f990
        modprobe-1303  [003] ....  2518.234989: sys_exit: NR 322 = 0
        modprobe-1303  [003] ....  2518.234992: sys_enter: NR 221 (0, 3, 2d040, 3fce8, 2d040, 3fce8)
        modprobe-1303  [003] ....  2518.234994: sys_exit: NR 221 = 131072
        modprobe-1303  [003] ....  2518.234998: sys_enter: NR 197 (0, 7e86f8d8, 7e86f8d8, 76ba4788, c8c3c0, 76c83b1c)
        modprobe-1303  [003] ....  2518.235003: sys_exit: NR 197 = 0
        modprobe-1303  [003] ....  2518.235007: sys_enter: NR 3 (0, c8c630, 1000, 0, c8c3c0, 76c83b1c)
        modprobe-1303  [003] ....  2518.235009: ext4_file_read_iter+0x10/0x64 <-__vfs_read+0x124/0x16c
        modprobe-1303  [003] ....  2518.235024: <stack trace>
 => ext4_file_read_iter+0x14/0x64
 => __vfs_read+0x124/0x16c
 => vfs_read+0x9c/0x164
 => ksys_read+0x74/0xe8
 => sys_read+0x18/0x1c
 => __sys_trace_return+0x0/0x1c
 => 0x7e86f958
        modprobe-1303  [003] ....  2518.235031: sys_exit: NR 3 = 379
        modprobe-1303  [003] ....  2518.235137: sys_enter: NR 3 (0, c8c630, 1000, 0, c8c3c0, 76c83b1c)
        modprobe-1303  [003] ....  2518.235139: ext4_file_read_iter+0x10/0x64 <-__vfs_read+0x124/0x16c
        modprobe-1303  [003] ....  2518.235154: <stack trace>
 => ext4_file_read_iter+0x14/0x64
 => __vfs_read+0x124/0x16c
 => vfs_read+0x9c/0x164
 => ksys_read+0x74/0xe8
 => sys_read+0x18/0x1c
 => __sys_trace_return+0x0/0x1c
 => 0x7e86f958
        modprobe-1303  [003] ....  2518.235158: sys_exit: NR 3 = 0
        modprobe-1303  [003] ....  2518.235162: sys_enter: NR 6 (0, 444, 76c836d8, 76ba3864, c8c3c0, 76c83b1c)
        modprobe-1303  [003] ....  2518.235163: __close_fd+0x10/0xa0 <-sys_close+0x30/0x58
        modprobe-1303  [003] ....  2518.235175: <stack trace>
 => __close_fd+0x14/0xa0
 => sys_close+0x30/0x58
 => __sys_trace_return+0x0/0x1c
 => 0x7e86f998
        modprobe-1303  [003] ....  2518.235178: sys_exit: NR 6 = 0
        modprobe-1303  [003] ....  2518.235190: sys_enter: NR 322 (ffffff9c, 7e86fb14, a0000, 0, 7e86fb14, 3fce8)
        modprobe-1303  [003] ....  2518.235201: ext4_file_open+0x14/0x1d8 <-do_dentry_open+0x124/0x3c8
        modprobe-1303  [003] ....  2518.235219: <stack trace>
 => ext4_file_open+0x18/0x1d8
 => do_dentry_open+0x124/0x3c8
 => vfs_open+0x3c/0x40
 => path_openat+0x2c0/0x1154
 => do_filp_open+0x84/0xec
 => do_sys_open+0x178/0x1fc
 => sys_openat+0x1c/0x20
 => __sys_trace_return+0x0/0x1c
 => 0x7e86f990
        modprobe-1303  [003] ....  2518.235225: sys_exit: NR 322 = 0
        modprobe-1303  [003] ....  2518.235227: sys_enter: NR 221 (0, 3, 2d040, 3fce8, 2d040, 3fce8)
        modprobe-1303  [003] ....  2518.235230: sys_exit: NR 221 = 131072
        modprobe-1303  [003] ....  2518.235234: sys_enter: NR 197 (0, 7e86f8d8, 7e86f8d8, 76ba4788, c8c3c0, 76c83b1c)
        modprobe-1303  [003] ....  2518.235239: sys_exit: NR 197 = 0
        modprobe-1303  [003] ....  2518.235242: sys_enter: NR 3 (0, c8c630, 1000, 0, c8c3c0, 76c83b1c)
        modprobe-1303  [003] ....  2518.235245: ext4_file_read_iter+0x10/0x64 <-__vfs_read+0x124/0x16c
        modprobe-1303  [003] ....  2518.235260: <stack trace>
 => ext4_file_read_iter+0x14/0x64
 => __vfs_read+0x124/0x16c
 => vfs_read+0x9c/0x164
 => ksys_read+0x74/0xe8
 => sys_read+0x18/0x1c
 => __sys_trace_return+0x0/0x1c
 => 0x7e86f958
        modprobe-1303  [003] ....  2518.235264: sys_exit: NR 3 = 0
        modprobe-1303  [003] ....  2518.235269: sys_enter: NR 6 (0, 444, 76c836d8, 76ba3864, c8c3c0, 76c83b1c)
        modprobe-1303  [003] ....  2518.235270: __close_fd+0x10/0xa0 <-sys_close+0x30/0x58
        modprobe-1303  [003] ....  2518.235282: <stack trace>
 => __close_fd+0x14/0xa0
 => sys_close+0x30/0x58
 => __sys_trace_return+0x0/0x1c
 => 0x7e86f998
        modprobe-1303  [003] ....  2518.235285: sys_exit: NR 6 = 0
        modprobe-1303  [003] ....  2518.235296: sys_enter: NR 322 (ffffff9c, 7e86fb14, a0000, 0, 7e86fb14, 3fce8)
        modprobe-1303  [003] ....  2518.235308: ext4_file_open+0x14/0x1d8 <-do_dentry_open+0x124/0x3c8
        modprobe-1303  [003] ....  2518.235325: <stack trace>
 => ext4_file_open+0x18/0x1d8
 => do_dentry_open+0x124/0x3c8
 => vfs_open+0x3c/0x40
 => path_openat+0x2c0/0x1154
 => do_filp_open+0x84/0xec
 => do_sys_open+0x178/0x1fc
 => sys_openat+0x1c/0x20
 => __sys_trace_return+0x0/0x1c
 => 0x7e86f990
        modprobe-1303  [003] ....  2518.235331: sys_exit: NR 322 = 0
        modprobe-1303  [003] ....  2518.235333: sys_enter: NR 221 (0, 3, 2d040, 3fce8, 2d040, 3fce8)
        modprobe-1303  [003] ....  2518.235335: sys_exit: NR 221 = 131072
        modprobe-1303  [003] ....  2518.235340: sys_enter: NR 197 (0, 7e86f8d8, 7e86f8d8, 76ba4788, c8c3c0, 76c83b1c)
        modprobe-1303  [003] ....  2518.235345: sys_exit: NR 197 = 0
        modprobe-1303  [003] ....  2518.235348: sys_enter: NR 3 (0, c8c630, 1000, 0, c8c3c0, 76c83b1c)
        modprobe-1303  [003] ....  2518.235351: ext4_file_read_iter+0x10/0x64 <-__vfs_read+0x124/0x16c
        modprobe-1303  [003] ....  2518.235366: <stack trace>
 => ext4_file_read_iter+0x14/0x64
 => __vfs_read+0x124/0x16c
 => vfs_read+0x9c/0x164
 => ksys_read+0x74/0xe8
 => sys_read+0x18/0x1c
 => __sys_trace_return+0x0/0x1c
 => 0x7e86f958
        modprobe-1303  [003] ....  2518.235373: sys_exit: NR 3 = 765
        modprobe-1303  [003] ....  2518.235411: sys_enter: NR 3 (0, c8c630, 1000, 0, c8c3c0, 76c83b1c)
        modprobe-1303  [003] ....  2518.235414: ext4_file_read_iter+0x10/0x64 <-__vfs_read+0x124/0x16c
        modprobe-1303  [003] ....  2518.235431: <stack trace>
 => ext4_file_read_iter+0x14/0x64
 => __vfs_read+0x124/0x16c
 => vfs_read+0x9c/0x164
 => ksys_read+0x74/0xe8
 => sys_read+0x18/0x1c
 => __sys_trace_return+0x0/0x1c
 => 0x7e86f958
        modprobe-1303  [003] ....  2518.235435: sys_exit: NR 3 = 0
        modprobe-1303  [003] ....  2518.235439: sys_enter: NR 6 (0, 444, 76c836d8, 76ba3864, c8c3c0, 76c83b1c)
        modprobe-1303  [003] ....  2518.235440: __close_fd+0x10/0xa0 <-sys_close+0x30/0x58
        modprobe-1303  [003] ....  2518.235452: <stack trace>
 => __close_fd+0x14/0xa0
 => sys_close+0x30/0x58
 => __sys_trace_return+0x0/0x1c
 => 0x7e86f998
        modprobe-1303  [003] ....  2518.235455: sys_exit: NR 6 = 0
        modprobe-1303  [003] ....  2518.235464: sys_enter: NR 322 (ffffff9c, 2e5a0, a0000, 0, 7e86fb18, 3fce8)
        modprobe-1303  [003] ....  2518.235490: sys_exit: NR 322 = 0
        modprobe-1303  [003] ....  2518.235493: sys_enter: NR 3 (0, 7e86fb14, fff, 0, fff, 0)
        modprobe-1303  [003] ....  2518.235509: sys_exit: NR 3 = 341
        modprobe-1303  [003] ....  2518.235511: sys_enter: NR 3 (0, 7e86fc69, eaa, 0, eaa, 155)
        modprobe-1303  [003] ....  2518.235513: sys_exit: NR 3 = 0
        modprobe-1303  [003] ....  2518.235516: sys_enter: NR 6 (0, 7e86fc69, 6c, 0, 0, 7e86fb14)
        modprobe-1303  [003] ....  2518.235518: __close_fd+0x10/0xa0 <-sys_close+0x30/0x58
        modprobe-1303  [003] ....  2518.235530: <stack trace>
 => __close_fd+0x14/0xa0
 => sys_close+0x30/0x58
 => __sys_trace_return+0x0/0x1c
 => 0x7e86f9b8
        modprobe-1303  [003] ....  2518.235533: sys_exit: NR 6 = 0
        modprobe-1303  [003] ....  2518.235586: sys_enter: NR 322 (ffffff9c, 7e86fb54, a0000, 0, c8d3a8, 3fce8)
        modprobe-1303  [003] ....  2518.235602: ext4_file_open+0x14/0x1d8 <-do_dentry_open+0x124/0x3c8
        modprobe-1303  [003] ....  2518.235619: <stack trace>
 => ext4_file_open+0x18/0x1d8
 => do_dentry_open+0x124/0x3c8
 => vfs_open+0x3c/0x40
 => path_openat+0x2c0/0x1154
 => do_filp_open+0x84/0xec
 => do_sys_open+0x178/0x1fc
 => sys_openat+0x1c/0x20
 => __sys_trace_return+0x0/0x1c
 => 0x7e86fa58
        modprobe-1303  [003] ....  2518.235625: sys_exit: NR 322 = 0
        modprobe-1303  [003] ....  2518.235628: sys_enter: NR 197 (0, 7e86faa8, 7e86faa8, 6b6d500, c8d3a8, 0)
        modprobe-1303  [003] ....  2518.235633: sys_exit: NR 197 = 0
        modprobe-1303  [003] ....  2518.235636: sys_enter: NR 192 (0, 3ef0e, 1, 2, 0, 0)
        modprobe-1303  [003] ....  2518.235661: sys_exit: NR 192 = 1990979584
        modprobe-1303  [003] ....  2518.235686: sys_enter: NR 6 (0, ed, 6c, 0, c8d3a8, 0)
        modprobe-1303  [003] ....  2518.235688: __close_fd+0x10/0xa0 <-sys_close+0x30/0x58
        modprobe-1303  [003] ....  2518.235700: <stack trace>
 => __close_fd+0x14/0xa0
 => sys_close+0x30/0x58
 => __sys_trace_return+0x0/0x1c
 => 0x7e86fa80
        modprobe-1303  [003] ....  2518.235703: sys_exit: NR 6 = 0
        modprobe-1303  [003] ....  2518.235712: sys_enter: NR 322 (ffffff9c, 7e86fb54, a0000, 0, c8d3c0, 3fce8)
        modprobe-1303  [003] ....  2518.235724: ext4_file_open+0x14/0x1d8 <-do_dentry_open+0x124/0x3c8
        modprobe-1303  [003] ....  2518.235742: <stack trace>
 => ext4_file_open+0x18/0x1d8
 => do_dentry_open+0x124/0x3c8
 => vfs_open+0x3c/0x40
 => path_openat+0x2c0/0x1154
 => do_filp_open+0x84/0xec
 => do_sys_open+0x178/0x1fc
 => sys_openat+0x1c/0x20
 => __sys_trace_return+0x0/0x1c
 => 0x7e86fa58
        modprobe-1303  [003] ....  2518.235747: sys_exit: NR 322 = 0
        modprobe-1303  [003] ....  2518.235749: sys_enter: NR 197 (0, 7e86faa8, 7e86faa8, 6b6d500, c8d3c0, 0)
        modprobe-1303  [003] ....  2518.235754: sys_exit: NR 197 = 0
        modprobe-1303  [003] ....  2518.235756: sys_enter: NR 192 (0, 88574, 1, 2, 0, 0)
        modprobe-1303  [003] ....  2518.235767: sys_exit: NR 192 = 1990418432
        modprobe-1303  [003] ....  2518.235791: sys_enter: NR 6 (0, 84, 6c, 0, c8d3c0, 0)
        modprobe-1303  [003] ....  2518.235793: __close_fd+0x10/0xa0 <-sys_close+0x30/0x58
        modprobe-1303  [003] ....  2518.235806: <stack trace>
 => __close_fd+0x14/0xa0
 => sys_close+0x30/0x58
 => __sys_trace_return+0x0/0x1c
 => 0x7e86fa80
        modprobe-1303  [003] ....  2518.235809: sys_exit: NR 6 = 0
        modprobe-1303  [003] ....  2518.235819: sys_enter: NR 322 (ffffff9c, 7e86fb54, a0000, 0, c8d3d8, 3fce8)
        modprobe-1303  [003] ....  2518.235832: ext4_file_open+0x14/0x1d8 <-do_dentry_open+0x124/0x3c8
        modprobe-1303  [003] ....  2518.235850: <stack trace>
 => ext4_file_open+0x18/0x1d8
 => do_dentry_open+0x124/0x3c8
 => vfs_open+0x3c/0x40
 => path_openat+0x2c0/0x1154
 => do_filp_open+0x84/0xec
 => do_sys_open+0x178/0x1fc
 => sys_openat+0x1c/0x20
 => __sys_trace_return+0x0/0x1c
 => 0x7e86fa58
        modprobe-1303  [003] ....  2518.235858: sys_exit: NR 322 = 0
        modprobe-1303  [003] ....  2518.235860: sys_enter: NR 197 (0, 7e86faa8, 7e86faa8, 6b6d500, c8d3d8, 0)
        modprobe-1303  [003] ....  2518.235865: sys_exit: NR 197 = 0
        modprobe-1303  [003] ....  2518.235868: sys_enter: NR 192 (0, 45ae9, 1, 2, 0, 0)
        modprobe-1303  [003] ....  2518.235879: sys_exit: NR 192 = 1990131712
        modprobe-1303  [003] ....  2518.235915: sys_enter: NR 6 (0, 5a, 6c, 0, c8d3d8, 0)
        modprobe-1303  [003] ....  2518.235916: __close_fd+0x10/0xa0 <-sys_close+0x30/0x58
        modprobe-1303  [003] ....  2518.235929: <stack trace>
 => __close_fd+0x14/0xa0
 => sys_close+0x30/0x58
 => __sys_trace_return+0x0/0x1c
 => 0x7e86fa80
        modprobe-1303  [003] ....  2518.235932: sys_exit: NR 6 = 0
        modprobe-1303  [003] ....  2518.235941: sys_enter: NR 322 (ffffff9c, 7e86fb54, a0000, 0, c8d3f0, 3fce8)
        modprobe-1303  [003] ....  2518.235955: ext4_file_open+0x14/0x1d8 <-do_dentry_open+0x124/0x3c8
        modprobe-1303  [003] ....  2518.235973: <stack trace>
 => ext4_file_open+0x18/0x1d8
 => do_dentry_open+0x124/0x3c8
 => vfs_open+0x3c/0x40
 => path_openat+0x2c0/0x1154
 => do_filp_open+0x84/0xec
 => do_sys_open+0x178/0x1fc
 => sys_openat+0x1c/0x20
 => __sys_trace_return+0x0/0x1c
 => 0x7e86fa58
        modprobe-1303  [003] ....  2518.235978: sys_exit: NR 322 = 0
        modprobe-1303  [003] ....  2518.235980: sys_enter: NR 197 (0, 7e86faa8, 7e86faa8, 6b6d500, c8d3f0, 0)
        modprobe-1303  [003] ....  2518.235986: sys_exit: NR 197 = 0
        modprobe-1303  [003] ....  2518.235988: sys_enter: NR 192 (0, 31ee, 1, 2, 0, 0)
        modprobe-1303  [003] ....  2518.236001: sys_exit: NR 192 = 1995563008
        modprobe-1303  [003] ....  2518.236014: sys_enter: NR 6 (0, 30, 6c, 0, c8d3f0, 0)
        modprobe-1303  [003] ....  2518.236016: __close_fd+0x10/0xa0 <-sys_close+0x30/0x58
        modprobe-1303  [003] ....  2518.236027: <stack trace>
 => __close_fd+0x14/0xa0
 => sys_close+0x30/0x58
 => __sys_trace_return+0x0/0x1c
 => 0x7e86fa80
        modprobe-1303  [003] ....  2518.236030: sys_exit: NR 6 = 0
        modprobe-1303  [003] ....  2518.236196: sys_enter: NR 91 (76abf000, 3ef0e, 128, c8d3a8, c8d3a8, ff373e70)
        modprobe-1303  [003] ....  2518.236308: sys_exit: NR 91 = 0
        modprobe-1303  [003] ....  2518.236317: sys_enter: NR 91 (76a36000, 88574, 6b6d500, c8d3c0, c8d3c0, ff373e70)
        modprobe-1303  [003] ....  2518.236368: sys_exit: NR 91 = 0
        modprobe-1303  [003] ....  2518.236376: sys_enter: NR 91 (769f0000, 45ae9, 6b6d500, c8d3d8, c8d3d8, ff373e70)
        modprobe-1303  [003] ....  2518.236406: sys_exit: NR 91 = 0
        modprobe-1303  [003] ....  2518.236413: sys_enter: NR 91 (76f1e000, 31ee, 6b6d500, c8d3f0, c8d3f0, ff373e70)
        modprobe-1303  [003] ....  2518.236427: sys_exit: NR 91 = 0
        modprobe-1303  [003] ....  2518.236653: sys_enter: NR 248 (1, 0, 1, 6b6d500, 76c836d8, 76c836d8)
          <idle>-0     [001] d...  2518.237409: sched_switch: prev_comm=swapper/1 prev_pid=0 prev_prio=120 prev_state=R ==> next_comm=kworker/u8:1 next_pid=1243 next_prio=120
        modprobe-1303  [003] d...  2518.237451: sched_switch: prev_comm=modprobe prev_pid=1303 prev_prio=120 prev_state=X ==> next_comm=brcmf_wdog/mmc1 next_pid=262 next_prio=120
 brcmf_wdog/mmc1-262   [003] d...  2518.237511: sched_switch: prev_comm=brcmf_wdog/mmc1 prev_pid=262 prev_prio=120 prev_state=S ==> next_comm=lxterminal next_pid=1128 next_prio=120
    kworker/u8:1-1243  [001] d...  2518.237555: sched_switch: prev_comm=kworker/u8:1 prev_pid=1243 prev_prio=120 prev_state=I ==> next_comm=sudo next_pid=1289 next_prio=120
      lxterminal-1128  [003] ....  2518.237555: sys_enter: NR 297 (3, 7ec3b664, 0, 0, 0, 7ec3b664)
      lxterminal-1128  [003] ....  2518.237576: sys_exit: NR 297 = -11
            sudo-1289  [001] ....  2518.237582: sys_exit: NR 281 = -93
      lxterminal-1128  [003] ....  2518.237620: sys_enter: NR 168 (e1798, 5, 9, 0, 9, 5)
            Xorg-546   [000] ....  2518.237667: sys_enter: NR 306 (6f880000, 1801eef, c84b70, 0, fe6a60, 1fc000)
      lxterminal-1128  [003] d...  2518.237703: sched_switch: prev_comm=lxterminal prev_pid=1128 prev_prio=120 prev_state=S ==> next_comm=swapper/3 next_pid=0 next_prio=120
            Xorg-546   [000] ....  2518.237736: sys_exit: NR 306 = 0
            sudo-1289  [001] ....  2518.237761: sys_enter: NR 91 (766e9000, 271f8, 0, 766e9000, 57aa20, 7e90ed00)
            Xorg-546   [000] ....  2518.237813: sys_enter: NR 305 (24b8005, 0, 0, 0, fe6a60, f8afe4)
            sudo-1289  [001] ....  2518.237825: sys_exit: NR 91 = 0
            sudo-1289  [001] ....  2518.237839: sys_enter: NR 91 (76685000, 2370c, 0, 76685000, 585a50, 7e90ed02)
            Xorg-546   [000] ....  2518.237872: sys_exit: NR 305 = 1871183872
            Xorg-546   [000] ....  2518.237876: sys_enter: NR 308 (24b8005, 102, 7eba0b30, 0, fe6a60, f8afe4)
            Xorg-546   [000] ....  2518.237887: sys_exit: NR 308 = 0
            Xorg-546   [000] ....  2518.237894: sys_enter: NR 295 (1c, 1, 11, 7eba0af8, 7eba0af4, f96180)
            sudo-1289  [001] ....  2518.237897: sys_exit: NR 91 = 0
            Xorg-546   [000] ....  2518.237901: sys_exit: NR 295 = 0
            sudo-1289  [001] ....  2518.237941: sys_enter: NR 91 (76eeb000, 1102c, 0, 76eeb000, 585fd8, 7e90ed09)
            sudo-1289  [001] ....  2518.237987: sys_exit: NR 91 = 0
            sudo-1289  [001] ....  2518.238030: sys_enter: NR 91 (76673000, 1103c, 0, 76673000, 586470, 7e90ed09)
            sudo-1289  [001] ....  2518.238074: sys_exit: NR 91 = 0
            sudo-1289  [001] ....  2518.238195: sys_enter: NR 91 (76626000, 4cd28, 1, 76626000, 5814b0, 7e90ed09)
            sudo-1289  [001] ....  2518.238270: sys_exit: NR 91 = 0
            sudo-1289  [001] ....  2518.238283: sys_enter: NR 91 (765ff000, 120d8, 0, 765ff000, 581790, 7e90ed0a)
            sudo-1289  [001] ....  2518.238323: sys_exit: NR 91 = 0
            Xorg-546   [000] ....  2518.238342: setup_return+0x134/0x19c: [+] handler:0x1aec98, sig:14 
            Xorg-546   [000] ....  2518.238351: sys_enter: NR 119 (e, 212b80, 5, 2684, 6e6836fe, 472)
            Xorg-546   [000] ....  2518.238358: sys_exit: NR 119 = 739
            sudo-1289  [001] ....  2518.238370: sys_enter: NR 91 (76614000, 11068, 0, 76614000, 582228, 7e90ed09)
            sudo-1289  [001] ....  2518.238413: sys_exit: NR 91 = 0
            sudo-1289  [001] ....  2518.238425: sys_enter: NR 91 (766a9000, 3f170, 0, 766a9000, 5857c8, 7e90ed0a)
            sudo-1289  [001] ....  2518.238484: sys_exit: NR 91 = 0
            sudo-1289  [001] ....  2518.238911: sys_enter: NR 248 (0, 0, 0, 408dcc00, 76e036d8, 76e036d8)
            Xorg-546   [000] ....  2518.239376: sys_enter: NR 146 (12, 7eba0a3c, 1, 0, 1, 7eba0a3c)
            Xorg-546   [000] .n..  2518.239445: sys_exit: NR 146 = 32
            Xorg-546   [000] d...  2518.239464: sched_switch: prev_comm=Xorg prev_pid=546 prev_prio=120 prev_state=R ==> next_comm=vncagent next_pid=550 next_prio=120
        vncagent-550   [000] ....  2518.239496: sys_exit: NR 142 = 1
        vncagent-550   [000] ....  2518.239529: sys_enter: NR 297 (3, 7ef1462c, 0, 0, 19087a0, 1)
        vncagent-550   [000] ....  2518.239554: sys_exit: NR 297 = 32
        vncagent-550   [000] ....  2518.239579: sys_enter: NR 297 (3, 7ef1462c, 0, 0, 19087a0, 1)
        vncagent-550   [000] ....  2518.239584: sys_exit: NR 297 = -11
        vncagent-550   [000] ....  2518.239590: sys_enter: NR 297 (3, 7ef1464c, 0, 0, 19087a0, 7ef14724)
        vncagent-550   [000] ....  2518.239594: sys_exit: NR 297 = -11
        vncagent-550   [000] ....  2518.239628: sys_enter: NR 297 (3, 7ef1462c, 0, 0, 19087a0, 1)
        vncagent-550   [000] ....  2518.239632: sys_exit: NR 297 = -11
        vncagent-550   [000] ....  2518.239635: sys_enter: NR 297 (3, 7ef1464c, 0, 0, 19087a0, 7ef14724)
        vncagent-550   [000] ....  2518.239638: sys_exit: NR 297 = -11
        vncagent-550   [000] ....  2518.239646: sys_enter: NR 142 (e, 7ef14630, 7ef146b0, 7ef14730, 7ef14628, 7ef146ac)
        vncagent-550   [000] d...  2518.239683: sched_switch: prev_comm=vncagent prev_pid=550 prev_prio=120 prev_state=S ==> next_comm=Xorg next_pid=546 next_prio=120
            Xorg-546   [000] ....  2518.239843: sys_enter: NR 252 (3, 7eb9fbe0, 100, 0, 0, 100)
            Xorg-546   [000] ....  2518.239849: sys_exit: NR 252 = 0
            Xorg-546   [000] ....  2518.239887: sys_enter: NR 91 (6e64f000, d7000, 76a2727c, 586000, c174e0, c178e0)
            Xorg-546   [000] ....  2518.240235: sys_exit: NR 91 = 0
            Xorg-546   [000] ....  2518.240249: sys_enter: NR 297 (1c, 7eba09cc, 0, 0, 0, 7eba09cc)
            Xorg-546   [000] ....  2518.240256: sys_exit: NR 297 = -11
            Xorg-546   [000] ....  2518.240261: sys_enter: NR 104 (0, 7eba0be4, 0, 0, 76f8d968, 212b8c)
            Xorg-546   [000] ....  2518.240268: sys_exit: NR 104 = 0
            Xorg-546   [000] ....  2518.240273: sys_enter: NR 252 (3, 7eb9fbe0, 100, 1b255, 1b255, 100)
            Xorg-546   [000] d...  2518.240326: sched_switch: prev_comm=Xorg prev_pid=546 prev_prio=120 prev_state=S ==> next_comm=swapper/0 next_pid=0 next_prio=120
            sudo-1289  [001] d...  2518.240331: sched_switch: prev_comm=sudo prev_pid=1289 prev_prio=120 prev_state=Z ==> next_comm=swapper/1 next_pid=0 next_prio=120
          <idle>-0     [003] d...  2518.240342: sched_switch: prev_comm=swapper/3 prev_pid=0 prev_prio=120 prev_state=R ==> next_comm=bash next_pid=1138 next_prio=120
            bash-1138  [003] ....  2518.240462: sys_exit: NR 114 = 1289
            bash-1138  [003] ....  2518.240483: sys_enter: NR 175 (0, 7efa6464, 7efa64e4, 8, fcef8, 7efa64e4)
            bash-1138  [003] ....  2518.240490: sys_exit: NR 175 = 0
            bash-1138  [003] ....  2518.240493: sys_enter: NR 54 (ff, 5410, 7efa6454, 0, fcef8, fd744)
            bash-1138  [003] ....  2518.240503: sys_exit: NR 54 = 0
            bash-1138  [003] ....  2518.240506: sys_enter: NR 175 (2, 7efa64e4, 0, 8, fcef8, 0)
            bash-1138  [003] ....  2518.240509: sys_exit: NR 175 = 0
            bash-1138  [003] ....  2518.240513: sys_enter: NR 54 (ff, 5401, 7efa6538, 102ff0, fcef8, 0)
            bash-1138  [003] ....  2518.240521: sys_exit: NR 54 = 0
            bash-1138  [003] ....  2518.240525: sys_enter: NR 54 (ff, 5413, 7efa6554, 3a58a600, fcef8, 0)
            bash-1138  [003] ....  2518.240528: sys_exit: NR 54 = 0
            bash-1138  [003] ....  2518.240595: sys_enter: NR 175 (2, 7efa660c, 0, 8, fcef8, 0)
            bash-1138  [003] ....  2518.240598: sys_exit: NR 175 = 0
            bash-1138  [003] ....  2518.240623: setup_return+0x134/0x19c: [+] handler:0x55a6c, sig:17 
            bash-1138  [003] ....  2518.240630: sys_enter: NR 114 (ffffffff, 7efa619c, b, 0, b, fd744)
            bash-1138  [003] ....  2518.240634: sys_exit: NR 114 = -10
            bash-1138  [003] ....  2518.240644: sys_enter: NR 119 (ffffffff, 7efa619c, 3a58a600, 3a58a600, fcef8, 0)
            bash-1138  [003] ....  2518.240650: sys_exit: NR 119 = 0
            bash-1138  [003] ....  2518.240679: sys_enter: NR 174 (2, 7efa652c, 7efa65b8, 8, 7efa66f0, 7efa6664)
            bash-1138  [003] ....  2518.240684: sys_exit: NR 174 = 0
            bash-1138  [003] ....  2518.241025: sys_enter: NR 175 (0, 7efa5d5c, 7efa5ddc, 8, fcef8, 7efa5ddc)
            bash-1138  [003] ....  2518.241030: sys_exit: NR 175 = 0
            bash-1138  [003] ....  2518.241032: sys_enter: NR 54 (ff, 5410, 7efa5d4c, 0, fcef8, fd744)
            bash-1138  [003] ....  2518.241037: sys_exit: NR 54 = 0
            bash-1138  [003] ....  2518.241039: sys_enter: NR 175 (2, 7efa5ddc, 0, 8, fcef8, 0)
            bash-1138  [003] ....  2518.241042: sys_exit: NR 175 = 0
            bash-1138  [003] ....  2518.241045: sys_enter: NR 174 (2, 7efa5c0c, 7efa5c98, 8, 7efa5dd0, 7efa5d44)
            bash-1138  [003] ....  2518.241048: sys_exit: NR 174 = 0
            bash-1138  [003] ....  2518.241053: sys_enter: NR 221 (0, 3, 0, fcef8, fcef8, 1)
            bash-1138  [003] ....  2518.241057: sys_exit: NR 221 = 131074
          <idle>-0     [000] d...  2518.241727: sched_switch: prev_comm=swapper/0 prev_pid=0 prev_prio=120 prev_state=R ==> next_comm=vncagent next_pid=550 next_prio=120
        vncagent-550   [000] ....  2518.241746: sys_exit: NR 142 = 0
            bash-1138  [003] ....  2518.241771: sys_enter: NR 54 (0, 5413, 7efa5dd4, 3a58a600, fcef8, 0)
            bash-1138  [003] ....  2518.241774: sys_exit: NR 54 = 0
            bash-1138  [003] ....  2518.241776: sys_enter: NR 54 (0, 5414, 7efa5dd4, 3a58a600, fcef8, 0)
        vncagent-550   [000] ....  2518.241777: sys_enter: NR 168 (7ef141f4, 1, ffffffff, 0, 19077a0, 19077a0)
            bash-1138  [003] ....  2518.241781: sys_exit: NR 54 = 0
            bash-1138  [003] ....  2518.241784: sys_enter: NR 54 (0, 5401, 7efa5da8, 7efa5df8, fcef8, 0)
        vncagent-550   [000] ....  2518.241785: sys_exit: NR 168 = 1
            bash-1138  [003] ....  2518.241788: sys_exit: NR 54 = 0
        vncagent-550   [000] ....  2518.241789: sys_enter: NR 146 (3, 7ef142ec, 3, 0, 0, 19077a0)
            bash-1138  [003] ....  2518.241798: sys_enter: NR 54 (0, 5401, 7efa5da0, 3a58a600, 7efa5df8, 1)
            bash-1138  [003] ....  2518.241801: sys_exit: NR 54 = 0
            bash-1138  [003] ....  2518.241803: sys_enter: NR 54 (0, 5403, 7efa5d7c, 8a31, 7efa5df8, 1)
            bash-1138  [003] ....  2518.241821: sys_exit: NR 54 = 0
            bash-1138  [003] ....  2518.241823: sys_enter: NR 54 (0, 5401, 7efa5d7c, 10, 7efa5df8, 0)
            bash-1138  [003] ....  2518.241826: sys_exit: NR 54 = 0
        vncagent-550   [000] ....  2518.241829: sys_exit: NR 146 = 24
            bash-1138  [003] ....  2518.241840: sys_enter: NR 175 (0, 105010, 10ab6c, 8, fcef8, 10ab6c)
            bash-1138  [003] ....  2518.241843: sys_exit: NR 175 = 0
        vncagent-550   [000] ....  2518.241846: sys_enter: NR 168 (7ef141dc, 1, ffffffff, 0, 7ef14360, 19077a0)
            bash-1138  [003] ....  2518.241847: sys_enter: NR 174 (2, 7efa5aa4, 7efa5b30, 8, 7efa5bdc, 7efa5c68)
            bash-1138  [003] ....  2518.241850: sys_exit: NR 174 = 0
            bash-1138  [003] ....  2518.241853: sys_enter: NR 174 (f, 7efa5aa4, 7efa5b30, 8, 7efa5bdc, 7efa5c68)
            bash-1138  [003] ....  2518.241860: sys_exit: NR 174 = 0
        vncagent-550   [000] d...  2518.241860: sched_switch: prev_comm=vncagent prev_pid=550 prev_prio=120 prev_state=S ==> next_comm=Xorg next_pid=546 next_prio=120
            bash-1138  [003] ....  2518.241863: sys_enter: NR 174 (1, 7efa5aa4, 7efa5b30, 8, 7efa5bdc, 7efa5c68)
            bash-1138  [003] ....  2518.241866: sys_exit: NR 174 = 0
            bash-1138  [003] ....  2518.241869: sys_enter: NR 174 (3, 7efa5aa4, 7efa5b30, 8, 7efa5bdc, 7efa5c68)
            Xorg-546   [000] ....  2518.241872: sys_exit: NR 252 = 1
            bash-1138  [003] ....  2518.241872: sys_exit: NR 174 = 0
            bash-1138  [003] ....  2518.241875: sys_enter: NR 174 (3, 7efa5bdc, 7efa5c68, 8, 7efa5d10, 105234)
            bash-1138  [003] ....  2518.241878: sys_exit: NR 174 = 0
            Xorg-546   [000] ....  2518.241881: sys_enter: NR 104 (0, 7eba0be4, 0, 1388, 76f8d968, 1)
            bash-1138  [003] ....  2518.241881: sys_enter: NR 174 (e, 7efa5b4c, 7efa5bd8, 8, 7efa5c84, 7efa5d10)
            bash-1138  [003] ....  2518.241883: sys_exit: NR 174 = 0
            bash-1138  [003] ....  2518.241887: sys_enter: NR 174 (14, 7efa5aa4, 7efa5b30, 8, 7efa5bdc, 7efa5c68)
            Xorg-546   [000] ....  2518.241888: sys_exit: NR 104 = 0
            bash-1138  [003] ....  2518.241889: sys_exit: NR 174 = 0
            bash-1138  [003] ....  2518.241892: sys_enter: NR 174 (14, 7efa5bdc, 7efa5c68, 8, 7efa5d10, 10534c)
            Xorg-546   [000] ....  2518.241894: sys_enter: NR 297 (12, 7eba09cc, 0, 0, 0, 7eba09cc)
            bash-1138  [003] ....  2518.241895: sys_exit: NR 174 = 0
            bash-1138  [003] ....  2518.241898: sys_enter: NR 174 (16, 7efa5aa4, 7efa5b30, 8, 7efa5bdc, 7efa5c68)
            bash-1138  [003] ....  2518.241900: sys_exit: NR 174 = 0
            bash-1138  [003] ....  2518.241903: sys_enter: NR 174 (16, 7efa5bdc, 7efa5c68, 8, 7efa5d10, 1053d8)
            bash-1138  [003] ....  2518.241905: sys_exit: NR 174 = 0
            bash-1138  [003] ....  2518.241908: sys_enter: NR 174 (15, 7efa5aa4, 7efa5b30, 8, 7efa5bdc, 7efa5c68)
            bash-1138  [003] ....  2518.241911: sys_exit: NR 174 = 0
            bash-1138  [003] ....  2518.241914: sys_enter: NR 174 (15, 7efa5bdc, 7efa5c68, 8, 7efa5d10, 105464)
            Xorg-546   [000] ....  2518.241914: sys_exit: NR 297 = 24
            bash-1138  [003] ....  2518.241916: sys_exit: NR 174 = 0
            bash-1138  [003] ....  2518.241919: sys_enter: NR 175 (2, 10ab6c, 0, 8, fcef8, 0)
            bash-1138  [003] ....  2518.241921: sys_exit: NR 175 = 0
            bash-1138  [003] ....  2518.241924: sys_enter: NR 174 (1c, 7efa5aa4, 7efa5b30, 8, 7efa5bdc, 7efa5c68)
            bash-1138  [003] ....  2518.241927: sys_exit: NR 174 = 0
            Xorg-546   [000] ....  2518.241943: sys_enter: NR 146 (12, 7eba0b84, 1, 0, 1, 7eba0b84)
            bash-1138  [003] ....  2518.241965: sys_enter: NR 4 (2, c46398, af, 0, af, c46398)
            Xorg-546   [000] .n..  2518.241968: sys_exit: NR 146 = 40
            Xorg-546   [000] d...  2518.241976: sched_switch: prev_comm=Xorg prev_pid=546 prev_prio=120 prev_state=R ==> next_comm=vncagent next_pid=550 next_prio=120
        vncagent-550   [000] ....  2518.241982: sys_exit: NR 168 = 1
        vncagent-550   [000] ....  2518.241986: sys_enter: NR 297 (3, 7ef1413c, 0, 0, 19087a0, 19077a0)
        vncagent-550   [000] ....  2518.241996: sys_exit: NR 297 = 40
            bash-1138  [003] ....  2518.242003: sys_exit: NR 4 = 175
          <idle>-0     [001] d...  2518.242013: sched_switch: prev_comm=swapper/1 prev_pid=0 prev_prio=120 prev_state=R ==> next_comm=kworker/u8:1 next_pid=1243 next_prio=120
            bash-1138  [003] ....  2518.242017: sys_enter: NR 335 (1, 7efa5d84, 0, 0, 0, 7efa5d4c)
        vncagent-550   [000] ....  2518.242042: sys_enter: NR 168 (7ef141dc, 1, ffffffff, 0, 19077a0, 19077a0)
        vncagent-550   [000] ....  2518.242047: sys_exit: NR 168 = 1
        vncagent-550   [000] ....  2518.242051: sys_enter: NR 146 (3, 7ef142d4, 3, 0, 0, 19077a0)
        vncagent-550   [000] ....  2518.242064: sys_exit: NR 146 = 32
    kworker/u8:1-1243  [001] d...  2518.242070: sched_switch: prev_comm=kworker/u8:1 prev_pid=1243 prev_prio=120 prev_state=I ==> next_comm=swapper/1 next_pid=0 next_prio=120
        vncagent-550   [000] ....  2518.242071: sys_enter: NR 168 (7ef141c4, 1, ffffffff, 0, 7ef14348, 19077a0)
            bash-1138  [003] d...  2518.242071: sched_switch: prev_comm=bash prev_pid=1138 prev_prio=120 prev_state=S ==> next_comm=swapper/3 next_pid=0 next_prio=120
        vncagent-550   [000] d...  2518.242084: sched_switch: prev_comm=vncagent prev_pid=550 prev_prio=120 prev_state=S ==> next_comm=Xorg next_pid=546 next_prio=120
          <idle>-0     [003] d...  2518.242088: sched_switch: prev_comm=swapper/3 prev_pid=0 prev_prio=120 prev_state=R ==> next_comm=lxterminal next_pid=1128 next_prio=120
            Xorg-546   [000] ....  2518.242093: sys_enter: NR 297 (12, 7eba09cc, 0, 0, 0, 7eba09cc)
            Xorg-546   [000] ....  2518.242103: sys_exit: NR 297 = 32
      lxterminal-1128  [003] ....  2518.242121: sys_exit: NR 168 = 1
      lxterminal-1128  [003] ....  2518.242165: sys_enter: NR 4 (4, 7ec3b798, 8, 0, 8, 7ec3b798)
      lxterminal-1128  [003] ....  2518.242171: sys_exit: NR 4 = 8
      lxterminal-1128  [003] ....  2518.242189: sys_enter: NR 3 (6, 4fa004, 1ff4, 0, 1ff4, 4fa004)
      lxterminal-1128  [003] ....  2518.242207: sys_exit: NR 3 = 176
      lxterminal-1128  [003] ....  2518.242209: sys_enter: NR 3 (6, 4fa0b3, 1f45, 0, 1f45, 4fa0b3)
      lxterminal-1128  [003] ....  2518.242217: sys_exit: NR 3 = -11
      lxterminal-1128  [003] ....  2518.242223: sys_enter: NR 4 (4, 7ec3b798, 8, 0, 8, 7ec3b798)
      lxterminal-1128  [003] ....  2518.242227: sys_exit: NR 4 = 8
      lxterminal-1128  [003] ....  2518.242232: sys_enter: NR 3 (6, 4fa0b3, 1f45, 0, 1f45, 4fa0b3)
      lxterminal-1128  [003] ....  2518.242238: sys_exit: NR 3 = -11
      lxterminal-1128  [003] ....  2518.244124: sys_enter: NR 162 (7ec3b77c, 7ec3b784, 0, 0, 7ec3b784, 7ec3b77c)
      lxterminal-1128  [003] d...  2518.244223: sched_switch: prev_comm=lxterminal prev_pid=1128 prev_prio=120 prev_state=S ==> next_comm=swapper/3 next_pid=0 next_prio=120
          <idle>-0     [003] d...  2518.244276: sched_switch: prev_comm=swapper/3 prev_pid=0 prev_prio=120 prev_state=R ==> next_comm=lxterminal next_pid=1128 next_prio=120
      lxterminal-1128  [003] ....  2518.244285: sys_exit: NR 162 = 0
      lxterminal-1128  [003] ....  2518.244324: sys_enter: NR 168 (7ec3b654, 1, ffffffff, 0, ffffffff, 1)
      lxterminal-1128  [003] ....  2518.244338: sys_exit: NR 168 = 1
      lxterminal-1128  [003] ....  2518.244343: sys_enter: NR 146 (3, 7ec3b74c, 3, 0, 3, 7ec3b74c)
      lxterminal-1128  [003] ....  2518.244385: sys_exit: NR 146 = 16
      lxterminal-1128  [003] ....  2518.244398: sys_enter: NR 297 (3, 7ec3b664, 0, 0, 0, 7ec3b664)
      lxterminal-1128  [003] ....  2518.244408: sys_exit: NR 297 = -11
      lxterminal-1128  [003] ....  2518.244422: sys_enter: NR 168 (e1798, 3, 0, 0, 0, 3)
      lxterminal-1128  [003] ....  2518.244429: sys_exit: NR 168 = 1
      lxterminal-1128  [003] ....  2518.244433: sys_enter: NR 3 (4, 7ec3b7a4, 10, 0, 10, 7ec3b7a4)
      lxterminal-1128  [003] ....  2518.244440: sys_exit: NR 3 = 8
      lxterminal-1128  [003] ....  2518.245669: sys_enter: NR 168 (7ec3b654, 1, ffffffff, 0, ffffffff, 1)
      lxterminal-1128  [003] ....  2518.245689: sys_exit: NR 168 = 1
      lxterminal-1128  [003] ....  2518.245693: sys_enter: NR 146 (3, 7ec3b74c, 3, 0, 3, 7ec3b74c)
      lxterminal-1128  [003] ....  2518.245735: sys_exit: NR 146 = 412
      lxterminal-1128  [003] ....  2518.245746: sys_enter: NR 297 (3, 7ec3b664, 0, 0, 0, 7ec3b664)
      lxterminal-1128  [003] ....  2518.245756: sys_exit: NR 297 = -11
      lxterminal-1128  [003] ....  2518.245774: sys_enter: NR 168 (e1798, 5, 1d, 0, 1d, 5)
      lxterminal-1128  [003] d...  2518.245858: sched_switch: prev_comm=lxterminal prev_pid=1128 prev_prio=120 prev_state=S ==> next_comm=swapper/3 next_pid=0 next_prio=120
            Xorg-546   [000] ....  2518.246956: setup_return+0x134/0x19c: [+] handler:0x1aec98, sig:14 
            Xorg-546   [000] ....  2518.246966: sys_enter: NR 119 (e, 212b80, 5, 2689, 6e91aa72, 7eba0100)
            Xorg-546   [000] ....  2518.246973: sys_exit: NR 119 = 1952
            Xorg-546   [000] ....  2518.247539: sys_enter: NR 252 (3, 7eb9fbe0, 100, 0, 0, 100)
            Xorg-546   [000] ....  2518.247554: sys_exit: NR 252 = 1
            Xorg-546   [000] ....  2518.247578: sys_enter: NR 146 (12, 7eba0b74, 1, 0, 1, 7eba0b74)
            Xorg-546   [000] .n..  2518.247645: sys_exit: NR 146 = 32
            Xorg-546   [000] d...  2518.247663: sched_switch: prev_comm=Xorg prev_pid=546 prev_prio=120 prev_state=R ==> next_comm=vncagent next_pid=550 next_prio=120
        vncagent-550   [000] ....  2518.247676: sys_exit: NR 168 = 1
        vncagent-550   [000] ....  2518.247683: sys_enter: NR 297 (3, 7ef14124, 0, 0, 19087a0, 19077a0)
        vncagent-550   [000] ....  2518.247708: sys_exit: NR 297 = 32
        vncagent-550   [000] ....  2518.247757: sys_enter: NR 4 (d, 1929150, 27, 0, 1924390, 85a34)
        vncagent-550   [000] ....  2518.247791: sys_exit: NR 4 = 39
        vncagent-550   [000] ....  2518.247813: sys_enter: NR 297 (3, 7ef1462c, 0, 0, 19087a0, 1)
        vncagent-550   [000] ....  2518.247818: sys_exit: NR 297 = -11
        vncagent-550   [000] ....  2518.247822: sys_enter: NR 297 (3, 7ef1464c, 0, 0, 19087a0, 7ef14724)
        vncagent-550   [000] ....  2518.247826: sys_exit: NR 297 = -11
        vncagent-550   [000] ....  2518.247838: sys_enter: NR 142 (e, 7ef14630, 7ef146b0, 7ef14730, 7ef14628, 7ef146ac)
        vncagent-550   [000] ....  2518.247851: sys_exit: NR 142 = 0
        vncagent-550   [000] ....  2518.247858: sys_enter: NR 297 (3, 7ef1462c, 0, 0, 19087a0, 1)
        vncagent-550   [000] ....  2518.247862: sys_exit: NR 297 = -11
        vncagent-550   [000] ....  2518.247865: sys_enter: NR 297 (3, 7ef1464c, 0, 0, 19087a0, 7ef14724)
        vncagent-550   [000] ....  2518.247869: sys_exit: NR 297 = -11
        vncagent-550   [000] ....  2518.247874: sys_enter: NR 142 (e, 7ef14630, 7ef146b0, 7ef14730, 7ef14628, 7ef146ac)
        vncagent-550   [000] d...  2518.247906: sched_switch: prev_comm=vncagent prev_pid=550 prev_prio=120 prev_state=S ==> next_comm=vncserver-x11-c next_pid=454 next_prio=120
 vncserver-x11-c-454   [000] ....  2518.247951: sys_exit: NR 142 = 1
 vncserver-x11-c-454   [000] ....  2518.247981: sys_enter: NR 3 (c, 10aed00, 41a0, 0, 41a0, 10aed00)
 vncserver-x11-c-454   [000] ....  2518.247997: sys_exit: NR 3 = 39
          <idle>-0     [001] d...  2518.249101: sched_switch: prev_comm=swapper/1 prev_pid=0 prev_prio=120 prev_state=R ==> next_comm=rcu_sched next_pid=10 next_prio=120
          <idle>-0     [003] d...  2518.249118: sched_switch: prev_comm=swapper/3 prev_pid=0 prev_prio=120 prev_state=R ==> next_comm=brcmf_wdog/mmc1 next_pid=262 next_prio=120
       rcu_sched-10    [001] d...  2518.249178: sched_switch: prev_comm=rcu_sched prev_pid=10 prev_prio=120 prev_state=I ==> next_comm=Xorg next_pid=546 next_prio=120
 brcmf_wdog/mmc1-262   [003] d...  2518.249184: sched_switch: prev_comm=brcmf_wdog/mmc1 prev_pid=262 prev_prio=120 prev_state=D ==> next_comm=swapper/3 next_pid=0 next_prio=120
          <idle>-0     [003] d...  2518.249200: sched_switch: prev_comm=swapper/3 prev_pid=0 prev_prio=120 prev_state=R ==> next_comm=brcmf_wdog/mmc1 next_pid=262 next_prio=120
            Xorg-546   [001] ....  2518.249208: sys_enter: NR 297 (12, 7eba09cc, 0, 0, 0, 7eba09cc)
            Xorg-546   [001] ....  2518.249216: sys_exit: NR 297 = -11
 brcmf_wdog/mmc1-262   [003] d...  2518.249220: sched_switch: prev_comm=brcmf_wdog/mmc1 prev_pid=262 prev_prio=120 prev_state=D ==> next_comm=swapper/3 next_pid=0 next_prio=120
            Xorg-546   [001] ....  2518.249231: sys_enter: NR 252 (3, 7eb9fbe0, 100, 0, 0, 100)
          <idle>-0     [003] d...  2518.249238: sched_switch: prev_comm=swapper/3 prev_pid=0 prev_prio=120 prev_state=R ==> next_comm=brcmf_wdog/mmc1 next_pid=262 next_prio=120
            Xorg-546   [001] ....  2518.249239: sys_exit: NR 252 = 0
            Xorg-546   [001] ....  2518.249248: sys_enter: NR 297 (1c, 7eba09cc, 0, 0, 0, 7eba09cc)
 brcmf_wdog/mmc1-262   [003] d...  2518.249253: sched_switch: prev_comm=brcmf_wdog/mmc1 prev_pid=262 prev_prio=120 prev_state=D ==> next_comm=swapper/3 next_pid=0 next_prio=120
          <idle>-0     [003] d...  2518.249272: sched_switch: prev_comm=swapper/3 prev_pid=0 prev_prio=120 prev_state=R ==> next_comm=brcmf_wdog/mmc1 next_pid=262 next_prio=120
            Xorg-546   [001] ....  2518.249274: sys_exit: NR 297 = 428
 brcmf_wdog/mmc1-262   [003] d...  2518.249286: sched_switch: prev_comm=brcmf_wdog/mmc1 prev_pid=262 prev_prio=120 prev_state=S ==> next_comm=swapper/3 next_pid=0 next_prio=120
            Xorg-546   [001] ....  2518.249913: sys_enter: NR 146 (12, 7eba0a3c, 1, 0, 1, 7eba0a3c)
            Xorg-546   [001] ....  2518.249949: sys_exit: NR 146 = 32
            Xorg-546   [001] ....  2518.249977: sys_enter: NR 297 (1c, 7eba09cc, 0, 0, 0, 7eba09cc)
            Xorg-546   [001] ....  2518.249985: sys_exit: NR 297 = -11
            Xorg-546   [001] ....  2518.249991: sys_enter: NR 104 (0, 7eba0be4, 0, 0, 76f8d968, 212b8c)
            Xorg-546   [001] ....  2518.249998: sys_exit: NR 104 = 0
            Xorg-546   [001] ....  2518.250003: sys_enter: NR 252 (3, 7eb9fbe0, 100, 1b24c, 1b24c, 100)
            Xorg-546   [001] d...  2518.250069: sched_switch: prev_comm=Xorg prev_pid=546 prev_prio=120 prev_state=S ==> next_comm=vncagent next_pid=550 next_prio=120
        vncagent-550   [001] ....  2518.250094: sys_exit: NR 142 = 1
        vncagent-550   [001] ....  2518.250124: sys_enter: NR 297 (3, 7ef1462c, 0, 0, 19087a0, 1)
        vncagent-550   [001] ....  2518.250138: sys_exit: NR 297 = 32
        vncagent-550   [001] ....  2518.250160: sys_enter: NR 297 (3, 7ef1462c, 0, 0, 19087a0, 1)
        vncagent-550   [001] ....  2518.250165: sys_exit: NR 297 = -11
        vncagent-550   [001] ....  2518.250170: sys_enter: NR 297 (3, 7ef1464c, 0, 0, 19087a0, 7ef14724)
        vncagent-550   [001] ....  2518.250173: sys_exit: NR 297 = -11
        vncagent-550   [001] ....  2518.250206: sys_enter: NR 297 (3, 7ef1462c, 0, 0, 19087a0, 1)
        vncagent-550   [001] ....  2518.250211: sys_exit: NR 297 = -11
        vncagent-550   [001] ....  2518.250214: sys_enter: NR 297 (3, 7ef1464c, 0, 0, 19087a0, 7ef14724)
        vncagent-550   [001] ....  2518.250218: sys_exit: NR 297 = -11
        vncagent-550   [001] ....  2518.250225: sys_enter: NR 142 (e, 7ef14630, 7ef146b0, 7ef14730, 7ef14628, 7ef146ac)
        vncagent-550   [001] d...  2518.250267: sched_switch: prev_comm=vncagent prev_pid=550 prev_prio=120 prev_state=S ==> next_comm=swapper/1 next_pid=0 next_prio=120
