# tracer: function
#
# entries-in-buffer/entries-written: 29145/29145   #P:4
#
#                              _-----=> irqs-off
#                             / _----=> need-resched
#                            | / _---=> hardirq/softirq
#                            || / _--=> preempt-depth
#                            ||| /     delay
#           TASK-PID   CPU#  ||||    TIMESTAMP  FUNCTION
#              | |       |   ||||       |         |
        test1.sh-1307  [003] ....  3943.830576: sys_exit: NR 4 = 2
        test1.sh-1307  [003] ....  3943.830600: sys_enter: NR 63 (a, 1, ff, 0, 1543828, a)
        test1.sh-1307  [003] ....  3943.830610: sys_exit: NR 63 = 1
        test1.sh-1307  [003] ....  3943.830625: sys_enter: NR 221 (a, 1, 0, fcef8, fcef8, a)
        test1.sh-1307  [003] ....  3943.830629: sys_exit: NR 221 = 1
        test1.sh-1307  [003] ....  3943.830635: sys_enter: NR 6 (a, a, 6c, 0, 15435f0, 0)
        test1.sh-1307  [003] ....  3943.830638: __close_fd+0x10/0xa0 <-sys_close+0x30/0x58
        test1.sh-1307  [003] ....  3943.830666: <stack trace>
 => __close_fd+0x14/0xa0
 => sys_close+0x30/0x58
 => __sys_trace_return+0x0/0x1c
 => 0x7efe9270
        test1.sh-1307  [003] ....  3943.830671: sys_exit: NR 6 = 0
        test1.sh-1307  [003] ....  3943.830876: sys_enter: NR 4 (1, 1536230, b, 0, b, 1536230)
        test1.sh-1307  [003] ....  3943.830907: sys_exit: NR 4 = 11
          <idle>-0     [000] d...  3943.830920: sched_switch: prev_comm=swapper/0 prev_pid=0 prev_prio=120 prev_state=R ==> next_comm=kworker/u8:0 next_pid=1234 next_prio=120
        test1.sh-1307  [003] ....  3943.830926: sys_enter: NR 3 (ff, 1534ba8, a19, 0, 15355c8, a19)
        test1.sh-1307  [003] ....  3943.830933: ext4_file_read_iter+0x10/0x64 <-__vfs_read+0x124/0x16c
        test1.sh-1307  [003] ....  3943.830953: <stack trace>
 => ext4_file_read_iter+0x14/0x64
 => __vfs_read+0x124/0x16c
 => vfs_read+0x9c/0x164
 => ksys_read+0x74/0xe8
 => sys_read+0x18/0x1c
 => __sys_trace_return+0x0/0x1c
 => 0x7efe8bc0
    kworker/u8:0-1234  [000] d...  3943.830958: sched_switch: prev_comm=kworker/u8:0 prev_pid=1234 prev_prio=120 prev_state=I ==> next_comm=swapper/0 next_pid=0 next_prio=120
          <idle>-0     [002] d...  3943.830958: sched_switch: prev_comm=swapper/2 prev_pid=0 prev_prio=120 prev_state=R ==> next_comm=lxterminal next_pid=1104 next_prio=120
        test1.sh-1307  [003] ....  3943.830964: sys_exit: NR 3 = 0
        test1.sh-1307  [003] ....  3943.830976: sys_enter: NR 175 (0, 7efe9424, 7efe94a4, 8, fcef8, 7efe94a4)
        test1.sh-1307  [003] ....  3943.830984: sys_exit: NR 175 = 0
      lxterminal-1104  [002] ....  3943.830985: sys_exit: NR 168 = 1
        test1.sh-1307  [003] ....  3943.830986: sys_enter: NR 175 (2, 7efe94a4, 0, 8, fcef8, 0)
        test1.sh-1307  [003] ....  3943.830989: sys_exit: NR 175 = 0
      lxterminal-1104  [002] ....  3943.831025: sys_enter: NR 4 (4, 7ef8e798, 8, 0, 8, 7ef8e798)
      lxterminal-1104  [002] ....  3943.831034: sys_exit: NR 4 = 8
      lxterminal-1104  [002] ....  3943.831049: sys_enter: NR 3 (6, 1050004, 1ff4, 0, 1ff4, 1050004)
      lxterminal-1104  [002] ....  3943.831063: sys_exit: NR 3 = 13
      lxterminal-1104  [002] ....  3943.831066: sys_enter: NR 3 (6, 1050010, 1fe8, 0, 1fe8, 1050010)
      lxterminal-1104  [002] ....  3943.831074: sys_exit: NR 3 = -11
      lxterminal-1104  [002] ....  3943.831109: sys_enter: NR 4 (4, 7ef8e798, 8, 0, 8, 7ef8e798)
      lxterminal-1104  [002] ....  3943.831113: sys_exit: NR 4 = 8
      lxterminal-1104  [002] ....  3943.831129: sys_enter: NR 297 (3, 7ef8e664, 0, 0, 0, 7ef8e664)
        test1.sh-1307  [003] ....  3943.831134: sys_enter: NR 248 (0, 0, 0, 50f46b00, 76f1a6d8, 76f1a6d8)
      lxterminal-1104  [002] ....  3943.831136: sys_exit: NR 297 = -11
      lxterminal-1104  [002] ....  3943.831147: sys_enter: NR 168 (10c8210, 4, a, 0, a, 4)
      lxterminal-1104  [002] ....  3943.831162: sys_exit: NR 168 = 1
      lxterminal-1104  [002] ....  3943.831166: sys_enter: NR 3 (4, 7ef8e7a4, 10, 0, 10, 7ef8e7a4)
      lxterminal-1104  [002] ....  3943.831170: sys_exit: NR 3 = 8
      lxterminal-1104  [002] ....  3943.831179: sys_enter: NR 297 (3, 7ef8e664, 0, 0, 0, 7ef8e664)
      lxterminal-1104  [002] ....  3943.831184: sys_exit: NR 297 = -11
      lxterminal-1104  [002] ....  3943.831190: sys_enter: NR 168 (10c8210, 4, a, 0, a, 4)
      lxterminal-1104  [002] d...  3943.831214: sched_switch: prev_comm=lxterminal prev_pid=1104 prev_prio=120 prev_state=S ==> next_comm=swapper/2 next_pid=0 next_prio=120
        test1.sh-1307  [003] d...  3943.831996: sched_switch: prev_comm=test1.sh prev_pid=1307 prev_prio=120 prev_state=Z ==> next_comm=swapper/3 next_pid=0 next_prio=120
          <idle>-0     [000] d...  3943.832005: sched_switch: prev_comm=swapper/0 prev_pid=0 prev_prio=120 prev_state=R ==> next_comm=sudo next_pid=1302 next_prio=120
            sudo-1302  [000] ....  3943.832017: sys_exit: NR 336 = -514
            sudo-1302  [000] ....  3943.832049: setup_return+0x134/0x19c: [+] handler:0x76eac00c, sig:17 
            sudo-1302  [000] ....  3943.832060: sys_enter: NR 4 (6, 7e994a7b, 1, 0, 7f0e84, 7f0e40)
            sudo-1302  [000] ....  3943.832087: sys_exit: NR 4 = 1
            sudo-1302  [000] ....  3943.832089: sys_enter: NR 173 (1, 7e994a7b, ddc39d00, ddc39d00, 8, 76fa4968)
            sudo-1302  [000] ....  3943.832098: sys_exit: NR 173 = -4
            sudo-1302  [000] ....  3943.832108: sys_enter: NR 3 (5, 7e994e63, 1, 0, 76ebb5bc, 5)
            sudo-1302  [000] ....  3943.832119: sys_exit: NR 3 = 1
            sudo-1302  [000] ....  3943.832122: sys_enter: NR 3 (5, 7e994e63, 1, 0, 76ebb5bc, 5)
            sudo-1302  [000] ....  3943.832125: sys_exit: NR 3 = -11
            sudo-1302  [000] ....  3943.832129: sys_enter: NR 175 (0, 7e994d24, 7e994da4, 8, 76fa4968, 7e994da4)
            sudo-1302  [000] ....  3943.832133: sys_exit: NR 175 = 0
            sudo-1302  [000] ....  3943.832138: sys_enter: NR 175 (2, 7e994da4, 0, 8, 76fa4968, 0)
            sudo-1302  [000] ....  3943.832141: sys_exit: NR 175 = 0
            sudo-1302  [000] ....  3943.832190: sys_enter: NR 114 (51b, 7e994d00, 3, 0, 7e994ee4, 76fa4968)
            sudo-1302  [000] ....  3943.832319: sys_exit: NR 114 = 1307
            sudo-1302  [000] ....  3943.832345: sys_enter: NR 174 (1, 7e994d4c, 0, 8, 0, 7f1c00)
            sudo-1302  [000] ....  3943.832350: sys_exit: NR 174 = 0
            sudo-1302  [000] ....  3943.832356: sys_enter: NR 174 (2, 7e994d4c, 0, 8, 0, 7f1460)
            sudo-1302  [000] ....  3943.832359: sys_exit: NR 174 = 0
            sudo-1302  [000] ....  3943.832363: sys_enter: NR 174 (3, 7e994d4c, 0, 8, 0, 7f1648)
            sudo-1302  [000] ....  3943.832366: sys_exit: NR 174 = 0
            sudo-1302  [000] ....  3943.832371: sys_enter: NR 174 (a, 7e994d4c, 0, 8, 0, 7f79d8)
            sudo-1302  [000] ....  3943.832374: sys_exit: NR 174 = 0
            sudo-1302  [000] ....  3943.832378: sys_enter: NR 174 (c, 7e994d4c, 0, 8, 0, 7f7bc0)
            sudo-1302  [000] ....  3943.832381: sys_exit: NR 174 = 0
            sudo-1302  [000] ....  3943.832385: sys_enter: NR 174 (d, 7e994d4c, 0, 8, 0, 7f77f0)
            sudo-1302  [000] ....  3943.832388: sys_exit: NR 174 = 0
            sudo-1302  [000] ....  3943.832392: sys_enter: NR 174 (e, 7e994d4c, 0, 8, 0, 7f7608)
            sudo-1302  [000] ....  3943.832395: sys_exit: NR 174 = 0
            sudo-1302  [000] ....  3943.832399: sys_enter: NR 174 (f, 7e994d4c, 0, 8, 0, 7f1a18)
            sudo-1302  [000] ....  3943.832401: sys_exit: NR 174 = 0
            sudo-1302  [000] ....  3943.832409: sys_enter: NR 174 (11, 7e994d4c, 0, 8, 0, 7f7da8)
            sudo-1302  [000] ....  3943.832411: sys_exit: NR 174 = 0
            sudo-1302  [000] ....  3943.832416: sys_enter: NR 174 (12, 7e994d4c, 0, 8, 0, 7f7f90)
            sudo-1302  [000] ....  3943.832418: sys_exit: NR 174 = 0
            sudo-1302  [000] ....  3943.832424: sys_enter: NR 174 (14, 7e994d4c, 0, 8, 0, 7f1830)
            sudo-1302  [000] ....  3943.832427: sys_exit: NR 174 = 0
            sudo-1302  [000] ....  3943.832438: sys_enter: NR 6 (5, b, ddc39d00, 0, 0, 7f0e40)
            sudo-1302  [000] ....  3943.832440: __close_fd+0x10/0xa0 <-sys_close+0x30/0x58
            sudo-1302  [000] ....  3943.832458: <stack trace>
 => __close_fd+0x14/0xa0
 => sys_close+0x30/0x58
 => __sys_trace_return+0x0/0x1c
 => 0x7e994ea0
            sudo-1302  [000] ....  3943.832462: sys_exit: NR 6 = 0
            sudo-1302  [000] ....  3943.832473: sys_enter: NR 6 (6, b, ddc39d00, 0, 0, 7f0e40)
            sudo-1302  [000] ....  3943.832475: __close_fd+0x10/0xa0 <-sys_close+0x30/0x58
            sudo-1302  [000] ....  3943.832486: <stack trace>
 => __close_fd+0x14/0xa0
 => sys_close+0x30/0x58
 => __sys_trace_return+0x0/0x1c
 => 0x7e994ea0
            sudo-1302  [000] ....  3943.832489: sys_exit: NR 6 = 0
            sudo-1302  [000] ....  3943.832565: sys_enter: NR 199 (7f26b0, 8000, 0, 0, 8000, 76fa4968)
            sudo-1302  [000] ....  3943.832569: sys_exit: NR 199 = 0
            sudo-1302  [000] ....  3943.832586: sys_enter: NR 322 (ffffff9c, 76755288, 20000, 0, 7ec150, 76fa4968)
            sudo-1302  [000] ....  3943.832624: ext4_file_open+0x14/0x1d8 <-do_dentry_open+0x124/0x3c8
            sudo-1302  [000] ....  3943.832647: <stack trace>
 => ext4_file_open+0x18/0x1d8
 => do_dentry_open+0x124/0x3c8
 => vfs_open+0x3c/0x40
 => path_openat+0x2c0/0x1154
 => do_filp_open+0x84/0xec
 => do_sys_open+0x178/0x1fc
 => sys_openat+0x1c/0x20
 => __sys_trace_return+0x0/0x1c
 => 0x7e994e40
            sudo-1302  [000] ....  3943.832657: sys_exit: NR 322 = 4
            sudo-1302  [000] ....  3943.832668: sys_enter: NR 197 (4, 7e994e08, 7e994e08, 76d86788, 7ec150, 76e65b1c)
            sudo-1302  [000] ....  3943.832678: sys_exit: NR 197 = 0
            sudo-1302  [000] ....  3943.832712: sys_enter: NR 3 (4, 7fa718, 1000, 0, 7ec150, 76e65b1c)
            sudo-1302  [000] ....  3943.832716: ext4_file_read_iter+0x10/0x64 <-__vfs_read+0x124/0x16c
            sudo-1302  [000] ....  3943.832733: <stack trace>
 => ext4_file_read_iter+0x14/0x64
 => __vfs_read+0x124/0x16c
 => vfs_read+0x9c/0x164
 => ksys_read+0x74/0xe8
 => sys_read+0x18/0x1c
 => __sys_trace_return+0x0/0x1c
 => 0x7e994e88
            sudo-1302  [000] ....  3943.832748: sys_exit: NR 3 = 4096
            sudo-1302  [000] ....  3943.832862: sys_enter: NR 3 (4, 7fa718, 1000, 0, 7ec150, 76e65b1c)
            sudo-1302  [000] ....  3943.832864: ext4_file_read_iter+0x10/0x64 <-__vfs_read+0x124/0x16c
            sudo-1302  [000] ....  3943.832880: <stack trace>
 => ext4_file_read_iter+0x14/0x64
 => __vfs_read+0x124/0x16c
 => vfs_read+0x9c/0x164
 => ksys_read+0x74/0xe8
 => sys_read+0x18/0x1c
 => __sys_trace_return+0x0/0x1c
 => 0x7e994e88
            sudo-1302  [000] ....  3943.832891: sys_exit: NR 3 = 4096
            sudo-1302  [000] ....  3943.833011: sys_enter: NR 3 (4, 7fa718, 1000, 0, 7ec150, 76e65b1c)
            sudo-1302  [000] ....  3943.833014: ext4_file_read_iter+0x10/0x64 <-__vfs_read+0x124/0x16c
            sudo-1302  [000] ....  3943.833029: <stack trace>
 => ext4_file_read_iter+0x14/0x64
 => __vfs_read+0x124/0x16c
 => vfs_read+0x9c/0x164
 => ksys_read+0x74/0xe8
 => sys_read+0x18/0x1c
 => __sys_trace_return+0x0/0x1c
 => 0x7e994e88
            sudo-1302  [000] ....  3943.833038: sys_exit: NR 3 = 2324
            sudo-1302  [000] ....  3943.833063: sys_enter: NR 6 (4, 444, 76e656d8, 76d85864, 7ec150, 76e65b1c)
            sudo-1302  [000] ....  3943.833065: __close_fd+0x10/0xa0 <-sys_close+0x30/0x58
            sudo-1302  [000] ....  3943.833077: <stack trace>
 => __close_fd+0x14/0xa0
 => sys_close+0x30/0x58
 => __sys_trace_return+0x0/0x1c
 => 0x7e994ec8
            sudo-1302  [000] ....  3943.833080: sys_exit: NR 6 = 0
            sudo-1302  [000] ....  3943.833253: sys_enter: NR 289 (3, 7ff6f0, 4e, 4000, 14, 7fd0d8)
            sudo-1302  [000] ....  3943.833293: sys_exit: NR 289 = 78
            sudo-1302  [000] ....  3943.833301: sys_enter: NR 281 (10, 3, 9, 8000, 7f26b0, 5)
          <idle>-0     [003] d...  3943.833311: sched_switch: prev_comm=swapper/3 prev_pid=0 prev_prio=120 prev_state=R ==> next_comm=systemd-journal next_pid=129 next_prio=120
 systemd-journal-129   [003] ....  3943.833337: sys_exit: NR 252 = 1
            sudo-1302  [000] d...  3943.833357: sched_switch: prev_comm=sudo prev_pid=1302 prev_prio=120 prev_state=D ==> next_comm=kworker/u8:0 next_pid=1234 next_prio=120
 systemd-journal-129   [003] ....  3943.833376: sys_enter: NR 263 (7, 7eef04a4, 728bc50f, 7ef1e450, 7eef04a4, 7)
 systemd-journal-129   [003] ....  3943.833382: sys_exit: NR 263 = 0
 systemd-journal-129   [003] ....  3943.833419: sys_enter: NR 54 (5, 541b, 7eef04b0, 5, 0, 7eef0634)
 systemd-journal-129   [003] ....  3943.833426: sys_exit: NR 54 = 0
 systemd-journal-129   [003] ....  3943.833447: sys_enter: NR 297 (5, 7eef04bc, 40000040, 0, 0, 7eef0634)
 systemd-journal-129   [003] ....  3943.833479: sys_exit: NR 297 = 78
          <idle>-0     [001] d...  3943.833503: sched_switch: prev_comm=swapper/1 prev_pid=0 prev_prio=120 prev_state=R ==> next_comm=kworker/u8:0 next_pid=1314 next_prio=120
 systemd-journal-129   [003] ....  3943.833515: sys_enter: NR 91 (73daa000, 1000, 76f5c27c, 1a000, 1664f18, 0)
    kworker/u8:0-1234  [000] d...  3943.833536: sched_switch: prev_comm=kworker/u8:0 prev_pid=1234 prev_prio=120 prev_state=S ==> next_comm=swapper/0 next_pid=0 next_prio=120
        modprobe-1314  [001] ....  3943.833554: ext4_file_open+0x14/0x1d8 <-do_dentry_open+0x124/0x3c8
 systemd-journal-129   [003] ....  3943.833567: sys_exit: NR 91 = 0
        modprobe-1314  [001] ....  3943.833585: <stack trace>
 => ext4_file_open+0x18/0x1d8
 => do_dentry_open+0x124/0x3c8
 => vfs_open+0x3c/0x40
 => path_openat+0x2c0/0x1154
 => do_filp_open+0x84/0xec
 => do_open_execat+0x84/0x1a8
 => __do_execve_file+0x648/0x7d0
 => do_execve+0x38/0x40
 => call_usermodehelper_exec_async+0x1d0/0x1fc
 => ret_from_fork+0x14/0x28
 => 0
 systemd-journal-129   [003] ....  3943.833606: sys_enter: NR 322 (ffffff9c, 7eef02a8, a0000, 0, 1648170, 76fb9968)
        modprobe-1314  [001] ....  3943.833646: ext4_file_read_iter+0x10/0x64 <-__vfs_read+0x124/0x16c
 systemd-journal-129   [003] ....  3943.833648: sys_exit: NR 322 = 20
        modprobe-1314  [001] ....  3943.833666: <stack trace>
 => ext4_file_read_iter+0x14/0x64
 => __vfs_read+0x124/0x16c
 => vfs_read+0x9c/0x164
 => kernel_read+0x3c/0x54
 => prepare_binprm+0x178/0x194
 => __do_execve_file+0x488/0x7d0
 => do_execve+0x38/0x40
 => call_usermodehelper_exec_async+0x1d0/0x1fc
 => ret_from_fork+0x14/0x28
 => 0
 systemd-journal-129   [003] ....  3943.833671: sys_enter: NR 197 (14, 7eef0140, 7eef0140, 76e7b788, 1648170, 76f5ab1c)
 systemd-journal-129   [003] ....  3943.833678: sys_exit: NR 197 = 0
 systemd-journal-129   [003] ....  3943.833690: sys_enter: NR 3 (14, 1676268, 400, 0, 1648170, 76f5ab1c)
 systemd-journal-129   [003] ....  3943.833705: sys_exit: NR 3 = 5
 systemd-journal-129   [003] ....  3943.833715: sys_enter: NR 3 (14, 1676268, 400, 0, 1648170, 76f5ab1c)
 systemd-journal-129   [003] ....  3943.833718: sys_exit: NR 3 = 0
        modprobe-1314  [001] ....  3943.833731: ext4_file_read_iter+0x10/0x64 <-__vfs_read+0x124/0x16c
 systemd-journal-129   [003] ....  3943.833731: sys_enter: NR 6 (14, 444, 76f5a6d8, 76e7a864, 1648170, 76f5ab1c)
 systemd-journal-129   [003] ....  3943.833733: __close_fd+0x10/0xa0 <-sys_close+0x30/0x58
 systemd-journal-129   [003] ....  3943.833748: <stack trace>
 => __close_fd+0x14/0xa0
 => sys_close+0x30/0x58
 => __sys_trace_return+0x0/0x1c
 => 0x7eef0230
 systemd-journal-129   [003] ....  3943.833752: sys_exit: NR 6 = 0
        modprobe-1314  [001] ....  3943.833754: <stack trace>
 => ext4_file_read_iter+0x14/0x64
 => __vfs_read+0x124/0x16c
 => vfs_read+0x9c/0x164
 => kernel_read+0x3c/0x54
 => load_elf_phdrs+0x90/0xcc
 => load_elf_binary+0x100/0x13f8
 => search_binary_handler.part.2+0xac/0x24c
 => __do_execve_file+0x52c/0x7d0
 => do_execve+0x38/0x40
 => call_usermodehelper_exec_async+0x1d0/0x1fc
 => ret_from_fork+0x14/0x28
 => 0
        modprobe-1314  [001] ....  3943.833762: ext4_file_read_iter+0x10/0x64 <-__vfs_read+0x124/0x16c
        modprobe-1314  [001] ....  3943.833781: <stack trace>
 => ext4_file_read_iter+0x14/0x64
 => __vfs_read+0x124/0x16c
 => vfs_read+0x9c/0x164
 => kernel_read+0x3c/0x54
 => load_elf_binary+0x578/0x13f8
 => search_binary_handler.part.2+0xac/0x24c
 => __do_execve_file+0x52c/0x7d0
 => do_execve+0x38/0x40
 => call_usermodehelper_exec_async+0x1d0/0x1fc
 => ret_from_fork+0x14/0x28
 => 0
 systemd-journal-129   [003] ....  3943.833794: sys_enter: NR 332 (ffffff9c, 7eef02b0, 165af90, 1000, 1001, 165af90)
        modprobe-1314  [001] ....  3943.833799: ext4_file_open+0x14/0x1d8 <-do_dentry_open+0x124/0x3c8
        modprobe-1314  [001] ....  3943.833823: <stack trace>
 => ext4_file_open+0x18/0x1d8
 => do_dentry_open+0x124/0x3c8
 => vfs_open+0x3c/0x40
 => path_openat+0x2c0/0x1154
 => do_filp_open+0x84/0xec
 => do_open_execat+0x84/0x1a8
 => open_exec+0x3c/0x54
 => load_elf_binary+0x610/0x13f8
 => search_binary_handler.part.2+0xac/0x24c
 => __do_execve_file+0x52c/0x7d0
 => do_execve+0x38/0x40
 => call_usermodehelper_exec_async+0x1d0/0x1fc
 => ret_from_fork+0x14/0x28
 => 0
 systemd-journal-129   [003] ....  3943.833827: sys_exit: NR 332 = 13
        modprobe-1314  [001] ....  3943.833830: ext4_file_read_iter+0x10/0x64 <-__vfs_read+0x124/0x16c
        modprobe-1314  [001] ....  3943.833850: <stack trace>
 => ext4_file_read_iter+0x14/0x64
 => __vfs_read+0x124/0x16c
 => vfs_read+0x9c/0x164
 => kernel_read+0x3c/0x54
 => load_elf_binary+0x65c/0x13f8
 => search_binary_handler.part.2+0xac/0x24c
 => __do_execve_file+0x52c/0x7d0
 => do_execve+0x38/0x40
 => call_usermodehelper_exec_async+0x1d0/0x1fc
 => ret_from_fork+0x14/0x28
 => 0
 systemd-journal-129   [003] ....  3943.833853: sys_enter: NR 322 (ffffff9c, 7eef0288, a0000, 0, 1648170, 76fb9968)
        modprobe-1314  [001] ....  3943.833857: ext4_file_read_iter+0x10/0x64 <-__vfs_read+0x124/0x16c
 systemd-journal-129   [003] ....  3943.833871: sys_exit: NR 322 = 20
        modprobe-1314  [001] ....  3943.833877: <stack trace>
 => ext4_file_read_iter+0x14/0x64
 => __vfs_read+0x124/0x16c
 => vfs_read+0x9c/0x164
 => kernel_read+0x3c/0x54
 => load_elf_phdrs+0x90/0xcc
 => load_elf_binary+0x204/0x13f8
 => search_binary_handler.part.2+0xac/0x24c
 => __do_execve_file+0x52c/0x7d0
 => do_execve+0x38/0x40
 => call_usermodehelper_exec_async+0x1d0/0x1fc
 => ret_from_fork+0x14/0x28
 => 0
 systemd-journal-129   [003] ....  3943.833885: sys_enter: NR 191 (3, 7eef023c, 14c, 82f4e900, 0, 7eef02f8)
 systemd-journal-129   [003] ....  3943.833889: sys_exit: NR 191 = 0
 systemd-journal-129   [003] ....  3943.833904: sys_enter: NR 192 (0, 201000, 3, 22, ffffffff, 0)
 systemd-journal-129   [003] ....  3943.833927: sys_exit: NR 192 = 1966821376
 systemd-journal-129   [003] ....  3943.833963: sys_enter: NR 197 (14, 7eef01b0, 7eef01b0, 76e7b788, 1648170, 76f5ab1c)
 systemd-journal-129   [003] ....  3943.833968: sys_exit: NR 197 = 0
 systemd-journal-129   [003] ....  3943.833976: sys_enter: NR 3 (14, 1676268, 400, 0, 1648170, 76f5ab1c)
 systemd-journal-129   [003] ....  3943.833995: sys_exit: NR 3 = 16
 systemd-journal-129   [003] ....  3943.834006: sys_enter: NR 3 (14, 1676268, 400, 0, 1648170, 76f5ab1c)
 systemd-journal-129   [003] ....  3943.834011: sys_exit: NR 3 = 0
 systemd-journal-129   [003] ....  3943.834025: sys_enter: NR 163 (753b5000, 201000, 1000, 1, 18, 0)
 systemd-journal-129   [003] ....  3943.834063: sys_exit: NR 163 = 1966821376
 systemd-journal-129   [003] ....  3943.834073: sys_enter: NR 6 (14, 444, 76f5a6d8, 76e7a864, 1648170, 76f5ab1c)
 systemd-journal-129   [003] ....  3943.834074: __close_fd+0x10/0xa0 <-sys_close+0x30/0x58
 systemd-journal-129   [003] ....  3943.834088: <stack trace>
 => __close_fd+0x14/0xa0
 => sys_close+0x30/0x58
 => __sys_trace_return+0x0/0x1c
 => 0x7eef0228
 systemd-journal-129   [003] ....  3943.834092: sys_exit: NR 6 = 0
 systemd-journal-129   [003] ....  3943.834135: sys_enter: NR 322 (ffffff9c, 7eef02a8, a0000, 0, 1648170, 76fb9968)
 systemd-journal-129   [003] ....  3943.834159: sys_exit: NR 322 = 20
 systemd-journal-129   [003] ....  3943.834176: sys_enter: NR 197 (14, 7eef01b8, 7eef01b8, 14, 7eef0270, 1648170)
 systemd-journal-129   [003] ....  3943.834183: sys_exit: NR 197 = 0
 systemd-journal-129   [003] ....  3943.834204: sys_enter: NR 197 (14, 7eef00b8, 7eef00b8, 76e7b788, 1648170, 76f5ab1c)
 systemd-journal-129   [003] ....  3943.834212: sys_exit: NR 197 = 0
 systemd-journal-129   [003] ....  3943.834224: sys_enter: NR 3 (14, 1675a30, 800, 0, 1648170, 1675a30)
        modprobe-1314  [001] ....  3943.834226: sys_enter: NR 45 (0, 81410037, 0, 1, 9, 10034)
        modprobe-1314  [001] ....  3943.834230: sys_exit: NR 45 = 23273472
        modprobe-1314  [001] ....  3943.834318: sys_enter: NR 122 (7ebefac0, 6, 6474e550, 30, 7ebefac0, 76f63908)
        modprobe-1314  [001] ....  3943.834324: sys_exit: NR 122 = 0
 systemd-journal-129   [003] ....  3943.834332: sys_exit: NR 3 = 974
        modprobe-1314  [001] ....  3943.834336: sys_enter: NR 192 (0, 2000, 3, 22, ffffffff, 0)
 systemd-journal-129   [003] ....  3943.834340: sys_enter: NR 3 (14, 1675dfe, 400, 0, 1648170, 1675dfe)
 systemd-journal-129   [003] ....  3943.834343: sys_exit: NR 3 = 0
        modprobe-1314  [001] ....  3943.834344: sys_exit: NR 192 = 1995919360
 systemd-journal-129   [003] ....  3943.834358: sys_enter: NR 6 (14, 444, 76f5a6d8, 76e7a864, 1648170, 76f5ab1c)
 systemd-journal-129   [003] ....  3943.834360: __close_fd+0x10/0xa0 <-sys_close+0x30/0x58
 systemd-journal-129   [003] ....  3943.834373: <stack trace>
 => __close_fd+0x14/0xa0
 => sys_close+0x30/0x58
 => __sys_trace_return+0x0/0x1c
 => 0x7eef01f8
        modprobe-1314  [001] ....  3943.834376: sys_enter: NR 33 (76f64b7c, 4, 76f7895c, 76f77910, 76f64b7c, 0)
 systemd-journal-129   [003] ....  3943.834377: sys_exit: NR 6 = 0
        modprobe-1314  [001] ....  3943.834395: sys_exit: NR 33 = 0
        modprobe-1314  [001] ....  3943.834398: sys_enter: NR 322 (ffffff9c, 76f64b7c, a0000, 0, 7ebefccc, 0)
        modprobe-1314  [001] ....  3943.834409: ext4_file_open+0x14/0x1d8 <-do_dentry_open+0x124/0x3c8
        modprobe-1314  [001] ....  3943.834430: <stack trace>
 => ext4_file_open+0x18/0x1d8
 => do_dentry_open+0x124/0x3c8
 => vfs_open+0x3c/0x40
 => path_openat+0x2c0/0x1154
 => do_filp_open+0x84/0xec
 => do_sys_open+0x178/0x1fc
 => sys_openat+0x1c/0x20
 => __sys_trace_return+0x0/0x1c
 => 0x7ebefbd8
 systemd-journal-129   [003] ....  3943.834434: sys_enter: NR 322 (ffffff9c, 164f580, 80000, 0, 76fb9968, 76fb9968)
        modprobe-1314  [001] ....  3943.834437: sys_exit: NR 322 = 0
        modprobe-1314  [001] ....  3943.834439: sys_enter: NR 197 (0, 7ebefbf8, 7ebefbf8, 0, 7ebefccc, 0)
        modprobe-1314  [001] ....  3943.834446: sys_exit: NR 197 = 0
        modprobe-1314  [001] ....  3943.834448: sys_enter: NR 192 (0, 36, 3, 2, 0, 0)
        modprobe-1314  [001] ....  3943.834459: sys_exit: NR 192 = 1995915264
        modprobe-1314  [001] ....  3943.834461: sys_enter: NR 6 (0, 36, 3, 76f74000, 76f74000, 0)
        modprobe-1314  [001] ....  3943.834463: __close_fd+0x10/0xa0 <-sys_close+0x30/0x58
 systemd-journal-129   [003] ....  3943.834468: sys_exit: NR 322 = -2
        modprobe-1314  [001] ....  3943.834477: <stack trace>
 => __close_fd+0x14/0xa0
 => sys_close+0x30/0x58
 => __sys_trace_return+0x0/0x1c
 => 0x7ebefbec
        modprobe-1314  [001] ....  3943.834479: sys_exit: NR 6 = 0
 systemd-journal-129   [003] ....  3943.834496: sys_enter: NR 322 (ffffff9c, 7eef02a0, a0000, 0, 1648170, 76fb9968)
        modprobe-1314  [001] ....  3943.834518: sys_enter: NR 85 (76f662e4, 7ebee7b0, 1000, 76f78578, 76f74000, 7ebee7b0)
 systemd-journal-129   [003] ....  3943.834521: sys_exit: NR 322 = -2
 systemd-journal-129   [003] ....  3943.834549: sys_enter: NR 322 (ffffff9c, 7eef02a0, a0000, 0, 1648170, 76fb9968)
 systemd-journal-129   [003] ....  3943.834569: sys_exit: NR 322 = -2
        modprobe-1314  [001] ....  3943.834588: sys_exit: NR 85 = 9
        modprobe-1314  [001] ....  3943.834595: sys_enter: NR 322 (ffffff9c, 76f75198, a0000, 0, 76f74000, 0)
 systemd-journal-129   [003] ....  3943.834601: sys_enter: NR 322 (ffffff9c, 7eef0248, a0000, 0, 1648170, 76fb9968)
        modprobe-1314  [001] ....  3943.834612: ext4_file_open+0x14/0x1d8 <-do_dentry_open+0x124/0x3c8
 systemd-journal-129   [003] ....  3943.834620: sys_exit: NR 322 = 20
        modprobe-1314  [001] ....  3943.834631: <stack trace>
 => ext4_file_open+0x18/0x1d8
 => do_dentry_open+0x124/0x3c8
 => vfs_open+0x3c/0x40
 => path_openat+0x2c0/0x1154
 => do_filp_open+0x84/0xec
 => do_sys_open+0x178/0x1fc
 => sys_openat+0x1c/0x20
 => __sys_trace_return+0x0/0x1c
 => 0x7ebef760
        modprobe-1314  [001] ....  3943.834636: sys_exit: NR 322 = 0
 systemd-journal-129   [003] ....  3943.834638: sys_enter: NR 197 (14, 7eef00f8, 7eef00f8, 76e7b788, 1648170, 76f5ab1c)
        modprobe-1314  [001] ....  3943.834639: sys_enter: NR 3 (0, 7ebef828, 200, 0, 76f74000, 0)
        modprobe-1314  [001] ....  3943.834642: ext4_file_read_iter+0x10/0x64 <-__vfs_read+0x124/0x16c
 systemd-journal-129   [003] ....  3943.834643: sys_exit: NR 197 = 0
 systemd-journal-129   [003] ....  3943.834652: sys_enter: NR 3 (14, 1676268, 400, 0, 1648170, 76f5ab1c)
        modprobe-1314  [001] ....  3943.834658: <stack trace>
 => ext4_file_read_iter+0x14/0x64
 => __vfs_read+0x124/0x16c
 => vfs_read+0x9c/0x164
 => ksys_read+0x74/0xe8
 => sys_read+0x18/0x1c
 => __sys_trace_return+0x0/0x1c
 => 0x7ebef774
        modprobe-1314  [001] ....  3943.834666: sys_exit: NR 3 = 512
        modprobe-1314  [001] ....  3943.834671: sys_enter: NR 140 (0, 0, 416c, 7ebef350, 0, 7ebef368)
        modprobe-1314  [001] ....  3943.834674: ext4_llseek+0x14/0x16c <-sys_llseek+0xc0/0x148
        modprobe-1314  [001] ....  3943.834686: <stack trace>
 => ext4_llseek+0x18/0x16c
 => sys_llseek+0xc0/0x148
 => __sys_trace_return+0x0/0x1c
 => 0x7ebef350
        modprobe-1314  [001] ....  3943.834690: sys_exit: NR 140 = 0
        modprobe-1314  [001] ....  3943.834692: sys_enter: NR 3 (0, 7ebef368, 3c0, 0, 3c0, 7ebef368)
        modprobe-1314  [001] ....  3943.834694: ext4_file_read_iter+0x10/0x64 <-__vfs_read+0x124/0x16c
        modprobe-1314  [001] ....  3943.834709: <stack trace>
 => ext4_file_read_iter+0x14/0x64
 => __vfs_read+0x124/0x16c
 => vfs_read+0x9c/0x164
 => ksys_read+0x74/0xe8
 => sys_read+0x18/0x1c
 => __sys_trace_return+0x0/0x1c
 => 0x7ebef364
        modprobe-1314  [001] ....  3943.834715: sys_exit: NR 3 = 960
        modprobe-1314  [001] ....  3943.834718: sys_enter: NR 140 (0, 0, 4028, 7ebef320, 0, 7ebef6b0)
        modprobe-1314  [001] ....  3943.834720: ext4_llseek+0x14/0x16c <-sys_llseek+0xc0/0x148
 systemd-journal-129   [003] ....  3943.834725: sys_exit: NR 3 = 297
        modprobe-1314  [001] ....  3943.834733: <stack trace>
 => ext4_llseek+0x18/0x16c
 => sys_llseek+0xc0/0x148
 => __sys_trace_return+0x0/0x1c
 => 0x7ebef320
        modprobe-1314  [001] ....  3943.834735: sys_exit: NR 140 = 0
        modprobe-1314  [001] ....  3943.834737: sys_enter: NR 3 (0, 7ebef338, 2d, 0, 7ebef338, 7ebef6b0)
        modprobe-1314  [001] ....  3943.834740: ext4_file_read_iter+0x10/0x64 <-__vfs_read+0x124/0x16c
        modprobe-1314  [001] ....  3943.834755: <stack trace>
 => ext4_file_read_iter+0x14/0x64
 => __vfs_read+0x124/0x16c
 => vfs_read+0x9c/0x164
 => ksys_read+0x74/0xe8
 => sys_read+0x18/0x1c
 => __sys_trace_return+0x0/0x1c
 => 0x7ebef334
        modprobe-1314  [001] ....  3943.834759: sys_exit: NR 3 = 45
        modprobe-1314  [001] ....  3943.834763: sys_enter: NR 140 (0, 0, 416c, 7ebef350, 0, 7ebef368)
        modprobe-1314  [001] ....  3943.834765: ext4_llseek+0x14/0x16c <-sys_llseek+0xc0/0x148
        modprobe-1314  [001] ....  3943.834776: <stack trace>
 => ext4_llseek+0x18/0x16c
 => sys_llseek+0xc0/0x148
 => __sys_trace_return+0x0/0x1c
 => 0x7ebef350
        modprobe-1314  [001] ....  3943.834779: sys_exit: NR 140 = 0
        modprobe-1314  [001] ....  3943.834781: sys_enter: NR 3 (0, 7ebef368, 3c0, 0, 3c0, 7ebef368)
        modprobe-1314  [001] ....  3943.834783: ext4_file_read_iter+0x10/0x64 <-__vfs_read+0x124/0x16c
        modprobe-1314  [001] ....  3943.834797: <stack trace>
 => ext4_file_read_iter+0x14/0x64
 => __vfs_read+0x124/0x16c
 => vfs_read+0x9c/0x164
 => ksys_read+0x74/0xe8
 => sys_read+0x18/0x1c
 => __sys_trace_return+0x0/0x1c
 => 0x7ebef364
        modprobe-1314  [001] ....  3943.834803: sys_exit: NR 3 = 960
        modprobe-1314  [001] ....  3943.834805: sys_enter: NR 140 (0, 0, 4028, 7ebef320, 0, 7ebef6b0)
        modprobe-1314  [001] ....  3943.834807: ext4_llseek+0x14/0x16c <-sys_llseek+0xc0/0x148
        modprobe-1314  [001] ....  3943.834818: <stack trace>
 => ext4_llseek+0x18/0x16c
 => sys_llseek+0xc0/0x148
 => __sys_trace_return+0x0/0x1c
 => 0x7ebef320
        modprobe-1314  [001] ....  3943.834820: sys_exit: NR 140 = 0
        modprobe-1314  [001] ....  3943.834822: sys_enter: NR 3 (0, 7ebef338, 2d, 0, 7ebef338, 7ebef6b0)
        modprobe-1314  [001] ....  3943.834825: ext4_file_read_iter+0x10/0x64 <-__vfs_read+0x124/0x16c
 systemd-journal-129   [003] ....  3943.834828: sys_enter: NR 3 (14, 1676268, 400, 0, 1648170, 76f5ab1c)
 systemd-journal-129   [003] ....  3943.834831: sys_exit: NR 3 = 0
        modprobe-1314  [001] ....  3943.834839: <stack trace>
 => ext4_file_read_iter+0x14/0x64
 => __vfs_read+0x124/0x16c
 => vfs_read+0x9c/0x164
 => ksys_read+0x74/0xe8
 => sys_read+0x18/0x1c
 => __sys_trace_return+0x0/0x1c
 => 0x7ebef334
        modprobe-1314  [001] ....  3943.834843: sys_exit: NR 3 = 45
 systemd-journal-129   [003] ....  3943.834844: sys_enter: NR 6 (14, 444, 76f5a6d8, 76e7a864, 1648170, 76f5ab1c)
 systemd-journal-129   [003] ....  3943.834846: __close_fd+0x10/0xa0 <-sys_close+0x30/0x58
        modprobe-1314  [001] ....  3943.834846: sys_enter: NR 140 (0, 0, 416c, 7ebef350, 0, 7ebef368)
        modprobe-1314  [001] ....  3943.834849: ext4_llseek+0x14/0x16c <-sys_llseek+0xc0/0x148
 systemd-journal-129   [003] ....  3943.834860: <stack trace>
 => __close_fd+0x14/0xa0
 => sys_close+0x30/0x58
 => __sys_trace_return+0x0/0x1c
 => 0x7eef01e8
        modprobe-1314  [001] ....  3943.834860: <stack trace>
 => ext4_llseek+0x18/0x16c
 => sys_llseek+0xc0/0x148
 => __sys_trace_return+0x0/0x1c
 => 0x7ebef350
        modprobe-1314  [001] ....  3943.834863: sys_exit: NR 140 = 0
 systemd-journal-129   [003] ....  3943.834863: sys_exit: NR 6 = 0
        modprobe-1314  [001] ....  3943.834865: sys_enter: NR 3 (0, 7ebef368, 3c0, 0, 3c0, 7ebef368)
        modprobe-1314  [001] ....  3943.834867: ext4_file_read_iter+0x10/0x64 <-__vfs_read+0x124/0x16c
        modprobe-1314  [001] ....  3943.834881: <stack trace>
 => ext4_file_read_iter+0x14/0x64
 => __vfs_read+0x124/0x16c
 => vfs_read+0x9c/0x164
 => ksys_read+0x74/0xe8
 => sys_read+0x18/0x1c
 => __sys_trace_return+0x0/0x1c
 => 0x7ebef364
        modprobe-1314  [001] ....  3943.834886: sys_exit: NR 3 = 960
        modprobe-1314  [001] ....  3943.834889: sys_enter: NR 140 (0, 0, 4028, 7ebef320, 0, 7ebef6b0)
        modprobe-1314  [001] ....  3943.834891: ext4_llseek+0x14/0x16c <-sys_llseek+0xc0/0x148
        modprobe-1314  [001] ....  3943.834902: <stack trace>
 => ext4_llseek+0x18/0x16c
 => sys_llseek+0xc0/0x148
 => __sys_trace_return+0x0/0x1c
 => 0x7ebef320
        modprobe-1314  [001] ....  3943.834904: sys_exit: NR 140 = 0
        modprobe-1314  [001] ....  3943.834906: sys_enter: NR 3 (0, 7ebef338, 2d, 0, 7ebef338, 7ebef6b0)
        modprobe-1314  [001] ....  3943.834908: ext4_file_read_iter+0x10/0x64 <-__vfs_read+0x124/0x16c
        modprobe-1314  [001] ....  3943.834923: <stack trace>
 => ext4_file_read_iter+0x14/0x64
 => __vfs_read+0x124/0x16c
 => vfs_read+0x9c/0x164
 => ksys_read+0x74/0xe8
 => sys_read+0x18/0x1c
 => __sys_trace_return+0x0/0x1c
 => 0x7ebef334
        modprobe-1314  [001] ....  3943.834927: sys_exit: NR 3 = 45
        modprobe-1314  [001] ....  3943.834931: sys_enter: NR 140 (0, 0, 416c, 7ebef350, 0, 7ebef368)
        modprobe-1314  [001] ....  3943.834933: ext4_llseek+0x14/0x16c <-sys_llseek+0xc0/0x148
        modprobe-1314  [001] ....  3943.834944: <stack trace>
 => ext4_llseek+0x18/0x16c
 => sys_llseek+0xc0/0x148
 => __sys_trace_return+0x0/0x1c
 => 0x7ebef350
        modprobe-1314  [001] ....  3943.834946: sys_exit: NR 140 = 0
        modprobe-1314  [001] ....  3943.834948: sys_enter: NR 3 (0, 7ebef368, 3c0, 0, 3c0, 7ebef368)
        modprobe-1314  [001] ....  3943.834951: ext4_file_read_iter+0x10/0x64 <-__vfs_read+0x124/0x16c
        modprobe-1314  [001] ....  3943.834965: <stack trace>
 => ext4_file_read_iter+0x14/0x64
 => __vfs_read+0x124/0x16c
 => vfs_read+0x9c/0x164
 => ksys_read+0x74/0xe8
 => sys_read+0x18/0x1c
 => __sys_trace_return+0x0/0x1c
 => 0x7ebef364
        modprobe-1314  [001] ....  3943.834970: sys_exit: NR 3 = 960
        modprobe-1314  [001] ....  3943.834974: sys_enter: NR 140 (0, 0, 4028, 7ebef320, 0, 7ebef6b0)
        modprobe-1314  [001] ....  3943.834976: ext4_llseek+0x14/0x16c <-sys_llseek+0xc0/0x148
        modprobe-1314  [001] ....  3943.834987: <stack trace>
 => ext4_llseek+0x18/0x16c
 => sys_llseek+0xc0/0x148
 => __sys_trace_return+0x0/0x1c
 => 0x7ebef320
        modprobe-1314  [001] ....  3943.834989: sys_exit: NR 140 = 0
 systemd-journal-129   [003] ....  3943.834990: sys_enter: NR 332 (ffffff9c, 7eef0298, 167d860, 1000, 1001, 167d860)
        modprobe-1314  [001] ....  3943.834991: sys_enter: NR 3 (0, 7ebef338, 2d, 0, 7ebef338, 7ebef6b0)
        modprobe-1314  [001] ....  3943.834993: ext4_file_read_iter+0x10/0x64 <-__vfs_read+0x124/0x16c
        modprobe-1314  [001] ....  3943.835008: <stack trace>
 => ext4_file_read_iter+0x14/0x64
 => __vfs_read+0x124/0x16c
 => vfs_read+0x9c/0x164
 => ksys_read+0x74/0xe8
 => sys_read+0x18/0x1c
 => __sys_trace_return+0x0/0x1c
 => 0x7ebef334
        modprobe-1314  [001] ....  3943.835012: sys_exit: NR 3 = 45
 systemd-journal-129   [003] ....  3943.835013: sys_exit: NR 332 = 32
        modprobe-1314  [001] ....  3943.835015: sys_enter: NR 140 (0, 0, 416c, 7ebef350, 0, 7ebef368)
        modprobe-1314  [001] ....  3943.835017: ext4_llseek+0x14/0x16c <-sys_llseek+0xc0/0x148
        modprobe-1314  [001] ....  3943.835028: <stack trace>
 => ext4_llseek+0x18/0x16c
 => sys_llseek+0xc0/0x148
 => __sys_trace_return+0x0/0x1c
 => 0x7ebef350
        modprobe-1314  [001] ....  3943.835030: sys_exit: NR 140 = 0
        modprobe-1314  [001] ....  3943.835032: sys_enter: NR 3 (0, 7ebef368, 3c0, 0, 3c0, 7ebef368)
        modprobe-1314  [001] ....  3943.835034: ext4_file_read_iter+0x10/0x64 <-__vfs_read+0x124/0x16c
 systemd-journal-129   [003] ....  3943.835037: sys_enter: NR 332 (ffffff9c, 7eef0288, 167d860, 1000, 1001, 167d860)
        modprobe-1314  [001] ....  3943.835049: <stack trace>
 => ext4_file_read_iter+0x14/0x64
 => __vfs_read+0x124/0x16c
 => vfs_read+0x9c/0x164
 => ksys_read+0x74/0xe8
 => sys_read+0x18/0x1c
 => __sys_trace_return+0x0/0x1c
 => 0x7ebef364
        modprobe-1314  [001] ....  3943.835054: sys_exit: NR 3 = 960
        modprobe-1314  [001] ....  3943.835056: sys_enter: NR 140 (0, 0, 4028, 7ebef320, 0, 7ebef6b0)
        modprobe-1314  [001] ....  3943.835058: ext4_llseek+0x14/0x16c <-sys_llseek+0xc0/0x148
 systemd-journal-129   [003] ....  3943.835058: sys_exit: NR 332 = -2
        modprobe-1314  [001] ....  3943.835069: <stack trace>
 => ext4_llseek+0x18/0x16c
 => sys_llseek+0xc0/0x148
 => __sys_trace_return+0x0/0x1c
 => 0x7ebef320
        modprobe-1314  [001] ....  3943.835072: sys_exit: NR 140 = 0
        modprobe-1314  [001] ....  3943.835077: sys_enter: NR 3 (0, 7ebef338, 2d, 0, 7ebef338, 7ebef6b0)
        modprobe-1314  [001] ....  3943.835079: ext4_file_read_iter+0x10/0x64 <-__vfs_read+0x124/0x16c
 systemd-journal-129   [003] ....  3943.835080: sys_enter: NR 322 (ffffff9c, 7eef01e8, a0000, 0, 1648170, 76fb9968)
        modprobe-1314  [001] ....  3943.835093: <stack trace>
 => ext4_file_read_iter+0x14/0x64
 => __vfs_read+0x124/0x16c
 => vfs_read+0x9c/0x164
 => ksys_read+0x74/0xe8
 => sys_read+0x18/0x1c
 => __sys_trace_return+0x0/0x1c
 => 0x7ebef334
        modprobe-1314  [001] ....  3943.835099: sys_exit: NR 3 = 45
        modprobe-1314  [001] ....  3943.835102: sys_enter: NR 140 (0, 0, 416c, 7ebef350, 0, 7ebef368)
 systemd-journal-129   [003] ....  3943.835102: sys_exit: NR 322 = -2
        modprobe-1314  [001] ....  3943.835104: ext4_llseek+0x14/0x16c <-sys_llseek+0xc0/0x148
        modprobe-1314  [001] ....  3943.835115: <stack trace>
 => ext4_llseek+0x18/0x16c
 => sys_llseek+0xc0/0x148
 => __sys_trace_return+0x0/0x1c
 => 0x7ebef350
        modprobe-1314  [001] ....  3943.835117: sys_exit: NR 140 = 0
        modprobe-1314  [001] ....  3943.835119: sys_enter: NR 3 (0, 7ebef368, 3c0, 0, 3c0, 7ebef368)
        modprobe-1314  [001] ....  3943.835122: ext4_file_read_iter+0x10/0x64 <-__vfs_read+0x124/0x16c
 systemd-journal-129   [003] ....  3943.835127: sys_enter: NR 332 (ffffff9c, 7eef0288, 167d860, 1000, 1001, 167d860)
        modprobe-1314  [001] ....  3943.835136: <stack trace>
 => ext4_file_read_iter+0x14/0x64
 => __vfs_read+0x124/0x16c
 => vfs_read+0x9c/0x164
 => ksys_read+0x74/0xe8
 => sys_read+0x18/0x1c
 => __sys_trace_return+0x0/0x1c
 => 0x7ebef364
        modprobe-1314  [001] ....  3943.835141: sys_exit: NR 3 = 960
        modprobe-1314  [001] ....  3943.835144: sys_enter: NR 140 (0, 0, 4028, 7ebef320, 0, 7ebef6b0)
        modprobe-1314  [001] ....  3943.835145: ext4_llseek+0x14/0x16c <-sys_llseek+0xc0/0x148
 systemd-journal-129   [003] ....  3943.835148: sys_exit: NR 332 = -2
        modprobe-1314  [001] ....  3943.835157: <stack trace>
 => ext4_llseek+0x18/0x16c
 => sys_llseek+0xc0/0x148
 => __sys_trace_return+0x0/0x1c
 => 0x7ebef320
        modprobe-1314  [001] ....  3943.835159: sys_exit: NR 140 = 0
        modprobe-1314  [001] ....  3943.835161: sys_enter: NR 3 (0, 7ebef338, 2d, 0, 7ebef338, 7ebef6b0)
        modprobe-1314  [001] ....  3943.835163: ext4_file_read_iter+0x10/0x64 <-__vfs_read+0x124/0x16c
 systemd-journal-129   [003] ....  3943.835168: sys_enter: NR 332 (ffffff9c, 7eef0288, 167d860, 1000, 1001, 167d860)
        modprobe-1314  [001] ....  3943.835178: <stack trace>
 => ext4_file_read_iter+0x14/0x64
 => __vfs_read+0x124/0x16c
 => vfs_read+0x9c/0x164
 => ksys_read+0x74/0xe8
 => sys_read+0x18/0x1c
 => __sys_trace_return+0x0/0x1c
 => 0x7ebef334
        modprobe-1314  [001] ....  3943.835182: sys_exit: NR 3 = 45
 systemd-journal-129   [003] ....  3943.835185: sys_exit: NR 332 = -2
        modprobe-1314  [001] ....  3943.835186: sys_enter: NR 197 (0, 7ebef750, 7ebef750, 76f7895c, 0, 0)
        modprobe-1314  [001] ....  3943.835191: sys_exit: NR 197 = 0
        modprobe-1314  [001] ....  3943.835199: sys_enter: NR 192 (0, 1402c, 5, 802, 0, 0)
        modprobe-1314  [001] ....  3943.835211: sys_exit: NR 192 = 1995644928
        modprobe-1314  [001] ....  3943.835214: sys_enter: NR 125 (76f36000, f000, 0, 13000, 76f751e8, 76f32000)
 systemd-journal-129   [003] ....  3943.835219: sys_enter: NR 296 (5, 7eef0350, 4000, 0, 7eef0654, 7eef09b0)
        modprobe-1314  [001] ....  3943.835239: sys_exit: NR 125 = 0
        modprobe-1314  [001] ....  3943.835242: sys_enter: NR 192 (76f45000, 2000, 3, 812, 0, 3)
        modprobe-1314  [001] ....  3943.835277: sys_exit: NR 192 = 1995722752
 systemd-journal-129   [003] ....  3943.835304: sys_exit: NR 296 = 78
        modprobe-1314  [001] ....  3943.835316: sys_enter: NR 6 (0, 6, 76f78060, 0, 76f751e8, 70000022)
        modprobe-1314  [001] ....  3943.835318: __close_fd+0x10/0xa0 <-sys_close+0x30/0x58
        modprobe-1314  [001] ....  3943.835332: <stack trace>
 => __close_fd+0x14/0xa0
 => sys_close+0x30/0x58
 => __sys_trace_return+0x0/0x1c
 => 0x7ebef6d4
        modprobe-1314  [001] ....  3943.835335: sys_exit: NR 6 = 0
        modprobe-1314  [001] ....  3943.835354: sys_enter: NR 91 (76f74000, 36, 0, 0, 76f74000, 1)
        modprobe-1314  [001] ....  3943.835383: sys_exit: NR 91 = 0
 systemd-journal-129   [003] ....  3943.835389: sys_enter: NR 33 (468fd4, 0, 424, 0, 7eef09b0, 0)
        modprobe-1314  [001] ....  3943.835401: sys_enter: NR 322 (ffffff9c, 76f66858, a0000, 0, 76f78914, 76f78910)
 systemd-journal-129   [003] ....  3943.835407: sys_exit: NR 33 = 0
        modprobe-1314  [001] ....  3943.835414: ext4_file_open+0x14/0x1d8 <-do_dentry_open+0x124/0x3c8
 systemd-journal-129   [003] ....  3943.835415: sys_enter: NR 39 (164b978, 1ed, 424, 0, 7eef09b0, 0)
 systemd-journal-129   [003] ....  3943.835426: sys_exit: NR 39 = -2
        modprobe-1314  [001] ....  3943.835434: <stack trace>
 => ext4_file_open+0x18/0x1d8
 => do_dentry_open+0x124/0x3c8
 => vfs_open+0x3c/0x40
 => path_openat+0x2c0/0x1154
 => do_filp_open+0x84/0xec
 => do_sys_open+0x178/0x1fc
 => sys_openat+0x1c/0x20
 => __sys_trace_return+0x0/0x1c
 => 0x7ebef288
        modprobe-1314  [001] ....  3943.835439: sys_exit: NR 322 = 0
        modprobe-1314  [001] ....  3943.835442: sys_enter: NR 197 (0, 7ebef2a8, 7ebef2a8, 0, 76f78914, 0)
        modprobe-1314  [001] ....  3943.835447: sys_exit: NR 197 = 0
        modprobe-1314  [001] ....  3943.835449: sys_enter: NR 192 (0, 13a34, 1, 2, 0, 0)
        modprobe-1314  [001] ....  3943.835459: sys_exit: NR 192 = 1995563008
 systemd-journal-129   [003] ....  3943.835460: sys_enter: NR 322 (ffffff9c, 1650940, a0842, 1a0, 16589b8, 76fb9968)
        modprobe-1314  [001] ....  3943.835461: sys_enter: NR 6 (0, 13a34, 1, 76f1e000, 76f1e000, 0)
        modprobe-1314  [001] ....  3943.835463: __close_fd+0x10/0xa0 <-sys_close+0x30/0x58
 systemd-journal-129   [003] ....  3943.835471: sys_exit: NR 322 = -2
        modprobe-1314  [001] ....  3943.835475: <stack trace>
 => __close_fd+0x14/0xa0
 => sys_close+0x30/0x58
 => __sys_trace_return+0x0/0x1c
 => 0x7ebef29c
        modprobe-1314  [001] ....  3943.835478: sys_exit: NR 6 = 0
 systemd-journal-129   [003] ....  3943.835494: sys_enter: NR 33 (468fd4, 0, 424, 164ddf8, 0, 7eef09b0)
 systemd-journal-129   [003] ....  3943.835506: sys_exit: NR 33 = 0
        modprobe-1314  [001] ....  3943.835512: sys_enter: NR 322 (ffffff9c, 76f754c0, a0000, 0, 10e09, 0)
 systemd-journal-129   [003] ....  3943.835514: sys_enter: NR 39 (164b978, 1ed, 424, 0, 7eef09b0, 0)
 systemd-journal-129   [003] ....  3943.835520: sys_exit: NR 39 = -2
        modprobe-1314  [001] ....  3943.835531: ext4_file_open+0x14/0x1d8 <-do_dentry_open+0x124/0x3c8
 systemd-journal-129   [003] ....  3943.835541: sys_enter: NR 322 (ffffff9c, 1650940, a0842, 1a0, 16589b8, 76fb9968)
        modprobe-1314  [001] ....  3943.835549: <stack trace>
 => ext4_file_open+0x18/0x1d8
 => do_dentry_open+0x124/0x3c8
 => vfs_open+0x3c/0x40
 => path_openat+0x2c0/0x1154
 => do_filp_open+0x84/0xec
 => do_sys_open+0x178/0x1fc
 => sys_openat+0x1c/0x20
 => __sys_trace_return+0x0/0x1c
 => 0x7ebef2f8
 systemd-journal-129   [003] ....  3943.835551: sys_exit: NR 322 = -2
        modprobe-1314  [001] ....  3943.835555: sys_exit: NR 322 = 0
        modprobe-1314  [001] ....  3943.835557: sys_enter: NR 3 (0, 7ebef3c0, 200, 0, 10e09, 0)
        modprobe-1314  [001] ....  3943.835560: ext4_file_read_iter+0x10/0x64 <-__vfs_read+0x124/0x16c
        modprobe-1314  [001] ....  3943.835575: <stack trace>
 => ext4_file_read_iter+0x14/0x64
 => __vfs_read+0x124/0x16c
 => vfs_read+0x9c/0x164
 => ksys_read+0x74/0xe8
 => sys_read+0x18/0x1c
 => __sys_trace_return+0x0/0x1c
 => 0x7ebef30c
        modprobe-1314  [001] ....  3943.835583: sys_exit: NR 3 = 512
        modprobe-1314  [001] ....  3943.835586: sys_enter: NR 140 (0, 0, 20308, 7ebeee98, 0, 7ebeeeb0)
        modprobe-1314  [001] ....  3943.835588: ext4_llseek+0x14/0x16c <-sys_llseek+0xc0/0x148
        modprobe-1314  [001] ....  3943.835601: <stack trace>
 => ext4_llseek+0x18/0x16c
 => sys_llseek+0xc0/0x148
 => __sys_trace_return+0x0/0x1c
 => 0x7ebeee98
        modprobe-1314  [001] ....  3943.835604: sys_exit: NR 140 = 0
        modprobe-1314  [001] ....  3943.835606: sys_enter: NR 3 (0, 7ebeeeb0, 410, 0, 410, 7ebeeeb0)
        modprobe-1314  [001] ....  3943.835609: ext4_file_read_iter+0x10/0x64 <-__vfs_read+0x124/0x16c
 systemd-journal-129   [003] ....  3943.835614: sys_enter: NR 197 (f, 164de28, 164de28, 82f4e900, 164ddf8, 164de28)
 systemd-journal-129   [003] ....  3943.835621: sys_exit: NR 197 = 0
        modprobe-1314  [001] ....  3943.835623: <stack trace>
 => ext4_file_read_iter+0x14/0x64
 => __vfs_read+0x124/0x16c
 => vfs_read+0x9c/0x164
 => ksys_read+0x74/0xe8
 => sys_read+0x18/0x1c
 => __sys_trace_return+0x0/0x1c
 => 0x7ebeeeac
        modprobe-1314  [001] ....  3943.835631: sys_exit: NR 3 = 1040
        modprobe-1314  [001] ....  3943.835633: sys_enter: NR 140 (0, 0, 201ac, 7ebeee68, 0, 7ebef248)
        modprobe-1314  [001] ....  3943.835635: ext4_llseek+0x14/0x16c <-sys_llseek+0xc0/0x148
        modprobe-1314  [001] ....  3943.835647: <stack trace>
 => ext4_llseek+0x18/0x16c
 => sys_llseek+0xc0/0x148
 => __sys_trace_return+0x0/0x1c
 => 0x7ebeee68
        modprobe-1314  [001] ....  3943.835649: sys_exit: NR 140 = 0
        modprobe-1314  [001] ....  3943.835651: sys_enter: NR 3 (0, 7ebeee80, 2d, 0, 7ebeee80, 7ebef248)
        modprobe-1314  [001] ....  3943.835654: ext4_file_read_iter+0x10/0x64 <-__vfs_read+0x124/0x16c
        modprobe-1314  [001] ....  3943.835668: <stack trace>
 => ext4_file_read_iter+0x14/0x64
 => __vfs_read+0x124/0x16c
 => vfs_read+0x9c/0x164
 => ksys_read+0x74/0xe8
 => sys_read+0x18/0x1c
 => __sys_trace_return+0x0/0x1c
 => 0x7ebeee7c
        modprobe-1314  [001] ....  3943.835673: sys_exit: NR 3 = 45
        modprobe-1314  [001] ....  3943.835676: sys_enter: NR 140 (0, 0, 20308, 7ebeee98, 0, 7ebeeeb0)
        modprobe-1314  [001] ....  3943.835678: ext4_llseek+0x14/0x16c <-sys_llseek+0xc0/0x148
        modprobe-1314  [001] ....  3943.835689: <stack trace>
 => ext4_llseek+0x18/0x16c
 => sys_llseek+0xc0/0x148
 => __sys_trace_return+0x0/0x1c
 => 0x7ebeee98
        modprobe-1314  [001] ....  3943.835692: sys_exit: NR 140 = 0
        modprobe-1314  [001] ....  3943.835694: sys_enter: NR 3 (0, 7ebeeeb0, 410, 0, 410, 7ebeeeb0)
        modprobe-1314  [001] ....  3943.835696: ext4_file_read_iter+0x10/0x64 <-__vfs_read+0x124/0x16c
          <idle>-0     [002] d...  3943.835698: sched_switch: prev_comm=swapper/2 prev_pid=0 prev_prio=120 prev_state=R ==> next_comm=vncagent next_pid=512 next_prio=120
        modprobe-1314  [001] ....  3943.835710: <stack trace>
 => ext4_file_read_iter+0x14/0x64
 => __vfs_read+0x124/0x16c
 => vfs_read+0x9c/0x164
 => ksys_read+0x74/0xe8
 => sys_read+0x18/0x1c
 => __sys_trace_return+0x0/0x1c
 => 0x7ebeeeac
        modprobe-1314  [001] ....  3943.835716: sys_exit: NR 3 = 1040
        modprobe-1314  [001] ....  3943.835718: sys_enter: NR 140 (0, 0, 201ac, 7ebeee68, 0, 7ebef248)
        modprobe-1314  [001] ....  3943.835720: ext4_llseek+0x14/0x16c <-sys_llseek+0xc0/0x148
        vncagent-512   [002] ....  3943.835728: sys_exit: NR 142 = 0
        modprobe-1314  [001] ....  3943.835733: <stack trace>
 => ext4_llseek+0x18/0x16c
 => sys_llseek+0xc0/0x148
 => __sys_trace_return+0x0/0x1c
 => 0x7ebeee68
        modprobe-1314  [001] ....  3943.835735: sys_exit: NR 140 = 0
        modprobe-1314  [001] ....  3943.835737: sys_enter: NR 3 (0, 7ebeee80, 2d, 0, 7ebeee80, 7ebef248)
        modprobe-1314  [001] ....  3943.835740: ext4_file_read_iter+0x10/0x64 <-__vfs_read+0x124/0x16c
        vncagent-512   [002] ....  3943.835754: sys_enter: NR 168 (7efe3304, 1, ffffffff, 0, 1b737a0, 1b737a0)
        modprobe-1314  [001] ....  3943.835754: <stack trace>
 => ext4_file_read_iter+0x14/0x64
 => __vfs_read+0x124/0x16c
 => vfs_read+0x9c/0x164
 => ksys_read+0x74/0xe8
 => sys_read+0x18/0x1c
 => __sys_trace_return+0x0/0x1c
 => 0x7ebeee7c
        modprobe-1314  [001] ....  3943.835758: sys_exit: NR 3 = 45
        modprobe-1314  [001] ....  3943.835761: sys_enter: NR 140 (0, 0, 20308, 7ebeee98, 0, 7ebeeeb0)
        vncagent-512   [002] ....  3943.835762: sys_exit: NR 168 = 1
        modprobe-1314  [001] ....  3943.835763: ext4_llseek+0x14/0x16c <-sys_llseek+0xc0/0x148
        vncagent-512   [002] ....  3943.835766: sys_enter: NR 146 (3, 7efe33fc, 3, 0, 0, 1b737a0)
        modprobe-1314  [001] ....  3943.835775: <stack trace>
 => ext4_llseek+0x18/0x16c
 => sys_llseek+0xc0/0x148
 => __sys_trace_return+0x0/0x1c
 => 0x7ebeee98
        modprobe-1314  [001] ....  3943.835777: sys_exit: NR 140 = 0
        modprobe-1314  [001] ....  3943.835779: sys_enter: NR 3 (0, 7ebeeeb0, 410, 0, 410, 7ebeeeb0)
        modprobe-1314  [001] ....  3943.835781: ext4_file_read_iter+0x10/0x64 <-__vfs_read+0x124/0x16c
        modprobe-1314  [001] ....  3943.835796: <stack trace>
 => ext4_file_read_iter+0x14/0x64
 => __vfs_read+0x124/0x16c
 => vfs_read+0x9c/0x164
 => ksys_read+0x74/0xe8
 => sys_read+0x18/0x1c
 => __sys_trace_return+0x0/0x1c
 => 0x7ebeeeac
        modprobe-1314  [001] ....  3943.835801: sys_exit: NR 3 = 1040
        modprobe-1314  [001] ....  3943.835804: sys_enter: NR 140 (0, 0, 201ac, 7ebeee68, 0, 7ebef248)
        vncagent-512   [002] ....  3943.835805: sys_exit: NR 146 = 8
        modprobe-1314  [001] ....  3943.835806: ext4_llseek+0x14/0x16c <-sys_llseek+0xc0/0x148
        modprobe-1314  [001] ....  3943.835817: <stack trace>
 => ext4_llseek+0x18/0x16c
 => sys_llseek+0xc0/0x148
 => __sys_trace_return+0x0/0x1c
 => 0x7ebeee68
        modprobe-1314  [001] ....  3943.835819: sys_exit: NR 140 = 0
        modprobe-1314  [001] ....  3943.835821: sys_enter: NR 3 (0, 7ebeee80, 2d, 0, 7ebeee80, 7ebef248)
        vncagent-512   [002] ....  3943.835822: sys_enter: NR 168 (7efe32ec, 1, ffffffff, 0, 7efe3470, 1b737a0)
        modprobe-1314  [001] ....  3943.835824: ext4_file_read_iter+0x10/0x64 <-__vfs_read+0x124/0x16c
