      tailscaled-417   [000] ....  3943.935343: sys_exit: NR 240 = 0
      tailscaled-417   [000] ....  3943.935352: sys_enter: NR 158 (101, 4, 1695b44, 1, 0, 0)
      tailscaled-417   [000] ....  3943.935360: sys_exit: NR 158 = 0
      tailscaled-417   [000] ....  3943.935366: sys_enter: NR 240 (185e328, 80, ffffffff, 0, 0, 0)
      tailscaled-417   [000] d...  3943.935382: sched_switch: prev_comm=tailscaled prev_pid=417 prev_prio=120 prev_state=S ==> next_comm=tailscaled next_pid=357 next_prio=120
      tailscaled-357   [000] ....  3943.935390: sys_enter: NR 240 (185e328, 81, 1, 0, 0, 0)
      tailscaled-357   [000] .n..  3943.935401: sys_exit: NR 240 = 1
      tailscaled-357   [000] d...  3943.935407: sched_switch: prev_comm=tailscaled prev_pid=357 prev_prio=120 prev_state=R ==> next_comm=tailscaled next_pid=417 next_prio=120
      tailscaled-417   [000] ....  3943.935410: sys_exit: NR 240 = 0
      tailscaled-417   [000] ....  3943.935426: sys_enter: NR 162 (1849f60, 0, 396, 14, 0, 0)
      tailscaled-417   [000] d...  3943.935445: sched_switch: prev_comm=tailscaled prev_pid=417 prev_prio=120 prev_state=S ==> next_comm=tailscaled next_pid=357 next_prio=120
          <idle>-0     [002] d...  3943.935445: sched_switch: prev_comm=swapper/2 prev_pid=0 prev_prio=120 prev_state=R ==> next_comm=vncagent next_pid=512 next_prio=120
      tailscaled-357   [000] ....  3943.935451: sys_enter: NR 3 (c, 1bc205c, 10009, 0, 0, 0)
        vncagent-512   [002] ....  3943.935477: sys_exit: NR 142 = 0
      tailscaled-357   [000] ....  3943.935488: sys_exit: NR 3 = 2530
        vncagent-512   [002] ....  3943.935505: sys_enter: NR 168 (7efe3304, 1, ffffffff, 0, 1b737a0, 1b737a0)
        vncagent-512   [002] ....  3943.935512: sys_exit: NR 168 = 1
        vncagent-512   [002] ....  3943.935516: sys_enter: NR 146 (3, 7efe33fc, 3, 0, 0, 1b737a0)
      tailscaled-357   [000] d...  3943.935528: sched_switch: prev_comm=tailscaled prev_pid=357 prev_prio=120 prev_state=R ==> next_comm=tailscaled next_pid=417 next_prio=120
      tailscaled-417   [000] ....  3943.935533: sys_exit: NR 162 = 0
      tailscaled-417   [000] ....  3943.935540: sys_enter: NR 162 (1849f60, 0, 396, 14, 0, 0)
      tailscaled-417   [000] d...  3943.935553: sched_switch: prev_comm=tailscaled prev_pid=417 prev_prio=120 prev_state=S ==> next_comm=tailscaled next_pid=357 next_prio=120
        vncagent-512   [002] ....  3943.935568: sys_exit: NR 146 = 8
        vncagent-512   [002] ....  3943.935589: sys_enter: NR 168 (7efe32ec, 1, ffffffff, 0, 7efe3470, 1b737a0)
        vncagent-512   [002] d...  3943.935606: sched_switch: prev_comm=vncagent prev_pid=512 prev_prio=120 prev_state=S ==> next_comm=Xorg next_pid=493 next_prio=120
            Xorg-493   [002] ....  3943.935621: sys_exit: NR 252 = 1
      tailscaled-357   [000] d...  3943.935630: sched_switch: prev_comm=tailscaled prev_pid=357 prev_prio=120 prev_state=R ==> next_comm=tailscaled next_pid=417 next_prio=120
      tailscaled-417   [000] ....  3943.935635: sys_exit: NR 162 = 0
            Xorg-493   [002] ....  3943.935637: sys_enter: NR 104 (0, 7ec13be4, 0, 1388, 76f94968, 1)
      tailscaled-417   [000] ....  3943.935641: sys_enter: NR 162 (1849f60, 0, 396, 14, 0, 0)
            Xorg-493   [002] ....  3943.935645: sys_exit: NR 104 = 0
      tailscaled-417   [000] d...  3943.935654: sched_switch: prev_comm=tailscaled prev_pid=417 prev_prio=120 prev_state=S ==> next_comm=tailscaled next_pid=357 next_prio=120
            Xorg-493   [002] ....  3943.935656: sys_enter: NR 297 (12, 7ec139cc, 0, 0, 0, 7ec139cc)
      tailscaled-357   [000] ....  3943.935667: sys_enter: NR 240 (1a308d4, 81, 1, 0, 0, 0)
      tailscaled-357   [000] ....  3943.935676: sys_exit: NR 240 = 1
            Xorg-493   [002] .n..  3943.935693: sys_exit: NR 297 = 8
            Xorg-493   [002] d...  3943.935704: sched_switch: prev_comm=Xorg prev_pid=493 prev_prio=120 prev_state=R ==> next_comm=tailscaled next_pid=545 next_prio=120
      tailscaled-545   [002] ....  3943.935712: sys_exit: NR 240 = 0
      tailscaled-545   [002] ....  3943.935730: sys_enter: NR 346 (4, 1cd1680, 80, 0, 0, 0)
      tailscaled-357   [000] d...  3943.935731: sched_switch: prev_comm=tailscaled prev_pid=357 prev_prio=120 prev_state=R ==> next_comm=tailscaled next_pid=417 next_prio=120
      tailscaled-417   [000] ....  3943.935736: sys_exit: NR 162 = 0
      tailscaled-545   [002] ....  3943.935739: sys_exit: NR 346 = 1
      tailscaled-417   [000] ....  3943.935743: sys_enter: NR 162 (1849f60, 0, 396, 14, 0, 0)
      tailscaled-417   [000] d...  3943.935756: sched_switch: prev_comm=tailscaled prev_pid=417 prev_prio=120 prev_state=S ==> next_comm=tailscaled next_pid=357 next_prio=120
      tailscaled-545   [002] ....  3943.935779: sys_enter: NR 346 (4, 1cd1680, 80, 3f, 0, 0)
      tailscaled-545   [002] d...  3943.935799: sched_switch: prev_comm=tailscaled prev_pid=545 prev_prio=120 prev_state=S ==> next_comm=Xorg next_pid=493 next_prio=120
      tailscaled-357   [000] d...  3943.935833: sched_switch: prev_comm=tailscaled prev_pid=357 prev_prio=120 prev_state=R ==> next_comm=tailscaled next_pid=417 next_prio=120
      tailscaled-417   [000] ....  3943.935837: sys_exit: NR 162 = 0
            Xorg-493   [002] ....  3943.935841: sys_enter: NR 146 (12, 7ec13b54, 1, 0, 1, 7ec13b54)
      tailscaled-417   [000] ....  3943.935844: sys_enter: NR 162 (1849f60, 0, 396, 14, 0, 0)
      tailscaled-417   [000] d...  3943.935856: sched_switch: prev_comm=tailscaled prev_pid=417 prev_prio=120 prev_state=S ==> next_comm=tailscaled next_pid=357 next_prio=120
            Xorg-493   [002] .n..  3943.935870: sys_exit: NR 146 = 32
            Xorg-493   [002] d...  3943.935878: sched_switch: prev_comm=Xorg prev_pid=493 prev_prio=120 prev_state=R ==> next_comm=vncagent next_pid=512 next_prio=120
        vncagent-512   [002] ....  3943.935885: sys_exit: NR 168 = 1
        vncagent-512   [002] ....  3943.935891: sys_enter: NR 297 (3, 7efe324c, 0, 0, 1b747a0, 1b737a0)
        vncagent-512   [002] ....  3943.935903: sys_exit: NR 297 = 32
      tailscaled-357   [000] d...  3943.935934: sched_switch: prev_comm=tailscaled prev_pid=357 prev_prio=120 prev_state=R ==> next_comm=tailscaled next_pid=417 next_prio=120
        vncagent-512   [002] ....  3943.935937: sys_enter: NR 297 (3, 7efe362c, 0, 0, 1b747a0, 1)
      tailscaled-417   [000] ....  3943.935938: sys_exit: NR 162 = 0
        vncagent-512   [002] ....  3943.935942: sys_exit: NR 297 = -11
      tailscaled-417   [000] ....  3943.935945: sys_enter: NR 162 (1849f60, 0, 396, 14, 0, 0)
        vncagent-512   [002] ....  3943.935947: sys_enter: NR 297 (3, 7efe364c, 0, 0, 1b747a0, 7efe3724)
        vncagent-512   [002] ....  3943.935951: sys_exit: NR 297 = -11
      tailscaled-417   [000] d...  3943.935958: sched_switch: prev_comm=tailscaled prev_pid=417 prev_prio=120 prev_state=S ==> next_comm=tailscaled next_pid=357 next_prio=120
        vncagent-512   [002] ....  3943.935962: sys_enter: NR 142 (e, 7efe3630, 7efe36b0, 7efe3730, 7efe3628, 7efe36ac)
      tailscaled-357   [000] ....  3943.935987: sys_enter: NR 240 (185e8d4, 81, 1, 0, 0, 0)
        vncagent-512   [002] d...  3943.935991: sched_switch: prev_comm=vncagent prev_pid=512 prev_prio=120 prev_state=S ==> next_comm=Xorg next_pid=493 next_prio=120
      tailscaled-357   [000] ....  3943.935995: sys_exit: NR 240 = 1
            Xorg-493   [002] d...  3943.936009: sched_switch: prev_comm=Xorg prev_pid=493 prev_prio=120 prev_state=R ==> next_comm=tailscaled next_pid=420 next_prio=120
      tailscaled-420   [002] ....  3943.936016: sys_exit: NR 240 = 0
      tailscaled-357   [000] d...  3943.936035: sched_switch: prev_comm=tailscaled prev_pid=357 prev_prio=120 prev_state=R ==> next_comm=tailscaled next_pid=417 next_prio=120
      tailscaled-420   [002] ....  3943.936035: sys_enter: NR 162 (1877dcc, 0, 18839e8, 3, 396, 0)
      tailscaled-417   [000] ....  3943.936039: sys_exit: NR 162 = 0
      tailscaled-417   [000] ....  3943.936046: sys_enter: NR 162 (1849f60, 0, 396, 14, 0, 0)
      tailscaled-420   [002] d...  3943.936050: sched_switch: prev_comm=tailscaled prev_pid=420 prev_prio=120 prev_state=S ==> next_comm=Xorg next_pid=493 next_prio=120
            Xorg-493   [002] ....  3943.936058: sys_enter: NR 297 (12, 7ec139cc, 0, 0, 0, 7ec139cc)
      tailscaled-417   [000] d...  3943.936059: sched_switch: prev_comm=tailscaled prev_pid=417 prev_prio=120 prev_state=S ==> next_comm=tailscaled next_pid=357 next_prio=120
            Xorg-493   [002] ....  3943.936064: sys_exit: NR 297 = -11
            Xorg-493   [002] ....  3943.936070: sys_enter: NR 104 (0, 7ec13be4, 0, 0, 76f94968, 212b8c)
            Xorg-493   [002] ....  3943.936075: sys_exit: NR 104 = 0
            Xorg-493   [002] ....  3943.936084: sys_enter: NR 252 (3, 7ec12be0, 100, 1b348, 1b348, 100)
            Xorg-493   [002] d...  3943.936131: sched_switch: prev_comm=Xorg prev_pid=493 prev_prio=120 prev_state=S ==> next_comm=swapper/2 next_pid=0 next_prio=120
      tailscaled-357   [000] d...  3943.936137: sched_switch: prev_comm=tailscaled prev_pid=357 prev_prio=120 prev_state=R ==> next_comm=tailscaled next_pid=417 next_prio=120
      tailscaled-417   [000] ....  3943.936142: sys_exit: NR 162 = 0
      tailscaled-417   [000] ....  3943.936149: sys_enter: NR 162 (1849f60, 0, 396, 14, 0, 0)
          <idle>-0     [002] d...  3943.936152: sched_switch: prev_comm=swapper/2 prev_pid=0 prev_prio=120 prev_state=R ==> next_comm=tailscaled next_pid=420 next_prio=120
      tailscaled-420   [002] ....  3943.936157: sys_exit: NR 162 = 0
      tailscaled-417   [000] d...  3943.936161: sched_switch: prev_comm=tailscaled prev_pid=417 prev_prio=120 prev_state=S ==> next_comm=tailscaled next_pid=357 next_prio=120
      tailscaled-420   [002] ....  3943.936169: sys_enter: NR 240 (18808d4, 81, 1, 0, 0, 0)
      tailscaled-420   [002] ....  3943.936179: sys_exit: NR 240 = 1
      tailscaled-420   [002] ....  3943.936207: sys_enter: NR 3 (c, 1bc205c, 10009, 0, 0, 0)
 vncserver-x11-c-452   [001] d...  3943.936211: sched_switch: prev_comm=vncserver-x11-c prev_pid=452 prev_prio=120 prev_state=R ==> next_comm=tailscaled next_pid=547 next_prio=120
      tailscaled-547   [001] ....  3943.936221: sys_exit: NR 240 = 0
      tailscaled-420   [002] ....  3943.936229: sys_exit: NR 3 = 2530
      tailscaled-357   [000] d...  3943.936244: sched_switch: prev_comm=tailscaled prev_pid=357 prev_prio=120 prev_state=R ==> next_comm=tailscaled next_pid=417 next_prio=120
      tailscaled-547   [001] ....  3943.936246: sys_enter: NR 240 (1a300d4, 81, 1, 0, 0, 0)
      tailscaled-417   [000] ....  3943.936248: sys_exit: NR 162 = 0
      tailscaled-547   [001] ....  3943.936256: sys_exit: NR 240 = 1
      tailscaled-417   [000] ....  3943.936264: sys_enter: NR 162 (1849f60, 0, 396, 14, 0, 0)
      tailscaled-417   [000] d...  3943.936277: sched_switch: prev_comm=tailscaled prev_pid=417 prev_prio=120 prev_state=S ==> next_comm=tailscaled next_pid=534 next_prio=120
      tailscaled-534   [000] ....  3943.936282: sys_exit: NR 240 = 0
      tailscaled-547   [001] ....  3943.936303: sys_enter: NR 240 (18808d4, 80, 0, 0, 0, 0)
      tailscaled-534   [000] ....  3943.936312: sys_enter: NR 240 (1a300d4, 80, 0, 0, 0, 0)
      tailscaled-547   [001] d...  3943.936323: sched_switch: prev_comm=tailscaled prev_pid=547 prev_prio=120 prev_state=S ==> next_comm=vncserver-x11-c next_pid=452 next_prio=120
      tailscaled-534   [000] d...  3943.936325: sched_switch: prev_comm=tailscaled prev_pid=534 prev_prio=120 prev_state=S ==> next_comm=tailscaled next_pid=357 next_prio=120
      tailscaled-357   [000] d...  3943.936353: sched_switch: prev_comm=tailscaled prev_pid=357 prev_prio=120 prev_state=R ==> next_comm=tailscaled next_pid=417 next_prio=120
      tailscaled-417   [000] ....  3943.936357: sys_exit: NR 162 = 0
      tailscaled-417   [000] ....  3943.936364: sys_enter: NR 162 (1849f60, 0, 396, 14, 0, 0)
      tailscaled-420   [002] ....  3943.936369: sys_enter: NR 240 (1a300d4, 81, 1, 0, 0, 0)
      tailscaled-417   [000] d...  3943.936376: sched_switch: prev_comm=tailscaled prev_pid=417 prev_prio=120 prev_state=S ==> next_comm=tailscaled next_pid=357 next_prio=120
      tailscaled-420   [002] ....  3943.936377: sys_exit: NR 240 = 1
      tailscaled-357   [000] d...  3943.936389: sched_switch: prev_comm=tailscaled prev_pid=357 prev_prio=120 prev_state=R ==> next_comm=tailscaled next_pid=534 next_prio=120
      tailscaled-534   [000] ....  3943.936394: sys_exit: NR 240 = 0
      tailscaled-534   [000] ....  3943.936409: sys_enter: NR 162 (1c8bdcc, 0, 18839e8, 3, 396, 0)
      tailscaled-534   [000] d...  3943.936420: sched_switch: prev_comm=tailscaled prev_pid=534 prev_prio=120 prev_state=S ==> next_comm=tailscaled next_pid=357 next_prio=120
      tailscaled-357   [000] d...  3943.936458: sched_switch: prev_comm=tailscaled prev_pid=357 prev_prio=120 prev_state=R ==> next_comm=tailscaled next_pid=417 next_prio=120
      tailscaled-417   [000] ....  3943.936462: sys_exit: NR 162 = 0
      tailscaled-417   [000] ....  3943.936469: sys_enter: NR 162 (1849f60, 0, 396, 14, 0, 0)
      tailscaled-417   [000] d...  3943.936481: sched_switch: prev_comm=tailscaled prev_pid=417 prev_prio=120 prev_state=S ==> next_comm=tailscaled next_pid=534 next_prio=120
      tailscaled-534   [000] ....  3943.936484: sys_exit: NR 162 = 0
      tailscaled-534   [000] ....  3943.936493: sys_enter: NR 240 (18808d4, 81, 1, 0, 0, 0)
      tailscaled-534   [000] ....  3943.936499: sys_exit: NR 240 = 1
      tailscaled-534   [000] ....  3943.936513: sys_enter: NR 3 (c, 1bc205c, 10009, 0, 0, 0)
 vncserver-x11-c-452   [001] d...  3943.936515: sched_switch: prev_comm=vncserver-x11-c prev_pid=452 prev_prio=120 prev_state=R ==> next_comm=tailscaled next_pid=547 next_prio=120
      tailscaled-547   [001] ....  3943.936521: sys_exit: NR 240 = 0
      tailscaled-534   [000] ....  3943.936530: sys_exit: NR 3 = 2530
      tailscaled-547   [001] ....  3943.936549: sys_enter: NR 240 (18808d4, 80, 0, 0, 0, 0)
      tailscaled-547   [001] d...  3943.936561: sched_switch: prev_comm=tailscaled prev_pid=547 prev_prio=120 prev_state=S ==> next_comm=vncserver-x11-c next_pid=452 next_prio=120
      tailscaled-534   [000] ....  3943.936587: sys_enter: NR 240 (18808d4, 81, 1, 0, 0, 0)
      tailscaled-534   [000] ....  3943.936593: sys_exit: NR 240 = 1
 vncserver-x11-c-452   [001] d...  3943.936610: sched_switch: prev_comm=vncserver-x11-c prev_pid=452 prev_prio=120 prev_state=R ==> next_comm=tailscaled next_pid=547 next_prio=120
      tailscaled-547   [001] ....  3943.936615: sys_exit: NR 240 = 0
      tailscaled-547   [001] ....  3943.936641: sys_enter: NR 240 (18808d4, 80, 0, 0, 0, 0)
      tailscaled-547   [001] d...  3943.936653: sched_switch: prev_comm=tailscaled prev_pid=547 prev_prio=120 prev_state=S ==> next_comm=vncserver-x11-c next_pid=452 next_prio=120
      tailscaled-534   [000] ....  3943.936674: sys_enter: NR 240 (18808d4, 81, 1, 0, 0, 0)
      tailscaled-534   [000] ....  3943.936681: sys_exit: NR 240 = 1
 vncserver-x11-c-452   [001] d...  3943.936693: sched_switch: prev_comm=vncserver-x11-c prev_pid=452 prev_prio=120 prev_state=R ==> next_comm=tailscaled next_pid=547 next_prio=120
      tailscaled-547   [001] ....  3943.936698: sys_exit: NR 240 = 0
      tailscaled-547   [001] ....  3943.936712: sys_enter: NR 162 (1b55dcc, 0, 18839e8, 3, 396, 1)
      tailscaled-547   [001] d...  3943.936729: sched_switch: prev_comm=tailscaled prev_pid=547 prev_prio=120 prev_state=S ==> next_comm=vncserver-x11-c next_pid=452 next_prio=120
      tailscaled-420   [002] ....  3943.936760: sys_enter: NR 3 (c, 1bc205c, 10009, 0, 0, 0)
      tailscaled-420   [002] ....  3943.936775: sys_exit: NR 3 = 2530
 vncserver-x11-c-452   [001] d...  3943.936791: sched_switch: prev_comm=vncserver-x11-c prev_pid=452 prev_prio=120 prev_state=R ==> next_comm=tailscaled next_pid=547 next_prio=120
      tailscaled-547   [001] ....  3943.936796: sys_exit: NR 162 = 0
      tailscaled-547   [001] ....  3943.936811: sys_enter: NR 240 (18808d4, 80, 0, 0, 0, 0)
      tailscaled-420   [002] ....  3943.936817: sys_enter: NR 240 (18808d4, 81, 1, 0, 0, 0)
      tailscaled-547   [001] d...  3943.936823: sched_switch: prev_comm=tailscaled prev_pid=547 prev_prio=120 prev_state=S ==> next_comm=vncserver-x11-c next_pid=452 next_prio=120
      tailscaled-420   [002] ....  3943.936828: sys_exit: NR 240 = 1
 vncserver-x11-c-452   [001] d...  3943.936839: sched_switch: prev_comm=vncserver-x11-c prev_pid=452 prev_prio=120 prev_state=R ==> next_comm=tailscaled next_pid=547 next_prio=120
      tailscaled-547   [001] ....  3943.936843: sys_exit: NR 240 = 0
      tailscaled-547   [001] ....  3943.936868: sys_enter: NR 240 (18808d4, 80, 0, 0, 0, 0)
      tailscaled-547   [001] d...  3943.936880: sched_switch: prev_comm=tailscaled prev_pid=547 prev_prio=120 prev_state=S ==> next_comm=vncserver-x11-c next_pid=452 next_prio=120
      tailscaled-420   [002] ....  3943.936904: sys_enter: NR 240 (18808d4, 81, 1, 0, 0, 0)
      tailscaled-420   [002] ....  3943.936911: sys_exit: NR 240 = 1
 vncserver-x11-c-452   [001] d...  3943.936923: sched_switch: prev_comm=vncserver-x11-c prev_pid=452 prev_prio=120 prev_state=R ==> next_comm=tailscaled next_pid=547 next_prio=120
      tailscaled-547   [001] ....  3943.936927: sys_exit: NR 240 = 0
      tailscaled-547   [001] ....  3943.936941: sys_enter: NR 162 (1b55dcc, 0, 18839e8, 3, 396, 1)
      tailscaled-547   [001] d...  3943.936955: sched_switch: prev_comm=tailscaled prev_pid=547 prev_prio=120 prev_state=S ==> next_comm=vncserver-x11-c next_pid=452 next_prio=120
 vncserver-x11-c-452   [001] d...  3943.937015: sched_switch: prev_comm=vncserver-x11-c prev_pid=452 prev_prio=120 prev_state=R ==> next_comm=tailscaled next_pid=547 next_prio=120
      tailscaled-547   [001] ....  3943.937020: sys_exit: NR 162 = 0
      tailscaled-547   [001] ....  3943.937034: sys_enter: NR 3 (c, 1bc205c, 10009, 0, 0, 0)
      tailscaled-547   [001] ....  3943.937040: sys_exit: NR 3 = -11
      tailscaled-534   [000] ....  3943.937043: sys_enter: NR 240 (1a300d4, 80, 0, 0, 0, 0)
      tailscaled-534   [000] d...  3943.937060: sched_switch: prev_comm=tailscaled prev_pid=534 prev_prio=120 prev_state=S ==> next_comm=tailscaled next_pid=417 next_prio=120
      tailscaled-417   [000] ....  3943.937065: sys_exit: NR 162 = 0
      tailscaled-547   [001] ....  3943.937072: sys_enter: NR 240 (18808d4, 80, 0, 0, 0, 0)
      tailscaled-417   [000] ....  3943.937074: sys_enter: NR 162 (1849f60, 0, 396, 14, 0, 0)
      tailscaled-547   [001] d...  3943.937086: sched_switch: prev_comm=tailscaled prev_pid=547 prev_prio=120 prev_state=S ==> next_comm=vncserver-x11-c next_pid=452 next_prio=120
      tailscaled-417   [000] d...  3943.937087: sched_switch: prev_comm=tailscaled prev_pid=417 prev_prio=120 prev_state=S ==> next_comm=tailscaled next_pid=357 next_prio=120
      tailscaled-357   [000] d...  3943.937164: sched_switch: prev_comm=tailscaled prev_pid=357 prev_prio=120 prev_state=R ==> next_comm=tailscaled next_pid=417 next_prio=120
      tailscaled-417   [000] ....  3943.937168: sys_exit: NR 162 = 0
      tailscaled-417   [000] ....  3943.937175: sys_enter: NR 162 (1849f60, 0, 396, 14, 0, 0)
      tailscaled-417   [000] d...  3943.937187: sched_switch: prev_comm=tailscaled prev_pid=417 prev_prio=120 prev_state=S ==> next_comm=tailscaled next_pid=357 next_prio=120
      tailscaled-357   [000] d...  3943.937264: sched_switch: prev_comm=tailscaled prev_pid=357 prev_prio=120 prev_state=R ==> next_comm=tailscaled next_pid=417 next_prio=120
      tailscaled-417   [000] ....  3943.937268: sys_exit: NR 162 = 0
      tailscaled-420   [002] ....  3943.937273: sys_enter: NR 240 (185e8d4, 80, 0, 0, 0, 0)
      tailscaled-417   [000] ....  3943.937274: sys_enter: NR 162 (1849f60, 0, 396, 14, 0, 0)
      tailscaled-417   [000] d...  3943.937286: sched_switch: prev_comm=tailscaled prev_pid=417 prev_prio=120 prev_state=S ==> next_comm=tailscaled next_pid=357 next_prio=120
      tailscaled-420   [002] d...  3943.937313: sched_switch: prev_comm=tailscaled prev_pid=420 prev_prio=120 prev_state=S ==> next_comm=swapper/2 next_pid=0 next_prio=120
      tailscaled-357   [000] d...  3943.937363: sched_switch: prev_comm=tailscaled prev_pid=357 prev_prio=120 prev_state=R ==> next_comm=tailscaled next_pid=417 next_prio=120
      tailscaled-417   [000] ....  3943.937366: sys_exit: NR 162 = 0
      tailscaled-417   [000] ....  3943.937373: sys_enter: NR 162 (1849f60, 0, 396, 14, 0, 0)
      tailscaled-417   [000] d...  3943.937385: sched_switch: prev_comm=tailscaled prev_pid=417 prev_prio=120 prev_state=S ==> next_comm=tailscaled next_pid=357 next_prio=120
      tailscaled-357   [000] d...  3943.937460: sched_switch: prev_comm=tailscaled prev_pid=357 prev_prio=120 prev_state=R ==> next_comm=tailscaled next_pid=417 next_prio=120
      tailscaled-417   [000] ....  3943.937464: sys_exit: NR 162 = 0
      tailscaled-417   [000] ....  3943.937470: sys_enter: NR 162 (1849f60, 0, 396, 14, 0, 0)
      tailscaled-417   [000] d...  3943.937482: sched_switch: prev_comm=tailscaled prev_pid=417 prev_prio=120 prev_state=S ==> next_comm=tailscaled next_pid=357 next_prio=120
      tailscaled-357   [000] d...  3943.937557: sched_switch: prev_comm=tailscaled prev_pid=357 prev_prio=120 prev_state=R ==> next_comm=tailscaled next_pid=417 next_prio=120
      tailscaled-417   [000] ....  3943.937560: sys_exit: NR 162 = 0
      tailscaled-417   [000] ....  3943.937566: sys_enter: NR 162 (1849f60, 0, 396, 14, 0, 0)
      tailscaled-417   [000] d...  3943.937578: sched_switch: prev_comm=tailscaled prev_pid=417 prev_prio=120 prev_state=S ==> next_comm=tailscaled next_pid=357 next_prio=120
      tailscaled-357   [000] ....  3943.937616: sys_enter: NR 240 (185e8d4, 81, 1, 0, 0, 0)
      tailscaled-357   [000] ....  3943.937623: sys_exit: NR 240 = 1
          <idle>-0     [002] d...  3943.937640: sched_switch: prev_comm=swapper/2 prev_pid=0 prev_prio=120 prev_state=R ==> next_comm=tailscaled next_pid=420 next_prio=120
      tailscaled-420   [002] ....  3943.937644: sys_exit: NR 240 = 0
      tailscaled-357   [000] d...  3943.937658: sched_switch: prev_comm=tailscaled prev_pid=357 prev_prio=120 prev_state=R ==> next_comm=tailscaled next_pid=417 next_prio=120
      tailscaled-417   [000] ....  3943.937663: sys_exit: NR 162 = 0
      tailscaled-420   [002] ....  3943.937669: sys_enter: NR 240 (185e8d4, 80, 0, 0, 0, 0)
      tailscaled-417   [000] ....  3943.937669: sys_enter: NR 162 (1849f60, 0, 396, 14, 0, 0)
      tailscaled-417   [000] d...  3943.937682: sched_switch: prev_comm=tailscaled prev_pid=417 prev_prio=120 prev_state=S ==> next_comm=tailscaled next_pid=357 next_prio=120
      tailscaled-420   [002] d...  3943.937693: sched_switch: prev_comm=tailscaled prev_pid=420 prev_prio=120 prev_state=S ==> next_comm=swapper/2 next_pid=0 next_prio=120
      tailscaled-357   [000] d...  3943.937759: sched_switch: prev_comm=tailscaled prev_pid=357 prev_prio=120 prev_state=R ==> next_comm=tailscaled next_pid=417 next_prio=120
      tailscaled-417   [000] ....  3943.937763: sys_exit: NR 162 = 0
      tailscaled-417   [000] ....  3943.937769: sys_enter: NR 162 (1849f60, 0, 396, 14, 0, 0)
      tailscaled-417   [000] d...  3943.937781: sched_switch: prev_comm=tailscaled prev_pid=417 prev_prio=120 prev_state=S ==> next_comm=tailscaled next_pid=357 next_prio=120
      tailscaled-357   [000] ....  3943.937798: sys_enter: NR 374 (11, 1b20608, 2, 0, 0, 0)
      tailscaled-357   [000] d...  3943.937862: sched_switch: prev_comm=tailscaled prev_pid=357 prev_prio=120 prev_state=R+ ==> next_comm=tailscaled next_pid=417 next_prio=120
      tailscaled-417   [000] ....  3943.937867: sys_exit: NR 162 = 0
      tailscaled-417   [000] ....  3943.937873: sys_enter: NR 162 (1849f60, 0, 396, 14, 0, 0)
      tailscaled-417   [000] d...  3943.937885: sched_switch: prev_comm=tailscaled prev_pid=417 prev_prio=120 prev_state=S ==> next_comm=tailscaled next_pid=357 next_prio=120
      tailscaled-357   [000] d...  3943.938044: sched_switch: prev_comm=tailscaled prev_pid=357 prev_prio=120 prev_state=R+ ==> next_comm=tailscaled next_pid=417 next_prio=120
      tailscaled-417   [000] ....  3943.938049: sys_exit: NR 162 = 0
      tailscaled-417   [000] ....  3943.938057: sys_enter: NR 162 (1849f60, 0, 396, 14, 0, 0)
      tailscaled-417   [000] d...  3943.938070: sched_switch: prev_comm=tailscaled prev_pid=417 prev_prio=120 prev_state=S ==> next_comm=tailscaled next_pid=357 next_prio=120
      tailscaled-357   [000] ....  3943.938127: sys_exit: NR 374 = 2
      tailscaled-357   [000] d...  3943.938148: sched_switch: prev_comm=tailscaled prev_pid=357 prev_prio=120 prev_state=R ==> next_comm=tailscaled next_pid=417 next_prio=120
      tailscaled-417   [000] ....  3943.938152: sys_exit: NR 162 = 0
      tailscaled-417   [000] ....  3943.938160: sys_enter: NR 162 (1849f60, 0, 396, 14, 0, 0)
      tailscaled-417   [000] d...  3943.938172: sched_switch: prev_comm=tailscaled prev_pid=417 prev_prio=120 prev_state=S ==> next_comm=tailscaled next_pid=357 next_prio=120
      tailscaled-357   [000] d...  3943.938249: sched_switch: prev_comm=tailscaled prev_pid=357 prev_prio=120 prev_state=R ==> next_comm=tailscaled next_pid=417 next_prio=120
      tailscaled-417   [000] ....  3943.938253: sys_exit: NR 162 = 0
      tailscaled-417   [000] ....  3943.938260: sys_enter: NR 162 (1849f60, 0, 396, 14, 0, 0)
      tailscaled-417   [000] d...  3943.938272: sched_switch: prev_comm=tailscaled prev_pid=417 prev_prio=120 prev_state=S ==> next_comm=tailscaled next_pid=357 next_prio=120
      tailscaled-357   [000] ....  3943.938311: sys_enter: NR 374 (11, 1b20608, 2, 0, 0, 0)
      tailscaled-357   [000] d...  3943.938383: sched_switch: prev_comm=tailscaled prev_pid=357 prev_prio=120 prev_state=R+ ==> next_comm=tailscaled next_pid=417 next_prio=120
      tailscaled-417   [000] ....  3943.938387: sys_exit: NR 162 = 0
      tailscaled-417   [000] ....  3943.938395: sys_enter: NR 162 (1849f60, 0, 396, 14, 0, 0)
      tailscaled-417   [000] d...  3943.938408: sched_switch: prev_comm=tailscaled prev_pid=417 prev_prio=120 prev_state=S ==> next_comm=tailscaled next_pid=357 next_prio=120
      tailscaled-357   [000] ....  3943.938457: sys_exit: NR 374 = 2
      tailscaled-357   [000] d...  3943.938486: sched_switch: prev_comm=tailscaled prev_pid=357 prev_prio=120 prev_state=R ==> next_comm=tailscaled next_pid=417 next_prio=120
      tailscaled-417   [000] ....  3943.938491: sys_exit: NR 162 = 0
      tailscaled-417   [000] ....  3943.938498: sys_enter: NR 162 (1849f60, 0, 396, 14, 0, 0)
      tailscaled-417   [000] d...  3943.938511: sched_switch: prev_comm=tailscaled prev_pid=417 prev_prio=120 prev_state=S ==> next_comm=tailscaled next_pid=357 next_prio=120
      tailscaled-357   [000] .n..  3943.938585: sys_enter: NR 374 (11, 1b20608, 2, 0, 0, 0)
      tailscaled-357   [000] d...  3943.938598: sched_switch: prev_comm=tailscaled prev_pid=357 prev_prio=120 prev_state=R+ ==> next_comm=tailscaled next_pid=417 next_prio=120
      tailscaled-417   [000] ....  3943.938602: sys_exit: NR 162 = 0
      tailscaled-417   [000] ....  3943.938609: sys_enter: NR 162 (1849f60, 0, 396, 14, 0, 0)
      tailscaled-417   [000] d...  3943.938623: sched_switch: prev_comm=tailscaled prev_pid=417 prev_prio=120 prev_state=S ==> next_comm=kworker/u8:0 next_pid=1234 next_prio=120
    kworker/u8:0-1234  [000] d...  3943.938714: sched_switch: prev_comm=kworker/u8:0 prev_pid=1234 prev_prio=120 prev_state=D ==> next_comm=tailscaled next_pid=417 next_prio=120
      tailscaled-417   [000] ....  3943.938719: sys_exit: NR 162 = 0
      tailscaled-417   [000] ....  3943.938726: sys_enter: NR 162 (1849f60, 0, 396, 14, 0, 0)
      tailscaled-417   [000] d...  3943.938739: sched_switch: prev_comm=tailscaled prev_pid=417 prev_prio=120 prev_state=S ==> next_comm=tailscaled next_pid=357 next_prio=120
      tailscaled-357   [000] d...  3943.938819: sched_switch: prev_comm=tailscaled prev_pid=357 prev_prio=120 prev_state=R+ ==> next_comm=kworker/u8:2 next_pid=1272 next_prio=120
    kworker/u8:2-1272  [000] d...  3943.938834: sched_switch: prev_comm=kworker/u8:2 prev_pid=1272 prev_prio=120 prev_state=I ==> next_comm=tailscaled next_pid=417 next_prio=120
      tailscaled-417   [000] ....  3943.938838: sys_exit: NR 162 = 0
      tailscaled-417   [000] ....  3943.938845: sys_enter: NR 162 (1849f60, 0, 396, 14, 0, 0)
      tailscaled-417   [000] d...  3943.938858: sched_switch: prev_comm=tailscaled prev_pid=417 prev_prio=120 prev_state=S ==> next_comm=tailscaled next_pid=357 next_prio=120
      tailscaled-357   [000] ....  3943.938906: sys_exit: NR 374 = 2
      tailscaled-357   [000] d...  3943.938937: sched_switch: prev_comm=tailscaled prev_pid=357 prev_prio=120 prev_state=R ==> next_comm=tailscaled next_pid=417 next_prio=120
      tailscaled-417   [000] ....  3943.938942: sys_exit: NR 162 = 0
      tailscaled-417   [000] ....  3943.938949: sys_enter: NR 162 (1849f60, 0, 396, 14, 0, 0)
      tailscaled-417   [000] d...  3943.938962: sched_switch: prev_comm=tailscaled prev_pid=417 prev_prio=120 prev_state=S ==> next_comm=tailscaled next_pid=357 next_prio=120
      tailscaled-357   [000] ....  3943.939021: sys_enter: NR 374 (11, 1b20608, 2, 0, 0, 0)
      tailscaled-357   [000] d...  3943.939044: sched_switch: prev_comm=tailscaled prev_pid=357 prev_prio=120 prev_state=R+ ==> next_comm=tailscaled next_pid=417 next_prio=120
      tailscaled-417   [000] ....  3943.939048: sys_exit: NR 162 = 0
      tailscaled-417   [000] ....  3943.939055: sys_enter: NR 162 (1849f60, 0, 396, 14, 0, 0)
      tailscaled-417   [000] d...  3943.939068: sched_switch: prev_comm=tailscaled prev_pid=417 prev_prio=120 prev_state=S ==> next_comm=tailscaled next_pid=357 next_prio=120
      tailscaled-357   [000] d...  3943.939177: sched_switch: prev_comm=tailscaled prev_pid=357 prev_prio=120 prev_state=R+ ==> next_comm=tailscaled next_pid=417 next_prio=120
      tailscaled-417   [000] ....  3943.939181: sys_exit: NR 162 = 0
      tailscaled-417   [000] ....  3943.939190: sys_enter: NR 162 (1849f60, 0, 396, 14, 0, 0)
      tailscaled-417   [000] d...  3943.939203: sched_switch: prev_comm=tailscaled prev_pid=417 prev_prio=120 prev_state=S ==> next_comm=tailscaled next_pid=357 next_prio=120
      tailscaled-357   [000] ....  3943.939207: sys_exit: NR 374 = 2
      tailscaled-357   [000] d...  3943.939281: sched_switch: prev_comm=tailscaled prev_pid=357 prev_prio=120 prev_state=R ==> next_comm=tailscaled next_pid=417 next_prio=120
      tailscaled-417   [000] ....  3943.939286: sys_exit: NR 162 = 0
      tailscaled-417   [000] ....  3943.939292: sys_enter: NR 162 (1849f60, 0, 396, 14, 0, 0)
      tailscaled-417   [000] d...  3943.939305: sched_switch: prev_comm=tailscaled prev_pid=417 prev_prio=120 prev_state=S ==> next_comm=tailscaled next_pid=357 next_prio=120
      tailscaled-357   [000] ....  3943.939328: sys_enter: NR 240 (16927c4, 80, 0, 0, 0, 0)
      tailscaled-357   [000] d...  3943.939362: sched_switch: prev_comm=tailscaled prev_pid=357 prev_prio=120 prev_state=S ==> next_comm=swapper/0 next_pid=0 next_prio=120
          <idle>-0     [000] d...  3943.939382: sched_switch: prev_comm=swapper/0 prev_pid=0 prev_prio=120 prev_state=R ==> next_comm=tailscaled next_pid=417 next_prio=120
      tailscaled-417   [000] ....  3943.939386: sys_exit: NR 162 = 0
      tailscaled-417   [000] ....  3943.939397: sys_enter: NR 240 (1695bd4, 80, 0, 1849f28, 0, 0)
      tailscaled-417   [000] d...  3943.939412: sched_switch: prev_comm=tailscaled prev_pid=417 prev_prio=120 prev_state=S ==> next_comm=swapper/0 next_pid=0 next_prio=120
          <idle>-0     [002] d...  3943.940604: sched_switch: prev_comm=swapper/2 prev_pid=0 prev_prio=120 prev_state=R ==> next_comm=kworker/2:1 next_pid=1245 next_prio=120
     kworker/2:1-1245  [002] d...  3943.940681: sched_switch: prev_comm=kworker/2:1 prev_pid=1245 prev_prio=120 prev_state=D ==> next_comm=swapper/2 next_pid=0 next_prio=120
          <idle>-0     [000] d...  3943.941723: sched_switch: prev_comm=swapper/0 prev_pid=0 prev_prio=120 prev_state=R ==> next_comm=kworker/u8:0 next_pid=1234 next_prio=120
    kworker/u8:0-1234  [000] d...  3943.941873: sched_switch: prev_comm=kworker/u8:0 prev_pid=1234 prev_prio=120 prev_state=D ==> next_comm=swapper/0 next_pid=0 next_prio=120
          <idle>-0     [002] d...  3943.942296: sched_switch: prev_comm=swapper/2 prev_pid=0 prev_prio=120 prev_state=R ==> next_comm=kworker/2:1 next_pid=1245 next_prio=120
     kworker/2:1-1245  [002] d...  3943.942311: sched_switch: prev_comm=kworker/2:1 prev_pid=1245 prev_prio=120 prev_state=I ==> next_comm=swapper/2 next_pid=0 next_prio=120
          <idle>-0     [000] d...  3943.942394: sched_switch: prev_comm=swapper/0 prev_pid=0 prev_prio=120 prev_state=R ==> next_comm=kworker/u8:0 next_pid=1234 next_prio=120
          <idle>-0     [002] d...  3943.942417: sched_switch: prev_comm=swapper/2 prev_pid=0 prev_prio=120 prev_state=R ==> next_comm=tailscaled next_pid=545 next_prio=120
      tailscaled-545   [002] ....  3943.942429: sys_exit: NR 346 = 1
    kworker/u8:0-1234  [000] d...  3943.942436: sched_switch: prev_comm=kworker/u8:0 prev_pid=1234 prev_prio=120 prev_state=I ==> next_comm=swapper/0 next_pid=0 next_prio=120
      tailscaled-545   [002] ....  3943.942454: sys_enter: NR 346 (4, 1cd1680, 80, 0, 0, 0)
      tailscaled-545   [002] ....  3943.942458: sys_exit: NR 346 = 1
      tailscaled-545   [002] ....  3943.942475: sys_enter: NR 346 (4, 1cd1680, 80, 39, 0, 0)
      tailscaled-545   [002] d...  3943.942487: sched_switch: prev_comm=tailscaled prev_pid=545 prev_prio=120 prev_state=S ==> next_comm=swapper/2 next_pid=0 next_prio=120
 vncserver-x11-c-452   [001] d...  3943.949883: sched_switch: prev_comm=vncserver-x11-c prev_pid=452 prev_prio=120 prev_state=R ==> next_comm=irq/86-mmc1 next_pid=80 next_prio=49
     irq/86-mmc1-80    [001] d...  3943.949919: sched_switch: prev_comm=irq/86-mmc1 prev_pid=80 prev_prio=49 prev_state=D ==> next_comm=vncserver-x11-c next_pid=452 next_prio=120
 vncserver-x11-c-452   [001] d...  3943.949928: sched_switch: prev_comm=vncserver-x11-c prev_pid=452 prev_prio=120 prev_state=R ==> next_comm=irq/86-mmc1 next_pid=80 next_prio=49
     irq/86-mmc1-80    [001] d...  3943.949951: sched_switch: prev_comm=irq/86-mmc1 prev_pid=80 prev_prio=49 prev_state=D ==> next_comm=vncserver-x11-c next_pid=452 next_prio=120
 vncserver-x11-c-452   [001] d...  3943.949964: sched_switch: prev_comm=vncserver-x11-c prev_pid=452 prev_prio=120 prev_state=R ==> next_comm=irq/86-mmc1 next_pid=80 next_prio=49
     irq/86-mmc1-80    [001] d...  3943.949981: sched_switch: prev_comm=irq/86-mmc1 prev_pid=80 prev_prio=49 prev_state=D ==> next_comm=vncserver-x11-c next_pid=452 next_prio=120
 vncserver-x11-c-452   [001] d...  3943.949993: sched_switch: prev_comm=vncserver-x11-c prev_pid=452 prev_prio=120 prev_state=R ==> next_comm=irq/86-mmc1 next_pid=80 next_prio=49
     irq/86-mmc1-80    [001] d...  3943.950009: sched_switch: prev_comm=irq/86-mmc1 prev_pid=80 prev_prio=49 prev_state=S ==> next_comm=vncserver-x11-c next_pid=452 next_prio=120
          <idle>-0     [000] d...  3943.950010: sched_switch: prev_comm=swapper/0 prev_pid=0 prev_prio=120 prev_state=R ==> next_comm=kworker/u8:0 next_pid=1234 next_prio=120
    kworker/u8:0-1234  [000] d...  3943.950059: sched_switch: prev_comm=kworker/u8:0 prev_pid=1234 prev_prio=120 prev_state=D ==> next_comm=swapper/0 next_pid=0 next_prio=120
          <idle>-0     [000] d...  3943.950077: sched_switch: prev_comm=swapper/0 prev_pid=0 prev_prio=120 prev_state=R ==> next_comm=kworker/u8:0 next_pid=1234 next_prio=120
    kworker/u8:0-1234  [000] d...  3943.950100: sched_switch: prev_comm=kworker/u8:0 prev_pid=1234 prev_prio=120 prev_state=D ==> next_comm=swapper/0 next_pid=0 next_prio=120
          <idle>-0     [000] d...  3943.950115: sched_switch: prev_comm=swapper/0 prev_pid=0 prev_prio=120 prev_state=R ==> next_comm=kworker/u8:0 next_pid=1234 next_prio=120
          <idle>-0     [002] d...  3943.950214: sched_switch: prev_comm=swapper/2 prev_pid=0 prev_prio=120 prev_state=R ==> next_comm=tailscaled next_pid=545 next_prio=120
      tailscaled-545   [002] ....  3943.950226: sys_exit: NR 346 = 1
    kworker/u8:0-1234  [000] d...  3943.950230: sched_switch: prev_comm=kworker/u8:0 prev_pid=1234 prev_prio=120 prev_state=D ==> next_comm=swapper/0 next_pid=0 next_prio=120
          <idle>-0     [000] d...  3943.950248: sched_switch: prev_comm=swapper/0 prev_pid=0 prev_prio=120 prev_state=R ==> next_comm=kworker/u8:0 next_pid=1234 next_prio=120
      tailscaled-545   [002] ....  3943.950254: sys_enter: NR 240 (1695bd4, 81, 1, 0, 0, 0)
      tailscaled-545   [002] ....  3943.950263: sys_exit: NR 240 = 1
      tailscaled-545   [002] ....  3943.950267: sys_enter: NR 365 (11, 1a87908, 80, 0, 0, 0)
      tailscaled-545   [002] ....  3943.950294: sys_exit: NR 365 = 1
    kworker/u8:0-1234  [000] d...  3943.950325: sched_switch: prev_comm=kworker/u8:0 prev_pid=1234 prev_prio=120 prev_state=D ==> next_comm=tailscaled next_pid=417 next_prio=120
      tailscaled-417   [000] d...  3943.950349: sched_switch: prev_comm=tailscaled prev_pid=417 prev_prio=120 prev_state=R ==> next_comm=kworker/u8:0 next_pid=1234 next_prio=120
    kworker/u8:0-1234  [000] d...  3943.950368: sched_switch: prev_comm=kworker/u8:0 prev_pid=1234 prev_prio=120 prev_state=D ==> next_comm=tailscaled next_pid=417 next_prio=120
      tailscaled-417   [000] d...  3943.950387: sched_switch: prev_comm=tailscaled prev_pid=417 prev_prio=120 prev_state=R ==> next_comm=kworker/u8:0 next_pid=1234 next_prio=120
      tailscaled-545   [002] ....  3943.950396: sys_enter: NR 240 (16927c4, 81, 1, 0, 0, 0)
      tailscaled-545   [002] ....  3943.950402: sys_exit: NR 240 = 1
    kworker/u8:0-1234  [000] d...  3943.950436: sched_switch: prev_comm=kworker/u8:0 prev_pid=1234 prev_prio=120 prev_state=D ==> next_comm=tailscaled next_pid=417 next_prio=120
      tailscaled-417   [000] d...  3943.950455: sched_switch: prev_comm=tailscaled prev_pid=417 prev_prio=120 prev_state=R ==> next_comm=kworker/u8:0 next_pid=1234 next_prio=120
      tailscaled-545   [002] ....  3943.950466: sys_enter: NR 365 (11, 1b20608, 80, 0, 0, 0)
    kworker/u8:0-1234  [000] d...  3943.950467: sched_switch: prev_comm=kworker/u8:0 prev_pid=1234 prev_prio=120 prev_state=I ==> next_comm=tailscaled next_pid=417 next_prio=120
      tailscaled-417   [000] ....  3943.950473: sys_exit: NR 240 = 0
      tailscaled-417   [000] ....  3943.950483: sys_enter: NR 162 (1849f60, 0, 396, 14, 0, 0)
      tailscaled-545   [002] ....  3943.950484: sys_exit: NR 365 = 2
      tailscaled-417   [000] d...  3943.950497: sched_switch: prev_comm=tailscaled prev_pid=417 prev_prio=120 prev_state=S ==> next_comm=tailscaled next_pid=357 next_prio=120
      tailscaled-357   [000] ....  3943.950500: sys_exit: NR 240 = 0
      tailscaled-357   [000] .n..  3943.950567: sys_enter: NR 346 (4, 7eb63380, 80, 0, 0, 0)
      tailscaled-357   [000] d...  3943.950574: sched_switch: prev_comm=tailscaled prev_pid=357 prev_prio=120 prev_state=R+ ==> next_comm=ksoftirqd/0 next_pid=9 next_prio=120
     ksoftirqd/0-9     [000] d...  3943.950622: sched_switch: prev_comm=ksoftirqd/0 prev_pid=9 prev_prio=120 prev_state=S ==> next_comm=kworker/0:0 next_pid=1247 next_prio=120
      tailscaled-545   [002] ....  3943.950630: sys_enter: NR 365 (11, 1b20608, 80, 0, 0, 0)
      tailscaled-545   [002] ....  3943.950634: sys_exit: NR 365 = -11
     kworker/0:0-1247  [000] d...  3943.950646: sched_switch: prev_comm=kworker/0:0 prev_pid=1247 prev_prio=120 prev_state=I ==> next_comm=tailscaled next_pid=417 next_prio=120
      tailscaled-417   [000] ....  3943.950649: sys_exit: NR 162 = 0
      tailscaled-417   [000] ....  3943.950656: sys_enter: NR 162 (1849f60, 0, 396, 14, 0, 0)
      tailscaled-417   [000] d...  3943.950664: sched_switch: prev_comm=tailscaled prev_pid=417 prev_prio=120 prev_state=S ==> next_comm=tailscaled next_pid=357 next_prio=120
      tailscaled-357   [000] ....  3943.950670: sys_exit: NR 346 = 1
      tailscaled-357   [000] ....  3943.950685: sys_enter: NR 240 (185e8d4, 81, 1, 0, 0, 0)
      tailscaled-357   [000] ....  3943.950692: sys_exit: NR 240 = 1
      tailscaled-357   [000] ....  3943.950709: sys_enter: NR 346 (4, 7eb63380, 80, 0, 0, 0)
      tailscaled-357   [000] ....  3943.950712: sys_exit: NR 346 = 0
      tailscaled-357   [000] ....  3943.950719: sys_enter: NR 162 (7eb63acc, 0, 49befc8, 3, 396, 0)
      tailscaled-357   [000] d...  3943.950737: sched_switch: prev_comm=tailscaled prev_pid=357 prev_prio=120 prev_state=S ==> next_comm=swapper/0 next_pid=0 next_prio=120
          <idle>-0     [000] d...  3943.950753: sched_switch: prev_comm=swapper/0 prev_pid=0 prev_prio=120 prev_state=R ==> next_comm=tailscaled next_pid=417 next_prio=120
      tailscaled-417   [000] ....  3943.950755: sys_exit: NR 162 = 0
      tailscaled-417   [000] ....  3943.950758: sys_enter: NR 162 (1849f60, 0, 396, 14, 0, 0)
      tailscaled-417   [000] d...  3943.950765: sched_switch: prev_comm=tailscaled prev_pid=417 prev_prio=120 prev_state=S ==> next_comm=tailscaled next_pid=357 next_prio=120
      tailscaled-357   [000] ....  3943.950767: sys_exit: NR 162 = 0
      tailscaled-357   [000] ....  3943.950780: sys_enter: NR 346 (4, 7eb63380, 80, 31, 0, 0)
      tailscaled-357   [000] d...  3943.950796: sched_switch: prev_comm=tailscaled prev_pid=357 prev_prio=120 prev_state=S ==> next_comm=swapper/0 next_pid=0 next_prio=120
      tailscaled-545   [002] ....  3943.950821: sys_enter: NR 4 (c, 2d4e006, 32, 0, 0, 0)
          <idle>-0     [000] d...  3943.950841: sched_switch: prev_comm=swapper/0 prev_pid=0 prev_prio=120 prev_state=R ==> next_comm=tailscaled next_pid=417 next_prio=120
      tailscaled-417   [000] ....  3943.950843: sys_exit: NR 162 = 0
      tailscaled-417   [000] ....  3943.950846: sys_enter: NR 162 (1849f60, 0, 396, 14, 0, 0)
      tailscaled-417   [000] d...  3943.950857: sched_switch: prev_comm=tailscaled prev_pid=417 prev_prio=120 prev_state=S ==> next_comm=swapper/0 next_pid=0 next_prio=120
          <idle>-0     [000] d...  3943.950926: sched_switch: prev_comm=swapper/0 prev_pid=0 prev_prio=120 prev_state=R ==> next_comm=tailscaled next_pid=417 next_prio=120
      tailscaled-417   [000] ....  3943.950928: sys_exit: NR 162 = 0
      tailscaled-417   [000] ....  3943.950932: sys_enter: NR 162 (1849f60, 0, 396, 14, 0, 0)
      tailscaled-417   [000] d...  3943.950937: sched_switch: prev_comm=tailscaled prev_pid=417 prev_prio=120 prev_state=S ==> next_comm=swapper/0 next_pid=0 next_prio=120
          <idle>-0     [000] d...  3943.950964: sched_switch: prev_comm=swapper/0 prev_pid=0 prev_prio=120 prev_state=R ==> next_comm=tailscaled next_pid=357 next_prio=120
      tailscaled-357   [000] ....  3943.950971: sys_exit: NR 346 = 1
      tailscaled-545   [002] ....  3943.950971: sys_exit: NR 4 = 50
      tailscaled-357   [000] ....  3943.950982: sys_enter: NR 3 (c, 1bc205c, 10009, 0, 0, 0)
      tailscaled-357   [000] ....  3943.950999: sys_exit: NR 3 = 2530
      tailscaled-357   [000] d...  3943.951014: sched_switch: prev_comm=tailscaled prev_pid=357 prev_prio=120 prev_state=R ==> next_comm=tailscaled next_pid=417 next_prio=120
      tailscaled-417   [000] ....  3943.951016: sys_exit: NR 162 = 0
      tailscaled-417   [000] ....  3943.951020: sys_enter: NR 162 (1849f60, 0, 396, 14, 0, 0)
      tailscaled-417   [000] d...  3943.951026: sched_switch: prev_comm=tailscaled prev_pid=417 prev_prio=120 prev_state=S ==> next_comm=tailscaled next_pid=357 next_prio=120
      tailscaled-545   [002] ....  3943.951042: sys_enter: NR 4 (c, 4620006, 32, 0, 0, 0)
      tailscaled-545   [002] ....  3943.951098: sys_exit: NR 4 = 50
      tailscaled-357   [000] d...  3943.951100: sched_switch: prev_comm=tailscaled prev_pid=357 prev_prio=120 prev_state=R ==> next_comm=tailscaled next_pid=417 next_prio=120
      tailscaled-545   [002] ....  3943.951103: sys_enter: NR 4 (c, 2c94006, 32, 0, 0, 0)
      tailscaled-417   [000] ....  3943.951103: sys_exit: NR 162 = 0
      tailscaled-417   [000] ....  3943.951107: sys_enter: NR 162 (1849f60, 0, 396, 14, 0, 0)
      tailscaled-417   [000] d...  3943.951113: sched_switch: prev_comm=tailscaled prev_pid=417 prev_prio=120 prev_state=S ==> next_comm=tailscaled next_pid=357 next_prio=120
      tailscaled-545   [002] ....  3943.951136: sys_exit: NR 4 = 50
      tailscaled-545   [002] ....  3943.951151: sys_enter: NR 346 (4, 1cd1680, 80, 0, 0, 0)
      tailscaled-545   [002] ....  3943.951154: sys_exit: NR 346 = 1
      tailscaled-545   [002] ....  3943.951164: sys_enter: NR 162 (1cd1dcc, 0, 18839e8, 3, 396, 0)
      tailscaled-545   [002] d...  3943.951176: sched_switch: prev_comm=tailscaled prev_pid=545 prev_prio=120 prev_state=S ==> next_comm=tailscaled next_pid=420 next_prio=120
      tailscaled-420   [002] ....  3943.951181: sys_exit: NR 240 = 0
      tailscaled-357   [000] d...  3943.951188: sched_switch: prev_comm=tailscaled prev_pid=357 prev_prio=120 prev_state=R ==> next_comm=tailscaled next_pid=417 next_prio=120
      tailscaled-420   [002] ....  3943.951190: sys_enter: NR 346 (4, 1877680, 80, 0, 0, 0)
      tailscaled-417   [000] ....  3943.951191: sys_exit: NR 162 = 0
      tailscaled-420   [002] ....  3943.951191: sys_exit: NR 346 = 0
      tailscaled-417   [000] ....  3943.951194: sys_enter: NR 162 (1849f60, 0, 396, 14, 0, 0)
      tailscaled-420   [002] ....  3943.951198: sys_enter: NR 162 (1877dcc, 0, 18839e8, 3, 396, 1)
      tailscaled-417   [000] d...  3943.951201: sched_switch: prev_comm=tailscaled prev_pid=417 prev_prio=120 prev_state=S ==> next_comm=tailscaled next_pid=357 next_prio=120
      tailscaled-420   [002] d...  3943.951206: sched_switch: prev_comm=tailscaled prev_pid=420 prev_prio=120 prev_state=S ==> next_comm=rcu_sched next_pid=10 next_prio=120
       rcu_sched-10    [002] d...  3943.951244: sched_switch: prev_comm=rcu_sched prev_pid=10 prev_prio=120 prev_state=I ==> next_comm=tailscaled next_pid=420 next_prio=120
      tailscaled-420   [002] ....  3943.951246: sys_exit: NR 162 = 0
      tailscaled-420   [002] ....  3943.951256: sys_enter: NR 3 (c, 1bc205c, 10009, 0, 0, 0)
      tailscaled-420   [002] ....  3943.951267: sys_exit: NR 3 = 2530
      tailscaled-357   [000] d...  3943.951276: sched_switch: prev_comm=tailscaled prev_pid=357 prev_prio=120 prev_state=R ==> next_comm=tailscaled next_pid=417 next_prio=120
      tailscaled-417   [000] ....  3943.951278: sys_exit: NR 162 = 0
      tailscaled-417   [000] ....  3943.951282: sys_enter: NR 162 (1849f60, 0, 396, 14, 0, 0)
      tailscaled-417   [000] d...  3943.951288: sched_switch: prev_comm=tailscaled prev_pid=417 prev_prio=120 prev_state=S ==> next_comm=tailscaled next_pid=357 next_prio=120
      tailscaled-357   [000] d...  3943.951361: sched_switch: prev_comm=tailscaled prev_pid=357 prev_prio=120 prev_state=R ==> next_comm=tailscaled next_pid=417 next_prio=120
      tailscaled-417   [000] ....  3943.951363: sys_exit: NR 162 = 0
      tailscaled-417   [000] ....  3943.951366: sys_enter: NR 162 (1849f60, 0, 396, 14, 0, 0)
      tailscaled-417   [000] d...  3943.951373: sched_switch: prev_comm=tailscaled prev_pid=417 prev_prio=120 prev_state=S ==> next_comm=tailscaled next_pid=357 next_prio=120
      tailscaled-357   [000] d...  3943.951446: sched_switch: prev_comm=tailscaled prev_pid=357 prev_prio=120 prev_state=R ==> next_comm=tailscaled next_pid=417 next_prio=120
      tailscaled-417   [000] ....  3943.951449: sys_exit: NR 162 = 0
      tailscaled-417   [000] ....  3943.951452: sys_enter: NR 162 (1849f60, 0, 396, 14, 0, 0)
      tailscaled-417   [000] d...  3943.951458: sched_switch: prev_comm=tailscaled prev_pid=417 prev_prio=120 prev_state=S ==> next_comm=tailscaled next_pid=357 next_prio=120
      tailscaled-357   [000] ....  3943.951481: sys_enter: NR 374 (11, 1b1e008, 2, 0, 0, 0)
      tailscaled-420   [002] ....  3943.951507: sys_enter: NR 3 (c, 1bc205c, 10009, 0, 0, 0)
      tailscaled-420   [002] ....  3943.951514: sys_exit: NR 3 = 1554
      tailscaled-357   [000] d...  3943.951584: sched_switch: prev_comm=tailscaled prev_pid=357 prev_prio=120 prev_state=R+ ==> next_comm=kworker/u8:0 next_pid=1234 next_prio=120
 vncserver-x11-c-452   [001] ....  3943.951631: sys_enter: NR 4 (f, 1646c90, 33f3, 0, 33f3, 1646c90)
 vncserver-x11-c-452   [001] ....  3943.951669: sys_exit: NR 4 = 13299
      tailscaled-420   [002] ....  3943.951686: sys_enter: NR 3 (c, 1bc205c, 10009, 0, 0, 0)
      tailscaled-420   [002] ....  3943.951689: sys_exit: NR 3 = -11
 vncserver-x11-c-452   [001] ....  3943.951699: sys_enter: NR 3 (c, 15e9d00, 41a0, 0, 41a0, 15e9d00)
      tailscaled-420   [002] ....  3943.951699: sys_enter: NR 346 (4, 1877680, 80, 0, 0, 0)
      tailscaled-420   [002] ....  3943.951702: sys_exit: NR 346 = 0
 vncserver-x11-c-452   [001] ....  3943.951705: sys_exit: NR 3 = -11
    kworker/u8:0-1234  [000] d...  3943.951707: sched_switch: prev_comm=kworker/u8:0 prev_pid=1234 prev_prio=120 prev_state=D ==> next_comm=tailscaled next_pid=417 next_prio=120
      tailscaled-417   [000] ....  3943.951709: sys_exit: NR 162 = 0
      tailscaled-420   [002] ....  3943.951722: sys_enter: NR 346 (4, 1877680, 80, 30, 0, 0)
      tailscaled-417   [000] .n..  3943.951728: sys_enter: NR 162 (1849f60, 0, 396, 14, 0, 0)
      tailscaled-417   [000] d...  3943.951735: sched_switch: prev_comm=tailscaled prev_pid=417 prev_prio=120 prev_state=S ==> next_comm=kworker/u8:0 next_pid=1234 next_prio=120
      tailscaled-420   [002] d...  3943.951737: sched_switch: prev_comm=tailscaled prev_pid=420 prev_prio=120 prev_state=S ==> next_comm=tailscaled next_pid=545 next_prio=120
 vncserver-x11-c-452   [001] ....  3943.951739: sys_enter: NR 142 (11, 7e887328, 7e8873a8, 7e887428, 7e887320, 7e8873a8)
