        modprobe-1314  [001] ....  3943.838621: sys_enter: NR 125 (76b79000, f000, 0, 26000, 76f75d90, 76b62000)
        modprobe-1314  [001] ....  3943.838640: sys_exit: NR 125 = 0
        modprobe-1314  [001] ....  3943.838643: sys_enter: NR 192 (76b88000, 2000, 3, 812, 0, 16)
        modprobe-1314  [001] ....  3943.838674: sys_exit: NR 192 = 1991802880
        modprobe-1314  [001] ....  3943.838696: sys_enter: NR 192 (76b8a000, 1270, 3, 32, ffffffff, 0)
        modprobe-1314  [001] ....  3943.838717: sys_exit: NR 192 = 1991811072
        modprobe-1314  [001] ....  3943.838741: sys_enter: NR 6 (0, 6, 76f78060, 0, 76f75d90, 70000022)
        modprobe-1314  [001] ....  3943.838743: __close_fd+0x10/0xa0 <-sys_close+0x30/0x58
        modprobe-1314  [001] ....  3943.838756: <stack trace>
 => __close_fd+0x14/0xa0
 => sys_close+0x30/0x58
 => __sys_trace_return+0x0/0x1c
 => 0x7ebef22c
        modprobe-1314  [001] ....  3943.838759: sys_exit: NR 6 = 0
        modprobe-1314  [001] ....  3943.838816: sys_enter: NR 322 (ffffff9c, 76f76068, a0000, 0, 76d0a954, 0)
        modprobe-1314  [001] ....  3943.838833: ext4_file_open+0x14/0x1d8 <-do_dentry_open+0x124/0x3c8
        modprobe-1314  [001] ....  3943.838853: <stack trace>
 => ext4_file_open+0x18/0x1d8
 => do_dentry_open+0x124/0x3c8
 => vfs_open+0x3c/0x40
 => path_openat+0x2c0/0x1154
 => do_filp_open+0x84/0xec
 => do_sys_open+0x178/0x1fc
 => sys_openat+0x1c/0x20
 => __sys_trace_return+0x0/0x1c
 => 0x7ebef2a8
        modprobe-1314  [001] ....  3943.838859: sys_exit: NR 322 = 0
        modprobe-1314  [001] ....  3943.838861: sys_enter: NR 3 (0, 7ebef370, 200, 0, 76d0a954, 0)
        modprobe-1314  [001] ....  3943.838864: ext4_file_read_iter+0x10/0x64 <-__vfs_read+0x124/0x16c
        modprobe-1314  [001] ....  3943.838878: <stack trace>
 => ext4_file_read_iter+0x14/0x64
 => __vfs_read+0x124/0x16c
 => vfs_read+0x9c/0x164
 => ksys_read+0x74/0xe8
 => sys_read+0x18/0x1c
 => __sys_trace_return+0x0/0x1c
 => 0x7ebef2bc
        modprobe-1314  [001] ....  3943.838886: sys_exit: NR 3 = 512
        modprobe-1314  [001] ....  3943.838888: sys_enter: NR 140 (0, 0, 21f0, 7ebeee20, 0, 7ebeee38)
        modprobe-1314  [001] ....  3943.838891: ext4_llseek+0x14/0x16c <-sys_llseek+0xc0/0x148
        modprobe-1314  [001] ....  3943.838902: <stack trace>
 => ext4_llseek+0x18/0x16c
 => sys_llseek+0xc0/0x148
 => __sys_trace_return+0x0/0x1c
 => 0x7ebeee20
        modprobe-1314  [001] ....  3943.838906: sys_exit: NR 140 = 0
        modprobe-1314  [001] ....  3943.838908: sys_enter: NR 3 (0, 7ebeee38, 438, 0, 438, 7ebeee38)
        modprobe-1314  [001] ....  3943.838911: ext4_file_read_iter+0x10/0x64 <-__vfs_read+0x124/0x16c
        modprobe-1314  [001] ....  3943.838925: <stack trace>
 => ext4_file_read_iter+0x14/0x64
 => __vfs_read+0x124/0x16c
 => vfs_read+0x9c/0x164
 => ksys_read+0x74/0xe8
 => sys_read+0x18/0x1c
 => __sys_trace_return+0x0/0x1c
 => 0x7ebeee34
        modprobe-1314  [001] ....  3943.838932: sys_exit: NR 3 = 1080
        modprobe-1314  [001] ....  3943.838934: sys_enter: NR 140 (0, 0, 2094, 7ebeedf0, 0, 7ebef1f8)
        modprobe-1314  [001] ....  3943.838936: ext4_llseek+0x14/0x16c <-sys_llseek+0xc0/0x148
        modprobe-1314  [001] ....  3943.838948: <stack trace>
 => ext4_llseek+0x18/0x16c
 => sys_llseek+0xc0/0x148
 => __sys_trace_return+0x0/0x1c
 => 0x7ebeedf0
        modprobe-1314  [001] ....  3943.838950: sys_exit: NR 140 = 0
        modprobe-1314  [001] ....  3943.838952: sys_enter: NR 3 (0, 7ebeee08, 2f, 0, 7ebeee08, 7ebef1f8)
        modprobe-1314  [001] ....  3943.838954: ext4_file_read_iter+0x10/0x64 <-__vfs_read+0x124/0x16c
        modprobe-1314  [001] ....  3943.838969: <stack trace>
 => ext4_file_read_iter+0x14/0x64
 => __vfs_read+0x124/0x16c
 => vfs_read+0x9c/0x164
 => ksys_read+0x74/0xe8
 => sys_read+0x18/0x1c
 => __sys_trace_return+0x0/0x1c
 => 0x7ebeee04
        modprobe-1314  [001] ....  3943.838974: sys_exit: NR 3 = 47
        modprobe-1314  [001] ....  3943.838977: sys_enter: NR 140 (0, 0, 21f0, 7ebeee20, 0, 7ebeee38)
        modprobe-1314  [001] ....  3943.838979: ext4_llseek+0x14/0x16c <-sys_llseek+0xc0/0x148
        modprobe-1314  [001] ....  3943.838990: <stack trace>
 => ext4_llseek+0x18/0x16c
 => sys_llseek+0xc0/0x148
 => __sys_trace_return+0x0/0x1c
 => 0x7ebeee20
        modprobe-1314  [001] ....  3943.838993: sys_exit: NR 140 = 0
        modprobe-1314  [001] ....  3943.838995: sys_enter: NR 3 (0, 7ebeee38, 438, 0, 438, 7ebeee38)
        modprobe-1314  [001] ....  3943.838997: ext4_file_read_iter+0x10/0x64 <-__vfs_read+0x124/0x16c
        modprobe-1314  [001] ....  3943.839011: <stack trace>
 => ext4_file_read_iter+0x14/0x64
 => __vfs_read+0x124/0x16c
 => vfs_read+0x9c/0x164
 => ksys_read+0x74/0xe8
 => sys_read+0x18/0x1c
 => __sys_trace_return+0x0/0x1c
 => 0x7ebeee34
        modprobe-1314  [001] ....  3943.839017: sys_exit: NR 3 = 1080
        modprobe-1314  [001] ....  3943.839019: sys_enter: NR 140 (0, 0, 2094, 7ebeedf0, 0, 7ebef1f8)
        modprobe-1314  [001] ....  3943.839021: ext4_llseek+0x14/0x16c <-sys_llseek+0xc0/0x148
        modprobe-1314  [001] ....  3943.839032: <stack trace>
 => ext4_llseek+0x18/0x16c
 => sys_llseek+0xc0/0x148
 => __sys_trace_return+0x0/0x1c
 => 0x7ebeedf0
        modprobe-1314  [001] ....  3943.839035: sys_exit: NR 140 = 0
        modprobe-1314  [001] ....  3943.839037: sys_enter: NR 3 (0, 7ebeee08, 2f, 0, 7ebeee08, 7ebef1f8)
        modprobe-1314  [001] ....  3943.839039: ext4_file_read_iter+0x10/0x64 <-__vfs_read+0x124/0x16c
        modprobe-1314  [001] ....  3943.839053: <stack trace>
 => ext4_file_read_iter+0x14/0x64
 => __vfs_read+0x124/0x16c
 => vfs_read+0x9c/0x164
 => ksys_read+0x74/0xe8
 => sys_read+0x18/0x1c
 => __sys_trace_return+0x0/0x1c
 => 0x7ebeee04
        modprobe-1314  [001] ....  3943.839058: sys_exit: NR 3 = 47
        modprobe-1314  [001] ....  3943.839061: sys_enter: NR 140 (0, 0, 21f0, 7ebeee20, 0, 7ebeee38)
        modprobe-1314  [001] ....  3943.839062: ext4_llseek+0x14/0x16c <-sys_llseek+0xc0/0x148
        modprobe-1314  [001] ....  3943.839073: <stack trace>
 => ext4_llseek+0x18/0x16c
 => sys_llseek+0xc0/0x148
 => __sys_trace_return+0x0/0x1c
 => 0x7ebeee20
        modprobe-1314  [001] ....  3943.839076: sys_exit: NR 140 = 0
        modprobe-1314  [001] ....  3943.839078: sys_enter: NR 3 (0, 7ebeee38, 438, 0, 438, 7ebeee38)
        modprobe-1314  [001] ....  3943.839080: ext4_file_read_iter+0x10/0x64 <-__vfs_read+0x124/0x16c
        modprobe-1314  [001] ....  3943.839094: <stack trace>
 => ext4_file_read_iter+0x14/0x64
 => __vfs_read+0x124/0x16c
 => vfs_read+0x9c/0x164
 => ksys_read+0x74/0xe8
 => sys_read+0x18/0x1c
 => __sys_trace_return+0x0/0x1c
 => 0x7ebeee34
        modprobe-1314  [001] ....  3943.839101: sys_exit: NR 3 = 1080
        modprobe-1314  [001] ....  3943.839103: sys_enter: NR 140 (0, 0, 2094, 7ebeedf0, 0, 7ebef1f8)
        modprobe-1314  [001] ....  3943.839105: ext4_llseek+0x14/0x16c <-sys_llseek+0xc0/0x148
        modprobe-1314  [001] ....  3943.839116: <stack trace>
 => ext4_llseek+0x18/0x16c
 => sys_llseek+0xc0/0x148
 => __sys_trace_return+0x0/0x1c
 => 0x7ebeedf0
        modprobe-1314  [001] ....  3943.839119: sys_exit: NR 140 = 0
        modprobe-1314  [001] ....  3943.839121: sys_enter: NR 3 (0, 7ebeee08, 2f, 0, 7ebeee08, 7ebef1f8)
        modprobe-1314  [001] ....  3943.839123: ext4_file_read_iter+0x10/0x64 <-__vfs_read+0x124/0x16c
        modprobe-1314  [001] ....  3943.839138: <stack trace>
 => ext4_file_read_iter+0x14/0x64
 => __vfs_read+0x124/0x16c
 => vfs_read+0x9c/0x164
 => ksys_read+0x74/0xe8
 => sys_read+0x18/0x1c
 => __sys_trace_return+0x0/0x1c
 => 0x7ebeee04
        modprobe-1314  [001] ....  3943.839142: sys_exit: NR 3 = 47
        modprobe-1314  [001] ....  3943.839146: sys_enter: NR 197 (0, 7ebef298, 7ebef298, 76f7895c, 0, 0)
        modprobe-1314  [001] ....  3943.839151: sys_exit: NR 197 = 0
        modprobe-1314  [001] ....  3943.839156: sys_enter: NR 192 (0, 120c4, 5, 802, 0, 0)
        modprobe-1314  [001] ....  3943.839168: sys_exit: NR 192 = 1991569408
        modprobe-1314  [001] ....  3943.839171: sys_enter: NR 125 (76b51000, f000, 0, 11000, 76f76090, 76b4f000)
        modprobe-1314  [001] ....  3943.839189: sys_exit: NR 125 = 0
        modprobe-1314  [001] ....  3943.839192: sys_enter: NR 192 (76b60000, 2000, 3, 812, 0, 1)
        modprobe-1314  [001] ....  3943.839219: sys_exit: NR 192 = 1991639040
        modprobe-1314  [001] ....  3943.839256: sys_enter: NR 6 (0, 6, 76f78060, 0, 76f76090, 70000022)
        modprobe-1314  [001] ....  3943.839258: __close_fd+0x10/0xa0 <-sys_close+0x30/0x58
        modprobe-1314  [001] ....  3943.839271: <stack trace>
 => __close_fd+0x14/0xa0
 => sys_close+0x30/0x58
 => __sys_trace_return+0x0/0x1c
 => 0x7ebef21c
        modprobe-1314  [001] ....  3943.839274: sys_exit: NR 6 = 0
        modprobe-1314  [001] ....  3943.839403: sys_enter: NR 192 (0, 2000, 3, 22, ffffffff, 0)
        modprobe-1314  [001] ....  3943.839412: sys_exit: NR 192 = 1995911168
        modprobe-1314  [001] ....  3943.839426: sys_enter: NR 983045 (76f734d0, 76f73bc0, 76f78060, 76f734d0, 76f78060, 1)
        modprobe-1314  [001] ....  3943.839428: sys_exit: NR 983045 = 0
        modprobe-1314  [001] ....  3943.839664: sys_enter: NR 125 (76cd4000, 2000, 1, 76cd4000, 76f75aa0, 76ba2fac)
        modprobe-1314  [001] ....  3943.839679: sys_exit: NR 125 = 0
        modprobe-1314  [001] ....  3943.839718: sys_enter: NR 125 (76b60000, 1000, 1, 76b60000, 76f76090, 76b4f910)
        modprobe-1314  [001] ....  3943.839733: sys_exit: NR 125 = 0
        modprobe-1314  [001] ....  3943.839778: sys_enter: NR 125 (76b88000, 1000, 1, 76b88000, 76f75d90, 76b66374)
        modprobe-1314  [001] ....  3943.839793: sys_exit: NR 125 = 0
          <idle>-0     [000] d...  3943.840616: sched_switch: prev_comm=swapper/0 prev_pid=0 prev_prio=120 prev_state=R ==> next_comm=kworker/0:0 next_pid=1247 next_prio=120
          <idle>-0     [002] d...  3943.840616: sched_switch: prev_comm=swapper/2 prev_pid=0 prev_prio=120 prev_state=R ==> next_comm=rcu_sched next_pid=10 next_prio=120
        modprobe-1314  [001] d...  3943.840622: sched_switch: prev_comm=modprobe prev_pid=1314 prev_prio=120 prev_state=R ==> next_comm=kworker/1:3 next_pid=462 next_prio=120
     kworker/1:3-462   [001] d...  3943.840656: sched_switch: prev_comm=kworker/1:3 prev_pid=462 prev_prio=120 prev_state=I ==> next_comm=modprobe next_pid=1314 next_prio=120
       rcu_sched-10    [002] d...  3943.840658: sched_switch: prev_comm=rcu_sched prev_pid=10 prev_prio=120 prev_state=I ==> next_comm=swapper/2 next_pid=0 next_prio=120
     kworker/0:0-1247  [000] d...  3943.840685: sched_switch: prev_comm=kworker/0:0 prev_pid=1247 prev_prio=120 prev_state=I ==> next_comm=swapper/0 next_pid=0 next_prio=120
          <idle>-0     [002] d...  3943.841274: sched_switch: prev_comm=swapper/2 prev_pid=0 prev_prio=120 prev_state=R ==> next_comm=lxterminal next_pid=1104 next_prio=120
      lxterminal-1104  [002] ....  3943.841305: sys_exit: NR 168 = 0
      lxterminal-1104  [002] ....  3943.841344: sys_enter: NR 3 (6, 1050010, 1fe8, 0, 1fe8, 1050010)
      lxterminal-1104  [002] ....  3943.841358: sys_exit: NR 3 = -11
      lxterminal-1104  [002] ....  3943.844411: sys_enter: NR 168 (7ef8e654, 1, ffffffff, 0, ffffffff, 1)
      lxterminal-1104  [002] ....  3943.844432: sys_exit: NR 168 = 1
      lxterminal-1104  [002] ....  3943.844437: sys_enter: NR 146 (3, 7ef8e74c, 3, 0, 3, 7ef8e74c)
      lxterminal-1104  [002] .n..  3943.844514: sys_exit: NR 146 = 16
      lxterminal-1104  [002] d...  3943.844535: sched_switch: prev_comm=lxterminal prev_pid=1104 prev_prio=120 prev_state=R ==> next_comm=Xorg next_pid=493 next_prio=120
            Xorg-493   [002] ....  3943.844558: sys_exit: NR 252 = 1
            Xorg-493   [002] ....  3943.844575: sys_enter: NR 104 (0, 7ec13be4, 0, 1388, 76f94968, 1)
            Xorg-493   [002] ....  3943.844589: sys_exit: NR 104 = 0
            Xorg-493   [002] ....  3943.844601: sys_enter: NR 297 (1c, 7ec139cc, 0, 0, 0, 7ec139cc)
            Xorg-493   [002] ....  3943.844627: sys_exit: NR 297 = 16
            Xorg-493   [002] ....  3943.844657: sys_enter: NR 297 (1c, 7ec139cc, 0, 0, 0, 7ec139cc)
            Xorg-493   [002] ....  3943.844662: sys_exit: NR 297 = -11
            Xorg-493   [002] ....  3943.844667: sys_enter: NR 104 (0, 7ec13be4, 0, 0, 76f94968, 212b8c)
            Xorg-493   [002] ....  3943.844673: sys_exit: NR 104 = 0
            Xorg-493   [002] ....  3943.844680: sys_enter: NR 252 (3, 7ec12be0, 100, 1b3a3, 1b3a3, 100)
            Xorg-493   [002] d...  3943.844707: sched_switch: prev_comm=Xorg prev_pid=493 prev_prio=120 prev_state=S ==> next_comm=lxterminal next_pid=1104 next_prio=120
      lxterminal-1104  [002] ....  3943.844723: sys_enter: NR 297 (3, 7ef8e664, 0, 0, 0, 7ef8e664)
      lxterminal-1104  [002] ....  3943.844728: sys_exit: NR 297 = -11
      lxterminal-1104  [002] ....  3943.844745: sys_enter: NR 168 (10c8210, 3, 0, 0, 0, 3)
      lxterminal-1104  [002] ....  3943.844753: sys_exit: NR 168 = 0
        modprobe-1314  [001] ....  3943.846281: sys_enter: NR 125 (76ecf000, 19000, 1, 76ecf000, 76f757c0, 0)
        modprobe-1314  [001] ....  3943.846333: sys_exit: NR 125 = 0
        modprobe-1314  [001] ....  3943.846363: sys_enter: NR 125 (76f1c000, 1000, 1, 76f1c000, 76f754e8, 76eeeea0)
        modprobe-1314  [001] ....  3943.846380: sys_exit: NR 125 = 0
        modprobe-1314  [001] ....  3943.846393: sys_enter: NR 125 (76f45000, 1000, 1, 76f45000, 76f751e8, 76f32374)
        modprobe-1314  [001] ....  3943.846412: sys_exit: NR 125 = 0
        modprobe-1314  [001] ....  3943.846817: sys_enter: NR 125 (3f000, 1000, 1, 3f000, 76f78978, 0)
        modprobe-1314  [001] ....  3943.846833: sys_exit: NR 125 = 0
        modprobe-1314  [001] ....  3943.846871: sys_enter: NR 125 (76f77000, 1000, 1, 76f77000, 76f78578, 0)
        modprobe-1314  [001] ....  3943.846888: sys_exit: NR 125 = 0
        modprobe-1314  [001] ....  3943.846892: sys_enter: NR 91 (76f1e000, 13a34, 76f78978, 76f1dfff, 76f78910, 76f734d0)
        modprobe-1314  [001] ....  3943.846976: sys_exit: NR 91 = 0
        modprobe-1314  [001] ....  3943.847033: sys_enter: NR 256 (76f73078, 7ebefeb4, 98f20c00, 76f73010, 0, 3fce8)
        modprobe-1314  [001] ....  3943.847038: sys_exit: NR 256 = 1314
      lxterminal-1104  [002] ....  3943.847039: sys_enter: NR 297 (3, 7ef8d75c, 0, 0, 0, 7ef8d75c)
        modprobe-1314  [001] ....  3943.847040: sys_enter: NR 338 (76f73080, c, ffffffec, 76f73080, 0, 3fce8)
        modprobe-1314  [001] ....  3943.847042: sys_exit: NR 338 = 0
      lxterminal-1104  [002] ....  3943.847057: sys_exit: NR 297 = -11
        modprobe-1314  [001] ....  3943.847081: sys_enter: NR 174 (20, 7ebefc74, 0, 8, 0, 7ebefdc0)
        modprobe-1314  [001] ....  3943.847086: sys_exit: NR 174 = 0
        modprobe-1314  [001] ....  3943.847088: sys_enter: NR 174 (21, 7ebefc74, 0, 8, 0, 7ebefdc0)
        modprobe-1314  [001] ....  3943.847091: sys_exit: NR 174 = 0
        modprobe-1314  [001] ....  3943.847093: sys_enter: NR 175 (1, 7ebefdc4, 0, 8, 7ebefdc4, 3fce8)
        modprobe-1314  [001] ....  3943.847099: sys_exit: NR 175 = 0
        modprobe-1314  [001] ....  3943.847151: sys_enter: NR 191 (3, 7ebefdb8, 4, 76b8b224, 6e0, 3fce8)
        modprobe-1314  [001] ....  3943.847158: sys_exit: NR 191 = 0
      lxterminal-1104  [002] ....  3943.847546: sys_enter: NR 168 (7ef8e654, 1, ffffffff, 0, ffffffff, 1)
      lxterminal-1104  [002] ....  3943.847564: sys_exit: NR 168 = 1
      lxterminal-1104  [002] ....  3943.847571: sys_enter: NR 146 (3, 7ef8e74c, 3, 0, 3, 7ef8e74c)
      lxterminal-1104  [002] .n..  3943.847657: sys_exit: NR 146 = 560
      lxterminal-1104  [002] d...  3943.847680: sched_switch: prev_comm=lxterminal prev_pid=1104 prev_prio=120 prev_state=R ==> next_comm=Xorg next_pid=493 next_prio=120
            Xorg-493   [002] ....  3943.847704: sys_exit: NR 252 = 1
            Xorg-493   [002] ....  3943.847723: sys_enter: NR 104 (0, 7ec13be4, 0, 1388, 76f94968, 1)
            Xorg-493   [002] ....  3943.847735: sys_exit: NR 104 = 0
            Xorg-493   [002] ....  3943.847747: sys_enter: NR 297 (1c, 7ec139cc, 0, 0, 0, 7ec139cc)
            Xorg-493   [002] ....  3943.847776: sys_exit: NR 297 = 560
        modprobe-1314  [001] ....  3943.847783: sys_enter: NR 45 (0, 0, 76cd6000, 76cd6000, 0, 21000)
        modprobe-1314  [001] ....  3943.847787: sys_exit: NR 45 = 23273472
        modprobe-1314  [001] ....  3943.847790: sys_enter: NR 45 (1653000, 1653000, 76cd6000, 0, 1632000, 21000)
        modprobe-1314  [001] ....  3943.847807: sys_exit: NR 45 = 23408640
        modprobe-1314  [001] ....  3943.847890: sys_enter: NR 122 (7ebee9a4, 0, 1f8, 98f20c00, 3fce8, 7ebee9a4)
        modprobe-1314  [001] ....  3943.847898: sys_exit: NR 122 = 0
        modprobe-1314  [001] ....  3943.847977: sys_enter: NR 195 (2e358, 7ebeda40, 7ebeda40, 7ebeda40, 1632190, 2e358)
        modprobe-1314  [001] ....  3943.848015: sys_exit: NR 195 = 0
        modprobe-1314  [001] ....  3943.848021: sys_enter: NR 322 (ffffff9c, 2e358, a4800, 0, 3fce8, 2e358)
            Xorg-493   [002] ....  3943.848025: sys_enter: NR 146 (1c, 7ec13a24, 1, 0, 1, 7ec13a24)
            Xorg-493   [002] ....  3943.848047: sys_exit: NR 146 = 32
        modprobe-1314  [001] ....  3943.848049: sys_exit: NR 322 = 0
        modprobe-1314  [001] ....  3943.848052: sys_enter: NR 197 (0, 7ebed948, 7ebed948, 98f20c00, 3fce8, 0)
        modprobe-1314  [001] ....  3943.848056: sys_exit: NR 197 = 0
        modprobe-1314  [001] ....  3943.848070: sys_enter: NR 217 (0, 16322c0, 8000, 0, 16322a0, 16322c0)
        modprobe-1314  [001] ....  3943.848125: sys_exit: NR 217 = 184
        modprobe-1314  [001] ....  3943.848130: sys_enter: NR 327 (0, 16322eb, 7ebedaa8, 0, 16322eb, 2e358)
        modprobe-1314  [001] ....  3943.848142: sys_exit: NR 327 = 0
        modprobe-1314  [001] ....  3943.848149: sys_enter: NR 327 (0, 1632333, 7ebedaa8, 0, 1632333, 2e358)
            Xorg-493   [002] ....  3943.848153: sys_enter: NR 146 (1c, 7ec13a24, 1, 0, 1, 7ec13a24)
        modprobe-1314  [001] ....  3943.848159: sys_exit: NR 327 = 0
        modprobe-1314  [001] ....  3943.848165: sys_enter: NR 327 (0, 163235b, 7ebedaa8, 0, 163235b, 2e358)
            Xorg-493   [002] ....  3943.848165: sys_exit: NR 146 = 32
        modprobe-1314  [001] ....  3943.848173: sys_exit: NR 327 = 0
        modprobe-1314  [001] ....  3943.848179: sys_enter: NR 217 (0, 16322c0, 8000, b8, 16322a0, 16322c0)
        modprobe-1314  [001] ....  3943.848183: sys_exit: NR 217 = 0
        modprobe-1314  [001] ....  3943.848186: sys_enter: NR 6 (0, 76cd6808, 98f20c00, 98f20c00, 163235b, 2e358)
        modprobe-1314  [001] ....  3943.848190: __close_fd+0x10/0xa0 <-sys_close+0x30/0x58
        modprobe-1314  [001] ....  3943.848217: <stack trace>
 => __close_fd+0x14/0xa0
 => sys_close+0x30/0x58
 => __sys_trace_return+0x0/0x1c
 => 0x7ebed9c0
        modprobe-1314  [001] ....  3943.848227: sys_exit: NR 6 = 0
        modprobe-1314  [001] ....  3943.848244: sys_enter: NR 195 (2e368, 7ebeda40, 7ebeda40, 4002c, 16322a0, 2e368)
        modprobe-1314  [001] ....  3943.848277: sys_exit: NR 195 = -2
        modprobe-1314  [001] ....  3943.848280: sys_enter: NR 195 (2e378, 7ebeda40, 7ebeda40, 40030, 2, 2e378)
        modprobe-1314  [001] ....  3943.848291: sys_exit: NR 195 = 0
            Xorg-493   [002] ....  3943.848293: sys_enter: NR 146 (12, 7ec13a3c, 1, 0, 1, 7ec13a3c)
        modprobe-1314  [001] ....  3943.848294: sys_enter: NR 322 (ffffff9c, 2e378, a4800, 0, 3fce8, 2e378)
        modprobe-1314  [001] ....  3943.848306: sys_exit: NR 322 = 0
        modprobe-1314  [001] ....  3943.848308: sys_enter: NR 197 (0, 7ebed948, 7ebed948, 98f20c00, 3fce8, 0)
        modprobe-1314  [001] ....  3943.848313: sys_exit: NR 197 = 0
        modprobe-1314  [001] ....  3943.848326: sys_enter: NR 217 (0, 163a390, 8000, 0, 163a370, 163a390)
            Xorg-493   [002] ....  3943.848335: sys_exit: NR 146 = 32
        modprobe-1314  [001] ....  3943.848349: sys_exit: NR 217 = 152
        modprobe-1314  [001] ....  3943.848353: sys_enter: NR 327 (0, 163a3a3, 7ebedaa8, 0, 163a3a3, 2e378)
            Xorg-493   [002] ....  3943.848354: sys_enter: NR 297 (1c, 7ec139cc, 0, 0, 0, 7ec139cc)
            Xorg-493   [002] ....  3943.848361: sys_exit: NR 297 = -11
            Xorg-493   [002] ....  3943.848367: sys_enter: NR 104 (0, 7ec13be4, 0, 0, 76f94968, 212b8c)
        modprobe-1314  [001] ....  3943.848367: sys_exit: NR 327 = 0
            Xorg-493   [002] ....  3943.848373: sys_exit: NR 104 = 0
        modprobe-1314  [001] ....  3943.848374: sys_enter: NR 327 (0, 163a3db, 7ebedaa8, 0, 163a3db, 2e378)
            Xorg-493   [002] ....  3943.848380: sys_enter: NR 252 (3, 7ec12be0, 100, 1b3a0, 1b3a0, 100)
        modprobe-1314  [001] ....  3943.848384: sys_exit: NR 327 = 0
        modprobe-1314  [001] ....  3943.848390: sys_enter: NR 327 (0, 163a403, 7ebedaa8, 0, 163a403, 2e378)
        modprobe-1314  [001] ....  3943.848399: sys_exit: NR 327 = 0
        modprobe-1314  [001] ....  3943.848403: sys_enter: NR 217 (0, 163a390, 8000, 98, 163a370, 163a390)
        modprobe-1314  [001] ....  3943.848407: sys_exit: NR 217 = 0
        modprobe-1314  [001] ....  3943.848411: sys_enter: NR 6 (0, 20000, 98f20c00, 98f20c00, 163a423, 2e378)
        modprobe-1314  [001] ....  3943.848413: __close_fd+0x10/0xa0 <-sys_close+0x30/0x58
            Xorg-493   [002] d...  3943.848413: sched_switch: prev_comm=Xorg prev_pid=493 prev_prio=120 prev_state=S ==> next_comm=vncagent next_pid=512 next_prio=120
        modprobe-1314  [001] ....  3943.848426: <stack trace>
 => __close_fd+0x14/0xa0
 => sys_close+0x30/0x58
 => __sys_trace_return+0x0/0x1c
 => 0x7ebed9c0
        modprobe-1314  [001] ....  3943.848430: sys_exit: NR 6 = 0
        vncagent-512   [002] ....  3943.848441: sys_exit: NR 142 = 1
        modprobe-1314  [001] ....  3943.848448: sys_enter: NR 322 (ffffff9c, 7ebedb14, a0000, 0, 7ebedb14, 3fce8)
        modprobe-1314  [001] ....  3943.848460: ext4_file_open+0x14/0x1d8 <-do_dentry_open+0x124/0x3c8
        vncagent-512   [002] ....  3943.848472: sys_enter: NR 297 (3, 7efe362c, 0, 0, 1b747a0, 1)
        modprobe-1314  [001] ....  3943.848485: <stack trace>
 => ext4_file_open+0x18/0x1d8
 => do_dentry_open+0x124/0x3c8
 => vfs_open+0x3c/0x40
 => path_openat+0x2c0/0x1154
 => do_filp_open+0x84/0xec
 => do_sys_open+0x178/0x1fc
 => sys_openat+0x1c/0x20
 => __sys_trace_return+0x0/0x1c
 => 0x7ebed990
        vncagent-512   [002] ....  3943.848488: sys_exit: NR 297 = 32
        modprobe-1314  [001] ....  3943.848491: sys_exit: NR 322 = 0
        vncagent-512   [002] ....  3943.848514: sys_enter: NR 297 (3, 7efe362c, 0, 0, 1b747a0, 1)
        vncagent-512   [002] ....  3943.848522: sys_exit: NR 297 = -11
        vncagent-512   [002] ....  3943.848530: sys_enter: NR 297 (3, 7efe364c, 0, 0, 1b747a0, 7efe3724)
        modprobe-1314  [001] ....  3943.848536: sys_enter: NR 221 (0, 3, 2d040, 3fce8, 2d040, 3fce8)
        vncagent-512   [002] ....  3943.848537: sys_exit: NR 297 = -11
        modprobe-1314  [001] ....  3943.848541: sys_exit: NR 221 = 131072
        modprobe-1314  [001] ....  3943.848554: sys_enter: NR 197 (0, 7ebed8d8, 7ebed8d8, 76bf5788, 16323c0, 76cd4b1c)
        modprobe-1314  [001] ....  3943.848559: sys_exit: NR 197 = 0
        vncagent-512   [002] ....  3943.848570: sys_enter: NR 297 (3, 7efe362c, 0, 0, 1b747a0, 1)
        modprobe-1314  [001] ....  3943.848574: sys_enter: NR 3 (0, 1632630, 1000, 0, 16323c0, 76cd4b1c)
        vncagent-512   [002] ....  3943.848574: sys_exit: NR 297 = -11
        vncagent-512   [002] ....  3943.848577: sys_enter: NR 297 (3, 7efe364c, 0, 0, 1b747a0, 7efe3724)
        modprobe-1314  [001] ....  3943.848579: ext4_file_read_iter+0x10/0x64 <-__vfs_read+0x124/0x16c
        vncagent-512   [002] ....  3943.848581: sys_exit: NR 297 = -11
        vncagent-512   [002] ....  3943.848589: sys_enter: NR 142 (e, 7efe3630, 7efe36b0, 7efe3730, 7efe3628, 7efe36ac)
        modprobe-1314  [001] ....  3943.848596: <stack trace>
 => ext4_file_read_iter+0x14/0x64
 => __vfs_read+0x124/0x16c
 => vfs_read+0x9c/0x164
 => ksys_read+0x74/0xe8
 => sys_read+0x18/0x1c
 => __sys_trace_return+0x0/0x1c
 => 0x7ebed958
        modprobe-1314  [001] ....  3943.848610: sys_exit: NR 3 = 655
        vncagent-512   [002] d...  3943.848625: sched_switch: prev_comm=vncagent prev_pid=512 prev_prio=120 prev_state=S ==> next_comm=lxterminal next_pid=1104 next_prio=120
      lxterminal-1104  [002] ....  3943.848642: sys_enter: NR 297 (3, 7ef8e664, 0, 0, 0, 7ef8e664)
      lxterminal-1104  [002] ....  3943.848659: sys_exit: NR 297 = 64
      lxterminal-1104  [002] ....  3943.848679: sys_enter: NR 297 (3, 7ef8e664, 0, 0, 0, 7ef8e664)
      lxterminal-1104  [002] ....  3943.848684: sys_exit: NR 297 = -11
        modprobe-1314  [001] ....  3943.848692: sys_enter: NR 3 (0, 1632630, 1000, 0, 16323c0, 76cd4b1c)
        modprobe-1314  [001] ....  3943.848695: ext4_file_read_iter+0x10/0x64 <-__vfs_read+0x124/0x16c
      lxterminal-1104  [002] ....  3943.848700: sys_enter: NR 168 (10c8210, 3, 0, 0, 0, 3)
      lxterminal-1104  [002] ....  3943.848709: sys_exit: NR 168 = 0
        modprobe-1314  [001] ....  3943.848710: <stack trace>
 => ext4_file_read_iter+0x14/0x64
 => __vfs_read+0x124/0x16c
 => vfs_read+0x9c/0x164
 => ksys_read+0x74/0xe8
 => sys_read+0x18/0x1c
 => __sys_trace_return+0x0/0x1c
 => 0x7ebed958
        modprobe-1314  [001] ....  3943.848714: sys_exit: NR 3 = 0
        modprobe-1314  [001] ....  3943.848721: sys_enter: NR 6 (0, 444, 76cd46d8, 76bf4864, 16323c0, 76cd4b1c)
        modprobe-1314  [001] ....  3943.848725: __close_fd+0x10/0xa0 <-sys_close+0x30/0x58
        modprobe-1314  [001] ....  3943.848737: <stack trace>
 => __close_fd+0x14/0xa0
 => sys_close+0x30/0x58
 => __sys_trace_return+0x0/0x1c
 => 0x7ebed998
        modprobe-1314  [001] ....  3943.848740: sys_exit: NR 6 = 0
        modprobe-1314  [001] ....  3943.848756: sys_enter: NR 322 (ffffff9c, 7ebedb14, a0000, 0, 7ebedb14, 3fce8)
        modprobe-1314  [001] ....  3943.848770: ext4_file_open+0x14/0x1d8 <-do_dentry_open+0x124/0x3c8
        modprobe-1314  [001] ....  3943.848788: <stack trace>
 => ext4_file_open+0x18/0x1d8
 => do_dentry_open+0x124/0x3c8
 => vfs_open+0x3c/0x40
 => path_openat+0x2c0/0x1154
 => do_filp_open+0x84/0xec
 => do_sys_open+0x178/0x1fc
 => sys_openat+0x1c/0x20
 => __sys_trace_return+0x0/0x1c
 => 0x7ebed990
      lxterminal-1104  [002] ....  3943.848788: sys_enter: NR 297 (3, 7ef8e5cc, 0, 0, 0, 7ef8e5cc)
        modprobe-1314  [001] ....  3943.848793: sys_exit: NR 322 = 0
      lxterminal-1104  [002] ....  3943.848795: sys_exit: NR 297 = -11
        modprobe-1314  [001] ....  3943.848796: sys_enter: NR 221 (0, 3, 2d040, 3fce8, 2d040, 3fce8)
        modprobe-1314  [001] ....  3943.848799: sys_exit: NR 221 = 131072
        modprobe-1314  [001] ....  3943.848804: sys_enter: NR 197 (0, 7ebed8d8, 7ebed8d8, 76bf5788, 16323c0, 76cd4b1c)
        modprobe-1314  [001] ....  3943.848809: sys_exit: NR 197 = 0
      lxterminal-1104  [002] ....  3943.848809: sys_enter: NR 297 (3, 7ef8e664, 0, 0, 0, 7ef8e664)
        modprobe-1314  [001] ....  3943.848813: sys_enter: NR 3 (0, 1632630, 1000, 0, 16323c0, 76cd4b1c)
      lxterminal-1104  [002] ....  3943.848814: sys_exit: NR 297 = -11
        modprobe-1314  [001] ....  3943.848815: ext4_file_read_iter+0x10/0x64 <-__vfs_read+0x124/0x16c
      lxterminal-1104  [002] ....  3943.848824: sys_enter: NR 168 (10c8210, 4, 8, 0, 8, 4)
        modprobe-1314  [001] ....  3943.848830: <stack trace>
 => ext4_file_read_iter+0x14/0x64
 => __vfs_read+0x124/0x16c
 => vfs_read+0x9c/0x164
 => ksys_read+0x74/0xe8
 => sys_read+0x18/0x1c
 => __sys_trace_return+0x0/0x1c
 => 0x7ebed958
        modprobe-1314  [001] ....  3943.848836: sys_exit: NR 3 = 20
        modprobe-1314  [001] ....  3943.848849: sys_enter: NR 3 (0, 1632630, 1000, 0, 16323c0, 76cd4b1c)
        modprobe-1314  [001] ....  3943.848852: ext4_file_read_iter+0x10/0x64 <-__vfs_read+0x124/0x16c
        modprobe-1314  [001] ....  3943.848867: <stack trace>
 => ext4_file_read_iter+0x14/0x64
 => __vfs_read+0x124/0x16c
 => vfs_read+0x9c/0x164
 => ksys_read+0x74/0xe8
 => sys_read+0x18/0x1c
 => __sys_trace_return+0x0/0x1c
 => 0x7ebed958
        modprobe-1314  [001] ....  3943.848870: sys_exit: NR 3 = 0
        modprobe-1314  [001] ....  3943.848874: sys_enter: NR 6 (0, 444, 76cd46d8, 76bf4864, 16323c0, 76cd4b1c)
        modprobe-1314  [001] ....  3943.848876: __close_fd+0x10/0xa0 <-sys_close+0x30/0x58
        modprobe-1314  [001] ....  3943.848887: <stack trace>
 => __close_fd+0x14/0xa0
 => sys_close+0x30/0x58
 => __sys_trace_return+0x0/0x1c
 => 0x7ebed998
        modprobe-1314  [001] ....  3943.848890: sys_exit: NR 6 = 0
      lxterminal-1104  [002] d...  3943.848895: sched_switch: prev_comm=lxterminal prev_pid=1104 prev_prio=120 prev_state=S ==> next_comm=swapper/2 next_pid=0 next_prio=120
        modprobe-1314  [001] ....  3943.848903: sys_enter: NR 322 (ffffff9c, 7ebedb14, a0000, 0, 7ebedb14, 3fce8)
        modprobe-1314  [001] ....  3943.848916: ext4_file_open+0x14/0x1d8 <-do_dentry_open+0x124/0x3c8
        modprobe-1314  [001] ....  3943.848933: <stack trace>
 => ext4_file_open+0x18/0x1d8
 => do_dentry_open+0x124/0x3c8
 => vfs_open+0x3c/0x40
 => path_openat+0x2c0/0x1154
 => do_filp_open+0x84/0xec
 => do_sys_open+0x178/0x1fc
 => sys_openat+0x1c/0x20
 => __sys_trace_return+0x0/0x1c
 => 0x7ebed990
        modprobe-1314  [001] ....  3943.848938: sys_exit: NR 322 = 0
        modprobe-1314  [001] ....  3943.848941: sys_enter: NR 221 (0, 3, 2d040, 3fce8, 2d040, 3fce8)
        modprobe-1314  [001] ....  3943.848943: sys_exit: NR 221 = 131072
        modprobe-1314  [001] ....  3943.848948: sys_enter: NR 197 (0, 7ebed8d8, 7ebed8d8, 76bf5788, 16323c0, 76cd4b1c)
        modprobe-1314  [001] ....  3943.848952: sys_exit: NR 197 = 0
        modprobe-1314  [001] ....  3943.848956: sys_enter: NR 3 (0, 1632630, 1000, 0, 16323c0, 76cd4b1c)
        modprobe-1314  [001] ....  3943.848958: ext4_file_read_iter+0x10/0x64 <-__vfs_read+0x124/0x16c
        modprobe-1314  [001] ....  3943.848974: <stack trace>
 => ext4_file_read_iter+0x14/0x64
 => __vfs_read+0x124/0x16c
 => vfs_read+0x9c/0x164
 => ksys_read+0x74/0xe8
 => sys_read+0x18/0x1c
 => __sys_trace_return+0x0/0x1c
 => 0x7ebed958
        modprobe-1314  [001] ....  3943.848980: sys_exit: NR 3 = 19
        modprobe-1314  [001] ....  3943.848990: sys_enter: NR 3 (0, 1632630, 1000, 0, 16323c0, 76cd4b1c)
        modprobe-1314  [001] ....  3943.848992: ext4_file_read_iter+0x10/0x64 <-__vfs_read+0x124/0x16c
        modprobe-1314  [001] ....  3943.849007: <stack trace>
 => ext4_file_read_iter+0x14/0x64
 => __vfs_read+0x124/0x16c
 => vfs_read+0x9c/0x164
 => ksys_read+0x74/0xe8
 => sys_read+0x18/0x1c
 => __sys_trace_return+0x0/0x1c
 => 0x7ebed958
        modprobe-1314  [001] ....  3943.849010: sys_exit: NR 3 = 0
        modprobe-1314  [001] ....  3943.849014: sys_enter: NR 6 (0, 444, 76cd46d8, 76bf4864, 16323c0, 76cd4b1c)
        modprobe-1314  [001] ....  3943.849016: __close_fd+0x10/0xa0 <-sys_close+0x30/0x58
        modprobe-1314  [001] ....  3943.849027: <stack trace>
 => __close_fd+0x14/0xa0
 => sys_close+0x30/0x58
 => __sys_trace_return+0x0/0x1c
 => 0x7ebed998
        modprobe-1314  [001] ....  3943.849030: sys_exit: NR 6 = 0
        modprobe-1314  [001] ....  3943.849042: sys_enter: NR 322 (ffffff9c, 7ebedb14, a0000, 0, 7ebedb14, 3fce8)
        modprobe-1314  [001] ....  3943.849054: ext4_file_open+0x14/0x1d8 <-do_dentry_open+0x124/0x3c8
        modprobe-1314  [001] ....  3943.849072: <stack trace>
 => ext4_file_open+0x18/0x1d8
 => do_dentry_open+0x124/0x3c8
 => vfs_open+0x3c/0x40
 => path_openat+0x2c0/0x1154
 => do_filp_open+0x84/0xec
 => do_sys_open+0x178/0x1fc
 => sys_openat+0x1c/0x20
 => __sys_trace_return+0x0/0x1c
 => 0x7ebed990
        modprobe-1314  [001] ....  3943.849076: sys_exit: NR 322 = 0
        modprobe-1314  [001] ....  3943.849079: sys_enter: NR 221 (0, 3, 2d040, 3fce8, 2d040, 3fce8)
        modprobe-1314  [001] ....  3943.849081: sys_exit: NR 221 = 131072
        modprobe-1314  [001] ....  3943.849086: sys_enter: NR 197 (0, 7ebed8d8, 7ebed8d8, 76bf5788, 16323c0, 76cd4b1c)
        modprobe-1314  [001] ....  3943.849090: sys_exit: NR 197 = 0
        modprobe-1314  [001] ....  3943.849094: sys_enter: NR 3 (0, 1632630, 1000, 0, 16323c0, 76cd4b1c)
        modprobe-1314  [001] ....  3943.849098: ext4_file_read_iter+0x10/0x64 <-__vfs_read+0x124/0x16c
        modprobe-1314  [001] ....  3943.849113: <stack trace>
 => ext4_file_read_iter+0x14/0x64
 => __vfs_read+0x124/0x16c
 => vfs_read+0x9c/0x164
 => ksys_read+0x74/0xe8
 => sys_read+0x18/0x1c
 => __sys_trace_return+0x0/0x1c
 => 0x7ebed958
        modprobe-1314  [001] ....  3943.849119: sys_exit: NR 3 = 390
        modprobe-1314  [001] ....  3943.849215: sys_enter: NR 3 (0, 1632630, 1000, 0, 16323c0, 76cd4b1c)
        modprobe-1314  [001] ....  3943.849217: ext4_file_read_iter+0x10/0x64 <-__vfs_read+0x124/0x16c
        modprobe-1314  [001] ....  3943.849235: <stack trace>
 => ext4_file_read_iter+0x14/0x64
 => __vfs_read+0x124/0x16c
 => vfs_read+0x9c/0x164
 => ksys_read+0x74/0xe8
 => sys_read+0x18/0x1c
 => __sys_trace_return+0x0/0x1c
 => 0x7ebed958
        modprobe-1314  [001] ....  3943.849239: sys_exit: NR 3 = 0
        modprobe-1314  [001] ....  3943.849244: sys_enter: NR 6 (0, 444, 76cd46d8, 76bf4864, 16323c0, 76cd4b1c)
        modprobe-1314  [001] ....  3943.849245: __close_fd+0x10/0xa0 <-sys_close+0x30/0x58
        modprobe-1314  [001] ....  3943.849257: <stack trace>
 => __close_fd+0x14/0xa0
 => sys_close+0x30/0x58
 => __sys_trace_return+0x0/0x1c
 => 0x7ebed998
        modprobe-1314  [001] ....  3943.849260: sys_exit: NR 6 = 0
        modprobe-1314  [001] ....  3943.849273: sys_enter: NR 322 (ffffff9c, 7ebedb14, a0000, 0, 7ebedb14, 3fce8)
        modprobe-1314  [001] ....  3943.849289: ext4_file_open+0x14/0x1d8 <-do_dentry_open+0x124/0x3c8
        modprobe-1314  [001] ....  3943.849307: <stack trace>
 => ext4_file_open+0x18/0x1d8
 => do_dentry_open+0x124/0x3c8
 => vfs_open+0x3c/0x40
 => path_openat+0x2c0/0x1154
 => do_filp_open+0x84/0xec
 => do_sys_open+0x178/0x1fc
 => sys_openat+0x1c/0x20
 => __sys_trace_return+0x0/0x1c
 => 0x7ebed990
        modprobe-1314  [001] ....  3943.849312: sys_exit: NR 322 = 0
        modprobe-1314  [001] ....  3943.849315: sys_enter: NR 221 (0, 3, 2d040, 3fce8, 2d040, 3fce8)
        modprobe-1314  [001] ....  3943.849318: sys_exit: NR 221 = 131072
        modprobe-1314  [001] ....  3943.849322: sys_enter: NR 197 (0, 7ebed8d8, 7ebed8d8, 76bf5788, 16323c0, 76cd4b1c)
        modprobe-1314  [001] ....  3943.849327: sys_exit: NR 197 = 0
        modprobe-1314  [001] ....  3943.849331: sys_enter: NR 3 (0, 1632630, 1000, 0, 16323c0, 76cd4b1c)
        modprobe-1314  [001] ....  3943.849333: ext4_file_read_iter+0x10/0x64 <-__vfs_read+0x124/0x16c
        modprobe-1314  [001] ....  3943.849350: <stack trace>
 => ext4_file_read_iter+0x14/0x64
 => __vfs_read+0x124/0x16c
 => vfs_read+0x9c/0x164
 => ksys_read+0x74/0xe8
 => sys_read+0x18/0x1c
 => __sys_trace_return+0x0/0x1c
 => 0x7ebed958
        modprobe-1314  [001] ....  3943.849357: sys_exit: NR 3 = 379
        modprobe-1314  [001] ....  3943.849462: sys_enter: NR 3 (0, 1632630, 1000, 0, 16323c0, 76cd4b1c)
        modprobe-1314  [001] ....  3943.849464: ext4_file_read_iter+0x10/0x64 <-__vfs_read+0x124/0x16c
        modprobe-1314  [001] ....  3943.849481: <stack trace>
 => ext4_file_read_iter+0x14/0x64
 => __vfs_read+0x124/0x16c
 => vfs_read+0x9c/0x164
 => ksys_read+0x74/0xe8
 => sys_read+0x18/0x1c
 => __sys_trace_return+0x0/0x1c
 => 0x7ebed958
        modprobe-1314  [001] ....  3943.849484: sys_exit: NR 3 = 0
        modprobe-1314  [001] ....  3943.849489: sys_enter: NR 6 (0, 444, 76cd46d8, 76bf4864, 16323c0, 76cd4b1c)
        modprobe-1314  [001] ....  3943.849490: __close_fd+0x10/0xa0 <-sys_close+0x30/0x58
        modprobe-1314  [001] ....  3943.849502: <stack trace>
 => __close_fd+0x14/0xa0
 => sys_close+0x30/0x58
 => __sys_trace_return+0x0/0x1c
 => 0x7ebed998
        modprobe-1314  [001] ....  3943.849505: sys_exit: NR 6 = 0
        modprobe-1314  [001] ....  3943.849517: sys_enter: NR 322 (ffffff9c, 7ebedb14, a0000, 0, 7ebedb14, 3fce8)
        modprobe-1314  [001] ....  3943.849529: ext4_file_open+0x14/0x1d8 <-do_dentry_open+0x124/0x3c8
        modprobe-1314  [001] ....  3943.849547: <stack trace>
 => ext4_file_open+0x18/0x1d8
 => do_dentry_open+0x124/0x3c8
 => vfs_open+0x3c/0x40
 => path_openat+0x2c0/0x1154
 => do_filp_open+0x84/0xec
 => do_sys_open+0x178/0x1fc
 => sys_openat+0x1c/0x20
 => __sys_trace_return+0x0/0x1c
 => 0x7ebed990
        modprobe-1314  [001] ....  3943.849552: sys_exit: NR 322 = 0
        modprobe-1314  [001] ....  3943.849555: sys_enter: NR 221 (0, 3, 2d040, 3fce8, 2d040, 3fce8)
        modprobe-1314  [001] ....  3943.849557: sys_exit: NR 221 = 131072
        modprobe-1314  [001] ....  3943.849561: sys_enter: NR 197 (0, 7ebed8d8, 7ebed8d8, 76bf5788, 16323c0, 76cd4b1c)
        modprobe-1314  [001] ....  3943.849566: sys_exit: NR 197 = 0
        modprobe-1314  [001] ....  3943.849570: sys_enter: NR 3 (0, 1632630, 1000, 0, 16323c0, 76cd4b1c)
        modprobe-1314  [001] ....  3943.849573: ext4_file_read_iter+0x10/0x64 <-__vfs_read+0x124/0x16c
        modprobe-1314  [001] ....  3943.849588: <stack trace>
 => ext4_file_read_iter+0x14/0x64
 => __vfs_read+0x124/0x16c
 => vfs_read+0x9c/0x164
 => ksys_read+0x74/0xe8
 => sys_read+0x18/0x1c
 => __sys_trace_return+0x0/0x1c
 => 0x7ebed958
        modprobe-1314  [001] ....  3943.849591: sys_exit: NR 3 = 0
        modprobe-1314  [001] ....  3943.849596: sys_enter: NR 6 (0, 444, 76cd46d8, 76bf4864, 16323c0, 76cd4b1c)
        modprobe-1314  [001] ....  3943.849599: __close_fd+0x10/0xa0 <-sys_close+0x30/0x58
        modprobe-1314  [001] ....  3943.849610: <stack trace>
 => __close_fd+0x14/0xa0
 => sys_close+0x30/0x58
 => __sys_trace_return+0x0/0x1c
 => 0x7ebed998
        modprobe-1314  [001] ....  3943.849613: sys_exit: NR 6 = 0
        modprobe-1314  [001] ....  3943.849625: sys_enter: NR 322 (ffffff9c, 7ebedb14, a0000, 0, 7ebedb14, 3fce8)
        modprobe-1314  [001] ....  3943.849638: ext4_file_open+0x14/0x1d8 <-do_dentry_open+0x124/0x3c8
        modprobe-1314  [001] ....  3943.849656: <stack trace>
 => ext4_file_open+0x18/0x1d8
 => do_dentry_open+0x124/0x3c8
 => vfs_open+0x3c/0x40
 => path_openat+0x2c0/0x1154
 => do_filp_open+0x84/0xec
 => do_sys_open+0x178/0x1fc
 => sys_openat+0x1c/0x20
 => __sys_trace_return+0x0/0x1c
 => 0x7ebed990
        modprobe-1314  [001] ....  3943.849661: sys_exit: NR 322 = 0
        modprobe-1314  [001] ....  3943.849664: sys_enter: NR 221 (0, 3, 2d040, 3fce8, 2d040, 3fce8)
        modprobe-1314  [001] ....  3943.849666: sys_exit: NR 221 = 131072
        modprobe-1314  [001] ....  3943.849670: sys_enter: NR 197 (0, 7ebed8d8, 7ebed8d8, 76bf5788, 16323c0, 76cd4b1c)
        modprobe-1314  [001] ....  3943.849675: sys_exit: NR 197 = 0
        modprobe-1314  [001] ....  3943.849678: sys_enter: NR 3 (0, 1632630, 1000, 0, 16323c0, 76cd4b1c)
        modprobe-1314  [001] ....  3943.849681: ext4_file_read_iter+0x10/0x64 <-__vfs_read+0x124/0x16c
        modprobe-1314  [001] ....  3943.849696: <stack trace>
 => ext4_file_read_iter+0x14/0x64
 => __vfs_read+0x124/0x16c
 => vfs_read+0x9c/0x164
 => ksys_read+0x74/0xe8
 => sys_read+0x18/0x1c
 => __sys_trace_return+0x0/0x1c
 => 0x7ebed958
        modprobe-1314  [001] ....  3943.849703: sys_exit: NR 3 = 765
        modprobe-1314  [001] ....  3943.849742: sys_enter: NR 3 (0, 1632630, 1000, 0, 16323c0, 76cd4b1c)
        modprobe-1314  [001] ....  3943.849745: ext4_file_read_iter+0x10/0x64 <-__vfs_read+0x124/0x16c
        modprobe-1314  [001] ....  3943.849759: <stack trace>
 => ext4_file_read_iter+0x14/0x64
 => __vfs_read+0x124/0x16c
 => vfs_read+0x9c/0x164
 => ksys_read+0x74/0xe8
 => sys_read+0x18/0x1c
 => __sys_trace_return+0x0/0x1c
 => 0x7ebed958
        modprobe-1314  [001] ....  3943.849763: sys_exit: NR 3 = 0
        modprobe-1314  [001] ....  3943.849767: sys_enter: NR 6 (0, 444, 76cd46d8, 76bf4864, 16323c0, 76cd4b1c)
        modprobe-1314  [001] ....  3943.849769: __close_fd+0x10/0xa0 <-sys_close+0x30/0x58
        modprobe-1314  [001] ....  3943.849780: <stack trace>
 => __close_fd+0x14/0xa0
 => sys_close+0x30/0x58
 => __sys_trace_return+0x0/0x1c
 => 0x7ebed998
        modprobe-1314  [001] ....  3943.849783: sys_exit: NR 6 = 0
        modprobe-1314  [001] ....  3943.849792: sys_enter: NR 322 (ffffff9c, 2e5a0, a0000, 0, 7ebedb18, 3fce8)
        modprobe-1314  [001] ....  3943.849816: sys_exit: NR 322 = 0
        modprobe-1314  [001] ....  3943.849819: sys_enter: NR 3 (0, 7ebedb14, fff, 0, fff, 0)
        modprobe-1314  [001] ....  3943.849834: sys_exit: NR 3 = 341
        modprobe-1314  [001] ....  3943.849836: sys_enter: NR 3 (0, 7ebedc69, eaa, 0, eaa, 155)
        modprobe-1314  [001] ....  3943.849839: sys_exit: NR 3 = 0
        modprobe-1314  [001] ....  3943.849841: sys_enter: NR 6 (0, 7ebedc69, 6c, 0, 0, 7ebedb14)
        modprobe-1314  [001] ....  3943.849843: __close_fd+0x10/0xa0 <-sys_close+0x30/0x58
        modprobe-1314  [001] ....  3943.849856: <stack trace>
 => __close_fd+0x14/0xa0
 => sys_close+0x30/0x58
 => __sys_trace_return+0x0/0x1c
 => 0x7ebed9b8
        modprobe-1314  [001] ....  3943.849859: sys_exit: NR 6 = 0
        modprobe-1314  [001] ....  3943.849911: sys_enter: NR 322 (ffffff9c, 7ebedb54, a0000, 0, 16333a8, 3fce8)
        modprobe-1314  [001] ....  3943.849924: ext4_file_open+0x14/0x1d8 <-do_dentry_open+0x124/0x3c8
        modprobe-1314  [001] ....  3943.849943: <stack trace>
 => ext4_file_open+0x18/0x1d8
 => do_dentry_open+0x124/0x3c8
 => vfs_open+0x3c/0x40
 => path_openat+0x2c0/0x1154
 => do_filp_open+0x84/0xec
 => do_sys_open+0x178/0x1fc
 => sys_openat+0x1c/0x20
 => __sys_trace_return+0x0/0x1c
 => 0x7ebeda58
        modprobe-1314  [001] ....  3943.849948: sys_exit: NR 322 = 0
        modprobe-1314  [001] ....  3943.849951: sys_enter: NR 197 (0, 7ebedaa8, 7ebedaa8, 98f20c00, 16333a8, 0)
        modprobe-1314  [001] ....  3943.849956: sys_exit: NR 197 = 0
        modprobe-1314  [001] ....  3943.849959: sys_enter: NR 192 (0, 3ef0e, 1, 2, 0, 0)
        modprobe-1314  [001] ....  3943.849984: sys_exit: NR 192 = 1991311360
        modprobe-1314  [001] ....  3943.850007: sys_enter: NR 6 (0, ed, 6c, 0, 16333a8, 0)
        modprobe-1314  [001] ....  3943.850009: __close_fd+0x10/0xa0 <-sys_close+0x30/0x58
        modprobe-1314  [001] ....  3943.850021: <stack trace>
 => __close_fd+0x14/0xa0
 => sys_close+0x30/0x58
 => __sys_trace_return+0x0/0x1c
 => 0x7ebeda80
        modprobe-1314  [001] ....  3943.850024: sys_exit: NR 6 = 0
        modprobe-1314  [001] ....  3943.850031: sys_enter: NR 322 (ffffff9c, 7ebedb54, a0000, 0, 16333c0, 3fce8)
        modprobe-1314  [001] ....  3943.850044: ext4_file_open+0x14/0x1d8 <-do_dentry_open+0x124/0x3c8
        modprobe-1314  [001] ....  3943.850062: <stack trace>
 => ext4_file_open+0x18/0x1d8
 => do_dentry_open+0x124/0x3c8
 => vfs_open+0x3c/0x40
 => path_openat+0x2c0/0x1154
 => do_filp_open+0x84/0xec
 => do_sys_open+0x178/0x1fc
 => sys_openat+0x1c/0x20
 => __sys_trace_return+0x0/0x1c
 => 0x7ebeda58
        modprobe-1314  [001] ....  3943.850067: sys_exit: NR 322 = 0
        modprobe-1314  [001] ....  3943.850070: sys_enter: NR 197 (0, 7ebedaa8, 7ebedaa8, 98f20c00, 16333c0, 0)
        modprobe-1314  [001] ....  3943.850075: sys_exit: NR 197 = 0
        modprobe-1314  [001] ....  3943.850077: sys_enter: NR 192 (0, 88574, 1, 2, 0, 0)
        modprobe-1314  [001] ....  3943.850088: sys_exit: NR 192 = 1990750208
        modprobe-1314  [001] ....  3943.850111: sys_enter: NR 6 (0, 84, 6c, 0, 16333c0, 0)
        modprobe-1314  [001] ....  3943.850113: __close_fd+0x10/0xa0 <-sys_close+0x30/0x58
        modprobe-1314  [001] ....  3943.850125: <stack trace>
 => __close_fd+0x14/0xa0
 => sys_close+0x30/0x58
 => __sys_trace_return+0x0/0x1c
 => 0x7ebeda80
        modprobe-1314  [001] ....  3943.850128: sys_exit: NR 6 = 0
        modprobe-1314  [001] ....  3943.850135: sys_enter: NR 322 (ffffff9c, 7ebedb54, a0000, 0, 16333d8, 3fce8)
        modprobe-1314  [001] ....  3943.850147: ext4_file_open+0x14/0x1d8 <-do_dentry_open+0x124/0x3c8
        modprobe-1314  [001] ....  3943.850165: <stack trace>
 => ext4_file_open+0x18/0x1d8
 => do_dentry_open+0x124/0x3c8
 => vfs_open+0x3c/0x40
 => path_openat+0x2c0/0x1154
 => do_filp_open+0x84/0xec
 => do_sys_open+0x178/0x1fc
 => sys_openat+0x1c/0x20
 => __sys_trace_return+0x0/0x1c
 => 0x7ebeda58
        modprobe-1314  [001] ....  3943.850170: sys_exit: NR 322 = 0
        modprobe-1314  [001] ....  3943.850173: sys_enter: NR 197 (0, 7ebedaa8, 7ebedaa8, 98f20c00, 16333d8, 0)
        modprobe-1314  [001] ....  3943.850178: sys_exit: NR 197 = 0
        modprobe-1314  [001] ....  3943.850180: sys_enter: NR 192 (0, 45ae9, 1, 2, 0, 0)
        modprobe-1314  [001] ....  3943.850191: sys_exit: NR 192 = 1990463488
        modprobe-1314  [001] ....  3943.850212: sys_enter: NR 6 (0, 5a, 6c, 0, 16333d8, 0)
        modprobe-1314  [001] ....  3943.850214: __close_fd+0x10/0xa0 <-sys_close+0x30/0x58
        modprobe-1314  [001] ....  3943.850227: <stack trace>
 => __close_fd+0x14/0xa0
 => sys_close+0x30/0x58
 => __sys_trace_return+0x0/0x1c
 => 0x7ebeda80
        modprobe-1314  [001] ....  3943.850230: sys_exit: NR 6 = 0
        modprobe-1314  [001] ....  3943.850237: sys_enter: NR 322 (ffffff9c, 7ebedb54, a0000, 0, 16333f0, 3fce8)
        modprobe-1314  [001] ....  3943.850250: ext4_file_open+0x14/0x1d8 <-do_dentry_open+0x124/0x3c8
        modprobe-1314  [001] ....  3943.850268: <stack trace>
 => ext4_file_open+0x18/0x1d8
 => do_dentry_open+0x124/0x3c8
 => vfs_open+0x3c/0x40
 => path_openat+0x2c0/0x1154
 => do_filp_open+0x84/0xec
 => do_sys_open+0x178/0x1fc
 => sys_openat+0x1c/0x20
 => __sys_trace_return+0x0/0x1c
 => 0x7ebeda58
        modprobe-1314  [001] ....  3943.850273: sys_exit: NR 322 = 0
        modprobe-1314  [001] ....  3943.850275: sys_enter: NR 197 (0, 7ebedaa8, 7ebedaa8, 98f20c00, 16333f0, 0)
        modprobe-1314  [001] ....  3943.850280: sys_exit: NR 197 = 0
        modprobe-1314  [001] ....  3943.850282: sys_enter: NR 192 (0, 31ee, 1, 2, 0, 0)
        modprobe-1314  [001] ....  3943.850292: sys_exit: NR 192 = 1995894784
        modprobe-1314  [001] ....  3943.850304: sys_enter: NR 6 (0, 30, 6c, 0, 16333f0, 0)
        modprobe-1314  [001] ....  3943.850306: __close_fd+0x10/0xa0 <-sys_close+0x30/0x58
        modprobe-1314  [001] ....  3943.850318: <stack trace>
 => __close_fd+0x14/0xa0
 => sys_close+0x30/0x58
 => __sys_trace_return+0x0/0x1c
 => 0x7ebeda80
        modprobe-1314  [001] ....  3943.850321: sys_exit: NR 6 = 0
        modprobe-1314  [001] ....  3943.850468: sys_enter: NR 91 (76b10000, 3ef0e, 128, 16333a8, 16333a8, fe9cde70)
        modprobe-1314  [001] ....  3943.850607: sys_exit: NR 91 = 0
        modprobe-1314  [001] ....  3943.850616: sys_enter: NR 91 (76a87000, 88574, 98f20c00, 16333c0, 16333c0, fe9cde70)
        modprobe-1314  [001] ....  3943.850669: sys_exit: NR 91 = 0
        modprobe-1314  [001] ....  3943.850676: sys_enter: NR 91 (76a41000, 45ae9, 98f20c00, 16333d8, 16333d8, fe9cde70)
          <idle>-0     [002] d...  3943.850684: sched_switch: prev_comm=swapper/2 prev_pid=0 prev_prio=120 prev_state=R ==> next_comm=vncagent next_pid=512 next_prio=120
        modprobe-1314  [001] ....  3943.850701: sys_exit: NR 91 = 0
        vncagent-512   [002] ....  3943.850705: sys_exit: NR 142 = 0
        modprobe-1314  [001] ....  3943.850708: sys_enter: NR 91 (76f6f000, 31ee, 98f20c00, 16333f0, 16333f0, fe9cde70)
        modprobe-1314  [001] ....  3943.850724: sys_exit: NR 91 = 0
        vncagent-512   [002] ....  3943.850734: sys_enter: NR 168 (7efe31f4, 1, ffffffff, 0, 1b737a0, 1b737a0)
        vncagent-512   [002] ....  3943.850740: sys_exit: NR 168 = 1
        vncagent-512   [002] ....  3943.850744: sys_enter: NR 146 (3, 7efe32ec, 3, 0, 0, 1b737a0)
        vncagent-512   [002] ....  3943.850780: sys_exit: NR 146 = 24
        vncagent-512   [002] ....  3943.850792: sys_enter: NR 168 (7efe31dc, 1, ffffffff, 0, 7efe3360, 1b737a0)
        vncagent-512   [002] d...  3943.850808: sched_switch: prev_comm=vncagent prev_pid=512 prev_prio=120 prev_state=S ==> next_comm=Xorg next_pid=493 next_prio=120
            Xorg-493   [002] ....  3943.850820: sys_exit: NR 252 = 1
            Xorg-493   [002] ....  3943.850835: sys_enter: NR 104 (0, 7ec13be4, 0, 1388, 76f94968, 1)
            Xorg-493   [002] ....  3943.850847: sys_exit: NR 104 = 0
            Xorg-493   [002] ....  3943.850857: sys_enter: NR 297 (12, 7ec139cc, 0, 0, 0, 7ec139cc)
            Xorg-493   [002] ....  3943.850876: sys_exit: NR 297 = 24
            Xorg-493   [002] ....  3943.850915: sys_enter: NR 146 (12, 7ec13b84, 1, 0, 1, 7ec13b84)
        modprobe-1314  [001] ....  3943.850931: sys_enter: NR 248 (1, 0, 1, 98f20c00, 76cd46d8, 76cd46d8)
            Xorg-493   [002] ....  3943.850940: sys_exit: NR 146 = 40
            Xorg-493   [002] ....  3943.850946: sys_enter: NR 297 (12, 7ec139cc, 0, 0, 0, 7ec139cc)
            Xorg-493   [002] ....  3943.850951: sys_exit: NR 297 = -11
            Xorg-493   [002] ....  3943.850956: sys_enter: NR 104 (0, 7ec13be4, 0, 0, 76f94968, 212b8c)
            Xorg-493   [002] ....  3943.850961: sys_exit: NR 104 = 0
            Xorg-493   [002] ....  3943.850968: sys_enter: NR 252 (3, 7ec12be0, 100, 1b39d, 1b39d, 100)
            Xorg-493   [002] d...  3943.850987: sched_switch: prev_comm=Xorg prev_pid=493 prev_prio=120 prev_state=S ==> next_comm=vncagent next_pid=512 next_prio=120
        vncagent-512   [002] ....  3943.850992: sys_exit: NR 168 = 1
        vncagent-512   [002] ....  3943.850996: sys_enter: NR 297 (3, 7efe313c, 0, 0, 1b747a0, 1b737a0)
