 => sys_read+0x18/0x1c
 => __sys_trace_return+0x0/0x1c
 => 0x7eca0e04
        modprobe-1302  [002] ....  2518.206667: sys_exit: NR 3 = 47
        modprobe-1302  [002] ....  2518.206671: sys_enter: NR 197 (0, 7eca1298, 7eca1298, 76f5995c, 0, 0)
        modprobe-1302  [002] ....  2518.206677: sys_exit: NR 197 = 0
        modprobe-1302  [002] ....  2518.206683: sys_enter: NR 192 (0, 120c4, 5, 802, 0, 0)
        modprobe-1302  [002] ....  2518.206695: sys_exit: NR 192 = 1991442432
        modprobe-1302  [002] ....  2518.206697: sys_enter: NR 125 (76b32000, f000, 0, 11000, 76f57090, 76b30000)
        modprobe-1302  [002] ....  2518.206716: sys_exit: NR 125 = 0
        modprobe-1302  [002] ....  2518.206719: sys_enter: NR 192 (76b41000, 2000, 3, 812, 0, 1)
        modprobe-1302  [002] ....  2518.206745: sys_exit: NR 192 = 1991512064
        modprobe-1302  [002] ....  2518.206781: sys_enter: NR 6 (0, 6, 76f59060, 0, 76f57090, 70000022)
        modprobe-1302  [002] ....  2518.206783: __close_fd+0x10/0xa0 <-sys_close+0x30/0x58
        modprobe-1302  [002] ....  2518.206796: <stack trace>
 => __close_fd+0x14/0xa0
 => sys_close+0x30/0x58
 => __sys_trace_return+0x0/0x1c
 => 0x7eca121c
        modprobe-1302  [002] ....  2518.206799: sys_exit: NR 6 = 0
        modprobe-1302  [002] ....  2518.206928: sys_enter: NR 192 (0, 2000, 3, 22, ffffffff, 0)
        modprobe-1302  [002] ....  2518.206939: sys_exit: NR 192 = 1995784192
        modprobe-1302  [002] ....  2518.206952: sys_enter: NR 983045 (76f544d0, 76f54bc0, 76f59060, 76f544d0, 76f59060, 1)
        modprobe-1302  [002] ....  2518.206956: sys_exit: NR 983045 = 0
        modprobe-1302  [002] ....  2518.207192: sys_enter: NR 125 (76cb5000, 2000, 1, 76cb5000, 76f56aa0, 76b83fac)
        modprobe-1302  [002] ....  2518.207207: sys_exit: NR 125 = 0
        modprobe-1302  [002] ....  2518.207245: sys_enter: NR 125 (76b41000, 1000, 1, 76b41000, 76f57090, 76b30910)
        modprobe-1302  [002] ....  2518.207260: sys_exit: NR 125 = 0
        modprobe-1302  [002] ....  2518.207304: sys_enter: NR 125 (76b69000, 1000, 1, 76b69000, 76f56d90, 76b47374)
        modprobe-1302  [002] ....  2518.207319: sys_exit: NR 125 = 0
          <idle>-0     [001] d...  2518.209107: sched_switch: prev_comm=swapper/1 prev_pid=0 prev_prio=120 prev_state=R ==> next_comm=rcu_sched next_pid=10 next_prio=120
       rcu_sched-10    [001] d...  2518.209150: sched_switch: prev_comm=rcu_sched prev_pid=10 prev_prio=120 prev_state=I ==> next_comm=swapper/1 next_pid=0 next_prio=120
          <idle>-0     [001] d...  2518.211247: sched_switch: prev_comm=swapper/1 prev_pid=0 prev_prio=120 prev_state=R ==> next_comm=irq/86-mmc1 next_pid=80 next_prio=49
     irq/86-mmc1-80    [001] d...  2518.211289: sched_switch: prev_comm=irq/86-mmc1 prev_pid=80 prev_prio=49 prev_state=D ==> next_comm=swapper/1 next_pid=0 next_prio=120
          <idle>-0     [001] d...  2518.211304: sched_switch: prev_comm=swapper/1 prev_pid=0 prev_prio=120 prev_state=R ==> next_comm=irq/86-mmc1 next_pid=80 next_prio=49
     irq/86-mmc1-80    [001] d...  2518.211339: sched_switch: prev_comm=irq/86-mmc1 prev_pid=80 prev_prio=49 prev_state=D ==> next_comm=swapper/1 next_pid=0 next_prio=120
          <idle>-0     [001] d...  2518.211361: sched_switch: prev_comm=swapper/1 prev_pid=0 prev_prio=120 prev_state=R ==> next_comm=irq/86-mmc1 next_pid=80 next_prio=49
     irq/86-mmc1-80    [001] d...  2518.211386: sched_switch: prev_comm=irq/86-mmc1 prev_pid=80 prev_prio=49 prev_state=D ==> next_comm=swapper/1 next_pid=0 next_prio=120
          <idle>-0     [001] d...  2518.211406: sched_switch: prev_comm=swapper/1 prev_pid=0 prev_prio=120 prev_state=R ==> next_comm=irq/86-mmc1 next_pid=80 next_prio=49
          <idle>-0     [000] d...  2518.211434: sched_switch: prev_comm=swapper/0 prev_pid=0 prev_prio=120 prev_state=R ==> next_comm=kworker/u8:0 next_pid=7 next_prio=120
     irq/86-mmc1-80    [001] d...  2518.211435: sched_switch: prev_comm=irq/86-mmc1 prev_pid=80 prev_prio=49 prev_state=S ==> next_comm=swapper/1 next_pid=0 next_prio=120
    kworker/u8:0-7     [000] d...  2518.211768: sched_switch: prev_comm=kworker/u8:0 prev_pid=7 prev_prio=120 prev_state=I ==> next_comm=tailscaled next_pid=355 next_prio=120
      tailscaled-355   [000] ....  2518.211786: sys_exit: NR 346 = 1
      tailscaled-355   [000] ....  2518.211832: sys_enter: NR 240 (1695bd4, 81, 1, 0, 0, 0)
      tailscaled-355   [000] ....  2518.211845: sys_exit: NR 240 = 1
      tailscaled-355   [000] ....  2518.211850: sys_enter: NR 365 (11, 2158c08, 80, 0, 0, 0)
          <idle>-0     [001] d...  2518.211862: sched_switch: prev_comm=swapper/1 prev_pid=0 prev_prio=120 prev_state=R ==> next_comm=tailscaled next_pid=432 next_prio=120
           <...>-432   [001] ....  2518.211868: sys_exit: NR 240 = 0
           <...>-432   [001] ....  2518.211885: sys_enter: NR 162 (2049f60, 0, 24a, 14, 0, 0)
      tailscaled-355   [000] ....  2518.211889: sys_exit: NR 365 = 1
           <...>-432   [001] d...  2518.211923: sched_switch: prev_comm=tailscaled prev_pid=432 prev_prio=120 prev_state=S ==> next_comm=swapper/1 next_pid=0 next_prio=120
          <idle>-0     [001] d...  2518.211981: sched_switch: prev_comm=swapper/1 prev_pid=0 prev_prio=120 prev_state=R ==> next_comm=tailscaled next_pid=432 next_prio=120
           <...>-432   [001] ....  2518.211986: sys_exit: NR 162 = 0
           <...>-432   [001] ....  2518.211994: sys_enter: NR 162 (2049f60, 0, 24a, 14, 0, 0)
           <...>-432   [001] d...  2518.212005: sched_switch: prev_comm=tailscaled prev_pid=432 prev_prio=120 prev_state=S ==> next_comm=swapper/1 next_pid=0 next_prio=120
      tailscaled-355   [000] ....  2518.212044: sys_enter: NR 240 (21010d4, 81, 1, 0, 0, 0)
      tailscaled-355   [000] ....  2518.212052: sys_exit: NR 240 = 1
          <idle>-0     [001] d...  2518.212063: sched_switch: prev_comm=swapper/1 prev_pid=0 prev_prio=120 prev_state=R ==> next_comm=tailscaled next_pid=539 next_prio=120
      tailscaled-539   [001] d...  2518.212085: sched_switch: prev_comm=tailscaled prev_pid=539 prev_prio=120 prev_state=R ==> next_comm=tailscaled next_pid=432 next_prio=120
           <...>-432   [001] ....  2518.212089: sys_exit: NR 162 = 0
           <...>-432   [001] ....  2518.212095: sys_enter: NR 162 (2049f60, 0, 24a, 14, 0, 0)
           <...>-432   [001] d...  2518.212109: sched_switch: prev_comm=tailscaled prev_pid=432 prev_prio=120 prev_state=S ==> next_comm=tailscaled next_pid=539 next_prio=120
      tailscaled-539   [001] ....  2518.212114: sys_exit: NR 240 = 0
      tailscaled-539   [001] ....  2518.212132: sys_enter: NR 346 (4, 22bf680, 80, 0, 0, 0)
      tailscaled-539   [001] ....  2518.212137: sys_exit: NR 346 = 0
      tailscaled-355   [000] ....  2518.212151: sys_enter: NR 365 (11, 2096c08, 80, 0, 0, 0)
      tailscaled-539   [001] ....  2518.212155: sys_enter: NR 240 (23ff0d4, 81, 1, 0, 0, 0)
      tailscaled-355   [000] ....  2518.212158: sys_exit: NR 365 = -11
      tailscaled-539   [001] ....  2518.212163: sys_exit: NR 240 = 1
      tailscaled-539   [001] d...  2518.212185: sched_switch: prev_comm=tailscaled prev_pid=539 prev_prio=120 prev_state=R ==> next_comm=tailscaled next_pid=432 next_prio=120
           <...>-432   [001] ....  2518.212190: sys_exit: NR 162 = 0
           <...>-432   [001] ....  2518.212196: sys_enter: NR 162 (2049f60, 0, 24a, 14, 0, 0)
           <...>-432   [001] d...  2518.212209: sched_switch: prev_comm=tailscaled prev_pid=432 prev_prio=120 prev_state=S ==> next_comm=tailscaled next_pid=539 next_prio=120
      tailscaled-539   [001] ....  2518.212235: sys_enter: NR 346 (4, 22bf680, 80, 0, 0, 0)
      tailscaled-539   [001] ....  2518.212238: sys_exit: NR 346 = 0
      tailscaled-539   [001] .n..  2518.212269: sys_enter: NR 346 (4, 22bf680, 80, b2, 0, 0)
      tailscaled-539   [001] d...  2518.212300: sched_switch: prev_comm=tailscaled prev_pid=539 prev_prio=120 prev_state=S ==> next_comm=tailscaled next_pid=432 next_prio=120
           <...>-432   [001] ....  2518.212304: sys_exit: NR 162 = 0
           <...>-432   [001] ....  2518.212311: sys_enter: NR 162 (2049f60, 0, 24a, 14, 0, 0)
           <...>-432   [001] d...  2518.212333: sched_switch: prev_comm=tailscaled prev_pid=432 prev_prio=120 prev_state=S ==> next_comm=swapper/1 next_pid=0 next_prio=120
          <idle>-0     [001] d...  2518.212402: sched_switch: prev_comm=swapper/1 prev_pid=0 prev_prio=120 prev_state=R ==> next_comm=tailscaled next_pid=432 next_prio=120
           <...>-432   [001] ....  2518.212406: sys_exit: NR 162 = 0
           <...>-432   [001] ....  2518.212412: sys_enter: NR 162 (2049f60, 0, 24a, 14, 0, 0)
      tailscaled-355   [000] ....  2518.212415: sys_enter: NR 4 (c, 5830006, 52, 0, 0, 0)
           <...>-432   [001] d...  2518.212423: sched_switch: prev_comm=tailscaled prev_pid=432 prev_prio=120 prev_state=S ==> next_comm=swapper/1 next_pid=0 next_prio=120
          <idle>-0     [001] d...  2518.212501: sched_switch: prev_comm=swapper/1 prev_pid=0 prev_prio=120 prev_state=R ==> next_comm=tailscaled next_pid=432 next_prio=120
           <...>-432   [001] ....  2518.212505: sys_exit: NR 162 = 0
           <...>-432   [001] ....  2518.212511: sys_enter: NR 162 (2049f60, 0, 24a, 14, 0, 0)
           <...>-432   [001] d...  2518.212522: sched_switch: prev_comm=tailscaled prev_pid=432 prev_prio=120 prev_state=S ==> next_comm=swapper/1 next_pid=0 next_prio=120
      tailscaled-355   [000] ....  2518.212564: sys_exit: NR 4 = 82
          <idle>-0     [001] d...  2518.212600: sched_switch: prev_comm=swapper/1 prev_pid=0 prev_prio=120 prev_state=R ==> next_comm=tailscaled next_pid=432 next_prio=120
           <...>-432   [001] ....  2518.212604: sys_exit: NR 162 = 0
      tailscaled-355   [000] ....  2518.212608: sys_enter: NR 240 (16927c4, 80, 0, 0, 0, 0)
           <...>-432   [001] ....  2518.212612: sys_enter: NR 162 (2049f60, 0, 24a, 14, 0, 0)
           <...>-432   [001] d...  2518.212622: sched_switch: prev_comm=tailscaled prev_pid=432 prev_prio=120 prev_state=S ==> next_comm=swapper/1 next_pid=0 next_prio=120
      tailscaled-355   [000] d...  2518.212626: sched_switch: prev_comm=tailscaled prev_pid=355 prev_prio=120 prev_state=S ==> next_comm=tailscaled next_pid=1246 next_prio=120
      tailscaled-1246  [000] ....  2518.212633: sys_exit: NR 240 = 0
      tailscaled-1246  [000] ....  2518.212660: sys_enter: NR 240 (23ff0d4, 80, 0, 0, 0, 0)
      tailscaled-1246  [000] d...  2518.212673: sched_switch: prev_comm=tailscaled prev_pid=1246 prev_prio=120 prev_state=S ==> next_comm=vncserver-x11-c next_pid=454 next_prio=120
          <idle>-0     [001] d...  2518.212700: sched_switch: prev_comm=swapper/1 prev_pid=0 prev_prio=120 prev_state=R ==> next_comm=tailscaled next_pid=432 next_prio=120
           <...>-432   [001] ....  2518.212704: sys_exit: NR 162 = 0
           <...>-432   [001] ....  2518.212715: sys_enter: NR 240 (1695bd4, 80, 0, 2049f28, 0, 0)
 vncserver-x11-c-454   [000] ....  2518.212725: sys_exit: NR 142 = 1
           <...>-432   [001] d...  2518.212727: sched_switch: prev_comm=tailscaled prev_pid=432 prev_prio=120 prev_state=S ==> next_comm=swapper/1 next_pid=0 next_prio=120
 vncserver-x11-c-454   [000] ....  2518.212760: sys_enter: NR 3 (11, 1121f98, 41a0, 0, 41a0, 1121f98)
 vncserver-x11-c-454   [000] ....  2518.212844: sys_exit: NR 3 = 32
          <idle>-0     [001] d...  2518.212848: sched_switch: prev_comm=swapper/1 prev_pid=0 prev_prio=120 prev_state=R ==> next_comm=tailscaled next_pid=539 next_prio=120
      tailscaled-539   [001] ....  2518.212862: sys_exit: NR 346 = 1
      tailscaled-539   [001] ....  2518.212880: sys_enter: NR 240 (1695bd4, 81, 1, 0, 0, 0)
      tailscaled-539   [001] .n..  2518.212893: sys_exit: NR 240 = 1
      tailscaled-539   [001] d...  2518.212899: sched_switch: prev_comm=tailscaled prev_pid=539 prev_prio=120 prev_state=R ==> next_comm=tailscaled next_pid=432 next_prio=120
           <...>-432   [001] ....  2518.212905: sys_exit: NR 240 = 0
           <...>-432   [001] ....  2518.212911: sys_enter: NR 158 (101, 4, 1695b44, 1, 0, 0)
 vncserver-x11-c-454   [000] ....  2518.212913: sys_enter: NR 3 (11, 1121f98, 41a0, 0, 41a0, 1121f98)
           <...>-432   [001] ....  2518.212917: sys_exit: NR 158 = 0
 vncserver-x11-c-454   [000] ....  2518.212920: sys_exit: NR 3 = -11
           <...>-432   [001] ....  2518.212923: sys_enter: NR 240 (205e328, 80, ffffffff, 0, 0, 0)
 vncserver-x11-c-454   [000] ....  2518.212933: sys_enter: NR 4 (c, 10a6c58, 12, 0, 12, 10a6c58)
           <...>-432   [001] d...  2518.212933: sched_switch: prev_comm=tailscaled prev_pid=432 prev_prio=120 prev_state=S ==> next_comm=tailscaled next_pid=539 next_prio=120
      tailscaled-539   [001] ....  2518.212941: sys_enter: NR 240 (205e328, 81, 1, 0, 0, 0)
      tailscaled-539   [001] .n..  2518.212953: sys_exit: NR 240 = 1
      tailscaled-539   [001] d...  2518.212959: sched_switch: prev_comm=tailscaled prev_pid=539 prev_prio=120 prev_state=R ==> next_comm=tailscaled next_pid=432 next_prio=120
           <...>-432   [001] ....  2518.212962: sys_exit: NR 240 = 0
           <...>-432   [001] ....  2518.212970: sys_enter: NR 162 (2049f60, 0, 24a, 14, 0, 0)
 vncserver-x11-c-454   [000] .n..  2518.212971: sys_exit: NR 4 = 18
 vncserver-x11-c-454   [000] d...  2518.212982: sched_switch: prev_comm=vncserver-x11-c prev_pid=454 prev_prio=120 prev_state=R ==> next_comm=vncagent next_pid=550 next_prio=120
           <...>-432   [001] d...  2518.212984: sched_switch: prev_comm=tailscaled prev_pid=432 prev_prio=120 prev_state=S ==> next_comm=tailscaled next_pid=539 next_prio=120
      tailscaled-539   [001] ....  2518.212990: sys_enter: NR 3 (c, 249e05c, 10009, 0, 0, 0)
        vncagent-550   [000] ....  2518.213004: sys_exit: NR 142 = 1
      tailscaled-539   [001] ....  2518.213007: sys_exit: NR 3 = 50
        vncagent-550   [000] ....  2518.213030: sys_enter: NR 3 (d, 1924fa8, 41a0, 0, 1924358, 1)
      tailscaled-539   [001] ....  2518.213038: sys_enter: NR 240 (23ff0d4, 81, 1, 0, 0, 0)
        vncagent-550   [000] ....  2518.213057: sys_exit: NR 3 = 18
      tailscaled-539   [001] .n..  2518.213059: sys_exit: NR 240 = 1
      tailscaled-539   [001] d...  2518.213065: sched_switch: prev_comm=tailscaled prev_pid=539 prev_prio=120 prev_state=R ==> next_comm=tailscaled next_pid=432 next_prio=120
           <...>-432   [001] ....  2518.213069: sys_exit: NR 162 = 0
           <...>-432   [001] ....  2518.213075: sys_enter: NR 162 (2049f60, 0, 24a, 14, 0, 0)
        vncagent-550   [000] ....  2518.213081: sys_enter: NR 3 (d, 1924fa8, 41a0, 0, 1924358, 1)
        vncagent-550   [000] ....  2518.213085: sys_exit: NR 3 = -11
           <...>-432   [001] d...  2518.213088: sched_switch: prev_comm=tailscaled prev_pid=432 prev_prio=120 prev_state=S ==> next_comm=tailscaled next_pid=539 next_prio=120
        vncagent-550   [000] ....  2518.213101: sys_enter: NR 297 (3, 7ef1462c, 0, 0, 19087a0, 1)
        vncagent-550   [000] ....  2518.213109: sys_exit: NR 297 = -11
        vncagent-550   [000] ....  2518.213117: sys_enter: NR 297 (3, 7ef1464c, 0, 0, 19087a0, 7ef14724)
        vncagent-550   [000] ....  2518.213120: sys_exit: NR 297 = -11
        vncagent-550   [000] ....  2518.213131: sys_enter: NR 142 (e, 7ef14630, 7ef146b0, 7ef14730, 7ef14628, 7ef146ac)
        vncagent-550   [000] d...  2518.213159: sched_switch: prev_comm=vncagent prev_pid=550 prev_prio=120 prev_state=S ==> next_comm=vncserver-x11-c next_pid=454 next_prio=120
      tailscaled-539   [001] d...  2518.213166: sched_switch: prev_comm=tailscaled prev_pid=539 prev_prio=120 prev_state=R ==> next_comm=tailscaled next_pid=432 next_prio=120
           <...>-432   [001] ....  2518.213171: sys_exit: NR 162 = 0
           <...>-432   [001] ....  2518.213178: sys_enter: NR 162 (2049f60, 0, 24a, 14, 0, 0)
 vncserver-x11-c-454   [000] ....  2518.213185: sys_enter: NR 142 (12, 7eb7e328, 7eb7e3a8, 7eb7e428, 7eb7e320, 7eb7e3a8)
           <...>-432   [001] d...  2518.213190: sched_switch: prev_comm=tailscaled prev_pid=432 prev_prio=120 prev_state=S ==> next_comm=tailscaled next_pid=539 next_prio=120
 vncserver-x11-c-454   [000] ....  2518.213204: sys_exit: NR 142 = 0
 vncserver-x11-c-454   [000] ....  2518.213212: sys_enter: NR 142 (12, 7eb7e328, 7eb7e3a8, 7eb7e428, 7eb7e320, 7eb7e3a8)
 vncserver-x11-c-454   [000] d...  2518.213242: sched_switch: prev_comm=vncserver-x11-c prev_pid=454 prev_prio=120 prev_state=S ==> next_comm=tailscaled next_pid=1246 next_prio=120
      tailscaled-1246  [000] ....  2518.213249: sys_exit: NR 240 = 0
      tailscaled-1246  [000] ....  2518.213261: sys_enter: NR 346 (4, 3c8f680, 80, 0, 0, 0)
      tailscaled-1246  [000] ....  2518.213265: sys_exit: NR 346 = 0
      tailscaled-539   [001] d...  2518.213269: sched_switch: prev_comm=tailscaled prev_pid=539 prev_prio=120 prev_state=R ==> next_comm=tailscaled next_pid=432 next_prio=120
           <...>-432   [001] ....  2518.213273: sys_exit: NR 162 = 0
      tailscaled-1246  [000] ....  2518.213278: sys_enter: NR 162 (3c8fdcc, 0, 21b26c8, 3, 24a, 1)
           <...>-432   [001] ....  2518.213280: sys_enter: NR 162 (2049f60, 0, 24a, 14, 0, 0)
           <...>-432   [001] d...  2518.213292: sched_switch: prev_comm=tailscaled prev_pid=432 prev_prio=120 prev_state=S ==> next_comm=tailscaled next_pid=539 next_prio=120
      tailscaled-1246  [000] d...  2518.213321: sched_switch: prev_comm=tailscaled prev_pid=1246 prev_prio=120 prev_state=S ==> next_comm=swapper/0 next_pid=0 next_prio=120
          <idle>-0     [000] d...  2518.213355: sched_switch: prev_comm=swapper/0 prev_pid=0 prev_prio=120 prev_state=R ==> next_comm=tailscaled next_pid=1246 next_prio=120
      tailscaled-1246  [000] ....  2518.213360: sys_exit: NR 162 = 0
      tailscaled-1246  [000] ....  2518.213370: sys_enter: NR 240 (16927c4, 81, 1, 0, 0, 0)
      tailscaled-539   [001] d...  2518.213372: sched_switch: prev_comm=tailscaled prev_pid=539 prev_prio=120 prev_state=R ==> next_comm=tailscaled next_pid=432 next_prio=120
           <...>-432   [001] ....  2518.213376: sys_exit: NR 162 = 0
           <...>-432   [001] ....  2518.213383: sys_enter: NR 162 (2049f60, 0, 24a, 14, 0, 0)
      tailscaled-1246  [000] ....  2518.213384: sys_exit: NR 240 = 1
           <...>-432   [001] d...  2518.213395: sched_switch: prev_comm=tailscaled prev_pid=432 prev_prio=120 prev_state=S ==> next_comm=tailscaled next_pid=539 next_prio=120
      tailscaled-1246  [000] ....  2518.213402: sys_enter: NR 3 (c, 249e05c, 10009, 0, 0, 0)
      tailscaled-1246  [000] ....  2518.213407: sys_exit: NR 3 = -11
      tailscaled-1246  [000] ....  2518.213422: sys_enter: NR 346 (4, 3c8f680, 80, 0, 0, 0)
      tailscaled-1246  [000] ....  2518.213425: sys_exit: NR 346 = 0
      tailscaled-1246  [000] ....  2518.213451: sys_enter: NR 346 (4, 3c8f680, 80, b1, 0, 0)
        modprobe-1302  [002] ....  2518.213465: sys_enter: NR 125 (76eb0000, 19000, 1, 76eb0000, 76f567c0, 0)
      tailscaled-1246  [000] d...  2518.213467: sched_switch: prev_comm=tailscaled prev_pid=1246 prev_prio=120 prev_state=S ==> next_comm=tailscaled next_pid=355 next_prio=120
      tailscaled-355   [000] ....  2518.213472: sys_exit: NR 240 = 0
      tailscaled-539   [001] d...  2518.213473: sched_switch: prev_comm=tailscaled prev_pid=539 prev_prio=120 prev_state=R ==> next_comm=tailscaled next_pid=432 next_prio=120
           <...>-432   [001] ....  2518.213478: sys_exit: NR 162 = 0
           <...>-432   [001] ....  2518.213486: sys_enter: NR 162 (2049f60, 0, 24a, 14, 0, 0)
      tailscaled-355   [000] ....  2518.213496: sys_enter: NR 240 (16927c4, 80, 0, 0, 0, 0)
           <...>-432   [001] d...  2518.213499: sched_switch: prev_comm=tailscaled prev_pid=432 prev_prio=120 prev_state=S ==> next_comm=tailscaled next_pid=539 next_prio=120
        modprobe-1302  [002] ....  2518.213510: sys_exit: NR 125 = 0
      tailscaled-355   [000] d...  2518.213522: sched_switch: prev_comm=tailscaled prev_pid=355 prev_prio=120 prev_state=S ==> next_comm=swapper/0 next_pid=0 next_prio=120
      tailscaled-539   [001] ....  2518.213528: sys_enter: NR 374 (11, 23a0008, 1, 0, 0, 0)
        modprobe-1302  [002] ....  2518.213538: sys_enter: NR 125 (76efd000, 1000, 1, 76efd000, 76f564e8, 76ecfea0)
        modprobe-1302  [002] ....  2518.213558: sys_exit: NR 125 = 0
        modprobe-1302  [002] ....  2518.213570: sys_enter: NR 125 (76f26000, 1000, 1, 76f26000, 76f561e8, 76f13374)
        modprobe-1302  [002] ....  2518.213586: sys_exit: NR 125 = 0
      tailscaled-539   [001] d...  2518.213587: sched_switch: prev_comm=tailscaled prev_pid=539 prev_prio=120 prev_state=R+ ==> next_comm=tailscaled next_pid=432 next_prio=120
           <...>-432   [001] ....  2518.213591: sys_exit: NR 162 = 0
           <...>-432   [001] ....  2518.213598: sys_enter: NR 162 (2049f60, 0, 24a, 14, 0, 0)
           <...>-432   [001] d...  2518.213611: sched_switch: prev_comm=tailscaled prev_pid=432 prev_prio=120 prev_state=S ==> next_comm=tailscaled next_pid=539 next_prio=120
          <idle>-0     [000] d...  2518.213738: sched_switch: prev_comm=swapper/0 prev_pid=0 prev_prio=120 prev_state=R ==> next_comm=kworker/u8:0 next_pid=7 next_prio=120
      tailscaled-539   [001] d...  2518.213741: sched_switch: prev_comm=tailscaled prev_pid=539 prev_prio=120 prev_state=R+ ==> next_comm=tailscaled next_pid=432 next_prio=120
           <...>-432   [001] ....  2518.213745: sys_exit: NR 162 = 0
           <...>-432   [001] ....  2518.213756: sys_enter: NR 162 (2049f60, 0, 24a, 14, 0, 0)
           <...>-432   [001] d...  2518.213769: sched_switch: prev_comm=tailscaled prev_pid=432 prev_prio=120 prev_state=S ==> next_comm=tailscaled next_pid=539 next_prio=120
      tailscaled-539   [001] ....  2518.213773: sys_exit: NR 374 = 1
      tailscaled-539   [001] d...  2518.213847: sched_switch: prev_comm=tailscaled prev_pid=539 prev_prio=120 prev_state=R ==> next_comm=tailscaled next_pid=432 next_prio=120
           <...>-432   [001] ....  2518.213852: sys_exit: NR 162 = 0
           <...>-432   [001] ....  2518.213860: sys_enter: NR 162 (2049f60, 0, 24a, 14, 0, 0)
           <...>-432   [001] d...  2518.213873: sched_switch: prev_comm=tailscaled prev_pid=432 prev_prio=120 prev_state=S ==> next_comm=tailscaled next_pid=539 next_prio=120
    kworker/u8:0-7     [000] d...  2518.213890: sched_switch: prev_comm=kworker/u8:0 prev_pid=7 prev_prio=120 prev_state=I ==> next_comm=tailscaled next_pid=1246 next_prio=120
      tailscaled-1246  [000] ....  2518.213903: sys_exit: NR 346 = 1
      tailscaled-539   [001] ....  2518.213908: sys_enter: NR 240 (21010d4, 80, 0, 0, 0, 0)
      tailscaled-1246  [000] ....  2518.213919: sys_enter: NR 346 (4, 3c8f680, 80, 0, 0, 0)
      tailscaled-539   [001] d...  2518.213920: sched_switch: prev_comm=tailscaled prev_pid=539 prev_prio=120 prev_state=S ==> next_comm=swapper/1 next_pid=0 next_prio=120
      tailscaled-1246  [000] ....  2518.213923: sys_exit: NR 346 = 0
      tailscaled-1246  [000] ....  2518.213942: sys_enter: NR 346 (4, 3c8f680, 80, b0, 0, 0)
          <idle>-0     [001] d...  2518.213952: sched_switch: prev_comm=swapper/1 prev_pid=0 prev_prio=120 prev_state=R ==> next_comm=tailscaled next_pid=432 next_prio=120
           <...>-432   [001] ....  2518.213956: sys_exit: NR 162 = 0
           <...>-432   [001] ....  2518.213968: sys_enter: NR 240 (1695bd4, 80, 0, 2049f28, 0, 0)
      tailscaled-1246  [000] d...  2518.213970: sched_switch: prev_comm=tailscaled prev_pid=1246 prev_prio=120 prev_state=S ==> next_comm=swapper/0 next_pid=0 next_prio=120
           <...>-432   [001] d...  2518.213982: sched_switch: prev_comm=tailscaled prev_pid=432 prev_prio=120 prev_state=S ==> next_comm=swapper/1 next_pid=0 next_prio=120
        modprobe-1302  [002] ....  2518.214000: sys_enter: NR 125 (3f000, 1000, 1, 3f000, 76f59978, 0)
        modprobe-1302  [002] ....  2518.214015: sys_exit: NR 125 = 0
        modprobe-1302  [002] ....  2518.214050: sys_enter: NR 125 (76f58000, 1000, 1, 76f58000, 76f59578, 0)
        modprobe-1302  [002] ....  2518.214067: sys_exit: NR 125 = 0
        modprobe-1302  [002] ....  2518.214070: sys_enter: NR 91 (76eff000, 13a34, 76f59978, 76efefff, 76f59910, 76f544d0)
        modprobe-1302  [002] ....  2518.214149: sys_exit: NR 91 = 0
        modprobe-1302  [002] ....  2518.214201: sys_enter: NR 256 (76f54078, 7eca1eb4, 73464700, 76f54010, 0, 3fce8)
        modprobe-1302  [002] ....  2518.214205: sys_exit: NR 256 = 1302
        modprobe-1302  [002] ....  2518.214207: sys_enter: NR 338 (76f54080, c, ffffffec, 76f54080, 0, 3fce8)
        modprobe-1302  [002] ....  2518.214209: sys_exit: NR 338 = 0
        modprobe-1302  [002] ....  2518.214243: sys_enter: NR 174 (20, 7eca1c74, 0, 8, 0, 7eca1dc0)
        modprobe-1302  [002] ....  2518.214248: sys_exit: NR 174 = 0
        modprobe-1302  [002] ....  2518.214251: sys_enter: NR 174 (21, 7eca1c74, 0, 8, 0, 7eca1dc0)
        modprobe-1302  [002] ....  2518.214253: sys_exit: NR 174 = 0
        modprobe-1302  [002] ....  2518.214256: sys_enter: NR 175 (1, 7eca1dc4, 0, 8, 7eca1dc4, 3fce8)
        modprobe-1302  [002] ....  2518.214260: sys_exit: NR 175 = 0
        modprobe-1302  [002] ....  2518.214311: sys_enter: NR 191 (3, 7eca1db8, 4, 76b6c224, 6e0, 3fce8)
        modprobe-1302  [002] ....  2518.214316: sys_exit: NR 191 = 0
        modprobe-1302  [002] ....  2518.214917: sys_enter: NR 45 (0, 0, 76cb7000, 76cb7000, 0, 21000)
        modprobe-1302  [002] ....  2518.214922: sys_exit: NR 45 = 25726976
        modprobe-1302  [002] ....  2518.214924: sys_enter: NR 45 (18aa000, 18aa000, 76cb7000, 0, 1889000, 21000)
        modprobe-1302  [002] ....  2518.214938: sys_exit: NR 45 = 25862144
        modprobe-1302  [002] ....  2518.215014: sys_enter: NR 122 (7eca09a4, 0, 1f8, 73464700, 3fce8, 7eca09a4)
        modprobe-1302  [002] ....  2518.215023: sys_exit: NR 122 = 0
        modprobe-1302  [002] ....  2518.215100: sys_enter: NR 195 (2e358, 7ec9fa40, 7ec9fa40, 7ec9fa40, 1889190, 2e358)
        modprobe-1302  [002] ....  2518.215133: sys_exit: NR 195 = 0
        modprobe-1302  [002] ....  2518.215139: sys_enter: NR 322 (ffffff9c, 2e358, a4800, 0, 3fce8, 2e358)
        modprobe-1302  [002] ....  2518.215165: sys_exit: NR 322 = 0
        modprobe-1302  [002] ....  2518.215168: sys_enter: NR 197 (0, 7ec9f948, 7ec9f948, 73464700, 3fce8, 0)
        modprobe-1302  [002] ....  2518.215173: sys_exit: NR 197 = 0
        modprobe-1302  [002] ....  2518.215186: sys_enter: NR 217 (0, 18892c0, 8000, 0, 18892a0, 18892c0)
        modprobe-1302  [002] ....  2518.215237: sys_exit: NR 217 = 184
        modprobe-1302  [002] ....  2518.215241: sys_enter: NR 327 (0, 18892eb, 7ec9faa8, 0, 18892eb, 2e358)
        modprobe-1302  [002] ....  2518.215253: sys_exit: NR 327 = 0
        modprobe-1302  [002] ....  2518.215260: sys_enter: NR 327 (0, 1889333, 7ec9faa8, 0, 1889333, 2e358)
        modprobe-1302  [002] ....  2518.215269: sys_exit: NR 327 = 0
        modprobe-1302  [002] ....  2518.215274: sys_enter: NR 327 (0, 188935b, 7ec9faa8, 0, 188935b, 2e358)
        modprobe-1302  [002] ....  2518.215285: sys_exit: NR 327 = 0
        modprobe-1302  [002] ....  2518.215291: sys_enter: NR 217 (0, 18892c0, 8000, b8, 18892a0, 18892c0)
        modprobe-1302  [002] ....  2518.215295: sys_exit: NR 217 = 0
        modprobe-1302  [002] ....  2518.215299: sys_enter: NR 6 (0, 76cb7808, 73464700, 73464700, 188935b, 2e358)
        modprobe-1302  [002] ....  2518.215303: __close_fd+0x10/0xa0 <-sys_close+0x30/0x58
        modprobe-1302  [002] ....  2518.215330: <stack trace>
 => __close_fd+0x14/0xa0
 => sys_close+0x30/0x58
 => __sys_trace_return+0x0/0x1c
 => 0x7ec9f9c0
        modprobe-1302  [002] ....  2518.215337: sys_exit: NR 6 = 0
        modprobe-1302  [002] ....  2518.215352: sys_enter: NR 195 (2e368, 7ec9fa40, 7ec9fa40, 4002c, 18892a0, 2e368)
        modprobe-1302  [002] ....  2518.215381: sys_exit: NR 195 = -2
        modprobe-1302  [002] ....  2518.215384: sys_enter: NR 195 (2e378, 7ec9fa40, 7ec9fa40, 40030, 2, 2e378)
        modprobe-1302  [002] ....  2518.215396: sys_exit: NR 195 = 0
        modprobe-1302  [002] ....  2518.215399: sys_enter: NR 322 (ffffff9c, 2e378, a4800, 0, 3fce8, 2e378)
        modprobe-1302  [002] ....  2518.215410: sys_exit: NR 322 = 0
        modprobe-1302  [002] ....  2518.215412: sys_enter: NR 197 (0, 7ec9f948, 7ec9f948, 73464700, 3fce8, 0)
        modprobe-1302  [002] ....  2518.215416: sys_exit: NR 197 = 0
        modprobe-1302  [002] ....  2518.215429: sys_enter: NR 217 (0, 1891390, 8000, 0, 1891370, 1891390)
        modprobe-1302  [002] ....  2518.215451: sys_exit: NR 217 = 152
        modprobe-1302  [002] ....  2518.215455: sys_enter: NR 327 (0, 18913a3, 7ec9faa8, 0, 18913a3, 2e378)
        modprobe-1302  [002] ....  2518.215465: sys_exit: NR 327 = 0
        modprobe-1302  [002] ....  2518.215471: sys_enter: NR 327 (0, 18913db, 7ec9faa8, 0, 18913db, 2e378)
        modprobe-1302  [002] ....  2518.215481: sys_exit: NR 327 = 0
        modprobe-1302  [002] ....  2518.215486: sys_enter: NR 327 (0, 1891403, 7ec9faa8, 0, 1891403, 2e378)
        modprobe-1302  [002] ....  2518.215495: sys_exit: NR 327 = 0
        modprobe-1302  [002] ....  2518.215500: sys_enter: NR 217 (0, 1891390, 8000, 98, 1891370, 1891390)
        modprobe-1302  [002] ....  2518.215503: sys_exit: NR 217 = 0
        modprobe-1302  [002] ....  2518.215507: sys_enter: NR 6 (0, 20000, 73464700, 73464700, 1891423, 2e378)
        modprobe-1302  [002] ....  2518.215509: __close_fd+0x10/0xa0 <-sys_close+0x30/0x58
        modprobe-1302  [002] ....  2518.215522: <stack trace>
 => __close_fd+0x14/0xa0
 => sys_close+0x30/0x58
 => __sys_trace_return+0x0/0x1c
 => 0x7ec9f9c0
        modprobe-1302  [002] ....  2518.215526: sys_exit: NR 6 = 0
        modprobe-1302  [002] ....  2518.215543: sys_enter: NR 322 (ffffff9c, 7ec9fb14, a0000, 0, 7ec9fb14, 3fce8)
        modprobe-1302  [002] ....  2518.215554: ext4_file_open+0x14/0x1d8 <-do_dentry_open+0x124/0x3c8
        modprobe-1302  [002] ....  2518.215577: <stack trace>
 => ext4_file_open+0x18/0x1d8
 => do_dentry_open+0x124/0x3c8
 => vfs_open+0x3c/0x40
 => path_openat+0x2c0/0x1154
 => do_filp_open+0x84/0xec
 => do_sys_open+0x178/0x1fc
 => sys_openat+0x1c/0x20
 => __sys_trace_return+0x0/0x1c
 => 0x7ec9f990
        modprobe-1302  [002] ....  2518.215584: sys_exit: NR 322 = 0
        modprobe-1302  [002] ....  2518.215628: sys_enter: NR 221 (0, 3, 2d040, 3fce8, 2d040, 3fce8)
        modprobe-1302  [002] ....  2518.215632: sys_exit: NR 221 = 131072
        modprobe-1302  [002] ....  2518.215645: sys_enter: NR 197 (0, 7ec9f8d8, 7ec9f8d8, 76bd6788, 18893c0, 76cb5b1c)
        modprobe-1302  [002] ....  2518.215650: sys_exit: NR 197 = 0
        modprobe-1302  [002] ....  2518.215664: sys_enter: NR 3 (0, 1889630, 1000, 0, 18893c0, 76cb5b1c)
        modprobe-1302  [002] ....  2518.215669: ext4_file_read_iter+0x10/0x64 <-__vfs_read+0x124/0x16c
        modprobe-1302  [002] ....  2518.215686: <stack trace>
 => ext4_file_read_iter+0x14/0x64
 => __vfs_read+0x124/0x16c
 => vfs_read+0x9c/0x164
 => ksys_read+0x74/0xe8
 => sys_read+0x18/0x1c
 => __sys_trace_return+0x0/0x1c
 => 0x7ec9f958
        modprobe-1302  [002] ....  2518.215698: sys_exit: NR 3 = 655
        modprobe-1302  [002] ....  2518.215778: sys_enter: NR 3 (0, 1889630, 1000, 0, 18893c0, 76cb5b1c)
        modprobe-1302  [002] ....  2518.215781: ext4_file_read_iter+0x10/0x64 <-__vfs_read+0x124/0x16c
        modprobe-1302  [002] ....  2518.215796: <stack trace>
 => ext4_file_read_iter+0x14/0x64
 => __vfs_read+0x124/0x16c
 => vfs_read+0x9c/0x164
 => ksys_read+0x74/0xe8
 => sys_read+0x18/0x1c
 => __sys_trace_return+0x0/0x1c
 => 0x7ec9f958
        modprobe-1302  [002] ....  2518.215800: sys_exit: NR 3 = 0
        modprobe-1302  [002] ....  2518.215807: sys_enter: NR 6 (0, 444, 76cb56d8, 76bd5864, 18893c0, 76cb5b1c)
        modprobe-1302  [002] ....  2518.215809: __close_fd+0x10/0xa0 <-sys_close+0x30/0x58
        modprobe-1302  [002] ....  2518.215820: <stack trace>
 => __close_fd+0x14/0xa0
 => sys_close+0x30/0x58
 => __sys_trace_return+0x0/0x1c
 => 0x7ec9f998
        modprobe-1302  [002] ....  2518.215823: sys_exit: NR 6 = 0
        modprobe-1302  [002] ....  2518.215839: sys_enter: NR 322 (ffffff9c, 7ec9fb14, a0000, 0, 7ec9fb14, 3fce8)
        modprobe-1302  [002] ....  2518.215852: ext4_file_open+0x14/0x1d8 <-do_dentry_open+0x124/0x3c8
        modprobe-1302  [002] ....  2518.215870: <stack trace>
 => ext4_file_open+0x18/0x1d8
 => do_dentry_open+0x124/0x3c8
 => vfs_open+0x3c/0x40
 => path_openat+0x2c0/0x1154
 => do_filp_open+0x84/0xec
 => do_sys_open+0x178/0x1fc
 => sys_openat+0x1c/0x20
 => __sys_trace_return+0x0/0x1c
 => 0x7ec9f990
        modprobe-1302  [002] ....  2518.215875: sys_exit: NR 322 = 0
        modprobe-1302  [002] ....  2518.215878: sys_enter: NR 221 (0, 3, 2d040, 3fce8, 2d040, 3fce8)
        modprobe-1302  [002] ....  2518.215881: sys_exit: NR 221 = 131072
        modprobe-1302  [002] ....  2518.215885: sys_enter: NR 197 (0, 7ec9f8d8, 7ec9f8d8, 76bd6788, 18893c0, 76cb5b1c)
        modprobe-1302  [002] ....  2518.215890: sys_exit: NR 197 = 0
        modprobe-1302  [002] ....  2518.215894: sys_enter: NR 3 (0, 1889630, 1000, 0, 18893c0, 76cb5b1c)
        modprobe-1302  [002] ....  2518.215897: ext4_file_read_iter+0x10/0x64 <-__vfs_read+0x124/0x16c
        modprobe-1302  [002] ....  2518.215912: <stack trace>
 => ext4_file_read_iter+0x14/0x64
 => __vfs_read+0x124/0x16c
 => vfs_read+0x9c/0x164
 => ksys_read+0x74/0xe8
 => sys_read+0x18/0x1c
 => __sys_trace_return+0x0/0x1c
 => 0x7ec9f958
        modprobe-1302  [002] ....  2518.215918: sys_exit: NR 3 = 20
        modprobe-1302  [002] ....  2518.215928: sys_enter: NR 3 (0, 1889630, 1000, 0, 18893c0, 76cb5b1c)
        modprobe-1302  [002] ....  2518.215930: ext4_file_read_iter+0x10/0x64 <-__vfs_read+0x124/0x16c
        modprobe-1302  [002] ....  2518.215945: <stack trace>
 => ext4_file_read_iter+0x14/0x64
 => __vfs_read+0x124/0x16c
 => vfs_read+0x9c/0x164
 => ksys_read+0x74/0xe8
 => sys_read+0x18/0x1c
 => __sys_trace_return+0x0/0x1c
 => 0x7ec9f958
        modprobe-1302  [002] ....  2518.215948: sys_exit: NR 3 = 0
        modprobe-1302  [002] ....  2518.215953: sys_enter: NR 6 (0, 444, 76cb56d8, 76bd5864, 18893c0, 76cb5b1c)
        modprobe-1302  [002] ....  2518.215954: __close_fd+0x10/0xa0 <-sys_close+0x30/0x58
        modprobe-1302  [002] ....  2518.215966: <stack trace>
 => __close_fd+0x14/0xa0
 => sys_close+0x30/0x58
 => __sys_trace_return+0x0/0x1c
 => 0x7ec9f998
        modprobe-1302  [002] ....  2518.215969: sys_exit: NR 6 = 0
        modprobe-1302  [002] ....  2518.215981: sys_enter: NR 322 (ffffff9c, 7ec9fb14, a0000, 0, 7ec9fb14, 3fce8)
        modprobe-1302  [002] ....  2518.215992: ext4_file_open+0x14/0x1d8 <-do_dentry_open+0x124/0x3c8
        modprobe-1302  [002] ....  2518.216010: <stack trace>
 => ext4_file_open+0x18/0x1d8
 => do_dentry_open+0x124/0x3c8
 => vfs_open+0x3c/0x40
 => path_openat+0x2c0/0x1154
 => do_filp_open+0x84/0xec
 => do_sys_open+0x178/0x1fc
 => sys_openat+0x1c/0x20
 => __sys_trace_return+0x0/0x1c
 => 0x7ec9f990
        modprobe-1302  [002] ....  2518.216015: sys_exit: NR 322 = 0
        modprobe-1302  [002] ....  2518.216018: sys_enter: NR 221 (0, 3, 2d040, 3fce8, 2d040, 3fce8)
        modprobe-1302  [002] ....  2518.216020: sys_exit: NR 221 = 131072
        modprobe-1302  [002] ....  2518.216025: sys_enter: NR 197 (0, 7ec9f8d8, 7ec9f8d8, 76bd6788, 18893c0, 76cb5b1c)
        modprobe-1302  [002] ....  2518.216029: sys_exit: NR 197 = 0
        modprobe-1302  [002] ....  2518.216033: sys_enter: NR 3 (0, 1889630, 1000, 0, 18893c0, 76cb5b1c)
        modprobe-1302  [002] ....  2518.216035: ext4_file_read_iter+0x10/0x64 <-__vfs_read+0x124/0x16c
        modprobe-1302  [002] ....  2518.216050: <stack trace>
 => ext4_file_read_iter+0x14/0x64
 => __vfs_read+0x124/0x16c
 => vfs_read+0x9c/0x164
 => ksys_read+0x74/0xe8
 => sys_read+0x18/0x1c
 => __sys_trace_return+0x0/0x1c
 => 0x7ec9f958
        modprobe-1302  [002] ....  2518.216056: sys_exit: NR 3 = 19
        modprobe-1302  [002] ....  2518.216065: sys_enter: NR 3 (0, 1889630, 1000, 0, 18893c0, 76cb5b1c)
        modprobe-1302  [002] ....  2518.216068: ext4_file_read_iter+0x10/0x64 <-__vfs_read+0x124/0x16c
        modprobe-1302  [002] ....  2518.216082: <stack trace>
 => ext4_file_read_iter+0x14/0x64
 => __vfs_read+0x124/0x16c
 => vfs_read+0x9c/0x164
 => ksys_read+0x74/0xe8
 => sys_read+0x18/0x1c
 => __sys_trace_return+0x0/0x1c
 => 0x7ec9f958
        modprobe-1302  [002] ....  2518.216085: sys_exit: NR 3 = 0
        modprobe-1302  [002] ....  2518.216089: sys_enter: NR 6 (0, 444, 76cb56d8, 76bd5864, 18893c0, 76cb5b1c)
        modprobe-1302  [002] ....  2518.216091: __close_fd+0x10/0xa0 <-sys_close+0x30/0x58
        modprobe-1302  [002] ....  2518.216102: <stack trace>
 => __close_fd+0x14/0xa0
 => sys_close+0x30/0x58
 => __sys_trace_return+0x0/0x1c
 => 0x7ec9f998
        modprobe-1302  [002] ....  2518.216106: sys_exit: NR 6 = 0
        modprobe-1302  [002] ....  2518.216118: sys_enter: NR 322 (ffffff9c, 7ec9fb14, a0000, 0, 7ec9fb14, 3fce8)
        modprobe-1302  [002] ....  2518.216129: ext4_file_open+0x14/0x1d8 <-do_dentry_open+0x124/0x3c8
        modprobe-1302  [002] ....  2518.216146: <stack trace>
 => ext4_file_open+0x18/0x1d8
 => do_dentry_open+0x124/0x3c8
 => vfs_open+0x3c/0x40
 => path_openat+0x2c0/0x1154
 => do_filp_open+0x84/0xec
 => do_sys_open+0x178/0x1fc
 => sys_openat+0x1c/0x20
 => __sys_trace_return+0x0/0x1c
 => 0x7ec9f990
        modprobe-1302  [002] ....  2518.216152: sys_exit: NR 322 = 0
        modprobe-1302  [002] ....  2518.216154: sys_enter: NR 221 (0, 3, 2d040, 3fce8, 2d040, 3fce8)
        modprobe-1302  [002] ....  2518.216156: sys_exit: NR 221 = 131072
        modprobe-1302  [002] ....  2518.216161: sys_enter: NR 197 (0, 7ec9f8d8, 7ec9f8d8, 76bd6788, 18893c0, 76cb5b1c)
        modprobe-1302  [002] ....  2518.216165: sys_exit: NR 197 = 0
        modprobe-1302  [002] ....  2518.216169: sys_enter: NR 3 (0, 1889630, 1000, 0, 18893c0, 76cb5b1c)
        modprobe-1302  [002] ....  2518.216171: ext4_file_read_iter+0x10/0x64 <-__vfs_read+0x124/0x16c
        modprobe-1302  [002] ....  2518.216186: <stack trace>
 => ext4_file_read_iter+0x14/0x64
 => __vfs_read+0x124/0x16c
 => vfs_read+0x9c/0x164
 => ksys_read+0x74/0xe8
 => sys_read+0x18/0x1c
 => __sys_trace_return+0x0/0x1c
 => 0x7ec9f958
        modprobe-1302  [002] ....  2518.216193: sys_exit: NR 3 = 390
        modprobe-1302  [002] ....  2518.216288: sys_enter: NR 3 (0, 1889630, 1000, 0, 18893c0, 76cb5b1c)
        modprobe-1302  [002] ....  2518.216290: ext4_file_read_iter+0x10/0x64 <-__vfs_read+0x124/0x16c
        modprobe-1302  [002] ....  2518.216305: <stack trace>
 => ext4_file_read_iter+0x14/0x64
 => __vfs_read+0x124/0x16c
 => vfs_read+0x9c/0x164
 => ksys_read+0x74/0xe8
 => sys_read+0x18/0x1c
 => __sys_trace_return+0x0/0x1c
 => 0x7ec9f958
        modprobe-1302  [002] ....  2518.216308: sys_exit: NR 3 = 0
        modprobe-1302  [002] ....  2518.216312: sys_enter: NR 6 (0, 444, 76cb56d8, 76bd5864, 18893c0, 76cb5b1c)
        modprobe-1302  [002] ....  2518.216314: __close_fd+0x10/0xa0 <-sys_close+0x30/0x58
        modprobe-1302  [002] ....  2518.216326: <stack trace>
 => __close_fd+0x14/0xa0
 => sys_close+0x30/0x58
 => __sys_trace_return+0x0/0x1c
 => 0x7ec9f998
        modprobe-1302  [002] ....  2518.216329: sys_exit: NR 6 = 0
        modprobe-1302  [002] ....  2518.216341: sys_enter: NR 322 (ffffff9c, 7ec9fb14, a0000, 0, 7ec9fb14, 3fce8)
        modprobe-1302  [002] ....  2518.216358: ext4_file_open+0x14/0x1d8 <-do_dentry_open+0x124/0x3c8
        modprobe-1302  [002] ....  2518.216375: <stack trace>
 => ext4_file_open+0x18/0x1d8
 => do_dentry_open+0x124/0x3c8
 => vfs_open+0x3c/0x40
 => path_openat+0x2c0/0x1154
 => do_filp_open+0x84/0xec
 => do_sys_open+0x178/0x1fc
 => sys_openat+0x1c/0x20
 => __sys_trace_return+0x0/0x1c
 => 0x7ec9f990
        modprobe-1302  [002] ....  2518.216380: sys_exit: NR 322 = 0
        modprobe-1302  [002] ....  2518.216383: sys_enter: NR 221 (0, 3, 2d040, 3fce8, 2d040, 3fce8)
        modprobe-1302  [002] ....  2518.216385: sys_exit: NR 221 = 131072
        modprobe-1302  [002] ....  2518.216389: sys_enter: NR 197 (0, 7ec9f8d8, 7ec9f8d8, 76bd6788, 18893c0, 76cb5b1c)
        modprobe-1302  [002] ....  2518.216395: sys_exit: NR 197 = 0
        modprobe-1302  [002] ....  2518.216398: sys_enter: NR 3 (0, 1889630, 1000, 0, 18893c0, 76cb5b1c)
        modprobe-1302  [002] ....  2518.216400: ext4_file_read_iter+0x10/0x64 <-__vfs_read+0x124/0x16c
        modprobe-1302  [002] ....  2518.216415: <stack trace>
 => ext4_file_read_iter+0x14/0x64
 => __vfs_read+0x124/0x16c
 => vfs_read+0x9c/0x164
 => ksys_read+0x74/0xe8
 => sys_read+0x18/0x1c
 => __sys_trace_return+0x0/0x1c
 => 0x7ec9f958
        modprobe-1302  [002] ....  2518.216422: sys_exit: NR 3 = 379
        modprobe-1302  [002] ....  2518.216527: sys_enter: NR 3 (0, 1889630, 1000, 0, 18893c0, 76cb5b1c)
        modprobe-1302  [002] ....  2518.216530: ext4_file_read_iter+0x10/0x64 <-__vfs_read+0x124/0x16c
        modprobe-1302  [002] ....  2518.216545: <stack trace>
 => ext4_file_read_iter+0x14/0x64
 => __vfs_read+0x124/0x16c
 => vfs_read+0x9c/0x164
 => ksys_read+0x74/0xe8
 => sys_read+0x18/0x1c
 => __sys_trace_return+0x0/0x1c
 => 0x7ec9f958
        modprobe-1302  [002] ....  2518.216548: sys_exit: NR 3 = 0
        modprobe-1302  [002] ....  2518.216552: sys_enter: NR 6 (0, 444, 76cb56d8, 76bd5864, 18893c0, 76cb5b1c)
        modprobe-1302  [002] ....  2518.216554: __close_fd+0x10/0xa0 <-sys_close+0x30/0x58
        modprobe-1302  [002] ....  2518.216565: <stack trace>
 => __close_fd+0x14/0xa0
 => sys_close+0x30/0x58
 => __sys_trace_return+0x0/0x1c
 => 0x7ec9f998
        modprobe-1302  [002] ....  2518.216569: sys_exit: NR 6 = 0
        modprobe-1302  [002] ....  2518.216582: sys_enter: NR 322 (ffffff9c, 7ec9fb14, a0000, 0, 7ec9fb14, 3fce8)
        modprobe-1302  [002] ....  2518.216594: ext4_file_open+0x14/0x1d8 <-do_dentry_open+0x124/0x3c8
        modprobe-1302  [002] ....  2518.216612: <stack trace>
 => ext4_file_open+0x18/0x1d8
 => do_dentry_open+0x124/0x3c8
 => vfs_open+0x3c/0x40
 => path_openat+0x2c0/0x1154
 => do_filp_open+0x84/0xec
 => do_sys_open+0x178/0x1fc
 => sys_openat+0x1c/0x20
 => __sys_trace_return+0x0/0x1c
 => 0x7ec9f990
        modprobe-1302  [002] ....  2518.216617: sys_exit: NR 322 = 0
        modprobe-1302  [002] ....  2518.216620: sys_enter: NR 221 (0, 3, 2d040, 3fce8, 2d040, 3fce8)
        modprobe-1302  [002] ....  2518.216622: sys_exit: NR 221 = 131072
        modprobe-1302  [002] ....  2518.216626: sys_enter: NR 197 (0, 7ec9f8d8, 7ec9f8d8, 76bd6788, 18893c0, 76cb5b1c)
        modprobe-1302  [002] ....  2518.216631: sys_exit: NR 197 = 0
        modprobe-1302  [002] ....  2518.216634: sys_enter: NR 3 (0, 1889630, 1000, 0, 18893c0, 76cb5b1c)
        modprobe-1302  [002] ....  2518.216637: ext4_file_read_iter+0x10/0x64 <-__vfs_read+0x124/0x16c
        modprobe-1302  [002] ....  2518.216652: <stack trace>
 => ext4_file_read_iter+0x14/0x64
 => __vfs_read+0x124/0x16c
 => vfs_read+0x9c/0x164
 => ksys_read+0x74/0xe8
 => sys_read+0x18/0x1c
 => __sys_trace_return+0x0/0x1c
 => 0x7ec9f958
        modprobe-1302  [002] ....  2518.216656: sys_exit: NR 3 = 0
        modprobe-1302  [002] ....  2518.216660: sys_enter: NR 6 (0, 444, 76cb56d8, 76bd5864, 18893c0, 76cb5b1c)
        modprobe-1302  [002] ....  2518.216661: __close_fd+0x10/0xa0 <-sys_close+0x30/0x58
        modprobe-1302  [002] ....  2518.216673: <stack trace>
 => __close_fd+0x14/0xa0
 => sys_close+0x30/0x58
 => __sys_trace_return+0x0/0x1c
 => 0x7ec9f998
        modprobe-1302  [002] ....  2518.216676: sys_exit: NR 6 = 0
        modprobe-1302  [002] ....  2518.216688: sys_enter: NR 322 (ffffff9c, 7ec9fb14, a0000, 0, 7ec9fb14, 3fce8)
        modprobe-1302  [002] ....  2518.216698: ext4_file_open+0x14/0x1d8 <-do_dentry_open+0x124/0x3c8
        modprobe-1302  [002] ....  2518.216716: <stack trace>
 => ext4_file_open+0x18/0x1d8
 => do_dentry_open+0x124/0x3c8
 => vfs_open+0x3c/0x40
 => path_openat+0x2c0/0x1154
 => do_filp_open+0x84/0xec
 => do_sys_open+0x178/0x1fc
 => sys_openat+0x1c/0x20
 => __sys_trace_return+0x0/0x1c
 => 0x7ec9f990
        modprobe-1302  [002] ....  2518.216722: sys_exit: NR 322 = 0
        modprobe-1302  [002] ....  2518.216725: sys_enter: NR 221 (0, 3, 2d040, 3fce8, 2d040, 3fce8)
        modprobe-1302  [002] ....  2518.216727: sys_exit: NR 221 = 131072
        modprobe-1302  [002] ....  2518.216731: sys_enter: NR 197 (0, 7ec9f8d8, 7ec9f8d8, 76bd6788, 18893c0, 76cb5b1c)
        modprobe-1302  [002] ....  2518.216735: sys_exit: NR 197 = 0
        modprobe-1302  [002] ....  2518.216738: sys_enter: NR 3 (0, 1889630, 1000, 0, 18893c0, 76cb5b1c)
        modprobe-1302  [002] ....  2518.216741: ext4_file_read_iter+0x10/0x64 <-__vfs_read+0x124/0x16c
        modprobe-1302  [002] ....  2518.216756: <stack trace>
 => ext4_file_read_iter+0x14/0x64
 => __vfs_read+0x124/0x16c
 => vfs_read+0x9c/0x164
 => ksys_read+0x74/0xe8
 => sys_read+0x18/0x1c
 => __sys_trace_return+0x0/0x1c
 => 0x7ec9f958
        modprobe-1302  [002] ....  2518.216763: sys_exit: NR 3 = 765
        modprobe-1302  [002] ....  2518.216801: sys_enter: NR 3 (0, 1889630, 1000, 0, 18893c0, 76cb5b1c)
        modprobe-1302  [002] ....  2518.216803: ext4_file_read_iter+0x10/0x64 <-__vfs_read+0x124/0x16c
        modprobe-1302  [002] ....  2518.216818: <stack trace>
 => ext4_file_read_iter+0x14/0x64
 => __vfs_read+0x124/0x16c
 => vfs_read+0x9c/0x164
 => ksys_read+0x74/0xe8
 => sys_read+0x18/0x1c
 => __sys_trace_return+0x0/0x1c
 => 0x7ec9f958
        modprobe-1302  [002] ....  2518.216822: sys_exit: NR 3 = 0
        modprobe-1302  [002] ....  2518.216826: sys_enter: NR 6 (0, 444, 76cb56d8, 76bd5864, 18893c0, 76cb5b1c)
        modprobe-1302  [002] ....  2518.216828: __close_fd+0x10/0xa0 <-sys_close+0x30/0x58
        modprobe-1302  [002] ....  2518.216839: <stack trace>
 => __close_fd+0x14/0xa0
 => sys_close+0x30/0x58
 => __sys_trace_return+0x0/0x1c
 => 0x7ec9f998
        modprobe-1302  [002] ....  2518.216842: sys_exit: NR 6 = 0
        modprobe-1302  [002] ....  2518.216851: sys_enter: NR 322 (ffffff9c, 2e5a0, a0000, 0, 7ec9fb18, 3fce8)
        modprobe-1302  [002] ....  2518.216875: sys_exit: NR 322 = 0
        modprobe-1302  [002] ....  2518.216879: sys_enter: NR 3 (0, 7ec9fb14, fff, 0, fff, 0)
        modprobe-1302  [002] ....  2518.216893: sys_exit: NR 3 = 341
        modprobe-1302  [002] ....  2518.216895: sys_enter: NR 3 (0, 7ec9fc69, eaa, 0, eaa, 155)
        modprobe-1302  [002] ....  2518.216898: sys_exit: NR 3 = 0
        modprobe-1302  [002] ....  2518.216901: sys_enter: NR 6 (0, 7ec9fc69, 6c, 0, 0, 7ec9fb14)
        modprobe-1302  [002] ....  2518.216903: __close_fd+0x10/0xa0 <-sys_close+0x30/0x58
        modprobe-1302  [002] ....  2518.216915: <stack trace>
 => __close_fd+0x14/0xa0
 => sys_close+0x30/0x58
 => __sys_trace_return+0x0/0x1c
 => 0x7ec9f9b8
        modprobe-1302  [002] ....  2518.216918: sys_exit: NR 6 = 0
        modprobe-1302  [002] ....  2518.216972: sys_enter: NR 322 (ffffff9c, 7ec9fb54, a0000, 0, 188a3a8, 3fce8)
        modprobe-1302  [002] ....  2518.216985: ext4_file_open+0x14/0x1d8 <-do_dentry_open+0x124/0x3c8
        modprobe-1302  [002] ....  2518.217003: <stack trace>
 => ext4_file_open+0x18/0x1d8
 => do_dentry_open+0x124/0x3c8
 => vfs_open+0x3c/0x40
 => path_openat+0x2c0/0x1154
 => do_filp_open+0x84/0xec
 => do_sys_open+0x178/0x1fc
 => sys_openat+0x1c/0x20
 => __sys_trace_return+0x0/0x1c
 => 0x7ec9fa58
        modprobe-1302  [002] ....  2518.217008: sys_exit: NR 322 = 0
        modprobe-1302  [002] ....  2518.217012: sys_enter: NR 197 (0, 7ec9faa8, 7ec9faa8, 73464700, 188a3a8, 0)
        modprobe-1302  [002] ....  2518.217017: sys_exit: NR 197 = 0
        modprobe-1302  [002] ....  2518.217020: sys_enter: NR 192 (0, 3ef0e, 1, 2, 0, 0)
        modprobe-1302  [002] ....  2518.217039: sys_exit: NR 192 = 1991184384
        modprobe-1302  [002] ....  2518.217061: sys_enter: NR 6 (0, ed, 6c, 0, 188a3a8, 0)
        modprobe-1302  [002] ....  2518.217063: __close_fd+0x10/0xa0 <-sys_close+0x30/0x58
        modprobe-1302  [002] ....  2518.217075: <stack trace>
 => __close_fd+0x14/0xa0
 => sys_close+0x30/0x58
 => __sys_trace_return+0x0/0x1c
 => 0x7ec9fa80
        modprobe-1302  [002] ....  2518.217078: sys_exit: NR 6 = 0
        modprobe-1302  [002] ....  2518.217086: sys_enter: NR 322 (ffffff9c, 7ec9fb54, a0000, 0, 188a3c0, 3fce8)
        modprobe-1302  [002] ....  2518.217098: ext4_file_open+0x14/0x1d8 <-do_dentry_open+0x124/0x3c8
        modprobe-1302  [002] ....  2518.217116: <stack trace>
 => ext4_file_open+0x18/0x1d8
 => do_dentry_open+0x124/0x3c8
 => vfs_open+0x3c/0x40
 => path_openat+0x2c0/0x1154
 => do_filp_open+0x84/0xec
 => do_sys_open+0x178/0x1fc
 => sys_openat+0x1c/0x20
 => __sys_trace_return+0x0/0x1c
 => 0x7ec9fa58
        modprobe-1302  [002] ....  2518.217121: sys_exit: NR 322 = 0
        modprobe-1302  [002] ....  2518.217124: sys_enter: NR 197 (0, 7ec9faa8, 7ec9faa8, 73464700, 188a3c0, 0)
        modprobe-1302  [002] ....  2518.217129: sys_exit: NR 197 = 0
        modprobe-1302  [002] ....  2518.217131: sys_enter: NR 192 (0, 88574, 1, 2, 0, 0)
        modprobe-1302  [002] ....  2518.217142: sys_exit: NR 192 = 1990623232
        modprobe-1302  [002] ....  2518.217164: sys_enter: NR 6 (0, 84, 6c, 0, 188a3c0, 0)
        modprobe-1302  [002] ....  2518.217166: __close_fd+0x10/0xa0 <-sys_close+0x30/0x58
        modprobe-1302  [002] ....  2518.217178: <stack trace>
 => __close_fd+0x14/0xa0
 => sys_close+0x30/0x58
 => __sys_trace_return+0x0/0x1c
 => 0x7ec9fa80
        modprobe-1302  [002] ....  2518.217181: sys_exit: NR 6 = 0
        modprobe-1302  [002] ....  2518.217188: sys_enter: NR 322 (ffffff9c, 7ec9fb54, a0000, 0, 188a3d8, 3fce8)
        modprobe-1302  [002] ....  2518.217201: ext4_file_open+0x14/0x1d8 <-do_dentry_open+0x124/0x3c8
