        modprobe-1316  [003] ....  3943.888859: <stack trace>
 => __close_fd+0x14/0xa0
 => sys_close+0x30/0x58
 => __sys_trace_return+0x0/0x1c
 => 0x7ed9b9c0
        modprobe-1316  [003] ....  3943.888863: sys_exit: NR 6 = 0
        modprobe-1316  [003] ....  3943.888883: sys_enter: NR 322 (ffffff9c, 7ed9bb14, a0000, 0, 7ed9bb14, 3fce8)
        modprobe-1316  [003] ....  3943.888896: ext4_file_open+0x14/0x1d8 <-do_dentry_open+0x124/0x3c8
        modprobe-1316  [003] ....  3943.888919: <stack trace>
 => ext4_file_open+0x18/0x1d8
 => do_dentry_open+0x124/0x3c8
 => vfs_open+0x3c/0x40
 => path_openat+0x2c0/0x1154
 => do_filp_open+0x84/0xec
 => do_sys_open+0x178/0x1fc
 => sys_openat+0x1c/0x20
 => __sys_trace_return+0x0/0x1c
 => 0x7ed9b990
        modprobe-1316  [003] ....  3943.888925: sys_exit: NR 322 = 0
        modprobe-1316  [003] ....  3943.888969: sys_enter: NR 221 (0, 3, 2d040, 3fce8, 2d040, 3fce8)
        modprobe-1316  [003] ....  3943.888974: sys_exit: NR 221 = 131072
        modprobe-1316  [003] ....  3943.888987: sys_enter: NR 197 (0, 7ed9b8d8, 7ed9b8d8, 76bc9788, acd3c0, 76ca8b1c)
        modprobe-1316  [003] ....  3943.888992: sys_exit: NR 197 = 0
        modprobe-1316  [003] ....  3943.889007: sys_enter: NR 3 (0, acd630, 1000, 0, acd3c0, 76ca8b1c)
        modprobe-1316  [003] ....  3943.889013: ext4_file_read_iter+0x10/0x64 <-__vfs_read+0x124/0x16c
        modprobe-1316  [003] ....  3943.889030: <stack trace>
 => ext4_file_read_iter+0x14/0x64
 => __vfs_read+0x124/0x16c
 => vfs_read+0x9c/0x164
 => ksys_read+0x74/0xe8
 => sys_read+0x18/0x1c
 => __sys_trace_return+0x0/0x1c
 => 0x7ed9b958
        modprobe-1316  [003] ....  3943.889044: sys_exit: NR 3 = 655
          <idle>-0     [002] d...  3943.889065: sched_switch: prev_comm=swapper/2 prev_pid=0 prev_prio=120 prev_state=R ==> next_comm=vncagent next_pid=512 next_prio=120
        vncagent-512   [002] ....  3943.889086: sys_exit: NR 142 = 0
        vncagent-512   [002] ....  3943.889124: sys_enter: NR 168 (7efe31f4, 1, ffffffff, 0, 1b737a0, 1b737a0)
        modprobe-1316  [003] ....  3943.889125: sys_enter: NR 3 (0, acd630, 1000, 0, acd3c0, 76ca8b1c)
        modprobe-1316  [003] ....  3943.889128: ext4_file_read_iter+0x10/0x64 <-__vfs_read+0x124/0x16c
        vncagent-512   [002] ....  3943.889129: sys_exit: NR 168 = 1
        vncagent-512   [002] ....  3943.889134: sys_enter: NR 146 (3, 7efe32ec, 3, 0, 0, 1b737a0)
        modprobe-1316  [003] ....  3943.889143: <stack trace>
 => ext4_file_read_iter+0x14/0x64
 => __vfs_read+0x124/0x16c
 => vfs_read+0x9c/0x164
 => ksys_read+0x74/0xe8
 => sys_read+0x18/0x1c
 => __sys_trace_return+0x0/0x1c
 => 0x7ed9b958
        modprobe-1316  [003] ....  3943.889146: sys_exit: NR 3 = 0
        modprobe-1316  [003] ....  3943.889154: sys_enter: NR 6 (0, 444, 76ca86d8, 76bc8864, acd3c0, 76ca8b1c)
        modprobe-1316  [003] ....  3943.889156: __close_fd+0x10/0xa0 <-sys_close+0x30/0x58
        modprobe-1316  [003] ....  3943.889167: <stack trace>
 => __close_fd+0x14/0xa0
 => sys_close+0x30/0x58
 => __sys_trace_return+0x0/0x1c
 => 0x7ed9b998
        modprobe-1316  [003] ....  3943.889170: sys_exit: NR 6 = 0
        vncagent-512   [002] ....  3943.889175: sys_exit: NR 146 = 24
        modprobe-1316  [003] ....  3943.889186: sys_enter: NR 322 (ffffff9c, 7ed9bb14, a0000, 0, 7ed9bb14, 3fce8)
        vncagent-512   [002] ....  3943.889191: sys_enter: NR 168 (7efe31dc, 1, ffffffff, 0, 7efe3360, 1b737a0)
        modprobe-1316  [003] ....  3943.889199: ext4_file_open+0x14/0x1d8 <-do_dentry_open+0x124/0x3c8
        vncagent-512   [002] d...  3943.889206: sched_switch: prev_comm=vncagent prev_pid=512 prev_prio=120 prev_state=S ==> next_comm=Xorg next_pid=493 next_prio=120
        modprobe-1316  [003] ....  3943.889217: <stack trace>
 => ext4_file_open+0x18/0x1d8
 => do_dentry_open+0x124/0x3c8
 => vfs_open+0x3c/0x40
 => path_openat+0x2c0/0x1154
 => do_filp_open+0x84/0xec
 => do_sys_open+0x178/0x1fc
 => sys_openat+0x1c/0x20
 => __sys_trace_return+0x0/0x1c
 => 0x7ed9b990
            Xorg-493   [002] ....  3943.889219: sys_exit: NR 252 = 1
        modprobe-1316  [003] ....  3943.889223: sys_exit: NR 322 = 0
        modprobe-1316  [003] ....  3943.889226: sys_enter: NR 221 (0, 3, 2d040, 3fce8, 2d040, 3fce8)
        modprobe-1316  [003] ....  3943.889228: sys_exit: NR 221 = 131072
            Xorg-493   [002] ....  3943.889232: sys_enter: NR 104 (0, 7ec13be4, 0, 1388, 76f94968, 1)
        modprobe-1316  [003] ....  3943.889233: sys_enter: NR 197 (0, 7ed9b8d8, 7ed9b8d8, 76bc9788, acd3c0, 76ca8b1c)
        modprobe-1316  [003] ....  3943.889237: sys_exit: NR 197 = 0
            Xorg-493   [002] ....  3943.889239: sys_exit: NR 104 = 0
        modprobe-1316  [003] ....  3943.889241: sys_enter: NR 3 (0, acd630, 1000, 0, acd3c0, 76ca8b1c)
        modprobe-1316  [003] ....  3943.889244: ext4_file_read_iter+0x10/0x64 <-__vfs_read+0x124/0x16c
            Xorg-493   [002] ....  3943.889248: sys_enter: NR 297 (12, 7ec139cc, 0, 0, 0, 7ec139cc)
        modprobe-1316  [003] ....  3943.889259: <stack trace>
 => ext4_file_read_iter+0x14/0x64
 => __vfs_read+0x124/0x16c
 => vfs_read+0x9c/0x164
 => ksys_read+0x74/0xe8
 => sys_read+0x18/0x1c
 => __sys_trace_return+0x0/0x1c
 => 0x7ed9b958
        modprobe-1316  [003] ....  3943.889265: sys_exit: NR 3 = 20
            Xorg-493   [002] ....  3943.889268: sys_exit: NR 297 = 24
        modprobe-1316  [003] ....  3943.889277: sys_enter: NR 3 (0, acd630, 1000, 0, acd3c0, 76ca8b1c)
        modprobe-1316  [003] ....  3943.889279: ext4_file_read_iter+0x10/0x64 <-__vfs_read+0x124/0x16c
        modprobe-1316  [003] ....  3943.889294: <stack trace>
 => ext4_file_read_iter+0x14/0x64
 => __vfs_read+0x124/0x16c
 => vfs_read+0x9c/0x164
 => ksys_read+0x74/0xe8
 => sys_read+0x18/0x1c
 => __sys_trace_return+0x0/0x1c
 => 0x7ed9b958
        modprobe-1316  [003] ....  3943.889297: sys_exit: NR 3 = 0
            Xorg-493   [002] ....  3943.889300: sys_enter: NR 146 (12, 7ec13b84, 1, 0, 1, 7ec13b84)
        modprobe-1316  [003] ....  3943.889301: sys_enter: NR 6 (0, 444, 76ca86d8, 76bc8864, acd3c0, 76ca8b1c)
        modprobe-1316  [003] ....  3943.889303: __close_fd+0x10/0xa0 <-sys_close+0x30/0x58
        modprobe-1316  [003] ....  3943.889315: <stack trace>
 => __close_fd+0x14/0xa0
 => sys_close+0x30/0x58
 => __sys_trace_return+0x0/0x1c
 => 0x7ed9b998
        modprobe-1316  [003] ....  3943.889318: sys_exit: NR 6 = 0
            Xorg-493   [002] .n..  3943.889323: sys_exit: NR 146 = 40
        modprobe-1316  [003] ....  3943.889330: sys_enter: NR 322 (ffffff9c, 7ed9bb14, a0000, 0, 7ed9bb14, 3fce8)
            Xorg-493   [002] d...  3943.889332: sched_switch: prev_comm=Xorg prev_pid=493 prev_prio=120 prev_state=R ==> next_comm=vncagent next_pid=512 next_prio=120
        vncagent-512   [002] ....  3943.889338: sys_exit: NR 168 = 1
        vncagent-512   [002] ....  3943.889341: sys_enter: NR 297 (3, 7efe313c, 0, 0, 1b747a0, 1b737a0)
        modprobe-1316  [003] ....  3943.889342: ext4_file_open+0x14/0x1d8 <-do_dentry_open+0x124/0x3c8
        vncagent-512   [002] ....  3943.889352: sys_exit: NR 297 = 40
        modprobe-1316  [003] ....  3943.889360: <stack trace>
 => ext4_file_open+0x18/0x1d8
 => do_dentry_open+0x124/0x3c8
 => vfs_open+0x3c/0x40
 => path_openat+0x2c0/0x1154
 => do_filp_open+0x84/0xec
 => do_sys_open+0x178/0x1fc
 => sys_openat+0x1c/0x20
 => __sys_trace_return+0x0/0x1c
 => 0x7ed9b990
        modprobe-1316  [003] ....  3943.889365: sys_exit: NR 322 = 0
        modprobe-1316  [003] ....  3943.889368: sys_enter: NR 221 (0, 3, 2d040, 3fce8, 2d040, 3fce8)
        modprobe-1316  [003] ....  3943.889370: sys_exit: NR 221 = 131072
        modprobe-1316  [003] ....  3943.889374: sys_enter: NR 197 (0, 7ed9b8d8, 7ed9b8d8, 76bc9788, acd3c0, 76ca8b1c)
        modprobe-1316  [003] ....  3943.889379: sys_exit: NR 197 = 0
        modprobe-1316  [003] ....  3943.889384: sys_enter: NR 3 (0, acd630, 1000, 0, acd3c0, 76ca8b1c)
        modprobe-1316  [003] ....  3943.889386: ext4_file_read_iter+0x10/0x64 <-__vfs_read+0x124/0x16c
        vncagent-512   [002] ....  3943.889390: sys_enter: NR 168 (7efe31dc, 1, ffffffff, 0, 1b737a0, 1b737a0)
        vncagent-512   [002] ....  3943.889395: sys_exit: NR 168 = 1
        vncagent-512   [002] ....  3943.889398: sys_enter: NR 146 (3, 7efe32d4, 3, 0, 0, 1b737a0)
        modprobe-1316  [003] ....  3943.889401: <stack trace>
 => ext4_file_read_iter+0x14/0x64
 => __vfs_read+0x124/0x16c
 => vfs_read+0x9c/0x164
 => ksys_read+0x74/0xe8
 => sys_read+0x18/0x1c
 => __sys_trace_return+0x0/0x1c
 => 0x7ed9b958
        modprobe-1316  [003] ....  3943.889407: sys_exit: NR 3 = 19
        vncagent-512   [002] ....  3943.889410: sys_exit: NR 146 = 32
        vncagent-512   [002] ....  3943.889415: sys_enter: NR 168 (7efe31c4, 1, ffffffff, 0, 7efe3348, 1b737a0)
        modprobe-1316  [003] ....  3943.889417: sys_enter: NR 3 (0, acd630, 1000, 0, acd3c0, 76ca8b1c)
        modprobe-1316  [003] ....  3943.889419: ext4_file_read_iter+0x10/0x64 <-__vfs_read+0x124/0x16c
        vncagent-512   [002] d...  3943.889431: sched_switch: prev_comm=vncagent prev_pid=512 prev_prio=120 prev_state=S ==> next_comm=Xorg next_pid=493 next_prio=120
        modprobe-1316  [003] ....  3943.889434: <stack trace>
 => ext4_file_read_iter+0x14/0x64
 => __vfs_read+0x124/0x16c
 => vfs_read+0x9c/0x164
 => ksys_read+0x74/0xe8
 => sys_read+0x18/0x1c
 => __sys_trace_return+0x0/0x1c
 => 0x7ed9b958
        modprobe-1316  [003] ....  3943.889437: sys_exit: NR 3 = 0
            Xorg-493   [002] ....  3943.889440: sys_enter: NR 297 (12, 7ec139cc, 0, 0, 0, 7ec139cc)
        modprobe-1316  [003] ....  3943.889441: sys_enter: NR 6 (0, 444, 76ca86d8, 76bc8864, acd3c0, 76ca8b1c)
        modprobe-1316  [003] ....  3943.889443: __close_fd+0x10/0xa0 <-sys_close+0x30/0x58
            Xorg-493   [002] ....  3943.889450: sys_exit: NR 297 = 32
        modprobe-1316  [003] ....  3943.889454: <stack trace>
 => __close_fd+0x14/0xa0
 => sys_close+0x30/0x58
 => __sys_trace_return+0x0/0x1c
 => 0x7ed9b998
        modprobe-1316  [003] ....  3943.889457: sys_exit: NR 6 = 0
        modprobe-1316  [003] ....  3943.889469: sys_enter: NR 322 (ffffff9c, 7ed9bb14, a0000, 0, 7ed9bb14, 3fce8)
        modprobe-1316  [003] ....  3943.889481: ext4_file_open+0x14/0x1d8 <-do_dentry_open+0x124/0x3c8
        modprobe-1316  [003] ....  3943.889499: <stack trace>
 => ext4_file_open+0x18/0x1d8
 => do_dentry_open+0x124/0x3c8
 => vfs_open+0x3c/0x40
 => path_openat+0x2c0/0x1154
 => do_filp_open+0x84/0xec
 => do_sys_open+0x178/0x1fc
 => sys_openat+0x1c/0x20
 => __sys_trace_return+0x0/0x1c
 => 0x7ed9b990
        modprobe-1316  [003] ....  3943.889504: sys_exit: NR 322 = 0
        modprobe-1316  [003] ....  3943.889506: sys_enter: NR 221 (0, 3, 2d040, 3fce8, 2d040, 3fce8)
        modprobe-1316  [003] ....  3943.889509: sys_exit: NR 221 = 131072
        modprobe-1316  [003] ....  3943.889513: sys_enter: NR 197 (0, 7ed9b8d8, 7ed9b8d8, 76bc9788, acd3c0, 76ca8b1c)
        modprobe-1316  [003] ....  3943.889519: sys_exit: NR 197 = 0
        modprobe-1316  [003] ....  3943.889522: sys_enter: NR 3 (0, acd630, 1000, 0, acd3c0, 76ca8b1c)
        modprobe-1316  [003] ....  3943.889525: ext4_file_read_iter+0x10/0x64 <-__vfs_read+0x124/0x16c
        modprobe-1316  [003] ....  3943.889540: <stack trace>
 => ext4_file_read_iter+0x14/0x64
 => __vfs_read+0x124/0x16c
 => vfs_read+0x9c/0x164
 => ksys_read+0x74/0xe8
 => sys_read+0x18/0x1c
 => __sys_trace_return+0x0/0x1c
 => 0x7ed9b958
        modprobe-1316  [003] ....  3943.889546: sys_exit: NR 3 = 390
        modprobe-1316  [003] ....  3943.889641: sys_enter: NR 3 (0, acd630, 1000, 0, acd3c0, 76ca8b1c)
        modprobe-1316  [003] ....  3943.889643: ext4_file_read_iter+0x10/0x64 <-__vfs_read+0x124/0x16c
        modprobe-1316  [003] ....  3943.889658: <stack trace>
 => ext4_file_read_iter+0x14/0x64
 => __vfs_read+0x124/0x16c
 => vfs_read+0x9c/0x164
 => ksys_read+0x74/0xe8
 => sys_read+0x18/0x1c
 => __sys_trace_return+0x0/0x1c
 => 0x7ed9b958
        modprobe-1316  [003] ....  3943.889661: sys_exit: NR 3 = 0
        modprobe-1316  [003] ....  3943.889666: sys_enter: NR 6 (0, 444, 76ca86d8, 76bc8864, acd3c0, 76ca8b1c)
        modprobe-1316  [003] ....  3943.889667: __close_fd+0x10/0xa0 <-sys_close+0x30/0x58
        modprobe-1316  [003] ....  3943.889679: <stack trace>
 => __close_fd+0x14/0xa0
 => sys_close+0x30/0x58
 => __sys_trace_return+0x0/0x1c
 => 0x7ed9b998
        modprobe-1316  [003] ....  3943.889682: sys_exit: NR 6 = 0
        modprobe-1316  [003] ....  3943.889694: sys_enter: NR 322 (ffffff9c, 7ed9bb14, a0000, 0, 7ed9bb14, 3fce8)
        modprobe-1316  [003] ....  3943.889708: ext4_file_open+0x14/0x1d8 <-do_dentry_open+0x124/0x3c8
        modprobe-1316  [003] ....  3943.889726: <stack trace>
 => ext4_file_open+0x18/0x1d8
 => do_dentry_open+0x124/0x3c8
 => vfs_open+0x3c/0x40
 => path_openat+0x2c0/0x1154
 => do_filp_open+0x84/0xec
 => do_sys_open+0x178/0x1fc
 => sys_openat+0x1c/0x20
 => __sys_trace_return+0x0/0x1c
 => 0x7ed9b990
        modprobe-1316  [003] ....  3943.889731: sys_exit: NR 322 = 0
        modprobe-1316  [003] ....  3943.889734: sys_enter: NR 221 (0, 3, 2d040, 3fce8, 2d040, 3fce8)
        modprobe-1316  [003] ....  3943.889736: sys_exit: NR 221 = 131072
        modprobe-1316  [003] ....  3943.889740: sys_enter: NR 197 (0, 7ed9b8d8, 7ed9b8d8, 76bc9788, acd3c0, 76ca8b1c)
        modprobe-1316  [003] ....  3943.889746: sys_exit: NR 197 = 0
        modprobe-1316  [003] ....  3943.889749: sys_enter: NR 3 (0, acd630, 1000, 0, acd3c0, 76ca8b1c)
        modprobe-1316  [003] ....  3943.889752: ext4_file_read_iter+0x10/0x64 <-__vfs_read+0x124/0x16c
        modprobe-1316  [003] ....  3943.889767: <stack trace>
 => ext4_file_read_iter+0x14/0x64
 => __vfs_read+0x124/0x16c
 => vfs_read+0x9c/0x164
 => ksys_read+0x74/0xe8
 => sys_read+0x18/0x1c
 => __sys_trace_return+0x0/0x1c
 => 0x7ed9b958
        modprobe-1316  [003] ....  3943.889773: sys_exit: NR 3 = 379
        modprobe-1316  [003] ....  3943.889879: sys_enter: NR 3 (0, acd630, 1000, 0, acd3c0, 76ca8b1c)
        modprobe-1316  [003] ....  3943.889882: ext4_file_read_iter+0x10/0x64 <-__vfs_read+0x124/0x16c
        modprobe-1316  [003] ....  3943.889897: <stack trace>
 => ext4_file_read_iter+0x14/0x64
 => __vfs_read+0x124/0x16c
 => vfs_read+0x9c/0x164
 => ksys_read+0x74/0xe8
 => sys_read+0x18/0x1c
 => __sys_trace_return+0x0/0x1c
 => 0x7ed9b958
        modprobe-1316  [003] ....  3943.889901: sys_exit: NR 3 = 0
        modprobe-1316  [003] ....  3943.889905: sys_enter: NR 6 (0, 444, 76ca86d8, 76bc8864, acd3c0, 76ca8b1c)
        modprobe-1316  [003] ....  3943.889907: __close_fd+0x10/0xa0 <-sys_close+0x30/0x58
        modprobe-1316  [003] ....  3943.889918: <stack trace>
 => __close_fd+0x14/0xa0
 => sys_close+0x30/0x58
 => __sys_trace_return+0x0/0x1c
 => 0x7ed9b998
        modprobe-1316  [003] ....  3943.889921: sys_exit: NR 6 = 0
        modprobe-1316  [003] ....  3943.889933: sys_enter: NR 322 (ffffff9c, 7ed9bb14, a0000, 0, 7ed9bb14, 3fce8)
        modprobe-1316  [003] ....  3943.889945: ext4_file_open+0x14/0x1d8 <-do_dentry_open+0x124/0x3c8
        modprobe-1316  [003] ....  3943.889963: <stack trace>
 => ext4_file_open+0x18/0x1d8
 => do_dentry_open+0x124/0x3c8
 => vfs_open+0x3c/0x40
 => path_openat+0x2c0/0x1154
 => do_filp_open+0x84/0xec
 => do_sys_open+0x178/0x1fc
 => sys_openat+0x1c/0x20
 => __sys_trace_return+0x0/0x1c
 => 0x7ed9b990
        modprobe-1316  [003] ....  3943.889968: sys_exit: NR 322 = 0
        modprobe-1316  [003] ....  3943.889970: sys_enter: NR 221 (0, 3, 2d040, 3fce8, 2d040, 3fce8)
        modprobe-1316  [003] ....  3943.889973: sys_exit: NR 221 = 131072
        modprobe-1316  [003] ....  3943.889977: sys_enter: NR 197 (0, 7ed9b8d8, 7ed9b8d8, 76bc9788, acd3c0, 76ca8b1c)
        modprobe-1316  [003] ....  3943.889982: sys_exit: NR 197 = 0
        modprobe-1316  [003] ....  3943.889988: sys_enter: NR 3 (0, acd630, 1000, 0, acd3c0, 76ca8b1c)
        modprobe-1316  [003] ....  3943.889990: ext4_file_read_iter+0x10/0x64 <-__vfs_read+0x124/0x16c
        modprobe-1316  [003] ....  3943.890006: <stack trace>
 => ext4_file_read_iter+0x14/0x64
 => __vfs_read+0x124/0x16c
 => vfs_read+0x9c/0x164
 => ksys_read+0x74/0xe8
 => sys_read+0x18/0x1c
 => __sys_trace_return+0x0/0x1c
 => 0x7ed9b958
        modprobe-1316  [003] ....  3943.890009: sys_exit: NR 3 = 0
        modprobe-1316  [003] ....  3943.890013: sys_enter: NR 6 (0, 444, 76ca86d8, 76bc8864, acd3c0, 76ca8b1c)
        modprobe-1316  [003] ....  3943.890015: __close_fd+0x10/0xa0 <-sys_close+0x30/0x58
        modprobe-1316  [003] ....  3943.890027: <stack trace>
 => __close_fd+0x14/0xa0
 => sys_close+0x30/0x58
 => __sys_trace_return+0x0/0x1c
 => 0x7ed9b998
        modprobe-1316  [003] ....  3943.890030: sys_exit: NR 6 = 0
        modprobe-1316  [003] ....  3943.890041: sys_enter: NR 322 (ffffff9c, 7ed9bb14, a0000, 0, 7ed9bb14, 3fce8)
        modprobe-1316  [003] ....  3943.890053: ext4_file_open+0x14/0x1d8 <-do_dentry_open+0x124/0x3c8
        modprobe-1316  [003] ....  3943.890071: <stack trace>
 => ext4_file_open+0x18/0x1d8
 => do_dentry_open+0x124/0x3c8
 => vfs_open+0x3c/0x40
 => path_openat+0x2c0/0x1154
 => do_filp_open+0x84/0xec
 => do_sys_open+0x178/0x1fc
 => sys_openat+0x1c/0x20
 => __sys_trace_return+0x0/0x1c
 => 0x7ed9b990
        modprobe-1316  [003] ....  3943.890075: sys_exit: NR 322 = 0
        modprobe-1316  [003] ....  3943.890078: sys_enter: NR 221 (0, 3, 2d040, 3fce8, 2d040, 3fce8)
        modprobe-1316  [003] ....  3943.890081: sys_exit: NR 221 = 131072
        modprobe-1316  [003] ....  3943.890085: sys_enter: NR 197 (0, 7ed9b8d8, 7ed9b8d8, 76bc9788, acd3c0, 76ca8b1c)
        modprobe-1316  [003] ....  3943.890090: sys_exit: NR 197 = 0
        modprobe-1316  [003] ....  3943.890093: sys_enter: NR 3 (0, acd630, 1000, 0, acd3c0, 76ca8b1c)
        modprobe-1316  [003] ....  3943.890096: ext4_file_read_iter+0x10/0x64 <-__vfs_read+0x124/0x16c
        modprobe-1316  [003] ....  3943.890111: <stack trace>
 => ext4_file_read_iter+0x14/0x64
 => __vfs_read+0x124/0x16c
 => vfs_read+0x9c/0x164
 => ksys_read+0x74/0xe8
 => sys_read+0x18/0x1c
 => __sys_trace_return+0x0/0x1c
 => 0x7ed9b958
        modprobe-1316  [003] ....  3943.890118: sys_exit: NR 3 = 765
        modprobe-1316  [003] ....  3943.890155: sys_enter: NR 3 (0, acd630, 1000, 0, acd3c0, 76ca8b1c)
        modprobe-1316  [003] ....  3943.890158: ext4_file_read_iter+0x10/0x64 <-__vfs_read+0x124/0x16c
        modprobe-1316  [003] ....  3943.890173: <stack trace>
 => ext4_file_read_iter+0x14/0x64
 => __vfs_read+0x124/0x16c
 => vfs_read+0x9c/0x164
 => ksys_read+0x74/0xe8
 => sys_read+0x18/0x1c
 => __sys_trace_return+0x0/0x1c
 => 0x7ed9b958
        modprobe-1316  [003] ....  3943.890176: sys_exit: NR 3 = 0
        modprobe-1316  [003] ....  3943.890180: sys_enter: NR 6 (0, 444, 76ca86d8, 76bc8864, acd3c0, 76ca8b1c)
        modprobe-1316  [003] ....  3943.890182: __close_fd+0x10/0xa0 <-sys_close+0x30/0x58
        modprobe-1316  [003] ....  3943.890194: <stack trace>
 => __close_fd+0x14/0xa0
 => sys_close+0x30/0x58
 => __sys_trace_return+0x0/0x1c
 => 0x7ed9b998
        modprobe-1316  [003] ....  3943.890197: sys_exit: NR 6 = 0
        modprobe-1316  [003] ....  3943.890206: sys_enter: NR 322 (ffffff9c, 2e5a0, a0000, 0, 7ed9bb18, 3fce8)
        modprobe-1316  [003] ....  3943.890234: sys_exit: NR 322 = 0
        modprobe-1316  [003] ....  3943.890237: sys_enter: NR 3 (0, 7ed9bb14, fff, 0, fff, 0)
        modprobe-1316  [003] ....  3943.890250: sys_exit: NR 3 = 341
        modprobe-1316  [003] ....  3943.890253: sys_enter: NR 3 (0, 7ed9bc69, eaa, 0, eaa, 155)
        modprobe-1316  [003] ....  3943.890256: sys_exit: NR 3 = 0
        modprobe-1316  [003] ....  3943.890258: sys_enter: NR 6 (0, 7ed9bc69, 6c, 0, 0, 7ed9bb14)
        modprobe-1316  [003] ....  3943.890260: __close_fd+0x10/0xa0 <-sys_close+0x30/0x58
        modprobe-1316  [003] ....  3943.890273: <stack trace>
 => __close_fd+0x14/0xa0
 => sys_close+0x30/0x58
 => __sys_trace_return+0x0/0x1c
 => 0x7ed9b9b8
        modprobe-1316  [003] ....  3943.890276: sys_exit: NR 6 = 0
        modprobe-1316  [003] ....  3943.890327: sys_enter: NR 322 (ffffff9c, 7ed9bb54, a0000, 0, ace3a8, 3fce8)
        modprobe-1316  [003] ....  3943.890343: ext4_file_open+0x14/0x1d8 <-do_dentry_open+0x124/0x3c8
        modprobe-1316  [003] ....  3943.890361: <stack trace>
 => ext4_file_open+0x18/0x1d8
 => do_dentry_open+0x124/0x3c8
 => vfs_open+0x3c/0x40
 => path_openat+0x2c0/0x1154
 => do_filp_open+0x84/0xec
 => do_sys_open+0x178/0x1fc
 => sys_openat+0x1c/0x20
 => __sys_trace_return+0x0/0x1c
 => 0x7ed9ba58
        modprobe-1316  [003] ....  3943.890366: sys_exit: NR 322 = 0
        modprobe-1316  [003] ....  3943.890369: sys_enter: NR 197 (0, 7ed9baa8, 7ed9baa8, ef595300, ace3a8, 0)
        modprobe-1316  [003] ....  3943.890374: sys_exit: NR 197 = 0
        modprobe-1316  [003] ....  3943.890376: sys_enter: NR 192 (0, 3ef0e, 1, 2, 0, 0)
        modprobe-1316  [003] ....  3943.890401: sys_exit: NR 192 = 1991131136
        modprobe-1316  [003] ....  3943.890428: sys_enter: NR 6 (0, ed, 6c, 0, ace3a8, 0)
        modprobe-1316  [003] ....  3943.890430: __close_fd+0x10/0xa0 <-sys_close+0x30/0x58
        modprobe-1316  [003] ....  3943.890443: <stack trace>
 => __close_fd+0x14/0xa0
 => sys_close+0x30/0x58
 => __sys_trace_return+0x0/0x1c
 => 0x7ed9ba80
        modprobe-1316  [003] ....  3943.890445: sys_exit: NR 6 = 0
        modprobe-1316  [003] ....  3943.890454: sys_enter: NR 322 (ffffff9c, 7ed9bb54, a0000, 0, ace3c0, 3fce8)
        modprobe-1316  [003] ....  3943.890467: ext4_file_open+0x14/0x1d8 <-do_dentry_open+0x124/0x3c8
        modprobe-1316  [003] ....  3943.890484: <stack trace>
 => ext4_file_open+0x18/0x1d8
 => do_dentry_open+0x124/0x3c8
 => vfs_open+0x3c/0x40
 => path_openat+0x2c0/0x1154
 => do_filp_open+0x84/0xec
 => do_sys_open+0x178/0x1fc
 => sys_openat+0x1c/0x20
 => __sys_trace_return+0x0/0x1c
 => 0x7ed9ba58
        modprobe-1316  [003] ....  3943.890490: sys_exit: NR 322 = 0
        modprobe-1316  [003] ....  3943.890492: sys_enter: NR 197 (0, 7ed9baa8, 7ed9baa8, ef595300, ace3c0, 0)
        modprobe-1316  [003] ....  3943.890497: sys_exit: NR 197 = 0
        modprobe-1316  [003] ....  3943.890500: sys_enter: NR 192 (0, 88574, 1, 2, 0, 0)
        modprobe-1316  [003] ....  3943.890560: sys_exit: NR 192 = 1990569984
        modprobe-1316  [003] ....  3943.890583: sys_enter: NR 6 (0, 84, 6c, 0, ace3c0, 0)
        modprobe-1316  [003] ....  3943.890585: __close_fd+0x10/0xa0 <-sys_close+0x30/0x58
          <idle>-0     [000] d...  3943.890590: sched_switch: prev_comm=swapper/0 prev_pid=0 prev_prio=120 prev_state=R ==> next_comm=kworker/0:0 next_pid=1247 next_prio=120
        modprobe-1316  [003] ....  3943.890598: <stack trace>
 => __close_fd+0x14/0xa0
 => sys_close+0x30/0x58
 => __sys_trace_return+0x0/0x1c
 => 0x7ed9ba80
        modprobe-1316  [003] ....  3943.890601: sys_exit: NR 6 = 0
        modprobe-1316  [003] ....  3943.890609: sys_enter: NR 322 (ffffff9c, 7ed9bb54, a0000, 0, ace3d8, 3fce8)
        modprobe-1316  [003] ....  3943.890622: ext4_file_open+0x14/0x1d8 <-do_dentry_open+0x124/0x3c8
     kworker/0:0-1247  [000] d...  3943.890640: sched_switch: prev_comm=kworker/0:0 prev_pid=1247 prev_prio=120 prev_state=I ==> next_comm=swapper/0 next_pid=0 next_prio=120
        modprobe-1316  [003] ....  3943.890640: <stack trace>
 => ext4_file_open+0x18/0x1d8
 => do_dentry_open+0x124/0x3c8
 => vfs_open+0x3c/0x40
 => path_openat+0x2c0/0x1154
 => do_filp_open+0x84/0xec
 => do_sys_open+0x178/0x1fc
 => sys_openat+0x1c/0x20
 => __sys_trace_return+0x0/0x1c
 => 0x7ed9ba58
        modprobe-1316  [003] ....  3943.890646: sys_exit: NR 322 = 0
        modprobe-1316  [003] ....  3943.890648: sys_enter: NR 197 (0, 7ed9baa8, 7ed9baa8, ef595300, ace3d8, 0)
        modprobe-1316  [003] ....  3943.890654: sys_exit: NR 197 = 0
        modprobe-1316  [003] ....  3943.890656: sys_enter: NR 192 (0, 45ae9, 1, 2, 0, 0)
        modprobe-1316  [003] ....  3943.890668: sys_exit: NR 192 = 1990283264
        modprobe-1316  [003] ....  3943.890689: sys_enter: NR 6 (0, 5a, 6c, 0, ace3d8, 0)
        modprobe-1316  [003] ....  3943.890691: __close_fd+0x10/0xa0 <-sys_close+0x30/0x58
        modprobe-1316  [003] ....  3943.890703: <stack trace>
 => __close_fd+0x14/0xa0
 => sys_close+0x30/0x58
 => __sys_trace_return+0x0/0x1c
 => 0x7ed9ba80
        modprobe-1316  [003] ....  3943.890706: sys_exit: NR 6 = 0
        modprobe-1316  [003] ....  3943.890713: sys_enter: NR 322 (ffffff9c, 7ed9bb54, a0000, 0, ace3f0, 3fce8)
        modprobe-1316  [003] ....  3943.890726: ext4_file_open+0x14/0x1d8 <-do_dentry_open+0x124/0x3c8
        modprobe-1316  [003] ....  3943.890744: <stack trace>
 => ext4_file_open+0x18/0x1d8
 => do_dentry_open+0x124/0x3c8
 => vfs_open+0x3c/0x40
 => path_openat+0x2c0/0x1154
 => do_filp_open+0x84/0xec
 => do_sys_open+0x178/0x1fc
 => sys_openat+0x1c/0x20
 => __sys_trace_return+0x0/0x1c
 => 0x7ed9ba58
        modprobe-1316  [003] ....  3943.890749: sys_exit: NR 322 = 0
        modprobe-1316  [003] ....  3943.890751: sys_enter: NR 197 (0, 7ed9baa8, 7ed9baa8, ef595300, ace3f0, 0)
        modprobe-1316  [003] ....  3943.890756: sys_exit: NR 197 = 0
        modprobe-1316  [003] ....  3943.890759: sys_enter: NR 192 (0, 31ee, 1, 2, 0, 0)
        modprobe-1316  [003] ....  3943.890769: sys_exit: NR 192 = 1995714560
        modprobe-1316  [003] ....  3943.890780: sys_enter: NR 6 (0, 30, 6c, 0, ace3f0, 0)
        modprobe-1316  [003] ....  3943.890782: __close_fd+0x10/0xa0 <-sys_close+0x30/0x58
        modprobe-1316  [003] ....  3943.890794: <stack trace>
 => __close_fd+0x14/0xa0
 => sys_close+0x30/0x58
 => __sys_trace_return+0x0/0x1c
 => 0x7ed9ba80
        modprobe-1316  [003] ....  3943.890797: sys_exit: NR 6 = 0
        modprobe-1316  [003] ....  3943.890923: sys_enter: NR 91 (76ae4000, 3ef0e, 128, ace3a8, ace3a8, ff532e70)
        modprobe-1316  [003] ....  3943.891009: sys_exit: NR 91 = 0
        modprobe-1316  [003] ....  3943.891018: sys_enter: NR 91 (76a5b000, 88574, ef595300, ace3c0, ace3c0, ff532e70)
        modprobe-1316  [003] ....  3943.891056: sys_exit: NR 91 = 0
        modprobe-1316  [003] ....  3943.891063: sys_enter: NR 91 (76a15000, 45ae9, ef595300, ace3d8, ace3d8, ff532e70)
        modprobe-1316  [003] ....  3943.891087: sys_exit: NR 91 = 0
        modprobe-1316  [003] ....  3943.891094: sys_enter: NR 91 (76f43000, 31ee, ef595300, ace3f0, ace3f0, ff532e70)
        modprobe-1316  [003] ....  3943.891107: sys_exit: NR 91 = 0
        modprobe-1316  [003] ....  3943.891327: sys_enter: NR 248 (1, 0, 1, ef595300, 76ca86d8, 76ca86d8)
        modprobe-1316  [003] d...  3943.892022: sched_switch: prev_comm=modprobe prev_pid=1316 prev_prio=120 prev_state=Z ==> next_comm=swapper/3 next_pid=0 next_prio=120
          <idle>-0     [000] d...  3943.892032: sched_switch: prev_comm=swapper/0 prev_pid=0 prev_prio=120 prev_state=R ==> next_comm=kworker/u8:0 next_pid=1234 next_prio=120
    kworker/u8:0-1234  [000] d...  3943.892154: sched_switch: prev_comm=kworker/u8:0 prev_pid=1234 prev_prio=120 prev_state=I ==> next_comm=sudo next_pid=1302 next_prio=120
            sudo-1302  [000] ....  3943.892180: sys_exit: NR 281 = -93
            sudo-1302  [000] ....  3943.892336: sys_enter: NR 91 (7674b000, 271f8, 0, 7674b000, 7f2a20, 7e994d00)
            sudo-1302  [000] ....  3943.892408: sys_exit: NR 91 = 0
            sudo-1302  [000] ....  3943.892422: sys_enter: NR 91 (766e7000, 2370c, 0, 766e7000, 7fda50, 7e994d02)
            sudo-1302  [000] ....  3943.892478: sys_exit: NR 91 = 0
            sudo-1302  [000] ....  3943.892521: sys_enter: NR 91 (76f4d000, 1102c, 0, 76f4d000, 7fdfd8, 7e994d09)
            sudo-1302  [000] ....  3943.892563: sys_exit: NR 91 = 0
            sudo-1302  [000] ....  3943.892602: sys_enter: NR 91 (766d5000, 1103c, 0, 766d5000, 7fe470, 7e994d09)
            sudo-1302  [000] ....  3943.892643: sys_exit: NR 91 = 0
            sudo-1302  [000] ....  3943.892736: sys_enter: NR 91 (76688000, 4cd28, 1, 76688000, 7f94b0, 7e994d09)
            sudo-1302  [000] ....  3943.892802: sys_exit: NR 91 = 0
            sudo-1302  [000] ....  3943.892814: sys_enter: NR 91 (76661000, 120d8, 0, 76661000, 7f9790, 7e994d0a)
            sudo-1302  [000] ....  3943.892854: sys_exit: NR 91 = 0
            sudo-1302  [000] ....  3943.892898: sys_enter: NR 91 (76676000, 11068, 0, 76676000, 7fa228, 7e994d09)
            sudo-1302  [000] ....  3943.892938: sys_exit: NR 91 = 0
            sudo-1302  [000] ....  3943.892950: sys_enter: NR 91 (7670b000, 3f170, 0, 7670b000, 7fd7c8, 7e994d0a)
            sudo-1302  [000] ....  3943.892998: sys_exit: NR 91 = 0
            sudo-1302  [000] ....  3943.893362: sys_enter: NR 248 (0, 0, 0, ddc39d00, 76e656d8, 76e656d8)
            Xorg-493   [002] ....  3943.893372: sys_enter: NR 146 (12, 7ec13b74, 1, 0, 1, 7ec13b74)
            Xorg-493   [002] .n..  3943.893446: sys_exit: NR 146 = 32
            Xorg-493   [002] d...  3943.893462: sched_switch: prev_comm=Xorg prev_pid=493 prev_prio=120 prev_state=R ==> next_comm=vncagent next_pid=512 next_prio=120
        vncagent-512   [002] ....  3943.893480: sys_exit: NR 168 = 1
        vncagent-512   [002] ....  3943.893489: sys_enter: NR 297 (3, 7efe3124, 0, 0, 1b747a0, 1b737a0)
        vncagent-512   [002] ....  3943.893516: sys_exit: NR 297 = 32
        vncagent-512   [002] ....  3943.893569: sys_enter: NR 4 (d, 1b95150, 27, 0, 1b90390, 85a34)
        vncagent-512   [002] ....  3943.893598: sys_exit: NR 4 = 39
          <idle>-0     [001] d...  3943.893621: sched_switch: prev_comm=swapper/1 prev_pid=0 prev_prio=120 prev_state=R ==> next_comm=vncserver-x11-c next_pid=452 next_prio=120
        vncagent-512   [002] ....  3943.893626: sys_enter: NR 297 (3, 7efe362c, 0, 0, 1b747a0, 1)
        vncagent-512   [002] ....  3943.893632: sys_exit: NR 297 = -11
        vncagent-512   [002] ....  3943.893637: sys_enter: NR 297 (3, 7efe364c, 0, 0, 1b747a0, 7efe3724)
        vncagent-512   [002] ....  3943.893640: sys_exit: NR 297 = -11
        vncagent-512   [002] ....  3943.893654: sys_enter: NR 142 (e, 7efe3630, 7efe36b0, 7efe3730, 7efe3628, 7efe36ac)
        vncagent-512   [002] ....  3943.893668: sys_exit: NR 142 = 0
        vncagent-512   [002] ....  3943.893675: sys_enter: NR 297 (3, 7efe362c, 0, 0, 1b747a0, 1)
        vncagent-512   [002] ....  3943.893679: sys_exit: NR 297 = -11
 vncserver-x11-c-452   [001] ....  3943.893680: sys_exit: NR 142 = 1
        vncagent-512   [002] ....  3943.893682: sys_enter: NR 297 (3, 7efe364c, 0, 0, 1b747a0, 7efe3724)
        vncagent-512   [002] ....  3943.893685: sys_exit: NR 297 = -11
        vncagent-512   [002] ....  3943.893691: sys_enter: NR 142 (e, 7efe3630, 7efe36b0, 7efe3730, 7efe3628, 7efe36ac)
 vncserver-x11-c-452   [001] ....  3943.893707: sys_enter: NR 3 (c, 15e9d00, 41a0, 0, 41a0, 15e9d00)
 vncserver-x11-c-452   [001] ....  3943.893729: sys_exit: NR 3 = 39
        vncagent-512   [002] d...  3943.893733: sched_switch: prev_comm=vncagent prev_pid=512 prev_prio=120 prev_state=S ==> next_comm=Xorg next_pid=493 next_prio=120
            Xorg-493   [002] ....  3943.893746: sys_enter: NR 297 (12, 7ec139cc, 0, 0, 0, 7ec139cc)
            Xorg-493   [002] ....  3943.893752: sys_exit: NR 297 = -11
            Xorg-493   [002] ....  3943.893762: sys_enter: NR 104 (0, 7ec13be4, 0, 0, 76f94968, 212b8c)
            Xorg-493   [002] ....  3943.893773: sys_exit: NR 104 = 0
            Xorg-493   [002] ....  3943.893949: sys_enter: NR 252 (3, 7ec12be0, 100, 1b372, 1b372, 100)
            Xorg-493   [002] d...  3943.894017: sched_switch: prev_comm=Xorg prev_pid=493 prev_prio=120 prev_state=S ==> next_comm=swapper/2 next_pid=0 next_prio=120
            sudo-1302  [000] d...  3943.894644: sched_switch: prev_comm=sudo prev_pid=1302 prev_prio=120 prev_state=Z ==> next_comm=swapper/0 next_pid=0 next_prio=120
 vncserver-x11-c-452   [001] d...  3943.894662: sched_switch: prev_comm=vncserver-x11-c prev_pid=452 prev_prio=120 prev_state=R ==> next_comm=bash next_pid=1114 next_prio=120
            bash-1114  [001] ....  3943.894790: sys_exit: NR 114 = 1302
            bash-1114  [001] ....  3943.894811: sys_enter: NR 175 (0, 7ef33464, 7ef334e4, 8, fcef8, 7ef334e4)
            bash-1114  [001] ....  3943.894819: sys_exit: NR 175 = 0
            bash-1114  [001] ....  3943.894822: sys_enter: NR 54 (ff, 5410, 7ef33454, 0, fcef8, fd744)
            bash-1114  [001] ....  3943.894833: sys_exit: NR 54 = 0
            bash-1114  [001] ....  3943.894836: sys_enter: NR 175 (2, 7ef334e4, 0, 8, fcef8, 0)
            bash-1114  [001] ....  3943.894839: sys_exit: NR 175 = 0
            bash-1114  [001] ....  3943.894843: sys_enter: NR 54 (ff, 5401, 7ef33538, 102ff0, fcef8, 0)
            bash-1114  [001] ....  3943.894853: sys_exit: NR 54 = 0
            bash-1114  [001] ....  3943.894857: sys_enter: NR 54 (ff, 5413, 7ef33554, 50024b00, fcef8, 0)
            bash-1114  [001] ....  3943.894860: sys_exit: NR 54 = 0
            bash-1114  [001] ....  3943.894923: sys_enter: NR 175 (2, 7ef3360c, 0, 8, fcef8, 0)
            bash-1114  [001] ....  3943.894926: sys_exit: NR 175 = 0
            bash-1114  [001] ....  3943.894953: setup_return+0x134/0x19c: [+] handler:0x55a6c, sig:17 
            bash-1114  [001] ....  3943.894959: sys_enter: NR 114 (ffffffff, 7ef3319c, b, 0, b, fd744)
            bash-1114  [001] ....  3943.894965: sys_exit: NR 114 = -10
            bash-1114  [001] ....  3943.894975: sys_enter: NR 119 (ffffffff, 7ef3319c, 50024b00, 50024b00, fcef8, 0)
            bash-1114  [001] ....  3943.894981: sys_exit: NR 119 = 0
            bash-1114  [001] ....  3943.895017: sys_enter: NR 174 (2, 7ef3352c, 7ef335b8, 8, 7ef336f0, 7ef33664)
            bash-1114  [001] ....  3943.895022: sys_exit: NR 174 = 0
            bash-1114  [001] ....  3943.895359: sys_enter: NR 175 (0, 7ef32d5c, 7ef32ddc, 8, fcef8, 7ef32ddc)
            bash-1114  [001] ....  3943.895364: sys_exit: NR 175 = 0
            bash-1114  [001] ....  3943.895366: sys_enter: NR 54 (ff, 5410, 7ef32d4c, 0, fcef8, fd744)
            bash-1114  [001] ....  3943.895371: sys_exit: NR 54 = 0
            bash-1114  [001] ....  3943.895373: sys_enter: NR 175 (2, 7ef32ddc, 0, 8, fcef8, 0)
            bash-1114  [001] ....  3943.895376: sys_exit: NR 175 = 0
            bash-1114  [001] ....  3943.895379: sys_enter: NR 174 (2, 7ef32c0c, 7ef32c98, 8, 7ef32dd0, 7ef32d44)
            bash-1114  [001] ....  3943.895382: sys_exit: NR 174 = 0
            bash-1114  [001] ....  3943.895386: sys_enter: NR 221 (0, 3, 0, fcef8, fcef8, 1)
            bash-1114  [001] ....  3943.895390: sys_exit: NR 221 = 132098
            bash-1114  [001] ....  3943.896106: sys_enter: NR 54 (0, 5413, 7ef32dd4, 50024b00, fcef8, 0)
            bash-1114  [001] ....  3943.896110: sys_exit: NR 54 = 0
            bash-1114  [001] ....  3943.896112: sys_enter: NR 54 (0, 5414, 7ef32dd4, 50024b00, fcef8, 0)
            bash-1114  [001] ....  3943.896117: sys_exit: NR 54 = 0
            bash-1114  [001] ....  3943.896120: sys_enter: NR 54 (0, 5401, 7ef32da8, 7ef32df8, fcef8, 0)
            bash-1114  [001] ....  3943.896124: sys_exit: NR 54 = 0
            bash-1114  [001] ....  3943.896133: sys_enter: NR 54 (0, 5401, 7ef32da0, 50024b00, 7ef32df8, 1)
            bash-1114  [001] ....  3943.896137: sys_exit: NR 54 = 0
            bash-1114  [001] ....  3943.896139: sys_enter: NR 54 (0, 5403, 7ef32d7c, 8a31, 7ef32df8, 1)
            bash-1114  [001] ....  3943.896155: sys_exit: NR 54 = 0
            bash-1114  [001] ....  3943.896158: sys_enter: NR 54 (0, 5401, 7ef32d7c, 10, 7ef32df8, 0)
            bash-1114  [001] ....  3943.896161: sys_exit: NR 54 = 0
            bash-1114  [001] ....  3943.896172: sys_enter: NR 175 (0, 105010, 10ab6c, 8, fcef8, 10ab6c)
            bash-1114  [001] ....  3943.896176: sys_exit: NR 175 = 0
            bash-1114  [001] ....  3943.896180: sys_enter: NR 174 (2, 7ef32aa4, 7ef32b30, 8, 7ef32bdc, 7ef32c68)
            bash-1114  [001] ....  3943.896183: sys_exit: NR 174 = 0
            bash-1114  [001] ....  3943.896186: sys_enter: NR 174 (f, 7ef32aa4, 7ef32b30, 8, 7ef32bdc, 7ef32c68)
            bash-1114  [001] ....  3943.896189: sys_exit: NR 174 = 0
            bash-1114  [001] ....  3943.896192: sys_enter: NR 174 (1, 7ef32aa4, 7ef32b30, 8, 7ef32bdc, 7ef32c68)
            bash-1114  [001] ....  3943.896195: sys_exit: NR 174 = 0
            bash-1114  [001] ....  3943.896198: sys_enter: NR 174 (3, 7ef32aa4, 7ef32b30, 8, 7ef32bdc, 7ef32c68)
            bash-1114  [001] ....  3943.896201: sys_exit: NR 174 = 0
            bash-1114  [001] ....  3943.896203: sys_enter: NR 174 (3, 7ef32bdc, 7ef32c68, 8, 7ef32d10, 105234)
            bash-1114  [001] ....  3943.896206: sys_exit: NR 174 = 0
            bash-1114  [001] ....  3943.896209: sys_enter: NR 174 (e, 7ef32b4c, 7ef32bd8, 8, 7ef32c84, 7ef32d10)
            bash-1114  [001] ....  3943.896212: sys_exit: NR 174 = 0
            bash-1114  [001] ....  3943.896215: sys_enter: NR 174 (14, 7ef32aa4, 7ef32b30, 8, 7ef32bdc, 7ef32c68)
            bash-1114  [001] ....  3943.896218: sys_exit: NR 174 = 0
            bash-1114  [001] ....  3943.896220: sys_enter: NR 174 (14, 7ef32bdc, 7ef32c68, 8, 7ef32d10, 10534c)
            bash-1114  [001] ....  3943.896224: sys_exit: NR 174 = 0
            bash-1114  [001] ....  3943.896227: sys_enter: NR 174 (16, 7ef32aa4, 7ef32b30, 8, 7ef32bdc, 7ef32c68)
            bash-1114  [001] ....  3943.896229: sys_exit: NR 174 = 0
            bash-1114  [001] ....  3943.896232: sys_enter: NR 174 (16, 7ef32bdc, 7ef32c68, 8, 7ef32d10, 1053d8)
            bash-1114  [001] ....  3943.896235: sys_exit: NR 174 = 0
            bash-1114  [001] ....  3943.896238: sys_enter: NR 174 (15, 7ef32aa4, 7ef32b30, 8, 7ef32bdc, 7ef32c68)
            bash-1114  [001] ....  3943.896240: sys_exit: NR 174 = 0
            bash-1114  [001] ....  3943.896243: sys_enter: NR 174 (15, 7ef32bdc, 7ef32c68, 8, 7ef32d10, 105464)
            bash-1114  [001] ....  3943.896245: sys_exit: NR 174 = 0
            bash-1114  [001] ....  3943.896248: sys_enter: NR 175 (2, 10ab6c, 0, 8, fcef8, 0)
            bash-1114  [001] ....  3943.896250: sys_exit: NR 175 = 0
            bash-1114  [001] ....  3943.896253: sys_enter: NR 174 (1c, 7ef32aa4, 7ef32b30, 8, 7ef32bdc, 7ef32c68)
            bash-1114  [001] ....  3943.896256: sys_exit: NR 174 = 0
            bash-1114  [001] ....  3943.896302: sys_enter: NR 4 (2, 12853e0, af, 0, af, 12853e0)
            bash-1114  [001] ....  3943.896338: sys_exit: NR 4 = 175
            bash-1114  [001] ....  3943.896349: sys_enter: NR 335 (1, 7ef32d84, 0, 0, 0, 7ef32d4c)
          <idle>-0     [000] d...  3943.896352: sched_switch: prev_comm=swapper/0 prev_pid=0 prev_prio=120 prev_state=R ==> next_comm=kworker/u8:0 next_pid=1234 next_prio=120
            bash-1114  [001] d...  3943.896384: sched_switch: prev_comm=bash prev_pid=1114 prev_prio=120 prev_state=S ==> next_comm=vncserver-x11-c next_pid=452 next_prio=120
          <idle>-0     [002] d...  3943.896394: sched_switch: prev_comm=swapper/2 prev_pid=0 prev_prio=120 prev_state=R ==> next_comm=lxterminal next_pid=1104 next_prio=120
    kworker/u8:0-1234  [000] d...  3943.896410: sched_switch: prev_comm=kworker/u8:0 prev_pid=1234 prev_prio=120 prev_state=I ==> next_comm=swapper/0 next_pid=0 next_prio=120
      lxterminal-1104  [002] ....  3943.896427: sys_exit: NR 168 = 1
      lxterminal-1104  [002] ....  3943.896470: sys_enter: NR 4 (4, 7ef8e798, 8, 0, 8, 7ef8e798)
      lxterminal-1104  [002] ....  3943.896478: sys_exit: NR 4 = 8
      lxterminal-1104  [002] ....  3943.896495: sys_enter: NR 3 (6, 1050004, 1ff4, 0, 1ff4, 1050004)
      lxterminal-1104  [002] ....  3943.896512: sys_exit: NR 3 = 176
      lxterminal-1104  [002] ....  3943.896514: sys_enter: NR 3 (6, 10500b3, 1f45, 0, 1f45, 10500b3)
      lxterminal-1104  [002] ....  3943.896521: sys_exit: NR 3 = -11
      lxterminal-1104  [002] ....  3943.896528: sys_enter: NR 4 (4, 7ef8e798, 8, 0, 8, 7ef8e798)
      lxterminal-1104  [002] ....  3943.896531: sys_exit: NR 4 = 8
      lxterminal-1104  [002] ....  3943.896537: sys_enter: NR 3 (6, 10500b3, 1f45, 0, 1f45, 10500b3)
      lxterminal-1104  [002] ....  3943.896543: sys_exit: NR 3 = -11
      lxterminal-1104  [002] ....  3943.898308: sys_enter: NR 162 (7ef8e77c, 7ef8e784, 0, 0, 7ef8e784, 7ef8e77c)
      lxterminal-1104  [002] d...  3943.898358: sched_switch: prev_comm=lxterminal prev_pid=1104 prev_prio=120 prev_state=S ==> next_comm=swapper/2 next_pid=0 next_prio=120
          <idle>-0     [002] d...  3943.898413: sched_switch: prev_comm=swapper/2 prev_pid=0 prev_prio=120 prev_state=R ==> next_comm=lxterminal next_pid=1104 next_prio=120
      lxterminal-1104  [002] ....  3943.898419: sys_exit: NR 162 = 0
      lxterminal-1104  [002] ....  3943.898463: sys_enter: NR 168 (7ef8e654, 1, ffffffff, 0, ffffffff, 1)
      lxterminal-1104  [002] ....  3943.898478: sys_exit: NR 168 = 1
      lxterminal-1104  [002] ....  3943.898482: sys_enter: NR 146 (3, 7ef8e74c, 3, 0, 3, 7ef8e74c)
      lxterminal-1104  [002] ....  3943.898537: sys_exit: NR 146 = 16
      lxterminal-1104  [002] ....  3943.898549: sys_enter: NR 297 (3, 7ef8e664, 0, 0, 0, 7ef8e664)
      lxterminal-1104  [002] ....  3943.898559: sys_exit: NR 297 = -11
      lxterminal-1104  [002] ....  3943.898572: sys_enter: NR 168 (10c8210, 3, 0, 0, 0, 3)
      lxterminal-1104  [002] ....  3943.898579: sys_exit: NR 168 = 1
      lxterminal-1104  [002] ....  3943.898584: sys_enter: NR 3 (4, 7ef8e7a4, 10, 0, 10, 7ef8e7a4)
      lxterminal-1104  [002] ....  3943.898591: sys_exit: NR 3 = 8
      lxterminal-1104  [002] ....  3943.899772: sys_enter: NR 168 (7ef8e654, 1, ffffffff, 0, ffffffff, 1)
      lxterminal-1104  [002] ....  3943.899790: sys_exit: NR 168 = 1
      lxterminal-1104  [002] ....  3943.899795: sys_enter: NR 146 (3, 7ef8e74c, 3, 0, 3, 7ef8e74c)
      lxterminal-1104  [002] ....  3943.899836: sys_exit: NR 146 = 412
      lxterminal-1104  [002] ....  3943.899846: sys_enter: NR 297 (3, 7ef8e664, 0, 0, 0, 7ef8e664)
      lxterminal-1104  [002] ....  3943.899856: sys_exit: NR 297 = -11
      lxterminal-1104  [002] ....  3943.899871: sys_enter: NR 168 (10c8210, 4, 1d, 0, 1d, 4)
      lxterminal-1104  [002] d...  3943.899946: sched_switch: prev_comm=lxterminal prev_pid=1104 prev_prio=120 prev_state=S ==> next_comm=Xorg next_pid=493 next_prio=120
            Xorg-493   [002] ....  3943.899968: sys_exit: NR 252 = 1
            Xorg-493   [002] ....  3943.899986: sys_enter: NR 104 (0, 7ec13be4, 0, 1388, 76f94968, 1)
            Xorg-493   [002] ....  3943.899994: sys_exit: NR 104 = 0
            Xorg-493   [002] ....  3943.900003: sys_enter: NR 297 (1c, 7ec139cc, 0, 0, 0, 7ec139cc)
            Xorg-493   [002] ....  3943.900038: sys_exit: NR 297 = 428
          <idle>-0     [000] d...  3943.900613: sched_switch: prev_comm=swapper/0 prev_pid=0 prev_prio=120 prev_state=R ==> next_comm=brcmf_wdog/mmc1 next_pid=240 next_prio=120
            Xorg-493   [002] d...  3943.900613: sched_switch: prev_comm=Xorg prev_pid=493 prev_prio=120 prev_state=R ==> next_comm=rcu_sched next_pid=10 next_prio=120
       rcu_sched-10    [002] d...  3943.900648: sched_switch: prev_comm=rcu_sched prev_pid=10 prev_prio=120 prev_state=I ==> next_comm=Xorg next_pid=493 next_prio=120
 brcmf_wdog/mmc1-240   [000] d...  3943.900729: sched_switch: prev_comm=brcmf_wdog/mmc1 prev_pid=240 prev_prio=120 prev_state=D ==> next_comm=swapper/0 next_pid=0 next_prio=120
          <idle>-0     [000] d...  3943.900753: sched_switch: prev_comm=swapper/0 prev_pid=0 prev_prio=120 prev_state=R ==> next_comm=brcmf_wdog/mmc1 next_pid=240 next_prio=120
 brcmf_wdog/mmc1-240   [000] d...  3943.900768: sched_switch: prev_comm=brcmf_wdog/mmc1 prev_pid=240 prev_prio=120 prev_state=S ==> next_comm=swapper/0 next_pid=0 next_prio=120
            Xorg-493   [002] ....  3943.900821: sys_enter: NR 146 (12, 7ec13a3c, 1, 0, 1, 7ec13a3c)
            Xorg-493   [002] .n..  3943.900869: sys_exit: NR 146 = 32
            Xorg-493   [002] d...  3943.900878: sched_switch: prev_comm=Xorg prev_pid=493 prev_prio=120 prev_state=R ==> next_comm=vncagent next_pid=512 next_prio=120
        vncagent-512   [002] ....  3943.900907: sys_exit: NR 142 = 1
        vncagent-512   [002] ....  3943.900938: sys_enter: NR 297 (3, 7efe362c, 0, 0, 1b747a0, 1)
        vncagent-512   [002] ....  3943.900957: sys_exit: NR 297 = 32
        vncagent-512   [002] ....  3943.900981: sys_enter: NR 297 (3, 7efe362c, 0, 0, 1b747a0, 1)
        vncagent-512   [002] ....  3943.900986: sys_exit: NR 297 = -11
        vncagent-512   [002] ....  3943.900991: sys_enter: NR 297 (3, 7efe364c, 0, 0, 1b747a0, 7efe3724)
        vncagent-512   [002] ....  3943.900995: sys_exit: NR 297 = -11
        vncagent-512   [002] ....  3943.901028: sys_enter: NR 297 (3, 7efe362c, 0, 0, 1b747a0, 1)
        vncagent-512   [002] ....  3943.901032: sys_exit: NR 297 = -11
        vncagent-512   [002] ....  3943.901035: sys_enter: NR 297 (3, 7efe364c, 0, 0, 1b747a0, 7efe3724)
        vncagent-512   [002] ....  3943.901039: sys_exit: NR 297 = -11
        vncagent-512   [002] ....  3943.901047: sys_enter: NR 142 (e, 7efe3630, 7efe36b0, 7efe3730, 7efe3628, 7efe36ac)
        vncagent-512   [002] d...  3943.901083: sched_switch: prev_comm=vncagent prev_pid=512 prev_prio=120 prev_state=S ==> next_comm=Xorg next_pid=493 next_prio=120
            Xorg-493   [002] ....  3943.901119: sys_enter: NR 297 (1c, 7ec139cc, 0, 0, 0, 7ec139cc)
            Xorg-493   [002] ....  3943.901126: sys_exit: NR 297 = -11
            Xorg-493   [002] ....  3943.901133: sys_enter: NR 104 (0, 7ec13be4, 0, 0, 76f94968, 212b8c)
            Xorg-493   [002] ....  3943.901138: sys_exit: NR 104 = 0
            Xorg-493   [002] ....  3943.901147: sys_enter: NR 252 (3, 7ec12be0, 100, 1b36b, 1b36b, 100)
            Xorg-493   [002] d...  3943.901182: sched_switch: prev_comm=Xorg prev_pid=493 prev_prio=120 prev_state=S ==> next_comm=swapper/2 next_pid=0 next_prio=120
          <idle>-0     [002] d...  3943.903135: sched_switch: prev_comm=swapper/2 prev_pid=0 prev_prio=120 prev_state=R ==> next_comm=vncagent next_pid=512 next_prio=120
        vncagent-512   [002] ....  3943.903155: sys_exit: NR 142 = 0
        vncagent-512   [002] ....  3943.903171: sys_enter: NR 297 (3, 7efe362c, 0, 0, 1b747a0, 1)
        vncagent-512   [002] ....  3943.903177: sys_exit: NR 297 = -11
        vncagent-512   [002] ....  3943.903183: sys_enter: NR 297 (3, 7efe364c, 0, 0, 1b747a0, 7efe3724)
        vncagent-512   [002] ....  3943.903186: sys_exit: NR 297 = -11
        vncagent-512   [002] ....  3943.903198: sys_enter: NR 142 (e, 7efe3630, 7efe36b0, 7efe3730, 7efe3628, 7efe36ac)
        vncagent-512   [002] d...  3943.903221: sched_switch: prev_comm=vncagent prev_pid=512 prev_prio=120 prev_state=S ==> next_comm=swapper/2 next_pid=0 next_prio=120
          <idle>-0     [002] d...  3943.915289: sched_switch: prev_comm=swapper/2 prev_pid=0 prev_prio=120 prev_state=R ==> next_comm=vncagent next_pid=512 next_prio=120
        vncagent-512   [002] ....  3943.915317: sys_exit: NR 142 = 0
        vncagent-512   [002] ....  3943.915335: sys_enter: NR 297 (3, 7efe362c, 0, 0, 1b747a0, 1)
        vncagent-512   [002] ....  3943.915347: sys_exit: NR 297 = -11
        vncagent-512   [002] ....  3943.915354: sys_enter: NR 297 (3, 7efe364c, 0, 0, 1b747a0, 7efe3724)
        vncagent-512   [002] ....  3943.915357: sys_exit: NR 297 = -11
        vncagent-512   [002] ....  3943.915366: sys_enter: NR 142 (e, 7efe3630, 7efe36b0, 7efe3730, 7efe3628, 7efe36ac)
        vncagent-512   [002] d...  3943.915397: sched_switch: prev_comm=vncagent prev_pid=512 prev_prio=120 prev_state=S ==> next_comm=swapper/2 next_pid=0 next_prio=120
          <idle>-0     [002] d...  3943.920575: sched_switch: prev_comm=swapper/2 prev_pid=0 prev_prio=120 prev_state=R ==> next_comm=rcu_sched next_pid=10 next_prio=120
       rcu_sched-10    [002] d...  3943.920605: sched_switch: prev_comm=rcu_sched prev_pid=10 prev_prio=120 prev_state=I ==> next_comm=swapper/2 next_pid=0 next_prio=120
          <idle>-0     [002] d...  3943.928962: sched_switch: prev_comm=swapper/2 prev_pid=0 prev_prio=120 prev_state=R ==> next_comm=lxterminal next_pid=1104 next_prio=120
      lxterminal-1104  [002] ....  3943.928998: sys_exit: NR 168 = 0
      lxterminal-1104  [002] ....  3943.929191: sys_enter: NR 297 (3, 7ef8e664, 0, 0, 0, 7ef8e664)
      lxterminal-1104  [002] ....  3943.929206: sys_exit: NR 297 = -11
      lxterminal-1104  [002] ....  3943.929219: sys_enter: NR 168 (10c8210, 4, ffffffff, 0, ffffffff, 4)
      lxterminal-1104  [002] d...  3943.929262: sched_switch: prev_comm=lxterminal prev_pid=1104 prev_prio=120 prev_state=S ==> next_comm=swapper/2 next_pid=0 next_prio=120
          <idle>-0     [002] d...  3943.930594: sched_switch: prev_comm=swapper/2 prev_pid=0 prev_prio=120 prev_state=R ==> next_comm=rcu_sched next_pid=10 next_prio=120
       rcu_sched-10    [002] d...  3943.930622: sched_switch: prev_comm=rcu_sched prev_pid=10 prev_prio=120 prev_state=I ==> next_comm=swapper/2 next_pid=0 next_prio=120
 vncserver-x11-c-452   [001] ....  3943.935025: sys_enter: NR 4 (f, 1646c90, 4000, 0, 4000, 1646c90)
          <idle>-0     [000] d...  3943.935212: sched_switch: prev_comm=swapper/0 prev_pid=0 prev_prio=120 prev_state=R ==> next_comm=tailscaled next_pid=357 next_prio=120
      tailscaled-357   [000] ....  3943.935245: sys_exit: NR 346 = 1
 vncserver-x11-c-452   [001] ....  3943.935277: sys_exit: NR 4 = 16384
      tailscaled-357   [000] ....  3943.935297: sys_enter: NR 240 (1695bd4, 81, 1, 0, 0, 0)
      tailscaled-357   [000] .n..  3943.935326: sys_exit: NR 240 = 1
      tailscaled-357   [000] d...  3943.935335: sched_switch: prev_comm=tailscaled prev_pid=357 prev_prio=120 prev_state=R ==> next_comm=tailscaled next_pid=417 next_prio=120
