            Xorg-546   [000] ....  2518.200461: sys_enter: NR 252 (3, 7eb9fbe0, 100, 1b27d, 1b27d, 100)
            Xorg-546   [000] d...  2518.200478: sched_switch: prev_comm=Xorg prev_pid=546 prev_prio=120 prev_state=S ==> next_comm=vncagent next_pid=550 next_prio=120
        vncagent-550   [000] ....  2518.200485: sys_exit: NR 168 = 1
        vncagent-550   [000] ....  2518.200489: sys_enter: NR 297 (3, 7ef14124, 0, 0, 19087a0, 19077a0)
        vncagent-550   [000] ....  2518.200499: sys_exit: NR 297 = 32
            sudo-1289  [001] ....  2518.200517: sys_enter: NR 3 (4, 582718, 1000, 0, 574150, 76e03b1c)
            sudo-1289  [001] ....  2518.200520: ext4_file_read_iter+0x10/0x64 <-__vfs_read+0x124/0x16c
        vncagent-550   [000] ....  2518.200528: sys_enter: NR 4 (d, 1929150, 27, 0, 1924390, 85a34)
            sudo-1289  [001] ....  2518.200536: <stack trace>
 => ext4_file_read_iter+0x14/0x64
 => __vfs_read+0x124/0x16c
 => vfs_read+0x9c/0x164
 => ksys_read+0x74/0xe8
 => sys_read+0x18/0x1c
 => __sys_trace_return+0x0/0x1c
 => 0x7e90ee90
            sudo-1289  [001] ....  2518.200547: sys_exit: NR 3 = 4096
        vncagent-550   [000] ....  2518.200555: sys_exit: NR 4 = 39
        vncagent-550   [000] ....  2518.200572: sys_enter: NR 297 (3, 7ef1462c, 0, 0, 19087a0, 1)
        vncagent-550   [000] ....  2518.200577: sys_exit: NR 297 = -11
        vncagent-550   [000] ....  2518.200581: sys_enter: NR 297 (3, 7ef1464c, 0, 0, 19087a0, 7ef14724)
        vncagent-550   [000] ....  2518.200585: sys_exit: NR 297 = -11
        vncagent-550   [000] ....  2518.200595: sys_enter: NR 142 (e, 7ef14630, 7ef146b0, 7ef14730, 7ef14628, 7ef146ac)
        vncagent-550   [000] ....  2518.200606: sys_exit: NR 142 = 0
        vncagent-550   [000] ....  2518.200611: sys_enter: NR 297 (3, 7ef1462c, 0, 0, 19087a0, 1)
        vncagent-550   [000] ....  2518.200615: sys_exit: NR 297 = -11
        vncagent-550   [000] ....  2518.200618: sys_enter: NR 297 (3, 7ef1464c, 0, 0, 19087a0, 7ef14724)
        vncagent-550   [000] ....  2518.200622: sys_exit: NR 297 = -11
        vncagent-550   [000] ....  2518.200628: sys_enter: NR 142 (e, 7ef14630, 7ef146b0, 7ef14730, 7ef14628, 7ef146ac)
        vncagent-550   [000] d...  2518.200650: sched_switch: prev_comm=vncagent prev_pid=550 prev_prio=120 prev_state=S ==> next_comm=vncserver-x11-c next_pid=454 next_prio=120
            sudo-1289  [001] ....  2518.200669: sys_enter: NR 3 (4, 582718, 1000, 0, 574150, 76e03b1c)
            sudo-1289  [001] ....  2518.200672: ext4_file_read_iter+0x10/0x64 <-__vfs_read+0x124/0x16c
            sudo-1289  [001] ....  2518.200687: <stack trace>
 => ext4_file_read_iter+0x14/0x64
 => __vfs_read+0x124/0x16c
 => vfs_read+0x9c/0x164
 => ksys_read+0x74/0xe8
 => sys_read+0x18/0x1c
 => __sys_trace_return+0x0/0x1c
 => 0x7e90ee90
 vncserver-x11-c-454   [000] ....  2518.200696: sys_exit: NR 142 = 1
            sudo-1289  [001] ....  2518.200696: sys_exit: NR 3 = 2324
            sudo-1289  [001] ....  2518.200723: sys_enter: NR 6 (4, 444, 76e036d8, 76d23864, 574150, 76e03b1c)
            sudo-1289  [001] ....  2518.200725: __close_fd+0x10/0xa0 <-sys_close+0x30/0x58
 vncserver-x11-c-454   [000] ....  2518.200725: sys_enter: NR 3 (c, 10aed00, 41a0, 0, 41a0, 10aed00)
 vncserver-x11-c-454   [000] ....  2518.200739: sys_exit: NR 3 = 39
            sudo-1289  [001] ....  2518.200739: <stack trace>
 => __close_fd+0x14/0xa0
 => sys_close+0x30/0x58
 => __sys_trace_return+0x0/0x1c
 => 0x7e90eed0
            sudo-1289  [001] ....  2518.200744: sys_exit: NR 6 = 0
            sudo-1289  [001] ....  2518.200773: sys_enter: NR 281 (10, 3, 9, 8004, 57a6b0, 2)
            sudo-1289  [001] d...  2518.200826: sched_switch: prev_comm=sudo prev_pid=1289 prev_prio=120 prev_state=D ==> next_comm=kworker/u8:1 next_pid=1243 next_prio=120
          <idle>-0     [002] d...  2518.200969: sched_switch: prev_comm=swapper/2 prev_pid=0 prev_prio=120 prev_state=R ==> next_comm=kworker/u8:1 next_pid=1302 next_prio=120
    kworker/u8:1-1243  [001] d...  2518.200992: sched_switch: prev_comm=kworker/u8:1 prev_pid=1243 prev_prio=120 prev_state=S ==> next_comm=swapper/1 next_pid=0 next_prio=120
        modprobe-1302  [002] ....  2518.201018: ext4_file_open+0x14/0x1d8 <-do_dentry_open+0x124/0x3c8
        modprobe-1302  [002] ....  2518.201047: <stack trace>
 => ext4_file_open+0x18/0x1d8
 => do_dentry_open+0x124/0x3c8
 => vfs_open+0x3c/0x40
 => path_openat+0x2c0/0x1154
 => do_filp_open+0x84/0xec
 => do_open_execat+0x84/0x1a8
 => __do_execve_file+0x648/0x7d0
 => do_execve+0x38/0x40
 => call_usermodehelper_exec_async+0x1d0/0x1fc
 => ret_from_fork+0x14/0x28
 => 0
        modprobe-1302  [002] ....  2518.201108: ext4_file_read_iter+0x10/0x64 <-__vfs_read+0x124/0x16c
        modprobe-1302  [002] ....  2518.201128: <stack trace>
 => ext4_file_read_iter+0x14/0x64
 => __vfs_read+0x124/0x16c
 => vfs_read+0x9c/0x164
 => kernel_read+0x3c/0x54
 => prepare_binprm+0x178/0x194
 => __do_execve_file+0x488/0x7d0
 => do_execve+0x38/0x40
 => call_usermodehelper_exec_async+0x1d0/0x1fc
 => ret_from_fork+0x14/0x28
 => 0
        modprobe-1302  [002] ....  2518.201202: ext4_file_read_iter+0x10/0x64 <-__vfs_read+0x124/0x16c
        modprobe-1302  [002] ....  2518.201225: <stack trace>
 => ext4_file_read_iter+0x14/0x64
 => __vfs_read+0x124/0x16c
 => vfs_read+0x9c/0x164
 => kernel_read+0x3c/0x54
 => load_elf_phdrs+0x90/0xcc
 => load_elf_binary+0x100/0x13f8
 => search_binary_handler.part.2+0xac/0x24c
 => __do_execve_file+0x52c/0x7d0
 => do_execve+0x38/0x40
 => call_usermodehelper_exec_async+0x1d0/0x1fc
 => ret_from_fork+0x14/0x28
 => 0
        modprobe-1302  [002] ....  2518.201233: ext4_file_read_iter+0x10/0x64 <-__vfs_read+0x124/0x16c
        modprobe-1302  [002] ....  2518.201252: <stack trace>
 => ext4_file_read_iter+0x14/0x64
 => __vfs_read+0x124/0x16c
 => vfs_read+0x9c/0x164
 => kernel_read+0x3c/0x54
 => load_elf_binary+0x578/0x13f8
 => search_binary_handler.part.2+0xac/0x24c
 => __do_execve_file+0x52c/0x7d0
 => do_execve+0x38/0x40
 => call_usermodehelper_exec_async+0x1d0/0x1fc
 => ret_from_fork+0x14/0x28
 => 0
        modprobe-1302  [002] ....  2518.201270: ext4_file_open+0x14/0x1d8 <-do_dentry_open+0x124/0x3c8
        modprobe-1302  [002] ....  2518.201294: <stack trace>
 => ext4_file_open+0x18/0x1d8
 => do_dentry_open+0x124/0x3c8
 => vfs_open+0x3c/0x40
 => path_openat+0x2c0/0x1154
 => do_filp_open+0x84/0xec
 => do_open_execat+0x84/0x1a8
 => open_exec+0x3c/0x54
 => load_elf_binary+0x610/0x13f8
 => search_binary_handler.part.2+0xac/0x24c
 => __do_execve_file+0x52c/0x7d0
 => do_execve+0x38/0x40
 => call_usermodehelper_exec_async+0x1d0/0x1fc
 => ret_from_fork+0x14/0x28
 => 0
        modprobe-1302  [002] ....  2518.201302: ext4_file_read_iter+0x10/0x64 <-__vfs_read+0x124/0x16c
        modprobe-1302  [002] ....  2518.201321: <stack trace>
 => ext4_file_read_iter+0x14/0x64
 => __vfs_read+0x124/0x16c
 => vfs_read+0x9c/0x164
 => kernel_read+0x3c/0x54
 => load_elf_binary+0x65c/0x13f8
 => search_binary_handler.part.2+0xac/0x24c
 => __do_execve_file+0x52c/0x7d0
 => do_execve+0x38/0x40
 => call_usermodehelper_exec_async+0x1d0/0x1fc
 => ret_from_fork+0x14/0x28
 => 0
        modprobe-1302  [002] ....  2518.201329: ext4_file_read_iter+0x10/0x64 <-__vfs_read+0x124/0x16c
        modprobe-1302  [002] ....  2518.201349: <stack trace>
 => ext4_file_read_iter+0x14/0x64
 => __vfs_read+0x124/0x16c
 => vfs_read+0x9c/0x164
 => kernel_read+0x3c/0x54
 => load_elf_phdrs+0x90/0xcc
 => load_elf_binary+0x204/0x13f8
 => search_binary_handler.part.2+0xac/0x24c
 => __do_execve_file+0x52c/0x7d0
 => do_execve+0x38/0x40
 => call_usermodehelper_exec_async+0x1d0/0x1fc
 => ret_from_fork+0x14/0x28
 => 0
        modprobe-1302  [002] ....  2518.201742: sys_enter: NR 45 (0, 8135e037, 0, 1, 9, 10034)
        modprobe-1302  [002] ....  2518.201747: sys_exit: NR 45 = 25726976
 vncserver-x11-c-454   [000] ....  2518.201816: sys_enter: NR 4 (11, 1117e48, b9, 0, b9, 1117e48)
        modprobe-1302  [002] ....  2518.201830: sys_enter: NR 122 (7eca1ac0, 6, 6474e550, 30, 7eca1ac0, 76f44908)
        modprobe-1302  [002] ....  2518.201838: sys_exit: NR 122 = 0
        modprobe-1302  [002] ....  2518.201850: sys_enter: NR 192 (0, 2000, 3, 22, ffffffff, 0)
        modprobe-1302  [002] ....  2518.201859: sys_exit: NR 192 = 1995792384
        modprobe-1302  [002] ....  2518.201890: sys_enter: NR 33 (76f45b7c, 4, 76f5995c, 76f58910, 76f45b7c, 0)
        modprobe-1302  [002] ....  2518.201911: sys_exit: NR 33 = 0
        modprobe-1302  [002] ....  2518.201915: sys_enter: NR 322 (ffffff9c, 76f45b7c, a0000, 0, 7eca1ccc, 0)
        modprobe-1302  [002] ....  2518.201930: ext4_file_open+0x14/0x1d8 <-do_dentry_open+0x124/0x3c8
        modprobe-1302  [002] ....  2518.201951: <stack trace>
 => ext4_file_open+0x18/0x1d8
 => do_dentry_open+0x124/0x3c8
 => vfs_open+0x3c/0x40
 => path_openat+0x2c0/0x1154
 => do_filp_open+0x84/0xec
 => do_sys_open+0x178/0x1fc
 => sys_openat+0x1c/0x20
 => __sys_trace_return+0x0/0x1c
 => 0x7eca1bd8
        modprobe-1302  [002] ....  2518.201959: sys_exit: NR 322 = 0
        modprobe-1302  [002] ....  2518.201962: sys_enter: NR 197 (0, 7eca1bf8, 7eca1bf8, 0, 7eca1ccc, 0)
 vncserver-x11-c-454   [000] ....  2518.201968: sys_exit: NR 4 = 185
        modprobe-1302  [002] ....  2518.201971: sys_exit: NR 197 = 0
        modprobe-1302  [002] ....  2518.201974: sys_enter: NR 192 (0, 36, 3, 2, 0, 0)
        modprobe-1302  [002] ....  2518.201984: sys_exit: NR 192 = 1995788288
          <idle>-0     [001] d...  2518.201984: sched_switch: prev_comm=swapper/1 prev_pid=0 prev_prio=120 prev_state=R ==> next_comm=tailscaled next_pid=539 next_prio=120
        modprobe-1302  [002] ....  2518.201986: sys_enter: NR 6 (0, 36, 3, 76f55000, 76f55000, 0)
        modprobe-1302  [002] ....  2518.201988: __close_fd+0x10/0xa0 <-sys_close+0x30/0x58
 vncserver-x11-c-454   [000] ....  2518.201997: sys_enter: NR 3 (c, 10aed00, 41a0, 0, 41a0, 10aed00)
        modprobe-1302  [002] ....  2518.202001: <stack trace>
 => __close_fd+0x14/0xa0
 => sys_close+0x30/0x58
 => __sys_trace_return+0x0/0x1c
 => 0x7eca1bec
        modprobe-1302  [002] ....  2518.202005: sys_exit: NR 6 = 0
 vncserver-x11-c-454   [000] ....  2518.202007: sys_exit: NR 3 = -11
      tailscaled-539   [001] ....  2518.202010: sys_exit: NR 346 = 1
        modprobe-1302  [002] ....  2518.202051: sys_enter: NR 85 (76f472e4, 7eca07b0, 1000, 76f59578, 76f55000, 7eca07b0)
 vncserver-x11-c-454   [000] ....  2518.202055: sys_enter: NR 142 (12, 7eb7e328, 7eb7e3a8, 7eb7e428, 7eb7e320, 7eb7e3a8)
      tailscaled-539   [001] ....  2518.202074: sys_enter: NR 240 (1695bd4, 81, 1, 0, 0, 0)
 vncserver-x11-c-454   [000] ....  2518.202091: sys_exit: NR 142 = 0
 vncserver-x11-c-454   [000] ....  2518.202101: sys_enter: NR 142 (12, 7eb7e328, 7eb7e3a8, 7eb7e428, 7eb7e320, 7eb7e3a8)
      tailscaled-539   [001] .n..  2518.202107: sys_exit: NR 240 = 1
      tailscaled-539   [001] d...  2518.202117: sched_switch: prev_comm=tailscaled prev_pid=539 prev_prio=120 prev_state=R ==> next_comm=tailscaled next_pid=432 next_prio=120
           <...>-432   [001] ....  2518.202126: sys_exit: NR 240 = 0
           <...>-432   [001] ....  2518.202135: sys_enter: NR 158 (101, 4, 1695b44, 1, 0, 0)
           <...>-432   [001] ....  2518.202142: sys_exit: NR 158 = 0
           <...>-432   [001] ....  2518.202149: sys_enter: NR 240 (205e328, 80, ffffffff, 0, 0, 0)
        modprobe-1302  [002] ....  2518.202154: sys_exit: NR 85 = 9
        modprobe-1302  [002] ....  2518.202161: sys_enter: NR 322 (ffffff9c, 76f56198, a0000, 0, 76f55000, 0)
           <...>-432   [001] d...  2518.202165: sched_switch: prev_comm=tailscaled prev_pid=432 prev_prio=120 prev_state=S ==> next_comm=tailscaled next_pid=539 next_prio=120
      tailscaled-539   [001] ....  2518.202174: sys_enter: NR 240 (205e328, 81, 1, 0, 0, 0)
        modprobe-1302  [002] ....  2518.202178: ext4_file_open+0x14/0x1d8 <-do_dentry_open+0x124/0x3c8
      tailscaled-539   [001] .n..  2518.202185: sys_exit: NR 240 = 1
      tailscaled-539   [001] d...  2518.202190: sched_switch: prev_comm=tailscaled prev_pid=539 prev_prio=120 prev_state=R ==> next_comm=tailscaled next_pid=432 next_prio=120
 vncserver-x11-c-454   [000] d...  2518.202192: sched_switch: prev_comm=vncserver-x11-c prev_pid=454 prev_prio=120 prev_state=S ==> next_comm=swapper/0 next_pid=0 next_prio=120
           <...>-432   [001] ....  2518.202193: sys_exit: NR 240 = 0
        modprobe-1302  [002] ....  2518.202198: <stack trace>
 => ext4_file_open+0x18/0x1d8
 => do_dentry_open+0x124/0x3c8
 => vfs_open+0x3c/0x40
 => path_openat+0x2c0/0x1154
 => do_filp_open+0x84/0xec
 => do_sys_open+0x178/0x1fc
 => sys_openat+0x1c/0x20
 => __sys_trace_return+0x0/0x1c
 => 0x7eca1760
        modprobe-1302  [002] ....  2518.202203: sys_exit: NR 322 = 0
        modprobe-1302  [002] ....  2518.202206: sys_enter: NR 3 (0, 7eca1828, 200, 0, 76f55000, 0)
           <...>-432   [001] ....  2518.202208: sys_enter: NR 162 (2049f60, 0, 24a, 14, 0, 0)
        modprobe-1302  [002] ....  2518.202209: ext4_file_read_iter+0x10/0x64 <-__vfs_read+0x124/0x16c
        modprobe-1302  [002] ....  2518.202224: <stack trace>
 => ext4_file_read_iter+0x14/0x64
 => __vfs_read+0x124/0x16c
 => vfs_read+0x9c/0x164
 => ksys_read+0x74/0xe8
 => sys_read+0x18/0x1c
 => __sys_trace_return+0x0/0x1c
 => 0x7eca1774
           <...>-432   [001] d...  2518.202227: sched_switch: prev_comm=tailscaled prev_pid=432 prev_prio=120 prev_state=S ==> next_comm=tailscaled next_pid=539 next_prio=120
        modprobe-1302  [002] ....  2518.202235: sys_exit: NR 3 = 512
      tailscaled-539   [001] ....  2518.202235: sys_enter: NR 3 (c, 249e05c, 10009, 0, 0, 0)
        modprobe-1302  [002] ....  2518.202240: sys_enter: NR 140 (0, 0, 416c, 7eca1350, 0, 7eca1368)
        modprobe-1302  [002] ....  2518.202243: ext4_llseek+0x14/0x16c <-sys_llseek+0xc0/0x148
      tailscaled-539   [001] ....  2518.202253: sys_exit: NR 3 = 235
        modprobe-1302  [002] ....  2518.202255: <stack trace>
 => ext4_llseek+0x18/0x16c
 => sys_llseek+0xc0/0x148
 => __sys_trace_return+0x0/0x1c
 => 0x7eca1350
        modprobe-1302  [002] ....  2518.202259: sys_exit: NR 140 = 0
        modprobe-1302  [002] ....  2518.202261: sys_enter: NR 3 (0, 7eca1368, 3c0, 0, 3c0, 7eca1368)
        modprobe-1302  [002] ....  2518.202263: ext4_file_read_iter+0x10/0x64 <-__vfs_read+0x124/0x16c
        modprobe-1302  [002] ....  2518.202278: <stack trace>
 => ext4_file_read_iter+0x14/0x64
 => __vfs_read+0x124/0x16c
 => vfs_read+0x9c/0x164
 => ksys_read+0x74/0xe8
 => sys_read+0x18/0x1c
 => __sys_trace_return+0x0/0x1c
 => 0x7eca1364
        modprobe-1302  [002] ....  2518.202285: sys_exit: NR 3 = 960
        modprobe-1302  [002] ....  2518.202287: sys_enter: NR 140 (0, 0, 4028, 7eca1320, 0, 7eca16b0)
        modprobe-1302  [002] ....  2518.202289: ext4_llseek+0x14/0x16c <-sys_llseek+0xc0/0x148
        modprobe-1302  [002] ....  2518.202301: <stack trace>
 => ext4_llseek+0x18/0x16c
 => sys_llseek+0xc0/0x148
 => __sys_trace_return+0x0/0x1c
 => 0x7eca1320
        modprobe-1302  [002] ....  2518.202303: sys_exit: NR 140 = 0
        modprobe-1302  [002] ....  2518.202305: sys_enter: NR 3 (0, 7eca1338, 2d, 0, 7eca1338, 7eca16b0)
        modprobe-1302  [002] ....  2518.202307: ext4_file_read_iter+0x10/0x64 <-__vfs_read+0x124/0x16c
      tailscaled-539   [001] d...  2518.202309: sched_switch: prev_comm=tailscaled prev_pid=539 prev_prio=120 prev_state=R ==> next_comm=tailscaled next_pid=432 next_prio=120
           <...>-432   [001] ....  2518.202313: sys_exit: NR 162 = 0
           <...>-432   [001] ....  2518.202320: sys_enter: NR 162 (2049f60, 0, 24a, 14, 0, 0)
        modprobe-1302  [002] ....  2518.202322: <stack trace>
 => ext4_file_read_iter+0x14/0x64
 => __vfs_read+0x124/0x16c
 => vfs_read+0x9c/0x164
 => ksys_read+0x74/0xe8
 => sys_read+0x18/0x1c
 => __sys_trace_return+0x0/0x1c
 => 0x7eca1334
        modprobe-1302  [002] ....  2518.202326: sys_exit: NR 3 = 45
        modprobe-1302  [002] ....  2518.202330: sys_enter: NR 140 (0, 0, 416c, 7eca1350, 0, 7eca1368)
        modprobe-1302  [002] ....  2518.202332: ext4_llseek+0x14/0x16c <-sys_llseek+0xc0/0x148
           <...>-432   [001] d...  2518.202333: sched_switch: prev_comm=tailscaled prev_pid=432 prev_prio=120 prev_state=S ==> next_comm=tailscaled next_pid=539 next_prio=120
        modprobe-1302  [002] ....  2518.202343: <stack trace>
 => ext4_llseek+0x18/0x16c
 => sys_llseek+0xc0/0x148
 => __sys_trace_return+0x0/0x1c
 => 0x7eca1350
        modprobe-1302  [002] ....  2518.202346: sys_exit: NR 140 = 0
        modprobe-1302  [002] ....  2518.202348: sys_enter: NR 3 (0, 7eca1368, 3c0, 0, 3c0, 7eca1368)
        modprobe-1302  [002] ....  2518.202350: ext4_file_read_iter+0x10/0x64 <-__vfs_read+0x124/0x16c
      tailscaled-539   [001] ....  2518.202353: sys_enter: NR 240 (16927c4, 81, 1, 0, 0, 0)
      tailscaled-539   [001] ....  2518.202363: sys_exit: NR 240 = 1
        modprobe-1302  [002] ....  2518.202364: <stack trace>
 => ext4_file_read_iter+0x14/0x64
 => __vfs_read+0x124/0x16c
 => vfs_read+0x9c/0x164
 => ksys_read+0x74/0xe8
 => sys_read+0x18/0x1c
 => __sys_trace_return+0x0/0x1c
 => 0x7eca1364
        modprobe-1302  [002] ....  2518.202370: sys_exit: NR 3 = 960
        modprobe-1302  [002] ....  2518.202372: sys_enter: NR 140 (0, 0, 4028, 7eca1320, 0, 7eca16b0)
        modprobe-1302  [002] ....  2518.202374: ext4_llseek+0x14/0x16c <-sys_llseek+0xc0/0x148
          <idle>-0     [000] d...  2518.202379: sched_switch: prev_comm=swapper/0 prev_pid=0 prev_prio=120 prev_state=R ==> next_comm=tailscaled next_pid=355 next_prio=120
        modprobe-1302  [002] ....  2518.202385: <stack trace>
 => ext4_llseek+0x18/0x16c
 => sys_llseek+0xc0/0x148
 => __sys_trace_return+0x0/0x1c
 => 0x7eca1320
      tailscaled-355   [000] ....  2518.202386: sys_exit: NR 240 = 0
        modprobe-1302  [002] ....  2518.202388: sys_exit: NR 140 = 0
        modprobe-1302  [002] ....  2518.202390: sys_enter: NR 3 (0, 7eca1338, 2d, 0, 7eca1338, 7eca16b0)
        modprobe-1302  [002] ....  2518.202392: ext4_file_read_iter+0x10/0x64 <-__vfs_read+0x124/0x16c
      tailscaled-355   [000] ....  2518.202403: sys_enter: NR 346 (4, 7e9ee380, 80, 0, 0, 0)
        modprobe-1302  [002] ....  2518.202407: <stack trace>
 => ext4_file_read_iter+0x14/0x64
 => __vfs_read+0x124/0x16c
 => vfs_read+0x9c/0x164
 => ksys_read+0x74/0xe8
 => sys_read+0x18/0x1c
 => __sys_trace_return+0x0/0x1c
 => 0x7eca1334
      tailscaled-355   [000] ....  2518.202408: sys_exit: NR 346 = 0
        modprobe-1302  [002] ....  2518.202411: sys_exit: NR 3 = 45
      tailscaled-539   [001] d...  2518.202411: sched_switch: prev_comm=tailscaled prev_pid=539 prev_prio=120 prev_state=R ==> next_comm=tailscaled next_pid=432 next_prio=120
        modprobe-1302  [002] ....  2518.202414: sys_enter: NR 140 (0, 0, 416c, 7eca1350, 0, 7eca1368)
           <...>-432   [001] ....  2518.202416: sys_exit: NR 162 = 0
        modprobe-1302  [002] ....  2518.202416: ext4_llseek+0x14/0x16c <-sys_llseek+0xc0/0x148
           <...>-432   [001] ....  2518.202423: sys_enter: NR 162 (2049f60, 0, 24a, 14, 0, 0)
        modprobe-1302  [002] ....  2518.202427: <stack trace>
 => ext4_llseek+0x18/0x16c
 => sys_llseek+0xc0/0x148
 => __sys_trace_return+0x0/0x1c
 => 0x7eca1350
        modprobe-1302  [002] ....  2518.202430: sys_exit: NR 140 = 0
        modprobe-1302  [002] ....  2518.202431: sys_enter: NR 3 (0, 7eca1368, 3c0, 0, 3c0, 7eca1368)
        modprobe-1302  [002] ....  2518.202434: ext4_file_read_iter+0x10/0x64 <-__vfs_read+0x124/0x16c
           <...>-432   [001] d...  2518.202435: sched_switch: prev_comm=tailscaled prev_pid=432 prev_prio=120 prev_state=S ==> next_comm=tailscaled next_pid=539 next_prio=120
      tailscaled-355   [000] ....  2518.202445: sys_enter: NR 346 (4, 7e9ee380, 80, bc, 0, 0)
        modprobe-1302  [002] ....  2518.202448: <stack trace>
 => ext4_file_read_iter+0x14/0x64
 => __vfs_read+0x124/0x16c
 => vfs_read+0x9c/0x164
 => ksys_read+0x74/0xe8
 => sys_read+0x18/0x1c
 => __sys_trace_return+0x0/0x1c
 => 0x7eca1364
        modprobe-1302  [002] ....  2518.202453: sys_exit: NR 3 = 960
        modprobe-1302  [002] ....  2518.202456: sys_enter: NR 140 (0, 0, 4028, 7eca1320, 0, 7eca16b0)
        modprobe-1302  [002] ....  2518.202458: ext4_llseek+0x14/0x16c <-sys_llseek+0xc0/0x148
        modprobe-1302  [002] ....  2518.202469: <stack trace>
 => ext4_llseek+0x18/0x16c
 => sys_llseek+0xc0/0x148
 => __sys_trace_return+0x0/0x1c
 => 0x7eca1320
        modprobe-1302  [002] ....  2518.202471: sys_exit: NR 140 = 0
        modprobe-1302  [002] ....  2518.202473: sys_enter: NR 3 (0, 7eca1338, 2d, 0, 7eca1338, 7eca16b0)
        modprobe-1302  [002] ....  2518.202476: ext4_file_read_iter+0x10/0x64 <-__vfs_read+0x124/0x16c
      tailscaled-355   [000] d...  2518.202481: sched_switch: prev_comm=tailscaled prev_pid=355 prev_prio=120 prev_state=S ==> next_comm=swapper/0 next_pid=0 next_prio=120
        modprobe-1302  [002] ....  2518.202490: <stack trace>
 => ext4_file_read_iter+0x14/0x64
 => __vfs_read+0x124/0x16c
 => vfs_read+0x9c/0x164
 => ksys_read+0x74/0xe8
 => sys_read+0x18/0x1c
 => __sys_trace_return+0x0/0x1c
 => 0x7eca1334
        modprobe-1302  [002] ....  2518.202494: sys_exit: NR 3 = 45
        modprobe-1302  [002] ....  2518.202499: sys_enter: NR 140 (0, 0, 416c, 7eca1350, 0, 7eca1368)
        modprobe-1302  [002] ....  2518.202500: ext4_llseek+0x14/0x16c <-sys_llseek+0xc0/0x148
        modprobe-1302  [002] ....  2518.202512: <stack trace>
 => ext4_llseek+0x18/0x16c
 => sys_llseek+0xc0/0x148
 => __sys_trace_return+0x0/0x1c
 => 0x7eca1350
        modprobe-1302  [002] ....  2518.202514: sys_exit: NR 140 = 0
      tailscaled-539   [001] d...  2518.202515: sched_switch: prev_comm=tailscaled prev_pid=539 prev_prio=120 prev_state=R ==> next_comm=tailscaled next_pid=432 next_prio=120
        modprobe-1302  [002] ....  2518.202516: sys_enter: NR 3 (0, 7eca1368, 3c0, 0, 3c0, 7eca1368)
        modprobe-1302  [002] ....  2518.202518: ext4_file_read_iter+0x10/0x64 <-__vfs_read+0x124/0x16c
           <...>-432   [001] ....  2518.202519: sys_exit: NR 162 = 0
           <...>-432   [001] ....  2518.202526: sys_enter: NR 162 (2049f60, 0, 24a, 14, 0, 0)
        modprobe-1302  [002] ....  2518.202533: <stack trace>
 => ext4_file_read_iter+0x14/0x64
 => __vfs_read+0x124/0x16c
 => vfs_read+0x9c/0x164
 => ksys_read+0x74/0xe8
 => sys_read+0x18/0x1c
 => __sys_trace_return+0x0/0x1c
 => 0x7eca1364
           <...>-432   [001] d...  2518.202538: sched_switch: prev_comm=tailscaled prev_pid=432 prev_prio=120 prev_state=S ==> next_comm=tailscaled next_pid=539 next_prio=120
        modprobe-1302  [002] ....  2518.202539: sys_exit: NR 3 = 960
        modprobe-1302  [002] ....  2518.202542: sys_enter: NR 140 (0, 0, 4028, 7eca1320, 0, 7eca16b0)
        modprobe-1302  [002] ....  2518.202544: ext4_llseek+0x14/0x16c <-sys_llseek+0xc0/0x148
        modprobe-1302  [002] ....  2518.202555: <stack trace>
 => ext4_llseek+0x18/0x16c
 => sys_llseek+0xc0/0x148
 => __sys_trace_return+0x0/0x1c
 => 0x7eca1320
        modprobe-1302  [002] ....  2518.202557: sys_exit: NR 140 = 0
        modprobe-1302  [002] ....  2518.202559: sys_enter: NR 3 (0, 7eca1338, 2d, 0, 7eca1338, 7eca16b0)
        modprobe-1302  [002] ....  2518.202561: ext4_file_read_iter+0x10/0x64 <-__vfs_read+0x124/0x16c
        modprobe-1302  [002] ....  2518.202576: <stack trace>
 => ext4_file_read_iter+0x14/0x64
 => __vfs_read+0x124/0x16c
 => vfs_read+0x9c/0x164
 => ksys_read+0x74/0xe8
 => sys_read+0x18/0x1c
 => __sys_trace_return+0x0/0x1c
 => 0x7eca1334
        modprobe-1302  [002] ....  2518.202580: sys_exit: NR 3 = 45
      tailscaled-539   [001] ....  2518.202581: sys_enter: NR 240 (23ff0d4, 81, 1, 0, 0, 0)
        modprobe-1302  [002] ....  2518.202583: sys_enter: NR 140 (0, 0, 416c, 7eca1350, 0, 7eca1368)
        modprobe-1302  [002] ....  2518.202585: ext4_llseek+0x14/0x16c <-sys_llseek+0xc0/0x148
      tailscaled-539   [001] ....  2518.202590: sys_exit: NR 240 = 1
        modprobe-1302  [002] ....  2518.202595: <stack trace>
 => ext4_llseek+0x18/0x16c
 => sys_llseek+0xc0/0x148
 => __sys_trace_return+0x0/0x1c
 => 0x7eca1350
        modprobe-1302  [002] ....  2518.202598: sys_exit: NR 140 = 0
        modprobe-1302  [002] ....  2518.202600: sys_enter: NR 3 (0, 7eca1368, 3c0, 0, 3c0, 7eca1368)
        modprobe-1302  [002] ....  2518.202602: ext4_file_read_iter+0x10/0x64 <-__vfs_read+0x124/0x16c
          <idle>-0     [000] d...  2518.202603: sched_switch: prev_comm=swapper/0 prev_pid=0 prev_prio=120 prev_state=R ==> next_comm=tailscaled next_pid=1246 next_prio=120
      tailscaled-1246  [000] ....  2518.202609: sys_exit: NR 240 = 0
        modprobe-1302  [002] ....  2518.202616: <stack trace>
 => ext4_file_read_iter+0x14/0x64
 => __vfs_read+0x124/0x16c
 => vfs_read+0x9c/0x164
 => ksys_read+0x74/0xe8
 => sys_read+0x18/0x1c
 => __sys_trace_return+0x0/0x1c
 => 0x7eca1364
      tailscaled-539   [001] d...  2518.202617: sched_switch: prev_comm=tailscaled prev_pid=539 prev_prio=120 prev_state=R ==> next_comm=tailscaled next_pid=432 next_prio=120
           <...>-432   [001] ....  2518.202621: sys_exit: NR 162 = 0
        modprobe-1302  [002] ....  2518.202622: sys_exit: NR 3 = 960
        modprobe-1302  [002] ....  2518.202624: sys_enter: NR 140 (0, 0, 4028, 7eca1320, 0, 7eca16b0)
        modprobe-1302  [002] ....  2518.202626: ext4_llseek+0x14/0x16c <-sys_llseek+0xc0/0x148
      tailscaled-1246  [000] ....  2518.202627: sys_enter: NR 162 (3c8fdcc, 0, 21b26c8, 3, 24a, 0)
           <...>-432   [001] ....  2518.202628: sys_enter: NR 162 (2049f60, 0, 24a, 14, 0, 0)
        modprobe-1302  [002] ....  2518.202637: <stack trace>
 => ext4_llseek+0x18/0x16c
 => sys_llseek+0xc0/0x148
 => __sys_trace_return+0x0/0x1c
 => 0x7eca1320
        modprobe-1302  [002] ....  2518.202639: sys_exit: NR 140 = 0
           <...>-432   [001] d...  2518.202641: sched_switch: prev_comm=tailscaled prev_pid=432 prev_prio=120 prev_state=S ==> next_comm=tailscaled next_pid=539 next_prio=120
        modprobe-1302  [002] ....  2518.202641: sys_enter: NR 3 (0, 7eca1338, 2d, 0, 7eca1338, 7eca16b0)
        modprobe-1302  [002] ....  2518.202643: ext4_file_read_iter+0x10/0x64 <-__vfs_read+0x124/0x16c
      tailscaled-1246  [000] d...  2518.202653: sched_switch: prev_comm=tailscaled prev_pid=1246 prev_prio=120 prev_state=S ==> next_comm=swapper/0 next_pid=0 next_prio=120
        modprobe-1302  [002] ....  2518.202658: <stack trace>
 => ext4_file_read_iter+0x14/0x64
 => __vfs_read+0x124/0x16c
 => vfs_read+0x9c/0x164
 => ksys_read+0x74/0xe8
 => sys_read+0x18/0x1c
 => __sys_trace_return+0x0/0x1c
 => 0x7eca1334
        modprobe-1302  [002] ....  2518.202662: sys_exit: NR 3 = 45
        modprobe-1302  [002] ....  2518.202665: sys_enter: NR 140 (0, 0, 416c, 7eca1350, 0, 7eca1368)
        modprobe-1302  [002] ....  2518.202666: ext4_llseek+0x14/0x16c <-sys_llseek+0xc0/0x148
        modprobe-1302  [002] ....  2518.202678: <stack trace>
 => ext4_llseek+0x18/0x16c
 => sys_llseek+0xc0/0x148
 => __sys_trace_return+0x0/0x1c
 => 0x7eca1350
        modprobe-1302  [002] ....  2518.202680: sys_exit: NR 140 = 0
        modprobe-1302  [002] ....  2518.202682: sys_enter: NR 3 (0, 7eca1368, 3c0, 0, 3c0, 7eca1368)
        modprobe-1302  [002] ....  2518.202684: ext4_file_read_iter+0x10/0x64 <-__vfs_read+0x124/0x16c
        modprobe-1302  [002] ....  2518.202698: <stack trace>
 => ext4_file_read_iter+0x14/0x64
 => __vfs_read+0x124/0x16c
 => vfs_read+0x9c/0x164
 => ksys_read+0x74/0xe8
 => sys_read+0x18/0x1c
 => __sys_trace_return+0x0/0x1c
 => 0x7eca1364
          <idle>-0     [000] d...  2518.202703: sched_switch: prev_comm=swapper/0 prev_pid=0 prev_prio=120 prev_state=R ==> next_comm=tailscaled next_pid=1246 next_prio=120
        modprobe-1302  [002] ....  2518.202704: sys_exit: NR 3 = 960
        modprobe-1302  [002] ....  2518.202706: sys_enter: NR 140 (0, 0, 4028, 7eca1320, 0, 7eca16b0)
      tailscaled-1246  [000] ....  2518.202706: sys_exit: NR 162 = 0
        modprobe-1302  [002] ....  2518.202708: ext4_llseek+0x14/0x16c <-sys_llseek+0xc0/0x148
      tailscaled-1246  [000] ....  2518.202717: sys_enter: NR 240 (21008d4, 81, 1, 0, 0, 0)
      tailscaled-539   [001] d...  2518.202718: sched_switch: prev_comm=tailscaled prev_pid=539 prev_prio=120 prev_state=R ==> next_comm=tailscaled next_pid=432 next_prio=120
        modprobe-1302  [002] ....  2518.202719: <stack trace>
 => ext4_llseek+0x18/0x16c
 => sys_llseek+0xc0/0x148
 => __sys_trace_return+0x0/0x1c
 => 0x7eca1320
        modprobe-1302  [002] ....  2518.202722: sys_exit: NR 140 = 0
           <...>-432   [001] ....  2518.202723: sys_exit: NR 162 = 0
        modprobe-1302  [002] ....  2518.202724: sys_enter: NR 3 (0, 7eca1338, 2d, 0, 7eca1338, 7eca16b0)
        modprobe-1302  [002] ....  2518.202726: ext4_file_read_iter+0x10/0x64 <-__vfs_read+0x124/0x16c
           <...>-432   [001] ....  2518.202730: sys_enter: NR 162 (2049f60, 0, 24a, 14, 0, 0)
      tailscaled-1246  [000] .n..  2518.202734: sys_exit: NR 240 = 1
      tailscaled-1246  [000] d...  2518.202740: sched_switch: prev_comm=tailscaled prev_pid=1246 prev_prio=120 prev_state=R ==> next_comm=tailscaled next_pid=538 next_prio=120
        modprobe-1302  [002] ....  2518.202740: <stack trace>
 => ext4_file_read_iter+0x14/0x64
 => __vfs_read+0x124/0x16c
 => vfs_read+0x9c/0x164
 => ksys_read+0x74/0xe8
 => sys_read+0x18/0x1c
 => __sys_trace_return+0x0/0x1c
 => 0x7eca1334
           <...>-432   [001] d...  2518.202743: sched_switch: prev_comm=tailscaled prev_pid=432 prev_prio=120 prev_state=S ==> next_comm=tailscaled next_pid=539 next_prio=120
        modprobe-1302  [002] ....  2518.202744: sys_exit: NR 3 = 45
      tailscaled-538   [000] ....  2518.202746: sys_exit: NR 240 = 0
        modprobe-1302  [002] ....  2518.202748: sys_enter: NR 197 (0, 7eca1750, 7eca1750, 76f5995c, 0, 0)
        modprobe-1302  [002] ....  2518.202755: sys_exit: NR 197 = 0
      tailscaled-538   [000] ....  2518.202762: sys_enter: NR 240 (23fe8d4, 81, 1, 0, 0, 0)
        modprobe-1302  [002] ....  2518.202764: sys_enter: NR 192 (0, 1402c, 5, 802, 0, 0)
      tailscaled-538   [000] ....  2518.202771: sys_exit: NR 240 = 1
        modprobe-1302  [002] ....  2518.202780: sys_exit: NR 192 = 1995517952
        modprobe-1302  [002] ....  2518.202782: sys_enter: NR 125 (76f17000, f000, 0, 13000, 76f561e8, 76f13000)
      tailscaled-539   [001] d...  2518.202783: sched_switch: prev_comm=tailscaled prev_pid=539 prev_prio=120 prev_state=R ==> next_comm=tailscaled next_pid=529 next_prio=120
      tailscaled-529   [001] ....  2518.202791: sys_exit: NR 240 = 0
        modprobe-1302  [002] ....  2518.202810: sys_exit: NR 125 = 0
        modprobe-1302  [002] ....  2518.202814: sys_enter: NR 192 (76f26000, 2000, 3, 812, 0, 3)
      tailscaled-538   [000] ....  2518.202817: sys_enter: NR 240 (21008d4, 80, 0, 0, 0, 0)
      tailscaled-538   [000] d...  2518.202831: sched_switch: prev_comm=tailscaled prev_pid=538 prev_prio=120 prev_state=S ==> next_comm=tailscaled next_pid=1246 next_prio=120
      tailscaled-529   [001] ....  2518.202832: sys_enter: NR 240 (23fe8d4, 80, 0, 0, 0, 0)
      tailscaled-529   [001] d...  2518.202847: sched_switch: prev_comm=tailscaled prev_pid=529 prev_prio=120 prev_state=S ==> next_comm=tailscaled next_pid=432 next_prio=120
           <...>-432   [001] ....  2518.202852: sys_exit: NR 162 = 0
      tailscaled-1246  [000] ....  2518.202854: sys_enter: NR 3 (c, 249e05c, 10009, 0, 0, 0)
           <...>-432   [001] ....  2518.202860: sys_enter: NR 162 (2049f60, 0, 24a, 14, 0, 0)
        modprobe-1302  [002] ....  2518.202860: sys_exit: NR 192 = 1995595776
      tailscaled-1246  [000] ....  2518.202861: sys_exit: NR 3 = -11
           <...>-432   [001] d...  2518.202872: sched_switch: prev_comm=tailscaled prev_pid=432 prev_prio=120 prev_state=S ==> next_comm=tailscaled next_pid=539 next_prio=120
      tailscaled-1246  [000] ....  2518.202891: sys_enter: NR 240 (23ff0d4, 80, 0, 0, 0, 0)
        modprobe-1302  [002] ....  2518.202908: sys_enter: NR 6 (0, 6, 76f59060, 0, 76f561e8, 70000022)
        modprobe-1302  [002] ....  2518.202911: __close_fd+0x10/0xa0 <-sys_close+0x30/0x58
      tailscaled-1246  [000] d...  2518.202917: sched_switch: prev_comm=tailscaled prev_pid=1246 prev_prio=120 prev_state=S ==> next_comm=swapper/0 next_pid=0 next_prio=120
        modprobe-1302  [002] ....  2518.202925: <stack trace>
 => __close_fd+0x14/0xa0
 => sys_close+0x30/0x58
 => __sys_trace_return+0x0/0x1c
 => 0x7eca16d4
        modprobe-1302  [002] ....  2518.202929: sys_exit: NR 6 = 0
        modprobe-1302  [002] ....  2518.202949: sys_enter: NR 91 (76f55000, 36, 0, 0, 76f55000, 1)
      tailscaled-539   [001] d...  2518.202955: sched_switch: prev_comm=tailscaled prev_pid=539 prev_prio=120 prev_state=R ==> next_comm=tailscaled next_pid=432 next_prio=120
           <...>-432   [001] ....  2518.202959: sys_exit: NR 162 = 0
           <...>-432   [001] ....  2518.202966: sys_enter: NR 162 (2049f60, 0, 24a, 14, 0, 0)
           <...>-432   [001] d...  2518.202978: sched_switch: prev_comm=tailscaled prev_pid=432 prev_prio=120 prev_state=S ==> next_comm=tailscaled next_pid=539 next_prio=120
        modprobe-1302  [002] ....  2518.202982: sys_exit: NR 91 = 0
      tailscaled-539   [001] ....  2518.202987: sys_enter: NR 240 (23ff0d4, 81, 1, 0, 0, 0)
      tailscaled-539   [001] ....  2518.202994: sys_exit: NR 240 = 1
        modprobe-1302  [002] ....  2518.203006: sys_enter: NR 322 (ffffff9c, 76f47858, a0000, 0, 76f59914, 76f59910)
          <idle>-0     [000] d...  2518.203009: sched_switch: prev_comm=swapper/0 prev_pid=0 prev_prio=120 prev_state=R ==> next_comm=tailscaled next_pid=1246 next_prio=120
      tailscaled-1246  [000] ....  2518.203013: sys_exit: NR 240 = 0
        modprobe-1302  [002] ....  2518.203024: ext4_file_open+0x14/0x1d8 <-do_dentry_open+0x124/0x3c8
      tailscaled-1246  [000] ....  2518.203036: sys_enter: NR 240 (23ff0d4, 80, 0, 0, 0, 0)
        modprobe-1302  [002] ....  2518.203043: <stack trace>
 => ext4_file_open+0x18/0x1d8
 => do_dentry_open+0x124/0x3c8
 => vfs_open+0x3c/0x40
 => path_openat+0x2c0/0x1154
 => do_filp_open+0x84/0xec
 => do_sys_open+0x178/0x1fc
 => sys_openat+0x1c/0x20
 => __sys_trace_return+0x0/0x1c
 => 0x7eca1288
        modprobe-1302  [002] ....  2518.203050: sys_exit: NR 322 = 0
        modprobe-1302  [002] ....  2518.203052: sys_enter: NR 197 (0, 7eca12a8, 7eca12a8, 0, 76f59914, 0)
      tailscaled-539   [001] d...  2518.203056: sched_switch: prev_comm=tailscaled prev_pid=539 prev_prio=120 prev_state=R ==> next_comm=tailscaled next_pid=432 next_prio=120
      tailscaled-1246  [000] d...  2518.203058: sched_switch: prev_comm=tailscaled prev_pid=1246 prev_prio=120 prev_state=S ==> next_comm=swapper/0 next_pid=0 next_prio=120
        modprobe-1302  [002] ....  2518.203059: sys_exit: NR 197 = 0
           <...>-432   [001] ....  2518.203060: sys_exit: NR 162 = 0
        modprobe-1302  [002] ....  2518.203061: sys_enter: NR 192 (0, 13a34, 1, 2, 0, 0)
           <...>-432   [001] ....  2518.203067: sys_enter: NR 162 (2049f60, 0, 24a, 14, 0, 0)
        modprobe-1302  [002] ....  2518.203071: sys_exit: NR 192 = 1995436032
        modprobe-1302  [002] ....  2518.203073: sys_enter: NR 6 (0, 13a34, 1, 76eff000, 76eff000, 0)
        modprobe-1302  [002] ....  2518.203075: __close_fd+0x10/0xa0 <-sys_close+0x30/0x58
           <...>-432   [001] d...  2518.203079: sched_switch: prev_comm=tailscaled prev_pid=432 prev_prio=120 prev_state=S ==> next_comm=tailscaled next_pid=539 next_prio=120
        modprobe-1302  [002] ....  2518.203087: <stack trace>
 => __close_fd+0x14/0xa0
 => sys_close+0x30/0x58
 => __sys_trace_return+0x0/0x1c
 => 0x7eca129c
        modprobe-1302  [002] ....  2518.203089: sys_exit: NR 6 = 0
      tailscaled-539   [001] ....  2518.203110: sys_enter: NR 374 (11, 2096c08, 1, 0, 0, 0)
        modprobe-1302  [002] ....  2518.203126: sys_enter: NR 322 (ffffff9c, 76f564c0, a0000, 0, 10e09, 0)
        modprobe-1302  [002] ....  2518.203144: ext4_file_open+0x14/0x1d8 <-do_dentry_open+0x124/0x3c8
        modprobe-1302  [002] ....  2518.203162: <stack trace>
 => ext4_file_open+0x18/0x1d8
 => do_dentry_open+0x124/0x3c8
 => vfs_open+0x3c/0x40
 => path_openat+0x2c0/0x1154
 => do_filp_open+0x84/0xec
 => do_sys_open+0x178/0x1fc
 => sys_openat+0x1c/0x20
 => __sys_trace_return+0x0/0x1c
 => 0x7eca12f8
        modprobe-1302  [002] ....  2518.203168: sys_exit: NR 322 = 0
        modprobe-1302  [002] ....  2518.203170: sys_enter: NR 3 (0, 7eca13c0, 200, 0, 10e09, 0)
        modprobe-1302  [002] ....  2518.203174: ext4_file_read_iter+0x10/0x64 <-__vfs_read+0x124/0x16c
      tailscaled-539   [001] d...  2518.203176: sched_switch: prev_comm=tailscaled prev_pid=539 prev_prio=120 prev_state=R+ ==> next_comm=tailscaled next_pid=432 next_prio=120
           <...>-432   [001] ....  2518.203181: sys_exit: NR 162 = 0
           <...>-432   [001] ....  2518.203188: sys_enter: NR 162 (2049f60, 0, 24a, 14, 0, 0)
        modprobe-1302  [002] ....  2518.203189: <stack trace>
 => ext4_file_read_iter+0x14/0x64
 => __vfs_read+0x124/0x16c
 => vfs_read+0x9c/0x164
 => ksys_read+0x74/0xe8
 => sys_read+0x18/0x1c
 => __sys_trace_return+0x0/0x1c
 => 0x7eca130c
        modprobe-1302  [002] ....  2518.203197: sys_exit: NR 3 = 512
           <...>-432   [001] d...  2518.203200: sched_switch: prev_comm=tailscaled prev_pid=432 prev_prio=120 prev_state=S ==> next_comm=tailscaled next_pid=539 next_prio=120
        modprobe-1302  [002] ....  2518.203201: sys_enter: NR 140 (0, 0, 20308, 7eca0e98, 0, 7eca0eb0)
        modprobe-1302  [002] ....  2518.203203: ext4_llseek+0x14/0x16c <-sys_llseek+0xc0/0x148
        modprobe-1302  [002] ....  2518.203215: <stack trace>
 => ext4_llseek+0x18/0x16c
 => sys_llseek+0xc0/0x148
 => __sys_trace_return+0x0/0x1c
 => 0x7eca0e98
        modprobe-1302  [002] ....  2518.203218: sys_exit: NR 140 = 0
        modprobe-1302  [002] ....  2518.203221: sys_enter: NR 3 (0, 7eca0eb0, 410, 0, 410, 7eca0eb0)
        modprobe-1302  [002] ....  2518.203223: ext4_file_read_iter+0x10/0x64 <-__vfs_read+0x124/0x16c
        modprobe-1302  [002] ....  2518.203237: <stack trace>
 => ext4_file_read_iter+0x14/0x64
 => __vfs_read+0x124/0x16c
 => vfs_read+0x9c/0x164
 => ksys_read+0x74/0xe8
 => sys_read+0x18/0x1c
 => __sys_trace_return+0x0/0x1c
 => 0x7eca0eac
        modprobe-1302  [002] ....  2518.203245: sys_exit: NR 3 = 1040
        modprobe-1302  [002] ....  2518.203247: sys_enter: NR 140 (0, 0, 201ac, 7eca0e68, 0, 7eca1248)
        modprobe-1302  [002] ....  2518.203249: ext4_llseek+0x14/0x16c <-sys_llseek+0xc0/0x148
        modprobe-1302  [002] ....  2518.203260: <stack trace>
 => ext4_llseek+0x18/0x16c
 => sys_llseek+0xc0/0x148
 => __sys_trace_return+0x0/0x1c
 => 0x7eca0e68
        modprobe-1302  [002] ....  2518.203263: sys_exit: NR 140 = 0
        modprobe-1302  [002] ....  2518.203265: sys_enter: NR 3 (0, 7eca0e80, 2d, 0, 7eca0e80, 7eca1248)
        modprobe-1302  [002] ....  2518.203267: ext4_file_read_iter+0x10/0x64 <-__vfs_read+0x124/0x16c
        modprobe-1302  [002] ....  2518.203281: <stack trace>
 => ext4_file_read_iter+0x14/0x64
 => __vfs_read+0x124/0x16c
 => vfs_read+0x9c/0x164
 => ksys_read+0x74/0xe8
 => sys_read+0x18/0x1c
 => __sys_trace_return+0x0/0x1c
 => 0x7eca0e7c
        modprobe-1302  [002] ....  2518.203286: sys_exit: NR 3 = 45
        modprobe-1302  [002] ....  2518.203289: sys_enter: NR 140 (0, 0, 20308, 7eca0e98, 0, 7eca0eb0)
        modprobe-1302  [002] ....  2518.203291: ext4_llseek+0x14/0x16c <-sys_llseek+0xc0/0x148
        modprobe-1302  [002] ....  2518.203303: <stack trace>
 => ext4_llseek+0x18/0x16c
 => sys_llseek+0xc0/0x148
 => __sys_trace_return+0x0/0x1c
 => 0x7eca0e98
        modprobe-1302  [002] ....  2518.203305: sys_exit: NR 140 = 0
        modprobe-1302  [002] ....  2518.203307: sys_enter: NR 3 (0, 7eca0eb0, 410, 0, 410, 7eca0eb0)
        modprobe-1302  [002] ....  2518.203309: ext4_file_read_iter+0x10/0x64 <-__vfs_read+0x124/0x16c
        modprobe-1302  [002] ....  2518.203324: <stack trace>
 => ext4_file_read_iter+0x14/0x64
 => __vfs_read+0x124/0x16c
 => vfs_read+0x9c/0x164
 => ksys_read+0x74/0xe8
 => sys_read+0x18/0x1c
 => __sys_trace_return+0x0/0x1c
 => 0x7eca0eac
        modprobe-1302  [002] ....  2518.203329: sys_exit: NR 3 = 1040
        modprobe-1302  [002] ....  2518.203332: sys_enter: NR 140 (0, 0, 201ac, 7eca0e68, 0, 7eca1248)
        modprobe-1302  [002] ....  2518.203334: ext4_llseek+0x14/0x16c <-sys_llseek+0xc0/0x148
          <idle>-0     [000] d...  2518.203342: sched_switch: prev_comm=swapper/0 prev_pid=0 prev_prio=120 prev_state=R ==> next_comm=kworker/u8:0 next_pid=7 next_prio=120
        modprobe-1302  [002] ....  2518.203345: <stack trace>
 => ext4_llseek+0x18/0x16c
 => sys_llseek+0xc0/0x148
 => __sys_trace_return+0x0/0x1c
 => 0x7eca0e68
      tailscaled-539   [001] d...  2518.203346: sched_switch: prev_comm=tailscaled prev_pid=539 prev_prio=120 prev_state=R+ ==> next_comm=tailscaled next_pid=432 next_prio=120
        modprobe-1302  [002] ....  2518.203347: sys_exit: NR 140 = 0
        modprobe-1302  [002] ....  2518.203350: sys_enter: NR 3 (0, 7eca0e80, 2d, 0, 7eca0e80, 7eca1248)
           <...>-432   [001] ....  2518.203351: sys_exit: NR 162 = 0
        modprobe-1302  [002] ....  2518.203352: ext4_file_read_iter+0x10/0x64 <-__vfs_read+0x124/0x16c
           <...>-432   [001] ....  2518.203361: sys_enter: NR 162 (2049f60, 0, 24a, 14, 0, 0)
        modprobe-1302  [002] ....  2518.203366: <stack trace>
 => ext4_file_read_iter+0x14/0x64
 => __vfs_read+0x124/0x16c
 => vfs_read+0x9c/0x164
 => ksys_read+0x74/0xe8
 => sys_read+0x18/0x1c
 => __sys_trace_return+0x0/0x1c
 => 0x7eca0e7c
        modprobe-1302  [002] ....  2518.203370: sys_exit: NR 3 = 45
        modprobe-1302  [002] ....  2518.203373: sys_enter: NR 140 (0, 0, 20308, 7eca0e98, 0, 7eca0eb0)
           <...>-432   [001] d...  2518.203374: sched_switch: prev_comm=tailscaled prev_pid=432 prev_prio=120 prev_state=S ==> next_comm=tailscaled next_pid=539 next_prio=120
        modprobe-1302  [002] ....  2518.203375: ext4_llseek+0x14/0x16c <-sys_llseek+0xc0/0x148
      tailscaled-539   [001] ....  2518.203378: sys_exit: NR 374 = 1
        modprobe-1302  [002] ....  2518.203386: <stack trace>
 => ext4_llseek+0x18/0x16c
 => sys_llseek+0xc0/0x148
 => __sys_trace_return+0x0/0x1c
 => 0x7eca0e98
        modprobe-1302  [002] ....  2518.203389: sys_exit: NR 140 = 0
        modprobe-1302  [002] ....  2518.203391: sys_enter: NR 3 (0, 7eca0eb0, 410, 0, 410, 7eca0eb0)
        modprobe-1302  [002] ....  2518.203393: ext4_file_read_iter+0x10/0x64 <-__vfs_read+0x124/0x16c
        modprobe-1302  [002] ....  2518.203407: <stack trace>
 => ext4_file_read_iter+0x14/0x64
 => __vfs_read+0x124/0x16c
 => vfs_read+0x9c/0x164
 => ksys_read+0x74/0xe8
 => sys_read+0x18/0x1c
 => __sys_trace_return+0x0/0x1c
 => 0x7eca0eac
        modprobe-1302  [002] ....  2518.203413: sys_exit: NR 3 = 1040
        modprobe-1302  [002] ....  2518.203416: sys_enter: NR 140 (0, 0, 201ac, 7eca0e68, 0, 7eca1248)
        modprobe-1302  [002] ....  2518.203417: ext4_llseek+0x14/0x16c <-sys_llseek+0xc0/0x148
        modprobe-1302  [002] ....  2518.203428: <stack trace>
 => ext4_llseek+0x18/0x16c
 => sys_llseek+0xc0/0x148
 => __sys_trace_return+0x0/0x1c
 => 0x7eca0e68
    kworker/u8:0-7     [000] d...  2518.203430: sched_switch: prev_comm=kworker/u8:0 prev_pid=7 prev_prio=120 prev_state=D ==> next_comm=swapper/0 next_pid=0 next_prio=120
        modprobe-1302  [002] ....  2518.203431: sys_exit: NR 140 = 0
        modprobe-1302  [002] ....  2518.203433: sys_enter: NR 3 (0, 7eca0e80, 2d, 0, 7eca0e80, 7eca1248)
        modprobe-1302  [002] ....  2518.203435: ext4_file_read_iter+0x10/0x64 <-__vfs_read+0x124/0x16c
        modprobe-1302  [002] ....  2518.203449: <stack trace>
 => ext4_file_read_iter+0x14/0x64
 => __vfs_read+0x124/0x16c
 => vfs_read+0x9c/0x164
 => ksys_read+0x74/0xe8
 => sys_read+0x18/0x1c
 => __sys_trace_return+0x0/0x1c
 => 0x7eca0e7c
      tailscaled-539   [001] d...  2518.203451: sched_switch: prev_comm=tailscaled prev_pid=539 prev_prio=120 prev_state=R ==> next_comm=tailscaled next_pid=432 next_prio=120
        modprobe-1302  [002] ....  2518.203453: sys_exit: NR 3 = 45
           <...>-432   [001] ....  2518.203455: sys_exit: NR 162 = 0
        modprobe-1302  [002] ....  2518.203457: sys_enter: NR 140 (0, 0, 20308, 7eca0e98, 0, 7eca0eb0)
        modprobe-1302  [002] ....  2518.203459: ext4_llseek+0x14/0x16c <-sys_llseek+0xc0/0x148
           <...>-432   [001] ....  2518.203462: sys_enter: NR 162 (2049f60, 0, 24a, 14, 0, 0)
        modprobe-1302  [002] ....  2518.203470: <stack trace>
 => ext4_llseek+0x18/0x16c
 => sys_llseek+0xc0/0x148
 => __sys_trace_return+0x0/0x1c
 => 0x7eca0e98
        modprobe-1302  [002] ....  2518.203472: sys_exit: NR 140 = 0
           <...>-432   [001] d...  2518.203474: sched_switch: prev_comm=tailscaled prev_pid=432 prev_prio=120 prev_state=S ==> next_comm=tailscaled next_pid=539 next_prio=120
        modprobe-1302  [002] ....  2518.203475: sys_enter: NR 3 (0, 7eca0eb0, 410, 0, 410, 7eca0eb0)
        modprobe-1302  [002] ....  2518.203479: ext4_file_read_iter+0x10/0x64 <-__vfs_read+0x124/0x16c
        modprobe-1302  [002] ....  2518.203494: <stack trace>
 => ext4_file_read_iter+0x14/0x64
 => __vfs_read+0x124/0x16c
 => vfs_read+0x9c/0x164
 => ksys_read+0x74/0xe8
 => sys_read+0x18/0x1c
 => __sys_trace_return+0x0/0x1c
 => 0x7eca0eac
        modprobe-1302  [002] ....  2518.203500: sys_exit: NR 3 = 1040
        modprobe-1302  [002] ....  2518.203502: sys_enter: NR 140 (0, 0, 201ac, 7eca0e68, 0, 7eca1248)
      tailscaled-539   [001] ....  2518.203502: sys_enter: NR 240 (21010d4, 80, 0, 0, 0, 0)
        modprobe-1302  [002] ....  2518.203504: ext4_llseek+0x14/0x16c <-sys_llseek+0xc0/0x148
        modprobe-1302  [002] ....  2518.203515: <stack trace>
 => ext4_llseek+0x18/0x16c
 => sys_llseek+0xc0/0x148
 => __sys_trace_return+0x0/0x1c
 => 0x7eca0e68
        modprobe-1302  [002] ....  2518.203517: sys_exit: NR 140 = 0
        modprobe-1302  [002] ....  2518.203519: sys_enter: NR 3 (0, 7eca0e80, 2d, 0, 7eca0e80, 7eca1248)
        modprobe-1302  [002] ....  2518.203521: ext4_file_read_iter+0x10/0x64 <-__vfs_read+0x124/0x16c
      tailscaled-539   [001] d...  2518.203531: sched_switch: prev_comm=tailscaled prev_pid=539 prev_prio=120 prev_state=S ==> next_comm=swapper/1 next_pid=0 next_prio=120
        modprobe-1302  [002] ....  2518.203536: <stack trace>
 => ext4_file_read_iter+0x14/0x64
 => __vfs_read+0x124/0x16c
 => vfs_read+0x9c/0x164
 => ksys_read+0x74/0xe8
 => sys_read+0x18/0x1c
 => __sys_trace_return+0x0/0x1c
 => 0x7eca0e7c
        modprobe-1302  [002] ....  2518.203540: sys_exit: NR 3 = 45
        modprobe-1302  [002] ....  2518.203543: sys_enter: NR 140 (0, 0, 20308, 7eca0e98, 0, 7eca0eb0)
        modprobe-1302  [002] ....  2518.203545: ext4_llseek+0x14/0x16c <-sys_llseek+0xc0/0x148
          <idle>-0     [001] d...  2518.203552: sched_switch: prev_comm=swapper/1 prev_pid=0 prev_prio=120 prev_state=R ==> next_comm=tailscaled next_pid=432 next_prio=120
        modprobe-1302  [002] ....  2518.203556: <stack trace>
 => ext4_llseek+0x18/0x16c
 => sys_llseek+0xc0/0x148
 => __sys_trace_return+0x0/0x1c
 => 0x7eca0e98
           <...>-432   [001] ....  2518.203556: sys_exit: NR 162 = 0
        modprobe-1302  [002] ....  2518.203558: sys_exit: NR 140 = 0
        modprobe-1302  [002] ....  2518.203560: sys_enter: NR 3 (0, 7eca0eb0, 410, 0, 410, 7eca0eb0)
        modprobe-1302  [002] ....  2518.203562: ext4_file_read_iter+0x10/0x64 <-__vfs_read+0x124/0x16c
           <...>-432   [001] ....  2518.203567: sys_enter: NR 240 (1695bd4, 80, 0, 2049f28, 0, 0)
        modprobe-1302  [002] ....  2518.203576: <stack trace>
 => ext4_file_read_iter+0x14/0x64
 => __vfs_read+0x124/0x16c
 => vfs_read+0x9c/0x164
 => ksys_read+0x74/0xe8
 => sys_read+0x18/0x1c
 => __sys_trace_return+0x0/0x1c
 => 0x7eca0eac
           <...>-432   [001] d...  2518.203581: sched_switch: prev_comm=tailscaled prev_pid=432 prev_prio=120 prev_state=S ==> next_comm=swapper/1 next_pid=0 next_prio=120
        modprobe-1302  [002] ....  2518.203582: sys_exit: NR 3 = 1040
        modprobe-1302  [002] ....  2518.203584: sys_enter: NR 140 (0, 0, 201ac, 7eca0e68, 0, 7eca1248)
        modprobe-1302  [002] ....  2518.203586: ext4_llseek+0x14/0x16c <-sys_llseek+0xc0/0x148
        modprobe-1302  [002] ....  2518.203597: <stack trace>
 => ext4_llseek+0x18/0x16c
 => sys_llseek+0xc0/0x148
 => __sys_trace_return+0x0/0x1c
 => 0x7eca0e68
        modprobe-1302  [002] ....  2518.203599: sys_exit: NR 140 = 0
        modprobe-1302  [002] ....  2518.203601: sys_enter: NR 3 (0, 7eca0e80, 2d, 0, 7eca0e80, 7eca1248)
        modprobe-1302  [002] ....  2518.203603: ext4_file_read_iter+0x10/0x64 <-__vfs_read+0x124/0x16c
        modprobe-1302  [002] ....  2518.203618: <stack trace>
 => ext4_file_read_iter+0x14/0x64
 => __vfs_read+0x124/0x16c
 => vfs_read+0x9c/0x164
 => ksys_read+0x74/0xe8
 => sys_read+0x18/0x1c
 => __sys_trace_return+0x0/0x1c
 => 0x7eca0e7c
        modprobe-1302  [002] ....  2518.203622: sys_exit: NR 3 = 45
        modprobe-1302  [002] ....  2518.203626: sys_enter: NR 197 (0, 7eca12e8, 7eca12e8, 76f5995c, 0, 0)
        modprobe-1302  [002] ....  2518.203631: sys_exit: NR 197 = 0
        modprobe-1302  [002] ....  2518.203638: sys_enter: NR 192 (0, 301b0, 5, 802, 0, 0)
        modprobe-1302  [002] ....  2518.203650: sys_exit: NR 192 = 1995235328
        modprobe-1302  [002] ....  2518.203652: sys_enter: NR 125 (76eee000, f000, 0, 2f000, 76f564e8, 76ece000)
        modprobe-1302  [002] ....  2518.203671: sys_exit: NR 125 = 0
        modprobe-1302  [002] ....  2518.203674: sys_enter: NR 192 (76efd000, 2000, 3, 812, 0, 1f)
        modprobe-1302  [002] ....  2518.203699: sys_exit: NR 192 = 1995427840
