        modprobe-1301  [001] ....  2518.187479: <stack trace>
 => ext4_llseek+0x18/0x16c
 => sys_llseek+0xc0/0x148
 => __sys_trace_return+0x0/0x1c
 => 0x7e8a2df0
        modprobe-1301  [001] ....  2518.187482: sys_exit: NR 140 = 0
        modprobe-1301  [001] ....  2518.187484: sys_enter: NR 3 (0, 7e8a2e08, 2f, 0, 7e8a2e08, 7e8a31f8)
        modprobe-1301  [001] ....  2518.187487: ext4_file_read_iter+0x10/0x64 <-__vfs_read+0x124/0x16c
        modprobe-1301  [001] ....  2518.187501: <stack trace>
 => ext4_file_read_iter+0x14/0x64
 => __vfs_read+0x124/0x16c
 => vfs_read+0x9c/0x164
 => ksys_read+0x74/0xe8
 => sys_read+0x18/0x1c
 => __sys_trace_return+0x0/0x1c
 => 0x7e8a2e04
        modprobe-1301  [001] ....  2518.187505: sys_exit: NR 3 = 47
        modprobe-1301  [001] ....  2518.187509: sys_enter: NR 140 (0, 0, 21f0, 7e8a2e20, 0, 7e8a2e38)
        modprobe-1301  [001] ....  2518.187511: ext4_llseek+0x14/0x16c <-sys_llseek+0xc0/0x148
        modprobe-1301  [001] ....  2518.187522: <stack trace>
 => ext4_llseek+0x18/0x16c
 => sys_llseek+0xc0/0x148
 => __sys_trace_return+0x0/0x1c
 => 0x7e8a2e20
        modprobe-1301  [001] ....  2518.187524: sys_exit: NR 140 = 0
        modprobe-1301  [001] ....  2518.187526: sys_enter: NR 3 (0, 7e8a2e38, 438, 0, 438, 7e8a2e38)
        modprobe-1301  [001] ....  2518.187528: ext4_file_read_iter+0x10/0x64 <-__vfs_read+0x124/0x16c
        modprobe-1301  [001] ....  2518.187542: <stack trace>
 => ext4_file_read_iter+0x14/0x64
 => __vfs_read+0x124/0x16c
 => vfs_read+0x9c/0x164
 => ksys_read+0x74/0xe8
 => sys_read+0x18/0x1c
 => __sys_trace_return+0x0/0x1c
 => 0x7e8a2e34
        modprobe-1301  [001] ....  2518.187548: sys_exit: NR 3 = 1080
        modprobe-1301  [001] ....  2518.187550: sys_enter: NR 140 (0, 0, 2094, 7e8a2df0, 0, 7e8a31f8)
        modprobe-1301  [001] ....  2518.187552: ext4_llseek+0x14/0x16c <-sys_llseek+0xc0/0x148
        modprobe-1301  [001] ....  2518.187564: <stack trace>
 => ext4_llseek+0x18/0x16c
 => sys_llseek+0xc0/0x148
 => __sys_trace_return+0x0/0x1c
 => 0x7e8a2df0
        modprobe-1301  [001] ....  2518.187566: sys_exit: NR 140 = 0
        modprobe-1301  [001] ....  2518.187568: sys_enter: NR 3 (0, 7e8a2e08, 2f, 0, 7e8a2e08, 7e8a31f8)
        modprobe-1301  [001] ....  2518.187570: ext4_file_read_iter+0x10/0x64 <-__vfs_read+0x124/0x16c
        modprobe-1301  [001] ....  2518.187584: <stack trace>
 => ext4_file_read_iter+0x14/0x64
 => __vfs_read+0x124/0x16c
 => vfs_read+0x9c/0x164
 => ksys_read+0x74/0xe8
 => sys_read+0x18/0x1c
 => __sys_trace_return+0x0/0x1c
 => 0x7e8a2e04
        modprobe-1301  [001] ....  2518.187588: sys_exit: NR 3 = 47
        modprobe-1301  [001] ....  2518.187591: sys_enter: NR 140 (0, 0, 21f0, 7e8a2e20, 0, 7e8a2e38)
        modprobe-1301  [001] ....  2518.187593: ext4_llseek+0x14/0x16c <-sys_llseek+0xc0/0x148
        modprobe-1301  [001] ....  2518.187604: <stack trace>
 => ext4_llseek+0x18/0x16c
 => sys_llseek+0xc0/0x148
 => __sys_trace_return+0x0/0x1c
 => 0x7e8a2e20
        modprobe-1301  [001] ....  2518.187608: sys_exit: NR 140 = 0
        modprobe-1301  [001] ....  2518.187610: sys_enter: NR 3 (0, 7e8a2e38, 438, 0, 438, 7e8a2e38)
        modprobe-1301  [001] ....  2518.187612: ext4_file_read_iter+0x10/0x64 <-__vfs_read+0x124/0x16c
        modprobe-1301  [001] ....  2518.187627: <stack trace>
 => ext4_file_read_iter+0x14/0x64
 => __vfs_read+0x124/0x16c
 => vfs_read+0x9c/0x164
 => ksys_read+0x74/0xe8
 => sys_read+0x18/0x1c
 => __sys_trace_return+0x0/0x1c
 => 0x7e8a2e34
        modprobe-1301  [001] ....  2518.187632: sys_exit: NR 3 = 1080
        modprobe-1301  [001] ....  2518.187635: sys_enter: NR 140 (0, 0, 2094, 7e8a2df0, 0, 7e8a31f8)
        modprobe-1301  [001] ....  2518.187636: ext4_llseek+0x14/0x16c <-sys_llseek+0xc0/0x148
        modprobe-1301  [001] ....  2518.187648: <stack trace>
 => ext4_llseek+0x18/0x16c
 => sys_llseek+0xc0/0x148
 => __sys_trace_return+0x0/0x1c
 => 0x7e8a2df0
        modprobe-1301  [001] ....  2518.187650: sys_exit: NR 140 = 0
        modprobe-1301  [001] ....  2518.187652: sys_enter: NR 3 (0, 7e8a2e08, 2f, 0, 7e8a2e08, 7e8a31f8)
        modprobe-1301  [001] ....  2518.187654: ext4_file_read_iter+0x10/0x64 <-__vfs_read+0x124/0x16c
        modprobe-1301  [001] ....  2518.187669: <stack trace>
 => ext4_file_read_iter+0x14/0x64
 => __vfs_read+0x124/0x16c
 => vfs_read+0x9c/0x164
 => ksys_read+0x74/0xe8
 => sys_read+0x18/0x1c
 => __sys_trace_return+0x0/0x1c
 => 0x7e8a2e04
        modprobe-1301  [001] ....  2518.187673: sys_exit: NR 3 = 47
        modprobe-1301  [001] ....  2518.187677: sys_enter: NR 197 (0, 7e8a3298, 7e8a3298, 76f5c95c, 0, 0)
        modprobe-1301  [001] ....  2518.187682: sys_exit: NR 197 = 0
        modprobe-1301  [001] ....  2518.187687: sys_enter: NR 192 (0, 120c4, 5, 802, 0, 0)
        modprobe-1301  [001] ....  2518.187699: sys_exit: NR 192 = 1991454720
        modprobe-1301  [001] ....  2518.187701: sys_enter: NR 125 (76b35000, f000, 0, 11000, 76f5a090, 76b33000)
        modprobe-1301  [001] ....  2518.187720: sys_exit: NR 125 = 0
        modprobe-1301  [001] ....  2518.187723: sys_enter: NR 192 (76b44000, 2000, 3, 812, 0, 1)
        modprobe-1301  [001] ....  2518.187749: sys_exit: NR 192 = 1991524352
        modprobe-1301  [001] ....  2518.187784: sys_enter: NR 6 (0, 6, 76f5c060, 0, 76f5a090, 70000022)
        modprobe-1301  [001] ....  2518.187786: __close_fd+0x10/0xa0 <-sys_close+0x30/0x58
        modprobe-1301  [001] ....  2518.187799: <stack trace>
 => __close_fd+0x14/0xa0
 => sys_close+0x30/0x58
 => __sys_trace_return+0x0/0x1c
 => 0x7e8a321c
        modprobe-1301  [001] ....  2518.187802: sys_exit: NR 6 = 0
        modprobe-1301  [001] ....  2518.187930: sys_enter: NR 192 (0, 2000, 3, 22, ffffffff, 0)
        modprobe-1301  [001] ....  2518.187941: sys_exit: NR 192 = 1995796480
        modprobe-1301  [001] ....  2518.187954: sys_enter: NR 983045 (76f574d0, 76f57bc0, 76f5c060, 76f574d0, 76f5c060, 1)
        modprobe-1301  [001] ....  2518.187957: sys_exit: NR 983045 = 0
        modprobe-1301  [001] ....  2518.188193: sys_enter: NR 125 (76cb8000, 2000, 1, 76cb8000, 76f59aa0, 76b86fac)
        modprobe-1301  [001] ....  2518.188207: sys_exit: NR 125 = 0
        modprobe-1301  [001] ....  2518.188247: sys_enter: NR 125 (76b44000, 1000, 1, 76b44000, 76f5a090, 76b33910)
        modprobe-1301  [001] ....  2518.188261: sys_exit: NR 125 = 0
        modprobe-1301  [001] ....  2518.188307: sys_enter: NR 125 (76b6c000, 1000, 1, 76b6c000, 76f59d90, 76b4a374)
        modprobe-1301  [001] ....  2518.188320: sys_exit: NR 125 = 0
        modprobe-1301  [001] d...  2518.189130: sched_switch: prev_comm=modprobe prev_pid=1301 prev_prio=120 prev_state=R ==> next_comm=rcu_sched next_pid=10 next_prio=120
       rcu_sched-10    [001] d...  2518.189168: sched_switch: prev_comm=rcu_sched prev_pid=10 prev_prio=120 prev_state=I ==> next_comm=modprobe next_pid=1301 next_prio=120
          <idle>-0     [000] d...  2518.189813: sched_switch: prev_comm=swapper/0 prev_pid=0 prev_prio=120 prev_state=R ==> next_comm=lxterminal next_pid=1128 next_prio=120
      lxterminal-1128  [000] ....  2518.189854: sys_exit: NR 168 = 0
      lxterminal-1128  [000] ....  2518.189895: sys_enter: NR 3 (6, 4fa010, 1fe8, 0, 1fe8, 4fa010)
      lxterminal-1128  [000] ....  2518.189908: sys_exit: NR 3 = -11
      lxterminal-1128  [000] ....  2518.193324: sys_enter: NR 168 (7ec3b654, 1, ffffffff, 0, ffffffff, 1)
      lxterminal-1128  [000] ....  2518.193346: sys_exit: NR 168 = 1
      lxterminal-1128  [000] ....  2518.193351: sys_enter: NR 146 (3, 7ec3b74c, 3, 0, 3, 7ec3b74c)
      lxterminal-1128  [000] .n..  2518.193428: sys_exit: NR 146 = 16
      lxterminal-1128  [000] d...  2518.193450: sched_switch: prev_comm=lxterminal prev_pid=1128 prev_prio=120 prev_state=R ==> next_comm=Xorg next_pid=546 next_prio=120
            Xorg-546   [000] ....  2518.193473: sys_exit: NR 252 = 1
            Xorg-546   [000] ....  2518.193490: sys_enter: NR 104 (0, 7eba0be4, 0, 1388, 76f8d968, 1)
            Xorg-546   [000] ....  2518.193506: sys_exit: NR 104 = 0
            Xorg-546   [000] ....  2518.193516: sys_enter: NR 297 (1c, 7eba09cc, 0, 0, 0, 7eba09cc)
            Xorg-546   [000] ....  2518.193541: sys_exit: NR 297 = 16
            Xorg-546   [000] ....  2518.193573: sys_enter: NR 297 (1c, 7eba09cc, 0, 0, 0, 7eba09cc)
            Xorg-546   [000] ....  2518.193578: sys_exit: NR 297 = -11
            Xorg-546   [000] ....  2518.193583: sys_enter: NR 104 (0, 7eba0be4, 0, 0, 76f8d968, 212b8c)
            Xorg-546   [000] ....  2518.193590: sys_exit: NR 104 = 0
            Xorg-546   [000] ....  2518.193596: sys_enter: NR 252 (3, 7eb9fbe0, 100, 1b284, 1b284, 100)
            Xorg-546   [000] d...  2518.193624: sched_switch: prev_comm=Xorg prev_pid=546 prev_prio=120 prev_state=S ==> next_comm=lxterminal next_pid=1128 next_prio=120
      lxterminal-1128  [000] ....  2518.193639: sys_enter: NR 297 (3, 7ec3b664, 0, 0, 0, 7ec3b664)
      lxterminal-1128  [000] ....  2518.193645: sys_exit: NR 297 = -11
      lxterminal-1128  [000] ....  2518.193660: sys_enter: NR 168 (e1798, 3, 0, 0, 0, 3)
      lxterminal-1128  [000] ....  2518.193669: sys_exit: NR 168 = 0
        modprobe-1301  [001] ....  2518.194721: sys_enter: NR 125 (76eb3000, 19000, 1, 76eb3000, 76f597c0, 0)
        modprobe-1301  [001] ....  2518.194769: sys_exit: NR 125 = 0
        modprobe-1301  [001] ....  2518.194795: sys_enter: NR 125 (76f00000, 1000, 1, 76f00000, 76f594e8, 76ed2ea0)
        modprobe-1301  [001] ....  2518.194814: sys_exit: NR 125 = 0
        modprobe-1301  [001] ....  2518.194827: sys_enter: NR 125 (76f29000, 1000, 1, 76f29000, 76f591e8, 76f16374)
        modprobe-1301  [001] ....  2518.194843: sys_exit: NR 125 = 0
        modprobe-1301  [001] ....  2518.195249: sys_enter: NR 125 (3f000, 1000, 1, 3f000, 76f5c978, 0)
        modprobe-1301  [001] ....  2518.195266: sys_exit: NR 125 = 0
        modprobe-1301  [001] ....  2518.195302: sys_enter: NR 125 (76f5b000, 1000, 1, 76f5b000, 76f5c578, 0)
        modprobe-1301  [001] ....  2518.195320: sys_exit: NR 125 = 0
        modprobe-1301  [001] ....  2518.195324: sys_enter: NR 91 (76f02000, 13a34, 76f5c978, 76f01fff, 76f5c910, 76f574d0)
        modprobe-1301  [001] ....  2518.195405: sys_exit: NR 91 = 0
        modprobe-1301  [001] ....  2518.195464: sys_enter: NR 256 (76f57078, 7e8a3eb4, ef2d7c00, 76f57010, 0, 3fce8)
        modprobe-1301  [001] ....  2518.195468: sys_exit: NR 256 = 1301
        modprobe-1301  [001] ....  2518.195470: sys_enter: NR 338 (76f57080, c, ffffffec, 76f57080, 0, 3fce8)
        modprobe-1301  [001] ....  2518.195472: sys_exit: NR 338 = 0
        modprobe-1301  [001] ....  2518.195512: sys_enter: NR 174 (20, 7e8a3c74, 0, 8, 0, 7e8a3dc0)
        modprobe-1301  [001] ....  2518.195519: sys_exit: NR 174 = 0
        modprobe-1301  [001] ....  2518.195521: sys_enter: NR 174 (21, 7e8a3c74, 0, 8, 0, 7e8a3dc0)
        modprobe-1301  [001] ....  2518.195523: sys_exit: NR 174 = 0
        modprobe-1301  [001] ....  2518.195526: sys_enter: NR 175 (1, 7e8a3dc4, 0, 8, 7e8a3dc4, 3fce8)
        modprobe-1301  [001] ....  2518.195530: sys_exit: NR 175 = 0
        modprobe-1301  [001] ....  2518.195583: sys_enter: NR 191 (3, 7e8a3db8, 4, 76b6f224, 6e0, 3fce8)
        modprobe-1301  [001] ....  2518.195590: sys_exit: NR 191 = 0
      lxterminal-1128  [000] ....  2518.196133: sys_enter: NR 297 (3, 7ec3a75c, 0, 0, 0, 7ec3a75c)
      lxterminal-1128  [000] ....  2518.196151: sys_exit: NR 297 = -11
        modprobe-1301  [001] ....  2518.196245: sys_enter: NR 45 (0, 0, 76cba000, 76cba000, 0, 21000)
        modprobe-1301  [001] ....  2518.196249: sys_exit: NR 45 = 31547392
        modprobe-1301  [001] ....  2518.196251: sys_enter: NR 45 (1e37000, 1e37000, 76cba000, 0, 1e16000, 21000)
        modprobe-1301  [001] ....  2518.196268: sys_exit: NR 45 = 31682560
        modprobe-1301  [001] ....  2518.196346: sys_enter: NR 122 (7e8a29a4, 0, 1f8, ef2d7c00, 3fce8, 7e8a29a4)
        modprobe-1301  [001] ....  2518.196356: sys_exit: NR 122 = 0
        modprobe-1301  [001] ....  2518.196433: sys_enter: NR 195 (2e358, 7e8a1a40, 7e8a1a40, 7e8a1a40, 1e16190, 2e358)
        modprobe-1301  [001] ....  2518.196468: sys_exit: NR 195 = 0
        modprobe-1301  [001] ....  2518.196474: sys_enter: NR 322 (ffffff9c, 2e358, a4800, 0, 3fce8, 2e358)
        modprobe-1301  [001] ....  2518.196504: sys_exit: NR 322 = 0
        modprobe-1301  [001] ....  2518.196507: sys_enter: NR 197 (0, 7e8a1948, 7e8a1948, ef2d7c00, 3fce8, 0)
        modprobe-1301  [001] ....  2518.196512: sys_exit: NR 197 = 0
        modprobe-1301  [001] ....  2518.196526: sys_enter: NR 217 (0, 1e162c0, 8000, 0, 1e162a0, 1e162c0)
        modprobe-1301  [001] ....  2518.196589: sys_exit: NR 217 = 184
        modprobe-1301  [001] ....  2518.196594: sys_enter: NR 327 (0, 1e162eb, 7e8a1aa8, 0, 1e162eb, 2e358)
      lxterminal-1128  [000] ....  2518.196601: sys_enter: NR 168 (7ec3b654, 1, ffffffff, 0, ffffffff, 1)
        modprobe-1301  [001] ....  2518.196608: sys_exit: NR 327 = 0
        modprobe-1301  [001] ....  2518.196616: sys_enter: NR 327 (0, 1e16333, 7e8a1aa8, 0, 1e16333, 2e358)
      lxterminal-1128  [000] ....  2518.196617: sys_exit: NR 168 = 1
      lxterminal-1128  [000] ....  2518.196622: sys_enter: NR 146 (3, 7ec3b74c, 3, 0, 3, 7ec3b74c)
        modprobe-1301  [001] ....  2518.196625: sys_exit: NR 327 = 0
        modprobe-1301  [001] ....  2518.196631: sys_enter: NR 327 (0, 1e1635b, 7e8a1aa8, 0, 1e1635b, 2e358)
        modprobe-1301  [001] ....  2518.196640: sys_exit: NR 327 = 0
        modprobe-1301  [001] ....  2518.196646: sys_enter: NR 217 (0, 1e162c0, 8000, b8, 1e162a0, 1e162c0)
        modprobe-1301  [001] ....  2518.196650: sys_exit: NR 217 = 0
        modprobe-1301  [001] ....  2518.196654: sys_enter: NR 6 (0, 76cba808, ef2d7c00, ef2d7c00, 1e1635b, 2e358)
        modprobe-1301  [001] ....  2518.196658: __close_fd+0x10/0xa0 <-sys_close+0x30/0x58
        modprobe-1301  [001] ....  2518.196687: <stack trace>
 => __close_fd+0x14/0xa0
 => sys_close+0x30/0x58
 => __sys_trace_return+0x0/0x1c
 => 0x7e8a19c0
        modprobe-1301  [001] ....  2518.196695: sys_exit: NR 6 = 0
      lxterminal-1128  [000] .n..  2518.196701: sys_exit: NR 146 = 560
        modprobe-1301  [001] ....  2518.196715: sys_enter: NR 195 (2e368, 7e8a1a40, 7e8a1a40, 4002c, 1e162a0, 2e368)
      lxterminal-1128  [000] d...  2518.196728: sched_switch: prev_comm=lxterminal prev_pid=1128 prev_prio=120 prev_state=R ==> next_comm=Xorg next_pid=546 next_prio=120
        modprobe-1301  [001] ....  2518.196747: sys_exit: NR 195 = -2
        modprobe-1301  [001] ....  2518.196751: sys_enter: NR 195 (2e378, 7e8a1a40, 7e8a1a40, 40030, 2, 2e378)
            Xorg-546   [000] ....  2518.196751: sys_exit: NR 252 = 1
        modprobe-1301  [001] ....  2518.196763: sys_exit: NR 195 = 0
        modprobe-1301  [001] ....  2518.196767: sys_enter: NR 322 (ffffff9c, 2e378, a4800, 0, 3fce8, 2e378)
            Xorg-546   [000] ....  2518.196769: sys_enter: NR 104 (0, 7eba0be4, 0, 1388, 76f8d968, 1)
        modprobe-1301  [001] ....  2518.196781: sys_exit: NR 322 = 0
            Xorg-546   [000] ....  2518.196781: sys_exit: NR 104 = 0
        modprobe-1301  [001] ....  2518.196783: sys_enter: NR 197 (0, 7e8a1948, 7e8a1948, ef2d7c00, 3fce8, 0)
        modprobe-1301  [001] ....  2518.196787: sys_exit: NR 197 = 0
            Xorg-546   [000] ....  2518.196793: sys_enter: NR 297 (1c, 7eba09cc, 0, 0, 0, 7eba09cc)
        modprobe-1301  [001] ....  2518.196800: sys_enter: NR 217 (0, 1e1e390, 8000, 0, 1e1e370, 1e1e390)
            Xorg-546   [000] ....  2518.196819: sys_exit: NR 297 = 560
        modprobe-1301  [001] ....  2518.196830: sys_exit: NR 217 = 152
        modprobe-1301  [001] ....  2518.196834: sys_enter: NR 327 (0, 1e1e3a3, 7e8a1aa8, 0, 1e1e3a3, 2e378)
        modprobe-1301  [001] ....  2518.196845: sys_exit: NR 327 = 0
        modprobe-1301  [001] ....  2518.196851: sys_enter: NR 327 (0, 1e1e3db, 7e8a1aa8, 0, 1e1e3db, 2e378)
        modprobe-1301  [001] ....  2518.196864: sys_exit: NR 327 = 0
        modprobe-1301  [001] ....  2518.196869: sys_enter: NR 327 (0, 1e1e403, 7e8a1aa8, 0, 1e1e403, 2e378)
        modprobe-1301  [001] ....  2518.196878: sys_exit: NR 327 = 0
        modprobe-1301  [001] ....  2518.196883: sys_enter: NR 217 (0, 1e1e390, 8000, 98, 1e1e370, 1e1e390)
        modprobe-1301  [001] ....  2518.196886: sys_exit: NR 217 = 0
        modprobe-1301  [001] ....  2518.196890: sys_enter: NR 6 (0, 20000, ef2d7c00, ef2d7c00, 1e1e423, 2e378)
        modprobe-1301  [001] ....  2518.196892: __close_fd+0x10/0xa0 <-sys_close+0x30/0x58
        modprobe-1301  [001] ....  2518.196906: <stack trace>
 => __close_fd+0x14/0xa0
 => sys_close+0x30/0x58
 => __sys_trace_return+0x0/0x1c
 => 0x7e8a19c0
        modprobe-1301  [001] ....  2518.196910: sys_exit: NR 6 = 0
        modprobe-1301  [001] ....  2518.196932: sys_enter: NR 322 (ffffff9c, 7e8a1b14, a0000, 0, 7e8a1b14, 3fce8)
        modprobe-1301  [001] ....  2518.196944: ext4_file_open+0x14/0x1d8 <-do_dentry_open+0x124/0x3c8
        modprobe-1301  [001] ....  2518.196966: <stack trace>
 => ext4_file_open+0x18/0x1d8
 => do_dentry_open+0x124/0x3c8
 => vfs_open+0x3c/0x40
 => path_openat+0x2c0/0x1154
 => do_filp_open+0x84/0xec
 => do_sys_open+0x178/0x1fc
 => sys_openat+0x1c/0x20
 => __sys_trace_return+0x0/0x1c
 => 0x7e8a1990
        modprobe-1301  [001] ....  2518.196973: sys_exit: NR 322 = 0
        modprobe-1301  [001] ....  2518.197021: sys_enter: NR 221 (0, 3, 2d040, 3fce8, 2d040, 3fce8)
        modprobe-1301  [001] ....  2518.197025: sys_exit: NR 221 = 131072
            Xorg-546   [000] ....  2518.197039: sys_enter: NR 146 (1c, 7eba0a24, 1, 0, 1, 7eba0a24)
        modprobe-1301  [001] ....  2518.197040: sys_enter: NR 197 (0, 7e8a18d8, 7e8a18d8, 76bd9788, 1e163c0, 76cb8b1c)
        modprobe-1301  [001] ....  2518.197045: sys_exit: NR 197 = 0
            Xorg-546   [000] ....  2518.197058: sys_exit: NR 146 = 32
        modprobe-1301  [001] ....  2518.197060: sys_enter: NR 3 (0, 1e16630, 1000, 0, 1e163c0, 76cb8b1c)
        modprobe-1301  [001] ....  2518.197066: ext4_file_read_iter+0x10/0x64 <-__vfs_read+0x124/0x16c
        modprobe-1301  [001] ....  2518.197083: <stack trace>
 => ext4_file_read_iter+0x14/0x64
 => __vfs_read+0x124/0x16c
 => vfs_read+0x9c/0x164
 => ksys_read+0x74/0xe8
 => sys_read+0x18/0x1c
 => __sys_trace_return+0x0/0x1c
 => 0x7e8a1958
        modprobe-1301  [001] ....  2518.197095: sys_exit: NR 3 = 655
            Xorg-546   [000] ....  2518.197169: sys_enter: NR 146 (1c, 7eba0a24, 1, 0, 1, 7eba0a24)
        modprobe-1301  [001] ....  2518.197177: sys_enter: NR 3 (0, 1e16630, 1000, 0, 1e163c0, 76cb8b1c)
        modprobe-1301  [001] ....  2518.197180: ext4_file_read_iter+0x10/0x64 <-__vfs_read+0x124/0x16c
            Xorg-546   [000] ....  2518.197180: sys_exit: NR 146 = 32
        modprobe-1301  [001] ....  2518.197195: <stack trace>
 => ext4_file_read_iter+0x14/0x64
 => __vfs_read+0x124/0x16c
 => vfs_read+0x9c/0x164
 => ksys_read+0x74/0xe8
 => sys_read+0x18/0x1c
 => __sys_trace_return+0x0/0x1c
 => 0x7e8a1958
        modprobe-1301  [001] ....  2518.197199: sys_exit: NR 3 = 0
        modprobe-1301  [001] ....  2518.197206: sys_enter: NR 6 (0, 444, 76cb86d8, 76bd8864, 1e163c0, 76cb8b1c)
        modprobe-1301  [001] ....  2518.197208: __close_fd+0x10/0xa0 <-sys_close+0x30/0x58
        modprobe-1301  [001] ....  2518.197219: <stack trace>
 => __close_fd+0x14/0xa0
 => sys_close+0x30/0x58
 => __sys_trace_return+0x0/0x1c
 => 0x7e8a1998
        modprobe-1301  [001] ....  2518.197222: sys_exit: NR 6 = 0
        modprobe-1301  [001] ....  2518.197240: sys_enter: NR 322 (ffffff9c, 7e8a1b14, a0000, 0, 7e8a1b14, 3fce8)
        modprobe-1301  [001] ....  2518.197257: ext4_file_open+0x14/0x1d8 <-do_dentry_open+0x124/0x3c8
        modprobe-1301  [001] ....  2518.197275: <stack trace>
 => ext4_file_open+0x18/0x1d8
 => do_dentry_open+0x124/0x3c8
 => vfs_open+0x3c/0x40
 => path_openat+0x2c0/0x1154
 => do_filp_open+0x84/0xec
 => do_sys_open+0x178/0x1fc
 => sys_openat+0x1c/0x20
 => __sys_trace_return+0x0/0x1c
 => 0x7e8a1990
        modprobe-1301  [001] ....  2518.197281: sys_exit: NR 322 = 0
        modprobe-1301  [001] ....  2518.197284: sys_enter: NR 221 (0, 3, 2d040, 3fce8, 2d040, 3fce8)
        modprobe-1301  [001] ....  2518.197286: sys_exit: NR 221 = 131072
        modprobe-1301  [001] ....  2518.197291: sys_enter: NR 197 (0, 7e8a18d8, 7e8a18d8, 76bd9788, 1e163c0, 76cb8b1c)
        modprobe-1301  [001] ....  2518.197296: sys_exit: NR 197 = 0
        modprobe-1301  [001] ....  2518.197300: sys_enter: NR 3 (0, 1e16630, 1000, 0, 1e163c0, 76cb8b1c)
        modprobe-1301  [001] ....  2518.197303: ext4_file_read_iter+0x10/0x64 <-__vfs_read+0x124/0x16c
            Xorg-546   [000] ....  2518.197312: sys_enter: NR 146 (12, 7eba0a3c, 1, 0, 1, 7eba0a3c)
        modprobe-1301  [001] ....  2518.197318: <stack trace>
 => ext4_file_read_iter+0x14/0x64
 => __vfs_read+0x124/0x16c
 => vfs_read+0x9c/0x164
 => ksys_read+0x74/0xe8
 => sys_read+0x18/0x1c
 => __sys_trace_return+0x0/0x1c
 => 0x7e8a1958
        modprobe-1301  [001] ....  2518.197324: sys_exit: NR 3 = 20
        modprobe-1301  [001] ....  2518.197335: sys_enter: NR 3 (0, 1e16630, 1000, 0, 1e163c0, 76cb8b1c)
        modprobe-1301  [001] ....  2518.197338: ext4_file_read_iter+0x10/0x64 <-__vfs_read+0x124/0x16c
            Xorg-546   [000] ....  2518.197351: sys_exit: NR 146 = 32
        modprobe-1301  [001] ....  2518.197352: <stack trace>
 => ext4_file_read_iter+0x14/0x64
 => __vfs_read+0x124/0x16c
 => vfs_read+0x9c/0x164
 => ksys_read+0x74/0xe8
 => sys_read+0x18/0x1c
 => __sys_trace_return+0x0/0x1c
 => 0x7e8a1958
        modprobe-1301  [001] ....  2518.197357: sys_exit: NR 3 = 0
        modprobe-1301  [001] ....  2518.197362: sys_enter: NR 6 (0, 444, 76cb86d8, 76bd8864, 1e163c0, 76cb8b1c)
        modprobe-1301  [001] ....  2518.197364: __close_fd+0x10/0xa0 <-sys_close+0x30/0x58
            Xorg-546   [000] ....  2518.197371: sys_enter: NR 297 (1c, 7eba09cc, 0, 0, 0, 7eba09cc)
        modprobe-1301  [001] ....  2518.197375: <stack trace>
 => __close_fd+0x14/0xa0
 => sys_close+0x30/0x58
 => __sys_trace_return+0x0/0x1c
 => 0x7e8a1998
            Xorg-546   [000] ....  2518.197377: sys_exit: NR 297 = -11
        modprobe-1301  [001] ....  2518.197378: sys_exit: NR 6 = 0
            Xorg-546   [000] ....  2518.197382: sys_enter: NR 104 (0, 7eba0be4, 0, 0, 76f8d968, 212b8c)
            Xorg-546   [000] ....  2518.197387: sys_exit: NR 104 = 0
        modprobe-1301  [001] ....  2518.197391: sys_enter: NR 322 (ffffff9c, 7e8a1b14, a0000, 0, 7e8a1b14, 3fce8)
            Xorg-546   [000] ....  2518.197394: sys_enter: NR 252 (3, 7eb9fbe0, 100, 1b280, 1b280, 100)
        modprobe-1301  [001] ....  2518.197403: ext4_file_open+0x14/0x1d8 <-do_dentry_open+0x124/0x3c8
        modprobe-1301  [001] ....  2518.197420: <stack trace>
 => ext4_file_open+0x18/0x1d8
 => do_dentry_open+0x124/0x3c8
 => vfs_open+0x3c/0x40
 => path_openat+0x2c0/0x1154
 => do_filp_open+0x84/0xec
 => do_sys_open+0x178/0x1fc
 => sys_openat+0x1c/0x20
 => __sys_trace_return+0x0/0x1c
 => 0x7e8a1990
        modprobe-1301  [001] ....  2518.197425: sys_exit: NR 322 = 0
            Xorg-546   [000] d...  2518.197426: sched_switch: prev_comm=Xorg prev_pid=546 prev_prio=120 prev_state=S ==> next_comm=vncagent next_pid=550 next_prio=120
        modprobe-1301  [001] ....  2518.197428: sys_enter: NR 221 (0, 3, 2d040, 3fce8, 2d040, 3fce8)
        modprobe-1301  [001] ....  2518.197430: sys_exit: NR 221 = 131072
        modprobe-1301  [001] ....  2518.197435: sys_enter: NR 197 (0, 7e8a18d8, 7e8a18d8, 76bd9788, 1e163c0, 76cb8b1c)
        modprobe-1301  [001] ....  2518.197440: sys_exit: NR 197 = 0
        modprobe-1301  [001] ....  2518.197444: sys_enter: NR 3 (0, 1e16630, 1000, 0, 1e163c0, 76cb8b1c)
        modprobe-1301  [001] ....  2518.197446: ext4_file_read_iter+0x10/0x64 <-__vfs_read+0x124/0x16c
        vncagent-550   [000] ....  2518.197454: sys_exit: NR 142 = 1
        modprobe-1301  [001] ....  2518.197461: <stack trace>
 => ext4_file_read_iter+0x14/0x64
 => __vfs_read+0x124/0x16c
 => vfs_read+0x9c/0x164
 => ksys_read+0x74/0xe8
 => sys_read+0x18/0x1c
 => __sys_trace_return+0x0/0x1c
 => 0x7e8a1958
        modprobe-1301  [001] ....  2518.197467: sys_exit: NR 3 = 19
        modprobe-1301  [001] ....  2518.197477: sys_enter: NR 3 (0, 1e16630, 1000, 0, 1e163c0, 76cb8b1c)
        modprobe-1301  [001] ....  2518.197481: ext4_file_read_iter+0x10/0x64 <-__vfs_read+0x124/0x16c
        vncagent-550   [000] ....  2518.197485: sys_enter: NR 297 (3, 7ef1462c, 0, 0, 19087a0, 1)
        modprobe-1301  [001] ....  2518.197496: <stack trace>
 => ext4_file_read_iter+0x14/0x64
 => __vfs_read+0x124/0x16c
 => vfs_read+0x9c/0x164
 => ksys_read+0x74/0xe8
 => sys_read+0x18/0x1c
 => __sys_trace_return+0x0/0x1c
 => 0x7e8a1958
        modprobe-1301  [001] ....  2518.197499: sys_exit: NR 3 = 0
        vncagent-550   [000] ....  2518.197500: sys_exit: NR 297 = 32
        modprobe-1301  [001] ....  2518.197503: sys_enter: NR 6 (0, 444, 76cb86d8, 76bd8864, 1e163c0, 76cb8b1c)
        modprobe-1301  [001] ....  2518.197505: __close_fd+0x10/0xa0 <-sys_close+0x30/0x58
        modprobe-1301  [001] ....  2518.197516: <stack trace>
 => __close_fd+0x14/0xa0
 => sys_close+0x30/0x58
 => __sys_trace_return+0x0/0x1c
 => 0x7e8a1998
        modprobe-1301  [001] ....  2518.197519: sys_exit: NR 6 = 0
        vncagent-550   [000] ....  2518.197523: sys_enter: NR 297 (3, 7ef1462c, 0, 0, 19087a0, 1)
        vncagent-550   [000] ....  2518.197527: sys_exit: NR 297 = -11
        modprobe-1301  [001] ....  2518.197531: sys_enter: NR 322 (ffffff9c, 7e8a1b14, a0000, 0, 7e8a1b14, 3fce8)
        vncagent-550   [000] ....  2518.197532: sys_enter: NR 297 (3, 7ef1464c, 0, 0, 19087a0, 7ef14724)
        vncagent-550   [000] ....  2518.197536: sys_exit: NR 297 = -11
        modprobe-1301  [001] ....  2518.197543: ext4_file_open+0x14/0x1d8 <-do_dentry_open+0x124/0x3c8
        modprobe-1301  [001] ....  2518.197561: <stack trace>
 => ext4_file_open+0x18/0x1d8
 => do_dentry_open+0x124/0x3c8
 => vfs_open+0x3c/0x40
 => path_openat+0x2c0/0x1154
 => do_filp_open+0x84/0xec
 => do_sys_open+0x178/0x1fc
 => sys_openat+0x1c/0x20
 => __sys_trace_return+0x0/0x1c
 => 0x7e8a1990
        modprobe-1301  [001] ....  2518.197566: sys_exit: NR 322 = 0
        modprobe-1301  [001] ....  2518.197569: sys_enter: NR 221 (0, 3, 2d040, 3fce8, 2d040, 3fce8)
        vncagent-550   [000] ....  2518.197570: sys_enter: NR 297 (3, 7ef1462c, 0, 0, 19087a0, 1)
        modprobe-1301  [001] ....  2518.197571: sys_exit: NR 221 = 131072
        vncagent-550   [000] ....  2518.197574: sys_exit: NR 297 = -11
        modprobe-1301  [001] ....  2518.197575: sys_enter: NR 197 (0, 7e8a18d8, 7e8a18d8, 76bd9788, 1e163c0, 76cb8b1c)
        vncagent-550   [000] ....  2518.197577: sys_enter: NR 297 (3, 7ef1464c, 0, 0, 19087a0, 7ef14724)
        modprobe-1301  [001] ....  2518.197580: sys_exit: NR 197 = 0
        vncagent-550   [000] ....  2518.197581: sys_exit: NR 297 = -11
        modprobe-1301  [001] ....  2518.197584: sys_enter: NR 3 (0, 1e16630, 1000, 0, 1e163c0, 76cb8b1c)
        modprobe-1301  [001] ....  2518.197586: ext4_file_read_iter+0x10/0x64 <-__vfs_read+0x124/0x16c
        vncagent-550   [000] ....  2518.197588: sys_enter: NR 142 (e, 7ef14630, 7ef146b0, 7ef14730, 7ef14628, 7ef146ac)
        modprobe-1301  [001] ....  2518.197601: <stack trace>
 => ext4_file_read_iter+0x14/0x64
 => __vfs_read+0x124/0x16c
 => vfs_read+0x9c/0x164
 => ksys_read+0x74/0xe8
 => sys_read+0x18/0x1c
 => __sys_trace_return+0x0/0x1c
 => 0x7e8a1958
        modprobe-1301  [001] ....  2518.197609: sys_exit: NR 3 = 390
        vncagent-550   [000] d...  2518.197618: sched_switch: prev_comm=vncagent prev_pid=550 prev_prio=120 prev_state=S ==> next_comm=lxterminal next_pid=1128 next_prio=120
      lxterminal-1128  [000] ....  2518.197635: sys_enter: NR 297 (3, 7ec3b664, 0, 0, 0, 7ec3b664)
      lxterminal-1128  [000] ....  2518.197651: sys_exit: NR 297 = 64
      lxterminal-1128  [000] ....  2518.197670: sys_enter: NR 297 (3, 7ec3b664, 0, 0, 0, 7ec3b664)
      lxterminal-1128  [000] ....  2518.197675: sys_exit: NR 297 = -11
      lxterminal-1128  [000] ....  2518.197690: sys_enter: NR 168 (e1798, 3, 0, 0, 0, 3)
      lxterminal-1128  [000] ....  2518.197699: sys_exit: NR 168 = 0
        modprobe-1301  [001] ....  2518.197704: sys_enter: NR 3 (0, 1e16630, 1000, 0, 1e163c0, 76cb8b1c)
        modprobe-1301  [001] ....  2518.197706: ext4_file_read_iter+0x10/0x64 <-__vfs_read+0x124/0x16c
        modprobe-1301  [001] ....  2518.197721: <stack trace>
 => ext4_file_read_iter+0x14/0x64
 => __vfs_read+0x124/0x16c
 => vfs_read+0x9c/0x164
 => ksys_read+0x74/0xe8
 => sys_read+0x18/0x1c
 => __sys_trace_return+0x0/0x1c
 => 0x7e8a1958
        modprobe-1301  [001] ....  2518.197724: sys_exit: NR 3 = 0
        modprobe-1301  [001] ....  2518.197728: sys_enter: NR 6 (0, 444, 76cb86d8, 76bd8864, 1e163c0, 76cb8b1c)
        modprobe-1301  [001] ....  2518.197732: __close_fd+0x10/0xa0 <-sys_close+0x30/0x58
        modprobe-1301  [001] ....  2518.197743: <stack trace>
 => __close_fd+0x14/0xa0
 => sys_close+0x30/0x58
 => __sys_trace_return+0x0/0x1c
 => 0x7e8a1998
        modprobe-1301  [001] ....  2518.197747: sys_exit: NR 6 = 0
        modprobe-1301  [001] ....  2518.197759: sys_enter: NR 322 (ffffff9c, 7e8a1b14, a0000, 0, 7e8a1b14, 3fce8)
      lxterminal-1128  [000] ....  2518.197772: sys_enter: NR 297 (3, 7ec3b5cc, 0, 0, 0, 7ec3b5cc)
        modprobe-1301  [001] ....  2518.197774: ext4_file_open+0x14/0x1d8 <-do_dentry_open+0x124/0x3c8
      lxterminal-1128  [000] ....  2518.197776: sys_exit: NR 297 = -11
      lxterminal-1128  [000] ....  2518.197790: sys_enter: NR 297 (3, 7ec3b664, 0, 0, 0, 7ec3b664)
        modprobe-1301  [001] ....  2518.197792: <stack trace>
 => ext4_file_open+0x18/0x1d8
 => do_dentry_open+0x124/0x3c8
 => vfs_open+0x3c/0x40
 => path_openat+0x2c0/0x1154
 => do_filp_open+0x84/0xec
 => do_sys_open+0x178/0x1fc
 => sys_openat+0x1c/0x20
 => __sys_trace_return+0x0/0x1c
 => 0x7e8a1990
      lxterminal-1128  [000] ....  2518.197794: sys_exit: NR 297 = -11
        modprobe-1301  [001] ....  2518.197797: sys_exit: NR 322 = 0
        modprobe-1301  [001] ....  2518.197800: sys_enter: NR 221 (0, 3, 2d040, 3fce8, 2d040, 3fce8)
        modprobe-1301  [001] ....  2518.197802: sys_exit: NR 221 = 131072
      lxterminal-1128  [000] ....  2518.197806: sys_enter: NR 168 (e1798, 5, 8, 0, 8, 5)
        modprobe-1301  [001] ....  2518.197806: sys_enter: NR 197 (0, 7e8a18d8, 7e8a18d8, 76bd9788, 1e163c0, 76cb8b1c)
        modprobe-1301  [001] ....  2518.197811: sys_exit: NR 197 = 0
        modprobe-1301  [001] ....  2518.197815: sys_enter: NR 3 (0, 1e16630, 1000, 0, 1e163c0, 76cb8b1c)
        modprobe-1301  [001] ....  2518.197817: ext4_file_read_iter+0x10/0x64 <-__vfs_read+0x124/0x16c
        modprobe-1301  [001] ....  2518.197832: <stack trace>
 => ext4_file_read_iter+0x14/0x64
 => __vfs_read+0x124/0x16c
 => vfs_read+0x9c/0x164
 => ksys_read+0x74/0xe8
 => sys_read+0x18/0x1c
 => __sys_trace_return+0x0/0x1c
 => 0x7e8a1958
        modprobe-1301  [001] ....  2518.197839: sys_exit: NR 3 = 379
      lxterminal-1128  [000] d...  2518.197886: sched_switch: prev_comm=lxterminal prev_pid=1128 prev_prio=120 prev_state=S ==> next_comm=swapper/0 next_pid=0 next_prio=120
        modprobe-1301  [001] ....  2518.197947: sys_enter: NR 3 (0, 1e16630, 1000, 0, 1e163c0, 76cb8b1c)
        modprobe-1301  [001] ....  2518.197949: ext4_file_read_iter+0x10/0x64 <-__vfs_read+0x124/0x16c
        modprobe-1301  [001] ....  2518.197964: <stack trace>
 => ext4_file_read_iter+0x14/0x64
 => __vfs_read+0x124/0x16c
 => vfs_read+0x9c/0x164
 => ksys_read+0x74/0xe8
 => sys_read+0x18/0x1c
 => __sys_trace_return+0x0/0x1c
 => 0x7e8a1958
        modprobe-1301  [001] ....  2518.197968: sys_exit: NR 3 = 0
        modprobe-1301  [001] ....  2518.197972: sys_enter: NR 6 (0, 444, 76cb86d8, 76bd8864, 1e163c0, 76cb8b1c)
        modprobe-1301  [001] ....  2518.197974: __close_fd+0x10/0xa0 <-sys_close+0x30/0x58
        modprobe-1301  [001] ....  2518.197986: <stack trace>
 => __close_fd+0x14/0xa0
 => sys_close+0x30/0x58
 => __sys_trace_return+0x0/0x1c
 => 0x7e8a1998
        modprobe-1301  [001] ....  2518.197990: sys_exit: NR 6 = 0
        modprobe-1301  [001] ....  2518.198001: sys_enter: NR 322 (ffffff9c, 7e8a1b14, a0000, 0, 7e8a1b14, 3fce8)
        modprobe-1301  [001] ....  2518.198013: ext4_file_open+0x14/0x1d8 <-do_dentry_open+0x124/0x3c8
        modprobe-1301  [001] ....  2518.198030: <stack trace>
 => ext4_file_open+0x18/0x1d8
 => do_dentry_open+0x124/0x3c8
 => vfs_open+0x3c/0x40
 => path_openat+0x2c0/0x1154
 => do_filp_open+0x84/0xec
 => do_sys_open+0x178/0x1fc
 => sys_openat+0x1c/0x20
 => __sys_trace_return+0x0/0x1c
 => 0x7e8a1990
        modprobe-1301  [001] ....  2518.198035: sys_exit: NR 322 = 0
        modprobe-1301  [001] ....  2518.198038: sys_enter: NR 221 (0, 3, 2d040, 3fce8, 2d040, 3fce8)
        modprobe-1301  [001] ....  2518.198040: sys_exit: NR 221 = 131072
        modprobe-1301  [001] ....  2518.198045: sys_enter: NR 197 (0, 7e8a18d8, 7e8a18d8, 76bd9788, 1e163c0, 76cb8b1c)
        modprobe-1301  [001] ....  2518.198049: sys_exit: NR 197 = 0
        modprobe-1301  [001] ....  2518.198056: sys_enter: NR 3 (0, 1e16630, 1000, 0, 1e163c0, 76cb8b1c)
        modprobe-1301  [001] ....  2518.198059: ext4_file_read_iter+0x10/0x64 <-__vfs_read+0x124/0x16c
        modprobe-1301  [001] ....  2518.198073: <stack trace>
 => ext4_file_read_iter+0x14/0x64
 => __vfs_read+0x124/0x16c
 => vfs_read+0x9c/0x164
 => ksys_read+0x74/0xe8
 => sys_read+0x18/0x1c
 => __sys_trace_return+0x0/0x1c
 => 0x7e8a1958
        modprobe-1301  [001] ....  2518.198077: sys_exit: NR 3 = 0
        modprobe-1301  [001] ....  2518.198081: sys_enter: NR 6 (0, 444, 76cb86d8, 76bd8864, 1e163c0, 76cb8b1c)
        modprobe-1301  [001] ....  2518.198083: __close_fd+0x10/0xa0 <-sys_close+0x30/0x58
        modprobe-1301  [001] ....  2518.198094: <stack trace>
 => __close_fd+0x14/0xa0
 => sys_close+0x30/0x58
 => __sys_trace_return+0x0/0x1c
 => 0x7e8a1998
        modprobe-1301  [001] ....  2518.198097: sys_exit: NR 6 = 0
        modprobe-1301  [001] ....  2518.198110: sys_enter: NR 322 (ffffff9c, 7e8a1b14, a0000, 0, 7e8a1b14, 3fce8)
        modprobe-1301  [001] ....  2518.198121: ext4_file_open+0x14/0x1d8 <-do_dentry_open+0x124/0x3c8
        modprobe-1301  [001] ....  2518.198139: <stack trace>
 => ext4_file_open+0x18/0x1d8
 => do_dentry_open+0x124/0x3c8
 => vfs_open+0x3c/0x40
 => path_openat+0x2c0/0x1154
 => do_filp_open+0x84/0xec
 => do_sys_open+0x178/0x1fc
 => sys_openat+0x1c/0x20
 => __sys_trace_return+0x0/0x1c
 => 0x7e8a1990
        modprobe-1301  [001] ....  2518.198144: sys_exit: NR 322 = 0
        modprobe-1301  [001] ....  2518.198147: sys_enter: NR 221 (0, 3, 2d040, 3fce8, 2d040, 3fce8)
        modprobe-1301  [001] ....  2518.198149: sys_exit: NR 221 = 131072
        modprobe-1301  [001] ....  2518.198153: sys_enter: NR 197 (0, 7e8a18d8, 7e8a18d8, 76bd9788, 1e163c0, 76cb8b1c)
        modprobe-1301  [001] ....  2518.198158: sys_exit: NR 197 = 0
        modprobe-1301  [001] ....  2518.198161: sys_enter: NR 3 (0, 1e16630, 1000, 0, 1e163c0, 76cb8b1c)
        modprobe-1301  [001] ....  2518.198163: ext4_file_read_iter+0x10/0x64 <-__vfs_read+0x124/0x16c
        modprobe-1301  [001] ....  2518.198178: <stack trace>
 => ext4_file_read_iter+0x14/0x64
 => __vfs_read+0x124/0x16c
 => vfs_read+0x9c/0x164
 => ksys_read+0x74/0xe8
 => sys_read+0x18/0x1c
 => __sys_trace_return+0x0/0x1c
 => 0x7e8a1958
        modprobe-1301  [001] ....  2518.198185: sys_exit: NR 3 = 765
        modprobe-1301  [001] ....  2518.198223: sys_enter: NR 3 (0, 1e16630, 1000, 0, 1e163c0, 76cb8b1c)
        modprobe-1301  [001] ....  2518.198225: ext4_file_read_iter+0x10/0x64 <-__vfs_read+0x124/0x16c
        modprobe-1301  [001] ....  2518.198241: <stack trace>
 => ext4_file_read_iter+0x14/0x64
 => __vfs_read+0x124/0x16c
 => vfs_read+0x9c/0x164
 => ksys_read+0x74/0xe8
 => sys_read+0x18/0x1c
 => __sys_trace_return+0x0/0x1c
 => 0x7e8a1958
        modprobe-1301  [001] ....  2518.198245: sys_exit: NR 3 = 0
        modprobe-1301  [001] ....  2518.198249: sys_enter: NR 6 (0, 444, 76cb86d8, 76bd8864, 1e163c0, 76cb8b1c)
        modprobe-1301  [001] ....  2518.198250: __close_fd+0x10/0xa0 <-sys_close+0x30/0x58
        modprobe-1301  [001] ....  2518.198262: <stack trace>
 => __close_fd+0x14/0xa0
 => sys_close+0x30/0x58
 => __sys_trace_return+0x0/0x1c
 => 0x7e8a1998
        modprobe-1301  [001] ....  2518.198265: sys_exit: NR 6 = 0
        modprobe-1301  [001] ....  2518.198274: sys_enter: NR 322 (ffffff9c, 2e5a0, a0000, 0, 7e8a1b18, 3fce8)
        modprobe-1301  [001] ....  2518.198300: sys_exit: NR 322 = 0
        modprobe-1301  [001] ....  2518.198302: sys_enter: NR 3 (0, 7e8a1b14, fff, 0, fff, 0)
        modprobe-1301  [001] ....  2518.198316: sys_exit: NR 3 = 341
        modprobe-1301  [001] ....  2518.198319: sys_enter: NR 3 (0, 7e8a1c69, eaa, 0, eaa, 155)
        modprobe-1301  [001] ....  2518.198321: sys_exit: NR 3 = 0
        modprobe-1301  [001] ....  2518.198324: sys_enter: NR 6 (0, 7e8a1c69, 6c, 0, 0, 7e8a1b14)
        modprobe-1301  [001] ....  2518.198326: __close_fd+0x10/0xa0 <-sys_close+0x30/0x58
        modprobe-1301  [001] ....  2518.198338: <stack trace>
 => __close_fd+0x14/0xa0
 => sys_close+0x30/0x58
 => __sys_trace_return+0x0/0x1c
 => 0x7e8a19b8
        modprobe-1301  [001] ....  2518.198341: sys_exit: NR 6 = 0
        modprobe-1301  [001] ....  2518.198396: sys_enter: NR 322 (ffffff9c, 7e8a1b54, a0000, 0, 1e173a8, 3fce8)
        modprobe-1301  [001] ....  2518.198410: ext4_file_open+0x14/0x1d8 <-do_dentry_open+0x124/0x3c8
        modprobe-1301  [001] ....  2518.198428: <stack trace>
 => ext4_file_open+0x18/0x1d8
 => do_dentry_open+0x124/0x3c8
 => vfs_open+0x3c/0x40
 => path_openat+0x2c0/0x1154
 => do_filp_open+0x84/0xec
 => do_sys_open+0x178/0x1fc
 => sys_openat+0x1c/0x20
 => __sys_trace_return+0x0/0x1c
 => 0x7e8a1a58
        modprobe-1301  [001] ....  2518.198433: sys_exit: NR 322 = 0
        modprobe-1301  [001] ....  2518.198436: sys_enter: NR 197 (0, 7e8a1aa8, 7e8a1aa8, ef2d7c00, 1e173a8, 0)
        modprobe-1301  [001] ....  2518.198441: sys_exit: NR 197 = 0
        modprobe-1301  [001] ....  2518.198444: sys_enter: NR 192 (0, 3ef0e, 1, 2, 0, 0)
        modprobe-1301  [001] ....  2518.198471: sys_exit: NR 192 = 1991196672
        modprobe-1301  [001] ....  2518.198496: sys_enter: NR 6 (0, ed, 6c, 0, 1e173a8, 0)
        modprobe-1301  [001] ....  2518.198498: __close_fd+0x10/0xa0 <-sys_close+0x30/0x58
        modprobe-1301  [001] ....  2518.198510: <stack trace>
 => __close_fd+0x14/0xa0
 => sys_close+0x30/0x58
 => __sys_trace_return+0x0/0x1c
 => 0x7e8a1a80
        modprobe-1301  [001] ....  2518.198513: sys_exit: NR 6 = 0
        modprobe-1301  [001] ....  2518.198521: sys_enter: NR 322 (ffffff9c, 7e8a1b54, a0000, 0, 1e173c0, 3fce8)
        modprobe-1301  [001] ....  2518.198534: ext4_file_open+0x14/0x1d8 <-do_dentry_open+0x124/0x3c8
        modprobe-1301  [001] ....  2518.198552: <stack trace>
 => ext4_file_open+0x18/0x1d8
 => do_dentry_open+0x124/0x3c8
 => vfs_open+0x3c/0x40
 => path_openat+0x2c0/0x1154
 => do_filp_open+0x84/0xec
 => do_sys_open+0x178/0x1fc
 => sys_openat+0x1c/0x20
 => __sys_trace_return+0x0/0x1c
 => 0x7e8a1a58
        modprobe-1301  [001] ....  2518.198557: sys_exit: NR 322 = 0
        modprobe-1301  [001] ....  2518.198559: sys_enter: NR 197 (0, 7e8a1aa8, 7e8a1aa8, ef2d7c00, 1e173c0, 0)
        modprobe-1301  [001] ....  2518.198565: sys_exit: NR 197 = 0
        modprobe-1301  [001] ....  2518.198567: sys_enter: NR 192 (0, 88574, 1, 2, 0, 0)
        modprobe-1301  [001] ....  2518.198578: sys_exit: NR 192 = 1990635520
        modprobe-1301  [001] ....  2518.198599: sys_enter: NR 6 (0, 84, 6c, 0, 1e173c0, 0)
        modprobe-1301  [001] ....  2518.198601: __close_fd+0x10/0xa0 <-sys_close+0x30/0x58
        modprobe-1301  [001] ....  2518.198614: <stack trace>
 => __close_fd+0x14/0xa0
 => sys_close+0x30/0x58
 => __sys_trace_return+0x0/0x1c
 => 0x7e8a1a80
        modprobe-1301  [001] ....  2518.198617: sys_exit: NR 6 = 0
        modprobe-1301  [001] ....  2518.198625: sys_enter: NR 322 (ffffff9c, 7e8a1b54, a0000, 0, 1e173d8, 3fce8)
        modprobe-1301  [001] ....  2518.198637: ext4_file_open+0x14/0x1d8 <-do_dentry_open+0x124/0x3c8
        modprobe-1301  [001] ....  2518.198655: <stack trace>
 => ext4_file_open+0x18/0x1d8
 => do_dentry_open+0x124/0x3c8
 => vfs_open+0x3c/0x40
 => path_openat+0x2c0/0x1154
 => do_filp_open+0x84/0xec
 => do_sys_open+0x178/0x1fc
 => sys_openat+0x1c/0x20
 => __sys_trace_return+0x0/0x1c
 => 0x7e8a1a58
        modprobe-1301  [001] ....  2518.198660: sys_exit: NR 322 = 0
        modprobe-1301  [001] ....  2518.198663: sys_enter: NR 197 (0, 7e8a1aa8, 7e8a1aa8, ef2d7c00, 1e173d8, 0)
        modprobe-1301  [001] ....  2518.198668: sys_exit: NR 197 = 0
        modprobe-1301  [001] ....  2518.198670: sys_enter: NR 192 (0, 45ae9, 1, 2, 0, 0)
        modprobe-1301  [001] ....  2518.198680: sys_exit: NR 192 = 1990348800
        modprobe-1301  [001] ....  2518.198701: sys_enter: NR 6 (0, 5a, 6c, 0, 1e173d8, 0)
        modprobe-1301  [001] ....  2518.198703: __close_fd+0x10/0xa0 <-sys_close+0x30/0x58
        modprobe-1301  [001] ....  2518.198715: <stack trace>
 => __close_fd+0x14/0xa0
 => sys_close+0x30/0x58
 => __sys_trace_return+0x0/0x1c
 => 0x7e8a1a80
        modprobe-1301  [001] ....  2518.198718: sys_exit: NR 6 = 0
        modprobe-1301  [001] ....  2518.198725: sys_enter: NR 322 (ffffff9c, 7e8a1b54, a0000, 0, 1e173f0, 3fce8)
        modprobe-1301  [001] ....  2518.198739: ext4_file_open+0x14/0x1d8 <-do_dentry_open+0x124/0x3c8
        modprobe-1301  [001] ....  2518.198757: <stack trace>
 => ext4_file_open+0x18/0x1d8
 => do_dentry_open+0x124/0x3c8
 => vfs_open+0x3c/0x40
 => path_openat+0x2c0/0x1154
 => do_filp_open+0x84/0xec
 => do_sys_open+0x178/0x1fc
 => sys_openat+0x1c/0x20
 => __sys_trace_return+0x0/0x1c
 => 0x7e8a1a58
        modprobe-1301  [001] ....  2518.198762: sys_exit: NR 322 = 0
        modprobe-1301  [001] ....  2518.198765: sys_enter: NR 197 (0, 7e8a1aa8, 7e8a1aa8, ef2d7c00, 1e173f0, 0)
        modprobe-1301  [001] ....  2518.198769: sys_exit: NR 197 = 0
        modprobe-1301  [001] ....  2518.198772: sys_enter: NR 192 (0, 31ee, 1, 2, 0, 0)
        modprobe-1301  [001] ....  2518.198781: sys_exit: NR 192 = 1995780096
        modprobe-1301  [001] ....  2518.198793: sys_enter: NR 6 (0, 30, 6c, 0, 1e173f0, 0)
        modprobe-1301  [001] ....  2518.198795: __close_fd+0x10/0xa0 <-sys_close+0x30/0x58
        modprobe-1301  [001] ....  2518.198807: <stack trace>
 => __close_fd+0x14/0xa0
 => sys_close+0x30/0x58
 => __sys_trace_return+0x0/0x1c
 => 0x7e8a1a80
        modprobe-1301  [001] ....  2518.198810: sys_exit: NR 6 = 0
        modprobe-1301  [001] ....  2518.198928: sys_enter: NR 91 (76af4000, 3ef0e, 128, 1e173a8, 1e173a8, fe1e9e70)
        modprobe-1301  [001] ....  2518.199005: sys_exit: NR 91 = 0
        modprobe-1301  [001] ....  2518.199013: sys_enter: NR 91 (76a6b000, 88574, ef2d7c00, 1e173c0, 1e173c0, fe1e9e70)
        modprobe-1301  [001] ....  2518.199102: sys_exit: NR 91 = 0
          <idle>-0     [000] d...  2518.199111: sched_switch: prev_comm=swapper/0 prev_pid=0 prev_prio=120 prev_state=R ==> next_comm=kworker/0:0 next_pid=1155 next_prio=120
        modprobe-1301  [001] ....  2518.199111: sys_enter: NR 91 (76a25000, 45ae9, ef2d7c00, 1e173d8, 1e173d8, fe1e9e70)
        modprobe-1301  [001] ....  2518.199136: sys_exit: NR 91 = 0
        modprobe-1301  [001] ....  2518.199143: sys_enter: NR 91 (76f53000, 31ee, ef2d7c00, 1e173f0, 1e173f0, fe1e9e70)
        modprobe-1301  [001] ....  2518.199157: sys_exit: NR 91 = 0
     kworker/0:0-1155  [000] d...  2518.199160: sched_switch: prev_comm=kworker/0:0 prev_pid=1155 prev_prio=120 prev_state=I ==> next_comm=swapper/0 next_pid=0 next_prio=120
        modprobe-1301  [001] ....  2518.199369: sys_enter: NR 248 (1, 0, 1, ef2d7c00, 76cb86d8, 76cb86d8)
          <idle>-0     [000] d...  2518.199666: sched_switch: prev_comm=swapper/0 prev_pid=0 prev_prio=120 prev_state=R ==> next_comm=vncagent next_pid=550 next_prio=120
        vncagent-550   [000] ....  2518.199686: sys_exit: NR 142 = 0
        vncagent-550   [000] ....  2518.199719: sys_enter: NR 168 (7ef141f4, 1, ffffffff, 0, 19077a0, 19077a0)
        vncagent-550   [000] ....  2518.199726: sys_exit: NR 168 = 1
        vncagent-550   [000] ....  2518.199730: sys_enter: NR 146 (3, 7ef142ec, 3, 0, 0, 19077a0)
        vncagent-550   [000] ....  2518.199768: sys_exit: NR 146 = 24
        vncagent-550   [000] ....  2518.199782: sys_enter: NR 168 (7ef141dc, 1, ffffffff, 0, 7ef14360, 19077a0)
        vncagent-550   [000] d...  2518.199797: sched_switch: prev_comm=vncagent prev_pid=550 prev_prio=120 prev_state=S ==> next_comm=Xorg next_pid=546 next_prio=120
            Xorg-546   [000] ....  2518.199812: sys_exit: NR 252 = 1
            Xorg-546   [000] ....  2518.199824: sys_enter: NR 104 (0, 7eba0be4, 0, 1388, 76f8d968, 1)
            Xorg-546   [000] ....  2518.199832: sys_exit: NR 104 = 0
            Xorg-546   [000] ....  2518.199840: sys_enter: NR 297 (12, 7eba09cc, 0, 0, 0, 7eba09cc)
            Xorg-546   [000] ....  2518.199856: sys_exit: NR 297 = 24
            Xorg-546   [000] ....  2518.199888: sys_enter: NR 146 (12, 7eba0b84, 1, 0, 1, 7eba0b84)
            Xorg-546   [000] ....  2518.199912: sys_exit: NR 146 = 40
            Xorg-546   [000] ....  2518.199918: sys_enter: NR 297 (12, 7eba09cc, 0, 0, 0, 7eba09cc)
            Xorg-546   [000] ....  2518.199923: sys_exit: NR 297 = -11
            Xorg-546   [000] ....  2518.199927: sys_enter: NR 104 (0, 7eba0be4, 0, 0, 76f8d968, 212b8c)
            Xorg-546   [000] ....  2518.199933: sys_exit: NR 104 = 0
            Xorg-546   [000] ....  2518.199940: sys_enter: NR 252 (3, 7eb9fbe0, 100, 1b27e, 1b27e, 100)
            Xorg-546   [000] d...  2518.199959: sched_switch: prev_comm=Xorg prev_pid=546 prev_prio=120 prev_state=S ==> next_comm=vncagent next_pid=550 next_prio=120
        vncagent-550   [000] ....  2518.199965: sys_exit: NR 168 = 1
        vncagent-550   [000] ....  2518.199969: sys_enter: NR 297 (3, 7ef1413c, 0, 0, 19087a0, 19077a0)
        vncagent-550   [000] ....  2518.199980: sys_exit: NR 297 = 40
        vncagent-550   [000] ....  2518.200020: sys_enter: NR 168 (7ef141dc, 1, ffffffff, 0, 19077a0, 19077a0)
        vncagent-550   [000] ....  2518.200025: sys_exit: NR 168 = 1
        vncagent-550   [000] ....  2518.200027: sys_enter: NR 146 (3, 7ef142d4, 3, 0, 0, 19077a0)
        modprobe-1301  [001] d...  2518.200033: sched_switch: prev_comm=modprobe prev_pid=1301 prev_prio=120 prev_state=Z ==> next_comm=kworker/u8:1 next_pid=1243 next_prio=120
        vncagent-550   [000] ....  2518.200047: sys_exit: NR 146 = 32
        vncagent-550   [000] ....  2518.200053: sys_enter: NR 168 (7ef141c4, 1, ffffffff, 0, 7ef14348, 19077a0)
        vncagent-550   [000] d...  2518.200066: sched_switch: prev_comm=vncagent prev_pid=550 prev_prio=120 prev_state=S ==> next_comm=Xorg next_pid=546 next_prio=120
            Xorg-546   [000] ....  2518.200074: sys_exit: NR 252 = 1
            Xorg-546   [000] ....  2518.200079: sys_enter: NR 104 (0, 7eba0be4, 0, 1388, 76f8d968, 1)
            Xorg-546   [000] ....  2518.200085: sys_exit: NR 104 = 0
            Xorg-546   [000] ....  2518.200088: sys_enter: NR 297 (12, 7eba09cc, 0, 0, 0, 7eba09cc)
            Xorg-546   [000] ....  2518.200098: sys_exit: NR 297 = 32
    kworker/u8:1-1243  [001] d...  2518.200191: sched_switch: prev_comm=kworker/u8:1 prev_pid=1243 prev_prio=120 prev_state=I ==> next_comm=sudo next_pid=1289 next_prio=120
            sudo-1289  [001] ....  2518.200225: sys_exit: NR 281 = -93
            sudo-1289  [001] ....  2518.200248: sys_enter: NR 199 (57a6b0, 8004, 0, 0, 8004, 57a6b0)
            sudo-1289  [001] ....  2518.200251: sys_exit: NR 199 = 0
            sudo-1289  [001] ....  2518.200263: sys_enter: NR 322 (ffffff9c, 766f3288, 20000, 0, 574150, 76f42968)
            sudo-1289  [001] ....  2518.200291: ext4_file_open+0x14/0x1d8 <-do_dentry_open+0x124/0x3c8
            sudo-1289  [001] ....  2518.200318: <stack trace>
 => ext4_file_open+0x18/0x1d8
 => do_dentry_open+0x124/0x3c8
 => vfs_open+0x3c/0x40
 => path_openat+0x2c0/0x1154
 => do_filp_open+0x84/0xec
 => do_sys_open+0x178/0x1fc
 => sys_openat+0x1c/0x20
 => __sys_trace_return+0x0/0x1c
 => 0x7e90ee48
            sudo-1289  [001] ....  2518.200328: sys_exit: NR 322 = 4
            sudo-1289  [001] ....  2518.200338: sys_enter: NR 197 (4, 7e90ee10, 7e90ee10, 76d24788, 574150, 76e03b1c)
            sudo-1289  [001] ....  2518.200348: sys_exit: NR 197 = 0
            sudo-1289  [001] ....  2518.200357: sys_enter: NR 3 (4, 582718, 1000, 0, 574150, 76e03b1c)
            sudo-1289  [001] ....  2518.200362: ext4_file_read_iter+0x10/0x64 <-__vfs_read+0x124/0x16c
            sudo-1289  [001] ....  2518.200378: <stack trace>
 => ext4_file_read_iter+0x14/0x64
 => __vfs_read+0x124/0x16c
 => vfs_read+0x9c/0x164
 => ksys_read+0x74/0xe8
 => sys_read+0x18/0x1c
 => __sys_trace_return+0x0/0x1c
 => 0x7e90ee90
            sudo-1289  [001] ....  2518.200397: sys_exit: NR 3 = 4096
            Xorg-546   [000] ....  2518.200412: sys_enter: NR 146 (12, 7eba0b74, 1, 0, 1, 7eba0b74)
            Xorg-546   [000] ....  2518.200436: sys_exit: NR 146 = 32
            Xorg-546   [000] ....  2518.200441: sys_enter: NR 297 (12, 7eba09cc, 0, 0, 0, 7eba09cc)
            Xorg-546   [000] ....  2518.200445: sys_exit: NR 297 = -11
            Xorg-546   [000] ....  2518.200449: sys_enter: NR 104 (0, 7eba0be4, 0, 0, 76f8d968, 212b8c)
            Xorg-546   [000] ....  2518.200455: sys_exit: NR 104 = 0
