            Xorg-493   [003] ....  4604.672410: sys_enter: NR 146 (12, 7ec13a3c, 1, 0, 1, 7ec13a3c)
            Xorg-493   [003] ....  4604.672433: sys_exit: NR 146 = 32
          <idle>-0     [000] d...  4604.672444: sched_switch: prev_comm=swapper/0 prev_pid=0 prev_prio=120 prev_state=R ==> next_comm=vncagent next_pid=512 next_prio=120
            Xorg-493   [003] ....  4604.672448: sys_enter: NR 297 (1c, 7ec139cc, 0, 0, 0, 7ec139cc)
            Xorg-493   [003] ....  4604.672452: sys_exit: NR 297 = -11
            Xorg-493   [003] ....  4604.672456: sys_enter: NR 104 (0, 7ec13be4, 0, 0, 76f94968, 212b8c)
            Xorg-493   [003] ....  4604.672461: sys_exit: NR 104 = 0
            Xorg-493   [003] ....  4604.672465: sys_enter: NR 252 (3, 7ec12be0, 100, 1b82a, 1b82a, 100)
        vncagent-512   [000] ....  4604.672465: sys_exit: NR 142 = 1
            Xorg-493   [003] d...  4604.672480: sched_switch: prev_comm=Xorg prev_pid=493 prev_prio=120 prev_state=S ==> next_comm=swapper/3 next_pid=0 next_prio=120
        vncagent-512   [000] ....  4604.672487: sys_enter: NR 297 (3, 7efe362c, 0, 0, 1b747a0, 1)
        vncagent-512   [000] ....  4604.672499: sys_exit: NR 297 = 32
        vncagent-512   [000] ....  4604.672512: sys_enter: NR 297 (3, 7efe362c, 0, 0, 1b747a0, 1)
        vncagent-512   [000] ....  4604.672515: sys_exit: NR 297 = -11
        vncagent-512   [000] ....  4604.672519: sys_enter: NR 297 (3, 7efe364c, 0, 0, 1b747a0, 7efe3724)
        vncagent-512   [000] ....  4604.672521: sys_exit: NR 297 = -11
        vncagent-512   [000] ....  4604.672541: sys_enter: NR 297 (3, 7efe362c, 0, 0, 1b747a0, 1)
        vncagent-512   [000] ....  4604.672544: sys_exit: NR 297 = -11
        vncagent-512   [000] ....  4604.672545: sys_enter: NR 297 (3, 7efe364c, 0, 0, 1b747a0, 7efe3724)
        vncagent-512   [000] ....  4604.672547: sys_exit: NR 297 = -11
        vncagent-512   [000] ....  4604.672551: sys_enter: NR 142 (e, 7efe3630, 7efe36b0, 7efe3730, 7efe3628, 7efe36ac)
        vncagent-512   [000] d...  4604.672567: sched_switch: prev_comm=vncagent prev_pid=512 prev_prio=120 prev_state=S ==> next_comm=swapper/0 next_pid=0 next_prio=120
          <idle>-0     [000] d...  4604.674626: sched_switch: prev_comm=swapper/0 prev_pid=0 prev_prio=120 prev_state=R ==> next_comm=vncagent next_pid=512 next_prio=120
        vncagent-512   [000] ....  4604.674639: sys_exit: NR 142 = 0
        vncagent-512   [000] ....  4604.674646: sys_enter: NR 297 (3, 7efe362c, 0, 0, 1b747a0, 1)
        vncagent-512   [000] ....  4604.674652: sys_exit: NR 297 = -11
        vncagent-512   [000] ....  4604.674655: sys_enter: NR 297 (3, 7efe364c, 0, 0, 1b747a0, 7efe3724)
        vncagent-512   [000] ....  4604.674657: sys_exit: NR 297 = -11
        vncagent-512   [000] ....  4604.674661: sys_enter: NR 142 (e, 7efe3630, 7efe36b0, 7efe3730, 7efe3628, 7efe36ac)
        vncagent-512   [000] d...  4604.674674: sched_switch: prev_comm=vncagent prev_pid=512 prev_prio=120 prev_state=S ==> next_comm=swapper/0 next_pid=0 next_prio=120
          <idle>-0     [000] d...  4604.681754: sched_switch: prev_comm=swapper/0 prev_pid=0 prev_prio=120 prev_state=R ==> next_comm=rcu_sched next_pid=10 next_prio=120
       rcu_sched-10    [000] d...  4604.681779: sched_switch: prev_comm=rcu_sched prev_pid=10 prev_prio=120 prev_state=I ==> next_comm=swapper/0 next_pid=0 next_prio=120
          <idle>-0     [000] d...  4604.691746: sched_switch: prev_comm=swapper/0 prev_pid=0 prev_prio=120 prev_state=R ==> next_comm=vncagent next_pid=512 next_prio=120
        vncagent-512   [000] ....  4604.691773: sys_exit: NR 142 = 0
        vncagent-512   [000] ....  4604.691790: sys_enter: NR 297 (3, 7efe362c, 0, 0, 1b747a0, 1)
        vncagent-512   [000] ....  4604.691798: sys_exit: NR 297 = -11
        vncagent-512   [000] ....  4604.691803: sys_enter: NR 297 (3, 7efe364c, 0, 0, 1b747a0, 7efe3724)
        vncagent-512   [000] ....  4604.691805: sys_exit: NR 297 = -11
        vncagent-512   [000] ....  4604.691811: sys_enter: NR 142 (e, 7efe3630, 7efe36b0, 7efe3730, 7efe3628, 7efe36ac)
        vncagent-512   [000] d...  4604.691832: sched_switch: prev_comm=vncagent prev_pid=512 prev_prio=120 prev_state=S ==> next_comm=swapper/0 next_pid=0 next_prio=120
 vncserver-x11-c-452   [002] ....  4604.696132: sys_enter: NR 4 (f, 1646c90, 4000, 0, 4000, 1646c90)
 vncserver-x11-c-452   [002] .n..  4604.696337: sys_exit: NR 4 = 16384
 vncserver-x11-c-452   [002] d...  4604.696351: sched_switch: prev_comm=vncserver-x11-c prev_pid=452 prev_prio=120 prev_state=R ==> next_comm=tailscaled next_pid=545 next_prio=120
      tailscaled-545   [002] ....  4604.696369: sys_exit: NR 346 = 1
      tailscaled-545   [002] ....  4604.696403: sys_enter: NR 240 (1695bd4, 81, 1, 0, 0, 0)
      tailscaled-545   [002] ....  4604.696419: sys_exit: NR 240 = 1
      tailscaled-545   [002] ....  4604.696422: sys_enter: NR 3 (c, 1bc205c, 10009, 0, 0, 0)
      tailscaled-545   [002] ....  4604.696443: sys_exit: NR 3 = 2530
      tailscaled-545   [002] ....  4604.696490: sys_enter: NR 240 (1a300d4, 81, 1, 0, 0, 0)
      tailscaled-545   [002] ....  4604.696496: sys_exit: NR 240 = 1
          <idle>-0     [003] d...  4604.696510: sched_switch: prev_comm=swapper/3 prev_pid=0 prev_prio=120 prev_state=R ==> next_comm=tailscaled next_pid=534 next_prio=120
      tailscaled-534   [003] ....  4604.696517: sys_exit: NR 240 = 0
      tailscaled-534   [003] ....  4604.696529: sys_enter: NR 346 (4, 1c8b680, 80, 0, 0, 0)
      tailscaled-534   [003] ....  4604.696532: sys_exit: NR 346 = 0
      tailscaled-534   [003] ....  4604.696555: sys_enter: NR 346 (4, 1c8b680, 80, 261, 0, 0)
      tailscaled-545   [002] ....  4604.696608: sys_enter: NR 240 (185e8d4, 81, 1, 0, 0, 0)
      tailscaled-534   [003] d...  4604.696613: sched_switch: prev_comm=tailscaled prev_pid=534 prev_prio=120 prev_state=S ==> next_comm=tailscaled next_pid=417 next_prio=120
      tailscaled-545   [002] ....  4604.696613: sys_exit: NR 240 = 1
      tailscaled-417   [003] ....  4604.696619: sys_exit: NR 240 = 0
          <idle>-0     [001] d...  4604.696625: sched_switch: prev_comm=swapper/1 prev_pid=0 prev_prio=120 prev_state=R ==> next_comm=tailscaled next_pid=420 next_prio=120
      tailscaled-417   [003] ....  4604.696632: sys_enter: NR 162 (1849f60, 0, 430, 14, 0, 0)
      tailscaled-420   [001] ....  4604.696633: sys_exit: NR 240 = 0
      tailscaled-420   [001] ....  4604.696644: sys_enter: NR 162 (1877dcc, 0, 18839e8, 3, 430, 1)
      tailscaled-417   [003] d...  4604.696651: sched_switch: prev_comm=tailscaled prev_pid=417 prev_prio=120 prev_state=S ==> next_comm=swapper/3 next_pid=0 next_prio=120
      tailscaled-420   [001] d...  4604.696660: sched_switch: prev_comm=tailscaled prev_pid=420 prev_prio=120 prev_state=S ==> next_comm=swapper/1 next_pid=0 next_prio=120
          <idle>-0     [001] d...  4604.696714: sched_switch: prev_comm=swapper/1 prev_pid=0 prev_prio=120 prev_state=R ==> next_comm=tailscaled next_pid=420 next_prio=120
      tailscaled-420   [001] ....  4604.696716: sys_exit: NR 162 = 0
          <idle>-0     [003] d...  4604.696717: sched_switch: prev_comm=swapper/3 prev_pid=0 prev_prio=120 prev_state=R ==> next_comm=tailscaled next_pid=417 next_prio=120
      tailscaled-417   [003] ....  4604.696720: sys_exit: NR 162 = 0
      tailscaled-417   [003] ....  4604.696724: sys_enter: NR 162 (1849f60, 0, 430, 14, 0, 0)
      tailscaled-420   [001] ....  4604.696726: sys_enter: NR 240 (18808d4, 81, 1, 0, 0, 0)
      tailscaled-420   [001] ....  4604.696731: sys_exit: NR 240 = 1
      tailscaled-417   [003] d...  4604.696740: sched_switch: prev_comm=tailscaled prev_pid=417 prev_prio=120 prev_state=S ==> next_comm=swapper/3 next_pid=0 next_prio=120
      tailscaled-420   [001] ....  4604.696744: sys_enter: NR 3 (c, 1bc205c, 10009, 0, 0, 0)
      tailscaled-420   [001] ....  4604.696757: sys_exit: NR 3 = 2530
          <idle>-0     [003] d...  4604.696805: sched_switch: prev_comm=swapper/3 prev_pid=0 prev_prio=120 prev_state=R ==> next_comm=tailscaled next_pid=417 next_prio=120
      tailscaled-417   [003] ....  4604.696807: sys_exit: NR 162 = 0
      tailscaled-417   [003] ....  4604.696810: sys_enter: NR 162 (1849f60, 0, 430, 14, 0, 0)
      tailscaled-417   [003] d...  4604.696830: sched_switch: prev_comm=tailscaled prev_pid=417 prev_prio=120 prev_state=S ==> next_comm=tailscaled next_pid=547 next_prio=120
      tailscaled-547   [003] ....  4604.696833: sys_exit: NR 240 = 0
      tailscaled-547   [003] ....  4604.696844: sys_enter: NR 240 (16927c4, 81, 1, 0, 0, 0)
      tailscaled-547   [003] ....  4604.696852: sys_exit: NR 240 = 1
      tailscaled-547   [003] ....  4604.696861: sys_enter: NR 3 (c, 1bc205c, 10009, 0, 0, 0)
      tailscaled-547   [003] ....  4604.696870: sys_exit: NR 3 = 2530
      tailscaled-545   [002] ....  4604.696903: sys_enter: NR 374 (11, 1b1e008, 2, 0, 0, 0)
      tailscaled-420   [001] ....  4604.697000: sys_enter: NR 3 (c, 1bc205c, 10009, 0, 0, 0)
      tailscaled-420   [001] ....  4604.697008: sys_exit: NR 3 = 2530
          <idle>-0     [000] d...  4604.697020: sched_switch: prev_comm=swapper/0 prev_pid=0 prev_prio=120 prev_state=R ==> next_comm=kworker/u8:1 next_pid=1240 next_prio=120
      tailscaled-545   [002] ....  4604.697043: sys_exit: NR 374 = 2
      tailscaled-547   [003] d...  4604.697052: sched_switch: prev_comm=tailscaled prev_pid=547 prev_prio=120 prev_state=R ==> next_comm=kworker/u8:0 next_pid=1234 next_prio=120
    kworker/u8:0-1234  [003] d...  4604.697066: sched_switch: prev_comm=kworker/u8:0 prev_pid=1234 prev_prio=120 prev_state=I ==> next_comm=tailscaled next_pid=357 next_prio=120
      tailscaled-357   [003] ....  4604.697071: sys_exit: NR 240 = 0
      tailscaled-357   [003] ....  4604.697087: sys_enter: NR 3 (c, 1bc205c, 10009, 0, 0, 0)
      tailscaled-357   [003] ....  4604.697097: sys_exit: NR 3 = 2530
      tailscaled-545   [002] ....  4604.697102: sys_enter: NR 374 (11, 1b1e008, 2, 0, 0, 0)
    kworker/u8:1-1240  [000] d...  4604.697109: sched_switch: prev_comm=kworker/u8:1 prev_pid=1240 prev_prio=120 prev_state=D ==> next_comm=vncserver-x11-c next_pid=452 next_prio=120
      tailscaled-545   [002] ....  4604.697154: sys_exit: NR 374 = 2
      tailscaled-545   [002] ....  4604.697200: sys_enter: NR 3 (c, 1bc205c, 10009, 0, 0, 0)
      tailscaled-545   [002] ....  4604.697202: sys_exit: NR 3 = -11
      tailscaled-545   [002] ....  4604.697225: sys_enter: NR 240 (1a308d4, 80, 0, 0, 0, 0)
      tailscaled-420   [001] ....  4604.697249: sys_enter: NR 240 (185e8d4, 80, 0, 0, 0, 0)
      tailscaled-545   [002] d...  4604.697252: sched_switch: prev_comm=tailscaled prev_pid=545 prev_prio=120 prev_state=S ==> next_comm=swapper/2 next_pid=0 next_prio=120
      tailscaled-420   [001] d...  4604.697269: sched_switch: prev_comm=tailscaled prev_pid=420 prev_prio=120 prev_state=S ==> next_comm=swapper/1 next_pid=0 next_prio=120
      tailscaled-357   [003] ....  4604.697343: sys_enter: NR 240 (16927c4, 80, 0, 0, 0, 0)
      tailscaled-357   [003] d...  4604.697355: sched_switch: prev_comm=tailscaled prev_pid=357 prev_prio=120 prev_state=S ==> next_comm=tailscaled next_pid=547 next_prio=120
      tailscaled-547   [003] ....  4604.697439: sys_enter: NR 240 (16927c4, 81, 1, 0, 0, 0)
      tailscaled-547   [003] ....  4604.697450: sys_exit: NR 240 = 1
      tailscaled-547   [003] ....  4604.697490: sys_enter: NR 374 (11, 1b20608, 2, 0, 0, 0)
      tailscaled-547   [003] ....  4604.697568: sys_exit: NR 374 = 2
      tailscaled-547   [003] ....  4604.697609: sys_enter: NR 374 (11, 1b20608, 2, 0, 0, 0)
      tailscaled-547   [003] ....  4604.697652: sys_exit: NR 374 = 2
      tailscaled-547   [003] ....  4604.697684: sys_enter: NR 374 (11, 1b20608, 2, 0, 0, 0)
      tailscaled-547   [003] ....  4604.697727: sys_exit: NR 374 = 2
      tailscaled-547   [003] ....  4604.697755: sys_enter: NR 240 (18808d4, 80, 0, 0, 0, 0)
      tailscaled-547   [003] d...  4604.697765: sched_switch: prev_comm=tailscaled prev_pid=547 prev_prio=120 prev_state=S ==> next_comm=tailscaled next_pid=357 next_prio=120
      tailscaled-357   [003] ....  4604.697768: sys_exit: NR 240 = 0
      tailscaled-357   [003] ....  4604.697780: sys_enter: NR 240 (16927c4, 80, 0, 0, 0, 0)
      tailscaled-357   [003] d...  4604.697790: sched_switch: prev_comm=tailscaled prev_pid=357 prev_prio=120 prev_state=S ==> next_comm=tailscaled next_pid=417 next_prio=120
      tailscaled-417   [003] ....  4604.697793: sys_exit: NR 162 = 0
      tailscaled-417   [003] ....  4604.697801: sys_enter: NR 240 (1695bd4, 80, 0, 1849f28, 0, 0)
      tailscaled-417   [003] d...  4604.697827: sched_switch: prev_comm=tailscaled prev_pid=417 prev_prio=120 prev_state=S ==> next_comm=swapper/3 next_pid=0 next_prio=120
 vncserver-x11-c-452   [000] d...  4604.701747: sched_switch: prev_comm=vncserver-x11-c prev_pid=452 prev_prio=120 prev_state=R ==> next_comm=rcu_sched next_pid=10 next_prio=120
       rcu_sched-10    [000] d...  4604.701773: sched_switch: prev_comm=rcu_sched prev_pid=10 prev_prio=120 prev_state=I ==> next_comm=kworker/u8:1 next_pid=1240 next_prio=120
    kworker/u8:1-1240  [000] d...  4604.701889: sched_switch: prev_comm=kworker/u8:1 prev_pid=1240 prev_prio=120 prev_state=D ==> next_comm=vncserver-x11-c next_pid=452 next_prio=120
 vncserver-x11-c-452   [000] d...  4604.702494: sched_switch: prev_comm=vncserver-x11-c prev_pid=452 prev_prio=120 prev_state=R ==> next_comm=kworker/u8:1 next_pid=1240 next_prio=120
          <idle>-0     [003] d...  4604.702519: sched_switch: prev_comm=swapper/3 prev_pid=0 prev_prio=120 prev_state=R ==> next_comm=tailscaled next_pid=534 next_prio=120
      tailscaled-534   [003] ....  4604.702533: sys_exit: NR 346 = 1
    kworker/u8:1-1240  [000] d...  4604.702551: sched_switch: prev_comm=kworker/u8:1 prev_pid=1240 prev_prio=120 prev_state=I ==> next_comm=vncserver-x11-c next_pid=452 next_prio=120
      tailscaled-534   [003] ....  4604.702558: sys_enter: NR 346 (4, 1c8b680, 80, 0, 0, 0)
      tailscaled-534   [003] ....  4604.702563: sys_exit: NR 346 = 1
      tailscaled-534   [003] ....  4604.702582: sys_enter: NR 346 (4, 1c8b680, 80, 25b, 0, 0)
      tailscaled-534   [003] d...  4604.702627: sched_switch: prev_comm=tailscaled prev_pid=534 prev_prio=120 prev_state=S ==> next_comm=lxterminal next_pid=1104 next_prio=120
           <...>-1104  [003] ....  4604.702652: sys_exit: NR 168 = 0
           <...>-1104  [003] ....  4604.702777: sys_enter: NR 297 (3, 7ef8e664, 0, 0, 0, 7ef8e664)
           <...>-1104  [003] ....  4604.702786: sys_exit: NR 297 = -11
           <...>-1104  [003] ....  4604.702795: sys_enter: NR 168 (d9a5c8, 5, ffffffff, 0, ffffffff, 5)
           <...>-1104  [003] d...  4604.702821: sched_switch: prev_comm=lxterminal prev_pid=1104 prev_prio=120 prev_state=S ==> next_comm=swapper/3 next_pid=0 next_prio=120
 vncserver-x11-c-452   [000] ....  4604.707511: sys_enter: NR 4 (f, 1646c90, 4000, 0, 4000, 1646c90)
 vncserver-x11-c-452   [000] ....  4604.707551: sys_exit: NR 4 = 16384
 vncserver-x11-c-452   [000] ....  4604.707562: sys_enter: NR 4 (f, 1646c90, 495, 0, 495, 1646c90)
 vncserver-x11-c-452   [000] ....  4604.707567: sys_exit: NR 4 = 1173
 vncserver-x11-c-452   [000] ....  4604.707582: sys_enter: NR 3 (c, 15e9d00, 41a0, 0, 41a0, 15e9d00)
 vncserver-x11-c-452   [000] ....  4604.707590: sys_exit: NR 3 = -11
 vncserver-x11-c-452   [000] ....  4604.707616: sys_enter: NR 142 (11, 7e887328, 7e8873a8, 7e887428, 7e887320, 7e8873a8)
 vncserver-x11-c-452   [000] ....  4604.707638: sys_exit: NR 142 = 0
 vncserver-x11-c-452   [000] ....  4604.707643: sys_enter: NR 142 (11, 7e887328, 7e8873a8, 7e887428, 7e887320, 7e8873a8)
 vncserver-x11-c-452   [000] d...  4604.707680: sched_switch: prev_comm=vncserver-x11-c prev_pid=452 prev_prio=120 prev_state=S ==> next_comm=swapper/0 next_pid=0 next_prio=120
          <idle>-0     [000] d...  4604.711743: sched_switch: prev_comm=swapper/0 prev_pid=0 prev_prio=120 prev_state=R ==> next_comm=rcu_sched next_pid=10 next_prio=120
       rcu_sched-10    [000] d...  4604.711761: sched_switch: prev_comm=rcu_sched prev_pid=10 prev_prio=120 prev_state=I ==> next_comm=swapper/0 next_pid=0 next_prio=120
          <idle>-0     [000] d...  4604.721718: sched_switch: prev_comm=swapper/0 prev_pid=0 prev_prio=120 prev_state=R ==> next_comm=brcmf_wdog/mmc1 next_pid=240 next_prio=120
 brcmf_wdog/mmc1-240   [000] d...  4604.721727: sched_switch: prev_comm=brcmf_wdog/mmc1 prev_pid=240 prev_prio=120 prev_state=S ==> next_comm=swapper/0 next_pid=0 next_prio=120
          <idle>-0     [001] d...  4604.724772: sched_switch: prev_comm=swapper/1 prev_pid=0 prev_prio=120 prev_state=R ==> next_comm=irq/86-mmc1 next_pid=80 next_prio=49
     irq/86-mmc1-80    [001] d...  4604.724798: sched_switch: prev_comm=irq/86-mmc1 prev_pid=80 prev_prio=49 prev_state=D ==> next_comm=swapper/1 next_pid=0 next_prio=120
          <idle>-0     [001] d...  4604.724806: sched_switch: prev_comm=swapper/1 prev_pid=0 prev_prio=120 prev_state=R ==> next_comm=irq/86-mmc1 next_pid=80 next_prio=49
     irq/86-mmc1-80    [001] d...  4604.724829: sched_switch: prev_comm=irq/86-mmc1 prev_pid=80 prev_prio=49 prev_state=D ==> next_comm=swapper/1 next_pid=0 next_prio=120
          <idle>-0     [001] d...  4604.724842: sched_switch: prev_comm=swapper/1 prev_pid=0 prev_prio=120 prev_state=R ==> next_comm=irq/86-mmc1 next_pid=80 next_prio=49
     irq/86-mmc1-80    [001] d...  4604.724858: sched_switch: prev_comm=irq/86-mmc1 prev_pid=80 prev_prio=49 prev_state=D ==> next_comm=swapper/1 next_pid=0 next_prio=120
          <idle>-0     [001] d...  4604.724871: sched_switch: prev_comm=swapper/1 prev_pid=0 prev_prio=120 prev_state=R ==> next_comm=irq/86-mmc1 next_pid=80 next_prio=49
          <idle>-0     [000] d...  4604.724886: sched_switch: prev_comm=swapper/0 prev_pid=0 prev_prio=120 prev_state=R ==> next_comm=kworker/u8:1 next_pid=1240 next_prio=120
     irq/86-mmc1-80    [001] d...  4604.724886: sched_switch: prev_comm=irq/86-mmc1 prev_pid=80 prev_prio=49 prev_state=S ==> next_comm=swapper/1 next_pid=0 next_prio=120
    kworker/u8:1-1240  [000] d...  4604.724920: sched_switch: prev_comm=kworker/u8:1 prev_pid=1240 prev_prio=120 prev_state=D ==> next_comm=swapper/0 next_pid=0 next_prio=120
          <idle>-0     [000] d...  4604.724935: sched_switch: prev_comm=swapper/0 prev_pid=0 prev_prio=120 prev_state=R ==> next_comm=kworker/u8:1 next_pid=1240 next_prio=120
    kworker/u8:1-1240  [000] d...  4604.724957: sched_switch: prev_comm=kworker/u8:1 prev_pid=1240 prev_prio=120 prev_state=D ==> next_comm=swapper/0 next_pid=0 next_prio=120
          <idle>-0     [000] d...  4604.724972: sched_switch: prev_comm=swapper/0 prev_pid=0 prev_prio=120 prev_state=R ==> next_comm=kworker/u8:1 next_pid=1240 next_prio=120
          <idle>-0     [003] d...  4604.725076: sched_switch: prev_comm=swapper/3 prev_pid=0 prev_prio=120 prev_state=R ==> next_comm=tailscaled next_pid=534 next_prio=120
    kworker/u8:1-1240  [000] d...  4604.725090: sched_switch: prev_comm=kworker/u8:1 prev_pid=1240 prev_prio=120 prev_state=D ==> next_comm=swapper/0 next_pid=0 next_prio=120
      tailscaled-534   [003] ....  4604.725090: sys_exit: NR 346 = 1
          <idle>-0     [000] d...  4604.725108: sched_switch: prev_comm=swapper/0 prev_pid=0 prev_prio=120 prev_state=R ==> next_comm=kworker/u8:1 next_pid=1240 next_prio=120
      tailscaled-534   [003] ....  4604.725124: sys_enter: NR 240 (1695bd4, 81, 1, 0, 0, 0)
    kworker/u8:1-1240  [000] d...  4604.725127: sched_switch: prev_comm=kworker/u8:1 prev_pid=1240 prev_prio=120 prev_state=D ==> next_comm=swapper/0 next_pid=0 next_prio=120
      tailscaled-534   [003] ....  4604.725138: sys_exit: NR 240 = 1
      tailscaled-534   [003] ....  4604.725142: sys_enter: NR 365 (11, 1b1f308, 80, 0, 0, 0)
          <idle>-0     [000] d...  4604.725143: sched_switch: prev_comm=swapper/0 prev_pid=0 prev_prio=120 prev_state=R ==> next_comm=kworker/u8:1 next_pid=1240 next_prio=120
      tailscaled-534   [003] ....  4604.725172: sys_exit: NR 365 = 2
    kworker/u8:1-1240  [000] d...  4604.725216: sched_switch: prev_comm=kworker/u8:1 prev_pid=1240 prev_prio=120 prev_state=D ==> next_comm=tailscaled next_pid=417 next_prio=120
      tailscaled-417   [000] ....  4604.725236: sys_exit: NR 240 = 0
      tailscaled-417   [000] ....  4604.725250: sys_enter: NR 162 (1849f60, 0, 430, 14, 0, 0)
      tailscaled-417   [000] d...  4604.725262: sched_switch: prev_comm=tailscaled prev_pid=417 prev_prio=120 prev_state=S ==> next_comm=kworker/u8:1 next_pid=1240 next_prio=120
    kworker/u8:1-1240  [000] d...  4604.725286: sched_switch: prev_comm=kworker/u8:1 prev_pid=1240 prev_prio=120 prev_state=D ==> next_comm=swapper/0 next_pid=0 next_prio=120
      tailscaled-534   [003] ....  4604.725288: sys_enter: NR 240 (16927c4, 81, 1, 0, 0, 0)
      tailscaled-534   [003] ....  4604.725297: sys_exit: NR 240 = 1
          <idle>-0     [000] d...  4604.725303: sched_switch: prev_comm=swapper/0 prev_pid=0 prev_prio=120 prev_state=R ==> next_comm=kworker/u8:1 next_pid=1240 next_prio=120
    kworker/u8:1-1240  [000] d...  4604.725352: sched_switch: prev_comm=kworker/u8:1 prev_pid=1240 prev_prio=120 prev_state=D ==> next_comm=tailscaled next_pid=417 next_prio=120
      tailscaled-534   [003] ....  4604.725365: sys_enter: NR 365 (11, 1b1f308, 80, 0, 0, 0)
      tailscaled-417   [000] ....  4604.725367: sys_exit: NR 162 = 0
      tailscaled-417   [000] ....  4604.725373: sys_enter: NR 162 (1849f60, 0, 430, 14, 0, 0)
      tailscaled-534   [003] ....  4604.725375: sys_exit: NR 365 = 1
      tailscaled-417   [000] d...  4604.725379: sched_switch: prev_comm=tailscaled prev_pid=417 prev_prio=120 prev_state=S ==> next_comm=kworker/u8:1 next_pid=1240 next_prio=120
    kworker/u8:1-1240  [000] d...  4604.725404: sched_switch: prev_comm=kworker/u8:1 prev_pid=1240 prev_prio=120 prev_state=I ==> next_comm=tailscaled next_pid=357 next_prio=120
      tailscaled-357   [000] ....  4604.725408: sys_exit: NR 240 = 0
      tailscaled-357   [000] ....  4604.725420: sys_enter: NR 346 (4, 7eb63380, 80, 0, 0, 0)
      tailscaled-357   [000] ....  4604.725423: sys_exit: NR 346 = 1
      tailscaled-357   [000] ....  4604.725435: sys_enter: NR 240 (18808d4, 81, 1, 0, 0, 0)
      tailscaled-357   [000] ....  4604.725439: sys_exit: NR 240 = 1
      tailscaled-534   [003] ....  4604.725457: sys_enter: NR 365 (11, 1b1f308, 80, 0, 0, 0)
      tailscaled-534   [003] ....  4604.725461: sys_exit: NR 365 = -11
      tailscaled-357   [000] ....  4604.725464: sys_enter: NR 346 (4, 7eb63380, 80, 0, 0, 0)
      tailscaled-357   [000] ....  4604.725466: sys_exit: NR 346 = 0
      tailscaled-534   [003] ....  4604.725501: sys_enter: NR 346 (4, 1c8b680, 80, 0, 0, 0)
      tailscaled-534   [003] ....  4604.725503: sys_exit: NR 346 = 0
      tailscaled-534   [003] ....  4604.725521: sys_enter: NR 346 (4, 1c8b680, 80, 244, 0, 0)
      tailscaled-534   [003] d...  4604.725535: sched_switch: prev_comm=tailscaled prev_pid=534 prev_prio=120 prev_state=S ==> next_comm=tailscaled next_pid=547 next_prio=120
      tailscaled-547   [003] ....  4604.725539: sys_exit: NR 240 = 0
      tailscaled-547   [003] ....  4604.725556: sys_enter: NR 240 (18808d4, 80, 0, 0, 0, 0)
      tailscaled-547   [003] d...  4604.725574: sched_switch: prev_comm=tailscaled prev_pid=547 prev_prio=120 prev_state=S ==> next_comm=swapper/3 next_pid=0 next_prio=120
      tailscaled-357   [000] ....  4604.725613: sys_enter: NR 4 (c, 4758006, 32, 0, 0, 0)
          <idle>-0     [003] d...  4604.725736: sched_switch: prev_comm=swapper/3 prev_pid=0 prev_prio=120 prev_state=R ==> next_comm=tailscaled next_pid=534 next_prio=120
      tailscaled-357   [000] ....  4604.725741: sys_exit: NR 4 = 50
      tailscaled-534   [003] ....  4604.725743: sys_exit: NR 346 = 1
      tailscaled-357   [000] ....  4604.725747: sys_enter: NR 4 (c, 4b36006, 32, 0, 0, 0)
      tailscaled-534   [003] ....  4604.725752: sys_enter: NR 3 (c, 1bc205c, 10009, 0, 0, 0)
      tailscaled-534   [003] ....  4604.725768: sys_exit: NR 3 = 2530
      tailscaled-357   [000] ....  4604.725786: sys_exit: NR 4 = 50
      tailscaled-534   [003] ....  4604.725803: sys_enter: NR 240 (18808d4, 81, 1, 0, 0, 0)
      tailscaled-534   [003] ....  4604.725811: sys_exit: NR 240 = 1
      tailscaled-357   [000] ....  4604.725836: sys_enter: NR 4 (c, 4cd0006, 32, 0, 0, 0)
      tailscaled-357   [000] ....  4604.725885: sys_exit: NR 4 = 50
      tailscaled-357   [000] ....  4604.725897: sys_enter: NR 346 (4, 7eb63380, 80, 0, 0, 0)
      tailscaled-357   [000] ....  4604.725901: sys_exit: NR 346 = 1
      tailscaled-357   [000] ....  4604.725912: sys_enter: NR 3 (c, 1bc205c, 10009, 0, 0, 0)
      tailscaled-357   [000] ....  4604.725919: sys_exit: NR 3 = 2530
      tailscaled-534   [003] ....  4604.726096: sys_enter: NR 374 (11, 4adb308, 2, 0, 0, 0)
      tailscaled-357   [000] ....  4604.726149: sys_enter: NR 3 (c, 1bc205c, 10009, 0, 0, 0)
      tailscaled-357   [000] ....  4604.726157: sys_exit: NR 3 = 2530
      tailscaled-534   [003] ....  4604.726193: sys_exit: NR 374 = 2
      tailscaled-534   [003] ....  4604.726240: sys_enter: NR 374 (11, 4adb308, 2, 0, 0, 0)
      tailscaled-534   [003] ....  4604.726284: sys_exit: NR 374 = 2
      tailscaled-534   [003] ....  4604.726317: sys_enter: NR 346 (4, 1c8b680, 80, 0, 0, 0)
      tailscaled-534   [003] ....  4604.726319: sys_exit: NR 346 = 0
      tailscaled-534   [003] ....  4604.726328: sys_enter: NR 3 (c, 1bc205c, 10009, 0, 0, 0)
      tailscaled-534   [003] ....  4604.726335: sys_exit: NR 3 = 2530
      tailscaled-357   [000] ....  4604.726409: sys_enter: NR 374 (11, 1b20608, 2, 0, 0, 0)
      tailscaled-357   [000] ....  4604.726459: sys_exit: NR 374 = 2
      tailscaled-357   [000] ....  4604.726489: sys_enter: NR 346 (4, 7eb63380, 80, 0, 0, 0)
      tailscaled-357   [000] ....  4604.726491: sys_exit: NR 346 = 0
      tailscaled-357   [000] ....  4604.726500: sys_enter: NR 3 (c, 1bc205c, 10009, 0, 0, 0)
      tailscaled-357   [000] ....  4604.726502: sys_exit: NR 3 = -11
      tailscaled-357   [000] ....  4604.726509: sys_enter: NR 346 (4, 7eb63380, 80, 0, 0, 0)
      tailscaled-357   [000] ....  4604.726510: sys_exit: NR 346 = 0
      tailscaled-357   [000] ....  4604.726527: sys_enter: NR 346 (4, 7eb63380, 80, 243, 0, 0)
      tailscaled-357   [000] d...  4604.726549: sched_switch: prev_comm=tailscaled prev_pid=357 prev_prio=120 prev_state=S ==> next_comm=tailscaled next_pid=417 next_prio=120
      tailscaled-417   [000] ....  4604.726553: sys_exit: NR 162 = 0
      tailscaled-417   [000] ....  4604.726562: sys_enter: NR 162 (1849f60, 0, 430, 14, 0, 0)
      tailscaled-417   [000] d...  4604.726572: sched_switch: prev_comm=tailscaled prev_pid=417 prev_prio=120 prev_state=S ==> next_comm=kworker/u8:1 next_pid=1240 next_prio=120
      tailscaled-534   [003] ....  4604.726572: sys_enter: NR 374 (11, 4adb308, 2, 0, 0, 0)
      tailscaled-534   [003] d...  4604.726616: sched_switch: prev_comm=tailscaled prev_pid=534 prev_prio=120 prev_state=R+ ==> next_comm=kworker/u8:0 next_pid=1234 next_prio=120
    kworker/u8:0-1234  [003] d...  4604.726626: sched_switch: prev_comm=kworker/u8:0 prev_pid=1234 prev_prio=120 prev_state=I ==> next_comm=tailscaled next_pid=547 next_prio=120
      tailscaled-547   [003] ....  4604.726631: sys_exit: NR 240 = 0
      tailscaled-547   [003] ....  4604.726649: sys_enter: NR 240 (18808d4, 80, 0, 0, 0, 0)
      tailscaled-547   [003] d...  4604.726660: sched_switch: prev_comm=tailscaled prev_pid=547 prev_prio=120 prev_state=S ==> next_comm=tailscaled next_pid=534 next_prio=120
    kworker/u8:1-1240  [000] d...  4604.726670: sched_switch: prev_comm=kworker/u8:1 prev_pid=1240 prev_prio=120 prev_state=D ==> next_comm=tailscaled next_pid=417 next_prio=120
      tailscaled-417   [000] ....  4604.726672: sys_exit: NR 162 = 0
      tailscaled-417   [000] ....  4604.726676: sys_enter: NR 162 (1849f60, 0, 430, 14, 0, 0)
      tailscaled-534   [003] ....  4604.726685: sys_exit: NR 374 = 2
      tailscaled-417   [000] d...  4604.726701: sched_switch: prev_comm=tailscaled prev_pid=417 prev_prio=120 prev_state=S ==> next_comm=swapper/0 next_pid=0 next_prio=120
      tailscaled-534   [003] ....  4604.726719: sys_enter: NR 240 (1a300d4, 80, 0, 0, 0, 0)
      tailscaled-534   [003] d...  4604.726726: sched_switch: prev_comm=tailscaled prev_pid=534 prev_prio=120 prev_state=S ==> next_comm=swapper/3 next_pid=0 next_prio=120
          <idle>-0     [000] d...  4604.726760: sched_switch: prev_comm=swapper/0 prev_pid=0 prev_prio=120 prev_state=R ==> next_comm=tailscaled next_pid=417 next_prio=120
      tailscaled-417   [000] ....  4604.726762: sys_exit: NR 162 = 0
      tailscaled-417   [000] ....  4604.726768: sys_enter: NR 240 (1695bd4, 80, 0, 1849f28, 0, 0)
      tailscaled-417   [000] d...  4604.726775: sched_switch: prev_comm=tailscaled prev_pid=417 prev_prio=120 prev_state=S ==> next_comm=swapper/0 next_pid=0 next_prio=120
          <idle>-0     [000] d...  4604.726873: sched_switch: prev_comm=swapper/0 prev_pid=0 prev_prio=120 prev_state=R ==> next_comm=vncagent next_pid=512 next_prio=120
        vncagent-512   [000] ....  4604.726890: sys_exit: NR 142 = 0
        vncagent-512   [000] ....  4604.726911: sys_enter: NR 168 (7efe3304, 1, ffffffff, 0, 1b737a0, 1b737a0)
        vncagent-512   [000] ....  4604.726916: sys_exit: NR 168 = 1
        vncagent-512   [000] ....  4604.726919: sys_enter: NR 146 (3, 7efe33fc, 3, 0, 0, 1b737a0)
        vncagent-512   [000] ....  4604.726941: sys_exit: NR 146 = 8
          <idle>-0     [003] d...  4604.726947: sched_switch: prev_comm=swapper/3 prev_pid=0 prev_prio=120 prev_state=R ==> next_comm=Xorg next_pid=493 next_prio=120
        vncagent-512   [000] ....  4604.726954: sys_enter: NR 168 (7efe32ec, 1, ffffffff, 0, 7efe3470, 1b737a0)
            Xorg-493   [003] ....  4604.726957: sys_exit: NR 252 = 1
        vncagent-512   [000] d...  4604.726962: sched_switch: prev_comm=vncagent prev_pid=512 prev_prio=120 prev_state=S ==> next_comm=swapper/0 next_pid=0 next_prio=120
            Xorg-493   [003] ....  4604.726969: sys_enter: NR 104 (0, 7ec13be4, 0, 1388, 76f94968, 1)
            Xorg-493   [003] ....  4604.726973: sys_exit: NR 104 = 0
            Xorg-493   [003] ....  4604.726980: sys_enter: NR 297 (12, 7ec139cc, 0, 0, 0, 7ec139cc)
            Xorg-493   [003] ....  4604.726996: sys_exit: NR 297 = 8
            Xorg-493   [003] ....  4604.727020: sys_enter: NR 146 (12, 7ec13b54, 1, 0, 1, 7ec13b54)
            Xorg-493   [003] ....  4604.727032: sys_exit: NR 146 = 32
            Xorg-493   [003] ....  4604.727034: sys_enter: NR 297 (12, 7ec139cc, 0, 0, 0, 7ec139cc)
            Xorg-493   [003] ....  4604.727036: sys_exit: NR 297 = -11
            Xorg-493   [003] ....  4604.727039: sys_enter: NR 104 (0, 7ec13be4, 0, 0, 76f94968, 212b8c)
            Xorg-493   [003] ....  4604.727041: sys_exit: NR 104 = 0
          <idle>-0     [000] d...  4604.727042: sched_switch: prev_comm=swapper/0 prev_pid=0 prev_prio=120 prev_state=R ==> next_comm=vncagent next_pid=512 next_prio=120
            Xorg-493   [003] ....  4604.727046: sys_enter: NR 252 (3, 7ec12be0, 100, 1b7f3, 1b7f3, 100)
            Xorg-493   [003] d...  4604.727056: sched_switch: prev_comm=Xorg prev_pid=493 prev_prio=120 prev_state=S ==> next_comm=swapper/3 next_pid=0 next_prio=120
        vncagent-512   [000] ....  4604.727058: sys_exit: NR 168 = 1
        vncagent-512   [000] ....  4604.727061: sys_enter: NR 297 (3, 7efe324c, 0, 0, 1b747a0, 1b737a0)
        vncagent-512   [000] ....  4604.727067: sys_exit: NR 297 = 32
        vncagent-512   [000] ....  4604.727090: sys_enter: NR 297 (3, 7efe362c, 0, 0, 1b747a0, 1)
        vncagent-512   [000] ....  4604.727092: sys_exit: NR 297 = -11
        vncagent-512   [000] ....  4604.727095: sys_enter: NR 297 (3, 7efe364c, 0, 0, 1b747a0, 7efe3724)
        vncagent-512   [000] ....  4604.727097: sys_exit: NR 297 = -11
        vncagent-512   [000] ....  4604.727103: sys_enter: NR 142 (e, 7efe3630, 7efe36b0, 7efe3730, 7efe3628, 7efe36ac)
        vncagent-512   [000] d...  4604.727117: sched_switch: prev_comm=vncagent prev_pid=512 prev_prio=120 prev_state=S ==> next_comm=kworker/u8:1 next_pid=1240 next_prio=120
    kworker/u8:1-1240  [000] d...  4604.727184: sched_switch: prev_comm=kworker/u8:1 prev_pid=1240 prev_prio=120 prev_state=D ==> next_comm=tailscaled next_pid=357 next_prio=120
      tailscaled-357   [000] ....  4604.727191: sys_exit: NR 346 = 1
      tailscaled-357   [000] ....  4604.727202: sys_enter: NR 346 (4, 7eb63380, 80, 0, 0, 0)
      tailscaled-357   [000] ....  4604.727204: sys_exit: NR 346 = 0
      tailscaled-357   [000] ....  4604.727215: sys_enter: NR 346 (4, 7eb63380, 80, 243, 0, 0)
      tailscaled-357   [000] d...  4604.727223: sched_switch: prev_comm=tailscaled prev_pid=357 prev_prio=120 prev_state=S ==> next_comm=swapper/0 next_pid=0 next_prio=120
          <idle>-0     [000] d...  4604.727333: sched_switch: prev_comm=swapper/0 prev_pid=0 prev_prio=120 prev_state=R ==> next_comm=kworker/u8:1 next_pid=1240 next_prio=120
    kworker/u8:1-1240  [000] d...  4604.727357: sched_switch: prev_comm=kworker/u8:1 prev_pid=1240 prev_prio=120 prev_state=I ==> next_comm=tailscaled next_pid=357 next_prio=120
      tailscaled-357   [000] ....  4604.727364: sys_exit: NR 346 = 1
      tailscaled-357   [000] ....  4604.727370: sys_enter: NR 346 (4, 7eb63380, 80, 0, 0, 0)
      tailscaled-357   [000] ....  4604.727372: sys_exit: NR 346 = 0
      tailscaled-357   [000] ....  4604.727382: sys_enter: NR 346 (4, 7eb63380, 80, 243, 0, 0)
      tailscaled-357   [000] d...  4604.727389: sched_switch: prev_comm=tailscaled prev_pid=357 prev_prio=120 prev_state=S ==> next_comm=swapper/0 next_pid=0 next_prio=120
          <idle>-0     [001] d...  4604.730112: sched_switch: prev_comm=swapper/1 prev_pid=0 prev_prio=120 prev_state=R ==> next_comm=irq/86-mmc1 next_pid=80 next_prio=49
     irq/86-mmc1-80    [001] d...  4604.730137: sched_switch: prev_comm=irq/86-mmc1 prev_pid=80 prev_prio=49 prev_state=D ==> next_comm=swapper/1 next_pid=0 next_prio=120
          <idle>-0     [001] d...  4604.730145: sched_switch: prev_comm=swapper/1 prev_pid=0 prev_prio=120 prev_state=R ==> next_comm=irq/86-mmc1 next_pid=80 next_prio=49
     irq/86-mmc1-80    [001] d...  4604.730164: sched_switch: prev_comm=irq/86-mmc1 prev_pid=80 prev_prio=49 prev_state=D ==> next_comm=swapper/1 next_pid=0 next_prio=120
          <idle>-0     [001] d...  4604.730176: sched_switch: prev_comm=swapper/1 prev_pid=0 prev_prio=120 prev_state=R ==> next_comm=irq/86-mmc1 next_pid=80 next_prio=49
     irq/86-mmc1-80    [001] d...  4604.730191: sched_switch: prev_comm=irq/86-mmc1 prev_pid=80 prev_prio=49 prev_state=D ==> next_comm=swapper/1 next_pid=0 next_prio=120
          <idle>-0     [001] d...  4604.730204: sched_switch: prev_comm=swapper/1 prev_pid=0 prev_prio=120 prev_state=R ==> next_comm=irq/86-mmc1 next_pid=80 next_prio=49
          <idle>-0     [000] d...  4604.730215: sched_switch: prev_comm=swapper/0 prev_pid=0 prev_prio=120 prev_state=R ==> next_comm=kworker/u8:1 next_pid=1240 next_prio=120
     irq/86-mmc1-80    [001] d...  4604.730216: sched_switch: prev_comm=irq/86-mmc1 prev_pid=80 prev_prio=49 prev_state=S ==> next_comm=swapper/1 next_pid=0 next_prio=120
    kworker/u8:1-1240  [000] d...  4604.730239: sched_switch: prev_comm=kworker/u8:1 prev_pid=1240 prev_prio=120 prev_state=D ==> next_comm=swapper/0 next_pid=0 next_prio=120
          <idle>-0     [000] d...  4604.730254: sched_switch: prev_comm=swapper/0 prev_pid=0 prev_prio=120 prev_state=R ==> next_comm=kworker/u8:1 next_pid=1240 next_prio=120
    kworker/u8:1-1240  [000] d...  4604.730273: sched_switch: prev_comm=kworker/u8:1 prev_pid=1240 prev_prio=120 prev_state=D ==> next_comm=swapper/0 next_pid=0 next_prio=120
          <idle>-0     [000] d...  4604.730288: sched_switch: prev_comm=swapper/0 prev_pid=0 prev_prio=120 prev_state=R ==> next_comm=kworker/u8:1 next_pid=1240 next_prio=120
    kworker/u8:1-1240  [000] d...  4604.730374: sched_switch: prev_comm=kworker/u8:1 prev_pid=1240 prev_prio=120 prev_state=D ==> next_comm=tailscaled next_pid=357 next_prio=120
      tailscaled-357   [000] ....  4604.730392: sys_exit: NR 346 = 1
      tailscaled-357   [000] ....  4604.730404: sys_enter: NR 240 (1695bd4, 81, 1, 0, 0, 0)
      tailscaled-357   [000] ....  4604.730414: sys_exit: NR 240 = 1
      tailscaled-357   [000] ....  4604.730416: sys_enter: NR 365 (11, 1b1f308, 80, 0, 0, 0)
      tailscaled-357   [000] ....  4604.730432: sys_exit: NR 365 = 1
      tailscaled-357   [000] ....  4604.730506: sys_enter: NR 240 (1a300d4, 81, 1, 0, 0, 0)
      tailscaled-357   [000] ....  4604.730510: sys_exit: NR 240 = 1
          <idle>-0     [003] d...  4604.730517: sched_switch: prev_comm=swapper/3 prev_pid=0 prev_prio=120 prev_state=R ==> next_comm=tailscaled next_pid=534 next_prio=120
      tailscaled-534   [003] ....  4604.730520: sys_exit: NR 240 = 0
      tailscaled-534   [003] ....  4604.730526: sys_enter: NR 346 (4, 1c8b680, 80, 0, 0, 0)
      tailscaled-534   [003] ....  4604.730528: sys_exit: NR 346 = 0
      tailscaled-534   [003] ....  4604.730535: sys_enter: NR 240 (18808d4, 81, 1, 0, 0, 0)
      tailscaled-534   [003] ....  4604.730542: sys_exit: NR 240 = 1
      tailscaled-534   [003] ....  4604.730556: sys_enter: NR 346 (4, 1c8b680, 80, 0, 0, 0)
      tailscaled-534   [003] ....  4604.730558: sys_exit: NR 346 = 0
      tailscaled-357   [000] ....  4604.730560: sys_enter: NR 365 (11, 4adb308, 80, 0, 0, 0)
      tailscaled-357   [000] ....  4604.730564: sys_exit: NR 365 = -11
      tailscaled-357   [000] ....  4604.730571: sys_enter: NR 346 (4, 7eb63380, 80, 0, 0, 0)
      tailscaled-357   [000] ....  4604.730573: sys_exit: NR 346 = 0
      tailscaled-357   [000] ....  4604.730585: sys_enter: NR 346 (4, 7eb63380, 80, 23f, 0, 0)
      tailscaled-357   [000] d...  4604.730595: sched_switch: prev_comm=tailscaled prev_pid=357 prev_prio=120 prev_state=S ==> next_comm=tailscaled next_pid=417 next_prio=120
      tailscaled-417   [000] ....  4604.730598: sys_exit: NR 240 = 0
      tailscaled-417   [000] ....  4604.730606: sys_enter: NR 162 (1849f60, 0, 430, 14, 0, 0)
      tailscaled-417   [000] d...  4604.730616: sched_switch: prev_comm=tailscaled prev_pid=417 prev_prio=120 prev_state=S ==> next_comm=kworker/u8:1 next_pid=1240 next_prio=120
    kworker/u8:1-1240  [000] d...  4604.730653: sched_switch: prev_comm=kworker/u8:1 prev_pid=1240 prev_prio=120 prev_state=I ==> next_comm=tailscaled next_pid=547 next_prio=120
      tailscaled-547   [000] ....  4604.730657: sys_exit: NR 240 = 0
      tailscaled-547   [000] ....  4604.730672: sys_enter: NR 240 (18808d4, 80, 0, 0, 0, 0)
      tailscaled-534   [003] ....  4604.730676: sys_enter: NR 4 (c, 47fc006, 32, 0, 0, 0)
      tailscaled-547   [000] d...  4604.730685: sched_switch: prev_comm=tailscaled prev_pid=547 prev_prio=120 prev_state=S ==> next_comm=swapper/0 next_pid=0 next_prio=120
          <idle>-0     [000] d...  4604.730697: sched_switch: prev_comm=swapper/0 prev_pid=0 prev_prio=120 prev_state=R ==> next_comm=tailscaled next_pid=417 next_prio=120
      tailscaled-417   [000] ....  4604.730699: sys_exit: NR 162 = 0
      tailscaled-417   [000] ....  4604.730703: sys_enter: NR 162 (1849f60, 0, 430, 14, 0, 0)
      tailscaled-417   [000] d...  4604.730709: sched_switch: prev_comm=tailscaled prev_pid=417 prev_prio=120 prev_state=S ==> next_comm=swapper/0 next_pid=0 next_prio=120
          <idle>-0     [000] d...  4604.730787: sched_switch: prev_comm=swapper/0 prev_pid=0 prev_prio=120 prev_state=R ==> next_comm=tailscaled next_pid=357 next_prio=120
      tailscaled-357   [000] ....  4604.730792: sys_exit: NR 346 = 1
      tailscaled-534   [003] ....  4604.730794: sys_exit: NR 4 = 50
      tailscaled-357   [000] ....  4604.730801: sys_enter: NR 3 (c, 1bc205c, 10009, 0, 0, 0)
      tailscaled-534   [003] ....  4604.730809: sys_enter: NR 346 (4, 1c8b680, 80, 0, 0, 0)
      tailscaled-534   [003] ....  4604.730811: sys_exit: NR 346 = 0
      tailscaled-357   [000] ....  4604.730814: sys_exit: NR 3 = 2530
      tailscaled-534   [003] ....  4604.730822: sys_enter: NR 346 (4, 1c8b680, 80, 23f, 0, 0)
      tailscaled-534   [003] d...  4604.730844: sched_switch: prev_comm=tailscaled prev_pid=534 prev_prio=120 prev_state=S ==> next_comm=swapper/3 next_pid=0 next_prio=120
      tailscaled-357   [000] ....  4604.730847: sys_enter: NR 240 (18808d4, 81, 1, 0, 0, 0)
      tailscaled-357   [000] ....  4604.730854: sys_exit: NR 240 = 1
      tailscaled-357   [000] ....  4604.731107: sys_enter: NR 3 (c, 1bc205c, 10009, 0, 0, 0)
      tailscaled-357   [000] ....  4604.731110: sys_exit: NR 3 = -11
      tailscaled-357   [000] ....  4604.731144: sys_enter: NR 374 (11, 1b20608, 2, 0, 0, 0)
      tailscaled-357   [000] ....  4604.731235: sys_exit: NR 374 = 2
      tailscaled-357   [000] ....  4604.731279: sys_enter: NR 240 (16927c4, 80, 0, 0, 0, 0)
      tailscaled-357   [000] d...  4604.731287: sched_switch: prev_comm=tailscaled prev_pid=357 prev_prio=120 prev_state=S ==> next_comm=tailscaled next_pid=547 next_prio=120
      tailscaled-547   [000] ....  4604.731290: sys_exit: NR 240 = 0
      tailscaled-547   [000] ....  4604.731303: sys_enter: NR 240 (18808d4, 80, 0, 0, 0, 0)
      tailscaled-547   [000] d...  4604.731309: sched_switch: prev_comm=tailscaled prev_pid=547 prev_prio=120 prev_state=S ==> next_comm=tailscaled next_pid=417 next_prio=120
      tailscaled-417   [000] ....  4604.731311: sys_exit: NR 162 = 0
      tailscaled-417   [000] ....  4604.731317: sys_enter: NR 240 (1695bd4, 80, 0, 1849f28, 0, 0)
      tailscaled-417   [000] d...  4604.731325: sched_switch: prev_comm=tailscaled prev_pid=417 prev_prio=120 prev_state=S ==> next_comm=kworker/u8:1 next_pid=1240 next_prio=120
    kworker/u8:1-1240  [000] d...  4604.731387: sched_switch: prev_comm=kworker/u8:1 prev_pid=1240 prev_prio=120 prev_state=D ==> next_comm=swapper/0 next_pid=0 next_prio=120
          <idle>-0     [000] d...  4604.731537: sched_switch: prev_comm=swapper/0 prev_pid=0 prev_prio=120 prev_state=R ==> next_comm=kworker/u8:1 next_pid=1240 next_prio=120
          <idle>-0     [003] d...  4604.731555: sched_switch: prev_comm=swapper/3 prev_pid=0 prev_prio=120 prev_state=R ==> next_comm=tailscaled next_pid=534 next_prio=120
    kworker/u8:1-1240  [000] d...  4604.731556: sched_switch: prev_comm=kworker/u8:1 prev_pid=1240 prev_prio=120 prev_state=I ==> next_comm=swapper/0 next_pid=0 next_prio=120
      tailscaled-534   [003] ....  4604.731561: sys_exit: NR 346 = 1
      tailscaled-534   [003] ....  4604.731568: sys_enter: NR 346 (4, 1c8b680, 80, 0, 0, 0)
      tailscaled-534   [003] ....  4604.731570: sys_exit: NR 346 = 0
      tailscaled-534   [003] ....  4604.731580: sys_enter: NR 346 (4, 1c8b680, 80, 23e, 0, 0)
      tailscaled-534   [003] d...  4604.731594: sched_switch: prev_comm=tailscaled prev_pid=534 prev_prio=120 prev_state=S ==> next_comm=swapper/3 next_pid=0 next_prio=120
          <idle>-0     [000] d...  4604.731715: sched_switch: prev_comm=swapper/0 prev_pid=0 prev_prio=120 prev_state=R ==> next_comm=rcu_sched next_pid=10 next_prio=120
       rcu_sched-10    [000] d...  4604.731729: sched_switch: prev_comm=rcu_sched prev_pid=10 prev_prio=120 prev_state=I ==> next_comm=swapper/0 next_pid=0 next_prio=120
          <idle>-0     [001] d...  4604.734528: sched_switch: prev_comm=swapper/1 prev_pid=0 prev_prio=120 prev_state=R ==> next_comm=irq/86-mmc1 next_pid=80 next_prio=49
     irq/86-mmc1-80    [001] d...  4604.734542: sched_switch: prev_comm=irq/86-mmc1 prev_pid=80 prev_prio=49 prev_state=D ==> next_comm=swapper/1 next_pid=0 next_prio=120
          <idle>-0     [001] d...  4604.734549: sched_switch: prev_comm=swapper/1 prev_pid=0 prev_prio=120 prev_state=R ==> next_comm=irq/86-mmc1 next_pid=80 next_prio=49
     irq/86-mmc1-80    [001] d...  4604.734566: sched_switch: prev_comm=irq/86-mmc1 prev_pid=80 prev_prio=49 prev_state=D ==> next_comm=swapper/1 next_pid=0 next_prio=120
          <idle>-0     [001] d...  4604.734578: sched_switch: prev_comm=swapper/1 prev_pid=0 prev_prio=120 prev_state=R ==> next_comm=irq/86-mmc1 next_pid=80 next_prio=49
     irq/86-mmc1-80    [001] d...  4604.734593: sched_switch: prev_comm=irq/86-mmc1 prev_pid=80 prev_prio=49 prev_state=D ==> next_comm=swapper/1 next_pid=0 next_prio=120
          <idle>-0     [001] d...  4604.734606: sched_switch: prev_comm=swapper/1 prev_pid=0 prev_prio=120 prev_state=R ==> next_comm=irq/86-mmc1 next_pid=80 next_prio=49
          <idle>-0     [000] d...  4604.734616: sched_switch: prev_comm=swapper/0 prev_pid=0 prev_prio=120 prev_state=R ==> next_comm=kworker/u8:1 next_pid=1240 next_prio=120
     irq/86-mmc1-80    [001] d...  4604.734616: sched_switch: prev_comm=irq/86-mmc1 prev_pid=80 prev_prio=49 prev_state=S ==> next_comm=swapper/1 next_pid=0 next_prio=120
    kworker/u8:1-1240  [000] d...  4604.734640: sched_switch: prev_comm=kworker/u8:1 prev_pid=1240 prev_prio=120 prev_state=D ==> next_comm=swapper/0 next_pid=0 next_prio=120
          <idle>-0     [000] d...  4604.734662: sched_switch: prev_comm=swapper/0 prev_pid=0 prev_prio=120 prev_state=R ==> next_comm=kworker/u8:1 next_pid=1240 next_prio=120
          <idle>-0     [002] d...  4604.734664: sched_switch: prev_comm=swapper/2 prev_pid=0 prev_prio=120 prev_state=R ==> next_comm=rngd next_pid=355 next_prio=120
            rngd-355   [002] d...  4604.734679: sched_switch: prev_comm=rngd prev_pid=355 prev_prio=120 prev_state=S ==> next_comm=swapper/2 next_pid=0 next_prio=120
    kworker/u8:1-1240  [000] d...  4604.734681: sched_switch: prev_comm=kworker/u8:1 prev_pid=1240 prev_prio=120 prev_state=D ==> next_comm=swapper/0 next_pid=0 next_prio=120
          <idle>-0     [000] d...  4604.734695: sched_switch: prev_comm=swapper/0 prev_pid=0 prev_prio=120 prev_state=R ==> next_comm=kworker/u8:1 next_pid=1240 next_prio=120
          <idle>-0     [003] d...  4604.734756: sched_switch: prev_comm=swapper/3 prev_pid=0 prev_prio=120 prev_state=R ==> next_comm=tailscaled next_pid=534 next_prio=120
      tailscaled-534   [003] ....  4604.734760: sys_exit: NR 346 = 1
    kworker/u8:1-1240  [000] d...  4604.734768: sched_switch: prev_comm=kworker/u8:1 prev_pid=1240 prev_prio=120 prev_state=D ==> next_comm=swapper/0 next_pid=0 next_prio=120
      tailscaled-534   [003] ....  4604.734770: sys_enter: NR 240 (1695bd4, 81, 1, 0, 0, 0)
      tailscaled-534   [003] ....  4604.734774: sys_exit: NR 240 = 1
      tailscaled-534   [003] ....  4604.734776: sys_enter: NR 365 (11, 4adb308, 80, 0, 0, 0)
          <idle>-0     [000] d...  4604.734788: sched_switch: prev_comm=swapper/0 prev_pid=0 prev_prio=120 prev_state=R ==> next_comm=kworker/u8:1 next_pid=1240 next_prio=120
      tailscaled-534   [003] ....  4604.734793: sys_exit: NR 365 = 1
    kworker/u8:1-1240  [000] d...  4604.734796: sched_switch: prev_comm=kworker/u8:1 prev_pid=1240 prev_prio=120 prev_state=I ==> next_comm=tailscaled next_pid=417 next_prio=120
      tailscaled-417   [000] ....  4604.734799: sys_exit: NR 240 = 0
      tailscaled-417   [000] ....  4604.734806: sys_enter: NR 162 (1849f60, 0, 430, 14, 0, 0)
      tailscaled-417   [000] d...  4604.734814: sched_switch: prev_comm=tailscaled prev_pid=417 prev_prio=120 prev_state=S ==> next_comm=swapper/0 next_pid=0 next_prio=120
      tailscaled-534   [003] ....  4604.734859: sys_enter: NR 240 (18808d4, 81, 1, 0, 0, 0)
      tailscaled-534   [003] ....  4604.734863: sys_exit: NR 240 = 1
          <idle>-0     [000] d...  4604.734871: sched_switch: prev_comm=swapper/0 prev_pid=0 prev_prio=120 prev_state=R ==> next_comm=tailscaled next_pid=547 next_prio=120
      tailscaled-547   [000] ....  4604.734875: sys_exit: NR 240 = 0
      tailscaled-547   [000] ....  4604.734889: sys_enter: NR 346 (4, 1b55680, 80, 0, 0, 0)
      tailscaled-547   [000] ....  4604.734891: sys_exit: NR 346 = 0
      tailscaled-547   [000] ....  4604.734898: sys_enter: NR 240 (16927c4, 81, 1, 0, 0, 0)
      tailscaled-547   [000] ....  4604.734904: sys_exit: NR 240 = 1
      tailscaled-534   [003] ....  4604.734916: sys_enter: NR 365 (11, 4adb308, 80, 0, 0, 0)
      tailscaled-547   [000] ....  4604.734917: sys_enter: NR 346 (4, 1b55680, 80, 0, 0, 0)
      tailscaled-547   [000] ....  4604.734918: sys_exit: NR 346 = 0
      tailscaled-534   [003] ....  4604.734920: sys_exit: NR 365 = -11
      tailscaled-547   [000] ....  4604.734924: sys_enter: NR 162 (1b55dcc, 0, 1cc4a28, 3, 430, 0)
      tailscaled-547   [000] d...  4604.734932: sched_switch: prev_comm=tailscaled prev_pid=547 prev_prio=120 prev_state=S ==> next_comm=tailscaled next_pid=417 next_prio=120
      tailscaled-417   [000] ....  4604.734934: sys_exit: NR 162 = 0
      tailscaled-417   [000] ....  4604.734938: sys_enter: NR 162 (1849f60, 0, 430, 14, 0, 0)
      tailscaled-417   [000] d...  4604.734944: sched_switch: prev_comm=tailscaled prev_pid=417 prev_prio=120 prev_state=S ==> next_comm=tailscaled next_pid=357 next_prio=120
      tailscaled-357   [000] ....  4604.734946: sys_exit: NR 240 = 0
      tailscaled-357   [000] ....  4604.734951: sys_enter: NR 346 (4, 7eb63380, 80, 0, 0, 0)
      tailscaled-357   [000] ....  4604.734953: sys_exit: NR 346 = 0
      tailscaled-357   [000] ....  4604.734964: sys_enter: NR 346 (4, 7eb63380, 80, 23b, 0, 0)
      tailscaled-357   [000] d...  4604.734972: sched_switch: prev_comm=tailscaled prev_pid=357 prev_prio=120 prev_state=S ==> next_comm=swapper/0 next_pid=0 next_prio=120
          <idle>-0     [000] d...  4604.734994: sched_switch: prev_comm=swapper/0 prev_pid=0 prev_prio=120 prev_state=R ==> next_comm=tailscaled next_pid=547 next_prio=120
      tailscaled-547   [000] ....  4604.734996: sys_exit: NR 162 = 0
      tailscaled-547   [000] ....  4604.735004: sys_enter: NR 240 (18808d4, 80, 0, 0, 0, 0)
