# tracer: function
#
# entries-in-buffer/entries-written: 21704/21704   #P:4
#
#                              _-----=> irqs-off
#                             / _----=> need-resched
#                            | / _---=> hardirq/softirq
#                            || / _--=> preempt-depth
#                            ||| /     delay
#           TASK-PID   CPU#  ||||    TIMESTAMP  FUNCTION
#              | |       |   ||||       |         |
        test1.sh-1579  [002] ....  4604.611724: sys_exit: NR 4 = 2
        test1.sh-1579  [002] ....  4604.611746: sys_enter: NR 63 (a, 1, ff, 0, 1513788, a)
        test1.sh-1579  [002] ....  4604.611751: sys_exit: NR 63 = 1
        test1.sh-1579  [002] ....  4604.611762: sys_enter: NR 221 (a, 1, 0, fcef8, fcef8, a)
        test1.sh-1579  [002] ....  4604.611764: sys_exit: NR 221 = 1
        test1.sh-1579  [002] ....  4604.611768: sys_enter: NR 6 (a, a, 6c, 0, 1513570, 0)
        test1.sh-1579  [002] ....  4604.611771: sys_exit: NR 6 = 0
        test1.sh-1579  [002] ....  4604.611906: sys_enter: NR 4 (1, 1506190, b, 0, b, 1506190)
        test1.sh-1579  [002] ....  4604.611928: sys_exit: NR 4 = 11
          <idle>-0     [000] d...  4604.611933: sched_switch: prev_comm=swapper/0 prev_pid=0 prev_prio=120 prev_state=R ==> next_comm=kworker/u8:1 next_pid=1240 next_prio=120
        test1.sh-1579  [002] ....  4604.611937: sys_enter: NR 3 (ff, 1504ba8, 976, 0, 1505528, 976)
        test1.sh-1579  [002] ....  4604.611946: sys_exit: NR 3 = 0
        test1.sh-1579  [002] ....  4604.611953: sys_enter: NR 175 (0, 7ef03424, 7ef034a4, 8, fcef8, 7ef034a4)
        test1.sh-1579  [002] ....  4604.611958: sys_exit: NR 175 = 0
        test1.sh-1579  [002] ....  4604.611960: sys_enter: NR 175 (2, 7ef034a4, 0, 8, fcef8, 0)
    kworker/u8:1-1240  [000] d...  4604.611960: sched_switch: prev_comm=kworker/u8:1 prev_pid=1240 prev_prio=120 prev_state=I ==> next_comm=lxterminal next_pid=1104 next_prio=120
        test1.sh-1579  [002] ....  4604.611961: sys_exit: NR 175 = 0
           <...>-1104  [000] ....  4604.611983: sys_exit: NR 168 = 1
           <...>-1104  [000] ....  4604.612010: sys_enter: NR 4 (4, 7ef8e798, 8, 0, 8, 7ef8e798)
           <...>-1104  [000] ....  4604.612014: sys_exit: NR 4 = 8
           <...>-1104  [000] ....  4604.612025: sys_enter: NR 3 (6, 1040714, 1ff4, 0, 1ff4, 1040714)
           <...>-1104  [000] ....  4604.612035: sys_exit: NR 3 = 13
           <...>-1104  [000] ....  4604.612036: sys_enter: NR 3 (6, 1040720, 1fe8, 0, 1fe8, 1040720)
           <...>-1104  [000] ....  4604.612040: sys_exit: NR 3 = -11
        test1.sh-1579  [002] ....  4604.612064: sys_enter: NR 248 (0, 0, 0, 973c9800, 76ec76d8, 76ec76d8)
           <...>-1104  [000] ....  4604.612064: sys_enter: NR 4 (4, 7ef8e798, 8, 0, 8, 7ef8e798)
           <...>-1104  [000] ....  4604.612066: sys_exit: NR 4 = 8
           <...>-1104  [000] ....  4604.612076: sys_enter: NR 297 (3, 7ef8e664, 0, 0, 0, 7ef8e664)
           <...>-1104  [000] ....  4604.612080: sys_exit: NR 297 = -11
           <...>-1104  [000] ....  4604.612086: sys_enter: NR 168 (d9a5c8, 5, a, 0, a, 5)
           <...>-1104  [000] ....  4604.612094: sys_exit: NR 168 = 1
           <...>-1104  [000] ....  4604.612097: sys_enter: NR 3 (4, 7ef8e7a4, 10, 0, 10, 7ef8e7a4)
           <...>-1104  [000] ....  4604.612099: sys_exit: NR 3 = 8
           <...>-1104  [000] ....  4604.612104: sys_enter: NR 297 (3, 7ef8e664, 0, 0, 0, 7ef8e664)
           <...>-1104  [000] ....  4604.612107: sys_exit: NR 297 = -11
           <...>-1104  [000] ....  4604.612110: sys_enter: NR 168 (d9a5c8, 5, a, 0, a, 5)
           <...>-1104  [000] d...  4604.612137: sched_switch: prev_comm=lxterminal prev_pid=1104 prev_prio=120 prev_state=S ==> next_comm=swapper/0 next_pid=0 next_prio=120
        test1.sh-1579  [002] d...  4604.612591: sched_switch: prev_comm=test1.sh prev_pid=1579 prev_prio=120 prev_state=Z ==> next_comm=swapper/2 next_pid=0 next_prio=120
          <idle>-0     [003] d...  4604.612597: sched_switch: prev_comm=swapper/3 prev_pid=0 prev_prio=120 prev_state=R ==> next_comm=sudo next_pid=1574 next_prio=120
            sudo-1574  [003] ....  4604.612607: sys_exit: NR 336 = -514
            sudo-1574  [003] ....  4604.612627: setup_return+0x134/0x19c: [+] handler:0x76ed000c, sig:17 
            sudo-1574  [003] ....  4604.612635: sys_enter: NR 4 (6, 7ed16a7b, 1, 0, 1db1e84, 1db1e40)
            sudo-1574  [003] ....  4604.612653: sys_exit: NR 4 = 1
            sudo-1574  [003] ....  4604.612655: sys_enter: NR 173 (1, 7ed16a7b, cdba7f00, cdba7f00, 8, 76fc8968)
            sudo-1574  [003] ....  4604.612660: sys_exit: NR 173 = -4
            sudo-1574  [003] ....  4604.612666: sys_enter: NR 3 (5, 7ed16e63, 1, 0, 76edf5bc, 5)
            sudo-1574  [003] ....  4604.612673: sys_exit: NR 3 = 1
            sudo-1574  [003] ....  4604.612674: sys_enter: NR 3 (5, 7ed16e63, 1, 0, 76edf5bc, 5)
            sudo-1574  [003] ....  4604.612676: sys_exit: NR 3 = -11
            sudo-1574  [003] ....  4604.612678: sys_enter: NR 175 (0, 7ed16d24, 7ed16da4, 8, 76fc8968, 7ed16da4)
            sudo-1574  [003] ....  4604.612680: sys_exit: NR 175 = 0
            sudo-1574  [003] ....  4604.612683: sys_enter: NR 175 (2, 7ed16da4, 0, 8, 76fc8968, 0)
            sudo-1574  [003] ....  4604.612685: sys_exit: NR 175 = 0
            sudo-1574  [003] ....  4604.612717: sys_enter: NR 114 (62b, 7ed16d00, 3, 0, 7ed16ee4, 76fc8968)
            sudo-1574  [003] ....  4604.612799: sys_exit: NR 114 = 1579
            sudo-1574  [003] ....  4604.612814: sys_enter: NR 174 (1, 7ed16d4c, 0, 8, 0, 1db2c00)
            sudo-1574  [003] ....  4604.612817: sys_exit: NR 174 = 0
            sudo-1574  [003] ....  4604.612821: sys_enter: NR 174 (2, 7ed16d4c, 0, 8, 0, 1db2460)
            sudo-1574  [003] ....  4604.612822: sys_exit: NR 174 = 0
            sudo-1574  [003] ....  4604.612825: sys_enter: NR 174 (3, 7ed16d4c, 0, 8, 0, 1db2648)
            sudo-1574  [003] ....  4604.612826: sys_exit: NR 174 = 0
            sudo-1574  [003] ....  4604.612830: sys_enter: NR 174 (a, 7ed16d4c, 0, 8, 0, 1db89d8)
            sudo-1574  [003] ....  4604.612831: sys_exit: NR 174 = 0
            sudo-1574  [003] ....  4604.612833: sys_enter: NR 174 (c, 7ed16d4c, 0, 8, 0, 1db8bc0)
            sudo-1574  [003] ....  4604.612835: sys_exit: NR 174 = 0
            sudo-1574  [003] ....  4604.612837: sys_enter: NR 174 (d, 7ed16d4c, 0, 8, 0, 1db87f0)
            sudo-1574  [003] ....  4604.612839: sys_exit: NR 174 = 0
            sudo-1574  [003] ....  4604.612841: sys_enter: NR 174 (e, 7ed16d4c, 0, 8, 0, 1db8608)
            sudo-1574  [003] ....  4604.612842: sys_exit: NR 174 = 0
            sudo-1574  [003] ....  4604.612844: sys_enter: NR 174 (f, 7ed16d4c, 0, 8, 0, 1db2a18)
            sudo-1574  [003] ....  4604.612845: sys_exit: NR 174 = 0
            sudo-1574  [003] ....  4604.612849: sys_enter: NR 174 (11, 7ed16d4c, 0, 8, 0, 1db8da8)
            sudo-1574  [003] ....  4604.612850: sys_exit: NR 174 = 0
            sudo-1574  [003] ....  4604.612853: sys_enter: NR 174 (12, 7ed16d4c, 0, 8, 0, 1db8f90)
            sudo-1574  [003] ....  4604.612855: sys_exit: NR 174 = 0
            sudo-1574  [003] ....  4604.612858: sys_enter: NR 174 (14, 7ed16d4c, 0, 8, 0, 1db2830)
            sudo-1574  [003] ....  4604.612859: sys_exit: NR 174 = 0
            sudo-1574  [003] ....  4604.612865: sys_enter: NR 6 (5, b, cdba7f00, 0, 0, 1db1e40)
            sudo-1574  [003] ....  4604.612867: sys_exit: NR 6 = 0
            sudo-1574  [003] ....  4604.612873: sys_enter: NR 6 (6, b, cdba7f00, 0, 0, 1db1e40)
            sudo-1574  [003] ....  4604.612874: sys_exit: NR 6 = 0
            sudo-1574  [003] ....  4604.612918: sys_enter: NR 199 (1db36b0, 8000, 0, 0, 8000, 76fc8968)
            sudo-1574  [003] ....  4604.612919: sys_exit: NR 199 = 0
            sudo-1574  [003] ....  4604.612929: sys_enter: NR 322 (ffffff9c, 76779288, 20000, 0, 1dad150, 76fc8968)
            sudo-1574  [003] ....  4604.612959: sys_exit: NR 322 = 4
            sudo-1574  [003] ....  4604.612966: sys_enter: NR 197 (4, 7ed16e08, 7ed16e08, 76daa788, 1dad150, 76e89b1c)
            sudo-1574  [003] ....  4604.612970: ext4_file_getattr+0x10/0xd0 <-vfs_getattr_nosec+0x68/0x80
            sudo-1574  [003] ....  4604.612990: <stack trace>
 => ext4_file_getattr+0x14/0xd0
 => vfs_getattr_nosec+0x68/0x80
 => vfs_statx_fd+0x4c/0x80
 => sys_fstat64+0x3c/0x70
 => __sys_trace_return+0x0/0x1c
 => 0x7ed16e00
            sudo-1574  [003] ....  4604.612993: generic_fillattr+0x10/0x10c <-ext4_getattr+0xc0/0xc8
            sudo-1574  [003] ....  4604.613001: <stack trace>
 => generic_fillattr+0x14/0x10c
 => ext4_getattr+0xc0/0xc8
 => ext4_file_getattr+0x24/0xd0
 => vfs_getattr_nosec+0x68/0x80
 => vfs_statx_fd+0x4c/0x80
 => sys_fstat64+0x3c/0x70
 => __sys_trace_return+0x0/0x1c
 => 0x7ed16e00
            sudo-1574  [003] ....  4604.613005: sys_exit: NR 197 = 0
            sudo-1574  [003] ....  4604.613025: sys_enter: NR 3 (4, 1dbb718, 1000, 0, 1dad150, 76e89b1c)
            sudo-1574  [003] ....  4604.613036: sys_exit: NR 3 = 4096
            sudo-1574  [003] ....  4604.613094: sys_enter: NR 3 (4, 1dbb718, 1000, 0, 1dad150, 76e89b1c)
            sudo-1574  [003] ....  4604.613101: sys_exit: NR 3 = 4096
            sudo-1574  [003] ....  4604.613161: sys_enter: NR 3 (4, 1dbb718, 1000, 0, 1dad150, 76e89b1c)
            sudo-1574  [003] ....  4604.613166: sys_exit: NR 3 = 2324
            sudo-1574  [003] ....  4604.613179: sys_enter: NR 6 (4, 444, 76e896d8, 76da9864, 1dad150, 76e89b1c)
            sudo-1574  [003] ....  4604.613181: sys_exit: NR 6 = 0
            sudo-1574  [003] ....  4604.613259: sys_enter: NR 289 (3, 1dc06f0, 4e, 4000, 14, 1dbe0d8)
            sudo-1574  [003] ....  4604.613291: sys_exit: NR 289 = 78
            sudo-1574  [003] ....  4604.613296: sys_enter: NR 281 (10, 3, 9, 8000, 1db36b0, 5)
            sudo-1574  [003] d...  4604.613327: sched_switch: prev_comm=sudo prev_pid=1574 prev_prio=120 prev_state=D ==> next_comm=systemd-journal next_pid=129 next_prio=120
          <idle>-0     [000] d...  4604.613329: sched_switch: prev_comm=swapper/0 prev_pid=0 prev_prio=120 prev_state=R ==> next_comm=kworker/u8:1 next_pid=1240 next_prio=120
 systemd-journal-129   [003] ....  4604.613337: sys_exit: NR 252 = 1
 systemd-journal-129   [003] ....  4604.613369: sys_enter: NR 263 (7, 7eef04a4, 728bc50f, 7ef1e450, 7eef04a4, 7)
 systemd-journal-129   [003] ....  4604.613373: sys_exit: NR 263 = 0
 systemd-journal-129   [003] ....  4604.613397: sys_enter: NR 54 (5, 541b, 7eef04b0, 5, 0, 7eef0634)
 systemd-journal-129   [003] ....  4604.613401: sys_exit: NR 54 = 0
 systemd-journal-129   [003] ....  4604.613413: sys_enter: NR 297 (5, 7eef04bc, 40000040, 0, 0, 7eef0634)
          <idle>-0     [001] d...  4604.613422: sched_switch: prev_comm=swapper/1 prev_pid=0 prev_prio=120 prev_state=R ==> next_comm=kworker/u8:1 next_pid=1586 next_prio=120
    kworker/u8:1-1240  [000] d...  4604.613433: sched_switch: prev_comm=kworker/u8:1 prev_pid=1240 prev_prio=120 prev_state=S ==> next_comm=swapper/0 next_pid=0 next_prio=120
 systemd-journal-129   [003] ....  4604.613435: sys_exit: NR 297 = 78
 systemd-journal-129   [003] ....  4604.613459: sys_enter: NR 91 (7239d000, 1000, 76f5c27c, 1c000, 1665388, 0)
 systemd-journal-129   [003] ....  4604.613503: sys_exit: NR 91 = 0
 systemd-journal-129   [003] ....  4604.613529: sys_enter: NR 322 (ffffff9c, 7eef02a8, a0000, 0, 1648170, 76fb9968)
 systemd-journal-129   [003] ....  4604.613555: sys_exit: NR 322 = 20
 systemd-journal-129   [003] ....  4604.613570: sys_enter: NR 197 (14, 7eef0140, 7eef0140, 76e7b788, 1648170, 76f5ab1c)
 systemd-journal-129   [003] ....  4604.613573: generic_fillattr+0x10/0x10c <-vfs_getattr_nosec+0x78/0x80
 systemd-journal-129   [003] ....  4604.613590: <stack trace>
 => generic_fillattr+0x14/0x10c
 => vfs_getattr_nosec+0x78/0x80
 => vfs_statx_fd+0x4c/0x80
 => sys_fstat64+0x3c/0x70
 => __sys_trace_return+0x0/0x1c
 => 0x7eef0138
 systemd-journal-129   [003] ....  4604.613594: sys_exit: NR 197 = 0
 systemd-journal-129   [003] ....  4604.613601: sys_enter: NR 3 (14, 1676298, 400, 0, 1648170, 76f5ab1c)
 systemd-journal-129   [003] ....  4604.613610: sys_exit: NR 3 = 5
 systemd-journal-129   [003] ....  4604.613615: sys_enter: NR 3 (14, 1676298, 400, 0, 1648170, 76f5ab1c)
 systemd-journal-129   [003] ....  4604.613617: sys_exit: NR 3 = 0
 systemd-journal-129   [003] ....  4604.613625: sys_enter: NR 6 (14, 444, 76f5a6d8, 76e7a864, 1648170, 76f5ab1c)
 systemd-journal-129   [003] ....  4604.613627: sys_exit: NR 6 = 0
 systemd-journal-129   [003] ....  4604.613653: sys_enter: NR 332 (ffffff9c, 7eef02b0, 167d860, 1000, 1001, 167d860)
 systemd-journal-129   [003] ....  4604.613677: sys_exit: NR 332 = 13
 systemd-journal-129   [003] ....  4604.613692: sys_enter: NR 322 (ffffff9c, 7eef0288, a0000, 0, 1648170, 76fb9968)
 systemd-journal-129   [003] ....  4604.613705: sys_exit: NR 322 = 20
 systemd-journal-129   [003] ....  4604.613715: sys_enter: NR 191 (3, 7eef023c, 14c, 82f4e900, 0, 7eef02f8)
 systemd-journal-129   [003] ....  4604.613717: sys_exit: NR 191 = 0
 systemd-journal-129   [003] ....  4604.613726: sys_enter: NR 192 (0, 201000, 3, 22, ffffffff, 0)
 systemd-journal-129   [003] ....  4604.613736: sys_exit: NR 192 = 1943707648
        modprobe-1586  [001] ....  4604.613754: sys_enter: NR 45 (0, 817cb037, 0, 1, 9, 10034)
        modprobe-1586  [001] ....  4604.613757: sys_exit: NR 45 = 13119488
 systemd-journal-129   [003] ....  4604.613759: sys_enter: NR 197 (14, 7eef01b0, 7eef01b0, 76e7b788, 1648170, 76f5ab1c)
 systemd-journal-129   [003] ....  4604.613760: generic_fillattr+0x10/0x10c <-vfs_getattr_nosec+0x78/0x80
 systemd-journal-129   [003] ....  4604.613774: <stack trace>
 => generic_fillattr+0x14/0x10c
 => vfs_getattr_nosec+0x78/0x80
 => vfs_statx_fd+0x4c/0x80
 => sys_fstat64+0x3c/0x70
 => __sys_trace_return+0x0/0x1c
 => 0x7eef01a8
 systemd-journal-129   [003] ....  4604.613777: sys_exit: NR 197 = 0
 systemd-journal-129   [003] ....  4604.613784: sys_enter: NR 3 (14, 1676298, 400, 0, 1648170, 76f5ab1c)
 systemd-journal-129   [003] ....  4604.613795: sys_exit: NR 3 = 16
 systemd-journal-129   [003] ....  4604.613802: sys_enter: NR 3 (14, 1676298, 400, 0, 1648170, 76f5ab1c)
        modprobe-1586  [001] ....  4604.613803: sys_enter: NR 122 (7e834ac0, 6, 6474e550, 30, 7e834ac0, 76f38908)
 systemd-journal-129   [003] ....  4604.613806: sys_exit: NR 3 = 0
        modprobe-1586  [001] ....  4604.613807: sys_exit: NR 122 = 0
 systemd-journal-129   [003] ....  4604.613813: sys_enter: NR 163 (73daa000, 201000, 1000, 1, 18, 0)
        modprobe-1586  [001] ....  4604.613814: sys_enter: NR 192 (0, 2000, 3, 22, ffffffff, 0)
        modprobe-1586  [001] ....  4604.613819: sys_exit: NR 192 = 1995743232
 systemd-journal-129   [003] ....  4604.613833: sys_exit: NR 163 = 1943707648
 systemd-journal-129   [003] ....  4604.613839: sys_enter: NR 6 (14, 444, 76f5a6d8, 76e7a864, 1648170, 76f5ab1c)
 systemd-journal-129   [003] ....  4604.613841: sys_exit: NR 6 = 0
        modprobe-1586  [001] ....  4604.613846: sys_enter: NR 33 (76f39b7c, 4, 76f4d95c, 76f4c910, 76f39b7c, 0)
        modprobe-1586  [001] ....  4604.613857: sys_exit: NR 33 = 0
 systemd-journal-129   [003] ....  4604.613858: sys_enter: NR 322 (ffffff9c, 7eef02a8, a0000, 0, 1648170, 76fb9968)
        modprobe-1586  [001] ....  4604.613859: sys_enter: NR 322 (ffffff9c, 76f39b7c, a0000, 0, 7e834ccc, 0)
        modprobe-1586  [001] ....  4604.613866: sys_exit: NR 322 = 0
        modprobe-1586  [001] ....  4604.613868: sys_enter: NR 197 (0, 7e834bf8, 7e834bf8, 0, 7e834ccc, 0)
        modprobe-1586  [001] ....  4604.613870: ext4_file_getattr+0x10/0xd0 <-vfs_getattr_nosec+0x68/0x80
 systemd-journal-129   [003] ....  4604.613870: sys_exit: NR 322 = 20
 systemd-journal-129   [003] ....  4604.613878: sys_enter: NR 197 (14, 7eef01b8, 7eef01b8, 14, 7eef0270, 1648170)
 systemd-journal-129   [003] ....  4604.613879: generic_fillattr+0x10/0x10c <-vfs_getattr_nosec+0x78/0x80
        modprobe-1586  [001] ....  4604.613880: <stack trace>
 => ext4_file_getattr+0x14/0xd0
 => vfs_getattr_nosec+0x68/0x80
 => vfs_statx_fd+0x4c/0x80
 => sys_fstat64+0x3c/0x70
 => __sys_trace_return+0x0/0x1c
 => 0x7e834bec
        modprobe-1586  [001] ....  4604.613881: generic_fillattr+0x10/0x10c <-ext4_getattr+0xc0/0xc8
 systemd-journal-129   [003] ....  4604.613887: <stack trace>
 => generic_fillattr+0x14/0x10c
 => vfs_getattr_nosec+0x78/0x80
 => vfs_statx_fd+0x4c/0x80
 => sys_fstat64+0x3c/0x70
 => __sys_trace_return+0x0/0x1c
 => 0x7eef0198
        modprobe-1586  [001] ....  4604.613889: <stack trace>
 => generic_fillattr+0x14/0x10c
 => ext4_getattr+0xc0/0xc8
 => ext4_file_getattr+0x24/0xd0
 => vfs_getattr_nosec+0x68/0x80
 => vfs_statx_fd+0x4c/0x80
 => sys_fstat64+0x3c/0x70
 => __sys_trace_return+0x0/0x1c
 => 0x7e834bec
 systemd-journal-129   [003] ....  4604.613890: sys_exit: NR 197 = 0
        modprobe-1586  [001] ....  4604.613892: sys_exit: NR 197 = 0
        modprobe-1586  [001] ....  4604.613894: sys_enter: NR 192 (0, 36, 3, 2, 0, 0)
 systemd-journal-129   [003] ....  4604.613899: sys_enter: NR 197 (14, 7eef00b8, 7eef00b8, 76e7b788, 1648170, 76f5ab1c)
        modprobe-1586  [001] ....  4604.613899: sys_exit: NR 192 = 1995739136
 systemd-journal-129   [003] ....  4604.613900: generic_fillattr+0x10/0x10c <-vfs_getattr_nosec+0x78/0x80
        modprobe-1586  [001] ....  4604.613901: sys_enter: NR 6 (0, 36, 3, 76f49000, 76f49000, 0)
        modprobe-1586  [001] ....  4604.613902: sys_exit: NR 6 = 0
 systemd-journal-129   [003] ....  4604.613907: <stack trace>
 => generic_fillattr+0x14/0x10c
 => vfs_getattr_nosec+0x78/0x80
 => vfs_statx_fd+0x4c/0x80
 => sys_fstat64+0x3c/0x70
 => __sys_trace_return+0x0/0x1c
 => 0x7eef00b0
 systemd-journal-129   [003] ....  4604.613909: sys_exit: NR 197 = 0
 systemd-journal-129   [003] ....  4604.613915: sys_enter: NR 3 (14, 1675a30, 800, 0, 1648170, 1675a30)
        modprobe-1586  [001] ....  4604.613925: sys_enter: NR 85 (76f3b2e4, 7e8337b0, 1000, 76f4d578, 76f49000, 7e8337b0)
 systemd-journal-129   [003] ....  4604.613964: sys_exit: NR 3 = 974
 systemd-journal-129   [003] ....  4604.613968: sys_enter: NR 3 (14, 1675dfe, 400, 0, 1648170, 1675dfe)
 systemd-journal-129   [003] ....  4604.613970: sys_exit: NR 3 = 0
        modprobe-1586  [001] ....  4604.613972: sys_exit: NR 85 = 9
        modprobe-1586  [001] ....  4604.613977: sys_enter: NR 322 (ffffff9c, 76f4a198, a0000, 0, 76f49000, 0)
 systemd-journal-129   [003] ....  4604.613978: sys_enter: NR 6 (14, 444, 76f5a6d8, 76e7a864, 1648170, 76f5ab1c)
 systemd-journal-129   [003] ....  4604.613980: sys_exit: NR 6 = 0
        modprobe-1586  [001] ....  4604.613987: sys_exit: NR 322 = 0
        modprobe-1586  [001] ....  4604.613988: sys_enter: NR 3 (0, 7e834828, 200, 0, 76f49000, 0)
        modprobe-1586  [001] ....  4604.613993: sys_exit: NR 3 = 512
        modprobe-1586  [001] ....  4604.613996: sys_enter: NR 140 (0, 0, 416c, 7e834350, 0, 7e834368)
        modprobe-1586  [001] ....  4604.613999: sys_exit: NR 140 = 0
        modprobe-1586  [001] ....  4604.614001: sys_enter: NR 3 (0, 7e834368, 3c0, 0, 3c0, 7e834368)
        modprobe-1586  [001] ....  4604.614004: sys_exit: NR 3 = 960
        modprobe-1586  [001] ....  4604.614005: sys_enter: NR 140 (0, 0, 4028, 7e834320, 0, 7e8346b0)
        modprobe-1586  [001] ....  4604.614007: sys_exit: NR 140 = 0
        modprobe-1586  [001] ....  4604.614008: sys_enter: NR 3 (0, 7e834338, 2d, 0, 7e834338, 7e8346b0)
        modprobe-1586  [001] ....  4604.614010: sys_exit: NR 3 = 45
        modprobe-1586  [001] ....  4604.614012: sys_enter: NR 140 (0, 0, 416c, 7e834350, 0, 7e834368)
        modprobe-1586  [001] ....  4604.614013: sys_exit: NR 140 = 0
 systemd-journal-129   [003] ....  4604.614013: sys_enter: NR 322 (ffffff9c, 164eae0, 80000, 0, 76fb9968, 76fb9968)
        modprobe-1586  [001] ....  4604.614014: sys_enter: NR 3 (0, 7e834368, 3c0, 0, 3c0, 7e834368)
        modprobe-1586  [001] ....  4604.614017: sys_exit: NR 3 = 960
        modprobe-1586  [001] ....  4604.614018: sys_enter: NR 140 (0, 0, 4028, 7e834320, 0, 7e8346b0)
        modprobe-1586  [001] ....  4604.614019: sys_exit: NR 140 = 0
        modprobe-1586  [001] ....  4604.614020: sys_enter: NR 3 (0, 7e834338, 2d, 0, 7e834338, 7e8346b0)
        modprobe-1586  [001] ....  4604.614022: sys_exit: NR 3 = 45
        modprobe-1586  [001] ....  4604.614024: sys_enter: NR 140 (0, 0, 416c, 7e834350, 0, 7e834368)
        modprobe-1586  [001] ....  4604.614025: sys_exit: NR 140 = 0
        modprobe-1586  [001] ....  4604.614026: sys_enter: NR 3 (0, 7e834368, 3c0, 0, 3c0, 7e834368)
 systemd-journal-129   [003] ....  4604.614028: sys_exit: NR 322 = -2
        modprobe-1586  [001] ....  4604.614028: sys_exit: NR 3 = 960
        modprobe-1586  [001] ....  4604.614030: sys_enter: NR 140 (0, 0, 4028, 7e834320, 0, 7e8346b0)
        modprobe-1586  [001] ....  4604.614031: sys_exit: NR 140 = 0
        modprobe-1586  [001] ....  4604.614032: sys_enter: NR 3 (0, 7e834338, 2d, 0, 7e834338, 7e8346b0)
        modprobe-1586  [001] ....  4604.614034: sys_exit: NR 3 = 45
        modprobe-1586  [001] ....  4604.614036: sys_enter: NR 140 (0, 0, 416c, 7e834350, 0, 7e834368)
        modprobe-1586  [001] ....  4604.614037: sys_exit: NR 140 = 0
        modprobe-1586  [001] ....  4604.614038: sys_enter: NR 3 (0, 7e834368, 3c0, 0, 3c0, 7e834368)
        modprobe-1586  [001] ....  4604.614041: sys_exit: NR 3 = 960
        modprobe-1586  [001] ....  4604.614042: sys_enter: NR 140 (0, 0, 4028, 7e834320, 0, 7e8346b0)
 systemd-journal-129   [003] ....  4604.614043: sys_enter: NR 322 (ffffff9c, 7eef02a0, a0000, 0, 1648170, 76fb9968)
        modprobe-1586  [001] ....  4604.614043: sys_exit: NR 140 = 0
        modprobe-1586  [001] ....  4604.614044: sys_enter: NR 3 (0, 7e834338, 2d, 0, 7e834338, 7e8346b0)
        modprobe-1586  [001] ....  4604.614046: sys_exit: NR 3 = 45
        modprobe-1586  [001] ....  4604.614048: sys_enter: NR 140 (0, 0, 416c, 7e834350, 0, 7e834368)
        modprobe-1586  [001] ....  4604.614049: sys_exit: NR 140 = 0
        modprobe-1586  [001] ....  4604.614050: sys_enter: NR 3 (0, 7e834368, 3c0, 0, 3c0, 7e834368)
        modprobe-1586  [001] ....  4604.614052: sys_exit: NR 3 = 960
        modprobe-1586  [001] ....  4604.614054: sys_enter: NR 140 (0, 0, 4028, 7e834320, 0, 7e8346b0)
        modprobe-1586  [001] ....  4604.614055: sys_exit: NR 140 = 0
        modprobe-1586  [001] ....  4604.614056: sys_enter: NR 3 (0, 7e834338, 2d, 0, 7e834338, 7e8346b0)
 systemd-journal-129   [003] ....  4604.614057: sys_exit: NR 322 = -2
        modprobe-1586  [001] ....  4604.614058: sys_exit: NR 3 = 45
        modprobe-1586  [001] ....  4604.614059: sys_enter: NR 140 (0, 0, 416c, 7e834350, 0, 7e834368)
        modprobe-1586  [001] ....  4604.614060: sys_exit: NR 140 = 0
        modprobe-1586  [001] ....  4604.614061: sys_enter: NR 3 (0, 7e834368, 3c0, 0, 3c0, 7e834368)
        modprobe-1586  [001] ....  4604.614064: sys_exit: NR 3 = 960
        modprobe-1586  [001] ....  4604.614065: sys_enter: NR 140 (0, 0, 4028, 7e834320, 0, 7e8346b0)
        modprobe-1586  [001] ....  4604.614066: sys_exit: NR 140 = 0
        modprobe-1586  [001] ....  4604.614067: sys_enter: NR 3 (0, 7e834338, 2d, 0, 7e834338, 7e8346b0)
        modprobe-1586  [001] ....  4604.614069: sys_exit: NR 3 = 45
        modprobe-1586  [001] ....  4604.614071: sys_enter: NR 197 (0, 7e834750, 7e834750, 76f4d95c, 0, 0)
 systemd-journal-129   [003] ....  4604.614071: sys_enter: NR 322 (ffffff9c, 7eef02a0, a0000, 0, 1648170, 76fb9968)
        modprobe-1586  [001] ....  4604.614072: ext4_file_getattr+0x10/0xd0 <-vfs_getattr_nosec+0x68/0x80
        modprobe-1586  [001] ....  4604.614080: <stack trace>
 => ext4_file_getattr+0x14/0xd0
 => vfs_getattr_nosec+0x68/0x80
 => vfs_statx_fd+0x4c/0x80
 => sys_fstat64+0x3c/0x70
 => __sys_trace_return+0x0/0x1c
 => 0x7e8346d4
 systemd-journal-129   [003] ....  4604.614081: sys_exit: NR 322 = -2
        modprobe-1586  [001] ....  4604.614082: generic_fillattr+0x10/0x10c <-ext4_getattr+0xc0/0xc8
        modprobe-1586  [001] ....  4604.614090: <stack trace>
 => generic_fillattr+0x14/0x10c
 => ext4_getattr+0xc0/0xc8
 => ext4_file_getattr+0x24/0xd0
 => vfs_getattr_nosec+0x68/0x80
 => vfs_statx_fd+0x4c/0x80
 => sys_fstat64+0x3c/0x70
 => __sys_trace_return+0x0/0x1c
 => 0x7e8346d4
        modprobe-1586  [001] ....  4604.614092: sys_exit: NR 197 = 0
        modprobe-1586  [001] ....  4604.614097: sys_enter: NR 192 (0, 1402c, 5, 802, 0, 0)
 systemd-journal-129   [003] ....  4604.614098: sys_enter: NR 322 (ffffff9c, 7eef0248, a0000, 0, 1648170, 76fb9968)
        modprobe-1586  [001] ....  4604.614104: sys_exit: NR 192 = 1995468800
        modprobe-1586  [001] ....  4604.614105: sys_enter: NR 125 (76f0b000, f000, 0, 13000, 76f4a1e8, 76f07000)
 systemd-journal-129   [003] ....  4604.614108: sys_exit: NR 322 = 20
 systemd-journal-129   [003] ....  4604.614117: sys_enter: NR 197 (14, 7eef00f8, 7eef00f8, 76e7b788, 1648170, 76f5ab1c)
        modprobe-1586  [001] ....  4604.614118: sys_exit: NR 125 = 0
 systemd-journal-129   [003] ....  4604.614118: generic_fillattr+0x10/0x10c <-vfs_getattr_nosec+0x78/0x80
        modprobe-1586  [001] ....  4604.614120: sys_enter: NR 192 (76f1a000, 2000, 3, 812, 0, 3)
 systemd-journal-129   [003] ....  4604.614129: <stack trace>
 => generic_fillattr+0x14/0x10c
 => vfs_getattr_nosec+0x78/0x80
 => vfs_statx_fd+0x4c/0x80
 => sys_fstat64+0x3c/0x70
 => __sys_trace_return+0x0/0x1c
 => 0x7eef00f0
 systemd-journal-129   [003] ....  4604.614132: sys_exit: NR 197 = 0
 systemd-journal-129   [003] ....  4604.614137: sys_enter: NR 3 (14, 1676298, 400, 0, 1648170, 76f5ab1c)
        modprobe-1586  [001] ....  4604.614137: sys_exit: NR 192 = 1995546624
        modprobe-1586  [001] ....  4604.614158: sys_enter: NR 6 (0, 6, 76f4d060, 0, 76f4a1e8, 70000022)
        modprobe-1586  [001] ....  4604.614160: sys_exit: NR 6 = 0
        modprobe-1586  [001] ....  4604.614169: sys_enter: NR 91 (76f49000, 36, 0, 0, 76f49000, 1)
        modprobe-1586  [001] ....  4604.614184: sys_exit: NR 91 = 0
 systemd-journal-129   [003] ....  4604.614186: sys_exit: NR 3 = 297
        modprobe-1586  [001] ....  4604.614195: sys_enter: NR 322 (ffffff9c, 76f3b858, a0000, 0, 76f4d914, 76f4d910)
        modprobe-1586  [001] ....  4604.614203: sys_exit: NR 322 = 0
        modprobe-1586  [001] ....  4604.614204: sys_enter: NR 197 (0, 7e8342a8, 7e8342a8, 0, 76f4d914, 0)
        modprobe-1586  [001] ....  4604.614205: ext4_file_getattr+0x10/0xd0 <-vfs_getattr_nosec+0x68/0x80
        modprobe-1586  [001] ....  4604.614213: <stack trace>
 => ext4_file_getattr+0x14/0xd0
 => vfs_getattr_nosec+0x68/0x80
 => vfs_statx_fd+0x4c/0x80
 => sys_fstat64+0x3c/0x70
 => __sys_trace_return+0x0/0x1c
 => 0x7e83429c
        modprobe-1586  [001] ....  4604.614215: generic_fillattr+0x10/0x10c <-ext4_getattr+0xc0/0xc8
        modprobe-1586  [001] ....  4604.614223: <stack trace>
 => generic_fillattr+0x14/0x10c
 => ext4_getattr+0xc0/0xc8
 => ext4_file_getattr+0x24/0xd0
 => vfs_getattr_nosec+0x68/0x80
 => vfs_statx_fd+0x4c/0x80
 => sys_fstat64+0x3c/0x70
 => __sys_trace_return+0x0/0x1c
 => 0x7e83429c
        modprobe-1586  [001] ....  4604.614226: sys_exit: NR 197 = 0
        modprobe-1586  [001] ....  4604.614227: sys_enter: NR 192 (0, 13a34, 1, 2, 0, 0)
        modprobe-1586  [001] ....  4604.614231: sys_exit: NR 192 = 1995386880
        modprobe-1586  [001] ....  4604.614233: sys_enter: NR 6 (0, 13a34, 1, 76ef3000, 76ef3000, 0)
        modprobe-1586  [001] ....  4604.614234: sys_exit: NR 6 = 0
 systemd-journal-129   [003] ....  4604.614239: sys_enter: NR 3 (14, 1676298, 400, 0, 1648170, 76f5ab1c)
 systemd-journal-129   [003] ....  4604.614241: sys_exit: NR 3 = 0
 systemd-journal-129   [003] ....  4604.614248: sys_enter: NR 6 (14, 444, 76f5a6d8, 76e7a864, 1648170, 76f5ab1c)
 systemd-journal-129   [003] ....  4604.614250: sys_exit: NR 6 = 0
        modprobe-1586  [001] ....  4604.614253: sys_enter: NR 322 (ffffff9c, 76f4a4c0, a0000, 0, 10e09, 0)
        modprobe-1586  [001] ....  4604.614265: sys_exit: NR 322 = 0
        modprobe-1586  [001] ....  4604.614266: sys_enter: NR 3 (0, 7e8343c0, 200, 0, 10e09, 0)
        modprobe-1586  [001] ....  4604.614270: sys_exit: NR 3 = 512
        modprobe-1586  [001] ....  4604.614272: sys_enter: NR 140 (0, 0, 20308, 7e833e98, 0, 7e833eb0)
        modprobe-1586  [001] ....  4604.614273: sys_exit: NR 140 = 0
        modprobe-1586  [001] ....  4604.614274: sys_enter: NR 3 (0, 7e833eb0, 410, 0, 410, 7e833eb0)
        modprobe-1586  [001] ....  4604.614279: sys_exit: NR 3 = 1040
        modprobe-1586  [001] ....  4604.614280: sys_enter: NR 140 (0, 0, 201ac, 7e833e68, 0, 7e834248)
        modprobe-1586  [001] ....  4604.614281: sys_exit: NR 140 = 0
        modprobe-1586  [001] ....  4604.614282: sys_enter: NR 3 (0, 7e833e80, 2d, 0, 7e833e80, 7e834248)
        modprobe-1586  [001] ....  4604.614284: sys_exit: NR 3 = 45
        modprobe-1586  [001] ....  4604.614286: sys_enter: NR 140 (0, 0, 20308, 7e833e98, 0, 7e833eb0)
        modprobe-1586  [001] ....  4604.614287: sys_exit: NR 140 = 0
        modprobe-1586  [001] ....  4604.614288: sys_enter: NR 3 (0, 7e833eb0, 410, 0, 410, 7e833eb0)
        modprobe-1586  [001] ....  4604.614291: sys_exit: NR 3 = 1040
        modprobe-1586  [001] ....  4604.614292: sys_enter: NR 140 (0, 0, 201ac, 7e833e68, 0, 7e834248)
        modprobe-1586  [001] ....  4604.614293: sys_exit: NR 140 = 0
        modprobe-1586  [001] ....  4604.614294: sys_enter: NR 3 (0, 7e833e80, 2d, 0, 7e833e80, 7e834248)
        modprobe-1586  [001] ....  4604.614296: sys_exit: NR 3 = 45
        modprobe-1586  [001] ....  4604.614297: sys_enter: NR 140 (0, 0, 20308, 7e833e98, 0, 7e833eb0)
        modprobe-1586  [001] ....  4604.614299: sys_exit: NR 140 = 0
        modprobe-1586  [001] ....  4604.614300: sys_enter: NR 3 (0, 7e833eb0, 410, 0, 410, 7e833eb0)
        modprobe-1586  [001] ....  4604.614302: sys_exit: NR 3 = 1040
        modprobe-1586  [001] ....  4604.614304: sys_enter: NR 140 (0, 0, 201ac, 7e833e68, 0, 7e834248)
        modprobe-1586  [001] ....  4604.614305: sys_exit: NR 140 = 0
        modprobe-1586  [001] ....  4604.614306: sys_enter: NR 3 (0, 7e833e80, 2d, 0, 7e833e80, 7e834248)
        modprobe-1586  [001] ....  4604.614308: sys_exit: NR 3 = 45
        modprobe-1586  [001] ....  4604.614309: sys_enter: NR 140 (0, 0, 20308, 7e833e98, 0, 7e833eb0)
        modprobe-1586  [001] ....  4604.614311: sys_exit: NR 140 = 0
        modprobe-1586  [001] ....  4604.614312: sys_enter: NR 3 (0, 7e833eb0, 410, 0, 410, 7e833eb0)
        modprobe-1586  [001] ....  4604.614315: sys_exit: NR 3 = 1040
        modprobe-1586  [001] ....  4604.614316: sys_enter: NR 140 (0, 0, 201ac, 7e833e68, 0, 7e834248)
        modprobe-1586  [001] ....  4604.614317: sys_exit: NR 140 = 0
        modprobe-1586  [001] ....  4604.614318: sys_enter: NR 3 (0, 7e833e80, 2d, 0, 7e833e80, 7e834248)
        modprobe-1586  [001] ....  4604.614320: sys_exit: NR 3 = 45
 systemd-journal-129   [003] ....  4604.614321: sys_enter: NR 332 (ffffff9c, 7eef0298, 16861a0, 1000, 1001, 16861a0)
        modprobe-1586  [001] ....  4604.614322: sys_enter: NR 140 (0, 0, 20308, 7e833e98, 0, 7e833eb0)
        modprobe-1586  [001] ....  4604.614323: sys_exit: NR 140 = 0
        modprobe-1586  [001] ....  4604.614324: sys_enter: NR 3 (0, 7e833eb0, 410, 0, 410, 7e833eb0)
        modprobe-1586  [001] ....  4604.614327: sys_exit: NR 3 = 1040
        modprobe-1586  [001] ....  4604.614328: sys_enter: NR 140 (0, 0, 201ac, 7e833e68, 0, 7e834248)
        modprobe-1586  [001] ....  4604.614329: sys_exit: NR 140 = 0
        modprobe-1586  [001] ....  4604.614330: sys_enter: NR 3 (0, 7e833e80, 2d, 0, 7e833e80, 7e834248)
        modprobe-1586  [001] ....  4604.614332: sys_exit: NR 3 = 45
        modprobe-1586  [001] ....  4604.614334: sys_enter: NR 197 (0, 7e8342e8, 7e8342e8, 76f4d95c, 0, 0)
 systemd-journal-129   [003] ....  4604.614335: sys_exit: NR 332 = 32
        modprobe-1586  [001] ....  4604.614335: ext4_file_getattr+0x10/0xd0 <-vfs_getattr_nosec+0x68/0x80
        modprobe-1586  [001] ....  4604.614342: <stack trace>
 => ext4_file_getattr+0x14/0xd0
 => vfs_getattr_nosec+0x68/0x80
 => vfs_statx_fd+0x4c/0x80
 => sys_fstat64+0x3c/0x70
 => __sys_trace_return+0x0/0x1c
 => 0x7e83426c
        modprobe-1586  [001] ....  4604.614344: generic_fillattr+0x10/0x10c <-ext4_getattr+0xc0/0xc8
 systemd-journal-129   [003] ....  4604.614348: sys_enter: NR 332 (ffffff9c, 7eef0288, 16861a0, 1000, 1001, 16861a0)
        modprobe-1586  [001] ....  4604.614352: <stack trace>
 => generic_fillattr+0x14/0x10c
 => ext4_getattr+0xc0/0xc8
 => ext4_file_getattr+0x24/0xd0
 => vfs_getattr_nosec+0x68/0x80
 => vfs_statx_fd+0x4c/0x80
 => sys_fstat64+0x3c/0x70
 => __sys_trace_return+0x0/0x1c
 => 0x7e83426c
        modprobe-1586  [001] ....  4604.614355: sys_exit: NR 197 = 0
        modprobe-1586  [001] ....  4604.614357: sys_enter: NR 192 (0, 301b0, 5, 802, 0, 0)
 systemd-journal-129   [003] ....  4604.614360: sys_exit: NR 332 = -2
        modprobe-1586  [001] ....  4604.614365: sys_exit: NR 192 = 1995186176
        modprobe-1586  [001] ....  4604.614366: sys_enter: NR 125 (76ee2000, f000, 0, 2f000, 76f4a4e8, 76ec2000)
 systemd-journal-129   [003] ....  4604.614373: sys_enter: NR 322 (ffffff9c, 7eef01e8, a0000, 0, 1648170, 76fb9968)
        modprobe-1586  [001] ....  4604.614376: sys_exit: NR 125 = 0
        modprobe-1586  [001] ....  4604.614377: sys_enter: NR 192 (76ef1000, 2000, 3, 812, 0, 1f)
 systemd-journal-129   [003] ....  4604.614385: sys_exit: NR 322 = -2
        modprobe-1586  [001] ....  4604.614389: sys_exit: NR 192 = 1995378688
 systemd-journal-129   [003] ....  4604.614398: sys_enter: NR 332 (ffffff9c, 7eef0288, 16861a0, 1000, 1001, 16861a0)
        modprobe-1586  [001] ....  4604.614408: sys_enter: NR 6 (0, 6, 76f4d060, 0, 76f4a4e8, 70000022)
 systemd-journal-129   [003] ....  4604.614410: sys_exit: NR 332 = -2
        modprobe-1586  [001] ....  4604.614410: sys_exit: NR 6 = 0
 systemd-journal-129   [003] ....  4604.614424: sys_enter: NR 332 (ffffff9c, 7eef0288, 16861a0, 1000, 1001, 16861a0)
 systemd-journal-129   [003] ....  4604.614437: sys_exit: NR 332 = -2
        modprobe-1586  [001] ....  4604.614442: sys_enter: NR 322 (ffffff9c, 76f4a790, a0000, 0, 10e82, 0)
        modprobe-1586  [001] ....  4604.614452: sys_exit: NR 322 = 0
        modprobe-1586  [001] ....  4604.614453: sys_enter: NR 3 (0, 7e8343b0, 200, 0, 10e82, 0)
 systemd-journal-129   [003] ....  4604.614456: sys_enter: NR 296 (5, 7eef0350, 4000, 0, 7eef0654, 7eef09b0)
        modprobe-1586  [001] ....  4604.614457: sys_exit: NR 3 = 512
        modprobe-1586  [001] ....  4604.614459: sys_enter: NR 140 (0, 0, 1fed6c, 7e833e60, 0, 7e833e78)
        modprobe-1586  [001] ....  4604.614461: sys_exit: NR 140 = 0
        modprobe-1586  [001] ....  4604.614462: sys_enter: NR 3 (0, 7e833e78, 438, 0, 438, 7e833e78)
        modprobe-1586  [001] ....  4604.614467: sys_exit: NR 3 = 1080
        modprobe-1586  [001] ....  4604.614468: sys_enter: NR 140 (0, 0, 1fec04, 7e833e30, 0, 7e834238)
        modprobe-1586  [001] ....  4604.614469: sys_exit: NR 140 = 0
        modprobe-1586  [001] ....  4604.614470: sys_enter: NR 3 (0, 7e833e48, 2d, 0, 7e833e48, 7e834238)
        modprobe-1586  [001] ....  4604.614473: sys_exit: NR 3 = 45
        modprobe-1586  [001] ....  4604.614475: sys_enter: NR 140 (0, 0, 1fed6c, 7e833e60, 0, 7e833e78)
        modprobe-1586  [001] ....  4604.614476: sys_exit: NR 140 = 0
        modprobe-1586  [001] ....  4604.614477: sys_enter: NR 3 (0, 7e833e78, 438, 0, 438, 7e833e78)
        modprobe-1586  [001] ....  4604.614481: sys_exit: NR 3 = 1080
        modprobe-1586  [001] ....  4604.614482: sys_enter: NR 140 (0, 0, 1fec04, 7e833e30, 0, 7e834238)
        modprobe-1586  [001] ....  4604.614483: sys_exit: NR 140 = 0
        modprobe-1586  [001] ....  4604.614484: sys_enter: NR 3 (0, 7e833e48, 2d, 0, 7e833e48, 7e834238)
        modprobe-1586  [001] ....  4604.614486: sys_exit: NR 3 = 45
        modprobe-1586  [001] ....  4604.614488: sys_enter: NR 140 (0, 0, 1fed6c, 7e833e60, 0, 7e833e78)
        modprobe-1586  [001] ....  4604.614489: sys_exit: NR 140 = 0
        modprobe-1586  [001] ....  4604.614490: sys_enter: NR 3 (0, 7e833e78, 438, 0, 438, 7e833e78)
        modprobe-1586  [001] ....  4604.614494: sys_exit: NR 3 = 1080
        modprobe-1586  [001] ....  4604.614495: sys_enter: NR 140 (0, 0, 1fec04, 7e833e30, 0, 7e834238)
        modprobe-1586  [001] ....  4604.614496: sys_exit: NR 140 = 0
        modprobe-1586  [001] ....  4604.614497: sys_enter: NR 3 (0, 7e833e48, 2d, 0, 7e833e48, 7e834238)
        modprobe-1586  [001] ....  4604.614499: sys_exit: NR 3 = 45
        modprobe-1586  [001] ....  4604.614500: sys_enter: NR 140 (0, 0, 1fed6c, 7e833e60, 0, 7e833e78)
        modprobe-1586  [001] ....  4604.614501: sys_exit: NR 140 = 0
        modprobe-1586  [001] ....  4604.614503: sys_enter: NR 3 (0, 7e833e78, 438, 0, 438, 7e833e78)
        modprobe-1586  [001] ....  4604.614506: sys_exit: NR 3 = 1080
        modprobe-1586  [001] ....  4604.614508: sys_enter: NR 140 (0, 0, 1fec04, 7e833e30, 0, 7e834238)
        modprobe-1586  [001] ....  4604.614509: sys_exit: NR 140 = 0
        modprobe-1586  [001] ....  4604.614510: sys_enter: NR 3 (0, 7e833e48, 2d, 0, 7e833e48, 7e834238)
        modprobe-1586  [001] ....  4604.614512: sys_exit: NR 3 = 45
 systemd-journal-129   [003] ....  4604.614512: sys_exit: NR 296 = 78
        modprobe-1586  [001] ....  4604.614513: sys_enter: NR 140 (0, 0, 1fed6c, 7e833e60, 0, 7e833e78)
        modprobe-1586  [001] ....  4604.614515: sys_exit: NR 140 = 0
        modprobe-1586  [001] ....  4604.614515: sys_enter: NR 3 (0, 7e833e78, 438, 0, 438, 7e833e78)
        modprobe-1586  [001] ....  4604.614519: sys_exit: NR 3 = 1080
        modprobe-1586  [001] ....  4604.614520: sys_enter: NR 140 (0, 0, 1fec04, 7e833e30, 0, 7e834238)
        modprobe-1586  [001] ....  4604.614522: sys_exit: NR 140 = 0
        modprobe-1586  [001] ....  4604.614522: sys_enter: NR 3 (0, 7e833e48, 2d, 0, 7e833e48, 7e834238)
        modprobe-1586  [001] ....  4604.614524: sys_exit: NR 3 = 45
        modprobe-1586  [001] ....  4604.614526: sys_enter: NR 140 (0, 0, 1fed6c, 7e833e60, 0, 7e833e78)
        modprobe-1586  [001] ....  4604.614527: sys_exit: NR 140 = 0
        modprobe-1586  [001] ....  4604.614528: sys_enter: NR 3 (0, 7e833e78, 438, 0, 438, 7e833e78)
        modprobe-1586  [001] ....  4604.614532: sys_exit: NR 3 = 1080
        modprobe-1586  [001] ....  4604.614533: sys_enter: NR 140 (0, 0, 1fec04, 7e833e30, 0, 7e834238)
        modprobe-1586  [001] ....  4604.614534: sys_exit: NR 140 = 0
        modprobe-1586  [001] ....  4604.614535: sys_enter: NR 3 (0, 7e833e48, 2d, 0, 7e833e48, 7e834238)
 systemd-journal-129   [003] ....  4604.614535: sys_enter: NR 322 (ffffff9c, 164b940, a4800, 0, 76fb9968, 7eef0a48)
        modprobe-1586  [001] ....  4604.614537: sys_exit: NR 3 = 45
        modprobe-1586  [001] ....  4604.614539: sys_enter: NR 197 (0, 7e8342d8, 7e8342d8, 76f4d95c, 0, 0)
        modprobe-1586  [001] ....  4604.614540: ext4_file_getattr+0x10/0xd0 <-vfs_getattr_nosec+0x68/0x80
        modprobe-1586  [001] ....  4604.614548: <stack trace>
 => ext4_file_getattr+0x14/0xd0
 => vfs_getattr_nosec+0x68/0x80
 => vfs_statx_fd+0x4c/0x80
 => sys_fstat64+0x3c/0x70
 => __sys_trace_return+0x0/0x1c
 => 0x7e83425c
 systemd-journal-129   [003] ....  4604.614548: sys_exit: NR 322 = 20
        modprobe-1586  [001] ....  4604.614550: generic_fillattr+0x10/0x10c <-ext4_getattr+0xc0/0xc8
 systemd-journal-129   [003] ....  4604.614555: sys_enter: NR 197 (14, 7eef0048, 7eef0048, 82f4e900, 76fb9968, 14)
 systemd-journal-129   [003] ....  4604.614556: generic_fillattr+0x10/0x10c <-vfs_getattr_nosec+0x78/0x80
        modprobe-1586  [001] ....  4604.614558: <stack trace>
 => generic_fillattr+0x14/0x10c
 => ext4_getattr+0xc0/0xc8
 => ext4_file_getattr+0x24/0xd0
 => vfs_getattr_nosec+0x68/0x80
 => vfs_statx_fd+0x4c/0x80
 => sys_fstat64+0x3c/0x70
 => __sys_trace_return+0x0/0x1c
 => 0x7e83425c
        modprobe-1586  [001] ....  4604.614560: sys_exit: NR 197 = 0
        modprobe-1586  [001] ....  4604.614563: sys_enter: NR 192 (0, 212834, 5, 802, 0, 0)
 systemd-journal-129   [003] ....  4604.614564: <stack trace>
 => generic_fillattr+0x14/0x10c
 => vfs_getattr_nosec+0x78/0x80
 => vfs_statx_fd+0x4c/0x80
 => sys_fstat64+0x3c/0x70
 => __sys_trace_return+0x0/0x1c
 => 0x7eef0040
 systemd-journal-129   [003] ....  4604.614567: sys_exit: NR 197 = 0
        modprobe-1586  [001] ....  4604.614569: sys_exit: NR 192 = 1993011200
        modprobe-1586  [001] ....  4604.614570: sys_enter: NR 125 (76e95000, f000, 0, 1f5000, 76f4a7c0, 76caf000)
 systemd-journal-129   [003] ....  4604.614576: sys_enter: NR 267 (14, 58, 7eef0050, 82f4e900, 76fb9968, 7eef0050)
        modprobe-1586  [001] ....  4604.614580: sys_exit: NR 125 = 0
        modprobe-1586  [001] ....  4604.614582: sys_enter: NR 192 (76ea4000, 1a000, 3, 812, 0, 1e5)
 systemd-journal-129   [003] ....  4604.614582: sys_exit: NR 267 = 0
 systemd-journal-129   [003] ....  4604.614589: sys_enter: NR 217 (14, 16861c0, 8000, 0, 16861a0, 16861c0)
 systemd-journal-129   [003] ....  4604.614598: sys_exit: NR 217 = 88
        modprobe-1586  [001] ....  4604.614598: sys_exit: NR 192 = 1995063296
 systemd-journal-129   [003] ....  4604.614609: sys_enter: NR 327 (14, 1686203, 7eef00f0, 100, 1686203, 7eef0a48)
        modprobe-1586  [001] ....  4604.614610: sys_enter: NR 192 (76ebe000, 3834, 3, 32, ffffffff, 0)
 systemd-journal-129   [003] ....  4604.614614: generic_fillattr+0x10/0x10c <-shmem_getattr+0x78/0x80
        modprobe-1586  [001] ....  4604.614622: sys_exit: NR 192 = 1995169792
 systemd-journal-129   [003] ....  4604.614624: <stack trace>
 => generic_fillattr+0x14/0x10c
 => shmem_getattr+0x78/0x80
 => vfs_getattr_nosec+0x68/0x80
 => vfs_statx+0x98/0xe8
 => sys_fstatat64+0x44/0x74
 => __sys_trace_return+0x0/0x1c
 => 0x7eef00c0
 systemd-journal-129   [003] ....  4604.614627: sys_exit: NR 327 = 0
 systemd-journal-129   [003] ....  4604.614633: sys_enter: NR 217 (14, 16861c0, 8000, 58, 16861a0, 16861c0)
 systemd-journal-129   [003] ....  4604.614636: sys_exit: NR 217 = 0
 systemd-journal-129   [003] ....  4604.614640: sys_enter: NR 6 (14, 20000, 82f4e900, 82f4e900, 0, 7eef0a48)
        modprobe-1586  [001] ....  4604.614640: sys_enter: NR 6 (0, 6, 76f4d060, 0, 76f4a7c0, 70000022)
        modprobe-1586  [001] ....  4604.614642: sys_exit: NR 6 = 0
 systemd-journal-129   [003] ....  4604.614642: sys_exit: NR 6 = 0
        modprobe-1586  [001] ....  4604.614691: sys_enter: NR 322 (ffffff9c, 76f4aa78, a0000, 0, 1101c, 0)
 systemd-journal-129   [003] ....  4604.614692: sys_enter: NR 33 (468fd4, 0, 424, 0, 7eef09b0, 0)
        modprobe-1586  [001] ....  4604.614702: sys_exit: NR 322 = 0
        modprobe-1586  [001] ....  4604.614703: sys_enter: NR 3 (0, 7e8343a0, 200, 0, 1101c, 0)
 systemd-journal-129   [003] ....  4604.614704: sys_exit: NR 33 = 0
        modprobe-1586  [001] ....  4604.614708: sys_exit: NR 3 = 512
 systemd-journal-129   [003] ....  4604.614708: sys_enter: NR 39 (164b978, 1ed, 424, 0, 7eef09b0, 0)
        modprobe-1586  [001] ....  4604.614709: sys_enter: NR 140 (0, 0, 13bb94, 7e833798, 0, 7e8337b0)
        modprobe-1586  [001] ....  4604.614711: sys_exit: NR 140 = 0
        modprobe-1586  [001] ....  4604.614712: sys_enter: NR 3 (0, 7e8337b0, af0, 0, af0, 7e8337b0)
 systemd-journal-129   [003] ....  4604.614714: sys_exit: NR 39 = -2
        modprobe-1586  [001] ....  4604.614719: sys_exit: NR 3 = 2800
        modprobe-1586  [001] ....  4604.614720: sys_enter: NR 140 (0, 0, 13ae3c, 7e833768, 0, 7e833c88)
        modprobe-1586  [001] ....  4604.614722: sys_exit: NR 140 = 0
        modprobe-1586  [001] ....  4604.614722: sys_enter: NR 3 (0, 7e833780, 2f, 0, 7e833780, 7e833c88)
        modprobe-1586  [001] ....  4604.614726: sys_exit: NR 3 = 47
        modprobe-1586  [001] ....  4604.614728: sys_enter: NR 140 (0, 0, 13bb94, 7e833798, 0, 7e8337b0)
        modprobe-1586  [001] ....  4604.614729: sys_exit: NR 140 = 0
        modprobe-1586  [001] ....  4604.614730: sys_enter: NR 3 (0, 7e8337b0, af0, 0, af0, 7e8337b0)
        modprobe-1586  [001] ....  4604.614734: sys_exit: NR 3 = 2800
        modprobe-1586  [001] ....  4604.614735: sys_enter: NR 140 (0, 0, 13ae3c, 7e833768, 0, 7e833c88)
        modprobe-1586  [001] ....  4604.614736: sys_exit: NR 140 = 0
 systemd-journal-129   [003] ....  4604.614737: sys_enter: NR 322 (ffffff9c, 1650940, a0842, 1a0, 16589b8, 76fb9968)
        modprobe-1586  [001] ....  4604.614737: sys_enter: NR 3 (0, 7e833780, 2f, 0, 7e833780, 7e833c88)
        modprobe-1586  [001] ....  4604.614739: sys_exit: NR 3 = 47
        modprobe-1586  [001] ....  4604.614741: sys_enter: NR 140 (0, 0, 13bb94, 7e833798, 0, 7e8337b0)
 systemd-journal-129   [003] ....  4604.614742: sys_exit: NR 322 = -2
        modprobe-1586  [001] ....  4604.614742: sys_exit: NR 140 = 0
        modprobe-1586  [001] ....  4604.614743: sys_enter: NR 3 (0, 7e8337b0, af0, 0, af0, 7e8337b0)
        modprobe-1586  [001] ....  4604.614747: sys_exit: NR 3 = 2800
        modprobe-1586  [001] ....  4604.614748: sys_enter: NR 140 (0, 0, 13ae3c, 7e833768, 0, 7e833c88)
        modprobe-1586  [001] ....  4604.614749: sys_exit: NR 140 = 0
        modprobe-1586  [001] ....  4604.614751: sys_enter: NR 3 (0, 7e833780, 2f, 0, 7e833780, 7e833c88)
        modprobe-1586  [001] ....  4604.614753: sys_exit: NR 3 = 47
        modprobe-1586  [001] ....  4604.614754: sys_enter: NR 140 (0, 0, 13bb94, 7e833798, 0, 7e8337b0)
 systemd-journal-129   [003] ....  4604.614755: sys_enter: NR 33 (468fd4, 0, 424, 164ddf8, 0, 7eef09b0)
        modprobe-1586  [001] ....  4604.614755: sys_exit: NR 140 = 0
        modprobe-1586  [001] ....  4604.614756: sys_enter: NR 3 (0, 7e8337b0, af0, 0, af0, 7e8337b0)
        modprobe-1586  [001] ....  4604.614760: sys_exit: NR 3 = 2800
 systemd-journal-129   [003] ....  4604.614761: sys_exit: NR 33 = 0
        modprobe-1586  [001] ....  4604.614761: sys_enter: NR 140 (0, 0, 13ae3c, 7e833768, 0, 7e833c88)
        modprobe-1586  [001] ....  4604.614763: sys_exit: NR 140 = 0
        modprobe-1586  [001] ....  4604.614764: sys_enter: NR 3 (0, 7e833780, 2f, 0, 7e833780, 7e833c88)
 systemd-journal-129   [003] ....  4604.614764: sys_enter: NR 39 (164b978, 1ed, 424, 0, 7eef09b0, 0)
        modprobe-1586  [001] ....  4604.614766: sys_exit: NR 3 = 47
        modprobe-1586  [001] ....  4604.614767: sys_enter: NR 140 (0, 0, 13bb94, 7e833798, 0, 7e8337b0)
 systemd-journal-129   [003] ....  4604.614767: sys_exit: NR 39 = -2
        modprobe-1586  [001] ....  4604.614768: sys_exit: NR 140 = 0
        modprobe-1586  [001] ....  4604.614770: sys_enter: NR 3 (0, 7e8337b0, af0, 0, af0, 7e8337b0)
        modprobe-1586  [001] ....  4604.614774: sys_exit: NR 3 = 2800
        modprobe-1586  [001] ....  4604.614776: sys_enter: NR 140 (0, 0, 13ae3c, 7e833768, 0, 7e833c88)
        modprobe-1586  [001] ....  4604.614777: sys_exit: NR 140 = 0
        modprobe-1586  [001] ....  4604.614778: sys_enter: NR 3 (0, 7e833780, 2f, 0, 7e833780, 7e833c88)
 systemd-journal-129   [003] ....  4604.614778: sys_enter: NR 322 (ffffff9c, 1650940, a0842, 1a0, 16589b8, 76fb9968)
        modprobe-1586  [001] ....  4604.614780: sys_exit: NR 3 = 47
        modprobe-1586  [001] ....  4604.614781: sys_enter: NR 140 (0, 0, 13bb94, 7e833798, 0, 7e8337b0)
        modprobe-1586  [001] ....  4604.614782: sys_exit: NR 140 = 0
 systemd-journal-129   [003] ....  4604.614783: sys_exit: NR 322 = -2
        modprobe-1586  [001] ....  4604.614783: sys_enter: NR 3 (0, 7e8337b0, af0, 0, af0, 7e8337b0)
        modprobe-1586  [001] ....  4604.614788: sys_exit: NR 3 = 2800
        modprobe-1586  [001] ....  4604.614789: sys_enter: NR 140 (0, 0, 13ae3c, 7e833768, 0, 7e833c88)
        modprobe-1586  [001] ....  4604.614790: sys_exit: NR 140 = 0
        modprobe-1586  [001] ....  4604.614791: sys_enter: NR 3 (0, 7e833780, 2f, 0, 7e833780, 7e833c88)
        modprobe-1586  [001] ....  4604.614793: sys_exit: NR 3 = 47
        modprobe-1586  [001] ....  4604.614795: sys_enter: NR 197 (0, 7e8342c8, 7e8342c8, 76f4d95c, 0, 0)
        modprobe-1586  [001] ....  4604.614796: ext4_file_getattr+0x10/0xd0 <-vfs_getattr_nosec+0x68/0x80
        modprobe-1586  [001] ....  4604.614804: <stack trace>
 => ext4_file_getattr+0x14/0xd0
 => vfs_getattr_nosec+0x68/0x80
 => vfs_statx_fd+0x4c/0x80
 => sys_fstat64+0x3c/0x70
 => __sys_trace_return+0x0/0x1c
 => 0x7e83424c
        modprobe-1586  [001] ....  4604.614805: generic_fillattr+0x10/0x10c <-ext4_getattr+0xc0/0xc8
        modprobe-1586  [001] ....  4604.614813: <stack trace>
 => generic_fillattr+0x14/0x10c
 => ext4_getattr+0xc0/0xc8
 => ext4_file_getattr+0x24/0xd0
 => vfs_getattr_nosec+0x68/0x80
 => vfs_statx_fd+0x4c/0x80
 => sys_fstat64+0x3c/0x70
 => __sys_trace_return+0x0/0x1c
 => 0x7e83424c
        modprobe-1586  [001] ....  4604.614815: sys_exit: NR 197 = 0
        modprobe-1586  [001] ....  4604.614818: sys_enter: NR 192 (0, 14d31c, 5, 802, 0, 0)
 systemd-journal-129   [003] ....  4604.614822: sys_enter: NR 197 (f, 164de28, 164de28, 82f4e900, 164ddf8, 164de28)
 systemd-journal-129   [003] ....  4604.614824: generic_fillattr+0x10/0x10c <-shmem_getattr+0x78/0x80
        modprobe-1586  [001] ....  4604.614825: sys_exit: NR 192 = 1991643136
        modprobe-1586  [001] ....  4604.614826: sys_enter: NR 125 (76c99000, 10000, 0, 148000, 76f4aaa0, 76b61000)
 systemd-journal-129   [003] ....  4604.614833: <stack trace>
 => generic_fillattr+0x14/0x10c
 => shmem_getattr+0x78/0x80
 => vfs_getattr_nosec+0x68/0x80
 => vfs_statx_fd+0x4c/0x80
 => sys_fstat64+0x3c/0x70
 => __sys_trace_return+0x0/0x1c
 => 0x7eeefc00
 systemd-journal-129   [003] ....  4604.614835: sys_exit: NR 197 = 0
