           <...>-1104  [000] d...  4604.637923: sched_switch: prev_comm=lxterminal prev_pid=1104 prev_prio=120 prev_state=S ==> next_comm=swapper/0 next_pid=0 next_prio=120
        modprobe-1588  [002] ....  4604.637924: sys_enter: NR 6 (0, 444, 76cb66d8, 76bd6864, 2463c0, 76cb6b1c)
        modprobe-1588  [002] ....  4604.637925: sys_exit: NR 6 = 0
        modprobe-1588  [002] ....  4604.637931: sys_enter: NR 322 (ffffff9c, 7efdab14, a0000, 0, 7efdab14, 3fce8)
        modprobe-1588  [002] ....  4604.637938: sys_exit: NR 322 = 0
        modprobe-1588  [002] ....  4604.637940: sys_enter: NR 221 (0, 3, 2d040, 3fce8, 2d040, 3fce8)
        modprobe-1588  [002] ....  4604.637941: sys_exit: NR 221 = 131072
        modprobe-1588  [002] ....  4604.637943: sys_enter: NR 197 (0, 7efda8d8, 7efda8d8, 76bd7788, 2463c0, 76cb6b1c)
        modprobe-1588  [002] ....  4604.637945: ext4_file_getattr+0x10/0xd0 <-vfs_getattr_nosec+0x68/0x80
        modprobe-1588  [002] ....  4604.637952: <stack trace>
 => ext4_file_getattr+0x14/0xd0
 => vfs_getattr_nosec+0x68/0x80
 => vfs_statx_fd+0x4c/0x80
 => sys_fstat64+0x3c/0x70
 => __sys_trace_return+0x0/0x1c
 => 0x7efda8d0
        modprobe-1588  [002] ....  4604.637953: generic_fillattr+0x10/0x10c <-ext4_getattr+0xc0/0xc8
        modprobe-1588  [002] ....  4604.637961: <stack trace>
 => generic_fillattr+0x14/0x10c
 => ext4_getattr+0xc0/0xc8
 => ext4_file_getattr+0x24/0xd0
 => vfs_getattr_nosec+0x68/0x80
 => vfs_statx_fd+0x4c/0x80
 => sys_fstat64+0x3c/0x70
 => __sys_trace_return+0x0/0x1c
 => 0x7efda8d0
        modprobe-1588  [002] ....  4604.637963: sys_exit: NR 197 = 0
        modprobe-1588  [002] ....  4604.637965: sys_enter: NR 3 (0, 246630, 1000, 0, 2463c0, 76cb6b1c)
        modprobe-1588  [002] ....  4604.637967: sys_exit: NR 3 = 0
        modprobe-1588  [002] ....  4604.637969: sys_enter: NR 6 (0, 444, 76cb66d8, 76bd6864, 2463c0, 76cb6b1c)
        modprobe-1588  [002] ....  4604.637971: sys_exit: NR 6 = 0
        modprobe-1588  [002] ....  4604.637976: sys_enter: NR 322 (ffffff9c, 7efdab14, a0000, 0, 7efdab14, 3fce8)
        modprobe-1588  [002] ....  4604.637984: sys_exit: NR 322 = 0
        modprobe-1588  [002] ....  4604.637985: sys_enter: NR 221 (0, 3, 2d040, 3fce8, 2d040, 3fce8)
        modprobe-1588  [002] ....  4604.637986: sys_exit: NR 221 = 131072
        modprobe-1588  [002] ....  4604.637988: sys_enter: NR 197 (0, 7efda8d8, 7efda8d8, 76bd7788, 2463c0, 76cb6b1c)
        modprobe-1588  [002] ....  4604.637989: ext4_file_getattr+0x10/0xd0 <-vfs_getattr_nosec+0x68/0x80
        modprobe-1588  [002] ....  4604.637996: <stack trace>
 => ext4_file_getattr+0x14/0xd0
 => vfs_getattr_nosec+0x68/0x80
 => vfs_statx_fd+0x4c/0x80
 => sys_fstat64+0x3c/0x70
 => __sys_trace_return+0x0/0x1c
 => 0x7efda8d0
        modprobe-1588  [002] ....  4604.637998: generic_fillattr+0x10/0x10c <-ext4_getattr+0xc0/0xc8
        modprobe-1588  [002] ....  4604.638006: <stack trace>
 => generic_fillattr+0x14/0x10c
 => ext4_getattr+0xc0/0xc8
 => ext4_file_getattr+0x24/0xd0
 => vfs_getattr_nosec+0x68/0x80
 => vfs_statx_fd+0x4c/0x80
 => sys_fstat64+0x3c/0x70
 => __sys_trace_return+0x0/0x1c
 => 0x7efda8d0
        modprobe-1588  [002] ....  4604.638008: sys_exit: NR 197 = 0
        modprobe-1588  [002] ....  4604.638009: sys_enter: NR 3 (0, 246630, 1000, 0, 2463c0, 76cb6b1c)
        modprobe-1588  [002] ....  4604.638013: sys_exit: NR 3 = 765
        modprobe-1588  [002] ....  4604.638032: sys_enter: NR 3 (0, 246630, 1000, 0, 2463c0, 76cb6b1c)
        modprobe-1588  [002] ....  4604.638034: sys_exit: NR 3 = 0
        modprobe-1588  [002] ....  4604.638036: sys_enter: NR 6 (0, 444, 76cb66d8, 76bd6864, 2463c0, 76cb6b1c)
        modprobe-1588  [002] ....  4604.638038: sys_exit: NR 6 = 0
        modprobe-1588  [002] ....  4604.638043: sys_enter: NR 322 (ffffff9c, 2e5a0, a0000, 0, 7efdab18, 3fce8)
        modprobe-1588  [002] ....  4604.638058: sys_exit: NR 322 = 0
        modprobe-1588  [002] ....  4604.638059: sys_enter: NR 3 (0, 7efdab14, fff, 0, fff, 0)
        modprobe-1588  [002] ....  4604.638068: sys_exit: NR 3 = 341
        modprobe-1588  [002] ....  4604.638069: sys_enter: NR 3 (0, 7efdac69, eaa, 0, eaa, 155)
        modprobe-1588  [002] ....  4604.638070: sys_exit: NR 3 = 0
        modprobe-1588  [002] ....  4604.638072: sys_enter: NR 6 (0, 7efdac69, 6c, 0, 0, 7efdab14)
        modprobe-1588  [002] ....  4604.638073: sys_exit: NR 6 = 0
        modprobe-1588  [002] ....  4604.638101: sys_enter: NR 322 (ffffff9c, 7efdab54, a0000, 0, 2473a8, 3fce8)
        modprobe-1588  [002] ....  4604.638110: sys_exit: NR 322 = 0
        modprobe-1588  [002] ....  4604.638111: sys_enter: NR 197 (0, 7efdaaa8, 7efdaaa8, 576fe000, 2473a8, 0)
        modprobe-1588  [002] ....  4604.638112: ext4_file_getattr+0x10/0xd0 <-vfs_getattr_nosec+0x68/0x80
        modprobe-1588  [002] ....  4604.638120: <stack trace>
 => ext4_file_getattr+0x14/0xd0
 => vfs_getattr_nosec+0x68/0x80
 => vfs_statx_fd+0x4c/0x80
 => sys_fstat64+0x3c/0x70
 => __sys_trace_return+0x0/0x1c
 => 0x7efdaa88
        modprobe-1588  [002] ....  4604.638121: generic_fillattr+0x10/0x10c <-ext4_getattr+0xc0/0xc8
        modprobe-1588  [002] ....  4604.638129: <stack trace>
 => generic_fillattr+0x14/0x10c
 => ext4_getattr+0xc0/0xc8
 => ext4_file_getattr+0x24/0xd0
 => vfs_getattr_nosec+0x68/0x80
 => vfs_statx_fd+0x4c/0x80
 => sys_fstat64+0x3c/0x70
 => __sys_trace_return+0x0/0x1c
 => 0x7efdaa88
        modprobe-1588  [002] ....  4604.638132: sys_exit: NR 197 = 0
        modprobe-1588  [002] ....  4604.638133: sys_enter: NR 192 (0, 3ef0e, 1, 2, 0, 0)
        modprobe-1588  [002] ....  4604.638147: sys_exit: NR 192 = 1991188480
        modprobe-1588  [002] ....  4604.638159: sys_enter: NR 6 (0, ed, 6c, 0, 2473a8, 0)
        modprobe-1588  [002] ....  4604.638160: sys_exit: NR 6 = 0
        modprobe-1588  [002] ....  4604.638164: sys_enter: NR 322 (ffffff9c, 7efdab54, a0000, 0, 2473c0, 3fce8)
        modprobe-1588  [002] ....  4604.638174: sys_exit: NR 322 = 0
        modprobe-1588  [002] ....  4604.638175: sys_enter: NR 197 (0, 7efdaaa8, 7efdaaa8, 576fe000, 2473c0, 0)
        modprobe-1588  [002] ....  4604.638176: ext4_file_getattr+0x10/0xd0 <-vfs_getattr_nosec+0x68/0x80
        modprobe-1588  [002] ....  4604.638184: <stack trace>
 => ext4_file_getattr+0x14/0xd0
 => vfs_getattr_nosec+0x68/0x80
 => vfs_statx_fd+0x4c/0x80
 => sys_fstat64+0x3c/0x70
 => __sys_trace_return+0x0/0x1c
 => 0x7efdaa88
        modprobe-1588  [002] ....  4604.638185: generic_fillattr+0x10/0x10c <-ext4_getattr+0xc0/0xc8
        modprobe-1588  [002] ....  4604.638193: <stack trace>
 => generic_fillattr+0x14/0x10c
 => ext4_getattr+0xc0/0xc8
 => ext4_file_getattr+0x24/0xd0
 => vfs_getattr_nosec+0x68/0x80
 => vfs_statx_fd+0x4c/0x80
 => sys_fstat64+0x3c/0x70
 => __sys_trace_return+0x0/0x1c
 => 0x7efdaa88
        modprobe-1588  [002] ....  4604.638195: sys_exit: NR 197 = 0
        modprobe-1588  [002] ....  4604.638196: sys_enter: NR 192 (0, 88574, 1, 2, 0, 0)
        modprobe-1588  [002] ....  4604.638202: sys_exit: NR 192 = 1990627328
        modprobe-1588  [002] ....  4604.638213: sys_enter: NR 6 (0, 84, 6c, 0, 2473c0, 0)
        modprobe-1588  [002] ....  4604.638214: sys_exit: NR 6 = 0
        modprobe-1588  [002] ....  4604.638218: sys_enter: NR 322 (ffffff9c, 7efdab54, a0000, 0, 2473d8, 3fce8)
        modprobe-1588  [002] ....  4604.638226: sys_exit: NR 322 = 0
        modprobe-1588  [002] ....  4604.638227: sys_enter: NR 197 (0, 7efdaaa8, 7efdaaa8, 576fe000, 2473d8, 0)
        modprobe-1588  [002] ....  4604.638228: ext4_file_getattr+0x10/0xd0 <-vfs_getattr_nosec+0x68/0x80
        modprobe-1588  [002] ....  4604.638236: <stack trace>
 => ext4_file_getattr+0x14/0xd0
 => vfs_getattr_nosec+0x68/0x80
 => vfs_statx_fd+0x4c/0x80
 => sys_fstat64+0x3c/0x70
 => __sys_trace_return+0x0/0x1c
 => 0x7efdaa88
        modprobe-1588  [002] ....  4604.638237: generic_fillattr+0x10/0x10c <-ext4_getattr+0xc0/0xc8
        modprobe-1588  [002] ....  4604.638245: <stack trace>
 => generic_fillattr+0x14/0x10c
 => ext4_getattr+0xc0/0xc8
 => ext4_file_getattr+0x24/0xd0
 => vfs_getattr_nosec+0x68/0x80
 => vfs_statx_fd+0x4c/0x80
 => sys_fstat64+0x3c/0x70
 => __sys_trace_return+0x0/0x1c
 => 0x7efdaa88
        modprobe-1588  [002] ....  4604.638247: sys_exit: NR 197 = 0
        modprobe-1588  [002] ....  4604.638249: sys_enter: NR 192 (0, 45ae9, 1, 2, 0, 0)
        modprobe-1588  [002] ....  4604.638254: sys_exit: NR 192 = 1990340608
        modprobe-1588  [002] ....  4604.638265: sys_enter: NR 6 (0, 5a, 6c, 0, 2473d8, 0)
        modprobe-1588  [002] ....  4604.638266: sys_exit: NR 6 = 0
        modprobe-1588  [002] ....  4604.638270: sys_enter: NR 322 (ffffff9c, 7efdab54, a0000, 0, 2473f0, 3fce8)
        modprobe-1588  [002] ....  4604.638278: sys_exit: NR 322 = 0
        modprobe-1588  [002] ....  4604.638279: sys_enter: NR 197 (0, 7efdaaa8, 7efdaaa8, 576fe000, 2473f0, 0)
        modprobe-1588  [002] ....  4604.638280: ext4_file_getattr+0x10/0xd0 <-vfs_getattr_nosec+0x68/0x80
        modprobe-1588  [002] ....  4604.638287: <stack trace>
 => ext4_file_getattr+0x14/0xd0
 => vfs_getattr_nosec+0x68/0x80
 => vfs_statx_fd+0x4c/0x80
 => sys_fstat64+0x3c/0x70
 => __sys_trace_return+0x0/0x1c
 => 0x7efdaa88
        modprobe-1588  [002] ....  4604.638289: generic_fillattr+0x10/0x10c <-ext4_getattr+0xc0/0xc8
        modprobe-1588  [002] ....  4604.638297: <stack trace>
 => generic_fillattr+0x14/0x10c
 => ext4_getattr+0xc0/0xc8
 => ext4_file_getattr+0x24/0xd0
 => vfs_getattr_nosec+0x68/0x80
 => vfs_statx_fd+0x4c/0x80
 => sys_fstat64+0x3c/0x70
 => __sys_trace_return+0x0/0x1c
 => 0x7efdaa88
        modprobe-1588  [002] ....  4604.638299: sys_exit: NR 197 = 0
        modprobe-1588  [002] ....  4604.638300: sys_enter: NR 192 (0, 31ee, 1, 2, 0, 0)
        modprobe-1588  [002] ....  4604.638305: sys_exit: NR 192 = 1995771904
        modprobe-1588  [002] ....  4604.638311: sys_enter: NR 6 (0, 30, 6c, 0, 2473f0, 0)
        modprobe-1588  [002] ....  4604.638312: sys_exit: NR 6 = 0
        modprobe-1588  [002] ....  4604.638374: sys_enter: NR 91 (76af2000, 3ef0e, 128, 2473a8, 2473a8, ffdb9e70)
        modprobe-1588  [002] ....  4604.638417: sys_exit: NR 91 = 0
        modprobe-1588  [002] ....  4604.638421: sys_enter: NR 91 (76a69000, 88574, 576fe000, 2473c0, 2473c0, ffdb9e70)
        modprobe-1588  [002] ....  4604.638440: sys_exit: NR 91 = 0
        modprobe-1588  [002] ....  4604.638443: sys_enter: NR 91 (76a23000, 45ae9, 576fe000, 2473d8, 2473d8, ffdb9e70)
        modprobe-1588  [002] ....  4604.638456: sys_exit: NR 91 = 0
        modprobe-1588  [002] ....  4604.638459: sys_enter: NR 91 (76f51000, 31ee, 576fe000, 2473f0, 2473f0, ffdb9e70)
        modprobe-1588  [002] ....  4604.638466: sys_exit: NR 91 = 0
        modprobe-1588  [002] ....  4604.638573: sys_enter: NR 248 (1, 0, 1, 576fe000, 76cb66d8, 76cb66d8)
        modprobe-1588  [002] d...  4604.638933: sched_switch: prev_comm=modprobe prev_pid=1588 prev_prio=120 prev_state=Z ==> next_comm=swapper/2 next_pid=0 next_prio=120
          <idle>-0     [000] d...  4604.638940: sched_switch: prev_comm=swapper/0 prev_pid=0 prev_prio=120 prev_state=R ==> next_comm=kworker/u8:1 next_pid=1240 next_prio=120
    kworker/u8:1-1240  [000] d...  4604.639005: sched_switch: prev_comm=kworker/u8:1 prev_pid=1240 prev_prio=120 prev_state=I ==> next_comm=swapper/0 next_pid=0 next_prio=120
          <idle>-0     [003] d...  4604.639008: sched_switch: prev_comm=swapper/3 prev_pid=0 prev_prio=120 prev_state=R ==> next_comm=sudo next_pid=1574 next_prio=120
            sudo-1574  [003] ....  4604.639021: sys_exit: NR 281 = -93
            sudo-1574  [003] ....  4604.639109: sys_enter: NR 91 (7676f000, 271f8, 0, 7676f000, 1db3a20, 7ed16d00)
            sudo-1574  [003] ....  4604.639147: sys_exit: NR 91 = 0
            sudo-1574  [003] ....  4604.639155: sys_enter: NR 91 (7670b000, 2370c, 0, 7670b000, 1dbea50, 7ed16d02)
            sudo-1574  [003] ....  4604.639184: sys_exit: NR 91 = 0
            sudo-1574  [003] ....  4604.639205: sys_enter: NR 91 (76f71000, 1102c, 0, 76f71000, 1dbefd8, 7ed16d09)
            sudo-1574  [003] ....  4604.639227: sys_exit: NR 91 = 0
            sudo-1574  [003] ....  4604.639248: sys_enter: NR 91 (766f9000, 1103c, 0, 766f9000, 1dbf470, 7ed16d09)
            sudo-1574  [003] ....  4604.639269: sys_exit: NR 91 = 0
            sudo-1574  [003] ....  4604.639317: sys_enter: NR 91 (766ac000, 4cd28, 1, 766ac000, 1dba4b0, 7ed16d09)
            sudo-1574  [003] ....  4604.639350: sys_exit: NR 91 = 0
            sudo-1574  [003] ....  4604.639356: sys_enter: NR 91 (76685000, 120d8, 0, 76685000, 1dba790, 7ed16d0a)
            sudo-1574  [003] ....  4604.639377: sys_exit: NR 91 = 0
            sudo-1574  [003] ....  4604.639399: sys_enter: NR 91 (7669a000, 11068, 0, 7669a000, 1dbb228, 7ed16d09)
            sudo-1574  [003] ....  4604.639419: sys_exit: NR 91 = 0
            sudo-1574  [003] ....  4604.639425: sys_enter: NR 91 (7672f000, 3f170, 0, 7672f000, 1dbe7c8, 7ed16d0a)
            sudo-1574  [003] ....  4604.639449: sys_exit: NR 91 = 0
            sudo-1574  [003] ....  4604.639619: sys_enter: NR 248 (0, 0, 0, cdba7f00, 76e896d8, 76e896d8)
            sudo-1574  [003] d...  4604.640214: sched_switch: prev_comm=sudo prev_pid=1574 prev_prio=120 prev_state=Z ==> next_comm=swapper/3 next_pid=0 next_prio=120
          <idle>-0     [001] d...  4604.640221: sched_switch: prev_comm=swapper/1 prev_pid=0 prev_prio=120 prev_state=R ==> next_comm=bash next_pid=1114 next_prio=120
           <...>-1114  [001] ....  4604.640287: sys_exit: NR 114 = 1574
           <...>-1114  [001] ....  4604.640301: sys_enter: NR 175 (0, 7ef33464, 7ef334e4, 8, fcef8, 7ef334e4)
           <...>-1114  [001] ....  4604.640306: sys_exit: NR 175 = 0
           <...>-1114  [001] ....  4604.640307: sys_enter: NR 54 (ff, 5410, 7ef33454, 0, fcef8, fd744)
           <...>-1114  [001] ....  4604.640315: sys_exit: NR 54 = 0
           <...>-1114  [001] ....  4604.640316: sys_enter: NR 175 (2, 7ef334e4, 0, 8, fcef8, 0)
           <...>-1114  [001] ....  4604.640318: sys_exit: NR 175 = 0
           <...>-1114  [001] ....  4604.640321: sys_enter: NR 54 (ff, 5401, 7ef33538, 102ff0, fcef8, 0)
           <...>-1114  [001] ....  4604.640326: sys_exit: NR 54 = 0
           <...>-1114  [001] ....  4604.640328: sys_enter: NR 54 (ff, 5413, 7ef33554, 50024b00, fcef8, 0)
           <...>-1114  [001] ....  4604.640330: sys_exit: NR 54 = 0
           <...>-1114  [001] ....  4604.640369: sys_enter: NR 175 (2, 7ef3360c, 0, 8, fcef8, 0)
           <...>-1114  [001] ....  4604.640370: sys_exit: NR 175 = 0
           <...>-1114  [001] ....  4604.640387: setup_return+0x134/0x19c: [+] handler:0x55a6c, sig:17 
           <...>-1114  [001] ....  4604.640391: sys_enter: NR 114 (ffffffff, 7ef3319c, b, 0, b, fd744)
           <...>-1114  [001] ....  4604.640394: sys_exit: NR 114 = -10
           <...>-1114  [001] ....  4604.640399: sys_enter: NR 119 (ffffffff, 7ef3319c, 50024b00, 50024b00, fcef8, 0)
           <...>-1114  [001] ....  4604.640403: sys_exit: NR 119 = 0
           <...>-1114  [001] ....  4604.640424: sys_enter: NR 174 (2, 7ef3352c, 7ef335b8, 8, 7ef336f0, 7ef33664)
           <...>-1114  [001] ....  4604.640427: sys_exit: NR 174 = 0
           <...>-1114  [001] ....  4604.640618: sys_enter: NR 175 (0, 7ef32d5c, 7ef32ddc, 8, fcef8, 7ef32ddc)
           <...>-1114  [001] ....  4604.640620: sys_exit: NR 175 = 0
           <...>-1114  [001] ....  4604.640621: sys_enter: NR 54 (ff, 5410, 7ef32d4c, 0, fcef8, fd744)
           <...>-1114  [001] ....  4604.640624: sys_exit: NR 54 = 0
           <...>-1114  [001] ....  4604.640625: sys_enter: NR 175 (2, 7ef32ddc, 0, 8, fcef8, 0)
           <...>-1114  [001] ....  4604.640626: sys_exit: NR 175 = 0
           <...>-1114  [001] ....  4604.640628: sys_enter: NR 174 (2, 7ef32c0c, 7ef32c98, 8, 7ef32dd0, 7ef32d44)
           <...>-1114  [001] ....  4604.640630: sys_exit: NR 174 = 0
           <...>-1114  [001] ....  4604.640632: sys_enter: NR 221 (0, 3, 0, fcef8, fcef8, 1)
           <...>-1114  [001] ....  4604.640634: sys_exit: NR 221 = 132098
           <...>-1114  [001] ....  4604.640994: sys_enter: NR 54 (0, 5413, 7ef32dd4, 50024b00, fcef8, 0)
           <...>-1114  [001] ....  4604.640996: sys_exit: NR 54 = 0
           <...>-1114  [001] ....  4604.640997: sys_enter: NR 54 (0, 5414, 7ef32dd4, 50024b00, fcef8, 0)
           <...>-1114  [001] ....  4604.641000: sys_exit: NR 54 = 0
           <...>-1114  [001] ....  4604.641001: sys_enter: NR 54 (0, 5401, 7ef32da8, 7ef32df8, fcef8, 0)
           <...>-1114  [001] ....  4604.641004: sys_exit: NR 54 = 0
           <...>-1114  [001] ....  4604.641010: sys_enter: NR 54 (0, 5401, 7ef32da0, 50024b00, 7ef32df8, 1)
           <...>-1114  [001] ....  4604.641011: sys_exit: NR 54 = 0
           <...>-1114  [001] ....  4604.641013: sys_enter: NR 54 (0, 5403, 7ef32d7c, 8a31, 7ef32df8, 1)
           <...>-1114  [001] ....  4604.641022: sys_exit: NR 54 = 0
           <...>-1114  [001] ....  4604.641023: sys_enter: NR 54 (0, 5401, 7ef32d7c, 10, 7ef32df8, 0)
           <...>-1114  [001] ....  4604.641025: sys_exit: NR 54 = 0
           <...>-1114  [001] ....  4604.641032: sys_enter: NR 175 (0, 105010, 10ab6c, 8, fcef8, 10ab6c)
           <...>-1114  [001] ....  4604.641033: sys_exit: NR 175 = 0
           <...>-1114  [001] ....  4604.641036: sys_enter: NR 174 (2, 7ef32aa4, 7ef32b30, 8, 7ef32bdc, 7ef32c68)
           <...>-1114  [001] ....  4604.641037: sys_exit: NR 174 = 0
           <...>-1114  [001] ....  4604.641039: sys_enter: NR 174 (f, 7ef32aa4, 7ef32b30, 8, 7ef32bdc, 7ef32c68)
           <...>-1114  [001] ....  4604.641040: sys_exit: NR 174 = 0
           <...>-1114  [001] ....  4604.641042: sys_enter: NR 174 (1, 7ef32aa4, 7ef32b30, 8, 7ef32bdc, 7ef32c68)
           <...>-1114  [001] ....  4604.641043: sys_exit: NR 174 = 0
           <...>-1114  [001] ....  4604.641045: sys_enter: NR 174 (3, 7ef32aa4, 7ef32b30, 8, 7ef32bdc, 7ef32c68)
           <...>-1114  [001] ....  4604.641046: sys_exit: NR 174 = 0
           <...>-1114  [001] ....  4604.641047: sys_enter: NR 174 (3, 7ef32bdc, 7ef32c68, 8, 7ef32d10, 105234)
           <...>-1114  [001] ....  4604.641049: sys_exit: NR 174 = 0
           <...>-1114  [001] ....  4604.641050: sys_enter: NR 174 (e, 7ef32b4c, 7ef32bd8, 8, 7ef32c84, 7ef32d10)
           <...>-1114  [001] ....  4604.641052: sys_exit: NR 174 = 0
           <...>-1114  [001] ....  4604.641054: sys_enter: NR 174 (14, 7ef32aa4, 7ef32b30, 8, 7ef32bdc, 7ef32c68)
           <...>-1114  [001] ....  4604.641055: sys_exit: NR 174 = 0
           <...>-1114  [001] ....  4604.641057: sys_enter: NR 174 (14, 7ef32bdc, 7ef32c68, 8, 7ef32d10, 10534c)
           <...>-1114  [001] ....  4604.641058: sys_exit: NR 174 = 0
           <...>-1114  [001] ....  4604.641060: sys_enter: NR 174 (16, 7ef32aa4, 7ef32b30, 8, 7ef32bdc, 7ef32c68)
           <...>-1114  [001] ....  4604.641061: sys_exit: NR 174 = 0
           <...>-1114  [001] ....  4604.641062: sys_enter: NR 174 (16, 7ef32bdc, 7ef32c68, 8, 7ef32d10, 1053d8)
           <...>-1114  [001] ....  4604.641065: sys_exit: NR 174 = 0
           <...>-1114  [001] ....  4604.641067: sys_enter: NR 174 (15, 7ef32aa4, 7ef32b30, 8, 7ef32bdc, 7ef32c68)
           <...>-1114  [001] ....  4604.641068: sys_exit: NR 174 = 0
           <...>-1114  [001] ....  4604.641070: sys_enter: NR 174 (15, 7ef32bdc, 7ef32c68, 8, 7ef32d10, 105464)
           <...>-1114  [001] ....  4604.641071: sys_exit: NR 174 = 0
           <...>-1114  [001] ....  4604.641072: sys_enter: NR 175 (2, 10ab6c, 0, 8, fcef8, 0)
           <...>-1114  [001] ....  4604.641074: sys_exit: NR 175 = 0
           <...>-1114  [001] ....  4604.641075: sys_enter: NR 174 (1c, 7ef32aa4, 7ef32b30, 8, 7ef32bdc, 7ef32c68)
           <...>-1114  [001] ....  4604.641076: sys_exit: NR 174 = 0
           <...>-1114  [001] ....  4604.641106: sys_enter: NR 4 (2, 12853e0, af, 0, af, 12853e0)
           <...>-1114  [001] ....  4604.641132: sys_exit: NR 4 = 175
           <...>-1114  [001] ....  4604.641138: sys_enter: NR 335 (1, 7ef32d84, 0, 0, 0, 7ef32d4c)
          <idle>-0     [000] d...  4604.641138: sched_switch: prev_comm=swapper/0 prev_pid=0 prev_prio=120 prev_state=R ==> next_comm=kworker/u8:1 next_pid=1240 next_prio=120
    kworker/u8:1-1240  [000] d...  4604.641165: sched_switch: prev_comm=kworker/u8:1 prev_pid=1240 prev_prio=120 prev_state=I ==> next_comm=lxterminal next_pid=1104 next_prio=120
           <...>-1114  [001] d...  4604.641175: sched_switch: prev_comm=bash prev_pid=1114 prev_prio=120 prev_state=S ==> next_comm=swapper/1 next_pid=0 next_prio=120
           <...>-1104  [000] ....  4604.641182: sys_exit: NR 168 = 1
           <...>-1104  [000] ....  4604.641205: sys_enter: NR 4 (4, 7ef8e798, 8, 0, 8, 7ef8e798)
           <...>-1104  [000] ....  4604.641209: sys_exit: NR 4 = 8
           <...>-1104  [000] ....  4604.641221: sys_enter: NR 3 (6, 1040714, 1ff4, 0, 1ff4, 1040714)
           <...>-1104  [000] ....  4604.641244: sys_exit: NR 3 = 176
           <...>-1104  [000] ....  4604.641246: sys_enter: NR 3 (6, 10407c3, 1f45, 0, 1f45, 10407c3)
           <...>-1104  [000] ....  4604.641249: sys_exit: NR 3 = -11
           <...>-1104  [000] ....  4604.641254: sys_enter: NR 4 (4, 7ef8e798, 8, 0, 8, 7ef8e798)
           <...>-1104  [000] ....  4604.641256: sys_exit: NR 4 = 8
           <...>-1104  [000] ....  4604.641269: sys_enter: NR 297 (3, 7ef8e664, 0, 0, 0, 7ef8e664)
           <...>-1104  [000] ....  4604.641276: sys_exit: NR 297 = -11
           <...>-1104  [000] ....  4604.641285: sys_enter: NR 168 (d9a5c8, 5, e, 0, e, 5)
           <...>-1104  [000] ....  4604.641296: sys_exit: NR 168 = 1
           <...>-1104  [000] ....  4604.641298: sys_enter: NR 3 (4, 7ef8e7a4, 10, 0, 10, 7ef8e7a4)
           <...>-1104  [000] ....  4604.641300: sys_exit: NR 3 = 8
           <...>-1104  [000] ....  4604.641306: sys_enter: NR 297 (3, 7ef8e664, 0, 0, 0, 7ef8e664)
           <...>-1104  [000] ....  4604.641308: sys_exit: NR 297 = -11
           <...>-1104  [000] ....  4604.641312: sys_enter: NR 168 (d9a5c8, 5, e, 0, e, 5)
           <...>-1104  [000] d...  4604.641328: sched_switch: prev_comm=lxterminal prev_pid=1104 prev_prio=120 prev_state=S ==> next_comm=swapper/0 next_pid=0 next_prio=120
          <idle>-0     [000] d...  4604.641734: sched_switch: prev_comm=swapper/0 prev_pid=0 prev_prio=120 prev_state=R ==> next_comm=rcu_sched next_pid=10 next_prio=120
       rcu_sched-10    [000] d...  4604.641752: sched_switch: prev_comm=rcu_sched prev_pid=10 prev_prio=120 prev_state=I ==> next_comm=swapper/0 next_pid=0 next_prio=120
          <idle>-0     [002] d...  4604.643753: sched_switch: prev_comm=swapper/2 prev_pid=0 prev_prio=120 prev_state=R ==> next_comm=tailscaled next_pid=545 next_prio=120
      tailscaled-545   [002] ....  4604.643767: sys_exit: NR 346 = 0
      tailscaled-545   [002] ....  4604.643794: sys_enter: NR 346 (4, 1cd1680, 80, 0, 0, 0)
      tailscaled-545   [002] ....  4604.643797: sys_exit: NR 346 = 0
      tailscaled-545   [002] ....  4604.643816: sys_enter: NR 346 (4, 1cd1680, 80, 1, 0, 0)
      tailscaled-545   [002] d...  4604.643826: sched_switch: prev_comm=tailscaled prev_pid=545 prev_prio=120 prev_state=S ==> next_comm=swapper/2 next_pid=0 next_prio=120
          <idle>-0     [002] d...  4604.643982: sched_switch: prev_comm=swapper/2 prev_pid=0 prev_prio=120 prev_state=R ==> next_comm=tailscaled next_pid=417 next_prio=120
      tailscaled-417   [002] ....  4604.643989: sys_exit: NR 240 = -110
      tailscaled-417   [002] ....  4604.644000: sys_enter: NR 162 (1849f60, 0, 430, 14, 0, 0)
      tailscaled-417   [002] d...  4604.644008: sched_switch: prev_comm=tailscaled prev_pid=417 prev_prio=120 prev_state=S ==> next_comm=swapper/2 next_pid=0 next_prio=120
          <idle>-0     [002] d...  4604.644081: sched_switch: prev_comm=swapper/2 prev_pid=0 prev_prio=120 prev_state=R ==> next_comm=tailscaled next_pid=417 next_prio=120
      tailscaled-417   [002] ....  4604.644083: sys_exit: NR 162 = 0
      tailscaled-417   [002] ....  4604.644088: sys_enter: NR 162 (1849f60, 0, 430, 14, 0, 0)
      tailscaled-417   [002] d...  4604.644094: sched_switch: prev_comm=tailscaled prev_pid=417 prev_prio=120 prev_state=S ==> next_comm=swapper/2 next_pid=0 next_prio=120
          <idle>-0     [002] d...  4604.644168: sched_switch: prev_comm=swapper/2 prev_pid=0 prev_prio=120 prev_state=R ==> next_comm=tailscaled next_pid=417 next_prio=120
      tailscaled-417   [002] ....  4604.644170: sys_exit: NR 162 = 0
      tailscaled-417   [002] ....  4604.644174: sys_enter: NR 162 (1849f60, 0, 430, 14, 0, 0)
      tailscaled-417   [002] d...  4604.644179: sched_switch: prev_comm=tailscaled prev_pid=417 prev_prio=120 prev_state=S ==> next_comm=swapper/2 next_pid=0 next_prio=120
          <idle>-0     [002] d...  4604.644254: sched_switch: prev_comm=swapper/2 prev_pid=0 prev_prio=120 prev_state=R ==> next_comm=tailscaled next_pid=417 next_prio=120
      tailscaled-417   [002] ....  4604.644256: sys_exit: NR 162 = 0
      tailscaled-417   [002] ....  4604.644260: sys_enter: NR 162 (1849f60, 0, 430, 14, 0, 0)
      tailscaled-417   [002] d...  4604.644265: sched_switch: prev_comm=tailscaled prev_pid=417 prev_prio=120 prev_state=S ==> next_comm=swapper/2 next_pid=0 next_prio=120
          <idle>-0     [002] d...  4604.644340: sched_switch: prev_comm=swapper/2 prev_pid=0 prev_prio=120 prev_state=R ==> next_comm=tailscaled next_pid=417 next_prio=120
      tailscaled-417   [002] ....  4604.644342: sys_exit: NR 162 = 0
      tailscaled-417   [002] ....  4604.644346: sys_enter: NR 162 (1849f60, 0, 430, 14, 0, 0)
      tailscaled-417   [002] d...  4604.644352: sched_switch: prev_comm=tailscaled prev_pid=417 prev_prio=120 prev_state=S ==> next_comm=swapper/2 next_pid=0 next_prio=120
          <idle>-0     [002] d...  4604.644425: sched_switch: prev_comm=swapper/2 prev_pid=0 prev_prio=120 prev_state=R ==> next_comm=tailscaled next_pid=417 next_prio=120
      tailscaled-417   [002] ....  4604.644427: sys_exit: NR 162 = 0
      tailscaled-417   [002] ....  4604.644431: sys_enter: NR 162 (1849f60, 0, 430, 14, 0, 0)
      tailscaled-417   [002] d...  4604.644437: sched_switch: prev_comm=tailscaled prev_pid=417 prev_prio=120 prev_state=S ==> next_comm=swapper/2 next_pid=0 next_prio=120
          <idle>-0     [002] d...  4604.644510: sched_switch: prev_comm=swapper/2 prev_pid=0 prev_prio=120 prev_state=R ==> next_comm=tailscaled next_pid=417 next_prio=120
      tailscaled-417   [002] ....  4604.644512: sys_exit: NR 162 = 0
      tailscaled-417   [002] ....  4604.644517: sys_enter: NR 162 (1849f60, 0, 430, 14, 0, 0)
      tailscaled-417   [002] d...  4604.644522: sched_switch: prev_comm=tailscaled prev_pid=417 prev_prio=120 prev_state=S ==> next_comm=swapper/2 next_pid=0 next_prio=120
          <idle>-0     [002] d...  4604.644596: sched_switch: prev_comm=swapper/2 prev_pid=0 prev_prio=120 prev_state=R ==> next_comm=tailscaled next_pid=417 next_prio=120
      tailscaled-417   [002] ....  4604.644597: sys_exit: NR 162 = 0
      tailscaled-417   [002] ....  4604.644602: sys_enter: NR 162 (1849f60, 0, 430, 14, 0, 0)
      tailscaled-417   [002] d...  4604.644607: sched_switch: prev_comm=tailscaled prev_pid=417 prev_prio=120 prev_state=S ==> next_comm=swapper/2 next_pid=0 next_prio=120
          <idle>-0     [002] d...  4604.644681: sched_switch: prev_comm=swapper/2 prev_pid=0 prev_prio=120 prev_state=R ==> next_comm=tailscaled next_pid=417 next_prio=120
      tailscaled-417   [002] ....  4604.644683: sys_exit: NR 162 = 0
      tailscaled-417   [002] ....  4604.644687: sys_enter: NR 162 (1849f60, 0, 430, 14, 0, 0)
      tailscaled-417   [002] d...  4604.644692: sched_switch: prev_comm=tailscaled prev_pid=417 prev_prio=120 prev_state=S ==> next_comm=swapper/2 next_pid=0 next_prio=120
          <idle>-0     [002] d...  4604.644767: sched_switch: prev_comm=swapper/2 prev_pid=0 prev_prio=120 prev_state=R ==> next_comm=tailscaled next_pid=417 next_prio=120
      tailscaled-417   [002] ....  4604.644769: sys_exit: NR 162 = 0
      tailscaled-417   [002] ....  4604.644773: sys_enter: NR 162 (1849f60, 0, 430, 14, 0, 0)
      tailscaled-417   [002] d...  4604.644778: sched_switch: prev_comm=tailscaled prev_pid=417 prev_prio=120 prev_state=S ==> next_comm=swapper/2 next_pid=0 next_prio=120
          <idle>-0     [002] d...  4604.644856: sched_switch: prev_comm=swapper/2 prev_pid=0 prev_prio=120 prev_state=R ==> next_comm=tailscaled next_pid=545 next_prio=120
      tailscaled-545   [002] ....  4604.644858: sys_exit: NR 346 = 0
      tailscaled-545   [002] ....  4604.644864: sys_enter: NR 346 (4, 1cd1680, 80, 0, 0, 0)
      tailscaled-545   [002] ....  4604.644866: sys_exit: NR 346 = 0
      tailscaled-545   [002] ....  4604.644898: sys_enter: NR 240 (1a300d4, 81, 1, 0, 0, 0)
      tailscaled-545   [002] ....  4604.644906: sys_exit: NR 240 = 1
          <idle>-0     [003] d...  4604.644914: sched_switch: prev_comm=swapper/3 prev_pid=0 prev_prio=120 prev_state=R ==> next_comm=tailscaled next_pid=534 next_prio=120
      tailscaled-534   [003] ....  4604.644921: sys_exit: NR 240 = 0
      tailscaled-534   [003] ....  4604.644930: sys_enter: NR 346 (4, 1c8b680, 80, 0, 0, 0)
      tailscaled-534   [003] ....  4604.644932: sys_exit: NR 346 = 0
      tailscaled-545   [002] ....  4604.644935: sys_enter: NR 346 (4, 1cd1680, 80, 0, 0, 0)
      tailscaled-545   [002] ....  4604.644937: sys_exit: NR 346 = 0
      tailscaled-545   [002] ....  4604.644941: sys_enter: NR 346 (4, 1cd1680, 80, 30f, 0, 0)
      tailscaled-534   [003] ....  4604.644946: sys_enter: NR 4 (5, 1c8be94, 8, 0, 0, 0)
      tailscaled-545   [002] d...  4604.644950: sched_switch: prev_comm=tailscaled prev_pid=545 prev_prio=120 prev_state=S ==> next_comm=tailscaled next_pid=417 next_prio=120
      tailscaled-417   [002] ....  4604.644953: sys_exit: NR 162 = 0
      tailscaled-534   [003] ....  4604.644955: sys_exit: NR 4 = 8
      tailscaled-534   [003] ....  4604.644958: sys_enter: NR 240 (1a300d4, 80, 0, 0, 0, 0)
      tailscaled-417   [002] ....  4604.644963: sys_enter: NR 240 (1695bd4, 80, 0, 1849f28, 0, 0)
      tailscaled-417   [002] d...  4604.644970: sched_switch: prev_comm=tailscaled prev_pid=417 prev_prio=120 prev_state=S ==> next_comm=tailscaled next_pid=545 next_prio=120
      tailscaled-534   [003] d...  4604.644976: sched_switch: prev_comm=tailscaled prev_pid=534 prev_prio=120 prev_state=S ==> next_comm=swapper/3 next_pid=0 next_prio=120
      tailscaled-545   [002] ....  4604.644976: sys_exit: NR 346 = 1
      tailscaled-545   [002] ....  4604.644978: sys_enter: NR 3 (5, 1cd166c, 8, 2eb61638, 0, 1cd1680)
      tailscaled-545   [002] ....  4604.644981: sys_exit: NR 3 = 8
      tailscaled-545   [002] ....  4604.644986: sys_enter: NR 346 (4, 1cd1680, 80, 0, 0, 0)
      tailscaled-545   [002] ....  4604.644989: sys_exit: NR 346 = 0
      tailscaled-545   [002] ....  4604.644999: sys_enter: NR 346 (4, 1cd1680, 80, 295, 0, 0)
      tailscaled-545   [002] d...  4604.645005: sched_switch: prev_comm=tailscaled prev_pid=545 prev_prio=120 prev_state=S ==> next_comm=swapper/2 next_pid=0 next_prio=120
          <idle>-0     [000] d...  4604.655372: sched_switch: prev_comm=swapper/0 prev_pid=0 prev_prio=120 prev_state=R ==> next_comm=lxterminal next_pid=1104 next_prio=120
           <...>-1104  [000] ....  4604.655382: sys_exit: NR 168 = 0
           <...>-1104  [000] d...  4604.655767: sched_switch: prev_comm=lxterminal prev_pid=1104 prev_prio=120 prev_state=R ==> next_comm=vncagent next_pid=512 next_prio=120
        vncagent-512   [000] ....  4604.655786: sys_exit: NR 142 = 0
        vncagent-512   [000] ....  4604.655802: sys_enter: NR 297 (3, 7efe362c, 0, 0, 1b747a0, 1)
        vncagent-512   [000] ....  4604.655809: sys_exit: NR 297 = -11
        vncagent-512   [000] ....  4604.655813: sys_enter: NR 297 (3, 7efe364c, 0, 0, 1b747a0, 7efe3724)
        vncagent-512   [000] ....  4604.655815: sys_exit: NR 297 = -11
        vncagent-512   [000] ....  4604.655822: sys_enter: NR 142 (e, 7efe3630, 7efe36b0, 7efe3730, 7efe3628, 7efe36ac)
        vncagent-512   [000] d...  4604.655839: sched_switch: prev_comm=vncagent prev_pid=512 prev_prio=120 prev_state=S ==> next_comm=lxterminal next_pid=1104 next_prio=120
           <...>-1104  [000] ....  4604.656918: sys_enter: NR 297 (3, 7ef8d75c, 0, 0, 0, 7ef8d75c)
           <...>-1104  [000] ....  4604.656924: sys_exit: NR 297 = -11
           <...>-1104  [000] ....  4604.656974: sys_enter: NR 306 (6cb7e000, e0d0d0, 80000, 80000, e0d0d0, 10cb1a8)
           <...>-1104  [000] ....  4604.657019: sys_exit: NR 306 = 0
           <...>-1104  [000] ....  4604.657130: sys_enter: NR 307 (0, 80000, 380, 0, e0d0d0, 80000)
           <...>-1104  [000] ....  4604.657171: sys_exit: NR 307 = 38404101
           <...>-1104  [000] ....  4604.657173: sys_enter: NR 305 (24a0005, 0, 0, 24a0005, e0d0d0, 80000)
           <...>-1104  [000] ....  4604.657200: sys_exit: NR 305 = 1823989760
           <...>-1104  [000] ....  4604.657206: sys_enter: NR 308 (24a0005, 100, 0, d96f4100, e0d0d0, 80000)
           <...>-1104  [000] ....  4604.657209: sys_exit: NR 308 = 0
           <...>-1104  [000] ....  4604.657494: sys_enter: NR 168 (7ef8e654, 1, ffffffff, 0, ffffffff, 1)
           <...>-1104  [000] ....  4604.657502: sys_exit: NR 168 = 1
           <...>-1104  [000] ....  4604.657505: sys_enter: NR 146 (3, 7ef8e74c, 3, 0, 3, 7ef8e74c)
           <...>-1104  [000] ....  4604.657535: sys_exit: NR 146 = 1904
           <...>-1104  [000] ....  4604.657540: sys_enter: NR 297 (3, 7ef8e664, 0, 0, 0, 7ef8e664)
           <...>-1104  [000] ....  4604.657543: sys_exit: NR 297 = -11
           <...>-1104  [000] ....  4604.657554: sys_enter: NR 168 (d9a5c8, 5, b, 0, b, 5)
          <idle>-0     [003] d...  4604.657555: sched_switch: prev_comm=swapper/3 prev_pid=0 prev_prio=120 prev_state=R ==> next_comm=Xorg next_pid=493 next_prio=120
            Xorg-493   [003] ....  4604.657568: sys_exit: NR 252 = 1
            Xorg-493   [003] ....  4604.657579: sys_enter: NR 104 (0, 7ec13be4, 0, 1388, 76f94968, 1)
            Xorg-493   [003] ....  4604.657584: sys_exit: NR 104 = 0
            Xorg-493   [003] ....  4604.657591: sys_enter: NR 297 (1c, 7ec139cc, 0, 0, 0, 7ec139cc)
            Xorg-493   [003] ....  4604.657611: sys_exit: NR 297 = 1904
           <...>-1104  [000] d...  4604.657612: sched_switch: prev_comm=lxterminal prev_pid=1104 prev_prio=120 prev_state=S ==> next_comm=swapper/0 next_pid=0 next_prio=120
            Xorg-493   [003] ....  4604.657632: sys_enter: NR 192 (0, a2000, 3, 22, ffffffff, 0)
            Xorg-493   [003] ....  4604.657649: sys_exit: NR 192 = 1858981888
          <idle>-0     [000] d...  4604.661769: sched_switch: prev_comm=swapper/0 prev_pid=0 prev_prio=120 prev_state=R ==> next_comm=rcu_sched next_pid=10 next_prio=120
       rcu_sched-10    [000] d...  4604.661806: sched_switch: prev_comm=rcu_sched prev_pid=10 prev_prio=120 prev_state=I ==> next_comm=swapper/0 next_pid=0 next_prio=120
            Xorg-493   [003] ....  4604.662092: sys_enter: NR 306 (6ed7f000, 1803e67, 1deeb78, 0, 20c72d0, 1fc000)
            Xorg-493   [003] ....  4604.662160: sys_exit: NR 306 = 0
            Xorg-493   [003] ....  4604.662221: sys_enter: NR 305 (24a0005, 0, 0, 0, 20c72d0, 20f463c)
            Xorg-493   [003] ....  4604.662263: sys_exit: NR 305 = 1859645440
            Xorg-493   [003] ....  4604.662265: sys_enter: NR 308 (24a0005, 102, 7ec13b30, 0, 20c72d0, 20f463c)
            Xorg-493   [003] ....  4604.662272: sys_exit: NR 308 = 0
            Xorg-493   [003] ....  4604.662279: sys_enter: NR 295 (1c, 1, 11, 7ec13af8, 7ec13af4, 20cbb78)
            Xorg-493   [003] ....  4604.662285: sys_exit: NR 295 = 0
            Xorg-493   [003] ....  4604.662624: setup_return+0x134/0x19c: [+] handler:0x1aec98, sig:14 
            Xorg-493   [003] ....  4604.662630: sys_enter: NR 119 (e, 212b80, 5, 104f, 6ed15f88, 35a)
            Xorg-493   [003] ....  4604.662635: sys_exit: NR 119 = 32
            Xorg-493   [003] ....  4604.663049: sys_enter: NR 146 (12, 7ec13a3c, 1, 0, 1, 7ec13a3c)
            Xorg-493   [003] ....  4604.663083: sys_exit: NR 146 = 32
          <idle>-0     [000] d...  4604.663106: sched_switch: prev_comm=swapper/0 prev_pid=0 prev_prio=120 prev_state=R ==> next_comm=vncagent next_pid=512 next_prio=120
        vncagent-512   [000] ....  4604.663129: sys_exit: NR 142 = 1
        vncagent-512   [000] ....  4604.663152: sys_enter: NR 297 (3, 7efe362c, 0, 0, 1b747a0, 1)
        vncagent-512   [000] ....  4604.663173: sys_exit: NR 297 = 32
            Xorg-493   [003] ....  4604.663186: sys_enter: NR 252 (3, 7ec12be0, 100, 0, 0, 100)
            Xorg-493   [003] ....  4604.663190: sys_exit: NR 252 = 0
        vncagent-512   [000] ....  4604.663191: sys_enter: NR 297 (3, 7efe362c, 0, 0, 1b747a0, 1)
        vncagent-512   [000] ....  4604.663193: sys_exit: NR 297 = -11
        vncagent-512   [000] ....  4604.663197: sys_enter: NR 297 (3, 7efe364c, 0, 0, 1b747a0, 7efe3724)
        vncagent-512   [000] ....  4604.663198: sys_exit: NR 297 = -11
            Xorg-493   [003] ....  4604.663208: sys_enter: NR 91 (6ecdd000, a2000, 76a2e27c, 4c0000, 1d814e0, 1d818e0)
        vncagent-512   [000] ....  4604.663222: sys_enter: NR 297 (3, 7efe362c, 0, 0, 1b747a0, 1)
        vncagent-512   [000] ....  4604.663224: sys_exit: NR 297 = -11
        vncagent-512   [000] ....  4604.663226: sys_enter: NR 297 (3, 7efe364c, 0, 0, 1b747a0, 7efe3724)
        vncagent-512   [000] ....  4604.663228: sys_exit: NR 297 = -11
        vncagent-512   [000] ....  4604.663232: sys_enter: NR 142 (e, 7efe3630, 7efe36b0, 7efe3730, 7efe3628, 7efe36ac)
        vncagent-512   [000] d...  4604.663262: sched_switch: prev_comm=vncagent prev_pid=512 prev_prio=120 prev_state=S ==> next_comm=swapper/0 next_pid=0 next_prio=120
            Xorg-493   [003] ....  4604.663387: sys_exit: NR 91 = 0
            Xorg-493   [003] ....  4604.663394: sys_enter: NR 297 (1c, 7ec139cc, 0, 0, 0, 7ec139cc)
            Xorg-493   [003] ....  4604.663398: sys_exit: NR 297 = -11
            Xorg-493   [003] ....  4604.663402: sys_enter: NR 104 (0, 7ec13be4, 0, 0, 76f94968, 212b8c)
            Xorg-493   [003] ....  4604.663406: sys_exit: NR 104 = 0
            Xorg-493   [003] ....  4604.663409: sys_enter: NR 252 (3, 7ec12be0, 100, 1b833, 1b833, 100)
            Xorg-493   [003] d...  4604.663423: sched_switch: prev_comm=Xorg prev_pid=493 prev_prio=120 prev_state=S ==> next_comm=swapper/3 next_pid=0 next_prio=120
          <idle>-0     [000] d...  4604.665300: sched_switch: prev_comm=swapper/0 prev_pid=0 prev_prio=120 prev_state=R ==> next_comm=vncagent next_pid=512 next_prio=120
        vncagent-512   [000] ....  4604.665305: sys_exit: NR 142 = 0
        vncagent-512   [000] ....  4604.665319: sys_enter: NR 168 (7efe31f4, 1, ffffffff, 0, 1b737a0, 1b737a0)
        vncagent-512   [000] ....  4604.665323: sys_exit: NR 168 = 1
        vncagent-512   [000] ....  4604.665325: sys_enter: NR 146 (3, 7efe32ec, 3, 0, 0, 1b737a0)
        vncagent-512   [000] ....  4604.665337: sys_exit: NR 146 = 24
          <idle>-0     [003] d...  4604.665344: sched_switch: prev_comm=swapper/3 prev_pid=0 prev_prio=120 prev_state=R ==> next_comm=Xorg next_pid=493 next_prio=120
        vncagent-512   [000] ....  4604.665345: sys_enter: NR 168 (7efe31dc, 1, ffffffff, 0, 7efe3360, 1b737a0)
            Xorg-493   [003] ....  4604.665350: sys_exit: NR 252 = 1
        vncagent-512   [000] d...  4604.665351: sched_switch: prev_comm=vncagent prev_pid=512 prev_prio=120 prev_state=S ==> next_comm=swapper/0 next_pid=0 next_prio=120
            Xorg-493   [003] ....  4604.665353: sys_enter: NR 104 (0, 7ec13be4, 0, 1388, 76f94968, 1)
            Xorg-493   [003] ....  4604.665356: sys_exit: NR 104 = 0
            Xorg-493   [003] ....  4604.665358: sys_enter: NR 297 (12, 7ec139cc, 0, 0, 0, 7ec139cc)
            Xorg-493   [003] ....  4604.665365: sys_exit: NR 297 = 24
            Xorg-493   [003] ....  4604.665378: sys_enter: NR 146 (12, 7ec13b84, 1, 0, 1, 7ec13b84)
            Xorg-493   [003] ....  4604.665387: sys_exit: NR 146 = 40
            Xorg-493   [003] ....  4604.665390: sys_enter: NR 297 (12, 7ec139cc, 0, 0, 0, 7ec139cc)
            Xorg-493   [003] ....  4604.665392: sys_exit: NR 297 = -11
          <idle>-0     [000] d...  4604.665392: sched_switch: prev_comm=swapper/0 prev_pid=0 prev_prio=120 prev_state=R ==> next_comm=vncagent next_pid=512 next_prio=120
            Xorg-493   [003] ....  4604.665394: sys_enter: NR 104 (0, 7ec13be4, 0, 0, 76f94968, 212b8c)
        vncagent-512   [000] ....  4604.665395: sys_exit: NR 168 = 1
            Xorg-493   [003] ....  4604.665396: sys_exit: NR 104 = 0
        vncagent-512   [000] ....  4604.665396: sys_enter: NR 297 (3, 7efe313c, 0, 0, 1b747a0, 1b737a0)
            Xorg-493   [003] ....  4604.665399: sys_enter: NR 252 (3, 7ec12be0, 100, 1b831, 1b831, 100)
        vncagent-512   [000] ....  4604.665402: sys_exit: NR 297 = 40
            Xorg-493   [003] d...  4604.665406: sched_switch: prev_comm=Xorg prev_pid=493 prev_prio=120 prev_state=S ==> next_comm=swapper/3 next_pid=0 next_prio=120
        vncagent-512   [000] ....  4604.665422: sys_enter: NR 168 (7efe31dc, 1, ffffffff, 0, 1b737a0, 1b737a0)
        vncagent-512   [000] ....  4604.665424: sys_exit: NR 168 = 1
        vncagent-512   [000] ....  4604.665425: sys_enter: NR 146 (3, 7efe32d4, 3, 0, 0, 1b737a0)
        vncagent-512   [000] ....  4604.665433: sys_exit: NR 146 = 32
        vncagent-512   [000] ....  4604.665436: sys_enter: NR 168 (7efe31c4, 1, ffffffff, 0, 7efe3348, 1b737a0)
          <idle>-0     [003] d...  4604.665439: sched_switch: prev_comm=swapper/3 prev_pid=0 prev_prio=120 prev_state=R ==> next_comm=Xorg next_pid=493 next_prio=120
        vncagent-512   [000] d...  4604.665441: sched_switch: prev_comm=vncagent prev_pid=512 prev_prio=120 prev_state=S ==> next_comm=swapper/0 next_pid=0 next_prio=120
            Xorg-493   [003] ....  4604.665442: sys_exit: NR 252 = 1
            Xorg-493   [003] ....  4604.665444: sys_enter: NR 104 (0, 7ec13be4, 0, 1388, 76f94968, 1)
            Xorg-493   [003] ....  4604.665447: sys_exit: NR 104 = 0
            Xorg-493   [003] ....  4604.665449: sys_enter: NR 297 (12, 7ec139cc, 0, 0, 0, 7ec139cc)
            Xorg-493   [003] ....  4604.665454: sys_exit: NR 297 = 32
            Xorg-493   [003] ....  4604.667894: sys_enter: NR 146 (12, 7ec13b74, 1, 0, 1, 7ec13b74)
            Xorg-493   [003] ....  4604.667937: sys_exit: NR 146 = 32
            Xorg-493   [003] ....  4604.667944: sys_enter: NR 297 (12, 7ec139cc, 0, 0, 0, 7ec139cc)
            Xorg-493   [003] ....  4604.667950: sys_exit: NR 297 = -11
            Xorg-493   [003] ....  4604.667955: sys_enter: NR 104 (0, 7ec13be4, 0, 0, 76f94968, 212b8c)
            Xorg-493   [003] ....  4604.667965: sys_exit: NR 104 = 0
          <idle>-0     [000] d...  4604.667965: sched_switch: prev_comm=swapper/0 prev_pid=0 prev_prio=120 prev_state=R ==> next_comm=vncagent next_pid=512 next_prio=120
        vncagent-512   [000] ....  4604.667976: sys_exit: NR 168 = 1
        vncagent-512   [000] ....  4604.667981: sys_enter: NR 297 (3, 7efe3124, 0, 0, 1b747a0, 1b737a0)
        vncagent-512   [000] ....  4604.668000: sys_exit: NR 297 = 32
        vncagent-512   [000] ....  4604.668040: sys_enter: NR 4 (d, 1b95150, 27, 0, 1b90390, 85a34)
        vncagent-512   [000] ....  4604.668058: sys_exit: NR 4 = 39
          <idle>-0     [002] d...  4604.668080: sched_switch: prev_comm=swapper/2 prev_pid=0 prev_prio=120 prev_state=R ==> next_comm=vncserver-x11-c next_pid=452 next_prio=120
        vncagent-512   [000] ....  4604.668083: sys_enter: NR 297 (3, 7efe362c, 0, 0, 1b747a0, 1)
        vncagent-512   [000] ....  4604.668086: sys_exit: NR 297 = -11
        vncagent-512   [000] ....  4604.668089: sys_enter: NR 297 (3, 7efe364c, 0, 0, 1b747a0, 7efe3724)
        vncagent-512   [000] ....  4604.668091: sys_exit: NR 297 = -11
        vncagent-512   [000] ....  4604.668100: sys_enter: NR 142 (e, 7efe3630, 7efe36b0, 7efe3730, 7efe3628, 7efe36ac)
        vncagent-512   [000] ....  4604.668110: sys_exit: NR 142 = 0
            Xorg-493   [003] ....  4604.668113: sys_enter: NR 252 (3, 7ec12be0, 100, 1b82e, 1b82e, 100)
        vncagent-512   [000] ....  4604.668115: sys_enter: NR 297 (3, 7efe362c, 0, 0, 1b747a0, 1)
        vncagent-512   [000] ....  4604.668117: sys_exit: NR 297 = -11
        vncagent-512   [000] ....  4604.668119: sys_enter: NR 297 (3, 7efe364c, 0, 0, 1b747a0, 7efe3724)
        vncagent-512   [000] ....  4604.668121: sys_exit: NR 297 = -11
        vncagent-512   [000] ....  4604.668123: sys_enter: NR 142 (e, 7efe3630, 7efe36b0, 7efe3730, 7efe3628, 7efe36ac)
 vncserver-x11-c-452   [002] ....  4604.668125: sys_exit: NR 142 = 1
        vncagent-512   [000] d...  4604.668145: sched_switch: prev_comm=vncagent prev_pid=512 prev_prio=120 prev_state=S ==> next_comm=swapper/0 next_pid=0 next_prio=120
            Xorg-493   [003] d...  4604.668148: sched_switch: prev_comm=Xorg prev_pid=493 prev_prio=120 prev_state=S ==> next_comm=swapper/3 next_pid=0 next_prio=120
 vncserver-x11-c-452   [002] ....  4604.668156: sys_enter: NR 3 (c, 15e9d00, 41a0, 0, 41a0, 15e9d00)
 vncserver-x11-c-452   [002] ....  4604.668170: sys_exit: NR 3 = 39
          <idle>-0     [000] d...  4604.668626: sched_switch: prev_comm=swapper/0 prev_pid=0 prev_prio=120 prev_state=R ==> next_comm=lxterminal next_pid=1104 next_prio=120
           <...>-1104  [000] ....  4604.668651: sys_exit: NR 168 = 0
           <...>-1104  [000] ....  4604.668681: sys_enter: NR 3 (6, 10407c3, 1f45, 0, 1f45, 10407c3)
           <...>-1104  [000] ....  4604.668690: sys_exit: NR 3 = -11
           <...>-1104  [000] ....  4604.669770: sys_enter: NR 162 (7ef8e77c, 7ef8e784, 0, 0, 7ef8e784, 7ef8e77c)
           <...>-1104  [000] d...  4604.669803: sched_switch: prev_comm=lxterminal prev_pid=1104 prev_prio=120 prev_state=S ==> next_comm=swapper/0 next_pid=0 next_prio=120
          <idle>-0     [000] d...  4604.669850: sched_switch: prev_comm=swapper/0 prev_pid=0 prev_prio=120 prev_state=R ==> next_comm=lxterminal next_pid=1104 next_prio=120
           <...>-1104  [000] ....  4604.669853: sys_exit: NR 162 = 0
           <...>-1104  [000] ....  4604.669877: sys_enter: NR 168 (7ef8e654, 1, ffffffff, 0, ffffffff, 1)
           <...>-1104  [000] ....  4604.669885: sys_exit: NR 168 = 1
           <...>-1104  [000] ....  4604.669888: sys_enter: NR 146 (3, 7ef8e74c, 3, 0, 3, 7ef8e74c)
           <...>-1104  [000] ....  4604.669919: sys_exit: NR 146 = 16
          <idle>-0     [003] d...  4604.669926: sched_switch: prev_comm=swapper/3 prev_pid=0 prev_prio=120 prev_state=R ==> next_comm=Xorg next_pid=493 next_prio=120
           <...>-1104  [000] ....  4604.669927: sys_enter: NR 297 (3, 7ef8e664, 0, 0, 0, 7ef8e664)
           <...>-1104  [000] ....  4604.669935: sys_exit: NR 297 = -11
            Xorg-493   [003] ....  4604.669936: sys_exit: NR 252 = 1
            Xorg-493   [003] ....  4604.669944: sys_enter: NR 104 (0, 7ec13be4, 0, 1388, 76f94968, 1)
            Xorg-493   [003] ....  4604.669948: sys_exit: NR 104 = 0
           <...>-1104  [000] ....  4604.669948: sys_enter: NR 168 (d9a5c8, 5, 1, 0, 1, 5)
            Xorg-493   [003] ....  4604.669953: sys_enter: NR 297 (1c, 7ec139cc, 0, 0, 0, 7ec139cc)
            Xorg-493   [003] ....  4604.669971: sys_exit: NR 297 = 16
           <...>-1104  [000] d...  4604.669981: sched_switch: prev_comm=lxterminal prev_pid=1104 prev_prio=120 prev_state=S ==> next_comm=swapper/0 next_pid=0 next_prio=120
            Xorg-493   [003] ....  4604.669991: sys_enter: NR 297 (1c, 7ec139cc, 0, 0, 0, 7ec139cc)
            Xorg-493   [003] ....  4604.669994: sys_exit: NR 297 = -11
            Xorg-493   [003] ....  4604.669997: sys_enter: NR 104 (0, 7ec13be4, 0, 0, 76f94968, 212b8c)
            Xorg-493   [003] ....  4604.669999: sys_exit: NR 104 = 0
            Xorg-493   [003] ....  4604.670003: sys_enter: NR 252 (3, 7ec12be0, 100, 1b82c, 1b82c, 100)
            Xorg-493   [003] d...  4604.670011: sched_switch: prev_comm=Xorg prev_pid=493 prev_prio=120 prev_state=S ==> next_comm=swapper/3 next_pid=0 next_prio=120
          <idle>-0     [000] d...  4604.671016: sched_switch: prev_comm=swapper/0 prev_pid=0 prev_prio=120 prev_state=R ==> next_comm=lxterminal next_pid=1104 next_prio=120
           <...>-1104  [000] ....  4604.671027: sys_exit: NR 168 = 0
           <...>-1104  [000] ....  4604.671922: sys_enter: NR 168 (7ef8e654, 1, ffffffff, 0, ffffffff, 1)
           <...>-1104  [000] ....  4604.671934: sys_exit: NR 168 = 1
           <...>-1104  [000] ....  4604.671937: sys_enter: NR 146 (3, 7ef8e74c, 3, 0, 3, 7ef8e74c)
           <...>-1104  [000] ....  4604.671972: sys_exit: NR 146 = 412
           <...>-1104  [000] ....  4604.671981: sys_enter: NR 297 (3, 7ef8e664, 0, 0, 0, 7ef8e664)
          <idle>-0     [003] d...  4604.671988: sched_switch: prev_comm=swapper/3 prev_pid=0 prev_prio=120 prev_state=R ==> next_comm=Xorg next_pid=493 next_prio=120
           <...>-1104  [000] ....  4604.671989: sys_exit: NR 297 = -11
            Xorg-493   [003] ....  4604.671999: sys_exit: NR 252 = 1
           <...>-1104  [000] ....  4604.672002: sys_enter: NR 168 (d9a5c8, 5, 1c, 0, 1c, 5)
            Xorg-493   [003] ....  4604.672006: sys_enter: NR 104 (0, 7ec13be4, 0, 1388, 76f94968, 1)
            Xorg-493   [003] ....  4604.672013: sys_exit: NR 104 = 0
            Xorg-493   [003] ....  4604.672019: sys_enter: NR 297 (1c, 7ec139cc, 0, 0, 0, 7ec139cc)
            Xorg-493   [003] ....  4604.672037: sys_exit: NR 297 = 412
           <...>-1104  [000] d...  4604.672038: sched_switch: prev_comm=lxterminal prev_pid=1104 prev_prio=120 prev_state=S ==> next_comm=swapper/0 next_pid=0 next_prio=120
