    kworker/u8:1-1240  [003] d...  4604.768984: sched_switch: prev_comm=kworker/u8:1 prev_pid=1240 prev_prio=120 prev_state=D ==> next_comm=tailscaled next_pid=417 next_prio=120
      tailscaled-417   [003] ....  4604.768986: sys_exit: NR 162 = 0
      tailscaled-417   [003] ....  4604.768990: sys_enter: NR 162 (1849f60, 0, 430, 14, 0, 0)
      tailscaled-357   [000] ....  4604.768997: sys_exit: NR 365 = 1
      tailscaled-417   [003] d...  4604.768999: sched_switch: prev_comm=tailscaled prev_pid=417 prev_prio=120 prev_state=S ==> next_comm=kworker/u8:1 next_pid=1240 next_prio=120
    kworker/u8:1-1240  [003] d...  4604.769009: sched_switch: prev_comm=kworker/u8:1 prev_pid=1240 prev_prio=120 prev_state=I ==> next_comm=tailscaled next_pid=534 next_prio=120
      tailscaled-534   [003] ....  4604.769012: sys_exit: NR 346 = 1
      tailscaled-534   [003] ....  4604.769019: sys_enter: NR 240 (18808d4, 81, 1, 0, 0, 0)
      tailscaled-534   [003] ....  4604.769026: sys_exit: NR 240 = 1
      tailscaled-534   [003] ....  4604.769040: sys_enter: NR 346 (4, 1c8b680, 80, 0, 0, 0)
      tailscaled-534   [003] ....  4604.769042: sys_exit: NR 346 = 0
      tailscaled-357   [000] ....  4604.769079: sys_enter: NR 365 (11, 1b1f308, 80, 0, 0, 0)
      tailscaled-357   [000] ....  4604.769082: sys_exit: NR 365 = -11
      tailscaled-357   [000] ....  4604.769128: sys_enter: NR 346 (4, 7eb63380, 80, 0, 0, 0)
      tailscaled-357   [000] ....  4604.769130: sys_exit: NR 346 = 0
      tailscaled-357   [000] ....  4604.769150: sys_enter: NR 346 (4, 7eb63380, 80, 219, 0, 0)
          <idle>-0     [001] d...  4604.769157: sched_switch: prev_comm=swapper/1 prev_pid=0 prev_prio=120 prev_state=R ==> next_comm=irq/86-mmc1 next_pid=80 next_prio=49
      tailscaled-534   [003] ....  4604.769158: sys_enter: NR 4 (c, 4b36006, 32, 0, 0, 0)
     irq/86-mmc1-80    [001] d...  4604.769169: sched_switch: prev_comm=irq/86-mmc1 prev_pid=80 prev_prio=49 prev_state=D ==> next_comm=swapper/1 next_pid=0 next_prio=120
      tailscaled-357   [000] d...  4604.769190: sched_switch: prev_comm=tailscaled prev_pid=357 prev_prio=120 prev_state=S ==> next_comm=tailscaled next_pid=547 next_prio=120
      tailscaled-547   [000] ....  4604.769202: sys_exit: NR 240 = 0
          <idle>-0     [001] d...  4604.769206: sched_switch: prev_comm=swapper/1 prev_pid=0 prev_prio=120 prev_state=R ==> next_comm=irq/86-mmc1 next_pid=80 next_prio=49
      tailscaled-547   [000] ....  4604.769218: sys_enter: NR 240 (18808d4, 80, 0, 0, 0, 0)
     irq/86-mmc1-80    [001] d...  4604.769228: sched_switch: prev_comm=irq/86-mmc1 prev_pid=80 prev_prio=49 prev_state=D ==> next_comm=swapper/1 next_pid=0 next_prio=120
      tailscaled-534   [003] ....  4604.769231: sys_exit: NR 4 = 50
          <idle>-0     [001] d...  4604.769251: sched_switch: prev_comm=swapper/1 prev_pid=0 prev_prio=120 prev_state=R ==> next_comm=irq/86-mmc1 next_pid=80 next_prio=49
      tailscaled-547   [000] d...  4604.769256: sched_switch: prev_comm=tailscaled prev_pid=547 prev_prio=120 prev_state=S ==> next_comm=swapper/0 next_pid=0 next_prio=120
     irq/86-mmc1-80    [001] d...  4604.769267: sched_switch: prev_comm=irq/86-mmc1 prev_pid=80 prev_prio=49 prev_state=D ==> next_comm=swapper/1 next_pid=0 next_prio=120
      tailscaled-534   [003] ....  4604.769277: sys_enter: NR 4 (c, 2d16006, 32, 0, 0, 0)
          <idle>-0     [001] d...  4604.769284: sched_switch: prev_comm=swapper/1 prev_pid=0 prev_prio=120 prev_state=R ==> next_comm=irq/86-mmc1 next_pid=80 next_prio=49
     irq/86-mmc1-80    [001] d...  4604.769295: sched_switch: prev_comm=irq/86-mmc1 prev_pid=80 prev_prio=49 prev_state=S ==> next_comm=swapper/1 next_pid=0 next_prio=120
      tailscaled-534   [003] .n..  4604.769306: sys_exit: NR 4 = 50
      tailscaled-534   [003] d...  4604.769311: sched_switch: prev_comm=tailscaled prev_pid=534 prev_prio=120 prev_state=R ==> next_comm=kworker/u8:1 next_pid=1240 next_prio=120
    kworker/u8:1-1240  [003] d...  4604.769338: sched_switch: prev_comm=kworker/u8:1 prev_pid=1240 prev_prio=120 prev_state=D ==> next_comm=tailscaled next_pid=417 next_prio=120
      tailscaled-417   [003] ....  4604.769340: sys_exit: NR 162 = 0
      tailscaled-417   [003] ....  4604.769345: sys_enter: NR 162 (1849f60, 0, 430, 14, 0, 0)
      tailscaled-417   [003] d...  4604.769355: sched_switch: prev_comm=tailscaled prev_pid=417 prev_prio=120 prev_state=S ==> next_comm=kworker/u8:1 next_pid=1240 next_prio=120
    kworker/u8:1-1240  [003] d...  4604.769374: sched_switch: prev_comm=kworker/u8:1 prev_pid=1240 prev_prio=120 prev_state=D ==> next_comm=tailscaled next_pid=534 next_prio=120
      tailscaled-534   [003] d...  4604.769392: sched_switch: prev_comm=tailscaled prev_pid=534 prev_prio=120 prev_state=R ==> next_comm=kworker/u8:1 next_pid=1240 next_prio=120
          <idle>-0     [000] d...  4604.769449: sched_switch: prev_comm=swapper/0 prev_pid=0 prev_prio=120 prev_state=R ==> next_comm=tailscaled next_pid=357 next_prio=120
      tailscaled-357   [000] ....  4604.769454: sys_exit: NR 346 = 1
    kworker/u8:1-1240  [003] d...  4604.769460: sched_switch: prev_comm=kworker/u8:1 prev_pid=1240 prev_prio=120 prev_state=D ==> next_comm=tailscaled next_pid=417 next_prio=120
      tailscaled-417   [003] ....  4604.769462: sys_exit: NR 162 = 0
      tailscaled-417   [003] ....  4604.769466: sys_enter: NR 162 (1849f60, 0, 430, 14, 0, 0)
      tailscaled-357   [000] ....  4604.769474: sys_enter: NR 365 (11, 1b1f308, 80, 0, 0, 0)
      tailscaled-417   [003] d...  4604.769475: sched_switch: prev_comm=tailscaled prev_pid=417 prev_prio=120 prev_state=S ==> next_comm=kworker/u8:1 next_pid=1240 next_prio=120
    kworker/u8:1-1240  [003] d...  4604.769485: sched_switch: prev_comm=kworker/u8:1 prev_pid=1240 prev_prio=120 prev_state=I ==> next_comm=tailscaled next_pid=534 next_prio=120
      tailscaled-357   [000] ....  4604.769487: sys_exit: NR 365 = 1
      tailscaled-534   [003] ....  4604.769497: sys_enter: NR 346 (4, 1c8b680, 80, 219, 0, 0)
      tailscaled-534   [003] d...  4604.769505: sched_switch: prev_comm=tailscaled prev_pid=534 prev_prio=120 prev_state=S ==> next_comm=swapper/3 next_pid=0 next_prio=120
      tailscaled-357   [000] ....  4604.769536: sys_enter: NR 240 (18808d4, 81, 1, 0, 0, 0)
      tailscaled-357   [000] ....  4604.769545: sys_exit: NR 240 = 1
          <idle>-0     [003] d...  4604.769550: sched_switch: prev_comm=swapper/3 prev_pid=0 prev_prio=120 prev_state=R ==> next_comm=tailscaled next_pid=417 next_prio=120
      tailscaled-417   [003] ....  4604.769552: sys_exit: NR 162 = 0
      tailscaled-417   [003] ....  4604.769555: sys_enter: NR 162 (1849f60, 0, 430, 14, 0, 0)
      tailscaled-417   [003] d...  4604.769561: sched_switch: prev_comm=tailscaled prev_pid=417 prev_prio=120 prev_state=S ==> next_comm=swapper/3 next_pid=0 next_prio=120
      tailscaled-357   [000] ....  4604.769591: sys_enter: NR 365 (11, 4adb308, 80, 0, 0, 0)
      tailscaled-357   [000] ....  4604.769594: sys_exit: NR 365 = -11
          <idle>-0     [003] d...  4604.769638: sched_switch: prev_comm=swapper/3 prev_pid=0 prev_prio=120 prev_state=R ==> next_comm=tailscaled next_pid=417 next_prio=120
      tailscaled-417   [003] ....  4604.769640: sys_exit: NR 162 = 0
      tailscaled-417   [003] ....  4604.769643: sys_enter: NR 162 (1849f60, 0, 430, 14, 0, 0)
      tailscaled-417   [003] d...  4604.769648: sched_switch: prev_comm=tailscaled prev_pid=417 prev_prio=120 prev_state=S ==> next_comm=swapper/3 next_pid=0 next_prio=120
      tailscaled-357   [000] ....  4604.769675: sys_enter: NR 4 (c, 4740006, 52, 0, 0, 0)
      tailscaled-357   [000] ....  4604.769724: sys_exit: NR 4 = 82
          <idle>-0     [003] d...  4604.769724: sched_switch: prev_comm=swapper/3 prev_pid=0 prev_prio=120 prev_state=R ==> next_comm=tailscaled next_pid=417 next_prio=120
      tailscaled-417   [003] ....  4604.769726: sys_exit: NR 162 = 0
      tailscaled-417   [003] ....  4604.769729: sys_enter: NR 162 (1849f60, 0, 430, 14, 0, 0)
      tailscaled-417   [003] d...  4604.769735: sched_switch: prev_comm=tailscaled prev_pid=417 prev_prio=120 prev_state=S ==> next_comm=swapper/3 next_pid=0 next_prio=120
      tailscaled-357   [000] ....  4604.769744: sys_enter: NR 240 (16927c4, 80, 0, 0, 0, 0)
      tailscaled-357   [000] d...  4604.769753: sched_switch: prev_comm=tailscaled prev_pid=357 prev_prio=120 prev_state=S ==> next_comm=tailscaled next_pid=547 next_prio=120
      tailscaled-547   [000] ....  4604.769757: sys_exit: NR 240 = 0
      tailscaled-547   [000] ....  4604.769768: sys_enter: NR 240 (18808d4, 80, 0, 0, 0, 0)
      tailscaled-547   [000] d...  4604.769775: sched_switch: prev_comm=tailscaled prev_pid=547 prev_prio=120 prev_state=S ==> next_comm=vncserver-x11-c next_pid=452 next_prio=120
 vncserver-x11-c-452   [000] ....  4604.769803: sys_exit: NR 142 = 1
          <idle>-0     [003] d...  4604.769811: sched_switch: prev_comm=swapper/3 prev_pid=0 prev_prio=120 prev_state=R ==> next_comm=tailscaled next_pid=417 next_prio=120
      tailscaled-417   [003] ....  4604.769813: sys_exit: NR 162 = 0
      tailscaled-417   [003] ....  4604.769818: sys_enter: NR 240 (1695bd4, 80, 0, 1849f28, 0, 0)
      tailscaled-417   [003] d...  4604.769825: sched_switch: prev_comm=tailscaled prev_pid=417 prev_prio=120 prev_state=S ==> next_comm=swapper/3 next_pid=0 next_prio=120
 vncserver-x11-c-452   [000] ....  4604.769826: sys_enter: NR 3 (f, 1642ae8, 41a0, 0, 41a0, 1642ae8)
 vncserver-x11-c-452   [000] ....  4604.769839: sys_exit: NR 3 = 32
 vncserver-x11-c-452   [000] ....  4604.769882: sys_enter: NR 3 (f, 1642ae8, 41a0, 0, 41a0, 1642ae8)
 vncserver-x11-c-452   [000] ....  4604.769885: sys_exit: NR 3 = -11
 vncserver-x11-c-452   [000] ....  4604.769894: sys_enter: NR 4 (c, 15e1c58, 12, 0, 12, 15e1c58)
 vncserver-x11-c-452   [000] .n..  4604.769914: sys_exit: NR 4 = 18
 vncserver-x11-c-452   [000] d...  4604.769920: sched_switch: prev_comm=vncserver-x11-c prev_pid=452 prev_prio=120 prev_state=R ==> next_comm=vncagent next_pid=512 next_prio=120
        vncagent-512   [000] ....  4604.769932: sys_exit: NR 142 = 1
        vncagent-512   [000] ....  4604.769947: sys_enter: NR 3 (d, 1b90fa8, 41a0, 0, 1b90358, 1)
        vncagent-512   [000] ....  4604.769957: sys_exit: NR 3 = 18
        vncagent-512   [000] ....  4604.769971: sys_enter: NR 3 (d, 1b90fa8, 41a0, 0, 1b90358, 1)
        vncagent-512   [000] ....  4604.769973: sys_exit: NR 3 = -11
        vncagent-512   [000] ....  4604.769983: sys_enter: NR 297 (3, 7efe362c, 0, 0, 1b747a0, 1)
        vncagent-512   [000] ....  4604.769988: sys_exit: NR 297 = -11
        vncagent-512   [000] ....  4604.769992: sys_enter: NR 297 (3, 7efe364c, 0, 0, 1b747a0, 7efe3724)
        vncagent-512   [000] ....  4604.769994: sys_exit: NR 297 = -11
        vncagent-512   [000] ....  4604.770000: sys_enter: NR 142 (e, 7efe3630, 7efe36b0, 7efe3730, 7efe3628, 7efe36ac)
        vncagent-512   [000] d...  4604.770014: sched_switch: prev_comm=vncagent prev_pid=512 prev_prio=120 prev_state=S ==> next_comm=vncserver-x11-c next_pid=452 next_prio=120
 vncserver-x11-c-452   [000] ....  4604.770031: sys_enter: NR 142 (11, 7e887328, 7e8873a8, 7e887428, 7e887320, 7e8873a8)
 vncserver-x11-c-452   [000] ....  4604.770041: sys_exit: NR 142 = 0
 vncserver-x11-c-452   [000] ....  4604.770045: sys_enter: NR 142 (11, 7e887328, 7e8873a8, 7e887428, 7e887320, 7e8873a8)
 vncserver-x11-c-452   [000] d...  4604.770069: sched_switch: prev_comm=vncserver-x11-c prev_pid=452 prev_prio=120 prev_state=S ==> next_comm=swapper/0 next_pid=0 next_prio=120
          <idle>-0     [002] d...  4604.777253: sched_switch: prev_comm=swapper/2 prev_pid=0 prev_prio=120 prev_state=R ==> next_comm=rngd next_pid=355 next_prio=120
            rngd-355   [002] d...  4604.777262: sched_switch: prev_comm=rngd prev_pid=355 prev_prio=120 prev_state=S ==> next_comm=swapper/2 next_pid=0 next_prio=120
          <idle>-0     [003] d...  4604.781729: sched_switch: prev_comm=swapper/3 prev_pid=0 prev_prio=120 prev_state=R ==> next_comm=brcmf_wdog/mmc1 next_pid=240 next_prio=120
 brcmf_wdog/mmc1-240   [003] d...  4604.781738: sched_switch: prev_comm=brcmf_wdog/mmc1 prev_pid=240 prev_prio=120 prev_state=S ==> next_comm=swapper/3 next_pid=0 next_prio=120
          <idle>-0     [000] d...  4604.784066: sched_switch: prev_comm=swapper/0 prev_pid=0 prev_prio=120 prev_state=R ==> next_comm=vncagent next_pid=512 next_prio=120
        vncagent-512   [000] ....  4604.784075: sys_exit: NR 142 = 0
        vncagent-512   [000] ....  4604.784080: sys_enter: NR 297 (3, 7efe362c, 0, 0, 1b747a0, 1)
        vncagent-512   [000] ....  4604.784082: sys_exit: NR 297 = -11
        vncagent-512   [000] ....  4604.784084: sys_enter: NR 297 (3, 7efe364c, 0, 0, 1b747a0, 7efe3724)
        vncagent-512   [000] ....  4604.784086: sys_exit: NR 297 = -11
        vncagent-512   [000] ....  4604.784090: sys_enter: NR 142 (e, 7efe3630, 7efe36b0, 7efe3730, 7efe3628, 7efe36ac)
        vncagent-512   [000] d...  4604.784100: sched_switch: prev_comm=vncagent prev_pid=512 prev_prio=120 prev_state=S ==> next_comm=swapper/0 next_pid=0 next_prio=120
          <idle>-0     [003] d...  4604.801707: sched_switch: prev_comm=swapper/3 prev_pid=0 prev_prio=120 prev_state=R ==> next_comm=brcmf_wdog/mmc1 next_pid=240 next_prio=120
 brcmf_wdog/mmc1-240   [003] d...  4604.801739: sched_switch: prev_comm=brcmf_wdog/mmc1 prev_pid=240 prev_prio=120 prev_state=D ==> next_comm=swapper/3 next_pid=0 next_prio=120
          <idle>-0     [003] d...  4604.801752: sched_switch: prev_comm=swapper/3 prev_pid=0 prev_prio=120 prev_state=R ==> next_comm=brcmf_wdog/mmc1 next_pid=240 next_prio=120
 brcmf_wdog/mmc1-240   [003] d...  4604.801763: sched_switch: prev_comm=brcmf_wdog/mmc1 prev_pid=240 prev_prio=120 prev_state=D ==> next_comm=swapper/3 next_pid=0 next_prio=120
          <idle>-0     [003] d...  4604.801775: sched_switch: prev_comm=swapper/3 prev_pid=0 prev_prio=120 prev_state=R ==> next_comm=brcmf_wdog/mmc1 next_pid=240 next_prio=120
 brcmf_wdog/mmc1-240   [003] d...  4604.801783: sched_switch: prev_comm=brcmf_wdog/mmc1 prev_pid=240 prev_prio=120 prev_state=D ==> next_comm=swapper/3 next_pid=0 next_prio=120
          <idle>-0     [003] d...  4604.801795: sched_switch: prev_comm=swapper/3 prev_pid=0 prev_prio=120 prev_state=R ==> next_comm=brcmf_wdog/mmc1 next_pid=240 next_prio=120
 brcmf_wdog/mmc1-240   [003] d...  4604.801801: sched_switch: prev_comm=brcmf_wdog/mmc1 prev_pid=240 prev_prio=120 prev_state=S ==> next_comm=swapper/3 next_pid=0 next_prio=120
          <idle>-0     [003] d...  4604.811741: sched_switch: prev_comm=swapper/3 prev_pid=0 prev_prio=120 prev_state=R ==> next_comm=tailscaled next_pid=534 next_prio=120
      tailscaled-534   [003] ....  4604.811747: sys_exit: NR 346 = 1
      tailscaled-534   [003] ....  4604.811765: sys_enter: NR 240 (1695bd4, 81, 1, 0, 0, 0)
      tailscaled-534   [003] ....  4604.811774: sys_exit: NR 240 = 1
      tailscaled-534   [003] ....  4604.811776: sys_enter: NR 3 (c, 1bc205c, 10009, 0, 0, 0)
      tailscaled-534   [003] ....  4604.811786: sys_exit: NR 3 = 50
      tailscaled-534   [003] ....  4604.811804: sys_enter: NR 240 (18808d4, 81, 1, 0, 0, 0)
      tailscaled-534   [003] ....  4604.811809: sys_exit: NR 240 = 1
          <idle>-0     [000] d...  4604.811818: sched_switch: prev_comm=swapper/0 prev_pid=0 prev_prio=120 prev_state=R ==> next_comm=tailscaled next_pid=547 next_prio=120
      tailscaled-547   [000] ....  4604.811821: sys_exit: NR 240 = 0
      tailscaled-547   [000] ....  4604.811828: sys_enter: NR 346 (4, 1b55680, 80, 0, 0, 0)
      tailscaled-547   [000] ....  4604.811831: sys_exit: NR 346 = 0
      tailscaled-547   [000] ....  4604.811846: sys_enter: NR 346 (4, 1b55680, 80, 1ee, 0, 0)
      tailscaled-534   [003] ....  4604.811865: sys_enter: NR 240 (16927c4, 81, 1, 0, 0, 0)
      tailscaled-534   [003] ....  4604.811869: sys_exit: NR 240 = 1
      tailscaled-547   [000] d...  4604.811885: sched_switch: prev_comm=tailscaled prev_pid=547 prev_prio=120 prev_state=S ==> next_comm=tailscaled next_pid=417 next_prio=120
      tailscaled-417   [000] ....  4604.811894: sys_exit: NR 240 = 0
      tailscaled-417   [000] ....  4604.811901: sys_enter: NR 162 (1849f60, 0, 430, 14, 0, 0)
      tailscaled-417   [000] d...  4604.811910: sched_switch: prev_comm=tailscaled prev_pid=417 prev_prio=120 prev_state=S ==> next_comm=tailscaled next_pid=357 next_prio=120
      tailscaled-357   [000] ....  4604.811912: sys_exit: NR 240 = 0
      tailscaled-357   [000] ....  4604.811922: sys_enter: NR 240 (185e8d4, 81, 1, 0, 0, 0)
      tailscaled-357   [000] ....  4604.811926: sys_exit: NR 240 = 1
          <idle>-0     [001] d...  4604.811936: sched_switch: prev_comm=swapper/1 prev_pid=0 prev_prio=120 prev_state=R ==> next_comm=tailscaled next_pid=420 next_prio=120
      tailscaled-357   [000] ....  4604.811937: sys_enter: NR 3 (c, 1bc205c, 10009, 0, 0, 0)
      tailscaled-357   [000] ....  4604.811941: sys_exit: NR 3 = -11
      tailscaled-420   [001] ....  4604.811941: sys_exit: NR 240 = 0
      tailscaled-420   [001] ....  4604.811955: sys_enter: NR 158 (101, 4, 1695b44, 1, 0, 0)
      tailscaled-420   [001] ....  4604.811960: sys_exit: NR 158 = 0
      tailscaled-357   [000] ....  4604.811960: sys_enter: NR 240 (16927c4, 80, 0, 0, 0, 0)
      tailscaled-534   [003] ....  4604.811962: sys_enter: NR 374 (11, 1b20608, 1, 0, 0, 0)
      tailscaled-420   [001] ....  4604.811964: sys_enter: NR 240 (185e8d4, 80, 0, 0, 0, 0)
      tailscaled-357   [000] d...  4604.811973: sched_switch: prev_comm=tailscaled prev_pid=357 prev_prio=120 prev_state=S ==> next_comm=swapper/0 next_pid=0 next_prio=120
      tailscaled-420   [001] d...  4604.811976: sched_switch: prev_comm=tailscaled prev_pid=420 prev_prio=120 prev_state=S ==> next_comm=swapper/1 next_pid=0 next_prio=120
          <idle>-0     [000] d...  4604.811983: sched_switch: prev_comm=swapper/0 prev_pid=0 prev_prio=120 prev_state=R ==> next_comm=tailscaled next_pid=417 next_prio=120
      tailscaled-417   [000] ....  4604.811985: sys_exit: NR 162 = 0
      tailscaled-417   [000] ....  4604.811989: sys_enter: NR 162 (1849f60, 0, 430, 14, 0, 0)
      tailscaled-417   [000] d...  4604.811995: sched_switch: prev_comm=tailscaled prev_pid=417 prev_prio=120 prev_state=S ==> next_comm=swapper/0 next_pid=0 next_prio=120
      tailscaled-534   [003] d...  4604.812053: sched_switch: prev_comm=tailscaled prev_pid=534 prev_prio=120 prev_state=R+ ==> next_comm=kworker/u8:1 next_pid=1240 next_prio=120
          <idle>-0     [000] d...  4604.812070: sched_switch: prev_comm=swapper/0 prev_pid=0 prev_prio=120 prev_state=R ==> next_comm=tailscaled next_pid=417 next_prio=120
    kworker/u8:1-1240  [003] d...  4604.812076: sched_switch: prev_comm=kworker/u8:1 prev_pid=1240 prev_prio=120 prev_state=D ==> next_comm=tailscaled next_pid=534 next_prio=120
      tailscaled-534   [003] ....  4604.812078: sys_exit: NR 374 = 1
      tailscaled-417   [000] ....  4604.812084: sys_exit: NR 162 = 0
      tailscaled-417   [000] ....  4604.812087: sys_enter: NR 162 (1849f60, 0, 430, 14, 0, 0)
      tailscaled-534   [003] d...  4604.812088: sched_switch: prev_comm=tailscaled prev_pid=534 prev_prio=120 prev_state=R ==> next_comm=kworker/u8:1 next_pid=1240 next_prio=120
    kworker/u8:1-1240  [003] d...  4604.812095: sched_switch: prev_comm=kworker/u8:1 prev_pid=1240 prev_prio=120 prev_state=D ==> next_comm=tailscaled next_pid=534 next_prio=120
      tailscaled-417   [000] d...  4604.812100: sched_switch: prev_comm=tailscaled prev_pid=417 prev_prio=120 prev_state=S ==> next_comm=swapper/0 next_pid=0 next_prio=120
      tailscaled-534   [003] ....  4604.812138: sys_enter: NR 240 (1a300d4, 80, 0, 0, 0, 0)
      tailscaled-534   [003] d...  4604.812145: sched_switch: prev_comm=tailscaled prev_pid=534 prev_prio=120 prev_state=S ==> next_comm=swapper/3 next_pid=0 next_prio=120
          <idle>-0     [000] d...  4604.812169: sched_switch: prev_comm=swapper/0 prev_pid=0 prev_prio=120 prev_state=R ==> next_comm=tailscaled next_pid=417 next_prio=120
      tailscaled-417   [000] ....  4604.812171: sys_exit: NR 162 = 0
      tailscaled-417   [000] ....  4604.812178: sys_enter: NR 240 (1695bd4, 80, 0, 1849f28, 0, 0)
      tailscaled-417   [000] d...  4604.812185: sched_switch: prev_comm=tailscaled prev_pid=417 prev_prio=120 prev_state=S ==> next_comm=swapper/0 next_pid=0 next_prio=120
          <idle>-0     [003] d...  4604.815102: sched_switch: prev_comm=swapper/3 prev_pid=0 prev_prio=120 prev_state=R ==> next_comm=kworker/u8:1 next_pid=1240 next_prio=120
    kworker/u8:1-1240  [003] d...  4604.815112: sched_switch: prev_comm=kworker/u8:1 prev_pid=1240 prev_prio=120 prev_state=D ==> next_comm=swapper/3 next_pid=0 next_prio=120
          <idle>-0     [003] d...  4604.815124: sched_switch: prev_comm=swapper/3 prev_pid=0 prev_prio=120 prev_state=R ==> next_comm=kworker/u8:1 next_pid=1240 next_prio=120
    kworker/u8:1-1240  [003] d...  4604.815154: sched_switch: prev_comm=kworker/u8:1 prev_pid=1240 prev_prio=120 prev_state=D ==> next_comm=swapper/3 next_pid=0 next_prio=120
          <idle>-0     [003] d...  4604.815180: sched_switch: prev_comm=swapper/3 prev_pid=0 prev_prio=120 prev_state=R ==> next_comm=kworker/u8:1 next_pid=1240 next_prio=120
    kworker/u8:1-1240  [003] d...  4604.815197: sched_switch: prev_comm=kworker/u8:1 prev_pid=1240 prev_prio=120 prev_state=I ==> next_comm=swapper/3 next_pid=0 next_prio=120
          <idle>-0     [000] d...  4604.815199: sched_switch: prev_comm=swapper/0 prev_pid=0 prev_prio=120 prev_state=R ==> next_comm=tailscaled next_pid=547 next_prio=120
      tailscaled-547   [000] ....  4604.815204: sys_exit: NR 346 = 1
      tailscaled-547   [000] ....  4604.815213: sys_enter: NR 346 (4, 1b55680, 80, 0, 0, 0)
      tailscaled-547   [000] ....  4604.815215: sys_exit: NR 346 = 0
      tailscaled-547   [000] ....  4604.815226: sys_enter: NR 346 (4, 1b55680, 80, 1eb, 0, 0)
      tailscaled-547   [000] d...  4604.815234: sched_switch: prev_comm=tailscaled prev_pid=547 prev_prio=120 prev_state=S ==> next_comm=swapper/0 next_pid=0 next_prio=120
          <idle>-0     [000] d...  4604.827153: sched_switch: prev_comm=swapper/0 prev_pid=0 prev_prio=120 prev_state=R ==> next_comm=vncagent next_pid=512 next_prio=120
        vncagent-512   [000] ....  4604.827165: sys_exit: NR 142 = 0
        vncagent-512   [000] ....  4604.827179: sys_enter: NR 168 (7efe3304, 1, ffffffff, 0, 1b737a0, 1b737a0)
        vncagent-512   [000] ....  4604.827183: sys_exit: NR 168 = 1
        vncagent-512   [000] ....  4604.827186: sys_enter: NR 146 (3, 7efe33fc, 3, 0, 0, 1b737a0)
        vncagent-512   [000] ....  4604.827205: sys_exit: NR 146 = 8
          <idle>-0     [003] d...  4604.827212: sched_switch: prev_comm=swapper/3 prev_pid=0 prev_prio=120 prev_state=R ==> next_comm=Xorg next_pid=493 next_prio=120
        vncagent-512   [000] ....  4604.827216: sys_enter: NR 168 (7efe32ec, 1, ffffffff, 0, 7efe3470, 1b737a0)
            Xorg-493   [003] ....  4604.827220: sys_exit: NR 252 = 1
        vncagent-512   [000] d...  4604.827223: sched_switch: prev_comm=vncagent prev_pid=512 prev_prio=120 prev_state=S ==> next_comm=swapper/0 next_pid=0 next_prio=120
            Xorg-493   [003] ....  4604.827232: sys_enter: NR 104 (0, 7ec13be4, 0, 1388, 76f94968, 1)
            Xorg-493   [003] ....  4604.827236: sys_exit: NR 104 = 0
            Xorg-493   [003] ....  4604.827243: sys_enter: NR 297 (12, 7ec139cc, 0, 0, 0, 7ec139cc)
            Xorg-493   [003] ....  4604.827256: sys_exit: NR 297 = 8
            Xorg-493   [003] ....  4604.827278: sys_enter: NR 146 (12, 7ec13b54, 1, 0, 1, 7ec13b54)
            Xorg-493   [003] ....  4604.827290: sys_exit: NR 146 = 32
            Xorg-493   [003] ....  4604.827292: sys_enter: NR 297 (12, 7ec139cc, 0, 0, 0, 7ec139cc)
            Xorg-493   [003] ....  4604.827294: sys_exit: NR 297 = -11
          <idle>-0     [000] d...  4604.827296: sched_switch: prev_comm=swapper/0 prev_pid=0 prev_prio=120 prev_state=R ==> next_comm=vncagent next_pid=512 next_prio=120
            Xorg-493   [003] ....  4604.827297: sys_enter: NR 104 (0, 7ec13be4, 0, 0, 76f94968, 212b8c)
        vncagent-512   [000] ....  4604.827299: sys_exit: NR 168 = 1
            Xorg-493   [003] ....  4604.827299: sys_exit: NR 104 = 0
        vncagent-512   [000] ....  4604.827301: sys_enter: NR 297 (3, 7efe324c, 0, 0, 1b747a0, 1b737a0)
            Xorg-493   [003] ....  4604.827304: sys_enter: NR 252 (3, 7ec12be0, 100, 1b78f, 1b78f, 100)
        vncagent-512   [000] ....  4604.827308: sys_exit: NR 297 = 32
            Xorg-493   [003] d...  4604.827314: sched_switch: prev_comm=Xorg prev_pid=493 prev_prio=120 prev_state=S ==> next_comm=swapper/3 next_pid=0 next_prio=120
        vncagent-512   [000] ....  4604.827329: sys_enter: NR 297 (3, 7efe362c, 0, 0, 1b747a0, 1)
        vncagent-512   [000] ....  4604.827331: sys_exit: NR 297 = -11
        vncagent-512   [000] ....  4604.827333: sys_enter: NR 297 (3, 7efe364c, 0, 0, 1b747a0, 7efe3724)
        vncagent-512   [000] ....  4604.827335: sys_exit: NR 297 = -11
        vncagent-512   [000] ....  4604.827340: sys_enter: NR 142 (e, 7efe3630, 7efe36b0, 7efe3730, 7efe3628, 7efe36ac)
        vncagent-512   [000] d...  4604.827351: sched_switch: prev_comm=vncagent prev_pid=512 prev_prio=120 prev_state=S ==> next_comm=swapper/0 next_pid=0 next_prio=120
          <idle>-0     [003] d...  4604.831716: sched_switch: prev_comm=swapper/3 prev_pid=0 prev_prio=120 prev_state=R ==> next_comm=brcmf_wdog/mmc1 next_pid=240 next_prio=120
 brcmf_wdog/mmc1-240   [003] d...  4604.831724: sched_switch: prev_comm=brcmf_wdog/mmc1 prev_pid=240 prev_prio=120 prev_state=S ==> next_comm=swapper/3 next_pid=0 next_prio=120
          <idle>-0     [003] d...  4604.851706: sched_switch: prev_comm=swapper/3 prev_pid=0 prev_prio=120 prev_state=R ==> next_comm=brcmf_wdog/mmc1 next_pid=240 next_prio=120
 brcmf_wdog/mmc1-240   [003] d...  4604.851733: sched_switch: prev_comm=brcmf_wdog/mmc1 prev_pid=240 prev_prio=120 prev_state=D ==> next_comm=swapper/3 next_pid=0 next_prio=120
          <idle>-0     [003] d...  4604.851747: sched_switch: prev_comm=swapper/3 prev_pid=0 prev_prio=120 prev_state=R ==> next_comm=brcmf_wdog/mmc1 next_pid=240 next_prio=120
 brcmf_wdog/mmc1-240   [003] d...  4604.851756: sched_switch: prev_comm=brcmf_wdog/mmc1 prev_pid=240 prev_prio=120 prev_state=D ==> next_comm=swapper/3 next_pid=0 next_prio=120
          <idle>-0     [003] d...  4604.851768: sched_switch: prev_comm=swapper/3 prev_pid=0 prev_prio=120 prev_state=R ==> next_comm=brcmf_wdog/mmc1 next_pid=240 next_prio=120
 brcmf_wdog/mmc1-240   [003] d...  4604.851776: sched_switch: prev_comm=brcmf_wdog/mmc1 prev_pid=240 prev_prio=120 prev_state=D ==> next_comm=swapper/3 next_pid=0 next_prio=120
          <idle>-0     [003] d...  4604.851788: sched_switch: prev_comm=swapper/3 prev_pid=0 prev_prio=120 prev_state=R ==> next_comm=brcmf_wdog/mmc1 next_pid=240 next_prio=120
 brcmf_wdog/mmc1-240   [003] d...  4604.851793: sched_switch: prev_comm=brcmf_wdog/mmc1 prev_pid=240 prev_prio=120 prev_state=S ==> next_comm=swapper/3 next_pid=0 next_prio=120
          <idle>-0     [003] d...  4604.889980: sched_switch: prev_comm=swapper/3 prev_pid=0 prev_prio=120 prev_state=R ==> next_comm=systemd-journal next_pid=129 next_prio=120
 systemd-journal-129   [003] ....  4604.889987: sys_exit: NR 252 = 1
 systemd-journal-129   [003] ....  4604.890009: sys_enter: NR 263 (7, 7eef04a4, 728bc50f, 7ef1e450, 7eef04a4, 7)
 systemd-journal-129   [003] ....  4604.890013: sys_exit: NR 263 = 0
 systemd-journal-129   [003] ....  4604.890019: sys_enter: NR 3 (e, 7eef04b0, 8, 0, 76fb9968, 164a930)
 systemd-journal-129   [003] ....  4604.890023: sys_exit: NR 3 = 8
 systemd-journal-129   [003] ....  4604.890048: sys_enter: NR 194 (f, 0, 5ca000, 0, 164e058, 3)
 systemd-journal-129   [003] ....  4604.890065: sys_exit: NR 194 = 0
 systemd-journal-129   [003] ....  4604.890085: sys_enter: NR 353 (e, 1, 7eef07a4, 0, 7eef07a4, 164a920)
 systemd-journal-129   [003] ....  4604.890091: sys_exit: NR 353 = 0
 systemd-journal-129   [003] ....  4604.890099: sys_enter: NR 252 (7, 7eef04d8, 26, ffffffff, 164a8c8, 1)
 systemd-journal-129   [003] d...  4604.890108: sched_switch: prev_comm=systemd-journal prev_pid=129 prev_prio=120 prev_state=S ==> next_comm=swapper/3 next_pid=0 next_prio=120
          <idle>-0     [002] d...  4604.901710: sched_switch: prev_comm=swapper/2 prev_pid=0 prev_prio=120 prev_state=R ==> next_comm=kworker/2:2 next_pid=1529 next_prio=120
     kworker/2:2-1529  [002] d...  4604.901745: sched_switch: prev_comm=kworker/2:2 prev_pid=1529 prev_prio=120 prev_state=D ==> next_comm=ksoftirqd/2 next_pid=21 next_prio=120
     ksoftirqd/2-21    [002] d...  4604.901759: sched_switch: prev_comm=ksoftirqd/2 prev_pid=21 prev_prio=120 prev_state=S ==> next_comm=kworker/2:0 next_pid=1335 next_prio=120
     kworker/2:0-1335  [002] d...  4604.901767: sched_switch: prev_comm=kworker/2:0 prev_pid=1335 prev_prio=120 prev_state=I ==> next_comm=kworker/2:2 next_pid=1529 next_prio=120
     kworker/2:2-1529  [002] d...  4604.901796: sched_switch: prev_comm=kworker/2:2 prev_pid=1529 prev_prio=120 prev_state=I ==> next_comm=swapper/2 next_pid=0 next_prio=120
          <idle>-0     [000] d...  4604.926454: sched_switch: prev_comm=swapper/0 prev_pid=0 prev_prio=120 prev_state=R ==> next_comm=vncagent next_pid=512 next_prio=120
        vncagent-512   [000] ....  4604.926460: sys_exit: NR 142 = 0
        vncagent-512   [000] ....  4604.926465: sys_enter: NR 168 (7efe3304, 1, ffffffff, 0, 1b737a0, 1b737a0)
        vncagent-512   [000] ....  4604.926468: sys_exit: NR 168 = 1
        vncagent-512   [000] ....  4604.926469: sys_enter: NR 146 (3, 7efe33fc, 3, 0, 0, 1b737a0)
        vncagent-512   [000] ....  4604.926479: sys_exit: NR 146 = 8
        vncagent-512   [000] ....  4604.926484: sys_enter: NR 168 (7efe32ec, 1, ffffffff, 0, 7efe3470, 1b737a0)
          <idle>-0     [003] d...  4604.926488: sched_switch: prev_comm=swapper/3 prev_pid=0 prev_prio=120 prev_state=R ==> next_comm=Xorg next_pid=493 next_prio=120
        vncagent-512   [000] d...  4604.926490: sched_switch: prev_comm=vncagent prev_pid=512 prev_prio=120 prev_state=S ==> next_comm=swapper/0 next_pid=0 next_prio=120
            Xorg-493   [003] ....  4604.926493: sys_exit: NR 252 = 1
            Xorg-493   [003] ....  4604.926497: sys_enter: NR 104 (0, 7ec13be4, 0, 1388, 76f94968, 1)
            Xorg-493   [003] ....  4604.926500: sys_exit: NR 104 = 0
            Xorg-493   [003] ....  4604.926503: sys_enter: NR 297 (12, 7ec139cc, 0, 0, 0, 7ec139cc)
            Xorg-493   [003] ....  4604.926510: sys_exit: NR 297 = 8
            Xorg-493   [003] ....  4604.926522: sys_enter: NR 146 (12, 7ec13b54, 1, 0, 1, 7ec13b54)
            Xorg-493   [003] ....  4604.926531: sys_exit: NR 146 = 32
            Xorg-493   [003] ....  4604.926533: sys_enter: NR 297 (12, 7ec139cc, 0, 0, 0, 7ec139cc)
            Xorg-493   [003] ....  4604.926536: sys_exit: NR 297 = -11
            Xorg-493   [003] ....  4604.926537: sys_enter: NR 104 (0, 7ec13be4, 0, 0, 76f94968, 212b8c)
          <idle>-0     [000] d...  4604.926538: sched_switch: prev_comm=swapper/0 prev_pid=0 prev_prio=120 prev_state=R ==> next_comm=vncagent next_pid=512 next_prio=120
            Xorg-493   [003] ....  4604.926540: sys_exit: NR 104 = 0
        vncagent-512   [000] ....  4604.926541: sys_exit: NR 168 = 1
        vncagent-512   [000] ....  4604.926542: sys_enter: NR 297 (3, 7efe324c, 0, 0, 1b747a0, 1b737a0)
            Xorg-493   [003] ....  4604.926543: sys_enter: NR 252 (3, 7ec12be0, 100, 1b72c, 1b72c, 100)
        vncagent-512   [000] ....  4604.926548: sys_exit: NR 297 = 32
            Xorg-493   [003] d...  4604.926550: sched_switch: prev_comm=Xorg prev_pid=493 prev_prio=120 prev_state=S ==> next_comm=swapper/3 next_pid=0 next_prio=120
        vncagent-512   [000] ....  4604.926559: sys_enter: NR 297 (3, 7efe362c, 0, 0, 1b747a0, 1)
        vncagent-512   [000] ....  4604.926561: sys_exit: NR 297 = -11
        vncagent-512   [000] ....  4604.926563: sys_enter: NR 297 (3, 7efe364c, 0, 0, 1b747a0, 7efe3724)
        vncagent-512   [000] ....  4604.926565: sys_exit: NR 297 = -11
        vncagent-512   [000] ....  4604.926568: sys_enter: NR 142 (e, 7efe3630, 7efe36b0, 7efe3730, 7efe3628, 7efe36ac)
        vncagent-512   [000] d...  4604.926578: sched_switch: prev_comm=vncagent prev_pid=512 prev_prio=120 prev_state=S ==> next_comm=swapper/0 next_pid=0 next_prio=120
          <idle>-0     [002] d...  4604.981708: sched_switch: prev_comm=swapper/2 prev_pid=0 prev_prio=120 prev_state=R ==> next_comm=kworker/2:2 next_pid=1529 next_prio=120
     kworker/2:2-1529  [002] d...  4604.981726: sched_switch: prev_comm=kworker/2:2 prev_pid=1529 prev_prio=120 prev_state=I ==> next_comm=swapper/2 next_pid=0 next_prio=120
          <idle>-0     [002] d...  4604.993245: sched_switch: prev_comm=swapper/2 prev_pid=0 prev_prio=120 prev_state=R ==> next_comm=rngd next_pid=355 next_prio=120
            rngd-355   [002] d...  4604.993253: sched_switch: prev_comm=rngd prev_pid=355 prev_prio=120 prev_state=S ==> next_comm=swapper/2 next_pid=0 next_prio=120
          <idle>-0     [000] d...  4605.026682: sched_switch: prev_comm=swapper/0 prev_pid=0 prev_prio=120 prev_state=R ==> next_comm=vncagent next_pid=512 next_prio=120
        vncagent-512   [000] ....  4605.026688: sys_exit: NR 142 = 0
        vncagent-512   [000] ....  4605.026691: sys_enter: NR 168 (7efe3304, 1, ffffffff, 0, 1b737a0, 1b737a0)
        vncagent-512   [000] ....  4605.026694: sys_exit: NR 168 = 1
        vncagent-512   [000] ....  4605.026695: sys_enter: NR 146 (3, 7efe33fc, 3, 0, 0, 1b737a0)
        vncagent-512   [000] ....  4605.026703: sys_exit: NR 146 = 8
        vncagent-512   [000] ....  4605.026707: sys_enter: NR 168 (7efe32ec, 1, ffffffff, 0, 7efe3470, 1b737a0)
          <idle>-0     [003] d...  4605.026712: sched_switch: prev_comm=swapper/3 prev_pid=0 prev_prio=120 prev_state=R ==> next_comm=Xorg next_pid=493 next_prio=120
            Xorg-493   [003] ....  4605.026716: sys_exit: NR 252 = 1
        vncagent-512   [000] d...  4605.026717: sched_switch: prev_comm=vncagent prev_pid=512 prev_prio=120 prev_state=S ==> next_comm=swapper/0 next_pid=0 next_prio=120
            Xorg-493   [003] ....  4605.026718: sys_enter: NR 104 (0, 7ec13be4, 0, 1388, 76f94968, 1)
            Xorg-493   [003] ....  4605.026721: sys_exit: NR 104 = 0
            Xorg-493   [003] ....  4605.026722: sys_enter: NR 297 (12, 7ec139cc, 0, 0, 0, 7ec139cc)
            Xorg-493   [003] ....  4605.026728: sys_exit: NR 297 = 8
            Xorg-493   [003] ....  4605.026734: sys_enter: NR 146 (12, 7ec13b54, 1, 0, 1, 7ec13b54)
            Xorg-493   [003] ....  4605.026741: sys_exit: NR 146 = 32
            Xorg-493   [003] ....  4605.026743: sys_enter: NR 297 (12, 7ec139cc, 0, 0, 0, 7ec139cc)
            Xorg-493   [003] ....  4605.026745: sys_exit: NR 297 = -11
            Xorg-493   [003] ....  4605.026747: sys_enter: NR 104 (0, 7ec13be4, 0, 0, 76f94968, 212b8c)
          <idle>-0     [000] d...  4605.026748: sched_switch: prev_comm=swapper/0 prev_pid=0 prev_prio=120 prev_state=R ==> next_comm=vncagent next_pid=512 next_prio=120
            Xorg-493   [003] ....  4605.026749: sys_exit: NR 104 = 0
            Xorg-493   [003] ....  4605.026751: sys_enter: NR 252 (3, 7ec12be0, 100, 1b6c7, 1b6c7, 100)
        vncagent-512   [000] ....  4605.026751: sys_exit: NR 168 = 1
        vncagent-512   [000] ....  4605.026753: sys_enter: NR 297 (3, 7efe324c, 0, 0, 1b747a0, 1b737a0)
            Xorg-493   [003] d...  4605.026757: sched_switch: prev_comm=Xorg prev_pid=493 prev_prio=120 prev_state=S ==> next_comm=swapper/3 next_pid=0 next_prio=120
        vncagent-512   [000] ....  4605.026759: sys_exit: NR 297 = 32
        vncagent-512   [000] ....  4605.026766: sys_enter: NR 297 (3, 7efe362c, 0, 0, 1b747a0, 1)
        vncagent-512   [000] ....  4605.026768: sys_exit: NR 297 = -11
        vncagent-512   [000] ....  4605.026770: sys_enter: NR 297 (3, 7efe364c, 0, 0, 1b747a0, 7efe3724)
        vncagent-512   [000] ....  4605.026772: sys_exit: NR 297 = -11
        vncagent-512   [000] ....  4605.026775: sys_enter: NR 142 (e, 7efe3630, 7efe36b0, 7efe3730, 7efe3628, 7efe36ac)
        vncagent-512   [000] d...  4605.026784: sched_switch: prev_comm=vncagent prev_pid=512 prev_prio=120 prev_state=S ==> next_comm=swapper/0 next_pid=0 next_prio=120
          <idle>-0     [000] d...  4605.126890: sched_switch: prev_comm=swapper/0 prev_pid=0 prev_prio=120 prev_state=R ==> next_comm=vncagent next_pid=512 next_prio=120
        vncagent-512   [000] ....  4605.126895: sys_exit: NR 142 = 0
        vncagent-512   [000] ....  4605.126899: sys_enter: NR 168 (7efe3304, 1, ffffffff, 0, 1b737a0, 1b737a0)
        vncagent-512   [000] ....  4605.126901: sys_exit: NR 168 = 1
        vncagent-512   [000] ....  4605.126902: sys_enter: NR 146 (3, 7efe33fc, 3, 0, 0, 1b737a0)
        vncagent-512   [000] ....  4605.126910: sys_exit: NR 146 = 8
        vncagent-512   [000] ....  4605.126913: sys_enter: NR 168 (7efe32ec, 1, ffffffff, 0, 7efe3470, 1b737a0)
          <idle>-0     [003] d...  4605.126919: sched_switch: prev_comm=swapper/3 prev_pid=0 prev_prio=120 prev_state=R ==> next_comm=Xorg next_pid=493 next_prio=120
        vncagent-512   [000] d...  4605.126921: sched_switch: prev_comm=vncagent prev_pid=512 prev_prio=120 prev_state=S ==> next_comm=swapper/0 next_pid=0 next_prio=120
            Xorg-493   [003] ....  4605.126923: sys_exit: NR 252 = 1
            Xorg-493   [003] ....  4605.126924: sys_enter: NR 104 (0, 7ec13be4, 0, 1388, 76f94968, 1)
            Xorg-493   [003] ....  4605.126927: sys_exit: NR 104 = 0
            Xorg-493   [003] ....  4605.126928: sys_enter: NR 297 (12, 7ec139cc, 0, 0, 0, 7ec139cc)
            Xorg-493   [003] ....  4605.126934: sys_exit: NR 297 = 8
            Xorg-493   [003] ....  4605.126938: sys_enter: NR 146 (12, 7ec13b54, 1, 0, 1, 7ec13b54)
            Xorg-493   [003] ....  4605.126946: sys_exit: NR 146 = 32
            Xorg-493   [003] ....  4605.126947: sys_enter: NR 297 (12, 7ec139cc, 0, 0, 0, 7ec139cc)
            Xorg-493   [003] ....  4605.126949: sys_exit: NR 297 = -11
            Xorg-493   [003] ....  4605.126951: sys_enter: NR 104 (0, 7ec13be4, 0, 0, 76f94968, 212b8c)
          <idle>-0     [000] d...  4605.126953: sched_switch: prev_comm=swapper/0 prev_pid=0 prev_prio=120 prev_state=R ==> next_comm=vncagent next_pid=512 next_prio=120
            Xorg-493   [003] ....  4605.126953: sys_exit: NR 104 = 0
            Xorg-493   [003] ....  4605.126955: sys_enter: NR 252 (3, 7ec12be0, 100, 1b663, 1b663, 100)
        vncagent-512   [000] ....  4605.126955: sys_exit: NR 168 = 1
        vncagent-512   [000] ....  4605.126957: sys_enter: NR 297 (3, 7efe324c, 0, 0, 1b747a0, 1b737a0)
            Xorg-493   [003] d...  4605.126961: sched_switch: prev_comm=Xorg prev_pid=493 prev_prio=120 prev_state=S ==> next_comm=swapper/3 next_pid=0 next_prio=120
        vncagent-512   [000] ....  4605.126963: sys_exit: NR 297 = 32
        vncagent-512   [000] ....  4605.126970: sys_enter: NR 297 (3, 7efe362c, 0, 0, 1b747a0, 1)
        vncagent-512   [000] ....  4605.126972: sys_exit: NR 297 = -11
        vncagent-512   [000] ....  4605.126974: sys_enter: NR 297 (3, 7efe364c, 0, 0, 1b747a0, 7efe3724)
        vncagent-512   [000] ....  4605.126976: sys_exit: NR 297 = -11
        vncagent-512   [000] ....  4605.126979: sys_enter: NR 142 (e, 7efe3630, 7efe36b0, 7efe3730, 7efe3628, 7efe36ac)
        vncagent-512   [000] d...  4605.126988: sched_switch: prev_comm=vncagent prev_pid=512 prev_prio=120 prev_state=S ==> next_comm=swapper/0 next_pid=0 next_prio=120
          <idle>-0     [003] d...  4605.201876: sched_switch: prev_comm=swapper/3 prev_pid=0 prev_prio=120 prev_state=R ==> next_comm=lxpanel next_pid=687 next_prio=120
         lxpanel-687   [003] ....  4605.201890: sys_exit: NR 168 = 0
         lxpanel-687   [003] ....  4605.201936: sys_enter: NR 297 (3, 7e9e965c, 0, 0, 0, 7e9e965c)
         lxpanel-687   [003] ....  4605.201939: sys_exit: NR 297 = -11
         lxpanel-687   [003] ....  4605.201947: sys_enter: NR 168 (18b63d0, 5, 258, 0, 258, 5)
         lxpanel-687   [003] d...  4605.201960: sched_switch: prev_comm=lxpanel prev_pid=687 prev_prio=120 prev_state=S ==> next_comm=kworker/3:1 next_pid=34 next_prio=120
     kworker/3:1-34    [003] d...  4605.202015: sched_switch: prev_comm=kworker/3:1 prev_pid=34 prev_prio=120 prev_state=D ==> next_comm=swapper/3 next_pid=0 next_prio=120
          <idle>-0     [003] d...  4605.203292: sched_switch: prev_comm=swapper/3 prev_pid=0 prev_prio=120 prev_state=R ==> next_comm=kworker/3:1 next_pid=34 next_prio=120
     kworker/3:1-34    [003] d...  4605.203323: sched_switch: prev_comm=kworker/3:1 prev_pid=34 prev_prio=120 prev_state=I ==> next_comm=swapper/3 next_pid=0 next_prio=120
          <idle>-0     [000] d...  4605.227105: sched_switch: prev_comm=swapper/0 prev_pid=0 prev_prio=120 prev_state=R ==> next_comm=vncagent next_pid=512 next_prio=120
        vncagent-512   [000] ....  4605.227116: sys_exit: NR 142 = 0
        vncagent-512   [000] ....  4605.227122: sys_enter: NR 168 (7efe3304, 1, ffffffff, 0, 1b737a0, 1b737a0)
        vncagent-512   [000] ....  4605.227127: sys_exit: NR 168 = 1
        vncagent-512   [000] ....  4605.227129: sys_enter: NR 146 (3, 7efe33fc, 3, 0, 0, 1b737a0)
        vncagent-512   [000] ....  4605.227145: sys_exit: NR 146 = 8
        vncagent-512   [000] ....  4605.227152: sys_enter: NR 168 (7efe32ec, 1, ffffffff, 0, 7efe3470, 1b737a0)
          <idle>-0     [003] d...  4605.227162: sched_switch: prev_comm=swapper/3 prev_pid=0 prev_prio=120 prev_state=R ==> next_comm=Xorg next_pid=493 next_prio=120
        vncagent-512   [000] d...  4605.227163: sched_switch: prev_comm=vncagent prev_pid=512 prev_prio=120 prev_state=S ==> next_comm=swapper/0 next_pid=0 next_prio=120
            Xorg-493   [003] ....  4605.227171: sys_exit: NR 252 = 1
            Xorg-493   [003] ....  4605.227177: sys_enter: NR 104 (0, 7ec13be4, 0, 1388, 76f94968, 1)
            Xorg-493   [003] ....  4605.227181: sys_exit: NR 104 = 0
            Xorg-493   [003] ....  4605.227186: sys_enter: NR 297 (12, 7ec139cc, 0, 0, 0, 7ec139cc)
            Xorg-493   [003] ....  4605.227198: sys_exit: NR 297 = 8
            Xorg-493   [003] ....  4605.227209: sys_enter: NR 146 (12, 7ec13b54, 1, 0, 1, 7ec13b54)
            Xorg-493   [003] ....  4605.227224: sys_exit: NR 146 = 32
            Xorg-493   [003] ....  4605.227228: sys_enter: NR 297 (12, 7ec139cc, 0, 0, 0, 7ec139cc)
            Xorg-493   [003] ....  4605.227232: sys_exit: NR 297 = -11
            Xorg-493   [003] ....  4605.227235: sys_enter: NR 104 (0, 7ec13be4, 0, 0, 76f94968, 212b8c)
          <idle>-0     [000] d...  4605.227237: sched_switch: prev_comm=swapper/0 prev_pid=0 prev_prio=120 prev_state=R ==> next_comm=vncagent next_pid=512 next_prio=120
            Xorg-493   [003] ....  4605.227239: sys_exit: NR 104 = 0
        vncagent-512   [000] ....  4605.227243: sys_exit: NR 168 = 1
            Xorg-493   [003] ....  4605.227243: sys_enter: NR 252 (3, 7ec12be0, 100, 1b5ff, 1b5ff, 100)
        vncagent-512   [000] ....  4605.227246: sys_enter: NR 297 (3, 7efe324c, 0, 0, 1b747a0, 1b737a0)
        vncagent-512   [000] ....  4605.227257: sys_exit: NR 297 = 32
            Xorg-493   [003] d...  4605.227258: sched_switch: prev_comm=Xorg prev_pid=493 prev_prio=120 prev_state=S ==> next_comm=swapper/3 next_pid=0 next_prio=120
        vncagent-512   [000] ....  4605.227271: sys_enter: NR 297 (3, 7efe362c, 0, 0, 1b747a0, 1)
        vncagent-512   [000] ....  4605.227276: sys_exit: NR 297 = -11
        vncagent-512   [000] ....  4605.227279: sys_enter: NR 297 (3, 7efe364c, 0, 0, 1b747a0, 7efe3724)
        vncagent-512   [000] ....  4605.227282: sys_exit: NR 297 = -11
        vncagent-512   [000] ....  4605.227289: sys_enter: NR 142 (e, 7efe3630, 7efe36b0, 7efe3730, 7efe3628, 7efe36ac)
        vncagent-512   [000] d...  4605.227308: sched_switch: prev_comm=vncagent prev_pid=512 prev_prio=120 prev_state=S ==> next_comm=swapper/0 next_pid=0 next_prio=120
          <idle>-0     [002] d...  4605.241135: sched_switch: prev_comm=swapper/2 prev_pid=0 prev_prio=120 prev_state=R ==> next_comm=rngd next_pid=355 next_prio=120
            rngd-355   [002] d...  4605.241149: sched_switch: prev_comm=rngd prev_pid=355 prev_prio=120 prev_state=S ==> next_comm=swapper/2 next_pid=0 next_prio=120
          <idle>-0     [000] d...  4605.276573: sched_switch: prev_comm=swapper/0 prev_pid=0 prev_prio=120 prev_state=R ==> next_comm=vncserver-x11-c next_pid=452 next_prio=120
 vncserver-x11-c-452   [000] ....  4605.276614: sys_exit: NR 142 = 0
 vncserver-x11-c-452   [000] ....  4605.276639: sys_enter: NR 142 (11, 7e887328, 7e8873a8, 7e887428, 7e887320, 7e8873a8)
 vncserver-x11-c-452   [000] d...  4605.276686: sched_switch: prev_comm=vncserver-x11-c prev_pid=452 prev_prio=120 prev_state=S ==> next_comm=swapper/0 next_pid=0 next_prio=120
          <idle>-0     [000] d...  4605.306586: sched_switch: prev_comm=swapper/0 prev_pid=0 prev_prio=120 prev_state=R ==> next_comm=kworker/0:0 next_pid=1247 next_prio=120
     kworker/0:0-1247  [000] d...  4605.306609: sched_switch: prev_comm=kworker/0:0 prev_pid=1247 prev_prio=120 prev_state=I ==> next_comm=tailscaled next_pid=417 next_prio=120
      tailscaled-417   [000] ....  4605.306617: sys_exit: NR 240 = -110
      tailscaled-417   [000] ....  4605.306635: sys_enter: NR 162 (1849f60, 0, 430, 14, 0, 0)
      tailscaled-417   [000] d...  4605.306652: sched_switch: prev_comm=tailscaled prev_pid=417 prev_prio=120 prev_state=S ==> next_comm=tailscaled next_pid=547 next_prio=120
      tailscaled-547   [000] ....  4605.306658: sys_exit: NR 346 = 0
      tailscaled-547   [000] ....  4605.306735: sys_enter: NR 240 (1a300d4, 81, 1, 0, 0, 0)
      tailscaled-547   [000] ....  4605.306746: sys_exit: NR 240 = 1
          <idle>-0     [003] d...  4605.306768: sched_switch: prev_comm=swapper/3 prev_pid=0 prev_prio=120 prev_state=R ==> next_comm=tailscaled next_pid=534 next_prio=120
      tailscaled-534   [003] ....  4605.306775: sys_exit: NR 240 = 0
      tailscaled-547   [000] ....  4605.306777: sys_enter: NR 384 (1aa5e18, c, 0, 0, 0, 0)
      tailscaled-547   [000] ....  4605.306787: sys_exit: NR 384 = 12
      tailscaled-534   [003] ....  4605.306788: sys_enter: NR 346 (4, 1c8b680, 80, 0, 0, 0)
      tailscaled-534   [003] ....  4605.306792: sys_exit: NR 346 = 0
      tailscaled-534   [003] ....  4605.306821: sys_enter: NR 346 (4, 1c8b680, 80, 79, 0, 0)
      tailscaled-547   [000] ....  4605.306841: sys_enter: NR 240 (185e8d4, 81, 1, 0, 0, 0)
      tailscaled-547   [000] ....  4605.306848: sys_exit: NR 240 = 1
      tailscaled-534   [003] d...  4605.306853: sched_switch: prev_comm=tailscaled prev_pid=534 prev_prio=120 prev_state=S ==> next_comm=swapper/3 next_pid=0 next_prio=120
          <idle>-0     [001] d...  4605.306871: sched_switch: prev_comm=swapper/1 prev_pid=0 prev_prio=120 prev_state=R ==> next_comm=tailscaled next_pid=420 next_prio=120
      tailscaled-420   [001] ....  4605.306877: sys_exit: NR 240 = 0
      tailscaled-420   [001] ....  4605.306903: sys_enter: NR 240 (185e8d4, 80, 0, 0, 0, 0)
      tailscaled-420   [001] d...  4605.306926: sched_switch: prev_comm=tailscaled prev_pid=420 prev_prio=120 prev_state=S ==> next_comm=swapper/1 next_pid=0 next_prio=120
      tailscaled-547   [000] ....  4605.306949: sys_enter: NR 384 (1840288, 18, 0, 0, 0, 0)
      tailscaled-547   [000] ....  4605.306957: sys_exit: NR 384 = 24
      tailscaled-547   [000] ....  4605.307016: sys_enter: NR 290 (11, 1b5e000, 7c, 0, 498590c, 10)
      tailscaled-547   [000] ....  4605.307159: sys_exit: NR 290 = 124
          <idle>-0     [003] d...  4605.307170: sched_switch: prev_comm=swapper/3 prev_pid=0 prev_prio=120 prev_state=R ==> next_comm=kworker/u8:1 next_pid=1240 next_prio=120
    kworker/u8:1-1240  [003] d...  4605.307212: sched_switch: prev_comm=kworker/u8:1 prev_pid=1240 prev_prio=120 prev_state=D ==> next_comm=swapper/3 next_pid=0 next_prio=120
      tailscaled-547   [000] ....  4605.307223: sys_enter: NR 240 (18808d4, 80, 0, 0, 0, 0)
          <idle>-0     [003] d...  4605.307238: sched_switch: prev_comm=swapper/3 prev_pid=0 prev_prio=120 prev_state=R ==> next_comm=kworker/u8:1 next_pid=1240 next_prio=120
      tailscaled-547   [000] d...  4605.307242: sched_switch: prev_comm=tailscaled prev_pid=547 prev_prio=120 prev_state=S ==> next_comm=tailscaled next_pid=417 next_prio=120
      tailscaled-417   [000] ....  4605.307247: sys_exit: NR 162 = 0
      tailscaled-417   [000] ....  4605.307257: sys_enter: NR 240 (1695bd4, 80, 0, 1849f28, 0, 0)
    kworker/u8:1-1240  [003] d...  4605.307258: sched_switch: prev_comm=kworker/u8:1 prev_pid=1240 prev_prio=120 prev_state=D ==> next_comm=swapper/3 next_pid=0 next_prio=120
      tailscaled-417   [000] d...  4605.307271: sched_switch: prev_comm=tailscaled prev_pid=417 prev_prio=120 prev_state=S ==> next_comm=swapper/0 next_pid=0 next_prio=120
          <idle>-0     [003] d...  4605.310262: sched_switch: prev_comm=swapper/3 prev_pid=0 prev_prio=120 prev_state=R ==> next_comm=kworker/u8:1 next_pid=1240 next_prio=120
    kworker/u8:1-1240  [003] d...  4605.310278: sched_switch: prev_comm=kworker/u8:1 prev_pid=1240 prev_prio=120 prev_state=D ==> next_comm=swapper/3 next_pid=0 next_prio=120
          <idle>-0     [003] d...  4605.310302: sched_switch: prev_comm=swapper/3 prev_pid=0 prev_prio=120 prev_state=R ==> next_comm=kworker/u8:1 next_pid=1240 next_prio=120
    kworker/u8:1-1240  [003] d...  4605.310348: sched_switch: prev_comm=kworker/u8:1 prev_pid=1240 prev_prio=120 prev_state=D ==> next_comm=swapper/3 next_pid=0 next_prio=120
