          <idle>-0     [002] dnh.   378.220494: sched_wakeup: comm=kworker/u8:2 pid=126 prio=120 target_cpu=002
          <idle>-0     [002] d...   378.220499: sched_switch: prev_comm=swapper/2 prev_pid=0 prev_prio=120 prev_state=R ==> next_comm=kworker/u8:2 next_pid=126 next_prio=120
    kworker/u8:2-126   [002] d...   378.220516: sched_switch: prev_comm=kworker/u8:2 prev_pid=126 prev_prio=120 prev_state=D ==> next_comm=swapper/2 next_pid=0 next_prio=120
          <idle>-0     [002] dnh.   378.220551: sched_wakeup: comm=kworker/u8:2 pid=126 prio=120 target_cpu=002
          <idle>-0     [002] d...   378.220557: sched_switch: prev_comm=swapper/2 prev_pid=0 prev_prio=120 prev_state=R ==> next_comm=kworker/u8:2 next_pid=126 next_prio=120
    kworker/u8:2-126   [002] dn..   378.220565: sched_wakeup: comm=kworker/2:2 pid=74 prio=120 target_cpu=002
    kworker/u8:2-126   [002] d...   378.220569: sched_switch: prev_comm=kworker/u8:2 prev_pid=126 prev_prio=120 prev_state=R+ ==> next_comm=kworker/2:2 next_pid=74 next_prio=120
     kworker/2:2-74    [002] d...   378.220578: sched_switch: prev_comm=kworker/2:2 prev_pid=74 prev_prio=120 prev_state=I ==> next_comm=kworker/u8:2 next_pid=126 next_prio=120
    kworker/u8:2-126   [002] d...   378.220605: sched_switch: prev_comm=kworker/u8:2 prev_pid=126 prev_prio=120 prev_state=D ==> next_comm=swapper/2 next_pid=0 next_prio=120
          <idle>-0     [002] dnh.   378.220610: sched_wakeup: comm=kworker/u8:2 pid=126 prio=120 target_cpu=002
          <idle>-0     [002] d...   378.220613: sched_switch: prev_comm=swapper/2 prev_pid=0 prev_prio=120 prev_state=R ==> next_comm=kworker/u8:2 next_pid=126 next_prio=120
    kworker/u8:2-126   [002] d...   378.220620: sched_switch: prev_comm=kworker/u8:2 prev_pid=126 prev_prio=120 prev_state=I ==> next_comm=swapper/2 next_pid=0 next_prio=120
          <idle>-0     [000] dnh.   378.234298: sched_wakeup: comm=vncagent pid=511 prio=120 target_cpu=000
          <idle>-0     [000] d...   378.234307: sched_switch: prev_comm=swapper/0 prev_pid=0 prev_prio=120 prev_state=R ==> next_comm=vncagent next_pid=511 next_prio=120
          <idle>-0     [001] dnh.   378.234328: sched_wakeup: comm=Xorg pid=492 prio=120 target_cpu=001
        vncagent-511   [000] d...   378.234332: sched_switch: prev_comm=vncagent prev_pid=511 prev_prio=120 prev_state=S ==> next_comm=swapper/0 next_pid=0 next_prio=120
          <idle>-0     [001] d...   378.234334: sched_switch: prev_comm=swapper/1 prev_pid=0 prev_prio=120 prev_state=R ==> next_comm=Xorg next_pid=492 next_prio=120
          <idle>-0     [000] dnh.   378.234364: sched_wakeup: comm=vncagent pid=511 prio=120 target_cpu=000
          <idle>-0     [000] d...   378.234370: sched_switch: prev_comm=swapper/0 prev_pid=0 prev_prio=120 prev_state=R ==> next_comm=vncagent next_pid=511 next_prio=120
            Xorg-492   [001] d...   378.234374: sched_switch: prev_comm=Xorg prev_pid=492 prev_prio=120 prev_state=S ==> next_comm=swapper/1 next_pid=0 next_prio=120
        vncagent-511   [000] d...   378.234400: sched_switch: prev_comm=vncagent prev_pid=511 prev_prio=120 prev_state=S ==> next_comm=swapper/0 next_pid=0 next_prio=120
          <idle>-0     [001] dnh.   378.239368: sched_wakeup: comm=brcmf_wdog/mmc1 pid=243 prio=120 target_cpu=001
          <idle>-0     [001] d...   378.239374: sched_switch: prev_comm=swapper/1 prev_pid=0 prev_prio=120 prev_state=R ==> next_comm=brcmf_wdog/mmc1 next_pid=243 next_prio=120
 brcmf_wdog/mmc1-243   [001] d...   378.239379: sched_switch: prev_comm=brcmf_wdog/mmc1 prev_pid=243 prev_prio=120 prev_state=S ==> next_comm=swapper/1 next_pid=0 next_prio=120
          <idle>-0     [001] dnh.   378.259367: sched_wakeup: comm=brcmf_wdog/mmc1 pid=243 prio=120 target_cpu=001
          <idle>-0     [001] d...   378.259373: sched_switch: prev_comm=swapper/1 prev_pid=0 prev_prio=120 prev_state=R ==> next_comm=brcmf_wdog/mmc1 next_pid=243 next_prio=120
 brcmf_wdog/mmc1-243   [001] d...   378.259392: sched_switch: prev_comm=brcmf_wdog/mmc1 prev_pid=243 prev_prio=120 prev_state=D ==> next_comm=swapper/1 next_pid=0 next_prio=120
          <idle>-0     [001] dnh.   378.259400: sched_wakeup: comm=brcmf_wdog/mmc1 pid=243 prio=120 target_cpu=001
          <idle>-0     [001] d...   378.259407: sched_switch: prev_comm=swapper/1 prev_pid=0 prev_prio=120 prev_state=R ==> next_comm=brcmf_wdog/mmc1 next_pid=243 next_prio=120
 brcmf_wdog/mmc1-243   [001] d...   378.259416: sched_switch: prev_comm=brcmf_wdog/mmc1 prev_pid=243 prev_prio=120 prev_state=D ==> next_comm=swapper/1 next_pid=0 next_prio=120
          <idle>-0     [001] dnh.   378.259426: sched_wakeup: comm=rngd pid=387 prio=120 target_cpu=001
          <idle>-0     [001] dnh.   378.259429: sched_wakeup: comm=brcmf_wdog/mmc1 pid=243 prio=120 target_cpu=001
          <idle>-0     [001] d...   378.259435: sched_switch: prev_comm=swapper/1 prev_pid=0 prev_prio=120 prev_state=R ==> next_comm=rngd next_pid=387 next_prio=120
            rngd-387   [001] d...   378.259442: sched_switch: prev_comm=rngd prev_pid=387 prev_prio=120 prev_state=S ==> next_comm=brcmf_wdog/mmc1 next_pid=243 next_prio=120
 brcmf_wdog/mmc1-243   [001] d...   378.259456: sched_switch: prev_comm=brcmf_wdog/mmc1 prev_pid=243 prev_prio=120 prev_state=D ==> next_comm=swapper/1 next_pid=0 next_prio=120
          <idle>-0     [001] dnh.   378.259465: sched_wakeup: comm=brcmf_wdog/mmc1 pid=243 prio=120 target_cpu=001
          <idle>-0     [001] d...   378.259470: sched_switch: prev_comm=swapper/1 prev_pid=0 prev_prio=120 prev_state=R ==> next_comm=brcmf_wdog/mmc1 next_pid=243 next_prio=120
 brcmf_wdog/mmc1-243   [001] d...   378.259475: sched_switch: prev_comm=brcmf_wdog/mmc1 prev_pid=243 prev_prio=120 prev_state=S ==> next_comm=swapper/1 next_pid=0 next_prio=120
          <idle>-0     [002] dnh.   378.320250: sched_wakeup: comm=irq/86-mmc1 pid=80 prio=49 target_cpu=002
          <idle>-0     [002] d...   378.320257: sched_switch: prev_comm=swapper/2 prev_pid=0 prev_prio=120 prev_state=R ==> next_comm=irq/86-mmc1 next_pid=80 next_prio=49
     irq/86-mmc1-80    [002] d...   378.320278: sched_switch: prev_comm=irq/86-mmc1 prev_pid=80 prev_prio=49 prev_state=D ==> next_comm=swapper/2 next_pid=0 next_prio=120
          <idle>-0     [002] dnh.   378.320283: sched_wakeup: comm=irq/86-mmc1 pid=80 prio=49 target_cpu=002
          <idle>-0     [002] d...   378.320286: sched_switch: prev_comm=swapper/2 prev_pid=0 prev_prio=120 prev_state=R ==> next_comm=irq/86-mmc1 next_pid=80 next_prio=49
     irq/86-mmc1-80    [002] d...   378.320302: sched_switch: prev_comm=irq/86-mmc1 prev_pid=80 prev_prio=49 prev_state=D ==> next_comm=swapper/2 next_pid=0 next_prio=120
          <idle>-0     [002] dnh.   378.320311: sched_wakeup: comm=irq/86-mmc1 pid=80 prio=49 target_cpu=002
          <idle>-0     [002] d...   378.320316: sched_switch: prev_comm=swapper/2 prev_pid=0 prev_prio=120 prev_state=R ==> next_comm=irq/86-mmc1 next_pid=80 next_prio=49
     irq/86-mmc1-80    [002] d...   378.320332: sched_switch: prev_comm=irq/86-mmc1 prev_pid=80 prev_prio=49 prev_state=D ==> next_comm=swapper/2 next_pid=0 next_prio=120
          <idle>-0     [002] dnh.   378.320342: sched_wakeup: comm=irq/86-mmc1 pid=80 prio=49 target_cpu=002
          <idle>-0     [002] d...   378.320347: sched_switch: prev_comm=swapper/2 prev_pid=0 prev_prio=120 prev_state=R ==> next_comm=irq/86-mmc1 next_pid=80 next_prio=49
     irq/86-mmc1-80    [002] d...   378.320353: sched_wakeup: comm=kworker/u8:2 pid=126 prio=120 target_cpu=002
     irq/86-mmc1-80    [002] d...   378.320362: sched_switch: prev_comm=irq/86-mmc1 prev_pid=80 prev_prio=49 prev_state=S ==> next_comm=kworker/u8:2 next_pid=126 next_prio=120
    kworker/u8:2-126   [002] d...   378.320377: sched_switch: prev_comm=kworker/u8:2 prev_pid=126 prev_prio=120 prev_state=D ==> next_comm=swapper/2 next_pid=0 next_prio=120
          <idle>-0     [002] dnh.   378.320382: sched_wakeup: comm=kworker/u8:2 pid=126 prio=120 target_cpu=002
          <idle>-0     [002] d...   378.320385: sched_switch: prev_comm=swapper/2 prev_pid=0 prev_prio=120 prev_state=R ==> next_comm=kworker/u8:2 next_pid=126 next_prio=120
    kworker/u8:2-126   [002] d...   378.320390: sched_switch: prev_comm=kworker/u8:2 prev_pid=126 prev_prio=120 prev_state=D ==> next_comm=swapper/2 next_pid=0 next_prio=120
          <idle>-0     [002] dnh.   378.323392: sched_wakeup: comm=kworker/u8:2 pid=126 prio=120 target_cpu=002
          <idle>-0     [002] d...   378.323398: sched_switch: prev_comm=swapper/2 prev_pid=0 prev_prio=120 prev_state=R ==> next_comm=kworker/u8:2 next_pid=126 next_prio=120
    kworker/u8:2-126   [002] d...   378.323407: sched_switch: prev_comm=kworker/u8:2 prev_pid=126 prev_prio=120 prev_state=D ==> next_comm=swapper/2 next_pid=0 next_prio=120
          <idle>-0     [002] dnh.   378.323415: sched_wakeup: comm=kworker/u8:2 pid=126 prio=120 target_cpu=002
          <idle>-0     [002] d...   378.323420: sched_switch: prev_comm=swapper/2 prev_pid=0 prev_prio=120 prev_state=R ==> next_comm=kworker/u8:2 next_pid=126 next_prio=120
    kworker/u8:2-126   [002] d...   378.323439: sched_switch: prev_comm=kworker/u8:2 prev_pid=126 prev_prio=120 prev_state=D ==> next_comm=swapper/2 next_pid=0 next_prio=120
          <idle>-0     [002] dnh.   378.323451: sched_wakeup: comm=kworker/u8:2 pid=126 prio=120 target_cpu=002
          <idle>-0     [002] d...   378.323456: sched_switch: prev_comm=swapper/2 prev_pid=0 prev_prio=120 prev_state=R ==> next_comm=kworker/u8:2 next_pid=126 next_prio=120
    kworker/u8:2-126   [002] d...   378.323474: sched_switch: prev_comm=kworker/u8:2 prev_pid=126 prev_prio=120 prev_state=D ==> next_comm=swapper/2 next_pid=0 next_prio=120
          <idle>-0     [002] dnh.   378.323483: sched_wakeup: comm=kworker/u8:2 pid=126 prio=120 target_cpu=002
          <idle>-0     [002] d...   378.323489: sched_switch: prev_comm=swapper/2 prev_pid=0 prev_prio=120 prev_state=R ==> next_comm=kworker/u8:2 next_pid=126 next_prio=120
    kworker/u8:2-126   [002] dn..   378.323497: sched_wakeup: comm=kworker/2:2 pid=74 prio=120 target_cpu=002
    kworker/u8:2-126   [002] d...   378.323501: sched_switch: prev_comm=kworker/u8:2 prev_pid=126 prev_prio=120 prev_state=R+ ==> next_comm=kworker/2:2 next_pid=74 next_prio=120
          <idle>-0     [001] dnh.   378.323584: sched_wakeup: comm=kworker/u8:0 pid=7 prio=120 target_cpu=001
     kworker/2:2-74    [002] d...   378.323585: sched_switch: prev_comm=kworker/2:2 prev_pid=74 prev_prio=120 prev_state=I ==> next_comm=kworker/u8:2 next_pid=126 next_prio=120
          <idle>-0     [001] d...   378.323590: sched_switch: prev_comm=swapper/1 prev_pid=0 prev_prio=120 prev_state=R ==> next_comm=kworker/u8:0 next_pid=7 next_prio=120
    kworker/u8:2-126   [002] d...   378.323607: sched_switch: prev_comm=kworker/u8:2 prev_pid=126 prev_prio=120 prev_state=D ==> next_comm=swapper/2 next_pid=0 next_prio=120
    kworker/u8:0-7     [001] d...   378.323615: sched_wakeup: comm=kworker/1:2 pid=391 prio=120 target_cpu=001
          <idle>-0     [002] dnh.   378.323617: sched_wakeup: comm=kworker/u8:2 pid=126 prio=120 target_cpu=002
          <idle>-0     [002] d...   378.323620: sched_switch: prev_comm=swapper/2 prev_pid=0 prev_prio=120 prev_state=R ==> next_comm=kworker/u8:2 next_pid=126 next_prio=120
    kworker/u8:2-126   [002] d...   378.323631: sched_switch: prev_comm=kworker/u8:2 prev_pid=126 prev_prio=120 prev_state=I ==> next_comm=swapper/2 next_pid=0 next_prio=120
          <idle>-0     [003] dnh.   378.323635: sched_wakeup: comm=wpa_supplicant pid=464 prio=120 target_cpu=003
    kworker/u8:0-7     [001] d...   378.323637: sched_switch: prev_comm=kworker/u8:0 prev_pid=7 prev_prio=120 prev_state=I ==> next_comm=kworker/1:2 next_pid=391 next_prio=120
          <idle>-0     [003] d...   378.323644: sched_switch: prev_comm=swapper/3 prev_pid=0 prev_prio=120 prev_state=R ==> next_comm=wpa_supplicant next_pid=464 next_prio=120
          <idle>-0     [002] dnh.   378.323653: sched_wakeup: comm=tailscaled pid=495 prio=120 target_cpu=002
          <idle>-0     [002] d...   378.323657: sched_switch: prev_comm=swapper/2 prev_pid=0 prev_prio=120 prev_state=R ==> next_comm=tailscaled next_pid=495 next_prio=120
      tailscaled-495   [002] dnh.   378.323665: sched_wakeup: comm=avahi-daemon pid=362 prio=120 target_cpu=002
      tailscaled-495   [002] d...   378.323670: sched_switch: prev_comm=tailscaled prev_pid=495 prev_prio=120 prev_state=R ==> next_comm=avahi-daemon next_pid=362 next_prio=120
          <idle>-0     [000] dnh.   378.323672: sched_wakeup: comm=dhcpcd pid=412 prio=120 target_cpu=000
     kworker/1:2-391   [001] d...   378.323676: sched_switch: prev_comm=kworker/1:2 prev_pid=391 prev_prio=120 prev_state=I ==> next_comm=swapper/1 next_pid=0 next_prio=120
          <idle>-0     [000] d...   378.323680: sched_switch: prev_comm=swapper/0 prev_pid=0 prev_prio=120 prev_state=R ==> next_comm=dhcpcd next_pid=412 next_prio=120
          dhcpcd-412   [000] d...   378.323734: sched_switch: prev_comm=dhcpcd prev_pid=412 prev_prio=120 prev_state=S ==> next_comm=swapper/0 next_pid=0 next_prio=120
    avahi-daemon-362   [002] d...   378.323762: sched_switch: prev_comm=avahi-daemon prev_pid=362 prev_prio=120 prev_state=S ==> next_comm=tailscaled next_pid=495 next_prio=120
  wpa_supplicant-464   [003] d.h.   378.323793: sched_wakeup: comm=tailscaled pid=424 prio=120 target_cpu=003
      tailscaled-495   [002] d...   378.323862: sched_switch: prev_comm=tailscaled prev_pid=495 prev_prio=120 prev_state=S ==> next_comm=swapper/2 next_pid=0 next_prio=120
          <idle>-0     [002] dnh.   378.324283: sched_wakeup: comm=lxpanel pid=688 prio=120 target_cpu=002
          <idle>-0     [002] d...   378.324287: sched_switch: prev_comm=swapper/2 prev_pid=0 prev_prio=120 prev_state=R ==> next_comm=lxpanel next_pid=688 next_prio=120
         lxpanel-688   [002] d...   378.324828: sched_switch: prev_comm=lxpanel prev_pid=688 prev_prio=120 prev_state=S ==> next_comm=swapper/2 next_pid=0 next_prio=120
          <idle>-0     [002] dnh.   378.325658: sched_wakeup: comm=lxpanel pid=688 prio=120 target_cpu=002
          <idle>-0     [002] d...   378.325665: sched_switch: prev_comm=swapper/2 prev_pid=0 prev_prio=120 prev_state=R ==> next_comm=lxpanel next_pid=688 next_prio=120
  wpa_supplicant-464   [003] d...   378.325680: sched_switch: prev_comm=wpa_supplicant prev_pid=464 prev_prio=120 prev_state=S ==> next_comm=tailscaled next_pid=424 next_prio=120
      tailscaled-424   [003] dnh.   378.325718: sched_wakeup: comm=wpa_supplicant pid=464 prio=120 target_cpu=003
      tailscaled-424   [003] d...   378.325731: sched_switch: prev_comm=tailscaled prev_pid=424 prev_prio=120 prev_state=S ==> next_comm=wpa_supplicant next_pid=464 next_prio=120
         lxpanel-688   [002] d...   378.325739: sched_switch: prev_comm=lxpanel prev_pid=688 prev_prio=120 prev_state=S ==> next_comm=swapper/2 next_pid=0 next_prio=120
  wpa_supplicant-464   [003] d.h.   378.325803: sched_wakeup: comm=tailscaled pid=424 prio=120 target_cpu=003
          <idle>-0     [002] dnh.   378.326117: sched_wakeup: comm=lxpanel pid=688 prio=120 target_cpu=002
          <idle>-0     [002] d...   378.326121: sched_switch: prev_comm=swapper/2 prev_pid=0 prev_prio=120 prev_state=R ==> next_comm=lxpanel next_pid=688 next_prio=120
  wpa_supplicant-464   [003] d...   378.326133: sched_switch: prev_comm=wpa_supplicant prev_pid=464 prev_prio=120 prev_state=S ==> next_comm=tailscaled next_pid=424 next_prio=120
         lxpanel-688   [002] d...   378.326161: sched_switch: prev_comm=lxpanel prev_pid=688 prev_prio=120 prev_state=S ==> next_comm=swapper/2 next_pid=0 next_prio=120
      tailscaled-424   [003] d...   378.326162: sched_switch: prev_comm=tailscaled prev_pid=424 prev_prio=120 prev_state=S ==> next_comm=swapper/3 next_pid=0 next_prio=120
          <idle>-0     [003] dnh.   378.326168: sched_wakeup: comm=wpa_supplicant pid=464 prio=120 target_cpu=003
          <idle>-0     [003] d...   378.326172: sched_switch: prev_comm=swapper/3 prev_pid=0 prev_prio=120 prev_state=R ==> next_comm=wpa_supplicant next_pid=464 next_prio=120
          <idle>-0     [002] dnh.   378.326432: sched_wakeup: comm=lxpanel pid=688 prio=120 target_cpu=002
          <idle>-0     [002] d...   378.326436: sched_switch: prev_comm=swapper/2 prev_pid=0 prev_prio=120 prev_state=R ==> next_comm=lxpanel next_pid=688 next_prio=120
  wpa_supplicant-464   [003] d...   378.326446: sched_switch: prev_comm=wpa_supplicant prev_pid=464 prev_prio=120 prev_state=S ==> next_comm=swapper/3 next_pid=0 next_prio=120
          <idle>-0     [003] dnh.   378.326472: sched_wakeup: comm=wpa_supplicant pid=464 prio=120 target_cpu=003
         lxpanel-688   [002] d...   378.326475: sched_switch: prev_comm=lxpanel prev_pid=688 prev_prio=120 prev_state=S ==> next_comm=swapper/2 next_pid=0 next_prio=120
          <idle>-0     [003] d...   378.326476: sched_switch: prev_comm=swapper/3 prev_pid=0 prev_prio=120 prev_state=R ==> next_comm=wpa_supplicant next_pid=464 next_prio=120
          <idle>-0     [002] dnh.   378.326853: sched_wakeup: comm=lxpanel pid=688 prio=120 target_cpu=002
          <idle>-0     [002] d...   378.326857: sched_switch: prev_comm=swapper/2 prev_pid=0 prev_prio=120 prev_state=R ==> next_comm=lxpanel next_pid=688 next_prio=120
  wpa_supplicant-464   [003] d...   378.326870: sched_switch: prev_comm=wpa_supplicant prev_pid=464 prev_prio=120 prev_state=S ==> next_comm=swapper/3 next_pid=0 next_prio=120
          <idle>-0     [003] dnh.   378.326892: sched_wakeup: comm=wpa_supplicant pid=464 prio=120 target_cpu=003
         lxpanel-688   [002] d...   378.326896: sched_switch: prev_comm=lxpanel prev_pid=688 prev_prio=120 prev_state=S ==> next_comm=swapper/2 next_pid=0 next_prio=120
          <idle>-0     [003] d...   378.326896: sched_switch: prev_comm=swapper/3 prev_pid=0 prev_prio=120 prev_state=R ==> next_comm=wpa_supplicant next_pid=464 next_prio=120
          <idle>-0     [002] dnh.   378.327092: sched_wakeup: comm=lxpanel pid=688 prio=120 target_cpu=002
          <idle>-0     [002] d...   378.327095: sched_switch: prev_comm=swapper/2 prev_pid=0 prev_prio=120 prev_state=R ==> next_comm=lxpanel next_pid=688 next_prio=120
  wpa_supplicant-464   [003] d...   378.327106: sched_switch: prev_comm=wpa_supplicant prev_pid=464 prev_prio=120 prev_state=S ==> next_comm=swapper/3 next_pid=0 next_prio=120
          <idle>-0     [003] dnh.   378.327128: sched_wakeup: comm=wpa_supplicant pid=464 prio=120 target_cpu=003
         lxpanel-688   [002] d...   378.327132: sched_switch: prev_comm=lxpanel prev_pid=688 prev_prio=120 prev_state=S ==> next_comm=swapper/2 next_pid=0 next_prio=120
          <idle>-0     [003] d...   378.327132: sched_switch: prev_comm=swapper/3 prev_pid=0 prev_prio=120 prev_state=R ==> next_comm=wpa_supplicant next_pid=464 next_prio=120
          <idle>-0     [002] dnh.   378.327341: sched_wakeup: comm=lxpanel pid=688 prio=120 target_cpu=002
          <idle>-0     [002] d...   378.327345: sched_switch: prev_comm=swapper/2 prev_pid=0 prev_prio=120 prev_state=R ==> next_comm=lxpanel next_pid=688 next_prio=120
  wpa_supplicant-464   [003] d...   378.327355: sched_switch: prev_comm=wpa_supplicant prev_pid=464 prev_prio=120 prev_state=S ==> next_comm=swapper/3 next_pid=0 next_prio=120
          <idle>-0     [003] dnh.   378.327377: sched_wakeup: comm=wpa_supplicant pid=464 prio=120 target_cpu=003
          <idle>-0     [003] d...   378.327381: sched_switch: prev_comm=swapper/3 prev_pid=0 prev_prio=120 prev_state=R ==> next_comm=wpa_supplicant next_pid=464 next_prio=120
         lxpanel-688   [002] d...   378.327381: sched_switch: prev_comm=lxpanel prev_pid=688 prev_prio=120 prev_state=S ==> next_comm=swapper/2 next_pid=0 next_prio=120
          <idle>-0     [002] dnh.   378.327593: sched_wakeup: comm=lxpanel pid=688 prio=120 target_cpu=002
          <idle>-0     [002] d...   378.327597: sched_switch: prev_comm=swapper/2 prev_pid=0 prev_prio=120 prev_state=R ==> next_comm=lxpanel next_pid=688 next_prio=120
  wpa_supplicant-464   [003] d...   378.327607: sched_switch: prev_comm=wpa_supplicant prev_pid=464 prev_prio=120 prev_state=S ==> next_comm=swapper/3 next_pid=0 next_prio=120
          <idle>-0     [003] dnh.   378.327630: sched_wakeup: comm=wpa_supplicant pid=464 prio=120 target_cpu=003
          <idle>-0     [003] d...   378.327634: sched_switch: prev_comm=swapper/3 prev_pid=0 prev_prio=120 prev_state=R ==> next_comm=wpa_supplicant next_pid=464 next_prio=120
         lxpanel-688   [002] d...   378.327634: sched_switch: prev_comm=lxpanel prev_pid=688 prev_prio=120 prev_state=S ==> next_comm=swapper/2 next_pid=0 next_prio=120
          <idle>-0     [002] dnh.   378.327857: sched_wakeup: comm=lxpanel pid=688 prio=120 target_cpu=002
          <idle>-0     [002] d...   378.327861: sched_switch: prev_comm=swapper/2 prev_pid=0 prev_prio=120 prev_state=R ==> next_comm=lxpanel next_pid=688 next_prio=120
  wpa_supplicant-464   [003] d...   378.327871: sched_switch: prev_comm=wpa_supplicant prev_pid=464 prev_prio=120 prev_state=S ==> next_comm=swapper/3 next_pid=0 next_prio=120
          <idle>-0     [003] dnh.   378.327893: sched_wakeup: comm=wpa_supplicant pid=464 prio=120 target_cpu=003
          <idle>-0     [003] d...   378.327897: sched_switch: prev_comm=swapper/3 prev_pid=0 prev_prio=120 prev_state=R ==> next_comm=wpa_supplicant next_pid=464 next_prio=120
         lxpanel-688   [002] d...   378.327897: sched_switch: prev_comm=lxpanel prev_pid=688 prev_prio=120 prev_state=S ==> next_comm=swapper/2 next_pid=0 next_prio=120
          <idle>-0     [002] dnh.   378.328263: sched_wakeup: comm=lxpanel pid=688 prio=120 target_cpu=002
          <idle>-0     [002] d...   378.328267: sched_switch: prev_comm=swapper/2 prev_pid=0 prev_prio=120 prev_state=R ==> next_comm=lxpanel next_pid=688 next_prio=120
  wpa_supplicant-464   [003] d...   378.328277: sched_switch: prev_comm=wpa_supplicant prev_pid=464 prev_prio=120 prev_state=S ==> next_comm=swapper/3 next_pid=0 next_prio=120
          <idle>-0     [003] dnh.   378.328301: sched_wakeup: comm=wpa_supplicant pid=464 prio=120 target_cpu=003
         lxpanel-688   [002] d...   378.328305: sched_switch: prev_comm=lxpanel prev_pid=688 prev_prio=120 prev_state=S ==> next_comm=swapper/2 next_pid=0 next_prio=120
          <idle>-0     [003] d...   378.328305: sched_switch: prev_comm=swapper/3 prev_pid=0 prev_prio=120 prev_state=R ==> next_comm=wpa_supplicant next_pid=464 next_prio=120
          <idle>-0     [002] dnh.   378.328529: sched_wakeup: comm=lxpanel pid=688 prio=120 target_cpu=002
          <idle>-0     [002] d...   378.328533: sched_switch: prev_comm=swapper/2 prev_pid=0 prev_prio=120 prev_state=R ==> next_comm=lxpanel next_pid=688 next_prio=120
  wpa_supplicant-464   [003] d...   378.328544: sched_switch: prev_comm=wpa_supplicant prev_pid=464 prev_prio=120 prev_state=S ==> next_comm=swapper/3 next_pid=0 next_prio=120
          <idle>-0     [003] dnh.   378.328565: sched_wakeup: comm=wpa_supplicant pid=464 prio=120 target_cpu=003
         lxpanel-688   [002] d...   378.328569: sched_switch: prev_comm=lxpanel prev_pid=688 prev_prio=120 prev_state=S ==> next_comm=swapper/2 next_pid=0 next_prio=120
          <idle>-0     [003] d...   378.328569: sched_switch: prev_comm=swapper/3 prev_pid=0 prev_prio=120 prev_state=R ==> next_comm=wpa_supplicant next_pid=464 next_prio=120
          <idle>-0     [002] dnh.   378.328823: sched_wakeup: comm=lxpanel pid=688 prio=120 target_cpu=002
          <idle>-0     [002] d...   378.328827: sched_switch: prev_comm=swapper/2 prev_pid=0 prev_prio=120 prev_state=R ==> next_comm=lxpanel next_pid=688 next_prio=120
  wpa_supplicant-464   [003] d...   378.328838: sched_switch: prev_comm=wpa_supplicant prev_pid=464 prev_prio=120 prev_state=S ==> next_comm=swapper/3 next_pid=0 next_prio=120
          <idle>-0     [003] dnh.   378.328861: sched_wakeup: comm=wpa_supplicant pid=464 prio=120 target_cpu=003
          <idle>-0     [003] d...   378.328865: sched_switch: prev_comm=swapper/3 prev_pid=0 prev_prio=120 prev_state=R ==> next_comm=wpa_supplicant next_pid=464 next_prio=120
         lxpanel-688   [002] d...   378.328865: sched_switch: prev_comm=lxpanel prev_pid=688 prev_prio=120 prev_state=S ==> next_comm=swapper/2 next_pid=0 next_prio=120
          <idle>-0     [002] dnh.   378.329176: sched_wakeup: comm=lxpanel pid=688 prio=120 target_cpu=002
          <idle>-0     [002] d...   378.329180: sched_switch: prev_comm=swapper/2 prev_pid=0 prev_prio=120 prev_state=R ==> next_comm=lxpanel next_pid=688 next_prio=120
  wpa_supplicant-464   [003] d...   378.329190: sched_switch: prev_comm=wpa_supplicant prev_pid=464 prev_prio=120 prev_state=S ==> next_comm=swapper/3 next_pid=0 next_prio=120
          <idle>-0     [003] dnh.   378.329215: sched_wakeup: comm=wpa_supplicant pid=464 prio=120 target_cpu=003
          <idle>-0     [003] d...   378.329219: sched_switch: prev_comm=swapper/3 prev_pid=0 prev_prio=120 prev_state=R ==> next_comm=wpa_supplicant next_pid=464 next_prio=120
         lxpanel-688   [002] d...   378.329219: sched_switch: prev_comm=lxpanel prev_pid=688 prev_prio=120 prev_state=S ==> next_comm=swapper/2 next_pid=0 next_prio=120
          <idle>-0     [000] dnh.   378.329395: sched_wakeup: comm=rcu_sched pid=10 prio=120 target_cpu=000
          <idle>-0     [000] d...   378.329403: sched_switch: prev_comm=swapper/0 prev_pid=0 prev_prio=120 prev_state=R ==> next_comm=rcu_sched next_pid=10 next_prio=120
       rcu_sched-10    [000] d...   378.329418: sched_switch: prev_comm=rcu_sched prev_pid=10 prev_prio=120 prev_state=I ==> next_comm=swapper/0 next_pid=0 next_prio=120
          <idle>-0     [002] dnh.   378.329549: sched_wakeup: comm=lxpanel pid=688 prio=120 target_cpu=002
          <idle>-0     [002] d...   378.329553: sched_switch: prev_comm=swapper/2 prev_pid=0 prev_prio=120 prev_state=R ==> next_comm=lxpanel next_pid=688 next_prio=120
  wpa_supplicant-464   [003] d...   378.329564: sched_switch: prev_comm=wpa_supplicant prev_pid=464 prev_prio=120 prev_state=S ==> next_comm=swapper/3 next_pid=0 next_prio=120
          <idle>-0     [003] dnh.   378.329588: sched_wakeup: comm=wpa_supplicant pid=464 prio=120 target_cpu=003
          <idle>-0     [003] d...   378.329591: sched_switch: prev_comm=swapper/3 prev_pid=0 prev_prio=120 prev_state=R ==> next_comm=wpa_supplicant next_pid=464 next_prio=120
         lxpanel-688   [002] d...   378.329592: sched_switch: prev_comm=lxpanel prev_pid=688 prev_prio=120 prev_state=S ==> next_comm=swapper/2 next_pid=0 next_prio=120
          <idle>-0     [002] dnh.   378.329898: sched_wakeup: comm=lxpanel pid=688 prio=120 target_cpu=002
          <idle>-0     [002] d...   378.329902: sched_switch: prev_comm=swapper/2 prev_pid=0 prev_prio=120 prev_state=R ==> next_comm=lxpanel next_pid=688 next_prio=120
  wpa_supplicant-464   [003] d...   378.329913: sched_switch: prev_comm=wpa_supplicant prev_pid=464 prev_prio=120 prev_state=S ==> next_comm=swapper/3 next_pid=0 next_prio=120
          <idle>-0     [003] dnh.   378.329935: sched_wakeup: comm=wpa_supplicant pid=464 prio=120 target_cpu=003
         lxpanel-688   [002] d...   378.329939: sched_switch: prev_comm=lxpanel prev_pid=688 prev_prio=120 prev_state=S ==> next_comm=swapper/2 next_pid=0 next_prio=120
          <idle>-0     [003] d...   378.329939: sched_switch: prev_comm=swapper/3 prev_pid=0 prev_prio=120 prev_state=R ==> next_comm=wpa_supplicant next_pid=464 next_prio=120
          <idle>-0     [002] dnh.   378.330093: sched_wakeup: comm=lxpanel pid=688 prio=120 target_cpu=002
          <idle>-0     [002] d...   378.330097: sched_switch: prev_comm=swapper/2 prev_pid=0 prev_prio=120 prev_state=R ==> next_comm=lxpanel next_pid=688 next_prio=120
  wpa_supplicant-464   [003] d...   378.330108: sched_switch: prev_comm=wpa_supplicant prev_pid=464 prev_prio=120 prev_state=S ==> next_comm=swapper/3 next_pid=0 next_prio=120
          <idle>-0     [003] dnh.   378.330128: sched_wakeup: comm=wpa_supplicant pid=464 prio=120 target_cpu=003
          <idle>-0     [003] d...   378.330131: sched_switch: prev_comm=swapper/3 prev_pid=0 prev_prio=120 prev_state=R ==> next_comm=wpa_supplicant next_pid=464 next_prio=120
         lxpanel-688   [002] d...   378.330132: sched_switch: prev_comm=lxpanel prev_pid=688 prev_prio=120 prev_state=S ==> next_comm=swapper/2 next_pid=0 next_prio=120
          <idle>-0     [002] dnh.   378.330391: sched_wakeup: comm=lxpanel pid=688 prio=120 target_cpu=002
          <idle>-0     [002] d...   378.330395: sched_switch: prev_comm=swapper/2 prev_pid=0 prev_prio=120 prev_state=R ==> next_comm=lxpanel next_pid=688 next_prio=120
  wpa_supplicant-464   [003] d...   378.330406: sched_switch: prev_comm=wpa_supplicant prev_pid=464 prev_prio=120 prev_state=S ==> next_comm=swapper/3 next_pid=0 next_prio=120
          <idle>-0     [003] dnh.   378.330429: sched_wakeup: comm=wpa_supplicant pid=464 prio=120 target_cpu=003
         lxpanel-688   [002] d...   378.330433: sched_switch: prev_comm=lxpanel prev_pid=688 prev_prio=120 prev_state=S ==> next_comm=swapper/2 next_pid=0 next_prio=120
          <idle>-0     [003] d...   378.330433: sched_switch: prev_comm=swapper/3 prev_pid=0 prev_prio=120 prev_state=R ==> next_comm=wpa_supplicant next_pid=464 next_prio=120
          <idle>-0     [002] dnh.   378.330788: sched_wakeup: comm=lxpanel pid=688 prio=120 target_cpu=002
          <idle>-0     [002] d...   378.330792: sched_switch: prev_comm=swapper/2 prev_pid=0 prev_prio=120 prev_state=R ==> next_comm=lxpanel next_pid=688 next_prio=120
  wpa_supplicant-464   [003] d...   378.330803: sched_switch: prev_comm=wpa_supplicant prev_pid=464 prev_prio=120 prev_state=S ==> next_comm=swapper/3 next_pid=0 next_prio=120
          <idle>-0     [003] dnh.   378.330826: sched_wakeup: comm=wpa_supplicant pid=464 prio=120 target_cpu=003
         lxpanel-688   [002] d...   378.330830: sched_switch: prev_comm=lxpanel prev_pid=688 prev_prio=120 prev_state=S ==> next_comm=swapper/2 next_pid=0 next_prio=120
          <idle>-0     [003] d...   378.330830: sched_switch: prev_comm=swapper/3 prev_pid=0 prev_prio=120 prev_state=R ==> next_comm=wpa_supplicant next_pid=464 next_prio=120
          <idle>-0     [002] dnh.   378.331050: sched_wakeup: comm=lxpanel pid=688 prio=120 target_cpu=002
          <idle>-0     [002] d...   378.331054: sched_switch: prev_comm=swapper/2 prev_pid=0 prev_prio=120 prev_state=R ==> next_comm=lxpanel next_pid=688 next_prio=120
  wpa_supplicant-464   [003] d...   378.331064: sched_switch: prev_comm=wpa_supplicant prev_pid=464 prev_prio=120 prev_state=S ==> next_comm=swapper/3 next_pid=0 next_prio=120
          <idle>-0     [003] dnh.   378.331086: sched_wakeup: comm=wpa_supplicant pid=464 prio=120 target_cpu=003
         lxpanel-688   [002] d...   378.331090: sched_switch: prev_comm=lxpanel prev_pid=688 prev_prio=120 prev_state=S ==> next_comm=swapper/2 next_pid=0 next_prio=120
          <idle>-0     [003] d...   378.331090: sched_switch: prev_comm=swapper/3 prev_pid=0 prev_prio=120 prev_state=R ==> next_comm=wpa_supplicant next_pid=464 next_prio=120
          <idle>-0     [002] dnh.   378.331268: sched_wakeup: comm=lxpanel pid=688 prio=120 target_cpu=002
          <idle>-0     [002] d...   378.331272: sched_switch: prev_comm=swapper/2 prev_pid=0 prev_prio=120 prev_state=R ==> next_comm=lxpanel next_pid=688 next_prio=120
  wpa_supplicant-464   [003] d...   378.331282: sched_switch: prev_comm=wpa_supplicant prev_pid=464 prev_prio=120 prev_state=S ==> next_comm=swapper/3 next_pid=0 next_prio=120
          <idle>-0     [003] dnh.   378.331304: sched_wakeup: comm=wpa_supplicant pid=464 prio=120 target_cpu=003
         lxpanel-688   [002] d...   378.331308: sched_switch: prev_comm=lxpanel prev_pid=688 prev_prio=120 prev_state=S ==> next_comm=swapper/2 next_pid=0 next_prio=120
          <idle>-0     [003] d...   378.331308: sched_switch: prev_comm=swapper/3 prev_pid=0 prev_prio=120 prev_state=R ==> next_comm=wpa_supplicant next_pid=464 next_prio=120
          <idle>-0     [002] dnh.   378.331521: sched_wakeup: comm=lxpanel pid=688 prio=120 target_cpu=002
          <idle>-0     [002] d...   378.331525: sched_switch: prev_comm=swapper/2 prev_pid=0 prev_prio=120 prev_state=R ==> next_comm=lxpanel next_pid=688 next_prio=120
  wpa_supplicant-464   [003] d...   378.331535: sched_switch: prev_comm=wpa_supplicant prev_pid=464 prev_prio=120 prev_state=S ==> next_comm=swapper/3 next_pid=0 next_prio=120
          <idle>-0     [003] dnh.   378.331557: sched_wakeup: comm=wpa_supplicant pid=464 prio=120 target_cpu=003
          <idle>-0     [003] d...   378.331561: sched_switch: prev_comm=swapper/3 prev_pid=0 prev_prio=120 prev_state=R ==> next_comm=wpa_supplicant next_pid=464 next_prio=120
         lxpanel-688   [002] d...   378.331561: sched_switch: prev_comm=lxpanel prev_pid=688 prev_prio=120 prev_state=S ==> next_comm=swapper/2 next_pid=0 next_prio=120
          <idle>-0     [002] dnh.   378.331607: sched_wakeup: comm=lxpanel pid=688 prio=120 target_cpu=002
          <idle>-0     [002] d...   378.331612: sched_switch: prev_comm=swapper/2 prev_pid=0 prev_prio=120 prev_state=R ==> next_comm=lxpanel next_pid=688 next_prio=120
  wpa_supplicant-464   [003] d...   378.331621: sched_switch: prev_comm=wpa_supplicant prev_pid=464 prev_prio=120 prev_state=S ==> next_comm=swapper/3 next_pid=0 next_prio=120
          <idle>-0     [001] dnh.   378.333468: sched_wakeup: comm=Xorg pid=492 prio=120 target_cpu=001
         lxpanel-688   [002] d...   378.333479: sched_switch: prev_comm=lxpanel prev_pid=688 prev_prio=120 prev_state=S ==> next_comm=swapper/2 next_pid=0 next_prio=120
          <idle>-0     [001] d...   378.333486: sched_switch: prev_comm=swapper/1 prev_pid=0 prev_prio=120 prev_state=R ==> next_comm=Xorg next_pid=492 next_prio=120
          <idle>-0     [002] dnh.   378.333574: sched_wakeup: comm=lxpanel pid=688 prio=120 target_cpu=002
          <idle>-0     [002] d...   378.333578: sched_switch: prev_comm=swapper/2 prev_pid=0 prev_prio=120 prev_state=R ==> next_comm=lxpanel next_pid=688 next_prio=120
            Xorg-492   [001] d...   378.333594: sched_switch: prev_comm=Xorg prev_pid=492 prev_prio=120 prev_state=S ==> next_comm=swapper/1 next_pid=0 next_prio=120
          <idle>-0     [001] dnh.   378.334236: sched_wakeup: comm=Xorg pid=492 prio=120 target_cpu=001
          <idle>-0     [001] d...   378.334243: sched_switch: prev_comm=swapper/1 prev_pid=0 prev_prio=120 prev_state=R ==> next_comm=Xorg next_pid=492 next_prio=120
         lxpanel-688   [002] d...   378.334279: sched_switch: prev_comm=lxpanel prev_pid=688 prev_prio=120 prev_state=S ==> next_comm=swapper/2 next_pid=0 next_prio=120
          <idle>-0     [000] dnh.   378.334506: sched_wakeup: comm=vncagent pid=511 prio=120 target_cpu=000
          <idle>-0     [000] d...   378.334515: sched_switch: prev_comm=swapper/0 prev_pid=0 prev_prio=120 prev_state=R ==> next_comm=vncagent next_pid=511 next_prio=120
            Xorg-492   [001] d...   378.334538: sched_switch: prev_comm=Xorg prev_pid=492 prev_prio=120 prev_state=S ==> next_comm=swapper/1 next_pid=0 next_prio=120
          <idle>-0     [001] dnh.   378.334569: sched_wakeup: comm=Xorg pid=492 prio=120 target_cpu=001
        vncagent-511   [000] d...   378.334575: sched_switch: prev_comm=vncagent prev_pid=511 prev_prio=120 prev_state=S ==> next_comm=swapper/0 next_pid=0 next_prio=120
          <idle>-0     [001] d...   378.334575: sched_switch: prev_comm=swapper/1 prev_pid=0 prev_prio=120 prev_state=R ==> next_comm=Xorg next_pid=492 next_prio=120
          <idle>-0     [000] dnh.   378.334606: sched_wakeup: comm=vncagent pid=511 prio=120 target_cpu=000
          <idle>-0     [000] d...   378.334613: sched_switch: prev_comm=swapper/0 prev_pid=0 prev_prio=120 prev_state=R ==> next_comm=vncagent next_pid=511 next_prio=120
            Xorg-492   [001] d...   378.334616: sched_switch: prev_comm=Xorg prev_pid=492 prev_prio=120 prev_state=S ==> next_comm=swapper/1 next_pid=0 next_prio=120
        vncagent-511   [000] d...   378.334673: sched_switch: prev_comm=vncagent prev_pid=511 prev_prio=120 prev_state=S ==> next_comm=swapper/0 next_pid=0 next_prio=120
          <idle>-0     [000] dnh.   378.336718: sched_wakeup: comm=vncagent pid=511 prio=120 target_cpu=000
          <idle>-0     [000] d...   378.336726: sched_switch: prev_comm=swapper/0 prev_pid=0 prev_prio=120 prev_state=R ==> next_comm=vncagent next_pid=511 next_prio=120
          <idle>-0     [001] dnh.   378.336752: sched_wakeup: comm=Xorg pid=492 prio=120 target_cpu=001
        vncagent-511   [000] d...   378.336756: sched_switch: prev_comm=vncagent prev_pid=511 prev_prio=120 prev_state=S ==> next_comm=swapper/0 next_pid=0 next_prio=120
          <idle>-0     [001] d...   378.336758: sched_switch: prev_comm=swapper/1 prev_pid=0 prev_prio=120 prev_state=R ==> next_comm=Xorg next_pid=492 next_prio=120
          <idle>-0     [000] dnh.   378.336792: sched_wakeup: comm=vncagent pid=511 prio=120 target_cpu=000
          <idle>-0     [000] d...   378.336798: sched_switch: prev_comm=swapper/0 prev_pid=0 prev_prio=120 prev_state=R ==> next_comm=vncagent next_pid=511 next_prio=120
            Xorg-492   [001] d...   378.336800: sched_switch: prev_comm=Xorg prev_pid=492 prev_prio=120 prev_state=S ==> next_comm=swapper/1 next_pid=0 next_prio=120
          <idle>-0     [001] dnh.   378.336832: sched_wakeup: comm=Xorg pid=492 prio=120 target_cpu=001
        vncagent-511   [000] d...   378.336835: sched_switch: prev_comm=vncagent prev_pid=511 prev_prio=120 prev_state=S ==> next_comm=swapper/0 next_pid=0 next_prio=120
          <idle>-0     [001] d...   378.336838: sched_switch: prev_comm=swapper/1 prev_pid=0 prev_prio=120 prev_state=R ==> next_comm=Xorg next_pid=492 next_prio=120
          <idle>-0     [000] dnh.   378.336890: sched_wakeup: comm=vncagent pid=511 prio=120 target_cpu=000
          <idle>-0     [000] d...   378.336896: sched_switch: prev_comm=swapper/0 prev_pid=0 prev_prio=120 prev_state=R ==> next_comm=vncagent next_pid=511 next_prio=120
            Xorg-492   [001] d...   378.336899: sched_switch: prev_comm=Xorg prev_pid=492 prev_prio=120 prev_state=S ==> next_comm=swapper/1 next_pid=0 next_prio=120
          <idle>-0     [003] dnh.   378.336932: sched_wakeup: comm=vncserver-x11-c pid=452 prio=120 target_cpu=003
          <idle>-0     [003] d...   378.336937: sched_switch: prev_comm=swapper/3 prev_pid=0 prev_prio=120 prev_state=R ==> next_comm=vncserver-x11-c next_pid=452 next_prio=120
        vncagent-511   [000] d...   378.336955: sched_switch: prev_comm=vncagent prev_pid=511 prev_prio=120 prev_state=S ==> next_comm=swapper/0 next_pid=0 next_prio=120
          <idle>-0     [000] dnh.   378.337056: sched_wakeup: comm=vncagent pid=511 prio=120 target_cpu=000
          <idle>-0     [000] d...   378.337062: sched_switch: prev_comm=swapper/0 prev_pid=0 prev_prio=120 prev_state=R ==> next_comm=vncagent next_pid=511 next_prio=120
 vncserver-x11-c-452   [003] d...   378.337092: sched_switch: prev_comm=vncserver-x11-c prev_pid=452 prev_prio=120 prev_state=S ==> next_comm=swapper/3 next_pid=0 next_prio=120
        vncagent-511   [000] d...   378.337103: sched_switch: prev_comm=vncagent prev_pid=511 prev_prio=120 prev_state=S ==> next_comm=swapper/0 next_pid=0 next_prio=120
          <idle>-0     [001] dnh.   378.339385: sched_wakeup: comm=brcmf_wdog/mmc1 pid=243 prio=120 target_cpu=001
          <idle>-0     [001] d...   378.339392: sched_switch: prev_comm=swapper/1 prev_pid=0 prev_prio=120 prev_state=R ==> next_comm=brcmf_wdog/mmc1 next_pid=243 next_prio=120
 brcmf_wdog/mmc1-243   [001] d...   378.339403: sched_switch: prev_comm=brcmf_wdog/mmc1 prev_pid=243 prev_prio=120 prev_state=S ==> next_comm=swapper/1 next_pid=0 next_prio=120
          <idle>-0     [000] dns.   378.349370: sched_wakeup: comm=rcu_sched pid=10 prio=120 target_cpu=000
          <idle>-0     [000] d...   378.349388: sched_switch: prev_comm=swapper/0 prev_pid=0 prev_prio=120 prev_state=R ==> next_comm=rcu_sched next_pid=10 next_prio=120
       rcu_sched-10    [000] d...   378.349405: sched_switch: prev_comm=rcu_sched prev_pid=10 prev_prio=120 prev_state=I ==> next_comm=swapper/0 next_pid=0 next_prio=120
          <idle>-0     [001] dnh.   378.359368: sched_wakeup: comm=brcmf_wdog/mmc1 pid=243 prio=120 target_cpu=001
          <idle>-0     [001] d...   378.359374: sched_switch: prev_comm=swapper/1 prev_pid=0 prev_prio=120 prev_state=R ==> next_comm=brcmf_wdog/mmc1 next_pid=243 next_prio=120
 brcmf_wdog/mmc1-243   [001] d...   378.359407: sched_switch: prev_comm=brcmf_wdog/mmc1 prev_pid=243 prev_prio=120 prev_state=D ==> next_comm=swapper/1 next_pid=0 next_prio=120
          <idle>-0     [001] dnh.   378.359415: sched_wakeup: comm=brcmf_wdog/mmc1 pid=243 prio=120 target_cpu=001
          <idle>-0     [001] d...   378.359421: sched_switch: prev_comm=swapper/1 prev_pid=0 prev_prio=120 prev_state=R ==> next_comm=brcmf_wdog/mmc1 next_pid=243 next_prio=120
 brcmf_wdog/mmc1-243   [001] d...   378.359431: sched_switch: prev_comm=brcmf_wdog/mmc1 prev_pid=243 prev_prio=120 prev_state=D ==> next_comm=swapper/1 next_pid=0 next_prio=120
          <idle>-0     [001] dnh.   378.359439: sched_wakeup: comm=brcmf_wdog/mmc1 pid=243 prio=120 target_cpu=001
          <idle>-0     [001] d...   378.359444: sched_switch: prev_comm=swapper/1 prev_pid=0 prev_prio=120 prev_state=R ==> next_comm=brcmf_wdog/mmc1 next_pid=243 next_prio=120
 brcmf_wdog/mmc1-243   [001] d...   378.359453: sched_switch: prev_comm=brcmf_wdog/mmc1 prev_pid=243 prev_prio=120 prev_state=D ==> next_comm=swapper/1 next_pid=0 next_prio=120
          <idle>-0     [001] dnh.   378.359461: sched_wakeup: comm=brcmf_wdog/mmc1 pid=243 prio=120 target_cpu=001
          <idle>-0     [001] d...   378.359466: sched_switch: prev_comm=swapper/1 prev_pid=0 prev_prio=120 prev_state=R ==> next_comm=brcmf_wdog/mmc1 next_pid=243 next_prio=120
 brcmf_wdog/mmc1-243   [001] d...   378.359473: sched_switch: prev_comm=brcmf_wdog/mmc1 prev_pid=243 prev_prio=120 prev_state=S ==> next_comm=swapper/1 next_pid=0 next_prio=120
          <idle>-0     [000] dnh.   378.363152: sched_wakeup: comm=vncagent pid=511 prio=120 target_cpu=000
          <idle>-0     [000] d...   378.363159: sched_switch: prev_comm=swapper/0 prev_pid=0 prev_prio=120 prev_state=R ==> next_comm=vncagent next_pid=511 next_prio=120
        vncagent-511   [000] d...   378.363182: sched_switch: prev_comm=vncagent prev_pid=511 prev_prio=120 prev_state=S ==> next_comm=swapper/0 next_pid=0 next_prio=120
          <idle>-0     [000] dns.   378.369368: sched_wakeup: comm=rcu_sched pid=10 prio=120 target_cpu=000
          <idle>-0     [000] d...   378.369381: sched_switch: prev_comm=swapper/0 prev_pid=0 prev_prio=120 prev_state=R ==> next_comm=rcu_sched next_pid=10 next_prio=120
       rcu_sched-10    [000] d...   378.369391: sched_switch: prev_comm=rcu_sched prev_pid=10 prev_prio=120 prev_state=I ==> next_comm=swapper/0 next_pid=0 next_prio=120
          <idle>-0     [002] dnh.   378.383318: sched_wakeup: comm=lxpanel pid=688 prio=120 target_cpu=002
          <idle>-0     [002] d...   378.383327: sched_switch: prev_comm=swapper/2 prev_pid=0 prev_prio=120 prev_state=R ==> next_comm=lxpanel next_pid=688 next_prio=120
         lxpanel-688   [002] d...   378.383380: sched_switch: prev_comm=lxpanel prev_pid=688 prev_prio=120 prev_state=S ==> next_comm=swapper/2 next_pid=0 next_prio=120
          <idle>-0     [000] dns.   378.389367: sched_wakeup: comm=rcu_sched pid=10 prio=120 target_cpu=000
          <idle>-0     [000] d...   378.389381: sched_switch: prev_comm=swapper/0 prev_pid=0 prev_prio=120 prev_state=R ==> next_comm=rcu_sched next_pid=10 next_prio=120
       rcu_sched-10    [000] d...   378.389389: sched_switch: prev_comm=rcu_sched prev_pid=10 prev_prio=120 prev_state=I ==> next_comm=swapper/0 next_pid=0 next_prio=120
          <idle>-0     [002] dns.   378.399372: sched_wakeup: comm=kworker/2:2 pid=74 prio=120 target_cpu=002
          <idle>-0     [002] d...   378.399387: sched_switch: prev_comm=swapper/2 prev_pid=0 prev_prio=120 prev_state=R ==> next_comm=kworker/2:2 next_pid=74 next_prio=120
     kworker/2:2-74    [002] d...   378.399439: sched_switch: prev_comm=kworker/2:2 prev_pid=74 prev_prio=120 prev_state=D ==> next_comm=swapper/2 next_pid=0 next_prio=120
          <idle>-0     [002] dnh.   378.399461: sched_wakeup: comm=kworker/2:2 pid=74 prio=120 target_cpu=002
          <idle>-0     [002] d...   378.399467: sched_switch: prev_comm=swapper/2 prev_pid=0 prev_prio=120 prev_state=R ==> next_comm=kworker/2:2 next_pid=74 next_prio=120
     kworker/2:2-74    [002] d...   378.399484: sched_switch: prev_comm=kworker/2:2 prev_pid=74 prev_prio=120 prev_state=D ==> next_comm=swapper/2 next_pid=0 next_prio=120
          <idle>-0     [002] dnh.   378.399514: sched_wakeup: comm=kworker/2:2 pid=74 prio=120 target_cpu=002
          <idle>-0     [002] d...   378.399520: sched_switch: prev_comm=swapper/2 prev_pid=0 prev_prio=120 prev_state=R ==> next_comm=kworker/2:2 next_pid=74 next_prio=120
     kworker/2:2-74    [002] d...   378.399533: sched_switch: prev_comm=kworker/2:2 prev_pid=74 prev_prio=120 prev_state=D ==> next_comm=swapper/2 next_pid=0 next_prio=120
          <idle>-0     [002] dnh.   378.399564: sched_wakeup: comm=kworker/2:2 pid=74 prio=120 target_cpu=002
          <idle>-0     [002] d...   378.399569: sched_switch: prev_comm=swapper/2 prev_pid=0 prev_prio=120 prev_state=R ==> next_comm=kworker/2:2 next_pid=74 next_prio=120
     kworker/2:2-74    [002] d...   378.399582: sched_switch: prev_comm=kworker/2:2 prev_pid=74 prev_prio=120 prev_state=D ==> next_comm=swapper/2 next_pid=0 next_prio=120
          <idle>-0     [002] dnh.   378.399613: sched_wakeup: comm=kworker/2:2 pid=74 prio=120 target_cpu=002
          <idle>-0     [002] d...   378.399618: sched_switch: prev_comm=swapper/2 prev_pid=0 prev_prio=120 prev_state=R ==> next_comm=kworker/2:2 next_pid=74 next_prio=120
     kworker/2:2-74    [002] d...   378.399628: sched_switch: prev_comm=kworker/2:2 prev_pid=74 prev_prio=120 prev_state=I ==> next_comm=swapper/2 next_pid=0 next_prio=120
          <idle>-0     [001] dnh.   378.408043: sched_wakeup: comm=rngd pid=387 prio=120 target_cpu=001
          <idle>-0     [001] d...   378.408049: sched_switch: prev_comm=swapper/1 prev_pid=0 prev_prio=120 prev_state=R ==> next_comm=rngd next_pid=387 next_prio=120
            rngd-387   [001] d...   378.408059: sched_switch: prev_comm=rngd prev_pid=387 prev_prio=120 prev_state=S ==> next_comm=swapper/1 next_pid=0 next_prio=120
          <idle>-0     [000] dnh.   378.434251: sched_wakeup: comm=vncagent pid=511 prio=120 target_cpu=000
          <idle>-0     [000] d...   378.434260: sched_switch: prev_comm=swapper/0 prev_pid=0 prev_prio=120 prev_state=R ==> next_comm=vncagent next_pid=511 next_prio=120
          <idle>-0     [001] dnh.   378.434284: sched_wakeup: comm=Xorg pid=492 prio=120 target_cpu=001
        vncagent-511   [000] d...   378.434289: sched_switch: prev_comm=vncagent prev_pid=511 prev_prio=120 prev_state=S ==> next_comm=swapper/0 next_pid=0 next_prio=120
          <idle>-0     [001] d...   378.434290: sched_switch: prev_comm=swapper/1 prev_pid=0 prev_prio=120 prev_state=R ==> next_comm=Xorg next_pid=492 next_prio=120
          <idle>-0     [000] dnh.   378.434326: sched_wakeup: comm=vncagent pid=511 prio=120 target_cpu=000
          <idle>-0     [000] d...   378.434335: sched_switch: prev_comm=swapper/0 prev_pid=0 prev_prio=120 prev_state=R ==> next_comm=vncagent next_pid=511 next_prio=120
            Xorg-492   [001] d...   378.434336: sched_switch: prev_comm=Xorg prev_pid=492 prev_prio=120 prev_state=S ==> next_comm=swapper/1 next_pid=0 next_prio=120
        vncagent-511   [000] d...   378.434365: sched_switch: prev_comm=vncagent prev_pid=511 prev_prio=120 prev_state=S ==> next_comm=swapper/0 next_pid=0 next_prio=120
          <idle>-0     [000] dnh.   378.534464: sched_wakeup: comm=vncagent pid=511 prio=120 target_cpu=000
          <idle>-0     [000] d...   378.534473: sched_switch: prev_comm=swapper/0 prev_pid=0 prev_prio=120 prev_state=R ==> next_comm=vncagent next_pid=511 next_prio=120
          <idle>-0     [001] dnh.   378.534493: sched_wakeup: comm=Xorg pid=492 prio=120 target_cpu=001
          <idle>-0     [001] d...   378.534500: sched_switch: prev_comm=swapper/1 prev_pid=0 prev_prio=120 prev_state=R ==> next_comm=Xorg next_pid=492 next_prio=120
        vncagent-511   [000] d...   378.534505: sched_switch: prev_comm=vncagent prev_pid=511 prev_prio=120 prev_state=S ==> next_comm=swapper/0 next_pid=0 next_prio=120
          <idle>-0     [000] dnh.   378.534526: sched_wakeup: comm=vncagent pid=511 prio=120 target_cpu=000
          <idle>-0     [000] d...   378.534532: sched_switch: prev_comm=swapper/0 prev_pid=0 prev_prio=120 prev_state=R ==> next_comm=vncagent next_pid=511 next_prio=120
            Xorg-492   [001] d...   378.534535: sched_switch: prev_comm=Xorg prev_pid=492 prev_prio=120 prev_state=S ==> next_comm=swapper/1 next_pid=0 next_prio=120
        vncagent-511   [000] d...   378.534561: sched_switch: prev_comm=vncagent prev_pid=511 prev_prio=120 prev_state=S ==> next_comm=swapper/0 next_pid=0 next_prio=120
          <idle>-0     [002] dnh.   378.543861: sched_wakeup: comm=irq/86-mmc1 pid=80 prio=49 target_cpu=002
          <idle>-0     [002] d...   378.543870: sched_switch: prev_comm=swapper/2 prev_pid=0 prev_prio=120 prev_state=R ==> next_comm=irq/86-mmc1 next_pid=80 next_prio=49
     irq/86-mmc1-80    [002] d...   378.543888: sched_switch: prev_comm=irq/86-mmc1 prev_pid=80 prev_prio=49 prev_state=D ==> next_comm=swapper/2 next_pid=0 next_prio=120
          <idle>-0     [002] dnh.   378.543893: sched_wakeup: comm=irq/86-mmc1 pid=80 prio=49 target_cpu=002
