    kworker/u8:2-126   [002] d...   377.826743: sched_switch: prev_comm=kworker/u8:2 prev_pid=126 prev_prio=120 prev_state=D ==> next_comm=swapper/2 next_pid=0 next_prio=120
          <idle>-0     [002] dnh.   377.826762: sched_wakeup: comm=kworker/u8:2 pid=126 prio=120 target_cpu=002
          <idle>-0     [002] d...   377.826769: sched_switch: prev_comm=swapper/2 prev_pid=0 prev_prio=120 prev_state=R ==> next_comm=kworker/u8:2 next_pid=126 next_prio=120
    kworker/u8:2-126   [002] d...   377.826783: sched_switch: prev_comm=kworker/u8:2 prev_pid=126 prev_prio=120 prev_state=I ==> next_comm=swapper/2 next_pid=0 next_prio=120
      tailscaled-533   [003] dn..   377.826817: sched_wakeup: comm=tailscaled pid=424 prio=120 target_cpu=003
      tailscaled-533   [003] d...   377.826826: sched_switch: prev_comm=tailscaled prev_pid=533 prev_prio=120 prev_state=R ==> next_comm=tailscaled next_pid=424 next_prio=120
      tailscaled-424   [003] d...   377.826862: sched_switch: prev_comm=tailscaled prev_pid=424 prev_prio=120 prev_state=S ==> next_comm=tailscaled next_pid=533 next_prio=120
      tailscaled-533   [003] dn..   377.826878: sched_wakeup: comm=tailscaled pid=424 prio=120 target_cpu=003
      tailscaled-533   [003] d...   377.826884: sched_switch: prev_comm=tailscaled prev_pid=533 prev_prio=120 prev_state=R ==> next_comm=tailscaled next_pid=424 next_prio=120
      tailscaled-424   [003] d...   377.826914: sched_switch: prev_comm=tailscaled prev_pid=424 prev_prio=120 prev_state=S ==> next_comm=tailscaled next_pid=533 next_prio=120
      tailscaled-533   [003] dnh.   377.826988: sched_wakeup: comm=tailscaled pid=424 prio=120 target_cpu=003
      tailscaled-533   [003] d...   377.826997: sched_switch: prev_comm=tailscaled prev_pid=533 prev_prio=120 prev_state=R ==> next_comm=tailscaled next_pid=424 next_prio=120
      tailscaled-424   [003] d...   377.827017: sched_switch: prev_comm=tailscaled prev_pid=424 prev_prio=120 prev_state=S ==> next_comm=tailscaled next_pid=533 next_prio=120
      tailscaled-533   [003] dnh.   377.827089: sched_wakeup: comm=tailscaled pid=424 prio=120 target_cpu=003
      tailscaled-533   [003] d...   377.827098: sched_switch: prev_comm=tailscaled prev_pid=533 prev_prio=120 prev_state=R ==> next_comm=tailscaled next_pid=424 next_prio=120
      tailscaled-424   [003] d...   377.827120: sched_switch: prev_comm=tailscaled prev_pid=424 prev_prio=120 prev_state=S ==> next_comm=tailscaled next_pid=533 next_prio=120
      tailscaled-533   [003] dnh.   377.827189: sched_wakeup: comm=tailscaled pid=424 prio=120 target_cpu=003
      tailscaled-533   [003] d...   377.827198: sched_switch: prev_comm=tailscaled prev_pid=533 prev_prio=120 prev_state=R ==> next_comm=tailscaled next_pid=424 next_prio=120
      tailscaled-424   [003] d...   377.827217: sched_switch: prev_comm=tailscaled prev_pid=424 prev_prio=120 prev_state=S ==> next_comm=tailscaled next_pid=533 next_prio=120
          <idle>-0     [001] dnh.   377.827247: sched_wakeup: comm=tailscaled pid=544 prio=120 target_cpu=001
          <idle>-0     [001] d...   377.827255: sched_switch: prev_comm=swapper/1 prev_pid=0 prev_prio=120 prev_state=R ==> next_comm=tailscaled next_pid=544 next_prio=120
      tailscaled-533   [003] dnh.   377.827290: sched_wakeup: comm=tailscaled pid=424 prio=120 target_cpu=003
      tailscaled-533   [003] d...   377.827299: sched_switch: prev_comm=tailscaled prev_pid=533 prev_prio=120 prev_state=R ==> next_comm=tailscaled next_pid=424 next_prio=120
      tailscaled-424   [003] d.h.   377.827314: sched_wakeup: comm=tailscaled pid=546 prio=120 target_cpu=003
      tailscaled-424   [003] d...   377.827330: sched_switch: prev_comm=tailscaled prev_pid=424 prev_prio=120 prev_state=S ==> next_comm=tailscaled next_pid=533 next_prio=120
      tailscaled-544   [001] d...   377.827400: sched_switch: prev_comm=tailscaled prev_pid=544 prev_prio=120 prev_state=S ==> next_comm=tailscaled next_pid=546 next_prio=120
      tailscaled-533   [003] dnh.   377.827402: sched_wakeup: comm=tailscaled pid=424 prio=120 target_cpu=003
      tailscaled-533   [003] d...   377.827410: sched_switch: prev_comm=tailscaled prev_pid=533 prev_prio=120 prev_state=R ==> next_comm=tailscaled next_pid=424 next_prio=120
      tailscaled-546   [001] dnh.   377.827418: sched_wakeup: comm=tailscaled pid=544 prio=120 target_cpu=001
      tailscaled-546   [001] d...   377.827427: sched_switch: prev_comm=tailscaled prev_pid=546 prev_prio=120 prev_state=R ==> next_comm=tailscaled next_pid=544 next_prio=120
      tailscaled-424   [003] d...   377.827429: sched_switch: prev_comm=tailscaled prev_pid=424 prev_prio=120 prev_state=S ==> next_comm=tailscaled next_pid=533 next_prio=120
      tailscaled-533   [003] dnh.   377.827501: sched_wakeup: comm=tailscaled pid=424 prio=120 target_cpu=003
      tailscaled-533   [003] d...   377.827516: sched_switch: prev_comm=tailscaled prev_pid=533 prev_prio=120 prev_state=S ==> next_comm=tailscaled next_pid=424 next_prio=120
      tailscaled-424   [003] d...   377.827552: sched_switch: prev_comm=tailscaled prev_pid=424 prev_prio=120 prev_state=S ==> next_comm=swapper/3 next_pid=0 next_prio=120
          <idle>-0     [003] dnh.   377.827608: sched_wakeup: comm=tailscaled pid=424 prio=120 target_cpu=003
          <idle>-0     [003] d...   377.827618: sched_switch: prev_comm=swapper/3 prev_pid=0 prev_prio=120 prev_state=R ==> next_comm=tailscaled next_pid=424 next_prio=120
      tailscaled-424   [003] d...   377.827648: sched_switch: prev_comm=tailscaled prev_pid=424 prev_prio=120 prev_state=S ==> next_comm=swapper/3 next_pid=0 next_prio=120
          <idle>-0     [003] dnh.   377.827709: sched_wakeup: comm=tailscaled pid=424 prio=120 target_cpu=003
          <idle>-0     [003] d...   377.827718: sched_switch: prev_comm=swapper/3 prev_pid=0 prev_prio=120 prev_state=R ==> next_comm=tailscaled next_pid=424 next_prio=120
      tailscaled-424   [003] d...   377.827745: sched_switch: prev_comm=tailscaled prev_pid=424 prev_prio=120 prev_state=S ==> next_comm=swapper/3 next_pid=0 next_prio=120
          <idle>-0     [003] dnh.   377.827798: sched_wakeup: comm=vncserver-x11-c pid=452 prio=120 target_cpu=003
          <idle>-0     [003] dnh.   377.827810: sched_wakeup: comm=tailscaled pid=424 prio=120 target_cpu=003
          <idle>-0     [003] d...   377.827819: sched_switch: prev_comm=swapper/3 prev_pid=0 prev_prio=120 prev_state=R ==> next_comm=vncserver-x11-c next_pid=452 next_prio=120
 vncserver-x11-c-452   [003] d.h.   377.827848: sched_wakeup: comm=tailscaled pid=533 prio=120 target_cpu=003
      tailscaled-544   [001] d...   377.827913: sched_switch: prev_comm=tailscaled prev_pid=544 prev_prio=120 prev_state=S ==> next_comm=tailscaled next_pid=546 next_prio=120
      tailscaled-546   [001] d...   377.827966: sched_switch: prev_comm=tailscaled prev_pid=546 prev_prio=120 prev_state=S ==> next_comm=swapper/1 next_pid=0 next_prio=120
          <idle>-0     [000] dnh.   377.828041: sched_wakeup: comm=vncagent pid=511 prio=120 target_cpu=000
          <idle>-0     [000] d...   377.828056: sched_switch: prev_comm=swapper/0 prev_pid=0 prev_prio=120 prev_state=R ==> next_comm=vncagent next_pid=511 next_prio=120
 vncserver-x11-c-452   [003] d...   377.828101: sched_switch: prev_comm=vncserver-x11-c prev_pid=452 prev_prio=120 prev_state=S ==> next_comm=tailscaled next_pid=424 next_prio=120
      tailscaled-424   [003] d...   377.828132: sched_switch: prev_comm=tailscaled prev_pid=424 prev_prio=120 prev_state=S ==> next_comm=tailscaled next_pid=533 next_prio=120
      tailscaled-533   [003] dn..   377.828175: sched_wakeup: comm=tailscaled pid=424 prio=120 target_cpu=003
          <idle>-0     [001] dnh.   377.828180: sched_wakeup: comm=Xorg pid=492 prio=120 target_cpu=001
      tailscaled-533   [003] d...   377.828183: sched_switch: prev_comm=tailscaled prev_pid=533 prev_prio=120 prev_state=R ==> next_comm=tailscaled next_pid=424 next_prio=120
          <idle>-0     [001] d...   377.828189: sched_switch: prev_comm=swapper/1 prev_pid=0 prev_prio=120 prev_state=R ==> next_comm=Xorg next_pid=492 next_prio=120
      tailscaled-424   [003] d...   377.828207: sched_switch: prev_comm=tailscaled prev_pid=424 prev_prio=120 prev_state=S ==> next_comm=tailscaled next_pid=533 next_prio=120
        vncagent-511   [000] d...   377.828208: sched_switch: prev_comm=vncagent prev_pid=511 prev_prio=120 prev_state=S ==> next_comm=swapper/0 next_pid=0 next_prio=120
      tailscaled-533   [003] dn..   377.828223: sched_wakeup: comm=tailscaled pid=424 prio=120 target_cpu=003
      tailscaled-533   [003] d...   377.828229: sched_switch: prev_comm=tailscaled prev_pid=533 prev_prio=120 prev_state=R ==> next_comm=tailscaled next_pid=424 next_prio=120
      tailscaled-424   [003] d...   377.828249: sched_switch: prev_comm=tailscaled prev_pid=424 prev_prio=120 prev_state=S ==> next_comm=tailscaled next_pid=533 next_prio=120
          <idle>-0     [000] dnh.   377.828303: sched_wakeup: comm=vncagent pid=511 prio=120 target_cpu=000
            Xorg-492   [001] dnh.   377.828312: sched_wakeup: comm=tailscaled pid=546 prio=120 target_cpu=001
          <idle>-0     [000] d...   377.828315: sched_switch: prev_comm=swapper/0 prev_pid=0 prev_prio=120 prev_state=R ==> next_comm=vncagent next_pid=511 next_prio=120
            Xorg-492   [001] d...   377.828322: sched_switch: prev_comm=Xorg prev_pid=492 prev_prio=120 prev_state=R ==> next_comm=tailscaled next_pid=546 next_prio=120
      tailscaled-533   [003] dnh.   377.828322: sched_wakeup: comm=tailscaled pid=424 prio=120 target_cpu=003
      tailscaled-533   [003] d...   377.828332: sched_switch: prev_comm=tailscaled prev_pid=533 prev_prio=120 prev_state=R ==> next_comm=tailscaled next_pid=424 next_prio=120
      tailscaled-424   [003] d...   377.828352: sched_switch: prev_comm=tailscaled prev_pid=424 prev_prio=120 prev_state=S ==> next_comm=tailscaled next_pid=533 next_prio=120
      tailscaled-546   [001] d...   377.828360: sched_switch: prev_comm=tailscaled prev_pid=546 prev_prio=120 prev_state=S ==> next_comm=Xorg next_pid=492 next_prio=120
        vncagent-511   [000] d...   377.828410: sched_switch: prev_comm=vncagent prev_pid=511 prev_prio=120 prev_state=S ==> next_comm=swapper/0 next_pid=0 next_prio=120
            Xorg-492   [001] dnh.   377.828414: sched_wakeup: comm=tailscaled pid=546 prio=120 target_cpu=001
      tailscaled-533   [003] dnh.   377.828424: sched_wakeup: comm=tailscaled pid=424 prio=120 target_cpu=003
            Xorg-492   [001] d...   377.828429: sched_switch: prev_comm=Xorg prev_pid=492 prev_prio=120 prev_state=R ==> next_comm=tailscaled next_pid=546 next_prio=120
      tailscaled-533   [003] d...   377.828433: sched_switch: prev_comm=tailscaled prev_pid=533 prev_prio=120 prev_state=R ==> next_comm=tailscaled next_pid=424 next_prio=120
      tailscaled-424   [003] d...   377.828453: sched_switch: prev_comm=tailscaled prev_pid=424 prev_prio=120 prev_state=S ==> next_comm=tailscaled next_pid=533 next_prio=120
      tailscaled-546   [001] d...   377.828462: sched_switch: prev_comm=tailscaled prev_pid=546 prev_prio=120 prev_state=S ==> next_comm=Xorg next_pid=492 next_prio=120
            Xorg-492   [001] dnh.   377.828498: sched_wakeup: comm=tailscaled pid=544 prio=120 target_cpu=001
            Xorg-492   [001] d...   377.828507: sched_switch: prev_comm=Xorg prev_pid=492 prev_prio=120 prev_state=R ==> next_comm=tailscaled next_pid=544 next_prio=120
      tailscaled-533   [003] dnh.   377.828525: sched_wakeup: comm=tailscaled pid=424 prio=120 target_cpu=003
      tailscaled-533   [003] d...   377.828534: sched_switch: prev_comm=tailscaled prev_pid=533 prev_prio=120 prev_state=R ==> next_comm=tailscaled next_pid=424 next_prio=120
      tailscaled-544   [001] d...   377.828537: sched_switch: prev_comm=tailscaled prev_pid=544 prev_prio=120 prev_state=S ==> next_comm=Xorg next_pid=492 next_prio=120
      tailscaled-424   [003] d...   377.828554: sched_switch: prev_comm=tailscaled prev_pid=424 prev_prio=120 prev_state=S ==> next_comm=tailscaled next_pid=533 next_prio=120
            Xorg-492   [001] dnh.   377.828592: sched_wakeup: comm=tailscaled pid=544 prio=120 target_cpu=001
            Xorg-492   [001] d...   377.828601: sched_switch: prev_comm=Xorg prev_pid=492 prev_prio=120 prev_state=R ==> next_comm=tailscaled next_pid=544 next_prio=120
      tailscaled-533   [003] dnh.   377.828626: sched_wakeup: comm=tailscaled pid=424 prio=120 target_cpu=003
          <idle>-0     [002] dnh.   377.828631: sched_wakeup: comm=tailscaled pid=425 prio=120 target_cpu=002
      tailscaled-533   [003] d...   377.828635: sched_switch: prev_comm=tailscaled prev_pid=533 prev_prio=120 prev_state=R ==> next_comm=tailscaled next_pid=424 next_prio=120
          <idle>-0     [002] d...   377.828640: sched_switch: prev_comm=swapper/2 prev_pid=0 prev_prio=120 prev_state=R ==> next_comm=tailscaled next_pid=425 next_prio=120
      tailscaled-424   [003] d...   377.828655: sched_switch: prev_comm=tailscaled prev_pid=424 prev_prio=120 prev_state=S ==> next_comm=tailscaled next_pid=533 next_prio=120
      tailscaled-544   [001] d...   377.828690: sched_switch: prev_comm=tailscaled prev_pid=544 prev_prio=120 prev_state=S ==> next_comm=Xorg next_pid=492 next_prio=120
      tailscaled-425   [002] d...   377.828701: sched_switch: prev_comm=tailscaled prev_pid=425 prev_prio=120 prev_state=S ==> next_comm=swapper/2 next_pid=0 next_prio=120
            Xorg-492   [001] dnh.   377.828703: sched_wakeup: comm=tailscaled pid=544 prio=120 target_cpu=001
            Xorg-492   [001] d...   377.828711: sched_switch: prev_comm=Xorg prev_pid=492 prev_prio=120 prev_state=R ==> next_comm=tailscaled next_pid=544 next_prio=120
      tailscaled-533   [003] dnh.   377.828727: sched_wakeup: comm=tailscaled pid=424 prio=120 target_cpu=003
      tailscaled-533   [003] d...   377.828736: sched_switch: prev_comm=tailscaled prev_pid=533 prev_prio=120 prev_state=R ==> next_comm=tailscaled next_pid=424 next_prio=120
      tailscaled-544   [001] d...   377.828745: sched_switch: prev_comm=tailscaled prev_pid=544 prev_prio=120 prev_state=S ==> next_comm=Xorg next_pid=492 next_prio=120
      tailscaled-424   [003] d...   377.828754: sched_switch: prev_comm=tailscaled prev_pid=424 prev_prio=120 prev_state=S ==> next_comm=tailscaled next_pid=533 next_prio=120
      tailscaled-533   [003] dnh.   377.828827: sched_wakeup: comm=tailscaled pid=424 prio=120 target_cpu=003
      tailscaled-533   [003] d...   377.828857: sched_switch: prev_comm=tailscaled prev_pid=533 prev_prio=120 prev_state=R+ ==> next_comm=tailscaled next_pid=424 next_prio=120
      tailscaled-424   [003] d...   377.828877: sched_switch: prev_comm=tailscaled prev_pid=424 prev_prio=120 prev_state=S ==> next_comm=tailscaled next_pid=533 next_prio=120
      tailscaled-533   [003] dnh.   377.828949: sched_wakeup: comm=tailscaled pid=424 prio=120 target_cpu=003
          <idle>-0     [002] dnh.   377.829001: sched_wakeup: comm=kworker/u8:2 pid=126 prio=120 target_cpu=002
          <idle>-0     [002] d...   377.829009: sched_switch: prev_comm=swapper/2 prev_pid=0 prev_prio=120 prev_state=R ==> next_comm=kworker/u8:2 next_pid=126 next_prio=120
      tailscaled-533   [003] d...   377.829010: sched_switch: prev_comm=tailscaled prev_pid=533 prev_prio=120 prev_state=R+ ==> next_comm=tailscaled next_pid=424 next_prio=120
      tailscaled-424   [003] d...   377.829031: sched_switch: prev_comm=tailscaled prev_pid=424 prev_prio=120 prev_state=S ==> next_comm=tailscaled next_pid=533 next_prio=120
    kworker/u8:2-126   [002] d...   377.829093: sched_switch: prev_comm=kworker/u8:2 prev_pid=126 prev_prio=120 prev_state=D ==> next_comm=swapper/2 next_pid=0 next_prio=120
      tailscaled-533   [003] dnh.   377.829103: sched_wakeup: comm=tailscaled pid=424 prio=120 target_cpu=003
      tailscaled-533   [003] d...   377.829112: sched_switch: prev_comm=tailscaled prev_pid=533 prev_prio=120 prev_state=R ==> next_comm=tailscaled next_pid=424 next_prio=120
      tailscaled-424   [003] d...   377.829131: sched_switch: prev_comm=tailscaled prev_pid=424 prev_prio=120 prev_state=S ==> next_comm=tailscaled next_pid=533 next_prio=120
          <idle>-0     [002] dnh.   377.829132: sched_wakeup: comm=kworker/u8:2 pid=126 prio=120 target_cpu=002
          <idle>-0     [002] d...   377.829139: sched_switch: prev_comm=swapper/2 prev_pid=0 prev_prio=120 prev_state=R ==> next_comm=kworker/u8:2 next_pid=126 next_prio=120
            Xorg-492   [001] dnh.   377.829165: sched_wakeup: comm=tailscaled pid=546 prio=120 target_cpu=001
            Xorg-492   [001] d...   377.829174: sched_switch: prev_comm=Xorg prev_pid=492 prev_prio=120 prev_state=R ==> next_comm=tailscaled next_pid=546 next_prio=120
    kworker/u8:2-126   [002] d...   377.829183: sched_switch: prev_comm=kworker/u8:2 prev_pid=126 prev_prio=120 prev_state=I ==> next_comm=swapper/2 next_pid=0 next_prio=120
      tailscaled-533   [003] d...   377.829195: sched_switch: prev_comm=tailscaled prev_pid=533 prev_prio=120 prev_state=S ==> next_comm=swapper/3 next_pid=0 next_prio=120
          <idle>-0     [003] dnh.   377.829211: sched_wakeup: comm=tailscaled pid=424 prio=120 target_cpu=003
          <idle>-0     [003] d...   377.829219: sched_switch: prev_comm=swapper/3 prev_pid=0 prev_prio=120 prev_state=R ==> next_comm=tailscaled next_pid=424 next_prio=120
      tailscaled-546   [001] d...   377.829240: sched_switch: prev_comm=tailscaled prev_pid=546 prev_prio=120 prev_state=S ==> next_comm=Xorg next_pid=492 next_prio=120
      tailscaled-424   [003] d...   377.829254: sched_switch: prev_comm=tailscaled prev_pid=424 prev_prio=120 prev_state=S ==> next_comm=swapper/3 next_pid=0 next_prio=120
            Xorg-492   [001] dns.   377.829410: sched_wakeup: comm=kworker/1:2 pid=391 prio=120 target_cpu=001
            Xorg-492   [001] d...   377.829457: sched_switch: prev_comm=Xorg prev_pid=492 prev_prio=120 prev_state=R ==> next_comm=kworker/1:2 next_pid=391 next_prio=120
     kworker/1:2-391   [001] d...   377.829496: sched_switch: prev_comm=kworker/1:2 prev_pid=391 prev_prio=120 prev_state=I ==> next_comm=Xorg next_pid=492 next_prio=120
          <idle>-0     [000] dnh.   377.831844: sched_wakeup: comm=vncagent pid=511 prio=120 target_cpu=000
          <idle>-0     [000] d...   377.831875: sched_switch: prev_comm=swapper/0 prev_pid=0 prev_prio=120 prev_state=R ==> next_comm=vncagent next_pid=511 next_prio=120
            Xorg-492   [001] d...   377.831934: sched_switch: prev_comm=Xorg prev_pid=492 prev_prio=120 prev_state=S ==> next_comm=swapper/1 next_pid=0 next_prio=120
          <idle>-0     [003] dnh.   377.832031: sched_wakeup: comm=vncserver-x11-c pid=452 prio=120 target_cpu=003
          <idle>-0     [003] d...   377.832041: sched_switch: prev_comm=swapper/3 prev_pid=0 prev_prio=120 prev_state=R ==> next_comm=vncserver-x11-c next_pid=452 next_prio=120
        vncagent-511   [000] d...   377.832148: sched_switch: prev_comm=vncagent prev_pid=511 prev_prio=120 prev_state=S ==> next_comm=swapper/0 next_pid=0 next_prio=120
          <idle>-0     [000] dnh.   377.834197: sched_wakeup: comm=vncagent pid=511 prio=120 target_cpu=000
          <idle>-0     [000] d...   377.834210: sched_switch: prev_comm=swapper/0 prev_pid=0 prev_prio=120 prev_state=R ==> next_comm=vncagent next_pid=511 next_prio=120
          <idle>-0     [001] dnh.   377.834274: sched_wakeup: comm=Xorg pid=492 prio=120 target_cpu=001
          <idle>-0     [001] d...   377.834283: sched_switch: prev_comm=swapper/1 prev_pid=0 prev_prio=120 prev_state=R ==> next_comm=Xorg next_pid=492 next_prio=120
        vncagent-511   [000] d...   377.834285: sched_switch: prev_comm=vncagent prev_pid=511 prev_prio=120 prev_state=S ==> next_comm=swapper/0 next_pid=0 next_prio=120
          <idle>-0     [000] dnh.   377.834376: sched_wakeup: comm=vncagent pid=511 prio=120 target_cpu=000
          <idle>-0     [000] d...   377.834384: sched_switch: prev_comm=swapper/0 prev_pid=0 prev_prio=120 prev_state=R ==> next_comm=vncagent next_pid=511 next_prio=120
            Xorg-492   [001] d...   377.834403: sched_switch: prev_comm=Xorg prev_pid=492 prev_prio=120 prev_state=S ==> next_comm=swapper/1 next_pid=0 next_prio=120
        vncagent-511   [000] d...   377.834455: sched_switch: prev_comm=vncagent prev_pid=511 prev_prio=120 prev_state=S ==> next_comm=swapper/0 next_pid=0 next_prio=120
          <idle>-0     [000] dns.   377.839409: sched_wakeup: comm=rcu_sched pid=10 prio=120 target_cpu=000
          <idle>-0     [000] d...   377.839442: sched_switch: prev_comm=swapper/0 prev_pid=0 prev_prio=120 prev_state=R ==> next_comm=rcu_sched next_pid=10 next_prio=120
       rcu_sched-10    [000] d...   377.839477: sched_switch: prev_comm=rcu_sched prev_pid=10 prev_prio=120 prev_state=I ==> next_comm=swapper/0 next_pid=0 next_prio=120
          <idle>-0     [001] dnH.   377.849407: sched_wakeup: comm=brcmf_wdog/mmc1 pid=243 prio=120 target_cpu=001
          <idle>-0     [001] d...   377.849441: sched_switch: prev_comm=swapper/1 prev_pid=0 prev_prio=120 prev_state=R ==> next_comm=brcmf_wdog/mmc1 next_pid=243 next_prio=120
 brcmf_wdog/mmc1-243   [001] d...   377.849461: sched_switch: prev_comm=brcmf_wdog/mmc1 prev_pid=243 prev_prio=120 prev_state=S ==> next_comm=swapper/1 next_pid=0 next_prio=120
          <idle>-0     [000] dnh.   377.854504: sched_wakeup: comm=vncagent pid=511 prio=120 target_cpu=000
          <idle>-0     [000] d...   377.854526: sched_switch: prev_comm=swapper/0 prev_pid=0 prev_prio=120 prev_state=R ==> next_comm=vncagent next_pid=511 next_prio=120
        vncagent-511   [000] d...   377.854619: sched_switch: prev_comm=vncagent prev_pid=511 prev_prio=120 prev_state=S ==> next_comm=swapper/0 next_pid=0 next_prio=120
          <idle>-0     [000] dns.   377.859385: sched_wakeup: comm=rcu_sched pid=10 prio=120 target_cpu=000
          <idle>-0     [000] d...   377.859418: sched_switch: prev_comm=swapper/0 prev_pid=0 prev_prio=120 prev_state=R ==> next_comm=rcu_sched next_pid=10 next_prio=120
       rcu_sched-10    [000] d...   377.859448: sched_switch: prev_comm=rcu_sched prev_pid=10 prev_prio=120 prev_state=I ==> next_comm=swapper/0 next_pid=0 next_prio=120
          <idle>-0     [001] dnH.   377.869403: sched_wakeup: comm=brcmf_wdog/mmc1 pid=243 prio=120 target_cpu=001
          <idle>-0     [001] d...   377.869436: sched_switch: prev_comm=swapper/1 prev_pid=0 prev_prio=120 prev_state=R ==> next_comm=brcmf_wdog/mmc1 next_pid=243 next_prio=120
 brcmf_wdog/mmc1-243   [001] d...   377.869495: sched_switch: prev_comm=brcmf_wdog/mmc1 prev_pid=243 prev_prio=120 prev_state=D ==> next_comm=swapper/1 next_pid=0 next_prio=120
          <idle>-0     [001] dnh.   377.869520: sched_wakeup: comm=brcmf_wdog/mmc1 pid=243 prio=120 target_cpu=001
          <idle>-0     [001] d...   377.869535: sched_switch: prev_comm=swapper/1 prev_pid=0 prev_prio=120 prev_state=R ==> next_comm=brcmf_wdog/mmc1 next_pid=243 next_prio=120
 brcmf_wdog/mmc1-243   [001] d...   377.869555: sched_switch: prev_comm=brcmf_wdog/mmc1 prev_pid=243 prev_prio=120 prev_state=D ==> next_comm=swapper/1 next_pid=0 next_prio=120
          <idle>-0     [001] dnh.   377.869572: sched_wakeup: comm=brcmf_wdog/mmc1 pid=243 prio=120 target_cpu=001
          <idle>-0     [001] d...   377.869583: sched_switch: prev_comm=swapper/1 prev_pid=0 prev_prio=120 prev_state=R ==> next_comm=brcmf_wdog/mmc1 next_pid=243 next_prio=120
 brcmf_wdog/mmc1-243   [001] d...   377.869598: sched_switch: prev_comm=brcmf_wdog/mmc1 prev_pid=243 prev_prio=120 prev_state=D ==> next_comm=swapper/1 next_pid=0 next_prio=120
          <idle>-0     [001] dnh.   377.869614: sched_wakeup: comm=brcmf_wdog/mmc1 pid=243 prio=120 target_cpu=001
          <idle>-0     [001] d...   377.869624: sched_switch: prev_comm=swapper/1 prev_pid=0 prev_prio=120 prev_state=R ==> next_comm=brcmf_wdog/mmc1 next_pid=243 next_prio=120
 brcmf_wdog/mmc1-243   [001] d...   377.869638: sched_switch: prev_comm=brcmf_wdog/mmc1 prev_pid=243 prev_prio=120 prev_state=S ==> next_comm=swapper/1 next_pid=0 next_prio=120
          <idle>-0     [000] dns.   377.879396: sched_wakeup: comm=rcu_sched pid=10 prio=120 target_cpu=000
          <idle>-0     [000] d...   377.879442: sched_switch: prev_comm=swapper/0 prev_pid=0 prev_prio=120 prev_state=R ==> next_comm=rcu_sched next_pid=10 next_prio=120
       rcu_sched-10    [000] d...   377.879470: sched_switch: prev_comm=rcu_sched prev_pid=10 prev_prio=120 prev_state=I ==> next_comm=swapper/0 next_pid=0 next_prio=120
          <idle>-0     [001] dnh.   377.884191: sched_wakeup: comm=tailscaled pid=546 prio=120 target_cpu=001
          <idle>-0     [001] d...   377.884208: sched_switch: prev_comm=swapper/1 prev_pid=0 prev_prio=120 prev_state=R ==> next_comm=tailscaled next_pid=546 next_prio=120
 vncserver-x11-c-452   [003] dnh.   377.884314: sched_wakeup: comm=tailscaled pid=424 prio=120 target_cpu=003
 vncserver-x11-c-452   [003] d...   377.884334: sched_switch: prev_comm=vncserver-x11-c prev_pid=452 prev_prio=120 prev_state=R ==> next_comm=tailscaled next_pid=424 next_prio=120
      tailscaled-424   [003] d...   377.884389: sched_switch: prev_comm=tailscaled prev_pid=424 prev_prio=120 prev_state=S ==> next_comm=vncserver-x11-c next_pid=452 next_prio=120
 vncserver-x11-c-452   [003] dnh.   377.884423: sched_wakeup: comm=tailscaled pid=533 prio=120 target_cpu=003
 vncserver-x11-c-452   [003] d...   377.884432: sched_switch: prev_comm=vncserver-x11-c prev_pid=452 prev_prio=120 prev_state=R ==> next_comm=tailscaled next_pid=533 next_prio=120
      tailscaled-533   [003] dnh.   377.884460: sched_wakeup: comm=tailscaled pid=424 prio=120 target_cpu=003
      tailscaled-533   [003] d...   377.884469: sched_switch: prev_comm=tailscaled prev_pid=533 prev_prio=120 prev_state=R ==> next_comm=tailscaled next_pid=424 next_prio=120
      tailscaled-424   [003] d...   377.884491: sched_switch: prev_comm=tailscaled prev_pid=424 prev_prio=120 prev_state=S ==> next_comm=tailscaled next_pid=533 next_prio=120
      tailscaled-533   [003] dnh.   377.884562: sched_wakeup: comm=tailscaled pid=424 prio=120 target_cpu=003
      tailscaled-533   [003] d...   377.884579: sched_switch: prev_comm=tailscaled prev_pid=533 prev_prio=120 prev_state=S ==> next_comm=tailscaled next_pid=424 next_prio=120
      tailscaled-546   [001] dn..   377.884591: sched_wakeup: comm=tailscaled pid=544 prio=120 target_cpu=001
      tailscaled-424   [003] d...   377.884599: sched_switch: prev_comm=tailscaled prev_pid=424 prev_prio=120 prev_state=S ==> next_comm=vncserver-x11-c next_pid=452 next_prio=120
      tailscaled-546   [001] d...   377.884600: sched_switch: prev_comm=tailscaled prev_pid=546 prev_prio=120 prev_state=R ==> next_comm=tailscaled next_pid=544 next_prio=120
      tailscaled-544   [001] d...   377.884638: sched_switch: prev_comm=tailscaled prev_pid=544 prev_prio=120 prev_state=S ==> next_comm=tailscaled next_pid=546 next_prio=120
 vncserver-x11-c-452   [003] dnh.   377.884672: sched_wakeup: comm=tailscaled pid=424 prio=120 target_cpu=003
 vncserver-x11-c-452   [003] d...   377.884682: sched_switch: prev_comm=vncserver-x11-c prev_pid=452 prev_prio=120 prev_state=R ==> next_comm=tailscaled next_pid=424 next_prio=120
      tailscaled-546   [001] dnh.   377.884693: sched_wakeup: comm=tailscaled pid=544 prio=120 target_cpu=001
      tailscaled-546   [001] d...   377.884702: sched_switch: prev_comm=tailscaled prev_pid=546 prev_prio=120 prev_state=R ==> next_comm=tailscaled next_pid=544 next_prio=120
      tailscaled-424   [003] d...   377.884703: sched_switch: prev_comm=tailscaled prev_pid=424 prev_prio=120 prev_state=S ==> next_comm=vncserver-x11-c next_pid=452 next_prio=120
          <idle>-0     [002] dnh.   377.884737: sched_wakeup: comm=tailscaled pid=425 prio=120 target_cpu=002
          <idle>-0     [002] d...   377.884757: sched_switch: prev_comm=swapper/2 prev_pid=0 prev_prio=120 prev_state=R ==> next_comm=tailscaled next_pid=425 next_prio=120
 vncserver-x11-c-452   [003] dnh.   377.884774: sched_wakeup: comm=tailscaled pid=424 prio=120 target_cpu=003
 vncserver-x11-c-452   [003] d...   377.884785: sched_switch: prev_comm=vncserver-x11-c prev_pid=452 prev_prio=120 prev_state=R ==> next_comm=tailscaled next_pid=424 next_prio=120
      tailscaled-424   [003] d...   377.884809: sched_switch: prev_comm=tailscaled prev_pid=424 prev_prio=120 prev_state=S ==> next_comm=vncserver-x11-c next_pid=452 next_prio=120
      tailscaled-544   [001] d...   377.884834: sched_switch: prev_comm=tailscaled prev_pid=544 prev_prio=120 prev_state=S ==> next_comm=tailscaled next_pid=546 next_prio=120
      tailscaled-425   [002] d...   377.884855: sched_switch: prev_comm=tailscaled prev_pid=425 prev_prio=120 prev_state=S ==> next_comm=swapper/2 next_pid=0 next_prio=120
 vncserver-x11-c-452   [003] dnh.   377.884877: sched_wakeup: comm=tailscaled pid=424 prio=120 target_cpu=003
      tailscaled-546   [001] dn..   377.884883: sched_wakeup: comm=tailscaled pid=544 prio=120 target_cpu=001
 vncserver-x11-c-452   [003] d...   377.884887: sched_switch: prev_comm=vncserver-x11-c prev_pid=452 prev_prio=120 prev_state=R ==> next_comm=tailscaled next_pid=424 next_prio=120
      tailscaled-546   [001] d...   377.884890: sched_switch: prev_comm=tailscaled prev_pid=546 prev_prio=120 prev_state=R ==> next_comm=tailscaled next_pid=544 next_prio=120
      tailscaled-424   [003] d...   377.884907: sched_switch: prev_comm=tailscaled prev_pid=424 prev_prio=120 prev_state=S ==> next_comm=vncserver-x11-c next_pid=452 next_prio=120
      tailscaled-544   [001] d...   377.884920: sched_switch: prev_comm=tailscaled prev_pid=544 prev_prio=120 prev_state=S ==> next_comm=tailscaled next_pid=546 next_prio=120
      tailscaled-546   [001] dnh.   377.884976: sched_wakeup: comm=tailscaled pid=544 prio=120 target_cpu=001
 vncserver-x11-c-452   [003] dnh.   377.884978: sched_wakeup: comm=tailscaled pid=424 prio=120 target_cpu=003
      tailscaled-546   [001] d...   377.884986: sched_switch: prev_comm=tailscaled prev_pid=546 prev_prio=120 prev_state=R ==> next_comm=tailscaled next_pid=544 next_prio=120
 vncserver-x11-c-452   [003] d...   377.884988: sched_switch: prev_comm=vncserver-x11-c prev_pid=452 prev_prio=120 prev_state=R ==> next_comm=tailscaled next_pid=424 next_prio=120
      tailscaled-424   [003] d...   377.885008: sched_switch: prev_comm=tailscaled prev_pid=424 prev_prio=120 prev_state=S ==> next_comm=vncserver-x11-c next_pid=452 next_prio=120
          <idle>-0     [002] dnh.   377.885008: sched_wakeup: comm=tailscaled pid=425 prio=120 target_cpu=002
          <idle>-0     [002] d...   377.885020: sched_switch: prev_comm=swapper/2 prev_pid=0 prev_prio=120 prev_state=R ==> next_comm=tailscaled next_pid=425 next_prio=120
      tailscaled-544   [001] d...   377.885043: sched_switch: prev_comm=tailscaled prev_pid=544 prev_prio=120 prev_state=S ==> next_comm=tailscaled next_pid=546 next_prio=120
      tailscaled-425   [002] d...   377.885059: sched_switch: prev_comm=tailscaled prev_pid=425 prev_prio=120 prev_state=S ==> next_comm=swapper/2 next_pid=0 next_prio=120
 vncserver-x11-c-452   [003] dnh.   377.885080: sched_wakeup: comm=tailscaled pid=424 prio=120 target_cpu=003
 vncserver-x11-c-452   [003] d...   377.885090: sched_switch: prev_comm=vncserver-x11-c prev_pid=452 prev_prio=120 prev_state=R ==> next_comm=tailscaled next_pid=424 next_prio=120
      tailscaled-546   [001] dnh.   377.885097: sched_wakeup: comm=tailscaled pid=544 prio=120 target_cpu=001
          <idle>-0     [002] dnh.   377.885103: sched_wakeup: comm=tailscaled pid=425 prio=120 target_cpu=002
      tailscaled-546   [001] d...   377.885107: sched_switch: prev_comm=tailscaled prev_pid=546 prev_prio=120 prev_state=R ==> next_comm=tailscaled next_pid=544 next_prio=120
      tailscaled-424   [003] d...   377.885111: sched_switch: prev_comm=tailscaled prev_pid=424 prev_prio=120 prev_state=S ==> next_comm=vncserver-x11-c next_pid=452 next_prio=120
          <idle>-0     [002] d...   377.885117: sched_switch: prev_comm=swapper/2 prev_pid=0 prev_prio=120 prev_state=R ==> next_comm=tailscaled next_pid=425 next_prio=120
      tailscaled-425   [002] d...   377.885151: sched_switch: prev_comm=tailscaled prev_pid=425 prev_prio=120 prev_state=S ==> next_comm=swapper/2 next_pid=0 next_prio=120
 vncserver-x11-c-452   [003] dnh.   377.885183: sched_wakeup: comm=tailscaled pid=424 prio=120 target_cpu=003
 vncserver-x11-c-452   [003] d...   377.885192: sched_switch: prev_comm=vncserver-x11-c prev_pid=452 prev_prio=120 prev_state=R ==> next_comm=tailscaled next_pid=424 next_prio=120
      tailscaled-424   [003] d...   377.885212: sched_switch: prev_comm=tailscaled prev_pid=424 prev_prio=120 prev_state=S ==> next_comm=vncserver-x11-c next_pid=452 next_prio=120
 vncserver-x11-c-452   [003] dnh.   377.885285: sched_wakeup: comm=tailscaled pid=424 prio=120 target_cpu=003
 vncserver-x11-c-452   [003] d...   377.885294: sched_switch: prev_comm=vncserver-x11-c prev_pid=452 prev_prio=120 prev_state=R ==> next_comm=tailscaled next_pid=424 next_prio=120
      tailscaled-424   [003] d...   377.885313: sched_switch: prev_comm=tailscaled prev_pid=424 prev_prio=120 prev_state=S ==> next_comm=vncserver-x11-c next_pid=452 next_prio=120
 vncserver-x11-c-452   [003] dnh.   377.885384: sched_wakeup: comm=tailscaled pid=424 prio=120 target_cpu=003
 vncserver-x11-c-452   [003] d...   377.885394: sched_switch: prev_comm=vncserver-x11-c prev_pid=452 prev_prio=120 prev_state=R ==> next_comm=tailscaled next_pid=424 next_prio=120
      tailscaled-424   [003] d...   377.885413: sched_switch: prev_comm=tailscaled prev_pid=424 prev_prio=120 prev_state=S ==> next_comm=vncserver-x11-c next_pid=452 next_prio=120
          <idle>-0     [002] dnh.   377.885455: sched_wakeup: comm=tailscaled pid=425 prio=120 target_cpu=002
          <idle>-0     [002] d...   377.885466: sched_switch: prev_comm=swapper/2 prev_pid=0 prev_prio=120 prev_state=R ==> next_comm=tailscaled next_pid=425 next_prio=120
 vncserver-x11-c-452   [003] dnh.   377.885485: sched_wakeup: comm=tailscaled pid=424 prio=120 target_cpu=003
 vncserver-x11-c-452   [003] d...   377.885494: sched_switch: prev_comm=vncserver-x11-c prev_pid=452 prev_prio=120 prev_state=R ==> next_comm=tailscaled next_pid=424 next_prio=120
      tailscaled-424   [003] d...   377.885514: sched_switch: prev_comm=tailscaled prev_pid=424 prev_prio=120 prev_state=S ==> next_comm=vncserver-x11-c next_pid=452 next_prio=120
      tailscaled-425   [002] d...   377.885527: sched_switch: prev_comm=tailscaled prev_pid=425 prev_prio=120 prev_state=S ==> next_comm=swapper/2 next_pid=0 next_prio=120
 vncserver-x11-c-452   [003] dnh.   377.885585: sched_wakeup: comm=tailscaled pid=424 prio=120 target_cpu=003
 vncserver-x11-c-452   [003] d...   377.885594: sched_switch: prev_comm=vncserver-x11-c prev_pid=452 prev_prio=120 prev_state=R ==> next_comm=tailscaled next_pid=424 next_prio=120
      tailscaled-424   [003] d...   377.885613: sched_switch: prev_comm=tailscaled prev_pid=424 prev_prio=120 prev_state=S ==> next_comm=vncserver-x11-c next_pid=452 next_prio=120
 vncserver-x11-c-452   [003] dnh.   377.885685: sched_wakeup: comm=tailscaled pid=424 prio=120 target_cpu=003
 vncserver-x11-c-452   [003] d...   377.885694: sched_switch: prev_comm=vncserver-x11-c prev_pid=452 prev_prio=120 prev_state=R ==> next_comm=tailscaled next_pid=424 next_prio=120
          <idle>-0     [002] dnh.   377.885701: sched_wakeup: comm=kworker/u8:2 pid=126 prio=120 target_cpu=002
          <idle>-0     [002] d...   377.885712: sched_switch: prev_comm=swapper/2 prev_pid=0 prev_prio=120 prev_state=R ==> next_comm=kworker/u8:2 next_pid=126 next_prio=120
      tailscaled-424   [003] d...   377.885714: sched_switch: prev_comm=tailscaled prev_pid=424 prev_prio=120 prev_state=S ==> next_comm=vncserver-x11-c next_pid=452 next_prio=120
      tailscaled-544   [001] d...   377.885751: sched_wakeup: comm=kworker/u8:0 pid=7 prio=120 target_cpu=001
    kworker/u8:2-126   [002] d...   377.885771: sched_switch: prev_comm=kworker/u8:2 prev_pid=126 prev_prio=120 prev_state=D ==> next_comm=swapper/2 next_pid=0 next_prio=120
 vncserver-x11-c-452   [003] dnh.   377.885785: sched_wakeup: comm=tailscaled pid=424 prio=120 target_cpu=003
          <idle>-0     [002] dnh.   377.885789: sched_wakeup: comm=kworker/u8:2 pid=126 prio=120 target_cpu=002
 vncserver-x11-c-452   [003] d...   377.885795: sched_switch: prev_comm=vncserver-x11-c prev_pid=452 prev_prio=120 prev_state=R ==> next_comm=tailscaled next_pid=424 next_prio=120
          <idle>-0     [002] d...   377.885800: sched_switch: prev_comm=swapper/2 prev_pid=0 prev_prio=120 prev_state=R ==> next_comm=kworker/u8:2 next_pid=126 next_prio=120
      tailscaled-424   [003] d...   377.885814: sched_switch: prev_comm=tailscaled prev_pid=424 prev_prio=120 prev_state=S ==> next_comm=vncserver-x11-c next_pid=452 next_prio=120
    kworker/u8:2-126   [002] d...   377.885821: sched_switch: prev_comm=kworker/u8:2 prev_pid=126 prev_prio=120 prev_state=D ==> next_comm=swapper/2 next_pid=0 next_prio=120
      tailscaled-544   [001] d...   377.885868: sched_switch: prev_comm=tailscaled prev_pid=544 prev_prio=120 prev_state=S ==> next_comm=tailscaled next_pid=546 next_prio=120
 vncserver-x11-c-452   [003] dnh.   377.885888: sched_wakeup: comm=tailscaled pid=424 prio=120 target_cpu=003
 vncserver-x11-c-452   [003] d...   377.885898: sched_switch: prev_comm=vncserver-x11-c prev_pid=452 prev_prio=120 prev_state=R ==> next_comm=tailscaled next_pid=424 next_prio=120
      tailscaled-424   [003] d...   377.885917: sched_switch: prev_comm=tailscaled prev_pid=424 prev_prio=120 prev_state=S ==> next_comm=vncserver-x11-c next_pid=452 next_prio=120
      tailscaled-546   [001] d...   377.885921: sched_wakeup: comm=tailscaled pid=544 prio=120 target_cpu=001
 vncserver-x11-c-452   [003] dnh.   377.885988: sched_wakeup: comm=tailscaled pid=424 prio=120 target_cpu=003
 vncserver-x11-c-452   [003] d...   377.885998: sched_switch: prev_comm=vncserver-x11-c prev_pid=452 prev_prio=120 prev_state=R ==> next_comm=tailscaled next_pid=424 next_prio=120
      tailscaled-424   [003] d...   377.886017: sched_switch: prev_comm=tailscaled prev_pid=424 prev_prio=120 prev_state=S ==> next_comm=vncserver-x11-c next_pid=452 next_prio=120
 vncserver-x11-c-452   [003] dnh.   377.886088: sched_wakeup: comm=tailscaled pid=424 prio=120 target_cpu=003
 vncserver-x11-c-452   [003] d...   377.886097: sched_switch: prev_comm=vncserver-x11-c prev_pid=452 prev_prio=120 prev_state=R ==> next_comm=tailscaled next_pid=424 next_prio=120
      tailscaled-424   [003] d...   377.886115: sched_switch: prev_comm=tailscaled prev_pid=424 prev_prio=120 prev_state=S ==> next_comm=vncserver-x11-c next_pid=452 next_prio=120
 vncserver-x11-c-452   [003] dnh.   377.886185: sched_wakeup: comm=tailscaled pid=424 prio=120 target_cpu=003
 vncserver-x11-c-452   [003] d...   377.886194: sched_switch: prev_comm=vncserver-x11-c prev_pid=452 prev_prio=120 prev_state=R ==> next_comm=tailscaled next_pid=424 next_prio=120
      tailscaled-424   [003] d...   377.886213: sched_switch: prev_comm=tailscaled prev_pid=424 prev_prio=120 prev_state=S ==> next_comm=vncserver-x11-c next_pid=452 next_prio=120
 vncserver-x11-c-452   [003] dnh.   377.886284: sched_wakeup: comm=tailscaled pid=424 prio=120 target_cpu=003
 vncserver-x11-c-452   [003] d...   377.886294: sched_switch: prev_comm=vncserver-x11-c prev_pid=452 prev_prio=120 prev_state=R ==> next_comm=tailscaled next_pid=424 next_prio=120
      tailscaled-424   [003] d...   377.886315: sched_switch: prev_comm=tailscaled prev_pid=424 prev_prio=120 prev_state=S ==> next_comm=vncserver-x11-c next_pid=452 next_prio=120
 vncserver-x11-c-452   [003] dnh.   377.886386: sched_wakeup: comm=tailscaled pid=424 prio=120 target_cpu=003
 vncserver-x11-c-452   [003] d...   377.886397: sched_switch: prev_comm=vncserver-x11-c prev_pid=452 prev_prio=120 prev_state=R ==> next_comm=tailscaled next_pid=424 next_prio=120
      tailscaled-424   [003] d...   377.886417: sched_switch: prev_comm=tailscaled prev_pid=424 prev_prio=120 prev_state=S ==> next_comm=vncserver-x11-c next_pid=452 next_prio=120
 vncserver-x11-c-452   [003] dnh.   377.886488: sched_wakeup: comm=tailscaled pid=424 prio=120 target_cpu=003
 vncserver-x11-c-452   [003] d...   377.886497: sched_switch: prev_comm=vncserver-x11-c prev_pid=452 prev_prio=120 prev_state=R ==> next_comm=tailscaled next_pid=424 next_prio=120
      tailscaled-424   [003] d...   377.886517: sched_switch: prev_comm=tailscaled prev_pid=424 prev_prio=120 prev_state=S ==> next_comm=vncserver-x11-c next_pid=452 next_prio=120
 vncserver-x11-c-452   [003] dnh.   377.886588: sched_wakeup: comm=tailscaled pid=424 prio=120 target_cpu=003
 vncserver-x11-c-452   [003] d...   377.886598: sched_switch: prev_comm=vncserver-x11-c prev_pid=452 prev_prio=120 prev_state=R ==> next_comm=tailscaled next_pid=424 next_prio=120
      tailscaled-424   [003] d...   377.886617: sched_switch: prev_comm=tailscaled prev_pid=424 prev_prio=120 prev_state=S ==> next_comm=vncserver-x11-c next_pid=452 next_prio=120
 vncserver-x11-c-452   [003] dnh.   377.886688: sched_wakeup: comm=tailscaled pid=424 prio=120 target_cpu=003
 vncserver-x11-c-452   [003] d...   377.886698: sched_switch: prev_comm=vncserver-x11-c prev_pid=452 prev_prio=120 prev_state=R ==> next_comm=tailscaled next_pid=424 next_prio=120
      tailscaled-424   [003] d...   377.886718: sched_switch: prev_comm=tailscaled prev_pid=424 prev_prio=120 prev_state=S ==> next_comm=vncserver-x11-c next_pid=452 next_prio=120
 vncserver-x11-c-452   [003] dnh.   377.886789: sched_wakeup: comm=tailscaled pid=424 prio=120 target_cpu=003
 vncserver-x11-c-452   [003] d...   377.886798: sched_switch: prev_comm=vncserver-x11-c prev_pid=452 prev_prio=120 prev_state=R ==> next_comm=tailscaled next_pid=424 next_prio=120
      tailscaled-424   [003] d...   377.886818: sched_switch: prev_comm=tailscaled prev_pid=424 prev_prio=120 prev_state=S ==> next_comm=vncserver-x11-c next_pid=452 next_prio=120
 vncserver-x11-c-452   [003] dnh.   377.886893: sched_wakeup: comm=tailscaled pid=424 prio=120 target_cpu=003
 vncserver-x11-c-452   [003] d...   377.886903: sched_switch: prev_comm=vncserver-x11-c prev_pid=452 prev_prio=120 prev_state=R ==> next_comm=tailscaled next_pid=424 next_prio=120
      tailscaled-424   [003] d...   377.886923: sched_switch: prev_comm=tailscaled prev_pid=424 prev_prio=120 prev_state=S ==> next_comm=vncserver-x11-c next_pid=452 next_prio=120
 vncserver-x11-c-452   [003] dnh.   377.886994: sched_wakeup: comm=tailscaled pid=424 prio=120 target_cpu=003
 vncserver-x11-c-452   [003] d...   377.887004: sched_switch: prev_comm=vncserver-x11-c prev_pid=452 prev_prio=120 prev_state=R ==> next_comm=tailscaled next_pid=424 next_prio=120
          <idle>-0     [002] dnh.   377.887032: sched_wakeup: comm=tailscaled pid=425 prio=120 target_cpu=002
      tailscaled-424   [003] d...   377.887038: sched_switch: prev_comm=tailscaled prev_pid=424 prev_prio=120 prev_state=S ==> next_comm=vncserver-x11-c next_pid=452 next_prio=120
          <idle>-0     [002] d...   377.887044: sched_switch: prev_comm=swapper/2 prev_pid=0 prev_prio=120 prev_state=R ==> next_comm=tailscaled next_pid=425 next_prio=120
 vncserver-x11-c-452   [003] dnh.   377.887108: sched_wakeup: comm=tailscaled pid=424 prio=120 target_cpu=003
 vncserver-x11-c-452   [003] d...   377.887118: sched_switch: prev_comm=vncserver-x11-c prev_pid=452 prev_prio=120 prev_state=R ==> next_comm=tailscaled next_pid=424 next_prio=120
      tailscaled-424   [003] d...   377.887146: sched_switch: prev_comm=tailscaled prev_pid=424 prev_prio=120 prev_state=S ==> next_comm=vncserver-x11-c next_pid=452 next_prio=120
 vncserver-x11-c-452   [003] dnh.   377.887217: sched_wakeup: comm=tailscaled pid=424 prio=120 target_cpu=003
 vncserver-x11-c-452   [003] d...   377.887227: sched_switch: prev_comm=vncserver-x11-c prev_pid=452 prev_prio=120 prev_state=R ==> next_comm=tailscaled next_pid=424 next_prio=120
      tailscaled-424   [003] d...   377.887273: sched_switch: prev_comm=tailscaled prev_pid=424 prev_prio=120 prev_state=S ==> next_comm=vncserver-x11-c next_pid=452 next_prio=120
 vncserver-x11-c-452   [003] dnh.   377.887343: sched_wakeup: comm=tailscaled pid=424 prio=120 target_cpu=003
 vncserver-x11-c-452   [003] d...   377.887353: sched_switch: prev_comm=vncserver-x11-c prev_pid=452 prev_prio=120 prev_state=R ==> next_comm=tailscaled next_pid=424 next_prio=120
      tailscaled-424   [003] d...   377.887373: sched_switch: prev_comm=tailscaled prev_pid=424 prev_prio=120 prev_state=S ==> next_comm=vncserver-x11-c next_pid=452 next_prio=120
 vncserver-x11-c-452   [003] dnh.   377.887444: sched_wakeup: comm=tailscaled pid=424 prio=120 target_cpu=003
 vncserver-x11-c-452   [003] d...   377.887453: sched_switch: prev_comm=vncserver-x11-c prev_pid=452 prev_prio=120 prev_state=R ==> next_comm=tailscaled next_pid=424 next_prio=120
      tailscaled-424   [003] d...   377.887473: sched_switch: prev_comm=tailscaled prev_pid=424 prev_prio=120 prev_state=S ==> next_comm=vncserver-x11-c next_pid=452 next_prio=120
 vncserver-x11-c-452   [003] dnh.   377.887544: sched_wakeup: comm=tailscaled pid=424 prio=120 target_cpu=003
 vncserver-x11-c-452   [003] d...   377.887554: sched_switch: prev_comm=vncserver-x11-c prev_pid=452 prev_prio=120 prev_state=R ==> next_comm=tailscaled next_pid=424 next_prio=120
      tailscaled-424   [003] d...   377.887573: sched_switch: prev_comm=tailscaled prev_pid=424 prev_prio=120 prev_state=S ==> next_comm=vncserver-x11-c next_pid=452 next_prio=120
 vncserver-x11-c-452   [003] dnh.   377.887644: sched_wakeup: comm=tailscaled pid=424 prio=120 target_cpu=003
 vncserver-x11-c-452   [003] d...   377.887653: sched_switch: prev_comm=vncserver-x11-c prev_pid=452 prev_prio=120 prev_state=R ==> next_comm=tailscaled next_pid=424 next_prio=120
      tailscaled-424   [003] d...   377.887676: sched_switch: prev_comm=tailscaled prev_pid=424 prev_prio=120 prev_state=S ==> next_comm=vncserver-x11-c next_pid=452 next_prio=120
 vncserver-x11-c-452   [003] dnh.   377.887744: sched_wakeup: comm=tailscaled pid=424 prio=120 target_cpu=003
 vncserver-x11-c-452   [003] d...   377.887753: sched_switch: prev_comm=vncserver-x11-c prev_pid=452 prev_prio=120 prev_state=R ==> next_comm=tailscaled next_pid=424 next_prio=120
      tailscaled-424   [003] d...   377.887772: sched_switch: prev_comm=tailscaled prev_pid=424 prev_prio=120 prev_state=S ==> next_comm=vncserver-x11-c next_pid=452 next_prio=120
 vncserver-x11-c-452   [003] dnh.   377.887844: sched_wakeup: comm=tailscaled pid=424 prio=120 target_cpu=003
 vncserver-x11-c-452   [003] d...   377.887853: sched_switch: prev_comm=vncserver-x11-c prev_pid=452 prev_prio=120 prev_state=R ==> next_comm=tailscaled next_pid=424 next_prio=120
      tailscaled-424   [003] d...   377.887873: sched_switch: prev_comm=tailscaled prev_pid=424 prev_prio=120 prev_state=S ==> next_comm=vncserver-x11-c next_pid=452 next_prio=120
      tailscaled-425   [002] d...   377.887921: sched_switch: prev_comm=tailscaled prev_pid=425 prev_prio=120 prev_state=S ==> next_comm=swapper/2 next_pid=0 next_prio=120
 vncserver-x11-c-452   [003] dnh.   377.887947: sched_wakeup: comm=tailscaled pid=424 prio=120 target_cpu=003
 vncserver-x11-c-452   [003] d...   377.887957: sched_switch: prev_comm=vncserver-x11-c prev_pid=452 prev_prio=120 prev_state=R ==> next_comm=tailscaled next_pid=424 next_prio=120
      tailscaled-424   [003] d...   377.887977: sched_switch: prev_comm=tailscaled prev_pid=424 prev_prio=120 prev_state=S ==> next_comm=vncserver-x11-c next_pid=452 next_prio=120
      tailscaled-546   [001] d...   377.888019: sched_switch: prev_comm=tailscaled prev_pid=546 prev_prio=120 prev_state=S ==> next_comm=kworker/u8:0 next_pid=7 next_prio=120
    kworker/u8:0-7     [001] d...   377.888042: sched_switch: prev_comm=kworker/u8:0 prev_pid=7 prev_prio=120 prev_state=I ==> next_comm=tailscaled next_pid=544 next_prio=120
 vncserver-x11-c-452   [003] dnh.   377.888048: sched_wakeup: comm=tailscaled pid=424 prio=120 target_cpu=003
 vncserver-x11-c-452   [003] d...   377.888058: sched_switch: prev_comm=vncserver-x11-c prev_pid=452 prev_prio=120 prev_state=R ==> next_comm=tailscaled next_pid=424 next_prio=120
      tailscaled-424   [003] d...   377.888077: sched_switch: prev_comm=tailscaled prev_pid=424 prev_prio=120 prev_state=S ==> next_comm=vncserver-x11-c next_pid=452 next_prio=120
      tailscaled-544   [001] d...   377.888105: sched_switch: prev_comm=tailscaled prev_pid=544 prev_prio=120 prev_state=S ==> next_comm=swapper/1 next_pid=0 next_prio=120
 vncserver-x11-c-452   [003] dnh.   377.888148: sched_wakeup: comm=tailscaled pid=424 prio=120 target_cpu=003
 vncserver-x11-c-452   [003] d...   377.888157: sched_switch: prev_comm=vncserver-x11-c prev_pid=452 prev_prio=120 prev_state=R ==> next_comm=tailscaled next_pid=424 next_prio=120
      tailscaled-424   [003] d...   377.888183: sched_switch: prev_comm=tailscaled prev_pid=424 prev_prio=120 prev_state=S ==> next_comm=vncserver-x11-c next_pid=452 next_prio=120
          <idle>-0     [002] dnh.   377.888822: sched_wakeup: comm=kworker/u8:2 pid=126 prio=120 target_cpu=002
          <idle>-0     [002] d...   377.888840: sched_switch: prev_comm=swapper/2 prev_pid=0 prev_prio=120 prev_state=R ==> next_comm=kworker/u8:2 next_pid=126 next_prio=120
    kworker/u8:2-126   [002] d...   377.888885: sched_switch: prev_comm=kworker/u8:2 prev_pid=126 prev_prio=120 prev_state=D ==> next_comm=swapper/2 next_pid=0 next_prio=120
          <idle>-0     [002] dnh.   377.888905: sched_wakeup: comm=kworker/u8:2 pid=126 prio=120 target_cpu=002
          <idle>-0     [002] d...   377.888915: sched_switch: prev_comm=swapper/2 prev_pid=0 prev_prio=120 prev_state=R ==> next_comm=kworker/u8:2 next_pid=126 next_prio=120
