    kworker/u8:2-126   [002] d...   377.889033: sched_switch: prev_comm=kworker/u8:2 prev_pid=126 prev_prio=120 prev_state=D ==> next_comm=swapper/2 next_pid=0 next_prio=120
          <idle>-0     [002] dnh.   377.889664: sched_wakeup: comm=kworker/u8:2 pid=126 prio=120 target_cpu=002
          <idle>-0     [002] d...   377.889678: sched_switch: prev_comm=swapper/2 prev_pid=0 prev_prio=120 prev_state=R ==> next_comm=kworker/u8:2 next_pid=126 next_prio=120
 vncserver-x11-c-452   [003] dnh.   377.889713: sched_wakeup: comm=tailscaled pid=533 prio=120 target_cpu=003
 vncserver-x11-c-452   [003] d...   377.889724: sched_switch: prev_comm=vncserver-x11-c prev_pid=452 prev_prio=120 prev_state=R ==> next_comm=tailscaled next_pid=533 next_prio=120
    kworker/u8:2-126   [002] d...   377.889802: sched_switch: prev_comm=kworker/u8:2 prev_pid=126 prev_prio=120 prev_state=I ==> next_comm=swapper/2 next_pid=0 next_prio=120
      tailscaled-533   [003] d...   377.889814: sched_switch: prev_comm=tailscaled prev_pid=533 prev_prio=120 prev_state=S ==> next_comm=vncserver-x11-c next_pid=452 next_prio=120
          <idle>-0     [002] dnh.   377.900984: sched_wakeup: comm=irq/86-mmc1 pid=80 prio=49 target_cpu=002
          <idle>-0     [002] d...   377.901007: sched_switch: prev_comm=swapper/2 prev_pid=0 prev_prio=120 prev_state=R ==> next_comm=irq/86-mmc1 next_pid=80 next_prio=49
     irq/86-mmc1-80    [002] d...   377.901090: sched_switch: prev_comm=irq/86-mmc1 prev_pid=80 prev_prio=49 prev_state=D ==> next_comm=swapper/2 next_pid=0 next_prio=120
          <idle>-0     [002] dnh.   377.901102: sched_wakeup: comm=irq/86-mmc1 pid=80 prio=49 target_cpu=002
          <idle>-0     [002] d...   377.901108: sched_switch: prev_comm=swapper/2 prev_pid=0 prev_prio=120 prev_state=R ==> next_comm=irq/86-mmc1 next_pid=80 next_prio=49
     irq/86-mmc1-80    [002] d...   377.901143: sched_switch: prev_comm=irq/86-mmc1 prev_pid=80 prev_prio=49 prev_state=D ==> next_comm=swapper/2 next_pid=0 next_prio=120
          <idle>-0     [002] dnh.   377.901159: sched_wakeup: comm=irq/86-mmc1 pid=80 prio=49 target_cpu=002
          <idle>-0     [002] d...   377.901166: sched_switch: prev_comm=swapper/2 prev_pid=0 prev_prio=120 prev_state=R ==> next_comm=irq/86-mmc1 next_pid=80 next_prio=49
     irq/86-mmc1-80    [002] d...   377.901191: sched_switch: prev_comm=irq/86-mmc1 prev_pid=80 prev_prio=49 prev_state=D ==> next_comm=swapper/2 next_pid=0 next_prio=120
          <idle>-0     [002] dnh.   377.901206: sched_wakeup: comm=irq/86-mmc1 pid=80 prio=49 target_cpu=002
          <idle>-0     [002] d...   377.901212: sched_switch: prev_comm=swapper/2 prev_pid=0 prev_prio=120 prev_state=R ==> next_comm=irq/86-mmc1 next_pid=80 next_prio=49
     irq/86-mmc1-80    [002] d...   377.901233: sched_wakeup: comm=kworker/u8:2 pid=126 prio=120 target_cpu=002
     irq/86-mmc1-80    [002] d...   377.901252: sched_switch: prev_comm=irq/86-mmc1 prev_pid=80 prev_prio=49 prev_state=S ==> next_comm=kworker/u8:2 next_pid=126 next_prio=120
    kworker/u8:2-126   [002] d...   377.901318: sched_switch: prev_comm=kworker/u8:2 prev_pid=126 prev_prio=120 prev_state=D ==> next_comm=swapper/2 next_pid=0 next_prio=120
          <idle>-0     [002] dnh.   377.901328: sched_wakeup: comm=kworker/u8:2 pid=126 prio=120 target_cpu=002
          <idle>-0     [002] d...   377.901334: sched_switch: prev_comm=swapper/2 prev_pid=0 prev_prio=120 prev_state=R ==> next_comm=kworker/u8:2 next_pid=126 next_prio=120
    kworker/u8:2-126   [002] d...   377.901368: sched_switch: prev_comm=kworker/u8:2 prev_pid=126 prev_prio=120 prev_state=D ==> next_comm=swapper/2 next_pid=0 next_prio=120
          <idle>-0     [002] dnh.   377.901425: sched_wakeup: comm=kworker/u8:2 pid=126 prio=120 target_cpu=002
          <idle>-0     [001] dnh.   377.901425: sched_wakeup: comm=rngd pid=387 prio=120 target_cpu=001
          <idle>-0     [002] d...   377.901438: sched_switch: prev_comm=swapper/2 prev_pid=0 prev_prio=120 prev_state=R ==> next_comm=kworker/u8:2 next_pid=126 next_prio=120
          <idle>-0     [001] d...   377.901443: sched_switch: prev_comm=swapper/1 prev_pid=0 prev_prio=120 prev_state=R ==> next_comm=rngd next_pid=387 next_prio=120
    kworker/u8:2-126   [002] d...   377.901468: sched_wakeup: comm=kworker/2:2 pid=74 prio=120 target_cpu=002
            rngd-387   [001] d...   377.901481: sched_switch: prev_comm=rngd prev_pid=387 prev_prio=120 prev_state=S ==> next_comm=swapper/1 next_pid=0 next_prio=120
    kworker/u8:2-126   [002] d...   377.901501: sched_switch: prev_comm=kworker/u8:2 prev_pid=126 prev_prio=120 prev_state=D ==> next_comm=kworker/2:2 next_pid=74 next_prio=120
     kworker/2:2-74    [002] d.h.   377.901516: sched_wakeup: comm=kworker/u8:2 pid=126 prio=120 target_cpu=002
     kworker/2:2-74    [002] d...   377.901542: sched_switch: prev_comm=kworker/2:2 prev_pid=74 prev_prio=120 prev_state=I ==> next_comm=kworker/u8:2 next_pid=126 next_prio=120
    kworker/u8:2-126   [002] d...   377.901571: sched_switch: prev_comm=kworker/u8:2 prev_pid=126 prev_prio=120 prev_state=I ==> next_comm=swapper/2 next_pid=0 next_prio=120
          <idle>-0     [002] dnh.   377.903457: sched_wakeup: comm=irq/86-mmc1 pid=80 prio=49 target_cpu=002
          <idle>-0     [002] d...   377.903469: sched_switch: prev_comm=swapper/2 prev_pid=0 prev_prio=120 prev_state=R ==> next_comm=irq/86-mmc1 next_pid=80 next_prio=49
     irq/86-mmc1-80    [002] d...   377.903491: sched_switch: prev_comm=irq/86-mmc1 prev_pid=80 prev_prio=49 prev_state=D ==> next_comm=swapper/2 next_pid=0 next_prio=120
          <idle>-0     [002] dnh.   377.903508: sched_wakeup: comm=irq/86-mmc1 pid=80 prio=49 target_cpu=002
          <idle>-0     [002] d...   377.903519: sched_switch: prev_comm=swapper/2 prev_pid=0 prev_prio=120 prev_state=R ==> next_comm=irq/86-mmc1 next_pid=80 next_prio=49
     irq/86-mmc1-80    [002] d...   377.903545: sched_switch: prev_comm=irq/86-mmc1 prev_pid=80 prev_prio=49 prev_state=D ==> next_comm=swapper/2 next_pid=0 next_prio=120
          <idle>-0     [002] dnh.   377.903561: sched_wakeup: comm=irq/86-mmc1 pid=80 prio=49 target_cpu=002
          <idle>-0     [002] d...   377.903572: sched_switch: prev_comm=swapper/2 prev_pid=0 prev_prio=120 prev_state=R ==> next_comm=irq/86-mmc1 next_pid=80 next_prio=49
     irq/86-mmc1-80    [002] d...   377.903596: sched_switch: prev_comm=irq/86-mmc1 prev_pid=80 prev_prio=49 prev_state=D ==> next_comm=swapper/2 next_pid=0 next_prio=120
          <idle>-0     [002] dnh.   377.903612: sched_wakeup: comm=irq/86-mmc1 pid=80 prio=49 target_cpu=002
          <idle>-0     [002] d...   377.903622: sched_switch: prev_comm=swapper/2 prev_pid=0 prev_prio=120 prev_state=R ==> next_comm=irq/86-mmc1 next_pid=80 next_prio=49
     irq/86-mmc1-80    [002] d...   377.903634: sched_wakeup: comm=kworker/u8:2 pid=126 prio=120 target_cpu=002
     irq/86-mmc1-80    [002] d...   377.903649: sched_switch: prev_comm=irq/86-mmc1 prev_pid=80 prev_prio=49 prev_state=S ==> next_comm=kworker/u8:2 next_pid=126 next_prio=120
    kworker/u8:2-126   [002] d...   377.903686: sched_switch: prev_comm=kworker/u8:2 prev_pid=126 prev_prio=120 prev_state=D ==> next_comm=swapper/2 next_pid=0 next_prio=120
          <idle>-0     [002] dnh.   377.903704: sched_wakeup: comm=kworker/u8:2 pid=126 prio=120 target_cpu=002
          <idle>-0     [002] d...   377.903716: sched_switch: prev_comm=swapper/2 prev_pid=0 prev_prio=120 prev_state=R ==> next_comm=kworker/u8:2 next_pid=126 next_prio=120
    kworker/u8:2-126   [002] d...   377.903744: sched_switch: prev_comm=kworker/u8:2 prev_pid=126 prev_prio=120 prev_state=D ==> next_comm=swapper/2 next_pid=0 next_prio=120
          <idle>-0     [002] dnh.   377.903789: sched_wakeup: comm=kworker/u8:2 pid=126 prio=120 target_cpu=002
          <idle>-0     [002] d...   377.903801: sched_switch: prev_comm=swapper/2 prev_pid=0 prev_prio=120 prev_state=R ==> next_comm=kworker/u8:2 next_pid=126 next_prio=120
    kworker/u8:2-126   [002] d...   377.903820: sched_wakeup: comm=kworker/2:2 pid=74 prio=120 target_cpu=002
    kworker/u8:2-126   [002] d...   377.903850: sched_switch: prev_comm=kworker/u8:2 prev_pid=126 prev_prio=120 prev_state=D ==> next_comm=kworker/2:2 next_pid=74 next_prio=120
     kworker/2:2-74    [002] d.h.   377.903865: sched_wakeup: comm=kworker/u8:2 pid=126 prio=120 target_cpu=002
     kworker/2:2-74    [002] d...   377.903876: sched_switch: prev_comm=kworker/2:2 prev_pid=74 prev_prio=120 prev_state=I ==> next_comm=kworker/u8:2 next_pid=126 next_prio=120
    kworker/u8:2-126   [002] d...   377.903889: sched_switch: prev_comm=kworker/u8:2 prev_pid=126 prev_prio=120 prev_state=I ==> next_comm=swapper/2 next_pid=0 next_prio=120
          <idle>-0     [002] dnh.   377.918256: sched_wakeup: comm=irq/86-mmc1 pid=80 prio=49 target_cpu=002
          <idle>-0     [002] d...   377.918275: sched_switch: prev_comm=swapper/2 prev_pid=0 prev_prio=120 prev_state=R ==> next_comm=irq/86-mmc1 next_pid=80 next_prio=49
     irq/86-mmc1-80    [002] d...   377.918354: sched_switch: prev_comm=irq/86-mmc1 prev_pid=80 prev_prio=49 prev_state=D ==> next_comm=swapper/2 next_pid=0 next_prio=120
          <idle>-0     [002] dnh.   377.918373: sched_wakeup: comm=irq/86-mmc1 pid=80 prio=49 target_cpu=002
          <idle>-0     [002] d...   377.918381: sched_switch: prev_comm=swapper/2 prev_pid=0 prev_prio=120 prev_state=R ==> next_comm=irq/86-mmc1 next_pid=80 next_prio=49
     irq/86-mmc1-80    [002] d...   377.918412: sched_switch: prev_comm=irq/86-mmc1 prev_pid=80 prev_prio=49 prev_state=D ==> next_comm=swapper/2 next_pid=0 next_prio=120
          <idle>-0     [002] dnh.   377.918427: sched_wakeup: comm=irq/86-mmc1 pid=80 prio=49 target_cpu=002
          <idle>-0     [002] d...   377.918433: sched_switch: prev_comm=swapper/2 prev_pid=0 prev_prio=120 prev_state=R ==> next_comm=irq/86-mmc1 next_pid=80 next_prio=49
     irq/86-mmc1-80    [002] d...   377.918457: sched_switch: prev_comm=irq/86-mmc1 prev_pid=80 prev_prio=49 prev_state=D ==> next_comm=swapper/2 next_pid=0 next_prio=120
          <idle>-0     [002] dnh.   377.918473: sched_wakeup: comm=irq/86-mmc1 pid=80 prio=49 target_cpu=002
          <idle>-0     [002] d...   377.918479: sched_switch: prev_comm=swapper/2 prev_pid=0 prev_prio=120 prev_state=R ==> next_comm=irq/86-mmc1 next_pid=80 next_prio=49
     irq/86-mmc1-80    [002] d...   377.918496: sched_wakeup: comm=kworker/u8:2 pid=126 prio=120 target_cpu=002
     irq/86-mmc1-80    [002] d...   377.918515: sched_switch: prev_comm=irq/86-mmc1 prev_pid=80 prev_prio=49 prev_state=S ==> next_comm=kworker/u8:2 next_pid=126 next_prio=120
    kworker/u8:2-126   [002] d...   377.918572: sched_switch: prev_comm=kworker/u8:2 prev_pid=126 prev_prio=120 prev_state=D ==> next_comm=swapper/2 next_pid=0 next_prio=120
          <idle>-0     [002] dnh.   377.918582: sched_wakeup: comm=kworker/u8:2 pid=126 prio=120 target_cpu=002
          <idle>-0     [002] d...   377.918588: sched_switch: prev_comm=swapper/2 prev_pid=0 prev_prio=120 prev_state=R ==> next_comm=kworker/u8:2 next_pid=126 next_prio=120
    kworker/u8:2-126   [002] d...   377.918618: sched_switch: prev_comm=kworker/u8:2 prev_pid=126 prev_prio=120 prev_state=D ==> next_comm=swapper/2 next_pid=0 next_prio=120
          <idle>-0     [002] dnh.   377.918661: sched_wakeup: comm=kworker/u8:2 pid=126 prio=120 target_cpu=002
          <idle>-0     [002] d...   377.918673: sched_switch: prev_comm=swapper/2 prev_pid=0 prev_prio=120 prev_state=R ==> next_comm=kworker/u8:2 next_pid=126 next_prio=120
    kworker/u8:2-126   [002] d...   377.918696: sched_wakeup: comm=kworker/2:2 pid=74 prio=120 target_cpu=002
    kworker/u8:2-126   [002] d...   377.918726: sched_switch: prev_comm=kworker/u8:2 prev_pid=126 prev_prio=120 prev_state=D ==> next_comm=kworker/2:2 next_pid=74 next_prio=120
     kworker/2:2-74    [002] d.h.   377.918741: sched_wakeup: comm=kworker/u8:2 pid=126 prio=120 target_cpu=002
     kworker/2:2-74    [002] d...   377.918758: sched_switch: prev_comm=kworker/2:2 prev_pid=74 prev_prio=120 prev_state=I ==> next_comm=kworker/u8:2 next_pid=126 next_prio=120
    kworker/u8:2-126   [002] d...   377.918781: sched_switch: prev_comm=kworker/u8:2 prev_pid=126 prev_prio=120 prev_state=I ==> next_comm=swapper/2 next_pid=0 next_prio=120
 vncserver-x11-c-452   [003] dnH.   377.919423: sched_wakeup: comm=kworker/3:0 pid=1136 prio=120 target_cpu=003
 vncserver-x11-c-452   [003] d...   377.919440: sched_switch: prev_comm=vncserver-x11-c prev_pid=452 prev_prio=120 prev_state=R ==> next_comm=kworker/3:0 next_pid=1136 next_prio=120
     kworker/3:0-1136  [003] d.h.   377.919504: sched_wakeup: comm=kworker/3:0 pid=1136 prio=120 target_cpu=003
     kworker/3:0-1136  [003] d...   377.919525: sched_switch: prev_comm=kworker/3:0 prev_pid=1136 prev_prio=120 prev_state=D ==> next_comm=vncserver-x11-c next_pid=452 next_prio=120
 vncserver-x11-c-452   [003] d...   377.919864: sched_switch: prev_comm=vncserver-x11-c prev_pid=452 prev_prio=120 prev_state=S ==> next_comm=swapper/3 next_pid=0 next_prio=120
          <idle>-0     [003] dnh.   377.921111: sched_wakeup: comm=kworker/3:0 pid=1136 prio=120 target_cpu=003
          <idle>-0     [003] d...   377.921118: sched_switch: prev_comm=swapper/3 prev_pid=0 prev_prio=120 prev_state=R ==> next_comm=kworker/3:0 next_pid=1136 next_prio=120
     kworker/3:0-1136  [003] d...   377.921134: sched_switch: prev_comm=kworker/3:0 prev_pid=1136 prev_prio=120 prev_state=I ==> next_comm=swapper/3 next_pid=0 next_prio=120
          <idle>-0     [001] dnh.   377.929380: sched_wakeup: comm=brcmf_wdog/mmc1 pid=243 prio=120 target_cpu=001
          <idle>-0     [001] d...   377.929387: sched_switch: prev_comm=swapper/1 prev_pid=0 prev_prio=120 prev_state=R ==> next_comm=brcmf_wdog/mmc1 next_pid=243 next_prio=120
 brcmf_wdog/mmc1-243   [001] d...   377.929395: sched_switch: prev_comm=brcmf_wdog/mmc1 prev_pid=243 prev_prio=120 prev_state=S ==> next_comm=swapper/1 next_pid=0 next_prio=120
          <idle>-0     [002] dnh.   377.930091: sched_wakeup: comm=irq/86-mmc1 pid=80 prio=49 target_cpu=002
          <idle>-0     [002] d...   377.930098: sched_switch: prev_comm=swapper/2 prev_pid=0 prev_prio=120 prev_state=R ==> next_comm=irq/86-mmc1 next_pid=80 next_prio=49
     irq/86-mmc1-80    [002] d...   377.930113: sched_switch: prev_comm=irq/86-mmc1 prev_pid=80 prev_prio=49 prev_state=D ==> next_comm=swapper/2 next_pid=0 next_prio=120
          <idle>-0     [002] dnh.   377.930121: sched_wakeup: comm=irq/86-mmc1 pid=80 prio=49 target_cpu=002
          <idle>-0     [002] d...   377.930126: sched_switch: prev_comm=swapper/2 prev_pid=0 prev_prio=120 prev_state=R ==> next_comm=irq/86-mmc1 next_pid=80 next_prio=49
     irq/86-mmc1-80    [002] d...   377.930144: sched_switch: prev_comm=irq/86-mmc1 prev_pid=80 prev_prio=49 prev_state=D ==> next_comm=swapper/2 next_pid=0 next_prio=120
          <idle>-0     [002] dnh.   377.930152: sched_wakeup: comm=irq/86-mmc1 pid=80 prio=49 target_cpu=002
          <idle>-0     [002] d...   377.930157: sched_switch: prev_comm=swapper/2 prev_pid=0 prev_prio=120 prev_state=R ==> next_comm=irq/86-mmc1 next_pid=80 next_prio=49
     irq/86-mmc1-80    [002] d...   377.930173: sched_switch: prev_comm=irq/86-mmc1 prev_pid=80 prev_prio=49 prev_state=D ==> next_comm=swapper/2 next_pid=0 next_prio=120
          <idle>-0     [002] dnh.   377.930183: sched_wakeup: comm=irq/86-mmc1 pid=80 prio=49 target_cpu=002
          <idle>-0     [002] d...   377.930189: sched_switch: prev_comm=swapper/2 prev_pid=0 prev_prio=120 prev_state=R ==> next_comm=irq/86-mmc1 next_pid=80 next_prio=49
     irq/86-mmc1-80    [002] d...   377.930194: sched_wakeup: comm=kworker/u8:2 pid=126 prio=120 target_cpu=002
     irq/86-mmc1-80    [002] d...   377.930203: sched_switch: prev_comm=irq/86-mmc1 prev_pid=80 prev_prio=49 prev_state=S ==> next_comm=kworker/u8:2 next_pid=126 next_prio=120
    kworker/u8:2-126   [002] d...   377.930243: sched_switch: prev_comm=kworker/u8:2 prev_pid=126 prev_prio=120 prev_state=D ==> next_comm=swapper/2 next_pid=0 next_prio=120
          <idle>-0     [002] dnh.   377.930247: sched_wakeup: comm=kworker/u8:2 pid=126 prio=120 target_cpu=002
          <idle>-0     [002] d...   377.930250: sched_switch: prev_comm=swapper/2 prev_pid=0 prev_prio=120 prev_state=R ==> next_comm=kworker/u8:2 next_pid=126 next_prio=120
    kworker/u8:2-126   [002] d...   377.930268: sched_switch: prev_comm=kworker/u8:2 prev_pid=126 prev_prio=120 prev_state=D ==> next_comm=swapper/2 next_pid=0 next_prio=120
          <idle>-0     [002] dnh.   377.930299: sched_wakeup: comm=kworker/u8:2 pid=126 prio=120 target_cpu=002
          <idle>-0     [002] d...   377.930305: sched_switch: prev_comm=swapper/2 prev_pid=0 prev_prio=120 prev_state=R ==> next_comm=kworker/u8:2 next_pid=126 next_prio=120
    kworker/u8:2-126   [002] d...   377.930316: sched_wakeup: comm=kworker/2:2 pid=74 prio=120 target_cpu=002
    kworker/u8:2-126   [002] d...   377.930335: sched_switch: prev_comm=kworker/u8:2 prev_pid=126 prev_prio=120 prev_state=D ==> next_comm=kworker/2:2 next_pid=74 next_prio=120
     kworker/2:2-74    [002] d.h.   377.930346: sched_wakeup: comm=kworker/u8:2 pid=126 prio=120 target_cpu=002
     kworker/2:2-74    [002] d...   377.930351: sched_switch: prev_comm=kworker/2:2 prev_pid=74 prev_prio=120 prev_state=I ==> next_comm=kworker/u8:2 next_pid=126 next_prio=120
    kworker/u8:2-126   [002] d...   377.930362: sched_switch: prev_comm=kworker/u8:2 prev_pid=126 prev_prio=120 prev_state=I ==> next_comm=swapper/2 next_pid=0 next_prio=120
          <idle>-0     [000] dnh.   377.934683: sched_wakeup: comm=vncagent pid=511 prio=120 target_cpu=000
          <idle>-0     [000] d...   377.934693: sched_switch: prev_comm=swapper/0 prev_pid=0 prev_prio=120 prev_state=R ==> next_comm=vncagent next_pid=511 next_prio=120
          <idle>-0     [001] dnh.   377.934748: sched_wakeup: comm=Xorg pid=492 prio=120 target_cpu=001
          <idle>-0     [001] d...   377.934754: sched_switch: prev_comm=swapper/1 prev_pid=0 prev_prio=120 prev_state=R ==> next_comm=Xorg next_pid=492 next_prio=120
        vncagent-511   [000] d...   377.934759: sched_switch: prev_comm=vncagent prev_pid=511 prev_prio=120 prev_state=S ==> next_comm=swapper/0 next_pid=0 next_prio=120
          <idle>-0     [000] dnh.   377.934835: sched_wakeup: comm=vncagent pid=511 prio=120 target_cpu=000
          <idle>-0     [000] d...   377.934841: sched_switch: prev_comm=swapper/0 prev_pid=0 prev_prio=120 prev_state=R ==> next_comm=vncagent next_pid=511 next_prio=120
            Xorg-492   [001] d...   377.934852: sched_switch: prev_comm=Xorg prev_pid=492 prev_prio=120 prev_state=S ==> next_comm=swapper/1 next_pid=0 next_prio=120
        vncagent-511   [000] d...   377.934887: sched_switch: prev_comm=vncagent prev_pid=511 prev_prio=120 prev_state=S ==> next_comm=swapper/0 next_pid=0 next_prio=120
          <idle>-0     [001] dnh.   377.949370: sched_wakeup: comm=brcmf_wdog/mmc1 pid=243 prio=120 target_cpu=001
          <idle>-0     [001] d...   377.949376: sched_switch: prev_comm=swapper/1 prev_pid=0 prev_prio=120 prev_state=R ==> next_comm=brcmf_wdog/mmc1 next_pid=243 next_prio=120
 brcmf_wdog/mmc1-243   [001] d...   377.949381: sched_switch: prev_comm=brcmf_wdog/mmc1 prev_pid=243 prev_prio=120 prev_state=S ==> next_comm=swapper/1 next_pid=0 next_prio=120
          <idle>-0     [003] dns.   377.949435: sched_wakeup: comm=tailscaled pid=533 prio=120 target_cpu=003
          <idle>-0     [003] dns.   377.949457: sched_wakeup: comm=ksoftirqd/3 pid=26 prio=120 target_cpu=003
          <idle>-0     [003] d...   377.949464: sched_switch: prev_comm=swapper/3 prev_pid=0 prev_prio=120 prev_state=R ==> next_comm=tailscaled next_pid=533 next_prio=120
      tailscaled-533   [003] dn..   377.949515: sched_wakeup: comm=tailscaled pid=424 prio=120 target_cpu=003
      tailscaled-533   [003] d...   377.949520: sched_switch: prev_comm=tailscaled prev_pid=533 prev_prio=120 prev_state=R ==> next_comm=tailscaled next_pid=424 next_prio=120
      tailscaled-424   [003] d...   377.949535: sched_switch: prev_comm=tailscaled prev_pid=424 prev_prio=120 prev_state=R ==> next_comm=ksoftirqd/3 next_pid=26 next_prio=120
     ksoftirqd/3-26    [003] d...   377.949545: sched_switch: prev_comm=ksoftirqd/3 prev_pid=26 prev_prio=120 prev_state=S ==> next_comm=tailscaled next_pid=424 next_prio=120
      tailscaled-424   [003] d...   377.949558: sched_switch: prev_comm=tailscaled prev_pid=424 prev_prio=120 prev_state=S ==> next_comm=tailscaled next_pid=533 next_prio=120
      tailscaled-533   [003] dn..   377.949566: sched_wakeup: comm=tailscaled pid=424 prio=120 target_cpu=003
      tailscaled-533   [003] d...   377.949569: sched_switch: prev_comm=tailscaled prev_pid=533 prev_prio=120 prev_state=R ==> next_comm=tailscaled next_pid=424 next_prio=120
      tailscaled-424   [003] d...   377.949586: sched_switch: prev_comm=tailscaled prev_pid=424 prev_prio=120 prev_state=S ==> next_comm=tailscaled next_pid=533 next_prio=120
          <idle>-0     [001] dnh.   377.949646: sched_wakeup: comm=tailscaled pid=544 prio=120 target_cpu=001
          <idle>-0     [001] d...   377.949654: sched_switch: prev_comm=swapper/1 prev_pid=0 prev_prio=120 prev_state=R ==> next_comm=tailscaled next_pid=544 next_prio=120
      tailscaled-533   [003] dnh.   377.949657: sched_wakeup: comm=tailscaled pid=424 prio=120 target_cpu=003
      tailscaled-533   [003] d...   377.949662: sched_switch: prev_comm=tailscaled prev_pid=533 prev_prio=120 prev_state=R ==> next_comm=tailscaled next_pid=424 next_prio=120
      tailscaled-424   [003] d...   377.949674: sched_switch: prev_comm=tailscaled prev_pid=424 prev_prio=120 prev_state=S ==> next_comm=tailscaled next_pid=533 next_prio=120
      tailscaled-544   [001] d...   377.949694: sched_switch: prev_comm=tailscaled prev_pid=544 prev_prio=120 prev_state=S ==> next_comm=swapper/1 next_pid=0 next_prio=120
          <idle>-0     [001] dnh.   377.949737: sched_wakeup: comm=tailscaled pid=544 prio=120 target_cpu=001
          <idle>-0     [001] d...   377.949744: sched_switch: prev_comm=swapper/1 prev_pid=0 prev_prio=120 prev_state=R ==> next_comm=tailscaled next_pid=544 next_prio=120
      tailscaled-533   [003] dnh.   377.949745: sched_wakeup: comm=tailscaled pid=424 prio=120 target_cpu=003
      tailscaled-533   [003] d...   377.949750: sched_switch: prev_comm=tailscaled prev_pid=533 prev_prio=120 prev_state=R ==> next_comm=tailscaled next_pid=424 next_prio=120
      tailscaled-424   [003] d...   377.949760: sched_switch: prev_comm=tailscaled prev_pid=424 prev_prio=120 prev_state=S ==> next_comm=tailscaled next_pid=533 next_prio=120
      tailscaled-544   [001] d...   377.949767: sched_switch: prev_comm=tailscaled prev_pid=544 prev_prio=120 prev_state=S ==> next_comm=swapper/1 next_pid=0 next_prio=120
          <idle>-0     [001] dnh.   377.949783: sched_wakeup: comm=tailscaled pid=546 prio=120 target_cpu=001
          <idle>-0     [001] d...   377.949789: sched_switch: prev_comm=swapper/1 prev_pid=0 prev_prio=120 prev_state=R ==> next_comm=tailscaled next_pid=546 next_prio=120
      tailscaled-546   [001] d...   377.949810: sched_switch: prev_comm=tailscaled prev_pid=546 prev_prio=120 prev_state=S ==> next_comm=swapper/1 next_pid=0 next_prio=120
      tailscaled-533   [003] dnh.   377.949833: sched_wakeup: comm=tailscaled pid=424 prio=120 target_cpu=003
      tailscaled-533   [003] d...   377.949838: sched_switch: prev_comm=tailscaled prev_pid=533 prev_prio=120 prev_state=R ==> next_comm=tailscaled next_pid=424 next_prio=120
      tailscaled-424   [003] d...   377.949848: sched_switch: prev_comm=tailscaled prev_pid=424 prev_prio=120 prev_state=S ==> next_comm=tailscaled next_pid=533 next_prio=120
          <idle>-0     [001] dnh.   377.949861: sched_wakeup: comm=tailscaled pid=546 prio=120 target_cpu=001
          <idle>-0     [001] d...   377.949867: sched_switch: prev_comm=swapper/1 prev_pid=0 prev_prio=120 prev_state=R ==> next_comm=tailscaled next_pid=546 next_prio=120
          <idle>-0     [002] dnh.   377.949882: sched_wakeup: comm=tailscaled pid=425 prio=120 target_cpu=002
          <idle>-0     [002] d...   377.949890: sched_switch: prev_comm=swapper/2 prev_pid=0 prev_prio=120 prev_state=R ==> next_comm=tailscaled next_pid=425 next_prio=120
      tailscaled-533   [003] dnh.   377.949919: sched_wakeup: comm=tailscaled pid=424 prio=120 target_cpu=003
      tailscaled-425   [002] d...   377.949922: sched_switch: prev_comm=tailscaled prev_pid=425 prev_prio=120 prev_state=S ==> next_comm=swapper/2 next_pid=0 next_prio=120
      tailscaled-533   [003] d...   377.949923: sched_switch: prev_comm=tailscaled prev_pid=533 prev_prio=120 prev_state=R ==> next_comm=tailscaled next_pid=424 next_prio=120
      tailscaled-546   [001] d...   377.949932: sched_switch: prev_comm=tailscaled prev_pid=546 prev_prio=120 prev_state=S ==> next_comm=swapper/1 next_pid=0 next_prio=120
      tailscaled-424   [003] d...   377.949933: sched_switch: prev_comm=tailscaled prev_pid=424 prev_prio=120 prev_state=S ==> next_comm=tailscaled next_pid=533 next_prio=120
          <idle>-0     [001] dnh.   377.949976: sched_wakeup: comm=tailscaled pid=546 prio=120 target_cpu=001
          <idle>-0     [001] d...   377.949982: sched_switch: prev_comm=swapper/1 prev_pid=0 prev_prio=120 prev_state=R ==> next_comm=tailscaled next_pid=546 next_prio=120
      tailscaled-533   [003] dnh.   377.950003: sched_wakeup: comm=tailscaled pid=424 prio=120 target_cpu=003
      tailscaled-546   [001] d...   377.950007: sched_switch: prev_comm=tailscaled prev_pid=546 prev_prio=120 prev_state=S ==> next_comm=swapper/1 next_pid=0 next_prio=120
      tailscaled-533   [003] d...   377.950008: sched_switch: prev_comm=tailscaled prev_pid=533 prev_prio=120 prev_state=R ==> next_comm=tailscaled next_pid=424 next_prio=120
      tailscaled-424   [003] d...   377.950018: sched_switch: prev_comm=tailscaled prev_pid=424 prev_prio=120 prev_state=S ==> next_comm=tailscaled next_pid=533 next_prio=120
      tailscaled-533   [003] dnh.   377.950090: sched_wakeup: comm=tailscaled pid=424 prio=120 target_cpu=003
          <idle>-0     [002] dnh.   377.950137: sched_wakeup: comm=kworker/u8:2 pid=126 prio=120 target_cpu=002
      tailscaled-533   [003] d...   377.950141: sched_switch: prev_comm=tailscaled prev_pid=533 prev_prio=120 prev_state=R+ ==> next_comm=tailscaled next_pid=424 next_prio=120
          <idle>-0     [002] d...   377.950142: sched_switch: prev_comm=swapper/2 prev_pid=0 prev_prio=120 prev_state=R ==> next_comm=kworker/u8:2 next_pid=126 next_prio=120
      tailscaled-424   [003] d...   377.950152: sched_switch: prev_comm=tailscaled prev_pid=424 prev_prio=120 prev_state=S ==> next_comm=tailscaled next_pid=533 next_prio=120
    kworker/u8:2-126   [002] d...   377.950185: sched_switch: prev_comm=kworker/u8:2 prev_pid=126 prev_prio=120 prev_state=D ==> next_comm=swapper/2 next_pid=0 next_prio=120
      tailscaled-533   [003] d...   377.950199: sched_switch: prev_comm=tailscaled prev_pid=533 prev_prio=120 prev_state=S ==> next_comm=swapper/3 next_pid=0 next_prio=120
          <idle>-0     [003] dnh.   377.950222: sched_wakeup: comm=tailscaled pid=424 prio=120 target_cpu=003
          <idle>-0     [003] d...   377.950230: sched_switch: prev_comm=swapper/3 prev_pid=0 prev_prio=120 prev_state=R ==> next_comm=tailscaled next_pid=424 next_prio=120
      tailscaled-424   [003] d...   377.950243: sched_switch: prev_comm=tailscaled prev_pid=424 prev_prio=120 prev_state=S ==> next_comm=swapper/3 next_pid=0 next_prio=120
          <idle>-0     [002] dnh.   377.950246: sched_wakeup: comm=kworker/u8:2 pid=126 prio=120 target_cpu=002
          <idle>-0     [002] d...   377.950252: sched_switch: prev_comm=swapper/2 prev_pid=0 prev_prio=120 prev_state=R ==> next_comm=kworker/u8:2 next_pid=126 next_prio=120
    kworker/u8:2-126   [002] d...   377.950267: sched_switch: prev_comm=kworker/u8:2 prev_pid=126 prev_prio=120 prev_state=D ==> next_comm=swapper/2 next_pid=0 next_prio=120
          <idle>-0     [002] dnh.   377.950297: sched_wakeup: comm=kworker/u8:2 pid=126 prio=120 target_cpu=002
          <idle>-0     [002] d...   377.950302: sched_switch: prev_comm=swapper/2 prev_pid=0 prev_prio=120 prev_state=R ==> next_comm=kworker/u8:2 next_pid=126 next_prio=120
          <idle>-0     [001] dnh.   377.950315: sched_wakeup: comm=tailscaled pid=544 prio=120 target_cpu=001
    kworker/u8:2-126   [002] d...   377.950318: sched_switch: prev_comm=kworker/u8:2 prev_pid=126 prev_prio=120 prev_state=I ==> next_comm=swapper/2 next_pid=0 next_prio=120
          <idle>-0     [001] d...   377.950322: sched_switch: prev_comm=swapper/1 prev_pid=0 prev_prio=120 prev_state=R ==> next_comm=tailscaled next_pid=544 next_prio=120
      tailscaled-544   [001] d...   377.950351: sched_switch: prev_comm=tailscaled prev_pid=544 prev_prio=120 prev_state=S ==> next_comm=swapper/1 next_pid=0 next_prio=120
          <idle>-0     [001] dnh.   377.963402: sched_wakeup: comm=tailscaled pid=544 prio=120 target_cpu=001
          <idle>-0     [001] d...   377.963410: sched_switch: prev_comm=swapper/1 prev_pid=0 prev_prio=120 prev_state=R ==> next_comm=tailscaled next_pid=544 next_prio=120
      tailscaled-544   [001] d...   377.963433: sched_switch: prev_comm=tailscaled prev_pid=544 prev_prio=120 prev_state=S ==> next_comm=swapper/1 next_pid=0 next_prio=120
          <idle>-0     [003] dnh.   377.964333: sched_wakeup: comm=tailscaled pid=424 prio=120 target_cpu=003
          <idle>-0     [003] d...   377.964341: sched_switch: prev_comm=swapper/3 prev_pid=0 prev_prio=120 prev_state=R ==> next_comm=tailscaled next_pid=424 next_prio=120
      tailscaled-424   [003] d...   377.964351: sched_switch: prev_comm=tailscaled prev_pid=424 prev_prio=120 prev_state=S ==> next_comm=swapper/3 next_pid=0 next_prio=120
          <idle>-0     [003] dnh.   377.964422: sched_wakeup: comm=tailscaled pid=424 prio=120 target_cpu=003
          <idle>-0     [003] d...   377.964429: sched_switch: prev_comm=swapper/3 prev_pid=0 prev_prio=120 prev_state=R ==> next_comm=tailscaled next_pid=424 next_prio=120
      tailscaled-424   [003] d...   377.964438: sched_switch: prev_comm=tailscaled prev_pid=424 prev_prio=120 prev_state=S ==> next_comm=swapper/3 next_pid=0 next_prio=120
          <idle>-0     [001] dnh.   377.964482: sched_wakeup: comm=tailscaled pid=544 prio=120 target_cpu=001
          <idle>-0     [001] d...   377.964488: sched_switch: prev_comm=swapper/1 prev_pid=0 prev_prio=120 prev_state=R ==> next_comm=tailscaled next_pid=544 next_prio=120
          <idle>-0     [003] dnh.   377.964510: sched_wakeup: comm=tailscaled pid=424 prio=120 target_cpu=003
          <idle>-0     [003] dnh.   377.964519: sched_wakeup: comm=tailscaled pid=533 prio=120 target_cpu=003
          <idle>-0     [003] d...   377.964523: sched_switch: prev_comm=swapper/3 prev_pid=0 prev_prio=120 prev_state=R ==> next_comm=tailscaled next_pid=424 next_prio=120
      tailscaled-424   [003] d...   377.964547: sched_switch: prev_comm=tailscaled prev_pid=424 prev_prio=120 prev_state=S ==> next_comm=tailscaled next_pid=533 next_prio=120
      tailscaled-533   [003] d...   377.964587: sched_switch: prev_comm=tailscaled prev_pid=533 prev_prio=120 prev_state=S ==> next_comm=swapper/3 next_pid=0 next_prio=120
      tailscaled-544   [001] d...   377.964594: sched_switch: prev_comm=tailscaled prev_pid=544 prev_prio=120 prev_state=S ==> next_comm=swapper/1 next_pid=0 next_prio=120
          <idle>-0     [003] dnh.   377.964619: sched_wakeup: comm=tailscaled pid=424 prio=120 target_cpu=003
          <idle>-0     [003] d...   377.964626: sched_switch: prev_comm=swapper/3 prev_pid=0 prev_prio=120 prev_state=R ==> next_comm=tailscaled next_pid=424 next_prio=120
      tailscaled-424   [003] d...   377.964636: sched_switch: prev_comm=tailscaled prev_pid=424 prev_prio=120 prev_state=S ==> next_comm=swapper/3 next_pid=0 next_prio=120
          <idle>-0     [002] dnh.   377.967798: sched_wakeup: comm=irq/86-mmc1 pid=80 prio=49 target_cpu=002
          <idle>-0     [002] d...   377.967806: sched_switch: prev_comm=swapper/2 prev_pid=0 prev_prio=120 prev_state=R ==> next_comm=irq/86-mmc1 next_pid=80 next_prio=49
     irq/86-mmc1-80    [002] d...   377.967822: sched_switch: prev_comm=irq/86-mmc1 prev_pid=80 prev_prio=49 prev_state=D ==> next_comm=swapper/2 next_pid=0 next_prio=120
          <idle>-0     [002] dnh.   377.967827: sched_wakeup: comm=irq/86-mmc1 pid=80 prio=49 target_cpu=002
          <idle>-0     [002] d...   377.967829: sched_switch: prev_comm=swapper/2 prev_pid=0 prev_prio=120 prev_state=R ==> next_comm=irq/86-mmc1 next_pid=80 next_prio=49
     irq/86-mmc1-80    [002] d...   377.967847: sched_switch: prev_comm=irq/86-mmc1 prev_pid=80 prev_prio=49 prev_state=D ==> next_comm=swapper/2 next_pid=0 next_prio=120
          <idle>-0     [002] dnh.   377.967856: sched_wakeup: comm=irq/86-mmc1 pid=80 prio=49 target_cpu=002
          <idle>-0     [002] d...   377.967859: sched_switch: prev_comm=swapper/2 prev_pid=0 prev_prio=120 prev_state=R ==> next_comm=irq/86-mmc1 next_pid=80 next_prio=49
     irq/86-mmc1-80    [002] d...   377.967874: sched_switch: prev_comm=irq/86-mmc1 prev_pid=80 prev_prio=49 prev_state=D ==> next_comm=swapper/2 next_pid=0 next_prio=120
          <idle>-0     [002] dnh.   377.967885: sched_wakeup: comm=irq/86-mmc1 pid=80 prio=49 target_cpu=002
          <idle>-0     [002] d...   377.967888: sched_switch: prev_comm=swapper/2 prev_pid=0 prev_prio=120 prev_state=R ==> next_comm=irq/86-mmc1 next_pid=80 next_prio=49
     irq/86-mmc1-80    [002] d...   377.967893: sched_wakeup: comm=kworker/u8:2 pid=126 prio=120 target_cpu=002
     irq/86-mmc1-80    [002] d...   377.967902: sched_switch: prev_comm=irq/86-mmc1 prev_pid=80 prev_prio=49 prev_state=S ==> next_comm=kworker/u8:2 next_pid=126 next_prio=120
    kworker/u8:2-126   [002] d...   377.967932: sched_switch: prev_comm=kworker/u8:2 prev_pid=126 prev_prio=120 prev_state=D ==> next_comm=swapper/2 next_pid=0 next_prio=120
          <idle>-0     [002] dnh.   377.967941: sched_wakeup: comm=kworker/u8:2 pid=126 prio=120 target_cpu=002
          <idle>-0     [002] d...   377.967946: sched_switch: prev_comm=swapper/2 prev_pid=0 prev_prio=120 prev_state=R ==> next_comm=kworker/u8:2 next_pid=126 next_prio=120
    kworker/u8:2-126   [002] d...   377.967965: sched_switch: prev_comm=kworker/u8:2 prev_pid=126 prev_prio=120 prev_state=D ==> next_comm=swapper/2 next_pid=0 next_prio=120
          <idle>-0     [002] dnh.   377.967976: sched_wakeup: comm=kworker/u8:2 pid=126 prio=120 target_cpu=002
          <idle>-0     [002] d...   377.967982: sched_switch: prev_comm=swapper/2 prev_pid=0 prev_prio=120 prev_state=R ==> next_comm=kworker/u8:2 next_pid=126 next_prio=120
          <idle>-0     [003] dnh.   377.968056: sched_wakeup: comm=tailscaled pid=533 prio=120 target_cpu=003
          <idle>-0     [003] d...   377.968062: sched_switch: prev_comm=swapper/3 prev_pid=0 prev_prio=120 prev_state=R ==> next_comm=tailscaled next_pid=533 next_prio=120
    kworker/u8:2-126   [002] d...   377.968072: sched_switch: prev_comm=kworker/u8:2 prev_pid=126 prev_prio=120 prev_state=D ==> next_comm=swapper/2 next_pid=0 next_prio=120
      tailscaled-533   [003] dn..   377.968082: sched_wakeup: comm=tailscaled pid=424 prio=120 target_cpu=003
          <idle>-0     [002] dnh.   377.968084: sched_wakeup: comm=kworker/u8:2 pid=126 prio=120 target_cpu=002
      tailscaled-533   [003] d...   377.968085: sched_switch: prev_comm=tailscaled prev_pid=533 prev_prio=120 prev_state=R ==> next_comm=tailscaled next_pid=424 next_prio=120
          <idle>-0     [002] d...   377.968090: sched_switch: prev_comm=swapper/2 prev_pid=0 prev_prio=120 prev_state=R ==> next_comm=kworker/u8:2 next_pid=126 next_prio=120
      tailscaled-424   [003] d...   377.968098: sched_switch: prev_comm=tailscaled prev_pid=424 prev_prio=120 prev_state=S ==> next_comm=tailscaled next_pid=533 next_prio=120
      tailscaled-533   [003] dn..   377.968106: sched_wakeup: comm=tailscaled pid=424 prio=120 target_cpu=003
    kworker/u8:2-126   [002] d...   377.968108: sched_switch: prev_comm=kworker/u8:2 prev_pid=126 prev_prio=120 prev_state=D ==> next_comm=swapper/2 next_pid=0 next_prio=120
      tailscaled-533   [003] d...   377.968109: sched_switch: prev_comm=tailscaled prev_pid=533 prev_prio=120 prev_state=R ==> next_comm=tailscaled next_pid=424 next_prio=120
      tailscaled-424   [003] d...   377.968119: sched_switch: prev_comm=tailscaled prev_pid=424 prev_prio=120 prev_state=S ==> next_comm=tailscaled next_pid=533 next_prio=120
          <idle>-0     [002] dnh.   377.968120: sched_wakeup: comm=kworker/u8:2 pid=126 prio=120 target_cpu=002
          <idle>-0     [002] d...   377.968125: sched_switch: prev_comm=swapper/2 prev_pid=0 prev_prio=120 prev_state=R ==> next_comm=kworker/u8:2 next_pid=126 next_prio=120
    kworker/u8:2-126   [002] d...   377.968167: sched_switch: prev_comm=kworker/u8:2 prev_pid=126 prev_prio=120 prev_state=D ==> next_comm=swapper/2 next_pid=0 next_prio=120
          <idle>-0     [002] dnh.   377.968180: sched_wakeup: comm=kworker/u8:2 pid=126 prio=120 target_cpu=002
          <idle>-0     [002] d...   377.968186: sched_switch: prev_comm=swapper/2 prev_pid=0 prev_prio=120 prev_state=R ==> next_comm=kworker/u8:2 next_pid=126 next_prio=120
      tailscaled-533   [003] dnh.   377.968191: sched_wakeup: comm=tailscaled pid=424 prio=120 target_cpu=003
    kworker/u8:2-126   [002] d...   377.968193: sched_switch: prev_comm=kworker/u8:2 prev_pid=126 prev_prio=120 prev_state=I ==> next_comm=swapper/2 next_pid=0 next_prio=120
      tailscaled-533   [003] d...   377.968195: sched_switch: prev_comm=tailscaled prev_pid=533 prev_prio=120 prev_state=R ==> next_comm=tailscaled next_pid=424 next_prio=120
      tailscaled-424   [003] d...   377.968205: sched_switch: prev_comm=tailscaled prev_pid=424 prev_prio=120 prev_state=S ==> next_comm=tailscaled next_pid=533 next_prio=120
          <idle>-0     [001] dnh.   377.968248: sched_wakeup: comm=tailscaled pid=544 prio=120 target_cpu=001
          <idle>-0     [001] d...   377.968254: sched_switch: prev_comm=swapper/1 prev_pid=0 prev_prio=120 prev_state=R ==> next_comm=tailscaled next_pid=544 next_prio=120
      tailscaled-544   [001] d...   377.968272: sched_wakeup: comm=tailscaled pid=546 prio=120 target_cpu=001
      tailscaled-533   [003] dnh.   377.968277: sched_wakeup: comm=tailscaled pid=424 prio=120 target_cpu=003
      tailscaled-533   [003] d...   377.968281: sched_switch: prev_comm=tailscaled prev_pid=533 prev_prio=120 prev_state=R ==> next_comm=tailscaled next_pid=424 next_prio=120
      tailscaled-424   [003] d...   377.968291: sched_switch: prev_comm=tailscaled prev_pid=424 prev_prio=120 prev_state=S ==> next_comm=tailscaled next_pid=533 next_prio=120
      tailscaled-544   [001] d...   377.968298: sched_switch: prev_comm=tailscaled prev_pid=544 prev_prio=120 prev_state=S ==> next_comm=tailscaled next_pid=546 next_prio=120
      tailscaled-546   [001] d...   377.968322: sched_switch: prev_comm=tailscaled prev_pid=546 prev_prio=120 prev_state=S ==> next_comm=swapper/1 next_pid=0 next_prio=120
          <idle>-0     [001] dnh.   377.968351: sched_wakeup: comm=tailscaled pid=544 prio=120 target_cpu=001
          <idle>-0     [001] dnh.   377.968354: sched_wakeup: comm=tailscaled pid=546 prio=120 target_cpu=001
          <idle>-0     [001] d...   377.968361: sched_switch: prev_comm=swapper/1 prev_pid=0 prev_prio=120 prev_state=R ==> next_comm=tailscaled next_pid=544 next_prio=120
      tailscaled-533   [003] dnh.   377.968363: sched_wakeup: comm=tailscaled pid=424 prio=120 target_cpu=003
      tailscaled-533   [003] d...   377.968367: sched_switch: prev_comm=tailscaled prev_pid=533 prev_prio=120 prev_state=R ==> next_comm=tailscaled next_pid=424 next_prio=120
      tailscaled-424   [003] d...   377.968377: sched_switch: prev_comm=tailscaled prev_pid=424 prev_prio=120 prev_state=S ==> next_comm=tailscaled next_pid=533 next_prio=120
      tailscaled-533   [003] dnh.   377.968449: sched_wakeup: comm=tailscaled pid=424 prio=120 target_cpu=003
      tailscaled-533   [003] d...   377.968454: sched_switch: prev_comm=tailscaled prev_pid=533 prev_prio=120 prev_state=R ==> next_comm=tailscaled next_pid=424 next_prio=120
      tailscaled-424   [003] d...   377.968464: sched_switch: prev_comm=tailscaled prev_pid=424 prev_prio=120 prev_state=S ==> next_comm=tailscaled next_pid=533 next_prio=120
      tailscaled-533   [003] d...   377.968507: sched_switch: prev_comm=tailscaled prev_pid=533 prev_prio=120 prev_state=S ==> next_comm=swapper/3 next_pid=0 next_prio=120
          <idle>-0     [003] dnh.   377.968536: sched_wakeup: comm=tailscaled pid=424 prio=120 target_cpu=003
          <idle>-0     [003] d...   377.968543: sched_switch: prev_comm=swapper/3 prev_pid=0 prev_prio=120 prev_state=R ==> next_comm=tailscaled next_pid=424 next_prio=120
      tailscaled-424   [003] d...   377.968558: sched_switch: prev_comm=tailscaled prev_pid=424 prev_prio=120 prev_state=S ==> next_comm=swapper/3 next_pid=0 next_prio=120
          <idle>-0     [003] dnh.   377.968588: sched_wakeup: comm=tailscaled pid=533 prio=120 target_cpu=003
          <idle>-0     [003] d...   377.968593: sched_switch: prev_comm=swapper/3 prev_pid=0 prev_prio=120 prev_state=R ==> next_comm=tailscaled next_pid=533 next_prio=120
      tailscaled-533   [003] dnh.   377.968624: sched_wakeup: comm=tailscaled pid=424 prio=120 target_cpu=003
      tailscaled-533   [003] d...   377.968632: sched_switch: prev_comm=tailscaled prev_pid=533 prev_prio=120 prev_state=R ==> next_comm=tailscaled next_pid=424 next_prio=120
      tailscaled-424   [003] d...   377.968642: sched_switch: prev_comm=tailscaled prev_pid=424 prev_prio=120 prev_state=S ==> next_comm=tailscaled next_pid=533 next_prio=120
      tailscaled-533   [003] dnh.   377.968716: sched_wakeup: comm=tailscaled pid=424 prio=120 target_cpu=003
      tailscaled-533   [003] d...   377.968721: sched_switch: prev_comm=tailscaled prev_pid=533 prev_prio=120 prev_state=R ==> next_comm=tailscaled next_pid=424 next_prio=120
      tailscaled-424   [003] d...   377.968731: sched_switch: prev_comm=tailscaled prev_pid=424 prev_prio=120 prev_state=S ==> next_comm=tailscaled next_pid=533 next_prio=120
      tailscaled-544   [001] d...   377.968737: sched_switch: prev_comm=tailscaled prev_pid=544 prev_prio=120 prev_state=S ==> next_comm=tailscaled next_pid=546 next_prio=120
      tailscaled-546   [001] d...   377.968763: sched_switch: prev_comm=tailscaled prev_pid=546 prev_prio=120 prev_state=S ==> next_comm=swapper/1 next_pid=0 next_prio=120
          <idle>-0     [001] dnh.   377.968778: sched_wakeup: comm=tailscaled pid=546 prio=120 target_cpu=001
          <idle>-0     [001] d...   377.968784: sched_switch: prev_comm=swapper/1 prev_pid=0 prev_prio=120 prev_state=R ==> next_comm=tailscaled next_pid=546 next_prio=120
      tailscaled-533   [003] dnh.   377.968802: sched_wakeup: comm=tailscaled pid=424 prio=120 target_cpu=003
          <idle>-0     [002] dnh.   377.968803: sched_wakeup: comm=tailscaled pid=425 prio=120 target_cpu=002
      tailscaled-533   [003] d...   377.968807: sched_switch: prev_comm=tailscaled prev_pid=533 prev_prio=120 prev_state=R ==> next_comm=tailscaled next_pid=424 next_prio=120
          <idle>-0     [002] d...   377.968809: sched_switch: prev_comm=swapper/2 prev_pid=0 prev_prio=120 prev_state=R ==> next_comm=tailscaled next_pid=425 next_prio=120
      tailscaled-424   [003] d...   377.968818: sched_switch: prev_comm=tailscaled prev_pid=424 prev_prio=120 prev_state=S ==> next_comm=tailscaled next_pid=533 next_prio=120
      tailscaled-425   [002] dn..   377.968829: sched_wakeup: comm=tailscaled pid=547 prio=120 target_cpu=002
      tailscaled-425   [002] d...   377.968834: sched_switch: prev_comm=tailscaled prev_pid=425 prev_prio=120 prev_state=R ==> next_comm=tailscaled next_pid=547 next_prio=120
      tailscaled-547   [002] d...   377.968858: sched_switch: prev_comm=tailscaled prev_pid=547 prev_prio=120 prev_state=S ==> next_comm=tailscaled next_pid=425 next_prio=120
      tailscaled-425   [002] d...   377.968884: sched_switch: prev_comm=tailscaled prev_pid=425 prev_prio=120 prev_state=S ==> next_comm=swapper/2 next_pid=0 next_prio=120
      tailscaled-533   [003] dnh.   377.968889: sched_wakeup: comm=tailscaled pid=424 prio=120 target_cpu=003
          <idle>-0     [002] dnh.   377.968890: sched_wakeup: comm=tailscaled pid=547 prio=120 target_cpu=002
          <idle>-0     [002] d...   377.968893: sched_switch: prev_comm=swapper/2 prev_pid=0 prev_prio=120 prev_state=R ==> next_comm=tailscaled next_pid=547 next_prio=120
      tailscaled-533   [003] d...   377.968893: sched_switch: prev_comm=tailscaled prev_pid=533 prev_prio=120 prev_state=R ==> next_comm=tailscaled next_pid=424 next_prio=120
      tailscaled-424   [003] d...   377.968903: sched_switch: prev_comm=tailscaled prev_pid=424 prev_prio=120 prev_state=S ==> next_comm=tailscaled next_pid=533 next_prio=120
      tailscaled-547   [002] d...   377.968906: sched_wakeup: comm=tailscaled pid=425 prio=120 target_cpu=002
      tailscaled-533   [003] dnh.   377.968974: sched_wakeup: comm=tailscaled pid=424 prio=120 target_cpu=003
      tailscaled-533   [003] d...   377.968978: sched_switch: prev_comm=tailscaled prev_pid=533 prev_prio=120 prev_state=R ==> next_comm=tailscaled next_pid=424 next_prio=120
      tailscaled-424   [003] d...   377.968987: sched_switch: prev_comm=tailscaled prev_pid=424 prev_prio=120 prev_state=S ==> next_comm=tailscaled next_pid=533 next_prio=120
      tailscaled-533   [003] dnh.   377.969059: sched_wakeup: comm=tailscaled pid=424 prio=120 target_cpu=003
      tailscaled-533   [003] d...   377.969063: sched_switch: prev_comm=tailscaled prev_pid=533 prev_prio=120 prev_state=R ==> next_comm=tailscaled next_pid=424 next_prio=120
      tailscaled-424   [003] d...   377.969073: sched_switch: prev_comm=tailscaled prev_pid=424 prev_prio=120 prev_state=S ==> next_comm=tailscaled next_pid=533 next_prio=120
      tailscaled-546   [001] d...   377.969092: sched_switch: prev_comm=tailscaled prev_pid=546 prev_prio=120 prev_state=S ==> next_comm=swapper/1 next_pid=0 next_prio=120
      tailscaled-533   [003] dnh.   377.969145: sched_wakeup: comm=tailscaled pid=424 prio=120 target_cpu=003
      tailscaled-547   [002] d...   377.969161: sched_switch: prev_comm=tailscaled prev_pid=547 prev_prio=120 prev_state=S ==> next_comm=tailscaled next_pid=425 next_prio=120
      tailscaled-425   [002] d.h.   377.969179: sched_wakeup: comm=kworker/u8:2 pid=126 prio=120 target_cpu=002
      tailscaled-533   [003] d...   377.969184: sched_switch: prev_comm=tailscaled prev_pid=533 prev_prio=120 prev_state=R+ ==> next_comm=tailscaled next_pid=424 next_prio=120
      tailscaled-425   [002] d...   377.969187: sched_switch: prev_comm=tailscaled prev_pid=425 prev_prio=120 prev_state=S ==> next_comm=kworker/u8:2 next_pid=126 next_prio=120
      tailscaled-424   [003] d...   377.969195: sched_switch: prev_comm=tailscaled prev_pid=424 prev_prio=120 prev_state=S ==> next_comm=tailscaled next_pid=533 next_prio=120
          <idle>-0     [001] dnh.   377.969227: sched_wakeup: comm=kworker/u8:0 pid=7 prio=120 target_cpu=001
    kworker/u8:2-126   [002] d...   377.969231: sched_switch: prev_comm=kworker/u8:2 prev_pid=126 prev_prio=120 prev_state=D ==> next_comm=swapper/2 next_pid=0 next_prio=120
          <idle>-0     [001] d...   377.969236: sched_switch: prev_comm=swapper/1 prev_pid=0 prev_prio=120 prev_state=R ==> next_comm=kworker/u8:0 next_pid=7 next_prio=120
    kworker/u8:0-7     [001] d...   377.969251: sched_switch: prev_comm=kworker/u8:0 prev_pid=7 prev_prio=120 prev_state=I ==> next_comm=swapper/1 next_pid=0 next_prio=120
      tailscaled-533   [003] dnh.   377.969266: sched_wakeup: comm=tailscaled pid=424 prio=120 target_cpu=003
      tailscaled-533   [003] d...   377.969271: sched_switch: prev_comm=tailscaled prev_pid=533 prev_prio=120 prev_state=R ==> next_comm=tailscaled next_pid=424 next_prio=120
          <idle>-0     [001] dnh.   377.969278: sched_wakeup: comm=rngd pid=387 prio=120 target_cpu=001
      tailscaled-424   [003] d...   377.969281: sched_switch: prev_comm=tailscaled prev_pid=424 prev_prio=120 prev_state=S ==> next_comm=tailscaled next_pid=533 next_prio=120
          <idle>-0     [001] d...   377.969284: sched_switch: prev_comm=swapper/1 prev_pid=0 prev_prio=120 prev_state=R ==> next_comm=rngd next_pid=387 next_prio=120
            rngd-387   [001] d...   377.969302: sched_switch: prev_comm=rngd prev_pid=387 prev_prio=120 prev_state=S ==> next_comm=swapper/1 next_pid=0 next_prio=120
          <idle>-0     [002] dnh.   377.969308: sched_wakeup: comm=kworker/u8:2 pid=126 prio=120 target_cpu=002
          <idle>-0     [002] d...   377.969314: sched_switch: prev_comm=swapper/2 prev_pid=0 prev_prio=120 prev_state=R ==> next_comm=kworker/u8:2 next_pid=126 next_prio=120
    kworker/u8:2-126   [002] d...   377.969332: sched_switch: prev_comm=kworker/u8:2 prev_pid=126 prev_prio=120 prev_state=D ==> next_comm=swapper/2 next_pid=0 next_prio=120
      tailscaled-533   [003] dnh.   377.969353: sched_wakeup: comm=tailscaled pid=424 prio=120 target_cpu=003
          <idle>-0     [002] dnh.   377.969365: sched_wakeup: comm=kworker/u8:2 pid=126 prio=120 target_cpu=002
          <idle>-0     [002] d...   377.969373: sched_switch: prev_comm=swapper/2 prev_pid=0 prev_prio=120 prev_state=R ==> next_comm=kworker/u8:2 next_pid=126 next_prio=120
          <idle>-0     [001] dnh.   377.969386: sched_wakeup: comm=tailscaled pid=544 prio=120 target_cpu=001
          <idle>-0     [001] d...   377.969394: sched_switch: prev_comm=swapper/1 prev_pid=0 prev_prio=120 prev_state=R ==> next_comm=tailscaled next_pid=544 next_prio=120
