          <idle>-0     [001] d...   378.589378: sched_switch: prev_comm=swapper/1 prev_pid=0 prev_prio=120 prev_state=R ==> next_comm=brcmf_wdog/mmc1 next_pid=243 next_prio=120
          <idle>-0     [000] d...   378.589379: sched_switch: prev_comm=swapper/0 prev_pid=0 prev_prio=120 prev_state=R ==> next_comm=rcu_sched next_pid=10 next_prio=120
       rcu_sched-10    [000] d...   378.589391: sched_switch: prev_comm=rcu_sched prev_pid=10 prev_prio=120 prev_state=I ==> next_comm=swapper/0 next_pid=0 next_prio=120
 brcmf_wdog/mmc1-243   [001] d...   378.589395: sched_switch: prev_comm=brcmf_wdog/mmc1 prev_pid=243 prev_prio=120 prev_state=D ==> next_comm=swapper/1 next_pid=0 next_prio=120
          <idle>-0     [001] dnh.   378.589404: sched_wakeup: comm=brcmf_wdog/mmc1 pid=243 prio=120 target_cpu=001
          <idle>-0     [001] d...   378.589407: sched_switch: prev_comm=swapper/1 prev_pid=0 prev_prio=120 prev_state=R ==> next_comm=brcmf_wdog/mmc1 next_pid=243 next_prio=120
 brcmf_wdog/mmc1-243   [001] d...   378.589419: sched_switch: prev_comm=brcmf_wdog/mmc1 prev_pid=243 prev_prio=120 prev_state=D ==> next_comm=swapper/1 next_pid=0 next_prio=120
          <idle>-0     [001] dnh.   378.589425: sched_wakeup: comm=brcmf_wdog/mmc1 pid=243 prio=120 target_cpu=001
          <idle>-0     [001] d...   378.589428: sched_switch: prev_comm=swapper/1 prev_pid=0 prev_prio=120 prev_state=R ==> next_comm=brcmf_wdog/mmc1 next_pid=243 next_prio=120
 brcmf_wdog/mmc1-243   [001] d...   378.589437: sched_switch: prev_comm=brcmf_wdog/mmc1 prev_pid=243 prev_prio=120 prev_state=D ==> next_comm=swapper/1 next_pid=0 next_prio=120
          <idle>-0     [001] dnh.   378.589444: sched_wakeup: comm=brcmf_wdog/mmc1 pid=243 prio=120 target_cpu=001
          <idle>-0     [001] d...   378.589447: sched_switch: prev_comm=swapper/1 prev_pid=0 prev_prio=120 prev_state=R ==> next_comm=brcmf_wdog/mmc1 next_pid=243 next_prio=120
 brcmf_wdog/mmc1-243   [001] d...   378.589453: sched_switch: prev_comm=brcmf_wdog/mmc1 prev_pid=243 prev_prio=120 prev_state=S ==> next_comm=swapper/1 next_pid=0 next_prio=120
          <idle>-0     [001] dns.   378.599368: sched_wakeup: comm=kworker/1:2 pid=391 prio=120 target_cpu=001
          <idle>-0     [001] d...   378.599384: sched_switch: prev_comm=swapper/1 prev_pid=0 prev_prio=120 prev_state=R ==> next_comm=kworker/1:2 next_pid=391 next_prio=120
     kworker/1:2-391   [001] d...   378.599400: sched_switch: prev_comm=kworker/1:2 prev_pid=391 prev_prio=120 prev_state=I ==> next_comm=swapper/1 next_pid=0 next_prio=120
          <idle>-0     [003] dnh.   378.609413: sched_wakeup: comm=tailscaled pid=533 prio=120 target_cpu=003
          <idle>-0     [000] dns.   378.609414: sched_wakeup: comm=rcu_sched pid=10 prio=120 target_cpu=000
          <idle>-0     [003] d...   378.609421: sched_switch: prev_comm=swapper/3 prev_pid=0 prev_prio=120 prev_state=R ==> next_comm=tailscaled next_pid=533 next_prio=120
          <idle>-0     [000] d...   378.609426: sched_switch: prev_comm=swapper/0 prev_pid=0 prev_prio=120 prev_state=R ==> next_comm=rcu_sched next_pid=10 next_prio=120
       rcu_sched-10    [000] d...   378.609444: sched_switch: prev_comm=rcu_sched prev_pid=10 prev_prio=120 prev_state=I ==> next_comm=swapper/0 next_pid=0 next_prio=120
      tailscaled-533   [003] dn..   378.609451: sched_wakeup: comm=tailscaled pid=424 prio=120 target_cpu=003
      tailscaled-533   [003] d...   378.609455: sched_switch: prev_comm=tailscaled prev_pid=533 prev_prio=120 prev_state=R ==> next_comm=tailscaled next_pid=424 next_prio=120
      tailscaled-424   [003] d...   378.609469: sched_switch: prev_comm=tailscaled prev_pid=424 prev_prio=120 prev_state=S ==> next_comm=tailscaled next_pid=533 next_prio=120
      tailscaled-533   [003] dn..   378.609477: sched_wakeup: comm=tailscaled pid=424 prio=120 target_cpu=003
      tailscaled-533   [003] d...   378.609480: sched_switch: prev_comm=tailscaled prev_pid=533 prev_prio=120 prev_state=R ==> next_comm=tailscaled next_pid=424 next_prio=120
      tailscaled-424   [003] d...   378.609492: sched_switch: prev_comm=tailscaled prev_pid=424 prev_prio=120 prev_state=S ==> next_comm=tailscaled next_pid=533 next_prio=120
          <idle>-0     [000] dnh.   378.609532: sched_wakeup: comm=tailscaled pid=544 prio=120 target_cpu=000
          <idle>-0     [000] d...   378.609539: sched_switch: prev_comm=swapper/0 prev_pid=0 prev_prio=120 prev_state=R ==> next_comm=tailscaled next_pid=544 next_prio=120
      tailscaled-533   [003] dnh.   378.609564: sched_wakeup: comm=tailscaled pid=424 prio=120 target_cpu=003
      tailscaled-533   [003] d...   378.609569: sched_switch: prev_comm=tailscaled prev_pid=533 prev_prio=120 prev_state=R ==> next_comm=tailscaled next_pid=424 next_prio=120
      tailscaled-424   [003] d...   378.609580: sched_switch: prev_comm=tailscaled prev_pid=424 prev_prio=120 prev_state=S ==> next_comm=tailscaled next_pid=533 next_prio=120
      tailscaled-544   [000] d...   378.609585: sched_switch: prev_comm=tailscaled prev_pid=544 prev_prio=120 prev_state=S ==> next_comm=swapper/0 next_pid=0 next_prio=120
          <idle>-0     [002] dnh.   378.609623: sched_wakeup: comm=tailscaled pid=425 prio=120 target_cpu=002
          <idle>-0     [002] d...   378.609630: sched_switch: prev_comm=swapper/2 prev_pid=0 prev_prio=120 prev_state=R ==> next_comm=tailscaled next_pid=425 next_prio=120
      tailscaled-425   [002] d...   378.609645: sched_switch: prev_comm=tailscaled prev_pid=425 prev_prio=120 prev_state=S ==> next_comm=swapper/2 next_pid=0 next_prio=120
      tailscaled-533   [003] dnh.   378.609651: sched_wakeup: comm=tailscaled pid=424 prio=120 target_cpu=003
      tailscaled-533   [003] d...   378.609656: sched_switch: prev_comm=tailscaled prev_pid=533 prev_prio=120 prev_state=R ==> next_comm=tailscaled next_pid=424 next_prio=120
      tailscaled-424   [003] d...   378.609666: sched_switch: prev_comm=tailscaled prev_pid=424 prev_prio=120 prev_state=S ==> next_comm=tailscaled next_pid=533 next_prio=120
          <idle>-0     [002] dnh.   378.609698: sched_wakeup: comm=tailscaled pid=425 prio=120 target_cpu=002
          <idle>-0     [002] d...   378.609705: sched_switch: prev_comm=swapper/2 prev_pid=0 prev_prio=120 prev_state=R ==> next_comm=tailscaled next_pid=425 next_prio=120
      tailscaled-425   [002] dn..   378.609719: sched_wakeup: comm=tailscaled pid=547 prio=120 target_cpu=002
      tailscaled-425   [002] d...   378.609723: sched_switch: prev_comm=tailscaled prev_pid=425 prev_prio=120 prev_state=R ==> next_comm=tailscaled next_pid=547 next_prio=120
      tailscaled-533   [003] dnh.   378.609738: sched_wakeup: comm=tailscaled pid=424 prio=120 target_cpu=003
      tailscaled-533   [003] d...   378.609742: sched_switch: prev_comm=tailscaled prev_pid=533 prev_prio=120 prev_state=R ==> next_comm=tailscaled next_pid=424 next_prio=120
      tailscaled-547   [002] d...   378.609746: sched_switch: prev_comm=tailscaled prev_pid=547 prev_prio=120 prev_state=S ==> next_comm=tailscaled next_pid=425 next_prio=120
      tailscaled-424   [003] d...   378.609752: sched_switch: prev_comm=tailscaled prev_pid=424 prev_prio=120 prev_state=S ==> next_comm=tailscaled next_pid=533 next_prio=120
      tailscaled-425   [002] d...   378.609788: sched_switch: prev_comm=tailscaled prev_pid=425 prev_prio=120 prev_state=S ==> next_comm=swapper/2 next_pid=0 next_prio=120
      tailscaled-533   [003] dnh.   378.609824: sched_wakeup: comm=tailscaled pid=424 prio=120 target_cpu=003
          <idle>-0     [000] dnh.   378.609869: sched_wakeup: comm=kworker/u8:0 pid=7 prio=120 target_cpu=000
      tailscaled-533   [003] d...   378.609873: sched_switch: prev_comm=tailscaled prev_pid=533 prev_prio=120 prev_state=R+ ==> next_comm=tailscaled next_pid=424 next_prio=120
          <idle>-0     [000] d...   378.609875: sched_switch: prev_comm=swapper/0 prev_pid=0 prev_prio=120 prev_state=R ==> next_comm=kworker/u8:0 next_pid=7 next_prio=120
      tailscaled-424   [003] d...   378.609884: sched_switch: prev_comm=tailscaled prev_pid=424 prev_prio=120 prev_state=S ==> next_comm=tailscaled next_pid=533 next_prio=120
    kworker/u8:0-7     [000] d...   378.609898: sched_switch: prev_comm=kworker/u8:0 prev_pid=7 prev_prio=120 prev_state=D ==> next_comm=swapper/0 next_pid=0 next_prio=120
          <idle>-0     [000] dns.   378.609910: sched_wakeup: comm=kworker/u8:0 pid=7 prio=120 target_cpu=000
          <idle>-0     [000] d...   378.609913: sched_switch: prev_comm=swapper/0 prev_pid=0 prev_prio=120 prev_state=R ==> next_comm=kworker/u8:0 next_pid=7 next_prio=120
    kworker/u8:0-7     [000] d...   378.609922: sched_switch: prev_comm=kworker/u8:0 prev_pid=7 prev_prio=120 prev_state=D ==> next_comm=swapper/0 next_pid=0 next_prio=120
      tailscaled-533   [003] d...   378.609937: sched_switch: prev_comm=tailscaled prev_pid=533 prev_prio=120 prev_state=S ==> next_comm=swapper/3 next_pid=0 next_prio=120
          <idle>-0     [003] dnh.   378.609955: sched_wakeup: comm=tailscaled pid=424 prio=120 target_cpu=003
          <idle>-0     [003] d...   378.609963: sched_switch: prev_comm=swapper/3 prev_pid=0 prev_prio=120 prev_state=R ==> next_comm=tailscaled next_pid=424 next_prio=120
      tailscaled-424   [003] d...   378.609974: sched_switch: prev_comm=tailscaled prev_pid=424 prev_prio=120 prev_state=S ==> next_comm=swapper/3 next_pid=0 next_prio=120
          <idle>-0     [000] dnh.   378.612922: sched_wakeup: comm=kworker/u8:0 pid=7 prio=120 target_cpu=000
          <idle>-0     [000] d...   378.612929: sched_switch: prev_comm=swapper/0 prev_pid=0 prev_prio=120 prev_state=R ==> next_comm=kworker/u8:0 next_pid=7 next_prio=120
    kworker/u8:0-7     [000] d...   378.612938: sched_switch: prev_comm=kworker/u8:0 prev_pid=7 prev_prio=120 prev_state=D ==> next_comm=swapper/0 next_pid=0 next_prio=120
          <idle>-0     [000] dns.   378.612947: sched_wakeup: comm=kworker/u8:0 pid=7 prio=120 target_cpu=000
          <idle>-0     [000] d...   378.612950: sched_switch: prev_comm=swapper/0 prev_pid=0 prev_prio=120 prev_state=R ==> next_comm=kworker/u8:0 next_pid=7 next_prio=120
    kworker/u8:0-7     [000] d...   378.612980: sched_switch: prev_comm=kworker/u8:0 prev_pid=7 prev_prio=120 prev_state=D ==> next_comm=swapper/0 next_pid=0 next_prio=120
          <idle>-0     [000] dns.   378.613004: sched_wakeup: comm=kworker/u8:0 pid=7 prio=120 target_cpu=000
          <idle>-0     [000] d...   378.613010: sched_switch: prev_comm=swapper/0 prev_pid=0 prev_prio=120 prev_state=R ==> next_comm=kworker/u8:0 next_pid=7 next_prio=120
    kworker/u8:0-7     [000] d...   378.613023: sched_wakeup: comm=tailscaled pid=544 prio=120 target_cpu=000
    kworker/u8:0-7     [000] d...   378.613032: sched_switch: prev_comm=kworker/u8:0 prev_pid=7 prev_prio=120 prev_state=I ==> next_comm=tailscaled next_pid=544 next_prio=120
      tailscaled-544   [000] d...   378.613067: sched_switch: prev_comm=tailscaled prev_pid=544 prev_prio=120 prev_state=S ==> next_comm=swapper/0 next_pid=0 next_prio=120
          <idle>-0     [002] dnh.   378.622763: sched_wakeup: comm=irq/86-mmc1 pid=80 prio=49 target_cpu=002
          <idle>-0     [002] d...   378.622772: sched_switch: prev_comm=swapper/2 prev_pid=0 prev_prio=120 prev_state=R ==> next_comm=irq/86-mmc1 next_pid=80 next_prio=49
     irq/86-mmc1-80    [002] d...   378.622789: sched_switch: prev_comm=irq/86-mmc1 prev_pid=80 prev_prio=49 prev_state=D ==> next_comm=swapper/2 next_pid=0 next_prio=120
          <idle>-0     [002] dnh.   378.622798: sched_wakeup: comm=irq/86-mmc1 pid=80 prio=49 target_cpu=002
          <idle>-0     [002] d...   378.622803: sched_switch: prev_comm=swapper/2 prev_pid=0 prev_prio=120 prev_state=R ==> next_comm=irq/86-mmc1 next_pid=80 next_prio=49
     irq/86-mmc1-80    [002] d...   378.622821: sched_switch: prev_comm=irq/86-mmc1 prev_pid=80 prev_prio=49 prev_state=D ==> next_comm=swapper/2 next_pid=0 next_prio=120
          <idle>-0     [002] dnh.   378.622830: sched_wakeup: comm=irq/86-mmc1 pid=80 prio=49 target_cpu=002
          <idle>-0     [002] d...   378.622835: sched_switch: prev_comm=swapper/2 prev_pid=0 prev_prio=120 prev_state=R ==> next_comm=irq/86-mmc1 next_pid=80 next_prio=49
     irq/86-mmc1-80    [002] d...   378.622851: sched_switch: prev_comm=irq/86-mmc1 prev_pid=80 prev_prio=49 prev_state=D ==> next_comm=swapper/2 next_pid=0 next_prio=120
          <idle>-0     [002] dnh.   378.622862: sched_wakeup: comm=irq/86-mmc1 pid=80 prio=49 target_cpu=002
          <idle>-0     [002] d...   378.622867: sched_switch: prev_comm=swapper/2 prev_pid=0 prev_prio=120 prev_state=R ==> next_comm=irq/86-mmc1 next_pid=80 next_prio=49
          <idle>-0     [000] dnh.   378.622875: sched_wakeup: comm=kworker/u8:0 pid=7 prio=120 target_cpu=000
     irq/86-mmc1-80    [002] d...   378.622878: sched_switch: prev_comm=irq/86-mmc1 prev_pid=80 prev_prio=49 prev_state=S ==> next_comm=swapper/2 next_pid=0 next_prio=120
          <idle>-0     [000] d...   378.622882: sched_switch: prev_comm=swapper/0 prev_pid=0 prev_prio=120 prev_state=R ==> next_comm=kworker/u8:0 next_pid=7 next_prio=120
    kworker/u8:0-7     [000] d...   378.622908: sched_switch: prev_comm=kworker/u8:0 prev_pid=7 prev_prio=120 prev_state=D ==> next_comm=swapper/0 next_pid=0 next_prio=120
          <idle>-0     [000] dns.   378.622921: sched_wakeup: comm=kworker/u8:0 pid=7 prio=120 target_cpu=000
          <idle>-0     [000] d...   378.622924: sched_switch: prev_comm=swapper/0 prev_pid=0 prev_prio=120 prev_state=R ==> next_comm=kworker/u8:0 next_pid=7 next_prio=120
    kworker/u8:0-7     [000] d...   378.622943: sched_switch: prev_comm=kworker/u8:0 prev_pid=7 prev_prio=120 prev_state=D ==> next_comm=swapper/0 next_pid=0 next_prio=120
          <idle>-0     [000] dns.   378.622956: sched_wakeup: comm=kworker/u8:0 pid=7 prio=120 target_cpu=000
          <idle>-0     [000] d...   378.622959: sched_switch: prev_comm=swapper/0 prev_pid=0 prev_prio=120 prev_state=R ==> next_comm=kworker/u8:0 next_pid=7 next_prio=120
    kworker/u8:0-7     [000] d.s.   378.623026: sched_wakeup: comm=tailscaled pid=544 prio=120 target_cpu=000
    kworker/u8:0-7     [000] d...   378.623049: sched_switch: prev_comm=kworker/u8:0 prev_pid=7 prev_prio=120 prev_state=D ==> next_comm=tailscaled next_pid=544 next_prio=120
      tailscaled-544   [000] dns.   378.623062: sched_wakeup: comm=kworker/u8:0 pid=7 prio=120 target_cpu=000
      tailscaled-544   [000] d...   378.623067: sched_switch: prev_comm=tailscaled prev_pid=544 prev_prio=120 prev_state=R ==> next_comm=kworker/u8:0 next_pid=7 next_prio=120
    kworker/u8:0-7     [000] d...   378.623075: sched_switch: prev_comm=kworker/u8:0 prev_pid=7 prev_prio=120 prev_state=I ==> next_comm=tailscaled next_pid=544 next_prio=120
          <idle>-0     [003] dnh.   378.623095: sched_wakeup: comm=tailscaled pid=424 prio=120 target_cpu=003
          <idle>-0     [003] d...   378.623103: sched_switch: prev_comm=swapper/3 prev_pid=0 prev_prio=120 prev_state=R ==> next_comm=tailscaled next_pid=424 next_prio=120
      tailscaled-424   [003] d...   378.623131: sched_switch: prev_comm=tailscaled prev_pid=424 prev_prio=120 prev_state=S ==> next_comm=swapper/3 next_pid=0 next_prio=120
          <idle>-0     [003] dnh.   378.623184: sched_wakeup: comm=tailscaled pid=424 prio=120 target_cpu=003
          <idle>-0     [003] dnh.   378.623190: sched_wakeup: comm=tailscaled pid=533 prio=120 target_cpu=003
          <idle>-0     [003] d...   378.623196: sched_switch: prev_comm=swapper/3 prev_pid=0 prev_prio=120 prev_state=R ==> next_comm=tailscaled next_pid=424 next_prio=120
      tailscaled-424   [003] d...   378.623207: sched_switch: prev_comm=tailscaled prev_pid=424 prev_prio=120 prev_state=S ==> next_comm=tailscaled next_pid=533 next_prio=120
          <idle>-0     [002] dnh.   378.623224: sched_wakeup: comm=tailscaled pid=425 prio=120 target_cpu=002
          <idle>-0     [002] d...   378.623231: sched_switch: prev_comm=swapper/2 prev_pid=0 prev_prio=120 prev_state=R ==> next_comm=tailscaled next_pid=425 next_prio=120
      tailscaled-533   [003] d...   378.623258: sched_switch: prev_comm=tailscaled prev_pid=533 prev_prio=120 prev_state=S ==> next_comm=swapper/3 next_pid=0 next_prio=120
      tailscaled-425   [002] d...   378.623258: sched_switch: prev_comm=tailscaled prev_pid=425 prev_prio=120 prev_state=S ==> next_comm=swapper/2 next_pid=0 next_prio=120
          <idle>-0     [002] dnh.   378.623276: sched_wakeup: comm=tailscaled pid=425 prio=120 target_cpu=002
          <idle>-0     [003] dnh.   378.623277: sched_wakeup: comm=tailscaled pid=424 prio=120 target_cpu=003
          <idle>-0     [002] d...   378.623282: sched_switch: prev_comm=swapper/2 prev_pid=0 prev_prio=120 prev_state=R ==> next_comm=tailscaled next_pid=425 next_prio=120
          <idle>-0     [003] d...   378.623285: sched_switch: prev_comm=swapper/3 prev_pid=0 prev_prio=120 prev_state=R ==> next_comm=tailscaled next_pid=424 next_prio=120
      tailscaled-424   [003] d...   378.623294: sched_switch: prev_comm=tailscaled prev_pid=424 prev_prio=120 prev_state=S ==> next_comm=swapper/3 next_pid=0 next_prio=120
      tailscaled-425   [002] d...   378.623299: sched_switch: prev_comm=tailscaled prev_pid=425 prev_prio=120 prev_state=S ==> next_comm=swapper/2 next_pid=0 next_prio=120
          <idle>-0     [003] dnh.   378.623365: sched_wakeup: comm=tailscaled pid=424 prio=120 target_cpu=003
          <idle>-0     [003] d...   378.623372: sched_switch: prev_comm=swapper/3 prev_pid=0 prev_prio=120 prev_state=R ==> next_comm=tailscaled next_pid=424 next_prio=120
      tailscaled-424   [003] d...   378.623380: sched_switch: prev_comm=tailscaled prev_pid=424 prev_prio=120 prev_state=S ==> next_comm=swapper/3 next_pid=0 next_prio=120
          <idle>-0     [003] dnh.   378.623440: sched_wakeup: comm=tailscaled pid=533 prio=120 target_cpu=003
          <idle>-0     [003] dnh.   378.623445: sched_wakeup: comm=vncserver-x11-c pid=452 prio=120 target_cpu=003
          <idle>-0     [003] dnh.   378.623451: sched_wakeup: comm=tailscaled pid=424 prio=120 target_cpu=003
          <idle>-0     [003] d...   378.623458: sched_switch: prev_comm=swapper/3 prev_pid=0 prev_prio=120 prev_state=R ==> next_comm=vncserver-x11-c next_pid=452 next_prio=120
      tailscaled-544   [000] d...   378.623487: sched_switch: prev_comm=tailscaled prev_pid=544 prev_prio=120 prev_state=S ==> next_comm=swapper/0 next_pid=0 next_prio=120
          <idle>-0     [000] dnh.   378.623582: sched_wakeup: comm=vncagent pid=511 prio=120 target_cpu=000
          <idle>-0     [000] d...   378.623587: sched_switch: prev_comm=swapper/0 prev_pid=0 prev_prio=120 prev_state=R ==> next_comm=vncagent next_pid=511 next_prio=120
 vncserver-x11-c-452   [003] d...   378.623624: sched_switch: prev_comm=vncserver-x11-c prev_pid=452 prev_prio=120 prev_state=S ==> next_comm=tailscaled next_pid=424 next_prio=120
      tailscaled-424   [003] d...   378.623638: sched_switch: prev_comm=tailscaled prev_pid=424 prev_prio=120 prev_state=S ==> next_comm=tailscaled next_pid=533 next_prio=120
      tailscaled-533   [003] dn..   378.623659: sched_wakeup: comm=tailscaled pid=424 prio=120 target_cpu=003
      tailscaled-533   [003] d...   378.623663: sched_switch: prev_comm=tailscaled prev_pid=533 prev_prio=120 prev_state=R ==> next_comm=tailscaled next_pid=424 next_prio=120
      tailscaled-424   [003] d...   378.623677: sched_switch: prev_comm=tailscaled prev_pid=424 prev_prio=120 prev_state=S ==> next_comm=tailscaled next_pid=533 next_prio=120
          <idle>-0     [001] dnh.   378.623677: sched_wakeup: comm=Xorg pid=492 prio=120 target_cpu=001
          <idle>-0     [001] d...   378.623685: sched_switch: prev_comm=swapper/1 prev_pid=0 prev_prio=120 prev_state=R ==> next_comm=Xorg next_pid=492 next_prio=120
      tailscaled-533   [003] dn..   378.623685: sched_wakeup: comm=tailscaled pid=424 prio=120 target_cpu=003
      tailscaled-533   [003] d...   378.623688: sched_switch: prev_comm=tailscaled prev_pid=533 prev_prio=120 prev_state=R ==> next_comm=tailscaled next_pid=424 next_prio=120
      tailscaled-424   [003] d...   378.623700: sched_switch: prev_comm=tailscaled prev_pid=424 prev_prio=120 prev_state=S ==> next_comm=tailscaled next_pid=533 next_prio=120
        vncagent-511   [000] d...   378.623708: sched_switch: prev_comm=vncagent prev_pid=511 prev_prio=120 prev_state=S ==> next_comm=swapper/0 next_pid=0 next_prio=120
          <idle>-0     [000] dnh.   378.623734: sched_wakeup: comm=tailscaled pid=544 prio=120 target_cpu=000
          <idle>-0     [000] d...   378.623738: sched_switch: prev_comm=swapper/0 prev_pid=0 prev_prio=120 prev_state=R ==> next_comm=tailscaled next_pid=544 next_prio=120
      tailscaled-544   [000] d...   378.623762: sched_switch: prev_comm=tailscaled prev_pid=544 prev_prio=120 prev_state=S ==> next_comm=swapper/0 next_pid=0 next_prio=120
      tailscaled-533   [003] dnh.   378.623772: sched_wakeup: comm=tailscaled pid=424 prio=120 target_cpu=003
      tailscaled-533   [003] d...   378.623777: sched_switch: prev_comm=tailscaled prev_pid=533 prev_prio=120 prev_state=R ==> next_comm=tailscaled next_pid=424 next_prio=120
      tailscaled-424   [003] d...   378.623788: sched_switch: prev_comm=tailscaled prev_pid=424 prev_prio=120 prev_state=S ==> next_comm=tailscaled next_pid=533 next_prio=120
          <idle>-0     [002] dnh.   378.623816: sched_wakeup: comm=tailscaled pid=425 prio=120 target_cpu=002
          <idle>-0     [002] d...   378.623822: sched_switch: prev_comm=swapper/2 prev_pid=0 prev_prio=120 prev_state=R ==> next_comm=tailscaled next_pid=425 next_prio=120
          <idle>-0     [000] dnh.   378.623838: sched_wakeup: comm=vncagent pid=511 prio=120 target_cpu=000
      tailscaled-425   [002] d...   378.623841: sched_switch: prev_comm=tailscaled prev_pid=425 prev_prio=120 prev_state=S ==> next_comm=swapper/2 next_pid=0 next_prio=120
          <idle>-0     [000] d...   378.623842: sched_switch: prev_comm=swapper/0 prev_pid=0 prev_prio=120 prev_state=R ==> next_comm=vncagent next_pid=511 next_prio=120
      tailscaled-533   [003] dnh.   378.623860: sched_wakeup: comm=tailscaled pid=424 prio=120 target_cpu=003
      tailscaled-533   [003] d...   378.623866: sched_switch: prev_comm=tailscaled prev_pid=533 prev_prio=120 prev_state=R ==> next_comm=tailscaled next_pid=424 next_prio=120
      tailscaled-424   [003] d...   378.623877: sched_switch: prev_comm=tailscaled prev_pid=424 prev_prio=120 prev_state=S ==> next_comm=tailscaled next_pid=533 next_prio=120
            Xorg-492   [001] dn..   378.623890: sched_wakeup: comm=lxterminal pid=1113 prio=120 target_cpu=001
          <idle>-0     [002] dnh.   378.623891: sched_wakeup: comm=tailscaled pid=425 prio=120 target_cpu=002
          <idle>-0     [002] d...   378.623898: sched_switch: prev_comm=swapper/2 prev_pid=0 prev_prio=120 prev_state=R ==> next_comm=tailscaled next_pid=425 next_prio=120
            Xorg-492   [001] d...   378.623898: sched_switch: prev_comm=Xorg prev_pid=492 prev_prio=120 prev_state=R ==> next_comm=lxterminal next_pid=1113 next_prio=120
        vncagent-511   [000] d...   378.623908: sched_switch: prev_comm=vncagent prev_pid=511 prev_prio=120 prev_state=S ==> next_comm=swapper/0 next_pid=0 next_prio=120
      tailscaled-425   [002] dn..   378.623912: sched_wakeup: comm=tailscaled pid=547 prio=120 target_cpu=002
      tailscaled-425   [002] d...   378.623916: sched_switch: prev_comm=tailscaled prev_pid=425 prev_prio=120 prev_state=R ==> next_comm=tailscaled next_pid=547 next_prio=120
      tailscaled-547   [002] d...   378.623944: sched_switch: prev_comm=tailscaled prev_pid=547 prev_prio=120 prev_state=S ==> next_comm=tailscaled next_pid=425 next_prio=120
      tailscaled-533   [003] dnh.   378.623948: sched_wakeup: comm=tailscaled pid=424 prio=120 target_cpu=003
      tailscaled-533   [003] d...   378.623953: sched_switch: prev_comm=tailscaled prev_pid=533 prev_prio=120 prev_state=R ==> next_comm=tailscaled next_pid=424 next_prio=120
      tailscaled-424   [003] d...   378.623963: sched_switch: prev_comm=tailscaled prev_pid=424 prev_prio=120 prev_state=S ==> next_comm=tailscaled next_pid=533 next_prio=120
      tailscaled-425   [002] d...   378.623978: sched_switch: prev_comm=tailscaled prev_pid=425 prev_prio=120 prev_state=S ==> next_comm=swapper/2 next_pid=0 next_prio=120
      tailscaled-533   [003] dnh.   378.624039: sched_wakeup: comm=tailscaled pid=424 prio=120 target_cpu=003
          <idle>-0     [000] dnh.   378.624104: sched_wakeup: comm=kworker/u8:0 pid=7 prio=120 target_cpu=000
      tailscaled-533   [003] d...   378.624109: sched_switch: prev_comm=tailscaled prev_pid=533 prev_prio=120 prev_state=R+ ==> next_comm=tailscaled next_pid=424 next_prio=120
          <idle>-0     [000] d...   378.624109: sched_switch: prev_comm=swapper/0 prev_pid=0 prev_prio=120 prev_state=R ==> next_comm=kworker/u8:0 next_pid=7 next_prio=120
      tailscaled-424   [003] d...   378.624121: sched_switch: prev_comm=tailscaled prev_pid=424 prev_prio=120 prev_state=S ==> next_comm=tailscaled next_pid=533 next_prio=120
      lxterminal-1113  [001] d...   378.624159: sched_switch: prev_comm=lxterminal prev_pid=1113 prev_prio=120 prev_state=S ==> next_comm=Xorg next_pid=492 next_prio=120
    kworker/u8:0-7     [000] d...   378.624189: sched_switch: prev_comm=kworker/u8:0 prev_pid=7 prev_prio=120 prev_state=D ==> next_comm=swapper/0 next_pid=0 next_prio=120
      tailscaled-533   [003] d...   378.624199: sched_switch: prev_comm=tailscaled prev_pid=533 prev_prio=120 prev_state=S ==> next_comm=swapper/3 next_pid=0 next_prio=120
          <idle>-0     [000] dnH.   378.624203: sched_wakeup: comm=vncagent pid=511 prio=120 target_cpu=000
          <idle>-0     [000] dns.   378.624208: sched_wakeup: comm=kworker/u8:0 pid=7 prio=120 target_cpu=000
          <idle>-0     [003] dnh.   378.624208: sched_wakeup: comm=tailscaled pid=424 prio=120 target_cpu=003
          <idle>-0     [000] d...   378.624211: sched_switch: prev_comm=swapper/0 prev_pid=0 prev_prio=120 prev_state=R ==> next_comm=kworker/u8:0 next_pid=7 next_prio=120
          <idle>-0     [003] d...   378.624213: sched_switch: prev_comm=swapper/3 prev_pid=0 prev_prio=120 prev_state=R ==> next_comm=tailscaled next_pid=424 next_prio=120
    kworker/u8:0-7     [000] d...   378.624225: sched_wakeup: comm=tailscaled pid=544 prio=120 target_cpu=000
      tailscaled-424   [003] d...   378.624230: sched_switch: prev_comm=tailscaled prev_pid=424 prev_prio=120 prev_state=S ==> next_comm=swapper/3 next_pid=0 next_prio=120
    kworker/u8:0-7     [000] d...   378.624236: sched_switch: prev_comm=kworker/u8:0 prev_pid=7 prev_prio=120 prev_state=I ==> next_comm=vncagent next_pid=511 next_prio=120
        vncagent-511   [000] d...   378.624283: sched_switch: prev_comm=vncagent prev_pid=511 prev_prio=120 prev_state=S ==> next_comm=tailscaled next_pid=544 next_prio=120
            Xorg-492   [001] dn..   378.624312: sched_wakeup: comm=lxterminal pid=1113 prio=120 target_cpu=001
            Xorg-492   [001] d...   378.624319: sched_switch: prev_comm=Xorg prev_pid=492 prev_prio=120 prev_state=R ==> next_comm=lxterminal next_pid=1113 next_prio=120
      tailscaled-544   [000] d...   378.624320: sched_switch: prev_comm=tailscaled prev_pid=544 prev_prio=120 prev_state=S ==> next_comm=swapper/0 next_pid=0 next_prio=120
      lxterminal-1113  [001] d...   378.624340: sched_switch: prev_comm=lxterminal prev_pid=1113 prev_prio=120 prev_state=S ==> next_comm=Xorg next_pid=492 next_prio=120
            Xorg-492   [001] dn..   378.624352: sched_wakeup: comm=lxterminal pid=1113 prio=120 target_cpu=001
            Xorg-492   [001] d...   378.624356: sched_switch: prev_comm=Xorg prev_pid=492 prev_prio=120 prev_state=R ==> next_comm=lxterminal next_pid=1113 next_prio=120
      lxterminal-1113  [001] d...   378.624390: sched_switch: prev_comm=lxterminal prev_pid=1113 prev_prio=120 prev_state=S ==> next_comm=Xorg next_pid=492 next_prio=120
            Xorg-492   [001] dn..   378.624414: sched_wakeup: comm=lxterminal pid=1113 prio=120 target_cpu=001
            Xorg-492   [001] d...   378.624419: sched_switch: prev_comm=Xorg prev_pid=492 prev_prio=120 prev_state=R ==> next_comm=lxterminal next_pid=1113 next_prio=120
      lxterminal-1113  [001] d...   378.624435: sched_switch: prev_comm=lxterminal prev_pid=1113 prev_prio=120 prev_state=S ==> next_comm=Xorg next_pid=492 next_prio=120
            Xorg-492   [001] dn..   378.624446: sched_wakeup: comm=lxterminal pid=1113 prio=120 target_cpu=001
            Xorg-492   [001] d...   378.624451: sched_switch: prev_comm=Xorg prev_pid=492 prev_prio=120 prev_state=R ==> next_comm=lxterminal next_pid=1113 next_prio=120
      lxterminal-1113  [001] d...   378.624481: sched_switch: prev_comm=lxterminal prev_pid=1113 prev_prio=120 prev_state=S ==> next_comm=Xorg next_pid=492 next_prio=120
            Xorg-492   [001] dn..   378.624503: sched_wakeup: comm=lxterminal pid=1113 prio=120 target_cpu=001
            Xorg-492   [001] d...   378.624508: sched_switch: prev_comm=Xorg prev_pid=492 prev_prio=120 prev_state=R ==> next_comm=lxterminal next_pid=1113 next_prio=120
      lxterminal-1113  [001] d...   378.624524: sched_switch: prev_comm=lxterminal prev_pid=1113 prev_prio=120 prev_state=S ==> next_comm=Xorg next_pid=492 next_prio=120
            Xorg-492   [001] dn..   378.624535: sched_wakeup: comm=lxterminal pid=1113 prio=120 target_cpu=001
            Xorg-492   [001] d...   378.624540: sched_switch: prev_comm=Xorg prev_pid=492 prev_prio=120 prev_state=R ==> next_comm=lxterminal next_pid=1113 next_prio=120
      lxterminal-1113  [001] d...   378.624583: sched_switch: prev_comm=lxterminal prev_pid=1113 prev_prio=120 prev_state=S ==> next_comm=Xorg next_pid=492 next_prio=120
            Xorg-492   [001] dn..   378.624623: sched_wakeup: comm=lxterminal pid=1113 prio=120 target_cpu=001
            Xorg-492   [001] d...   378.624628: sched_switch: prev_comm=Xorg prev_pid=492 prev_prio=120 prev_state=R ==> next_comm=lxterminal next_pid=1113 next_prio=120
      lxterminal-1113  [001] d...   378.624837: sched_switch: prev_comm=lxterminal prev_pid=1113 prev_prio=120 prev_state=S ==> next_comm=Xorg next_pid=492 next_prio=120
            Xorg-492   [001] d...   378.624882: sched_switch: prev_comm=Xorg prev_pid=492 prev_prio=120 prev_state=S ==> next_comm=swapper/1 next_pid=0 next_prio=120
          <idle>-0     [000] dns.   378.629383: sched_wakeup: comm=rcu_sched pid=10 prio=120 target_cpu=000
          <idle>-0     [000] dnH.   378.629392: sched_wakeup: comm=kworker/0:2 pid=90 prio=120 target_cpu=000
          <idle>-0     [000] d...   378.629407: sched_switch: prev_comm=swapper/0 prev_pid=0 prev_prio=120 prev_state=R ==> next_comm=rcu_sched next_pid=10 next_prio=120
       rcu_sched-10    [000] d...   378.629423: sched_switch: prev_comm=rcu_sched prev_pid=10 prev_prio=120 prev_state=I ==> next_comm=kworker/0:2 next_pid=90 next_prio=120
     kworker/0:2-90    [000] d.h.   378.629462: sched_wakeup: comm=kworker/0:2 pid=90 prio=120 target_cpu=000
     kworker/0:2-90    [000] d...   378.629488: sched_switch: prev_comm=kworker/0:2 prev_pid=90 prev_prio=120 prev_state=D ==> next_comm=swapper/0 next_pid=0 next_prio=120
          <idle>-0     [000] dnh.   378.630745: sched_wakeup: comm=kworker/0:2 pid=90 prio=120 target_cpu=000
          <idle>-0     [000] d...   378.630756: sched_switch: prev_comm=swapper/0 prev_pid=0 prev_prio=120 prev_state=R ==> next_comm=kworker/0:2 next_pid=90 next_prio=120
     kworker/0:2-90    [000] d...   378.630782: sched_switch: prev_comm=kworker/0:2 prev_pid=90 prev_prio=120 prev_state=I ==> next_comm=swapper/0 next_pid=0 next_prio=120
          <idle>-0     [000] dnh.   378.634335: sched_wakeup: comm=vncagent pid=511 prio=120 target_cpu=000
          <idle>-0     [000] d...   378.634345: sched_switch: prev_comm=swapper/0 prev_pid=0 prev_prio=120 prev_state=R ==> next_comm=vncagent next_pid=511 next_prio=120
          <idle>-0     [001] dnh.   378.634402: sched_wakeup: comm=Xorg pid=492 prio=120 target_cpu=001
        vncagent-511   [000] d...   378.634411: sched_switch: prev_comm=vncagent prev_pid=511 prev_prio=120 prev_state=S ==> next_comm=swapper/0 next_pid=0 next_prio=120
          <idle>-0     [001] d...   378.634418: sched_switch: prev_comm=swapper/1 prev_pid=0 prev_prio=120 prev_state=R ==> next_comm=Xorg next_pid=492 next_prio=120
          <idle>-0     [000] dnh.   378.634478: sched_wakeup: comm=vncagent pid=511 prio=120 target_cpu=000
          <idle>-0     [000] d...   378.634485: sched_switch: prev_comm=swapper/0 prev_pid=0 prev_prio=120 prev_state=R ==> next_comm=vncagent next_pid=511 next_prio=120
            Xorg-492   [001] d...   378.634496: sched_switch: prev_comm=Xorg prev_pid=492 prev_prio=120 prev_state=S ==> next_comm=swapper/1 next_pid=0 next_prio=120
          <idle>-0     [003] dnh.   378.634546: sched_wakeup: comm=vncserver-x11-c pid=452 prio=120 target_cpu=003
          <idle>-0     [003] d...   378.634562: sched_switch: prev_comm=swapper/3 prev_pid=0 prev_prio=120 prev_state=R ==> next_comm=vncserver-x11-c next_pid=452 next_prio=120
        vncagent-511   [000] d...   378.634600: sched_switch: prev_comm=vncagent prev_pid=511 prev_prio=120 prev_state=S ==> next_comm=swapper/0 next_pid=0 next_prio=120
 vncserver-x11-c-452   [003] d...   378.634732: sched_switch: prev_comm=vncserver-x11-c prev_pid=452 prev_prio=120 prev_state=S ==> next_comm=swapper/3 next_pid=0 next_prio=120
          <idle>-0     [001] dnh.   378.639396: sched_wakeup: comm=brcmf_wdog/mmc1 pid=243 prio=120 target_cpu=001
          <idle>-0     [001] d...   378.639410: sched_switch: prev_comm=swapper/1 prev_pid=0 prev_prio=120 prev_state=R ==> next_comm=brcmf_wdog/mmc1 next_pid=243 next_prio=120
 brcmf_wdog/mmc1-243   [001] d...   378.639423: sched_switch: prev_comm=brcmf_wdog/mmc1 prev_pid=243 prev_prio=120 prev_state=S ==> next_comm=swapper/1 next_pid=0 next_prio=120
          <idle>-0     [002] dnh.   378.641665: sched_wakeup: comm=irq/86-mmc1 pid=80 prio=49 target_cpu=002
          <idle>-0     [002] d...   378.641685: sched_switch: prev_comm=swapper/2 prev_pid=0 prev_prio=120 prev_state=R ==> next_comm=irq/86-mmc1 next_pid=80 next_prio=49
     irq/86-mmc1-80    [002] d...   378.641721: sched_switch: prev_comm=irq/86-mmc1 prev_pid=80 prev_prio=49 prev_state=D ==> next_comm=swapper/2 next_pid=0 next_prio=120
          <idle>-0     [002] dnh.   378.641730: sched_wakeup: comm=irq/86-mmc1 pid=80 prio=49 target_cpu=002
          <idle>-0     [002] d...   378.641737: sched_switch: prev_comm=swapper/2 prev_pid=0 prev_prio=120 prev_state=R ==> next_comm=irq/86-mmc1 next_pid=80 next_prio=49
     irq/86-mmc1-80    [002] d...   378.641769: sched_switch: prev_comm=irq/86-mmc1 prev_pid=80 prev_prio=49 prev_state=D ==> next_comm=swapper/2 next_pid=0 next_prio=120
          <idle>-0     [002] dnh.   378.641788: sched_wakeup: comm=irq/86-mmc1 pid=80 prio=49 target_cpu=002
          <idle>-0     [002] d...   378.641799: sched_switch: prev_comm=swapper/2 prev_pid=0 prev_prio=120 prev_state=R ==> next_comm=irq/86-mmc1 next_pid=80 next_prio=49
     irq/86-mmc1-80    [002] d...   378.641823: sched_switch: prev_comm=irq/86-mmc1 prev_pid=80 prev_prio=49 prev_state=D ==> next_comm=swapper/2 next_pid=0 next_prio=120
          <idle>-0     [002] dnh.   378.641840: sched_wakeup: comm=irq/86-mmc1 pid=80 prio=49 target_cpu=002
          <idle>-0     [002] d...   378.641850: sched_switch: prev_comm=swapper/2 prev_pid=0 prev_prio=120 prev_state=R ==> next_comm=irq/86-mmc1 next_pid=80 next_prio=49
          <idle>-0     [000] dnh.   378.641868: sched_wakeup: comm=kworker/u8:0 pid=7 prio=120 target_cpu=000
     irq/86-mmc1-80    [002] d...   378.641872: sched_switch: prev_comm=irq/86-mmc1 prev_pid=80 prev_prio=49 prev_state=S ==> next_comm=swapper/2 next_pid=0 next_prio=120
          <idle>-0     [000] d...   378.641882: sched_switch: prev_comm=swapper/0 prev_pid=0 prev_prio=120 prev_state=R ==> next_comm=kworker/u8:0 next_pid=7 next_prio=120
    kworker/u8:0-7     [000] d.s.   378.641942: sched_wakeup: comm=kworker/u8:0 pid=7 prio=120 target_cpu=000
    kworker/u8:0-7     [000] d.s.   378.641991: sched_wakeup: comm=kworker/u8:0 pid=7 prio=120 target_cpu=000
    kworker/u8:0-7     [000] d.s.   378.642131: sched_wakeup: comm=tailscaled pid=544 prio=120 target_cpu=000
    kworker/u8:0-7     [000] d.s.   378.642177: sched_wakeup: comm=kworker/u8:0 pid=7 prio=120 target_cpu=000
    kworker/u8:0-7     [000] d...   378.642200: sched_switch: prev_comm=kworker/u8:0 prev_pid=7 prev_prio=120 prev_state=I ==> next_comm=tailscaled next_pid=544 next_prio=120
          <idle>-0     [003] dnh.   378.642262: sched_wakeup: comm=tailscaled pid=424 prio=120 target_cpu=003
          <idle>-0     [003] d...   378.642277: sched_switch: prev_comm=swapper/3 prev_pid=0 prev_prio=120 prev_state=R ==> next_comm=tailscaled next_pid=424 next_prio=120
      tailscaled-424   [003] d...   378.642339: sched_switch: prev_comm=tailscaled prev_pid=424 prev_prio=120 prev_state=S ==> next_comm=swapper/3 next_pid=0 next_prio=120
          <idle>-0     [003] dnh.   378.642381: sched_wakeup: comm=tailscaled pid=424 prio=120 target_cpu=003
          <idle>-0     [003] d...   378.642396: sched_switch: prev_comm=swapper/3 prev_pid=0 prev_prio=120 prev_state=R ==> next_comm=tailscaled next_pid=424 next_prio=120
      tailscaled-424   [003] d...   378.642416: sched_switch: prev_comm=tailscaled prev_pid=424 prev_prio=120 prev_state=S ==> next_comm=swapper/3 next_pid=0 next_prio=120
          <idle>-0     [003] dnh.   378.642434: sched_wakeup: comm=tailscaled pid=533 prio=120 target_cpu=003
          <idle>-0     [003] d...   378.642445: sched_switch: prev_comm=swapper/3 prev_pid=0 prev_prio=120 prev_state=R ==> next_comm=tailscaled next_pid=533 next_prio=120
      tailscaled-533   [003] dnh.   378.642491: sched_wakeup: comm=tailscaled pid=424 prio=120 target_cpu=003
      tailscaled-533   [003] d...   378.642501: sched_switch: prev_comm=tailscaled prev_pid=533 prev_prio=120 prev_state=R ==> next_comm=tailscaled next_pid=424 next_prio=120
      tailscaled-424   [003] d...   378.642521: sched_switch: prev_comm=tailscaled prev_pid=424 prev_prio=120 prev_state=S ==> next_comm=tailscaled next_pid=533 next_prio=120
          <idle>-0     [002] dnh.   378.642539: sched_wakeup: comm=tailscaled pid=425 prio=120 target_cpu=002
          <idle>-0     [002] d...   378.642552: sched_switch: prev_comm=swapper/2 prev_pid=0 prev_prio=120 prev_state=R ==> next_comm=tailscaled next_pid=425 next_prio=120
      tailscaled-533   [003] dnh.   378.642593: sched_wakeup: comm=tailscaled pid=424 prio=120 target_cpu=003
      tailscaled-533   [003] d...   378.642602: sched_switch: prev_comm=tailscaled prev_pid=533 prev_prio=120 prev_state=R ==> next_comm=tailscaled next_pid=424 next_prio=120
      tailscaled-425   [002] d...   378.642612: sched_switch: prev_comm=tailscaled prev_pid=425 prev_prio=120 prev_state=S ==> next_comm=swapper/2 next_pid=0 next_prio=120
      tailscaled-424   [003] d...   378.642622: sched_switch: prev_comm=tailscaled prev_pid=424 prev_prio=120 prev_state=S ==> next_comm=tailscaled next_pid=533 next_prio=120
          <idle>-0     [002] dnh.   378.642631: sched_wakeup: comm=tailscaled pid=425 prio=120 target_cpu=002
          <idle>-0     [002] d...   378.642643: sched_switch: prev_comm=swapper/2 prev_pid=0 prev_prio=120 prev_state=R ==> next_comm=tailscaled next_pid=425 next_prio=120
      tailscaled-533   [003] d...   378.642651: sched_switch: prev_comm=tailscaled prev_pid=533 prev_prio=120 prev_state=S ==> next_comm=swapper/3 next_pid=0 next_prio=120
      tailscaled-425   [002] d...   378.642677: sched_switch: prev_comm=tailscaled prev_pid=425 prev_prio=120 prev_state=S ==> next_comm=swapper/2 next_pid=0 next_prio=120
          <idle>-0     [003] dnh.   378.642693: sched_wakeup: comm=tailscaled pid=424 prio=120 target_cpu=003
          <idle>-0     [003] d...   378.642707: sched_switch: prev_comm=swapper/3 prev_pid=0 prev_prio=120 prev_state=R ==> next_comm=tailscaled next_pid=424 next_prio=120
      tailscaled-424   [003] d...   378.642725: sched_switch: prev_comm=tailscaled prev_pid=424 prev_prio=120 prev_state=S ==> next_comm=swapper/3 next_pid=0 next_prio=120
          <idle>-0     [003] dnh.   378.642797: sched_wakeup: comm=tailscaled pid=424 prio=120 target_cpu=003
          <idle>-0     [003] d...   378.642810: sched_switch: prev_comm=swapper/3 prev_pid=0 prev_prio=120 prev_state=R ==> next_comm=tailscaled next_pid=424 next_prio=120
      tailscaled-424   [003] d...   378.642828: sched_switch: prev_comm=tailscaled prev_pid=424 prev_prio=120 prev_state=S ==> next_comm=swapper/3 next_pid=0 next_prio=120
          <idle>-0     [003] dnh.   378.642901: sched_wakeup: comm=tailscaled pid=424 prio=120 target_cpu=003
          <idle>-0     [003] d...   378.642915: sched_switch: prev_comm=swapper/3 prev_pid=0 prev_prio=120 prev_state=R ==> next_comm=tailscaled next_pid=424 next_prio=120
      tailscaled-424   [003] d.h.   378.642926: sched_wakeup: comm=tailscaled pid=533 prio=120 target_cpu=003
      tailscaled-424   [003] d.h.   378.642935: sched_wakeup: comm=vncserver-x11-c pid=452 prio=120 target_cpu=003
      tailscaled-424   [003] d...   378.642954: sched_switch: prev_comm=tailscaled prev_pid=424 prev_prio=120 prev_state=S ==> next_comm=tailscaled next_pid=533 next_prio=120
      tailscaled-533   [003] dnh.   378.643035: sched_wakeup: comm=tailscaled pid=424 prio=120 target_cpu=003
      tailscaled-544   [000] d...   378.643043: sched_switch: prev_comm=tailscaled prev_pid=544 prev_prio=120 prev_state=S ==> next_comm=vncserver-x11-c next_pid=452 next_prio=120
      tailscaled-533   [003] d...   378.643044: sched_switch: prev_comm=tailscaled prev_pid=533 prev_prio=120 prev_state=R ==> next_comm=tailscaled next_pid=424 next_prio=120
      tailscaled-424   [003] d...   378.643064: sched_switch: prev_comm=tailscaled prev_pid=424 prev_prio=120 prev_state=S ==> next_comm=tailscaled next_pid=533 next_prio=120
          <idle>-0     [002] dnh.   378.643082: sched_wakeup: comm=tailscaled pid=425 prio=120 target_cpu=002
          <idle>-0     [002] d...   378.643094: sched_switch: prev_comm=swapper/2 prev_pid=0 prev_prio=120 prev_state=R ==> next_comm=tailscaled next_pid=425 next_prio=120
      tailscaled-533   [003] dnh.   378.643137: sched_wakeup: comm=tailscaled pid=424 prio=120 target_cpu=003
      tailscaled-425   [002] d...   378.643143: sched_switch: prev_comm=tailscaled prev_pid=425 prev_prio=120 prev_state=S ==> next_comm=swapper/2 next_pid=0 next_prio=120
      tailscaled-533   [003] d...   378.643147: sched_switch: prev_comm=tailscaled prev_pid=533 prev_prio=120 prev_state=R ==> next_comm=tailscaled next_pid=424 next_prio=120
      tailscaled-424   [003] d...   378.643167: sched_switch: prev_comm=tailscaled prev_pid=424 prev_prio=120 prev_state=S ==> next_comm=tailscaled next_pid=533 next_prio=120
          <idle>-0     [002] dnh.   378.643207: sched_wakeup: comm=tailscaled pid=425 prio=120 target_cpu=002
 vncserver-x11-c-452   [000] d...   378.643219: sched_wakeup: comm=vncagent pid=511 prio=120 target_cpu=000
          <idle>-0     [002] d...   378.643219: sched_switch: prev_comm=swapper/2 prev_pid=0 prev_prio=120 prev_state=R ==> next_comm=tailscaled next_pid=425 next_prio=120
      tailscaled-533   [003] dnh.   378.643239: sched_wakeup: comm=tailscaled pid=424 prio=120 target_cpu=003
      tailscaled-533   [003] d...   378.643248: sched_switch: prev_comm=tailscaled prev_pid=533 prev_prio=120 prev_state=R ==> next_comm=tailscaled next_pid=424 next_prio=120
      tailscaled-425   [002] d...   378.643254: sched_switch: prev_comm=tailscaled prev_pid=425 prev_prio=120 prev_state=S ==> next_comm=swapper/2 next_pid=0 next_prio=120
      tailscaled-424   [003] d...   378.643268: sched_switch: prev_comm=tailscaled prev_pid=424 prev_prio=120 prev_state=S ==> next_comm=tailscaled next_pid=533 next_prio=120
          <idle>-0     [002] dnh.   378.643300: sched_wakeup: comm=tailscaled pid=425 prio=120 target_cpu=002
 vncserver-x11-c-452   [000] d...   378.643300: sched_switch: prev_comm=vncserver-x11-c prev_pid=452 prev_prio=120 prev_state=S ==> next_comm=vncagent next_pid=511 next_prio=120
          <idle>-0     [002] d...   378.643314: sched_switch: prev_comm=swapper/2 prev_pid=0 prev_prio=120 prev_state=R ==> next_comm=tailscaled next_pid=425 next_prio=120
      tailscaled-425   [002] dn..   378.643336: sched_wakeup: comm=tailscaled pid=547 prio=120 target_cpu=002
      tailscaled-533   [003] dnh.   378.643340: sched_wakeup: comm=tailscaled pid=424 prio=120 target_cpu=003
      tailscaled-425   [002] d...   378.643343: sched_switch: prev_comm=tailscaled prev_pid=425 prev_prio=120 prev_state=R ==> next_comm=tailscaled next_pid=547 next_prio=120
      tailscaled-533   [003] d...   378.643349: sched_switch: prev_comm=tailscaled prev_pid=533 prev_prio=120 prev_state=R ==> next_comm=tailscaled next_pid=424 next_prio=120
      tailscaled-424   [003] d...   378.643369: sched_switch: prev_comm=tailscaled prev_pid=424 prev_prio=120 prev_state=S ==> next_comm=tailscaled next_pid=533 next_prio=120
      tailscaled-533   [003] d.h.   378.643380: sched_wakeup: comm=tailscaled pid=546 prio=120 target_cpu=003
      tailscaled-547   [002] d...   378.643414: sched_switch: prev_comm=tailscaled prev_pid=547 prev_prio=120 prev_state=S ==> next_comm=tailscaled next_pid=425 next_prio=120
          <idle>-0     [001] dnh.   378.643428: sched_wakeup: comm=Xorg pid=492 prio=120 target_cpu=001
          <idle>-0     [001] d...   378.643439: sched_switch: prev_comm=swapper/1 prev_pid=0 prev_prio=120 prev_state=R ==> next_comm=Xorg next_pid=492 next_prio=120
      tailscaled-533   [003] dnh.   378.643441: sched_wakeup: comm=tailscaled pid=424 prio=120 target_cpu=003
      tailscaled-533   [003] d...   378.643450: sched_switch: prev_comm=tailscaled prev_pid=533 prev_prio=120 prev_state=R ==> next_comm=tailscaled next_pid=424 next_prio=120
      tailscaled-424   [003] d...   378.643470: sched_switch: prev_comm=tailscaled prev_pid=424 prev_prio=120 prev_state=S ==> next_comm=tailscaled next_pid=546 next_prio=120
      tailscaled-425   [002] d...   378.643478: sched_switch: prev_comm=tailscaled prev_pid=425 prev_prio=120 prev_state=S ==> next_comm=swapper/2 next_pid=0 next_prio=120
        vncagent-511   [000] d...   378.643484: sched_switch: prev_comm=vncagent prev_pid=511 prev_prio=120 prev_state=S ==> next_comm=swapper/0 next_pid=0 next_prio=120
      tailscaled-546   [003] d...   378.643511: sched_switch: prev_comm=tailscaled prev_pid=546 prev_prio=120 prev_state=S ==> next_comm=tailscaled next_pid=533 next_prio=120
      tailscaled-533   [003] dnh.   378.643541: sched_wakeup: comm=tailscaled pid=424 prio=120 target_cpu=003
      tailscaled-533   [003] d...   378.643549: sched_switch: prev_comm=tailscaled prev_pid=533 prev_prio=120 prev_state=R ==> next_comm=tailscaled next_pid=424 next_prio=120
      tailscaled-424   [003] d...   378.643568: sched_switch: prev_comm=tailscaled prev_pid=424 prev_prio=120 prev_state=S ==> next_comm=tailscaled next_pid=533 next_prio=120
      tailscaled-533   [003] dnh.   378.643641: sched_wakeup: comm=tailscaled pid=424 prio=120 target_cpu=003
      tailscaled-533   [003] d...   378.643669: sched_switch: prev_comm=tailscaled prev_pid=533 prev_prio=120 prev_state=R+ ==> next_comm=tailscaled next_pid=424 next_prio=120
      tailscaled-424   [003] d...   378.643689: sched_switch: prev_comm=tailscaled prev_pid=424 prev_prio=120 prev_state=S ==> next_comm=tailscaled next_pid=533 next_prio=120
            Xorg-492   [001] dn..   378.643700: sched_wakeup: comm=lxterminal pid=1113 prio=120 target_cpu=001
            Xorg-492   [001] d...   378.643714: sched_switch: prev_comm=Xorg prev_pid=492 prev_prio=120 prev_state=R ==> next_comm=lxterminal next_pid=1113 next_prio=120
      tailscaled-533   [003] dnh.   378.643761: sched_wakeup: comm=tailscaled pid=424 prio=120 target_cpu=003
          <idle>-0     [000] dnh.   378.643819: sched_wakeup: comm=kworker/u8:0 pid=7 prio=120 target_cpu=000
      tailscaled-533   [003] d...   378.643826: sched_switch: prev_comm=tailscaled prev_pid=533 prev_prio=120 prev_state=R+ ==> next_comm=tailscaled next_pid=424 next_prio=120
          <idle>-0     [000] d...   378.643837: sched_switch: prev_comm=swapper/0 prev_pid=0 prev_prio=120 prev_state=R ==> next_comm=kworker/u8:0 next_pid=7 next_prio=120
      tailscaled-424   [003] d...   378.643848: sched_switch: prev_comm=tailscaled prev_pid=424 prev_prio=120 prev_state=S ==> next_comm=tailscaled next_pid=533 next_prio=120
      tailscaled-533   [003] dnh.   378.643920: sched_wakeup: comm=tailscaled pid=424 prio=120 target_cpu=003
      tailscaled-533   [003] d...   378.643929: sched_switch: prev_comm=tailscaled prev_pid=533 prev_prio=120 prev_state=R ==> next_comm=tailscaled next_pid=424 next_prio=120
      tailscaled-424   [003] d...   378.643952: sched_switch: prev_comm=tailscaled prev_pid=424 prev_prio=120 prev_state=S ==> next_comm=tailscaled next_pid=533 next_prio=120
    kworker/u8:0-7     [000] d...   378.643984: sched_wakeup: comm=tailscaled pid=544 prio=120 target_cpu=000
    kworker/u8:0-7     [000] d...   378.644004: sched_switch: prev_comm=kworker/u8:0 prev_pid=7 prev_prio=120 prev_state=I ==> next_comm=tailscaled next_pid=544 next_prio=120
      tailscaled-533   [003] d...   378.644037: sched_switch: prev_comm=tailscaled prev_pid=533 prev_prio=120 prev_state=S ==> next_comm=swapper/3 next_pid=0 next_prio=120
          <idle>-0     [003] dnh.   378.644054: sched_wakeup: comm=tailscaled pid=424 prio=120 target_cpu=003
          <idle>-0     [003] d...   378.644063: sched_switch: prev_comm=swapper/3 prev_pid=0 prev_prio=120 prev_state=R ==> next_comm=tailscaled next_pid=424 next_prio=120
