        vncagent-513   [003] d...  2117.477069: sched_switch: prev_comm=vncagent prev_pid=513 prev_prio=120 prev_state=S ==> next_comm=Xorg next_pid=491 next_prio=120
            Xorg-491   [003] dnH.  2117.478105: sched_wakeup: comm=brcmf_wdog/mmc1 pid=247 prio=120 target_cpu=003
            Xorg-491   [003] d...  2117.478121: sched_switch: prev_comm=Xorg prev_pid=491 prev_prio=120 prev_state=R ==> next_comm=brcmf_wdog/mmc1 next_pid=247 next_prio=120
 brcmf_wdog/mmc1-247   [003] d...  2117.478139: sched_switch: prev_comm=brcmf_wdog/mmc1 prev_pid=247 prev_prio=120 prev_state=S ==> next_comm=Xorg next_pid=491 next_prio=120
            Xorg-491   [003] dn..  2117.483091: sched_wakeup: comm=vncagent pid=513 prio=120 target_cpu=003
            Xorg-491   [003] d...  2117.483125: sched_switch: prev_comm=Xorg prev_pid=491 prev_prio=120 prev_state=R ==> next_comm=vncagent next_pid=513 next_prio=120
        vncagent-513   [003] d...  2117.483257: sched_wakeup: comm=vncserver-x11-c pid=452 prio=120 target_cpu=003
        vncagent-513   [003] d...  2117.483360: sched_switch: prev_comm=vncagent prev_pid=513 prev_prio=120 prev_state=S ==> next_comm=vncserver-x11-c next_pid=452 next_prio=120
          <idle>-0     [002] dns.  2117.488097: sched_wakeup: comm=rcu_sched pid=10 prio=120 target_cpu=002
          <idle>-0     [002] dns.  2117.488111: workqueue_queue_work: work struct=06408287 function=gc_worker [nf_conntrack] workqueue=00d12e3f req_cpu=4 cpu=2
          <idle>-0     [002] dns.  2117.488114: workqueue_activate_work: work struct 06408287
          <idle>-0     [002] dns.  2117.488118: insert_work <-__queue_work
          <idle>-0     [002] dns.  2117.488179: <stack trace>
 => insert_work
 => __queue_work
 => delayed_work_timer_fn
 => call_timer_fn
 => expire_timers
 => run_timer_softirq
 => __do_softirq
 => irq_exit
 => __handle_domain_irq
 => bcm2836_arm_irqchip_handle_irq
 => __irq_svc
 => arch_cpu_idle
 => arch_cpu_idle
 => default_idle_call
 => do_idle
 => cpu_startup_entry
 => secondary_start_kernel
 => 0x0010270c
          <idle>-0     [002] dns.  2117.488193: sched_wakeup: comm=kworker/2:2 pid=1257 prio=120 target_cpu=002
          <idle>-0     [002] d...  2117.488224: sched_switch: prev_comm=swapper/2 prev_pid=0 prev_prio=120 prev_state=R ==> next_comm=rcu_sched next_pid=10 next_prio=120
       rcu_sched-10    [002] d...  2117.488252: sched_switch: prev_comm=rcu_sched prev_pid=10 prev_prio=120 prev_state=I ==> next_comm=kworker/2:2 next_pid=1257 next_prio=120
     kworker/2:2-1257  [002] ....  2117.488263: workqueue_execute_start: work struct 06408287: function gc_worker [nf_conntrack]
     kworker/2:2-1257  [002] ....  2117.488294: workqueue_execute_end: work struct 06408287
     kworker/2:2-1257  [002] d...  2117.488353: sched_switch: prev_comm=kworker/2:2 prev_pid=1257 prev_prio=120 prev_state=I ==> next_comm=Xorg next_pid=491 next_prio=120
            Xorg-491   [002] d...  2117.488494: sched_switch: prev_comm=Xorg prev_pid=491 prev_prio=120 prev_state=S ==> next_comm=swapper/2 next_pid=0 next_prio=120
 vncserver-x11-c-452   [003] dnH.  2117.498130: sched_wakeup: comm=brcmf_wdog/mmc1 pid=247 prio=120 target_cpu=003
          <idle>-0     [002] dnh.  2117.498161: sched_wakeup: comm=rcu_sched pid=10 prio=120 target_cpu=002
          <idle>-0     [002] d...  2117.498171: sched_switch: prev_comm=swapper/2 prev_pid=0 prev_prio=120 prev_state=R ==> next_comm=rcu_sched next_pid=10 next_prio=120
 vncserver-x11-c-452   [003] d...  2117.498171: sched_switch: prev_comm=vncserver-x11-c prev_pid=452 prev_prio=120 prev_state=R ==> next_comm=brcmf_wdog/mmc1 next_pid=247 next_prio=120
 brcmf_wdog/mmc1-247   [003] d...  2117.498220: sched_switch: prev_comm=brcmf_wdog/mmc1 prev_pid=247 prev_prio=120 prev_state=D ==> next_comm=vncserver-x11-c next_pid=452 next_prio=120
       rcu_sched-10    [002] d...  2117.498231: sched_switch: prev_comm=rcu_sched prev_pid=10 prev_prio=120 prev_state=I ==> next_comm=swapper/2 next_pid=0 next_prio=120
 vncserver-x11-c-452   [003] dnh.  2117.498238: sched_wakeup: comm=brcmf_wdog/mmc1 pid=247 prio=120 target_cpu=003
 vncserver-x11-c-452   [003] d...  2117.498245: sched_switch: prev_comm=vncserver-x11-c prev_pid=452 prev_prio=120 prev_state=R ==> next_comm=brcmf_wdog/mmc1 next_pid=247 next_prio=120
 brcmf_wdog/mmc1-247   [003] d...  2117.498265: sched_switch: prev_comm=brcmf_wdog/mmc1 prev_pid=247 prev_prio=120 prev_state=D ==> next_comm=vncserver-x11-c next_pid=452 next_prio=120
 vncserver-x11-c-452   [003] dnh.  2117.498276: sched_wakeup: comm=brcmf_wdog/mmc1 pid=247 prio=120 target_cpu=003
 vncserver-x11-c-452   [003] d...  2117.498282: sched_switch: prev_comm=vncserver-x11-c prev_pid=452 prev_prio=120 prev_state=R ==> next_comm=brcmf_wdog/mmc1 next_pid=247 next_prio=120
 brcmf_wdog/mmc1-247   [003] d...  2117.498298: sched_switch: prev_comm=brcmf_wdog/mmc1 prev_pid=247 prev_prio=120 prev_state=D ==> next_comm=vncserver-x11-c next_pid=452 next_prio=120
 vncserver-x11-c-452   [003] dnh.  2117.498308: sched_wakeup: comm=brcmf_wdog/mmc1 pid=247 prio=120 target_cpu=003
 vncserver-x11-c-452   [003] d...  2117.498315: sched_switch: prev_comm=vncserver-x11-c prev_pid=452 prev_prio=120 prev_state=R ==> next_comm=brcmf_wdog/mmc1 next_pid=247 next_prio=120
 brcmf_wdog/mmc1-247   [003] d...  2117.498330: sched_switch: prev_comm=brcmf_wdog/mmc1 prev_pid=247 prev_prio=120 prev_state=S ==> next_comm=vncserver-x11-c next_pid=452 next_prio=120
          <idle>-0     [000] dnh.  2117.499901: sched_wakeup: comm=lxterminal pid=1127 prio=120 target_cpu=000
          <idle>-0     [000] d...  2117.499914: sched_switch: prev_comm=swapper/0 prev_pid=0 prev_prio=120 prev_state=R ==> next_comm=lxterminal next_pid=1127 next_prio=120
      lxterminal-1127  [000] d...  2117.500231: sched_switch: prev_comm=lxterminal prev_pid=1127 prev_prio=120 prev_state=S ==> next_comm=swapper/0 next_pid=0 next_prio=120
 vncserver-x11-c-452   [003] dnh.  2117.503415: sched_wakeup: comm=vncagent pid=513 prio=120 target_cpu=003
 vncserver-x11-c-452   [003] d...  2117.503435: sched_switch: prev_comm=vncserver-x11-c prev_pid=452 prev_prio=120 prev_state=R ==> next_comm=vncagent next_pid=513 next_prio=120
        vncagent-513   [003] d...  2117.503539: sched_switch: prev_comm=vncagent prev_pid=513 prev_prio=120 prev_state=S ==> next_comm=vncserver-x11-c next_pid=452 next_prio=120
          <idle>-0     [002] dnh.  2117.505392: sched_wakeup: comm=irq/86-mmc1 pid=80 prio=49 target_cpu=002
          <idle>-0     [002] d...  2117.505404: sched_switch: prev_comm=swapper/2 prev_pid=0 prev_prio=120 prev_state=R ==> next_comm=irq/86-mmc1 next_pid=80 next_prio=49
     irq/86-mmc1-80    [002] d...  2117.505463: sched_switch: prev_comm=irq/86-mmc1 prev_pid=80 prev_prio=49 prev_state=D ==> next_comm=swapper/2 next_pid=0 next_prio=120
          <idle>-0     [002] dnh.  2117.505473: sched_wakeup: comm=irq/86-mmc1 pid=80 prio=49 target_cpu=002
          <idle>-0     [002] d...  2117.505479: sched_switch: prev_comm=swapper/2 prev_pid=0 prev_prio=120 prev_state=R ==> next_comm=irq/86-mmc1 next_pid=80 next_prio=49
     irq/86-mmc1-80    [002] d...  2117.505515: sched_switch: prev_comm=irq/86-mmc1 prev_pid=80 prev_prio=49 prev_state=D ==> next_comm=swapper/2 next_pid=0 next_prio=120
          <idle>-0     [002] dnh.  2117.505529: sched_wakeup: comm=irq/86-mmc1 pid=80 prio=49 target_cpu=002
          <idle>-0     [002] d...  2117.505535: sched_switch: prev_comm=swapper/2 prev_pid=0 prev_prio=120 prev_state=R ==> next_comm=irq/86-mmc1 next_pid=80 next_prio=49
     irq/86-mmc1-80    [002] d...  2117.505559: sched_switch: prev_comm=irq/86-mmc1 prev_pid=80 prev_prio=49 prev_state=D ==> next_comm=swapper/2 next_pid=0 next_prio=120
          <idle>-0     [002] dnh.  2117.505574: sched_wakeup: comm=irq/86-mmc1 pid=80 prio=49 target_cpu=002
          <idle>-0     [002] d...  2117.505580: sched_switch: prev_comm=swapper/2 prev_pid=0 prev_prio=120 prev_state=R ==> next_comm=irq/86-mmc1 next_pid=80 next_prio=49
     irq/86-mmc1-80    [002] d...  2117.505588: workqueue_queue_work: work struct=b87e4118 function=brcmf_sdio_dataworker [brcmfmac] workqueue=45ac18f6 req_cpu=4 cpu=4294967295
     irq/86-mmc1-80    [002] d...  2117.505591: workqueue_activate_work: work struct b87e4118
     irq/86-mmc1-80    [002] d...  2117.505594: insert_work <-__queue_work
     irq/86-mmc1-80    [002] d...  2117.505642: <stack trace>
 => insert_work
 => __queue_work
 => queue_work_on
 => brcmf_sdio_isr
 => brcmf_sdiod_ib_irqhandler
 => process_sdio_pending_irqs
 => sdio_run_irqs
 => bcm2835_mmc_thread_irq
 => irq_thread_fn
 => irq_thread
 => kthread
 => ret_from_fork
 => 0
     irq/86-mmc1-80    [002] d...  2117.505655: sched_wakeup: comm=kworker/u8:1 pid=1248 prio=120 target_cpu=002
     irq/86-mmc1-80    [002] d...  2117.505673: sched_switch: prev_comm=irq/86-mmc1 prev_pid=80 prev_prio=49 prev_state=S ==> next_comm=kworker/u8:1 next_pid=1248 next_prio=120
    kworker/u8:1-1248  [002] ....  2117.505683: workqueue_execute_start: work struct b87e4118: function brcmf_sdio_dataworker [brcmfmac]
    kworker/u8:1-1248  [002] ....  2117.505685: brcmf_sdio_dataworker <-process_one_work
    kworker/u8:1-1248  [002] ....  2117.505702: <stack trace>
 => brcmf_sdio_dataworker
 => process_one_work
 => worker_thread
 => kthread
 => ret_from_fork
 => 0
    kworker/u8:1-1248  [002] d...  2117.505736: sched_switch: prev_comm=kworker/u8:1 prev_pid=1248 prev_prio=120 prev_state=D ==> next_comm=swapper/2 next_pid=0 next_prio=120
          <idle>-0     [002] dnh.  2117.505748: sched_wakeup: comm=kworker/u8:1 pid=1248 prio=120 target_cpu=002
          <idle>-0     [002] d...  2117.505755: sched_switch: prev_comm=swapper/2 prev_pid=0 prev_prio=120 prev_state=R ==> next_comm=kworker/u8:1 next_pid=1248 next_prio=120
    kworker/u8:1-1248  [002] d...  2117.505768: sched_switch: prev_comm=kworker/u8:1 prev_pid=1248 prev_prio=120 prev_state=D ==> next_comm=swapper/2 next_pid=0 next_prio=120
          <idle>-0     [002] dnh.  2117.508077: sched_wakeup: comm=kworker/u8:1 pid=1248 prio=120 target_cpu=002
          <idle>-0     [002] dns.  2117.508143: sched_wakeup: comm=ksoftirqd/2 pid=21 prio=120 target_cpu=002
          <idle>-0     [002] d...  2117.508153: sched_switch: prev_comm=swapper/2 prev_pid=0 prev_prio=120 prev_state=R ==> next_comm=ksoftirqd/2 next_pid=21 next_prio=120
     ksoftirqd/2-21    [002] d...  2117.508266: sched_switch: prev_comm=ksoftirqd/2 prev_pid=21 prev_prio=120 prev_state=S ==> next_comm=kworker/u8:1 next_pid=1248 next_prio=120
    kworker/u8:1-1248  [002] d...  2117.508294: sched_switch: prev_comm=kworker/u8:1 prev_pid=1248 prev_prio=120 prev_state=D ==> next_comm=swapper/2 next_pid=0 next_prio=120
          <idle>-0     [002] dnh.  2117.508305: sched_wakeup: comm=kworker/u8:1 pid=1248 prio=120 target_cpu=002
          <idle>-0     [002] d...  2117.508311: sched_switch: prev_comm=swapper/2 prev_pid=0 prev_prio=120 prev_state=R ==> next_comm=kworker/u8:1 next_pid=1248 next_prio=120
    kworker/u8:1-1248  [002] d...  2117.508355: sched_switch: prev_comm=kworker/u8:1 prev_pid=1248 prev_prio=120 prev_state=D ==> next_comm=swapper/2 next_pid=0 next_prio=120
          <idle>-0     [002] dnh.  2117.508373: sched_wakeup: comm=kworker/u8:1 pid=1248 prio=120 target_cpu=002
          <idle>-0     [002] d...  2117.508379: sched_switch: prev_comm=swapper/2 prev_pid=0 prev_prio=120 prev_state=R ==> next_comm=kworker/u8:1 next_pid=1248 next_prio=120
    kworker/u8:1-1248  [002] d...  2117.508412: sched_switch: prev_comm=kworker/u8:1 prev_pid=1248 prev_prio=120 prev_state=D ==> next_comm=swapper/2 next_pid=0 next_prio=120
          <idle>-0     [002] dnh.  2117.508457: sched_wakeup: comm=kworker/u8:1 pid=1248 prio=120 target_cpu=002
          <idle>-0     [002] d...  2117.508464: sched_switch: prev_comm=swapper/2 prev_pid=0 prev_prio=120 prev_state=R ==> next_comm=kworker/u8:1 next_pid=1248 next_prio=120
    kworker/u8:1-1248  [002] d...  2117.508486: workqueue_queue_work: work struct=fb4f7e16 function=brcmf_fweh_event_worker [brcmfmac] workqueue=b42846d0 req_cpu=4 cpu=2
    kworker/u8:1-1248  [002] d...  2117.508489: workqueue_activate_work: work struct fb4f7e16
    kworker/u8:1-1248  [002] d...  2117.508491: insert_work <-__queue_work
    kworker/u8:1-1248  [002] d...  2117.508523: <stack trace>
 => insert_work
 => __queue_work
 => queue_work_on
 => brcmf_fweh_process_event
 => brcmf_rx_event
 => brcmf_sdio_dataworker
 => process_one_work
 => worker_thread
 => kthread
 => ret_from_fork
 => 0
    kworker/u8:1-1248  [002] d...  2117.508533: sched_wakeup: comm=kworker/2:2 pid=1257 prio=120 target_cpu=002
    kworker/u8:1-1248  [002] d...  2117.508564: sched_switch: prev_comm=kworker/u8:1 prev_pid=1248 prev_prio=120 prev_state=D ==> next_comm=kworker/2:2 next_pid=1257 next_prio=120
     kworker/2:2-1257  [002] ....  2117.508571: workqueue_execute_start: work struct fb4f7e16: function brcmf_fweh_event_worker [brcmfmac]
     kworker/2:2-1257  [002] d.h.  2117.508580: sched_wakeup: comm=kworker/u8:1 pid=1248 prio=120 target_cpu=002
     kworker/2:2-1257  [002] ....  2117.508601: workqueue_execute_end: work struct fb4f7e16
     kworker/2:2-1257  [002] d...  2117.508611: sched_switch: prev_comm=kworker/2:2 prev_pid=1257 prev_prio=120 prev_state=I ==> next_comm=kworker/u8:1 next_pid=1248 next_prio=120
    kworker/u8:1-1248  [002] ....  2117.508622: workqueue_execute_end: work struct b87e4118
    kworker/u8:1-1248  [002] d...  2117.508639: sched_switch: prev_comm=kworker/u8:1 prev_pid=1248 prev_prio=120 prev_state=I ==> next_comm=swapper/2 next_pid=0 next_prio=120
 vncserver-x11-c-452   [003] dnh.  2117.512590: sched_wakeup: comm=vncagent pid=513 prio=120 target_cpu=003
 vncserver-x11-c-452   [003] d...  2117.512609: sched_switch: prev_comm=vncserver-x11-c prev_pid=452 prev_prio=120 prev_state=R ==> next_comm=vncagent next_pid=513 next_prio=120
          <idle>-0     [002] dnh.  2117.512723: sched_wakeup: comm=Xorg pid=491 prio=120 target_cpu=002
          <idle>-0     [002] d...  2117.512732: sched_switch: prev_comm=swapper/2 prev_pid=0 prev_prio=120 prev_state=R ==> next_comm=Xorg next_pid=491 next_prio=120
        vncagent-513   [003] d...  2117.512747: sched_switch: prev_comm=vncagent prev_pid=513 prev_prio=120 prev_state=S ==> next_comm=vncserver-x11-c next_pid=452 next_prio=120
 vncserver-x11-c-452   [003] dnh.  2117.512856: sched_wakeup: comm=vncagent pid=513 prio=120 target_cpu=003
 vncserver-x11-c-452   [003] d...  2117.512865: sched_switch: prev_comm=vncserver-x11-c prev_pid=452 prev_prio=120 prev_state=R ==> next_comm=vncagent next_pid=513 next_prio=120
            Xorg-491   [002] d...  2117.512910: sched_switch: prev_comm=Xorg prev_pid=491 prev_prio=120 prev_state=S ==> next_comm=swapper/2 next_pid=0 next_prio=120
        vncagent-513   [003] d...  2117.512960: sched_switch: prev_comm=vncagent prev_pid=513 prev_prio=120 prev_state=S ==> next_comm=vncserver-x11-c next_pid=452 next_prio=120
          <idle>-0     [002] dns.  2117.518095: sched_wakeup: comm=rcu_sched pid=10 prio=120 target_cpu=002
          <idle>-0     [002] d...  2117.518127: sched_switch: prev_comm=swapper/2 prev_pid=0 prev_prio=120 prev_state=R ==> next_comm=rcu_sched next_pid=10 next_prio=120
       rcu_sched-10    [002] d...  2117.518153: sched_switch: prev_comm=rcu_sched prev_pid=10 prev_prio=120 prev_state=I ==> next_comm=swapper/2 next_pid=0 next_prio=120
 vncserver-x11-c-452   [003] dnH.  2117.528101: sched_wakeup: comm=brcmf_wdog/mmc1 pid=247 prio=120 target_cpu=003
          <idle>-0     [002] dnh.  2117.528124: sched_wakeup: comm=rcu_sched pid=10 prio=120 target_cpu=002
 vncserver-x11-c-452   [003] d...  2117.528133: sched_switch: prev_comm=vncserver-x11-c prev_pid=452 prev_prio=120 prev_state=R ==> next_comm=brcmf_wdog/mmc1 next_pid=247 next_prio=120
          <idle>-0     [002] d...  2117.528133: sched_switch: prev_comm=swapper/2 prev_pid=0 prev_prio=120 prev_state=R ==> next_comm=rcu_sched next_pid=10 next_prio=120
 brcmf_wdog/mmc1-247   [003] d...  2117.528153: sched_switch: prev_comm=brcmf_wdog/mmc1 prev_pid=247 prev_prio=120 prev_state=S ==> next_comm=vncserver-x11-c next_pid=452 next_prio=120
       rcu_sched-10    [002] d...  2117.528186: sched_switch: prev_comm=rcu_sched prev_pid=10 prev_prio=120 prev_state=I ==> next_comm=swapper/2 next_pid=0 next_prio=120
          <idle>-0     [002] d.h.  2117.528196: workqueue_queue_work: work struct=0d9414f0 function=dbs_work_handler workqueue=b42846d0 req_cpu=2 cpu=2
          <idle>-0     [002] d.h.  2117.528199: workqueue_activate_work: work struct 0d9414f0
          <idle>-0     [002] d.h.  2117.528201: insert_work <-__queue_work
          <idle>-0     [002] d.h.  2117.528255: <stack trace>
 => insert_work
 => __queue_work
 => queue_work_on
 => dbs_irq_work
 => irq_work_run_list
 => irq_work_run
 => handle_IPI
 => bcm2836_arm_irqchip_handle_irq
 => __irq_svc
 => finish_task_switch
 => finish_task_switch
 => __schedule
 => schedule_idle
 => do_idle
 => cpu_startup_entry
 => secondary_start_kernel
 => 0x0010270c
          <idle>-0     [002] dnh.  2117.528266: sched_wakeup: comm=kworker/2:2 pid=1257 prio=120 target_cpu=002
          <idle>-0     [002] d...  2117.528273: sched_switch: prev_comm=swapper/2 prev_pid=0 prev_prio=120 prev_state=R ==> next_comm=kworker/2:2 next_pid=1257 next_prio=120
     kworker/2:2-1257  [002] ....  2117.528283: workqueue_execute_start: work struct 0d9414f0: function dbs_work_handler
     kworker/2:2-1257  [002] d.h.  2117.528346: sched_wakeup: comm=kworker/2:2 pid=1257 prio=120 target_cpu=002
     kworker/2:2-1257  [002] d...  2117.528365: sched_switch: prev_comm=kworker/2:2 prev_pid=1257 prev_prio=120 prev_state=D ==> next_comm=swapper/2 next_pid=0 next_prio=120
          <idle>-0     [002] dnh.  2117.529960: sched_wakeup: comm=kworker/2:2 pid=1257 prio=120 target_cpu=002
          <idle>-0     [002] d...  2117.529964: sched_switch: prev_comm=swapper/2 prev_pid=0 prev_prio=120 prev_state=R ==> next_comm=kworker/2:2 next_pid=1257 next_prio=120
     kworker/2:2-1257  [002] ....  2117.529976: workqueue_execute_end: work struct 0d9414f0
     kworker/2:2-1257  [002] d...  2117.529981: sched_switch: prev_comm=kworker/2:2 prev_pid=1257 prev_prio=120 prev_state=I ==> next_comm=swapper/2 next_pid=0 next_prio=120
          <idle>-0     [002] dnh.  2117.535173: sched_wakeup: comm=tailscaled pid=899 prio=120 target_cpu=002
          <idle>-0     [002] d...  2117.535181: sched_switch: prev_comm=swapper/2 prev_pid=0 prev_prio=120 prev_state=R ==> next_comm=tailscaled next_pid=899 next_prio=120
      tailscaled-899   [002] d...  2117.535247: sched_wakeup: comm=tailscaled pid=419 prio=120 target_cpu=002
 vncserver-x11-c-452   [003] dnh.  2117.535339: sched_wakeup: comm=tailscaled pid=351 prio=120 target_cpu=003
 vncserver-x11-c-452   [003] d...  2117.535353: sched_switch: prev_comm=vncserver-x11-c prev_pid=452 prev_prio=120 prev_state=R ==> next_comm=tailscaled next_pid=351 next_prio=120
      tailscaled-351   [003] d...  2117.535417: sched_switch: prev_comm=tailscaled prev_pid=351 prev_prio=120 prev_state=S ==> next_comm=vncserver-x11-c next_pid=452 next_prio=120
      tailscaled-899   [002] d...  2117.535441: sched_wakeup: comm=tailscaled pid=422 prio=120 target_cpu=002
      tailscaled-899   [002] d...  2117.536069: workqueue_queue_work: work struct=b87e4118 function=brcmf_sdio_dataworker [brcmfmac] workqueue=45ac18f6 req_cpu=4 cpu=4294967295
      tailscaled-899   [002] d...  2117.536071: workqueue_activate_work: work struct b87e4118
      tailscaled-899   [002] d...  2117.536074: insert_work <-__queue_work
      tailscaled-899   [002] d...  2117.536125: <stack trace>
 => insert_work
 => __queue_work
 => queue_work_on
 => brcmf_sdio_bus_txdata
 => brcmf_proto_bcdc_txdata
 => brcmf_proto_bcdc_tx_queue_data
 => brcmf_netdev_start_xmit
 => dev_hard_start_xmit
 => sch_direct_xmit
 => __qdisc_run
 => __dev_queue_xmit
 => dev_queue_xmit
 => ip_finish_output2
 => ip_finish_output
 => ip_output
 => ip_local_out
 => ip_send_skb
 => udp_send_skb
 => udp_sendmsg
 => inet_sendmsg
 => sock_sendmsg
 => ___sys_sendmsg
 => __sys_sendmmsg
 => sys_sendmmsg
 => ret_fast_syscall
 => 0x05e0594c
      tailscaled-899   [002] dn..  2117.536134: sched_wakeup: comm=kworker/u8:1 pid=1248 prio=120 target_cpu=002
      tailscaled-899   [002] d...  2117.536149: sched_switch: prev_comm=tailscaled prev_pid=899 prev_prio=120 prev_state=R+ ==> next_comm=kworker/u8:1 next_pid=1248 next_prio=120
    kworker/u8:1-1248  [002] ....  2117.536157: workqueue_execute_start: work struct b87e4118: function brcmf_sdio_dataworker [brcmfmac]
    kworker/u8:1-1248  [002] ....  2117.536159: brcmf_sdio_dataworker <-process_one_work
    kworker/u8:1-1248  [002] ....  2117.536169: <stack trace>
 => brcmf_sdio_dataworker
 => process_one_work
 => worker_thread
 => kthread
 => ret_from_fork
 => 0
    kworker/u8:1-1248  [002] d...  2117.536224: sched_switch: prev_comm=kworker/u8:1 prev_pid=1248 prev_prio=120 prev_state=D ==> next_comm=tailscaled next_pid=419 next_prio=120
      tailscaled-419   [002] d...  2117.536268: sched_switch: prev_comm=tailscaled prev_pid=419 prev_prio=120 prev_state=S ==> next_comm=tailscaled next_pid=899 next_prio=120
          <idle>-0     [000] dnh.  2117.536283: sched_wakeup: comm=rngd pid=350 prio=120 target_cpu=000
      tailscaled-899   [002] dnh.  2117.536318: sched_wakeup: comm=kworker/u8:1 pid=1248 prio=120 target_cpu=002
      tailscaled-899   [002] dn..  2117.536323: workqueue_queue_work: work struct=b87e4118 function=brcmf_sdio_dataworker [brcmfmac] workqueue=45ac18f6 req_cpu=4 cpu=4294967295
      tailscaled-899   [002] dn..  2117.536325: insert_work <-__queue_work
          <idle>-0     [000] d...  2117.536328: sched_switch: prev_comm=swapper/0 prev_pid=0 prev_prio=120 prev_state=R ==> next_comm=rngd next_pid=350 next_prio=120
      tailscaled-899   [002] dn..  2117.536348: <stack trace>
 => insert_work
 => __queue_work
 => queue_work_on
 => brcmf_sdio_bus_txdata
 => brcmf_proto_bcdc_txdata
 => brcmf_proto_bcdc_tx_queue_data
 => brcmf_netdev_start_xmit
 => dev_hard_start_xmit
 => sch_direct_xmit
 => __qdisc_run
 => __dev_queue_xmit
 => dev_queue_xmit
 => ip_finish_output2
 => ip_finish_output
 => ip_output
 => ip_local_out
 => ip_send_skb
 => udp_send_skb
 => udp_sendmsg
 => inet_sendmsg
 => ___sys_sendmsg
 => __sys_sendmmsg
 => sys_sendmmsg
 => ret_fast_syscall
 => 0x05e0594c
      tailscaled-899   [002] dn..  2117.536354: sched_wakeup: comm=kworker/u8:2 pid=1259 prio=120 target_cpu=002
      tailscaled-899   [002] dnh.  2117.536366: sched_wakeup: comm=tailscaled pid=419 prio=120 target_cpu=002
            rngd-350   [000] d...  2117.536370: sched_switch: prev_comm=rngd prev_pid=350 prev_prio=120 prev_state=S ==> next_comm=swapper/0 next_pid=0 next_prio=120
      tailscaled-899   [002] d...  2117.536379: sched_switch: prev_comm=tailscaled prev_pid=899 prev_prio=120 prev_state=R+ ==> next_comm=kworker/u8:1 next_pid=1248 next_prio=120
    kworker/u8:1-1248  [002] d...  2117.536399: sched_switch: prev_comm=kworker/u8:1 prev_pid=1248 prev_prio=120 prev_state=D ==> next_comm=kworker/u8:2 next_pid=1259 next_prio=120
    kworker/u8:2-1259  [002] d...  2117.536407: sched_switch: prev_comm=kworker/u8:2 prev_pid=1259 prev_prio=120 prev_state=I ==> next_comm=tailscaled next_pid=419 next_prio=120
          <idle>-0     [000] dnh.  2117.536428: sched_wakeup: comm=tailscaled pid=534 prio=120 target_cpu=000
      tailscaled-419   [002] d...  2117.536433: sched_switch: prev_comm=tailscaled prev_pid=419 prev_prio=120 prev_state=S ==> next_comm=tailscaled next_pid=899 next_prio=120
          <idle>-0     [000] d...  2117.536445: sched_switch: prev_comm=swapper/0 prev_pid=0 prev_prio=120 prev_state=R ==> next_comm=tailscaled next_pid=534 next_prio=120
      tailscaled-899   [002] dnh.  2117.536445: sched_wakeup: comm=kworker/u8:1 pid=1248 prio=120 target_cpu=002
      tailscaled-899   [002] d...  2117.536449: sched_switch: prev_comm=tailscaled prev_pid=899 prev_prio=120 prev_state=R ==> next_comm=kworker/u8:1 next_pid=1248 next_prio=120
 vncserver-x11-c-452   [003] dnh.  2117.536476: sched_wakeup: comm=tailscaled pid=351 prio=120 target_cpu=003
 vncserver-x11-c-452   [003] d...  2117.536485: sched_switch: prev_comm=vncserver-x11-c prev_pid=452 prev_prio=120 prev_state=R ==> next_comm=tailscaled next_pid=351 next_prio=120
    kworker/u8:1-1248  [002] d...  2117.536486: sched_switch: prev_comm=kworker/u8:1 prev_pid=1248 prev_prio=120 prev_state=D ==> next_comm=tailscaled next_pid=899 next_prio=120
      tailscaled-899   [002] d.h.  2117.536504: sched_wakeup: comm=tailscaled pid=419 prio=120 target_cpu=002
      tailscaled-351   [003] d...  2117.536556: sched_switch: prev_comm=tailscaled prev_pid=351 prev_prio=120 prev_state=S ==> next_comm=vncserver-x11-c next_pid=452 next_prio=120
      tailscaled-899   [002] dnh.  2117.536569: sched_wakeup: comm=kworker/u8:1 pid=1248 prio=120 target_cpu=002
      tailscaled-899   [002] d...  2117.536573: sched_switch: prev_comm=tailscaled prev_pid=899 prev_prio=120 prev_state=R ==> next_comm=kworker/u8:1 next_pid=1248 next_prio=120
    kworker/u8:1-1248  [002] d...  2117.536589: sched_switch: prev_comm=kworker/u8:1 prev_pid=1248 prev_prio=120 prev_state=D ==> next_comm=tailscaled next_pid=419 next_prio=120
      tailscaled-419   [002] d...  2117.536600: sched_switch: prev_comm=tailscaled prev_pid=419 prev_prio=120 prev_state=S ==> next_comm=tailscaled next_pid=899 next_prio=120
      tailscaled-899   [002] dnh.  2117.536623: sched_wakeup: comm=kworker/u8:1 pid=1248 prio=120 target_cpu=002
      tailscaled-899   [002] d...  2117.536627: sched_switch: prev_comm=tailscaled prev_pid=899 prev_prio=120 prev_state=R ==> next_comm=kworker/u8:1 next_pid=1248 next_prio=120
 vncserver-x11-c-452   [003] dnh.  2117.536639: sched_wakeup: comm=tailscaled pid=351 prio=120 target_cpu=003
    kworker/u8:1-1248  [002] ....  2117.536643: workqueue_execute_end: work struct b87e4118
 vncserver-x11-c-452   [003] d...  2117.536644: sched_switch: prev_comm=vncserver-x11-c prev_pid=452 prev_prio=120 prev_state=R ==> next_comm=tailscaled next_pid=351 next_prio=120
    kworker/u8:1-1248  [002] d...  2117.536646: workqueue_activate_work: work struct b87e4118
    kworker/u8:1-1248  [002] ....  2117.536649: workqueue_execute_start: work struct b87e4118: function brcmf_sdio_dataworker [brcmfmac]
    kworker/u8:1-1248  [002] ....  2117.536650: brcmf_sdio_dataworker <-process_one_work
    kworker/u8:1-1248  [002] ....  2117.536662: <stack trace>
 => brcmf_sdio_dataworker
 => process_one_work
 => worker_thread
 => kthread
 => ret_from_fork
 => 0
    kworker/u8:1-1248  [002] ....  2117.536663: workqueue_execute_end: work struct b87e4118
    kworker/u8:1-1248  [002] d...  2117.536668: sched_switch: prev_comm=kworker/u8:1 prev_pid=1248 prev_prio=120 prev_state=I ==> next_comm=tailscaled next_pid=899 next_prio=120
      tailscaled-899   [002] d.h.  2117.536675: sched_wakeup: comm=tailscaled pid=419 prio=120 target_cpu=002
      tailscaled-351   [003] d...  2117.536676: sched_switch: prev_comm=tailscaled prev_pid=351 prev_prio=120 prev_state=S ==> next_comm=vncserver-x11-c next_pid=452 next_prio=120
      tailscaled-899   [002] d...  2117.536759: workqueue_queue_work: work struct=b87e4118 function=brcmf_sdio_dataworker [brcmfmac] workqueue=45ac18f6 req_cpu=4 cpu=4294967295
      tailscaled-899   [002] d...  2117.536760: workqueue_activate_work: work struct b87e4118
      tailscaled-899   [002] d...  2117.536761: insert_work <-__queue_work
      tailscaled-899   [002] d...  2117.536787: <stack trace>
 => insert_work
 => __queue_work
 => queue_work_on
 => brcmf_sdio_bus_txdata
 => brcmf_proto_bcdc_txdata
 => brcmf_proto_bcdc_tx_queue_data
 => brcmf_netdev_start_xmit
 => dev_hard_start_xmit
 => sch_direct_xmit
 => __qdisc_run
 => __dev_queue_xmit
 => dev_queue_xmit
 => ip_finish_output2
 => ip_finish_output
 => ip_output
 => ip_local_out
 => ip_send_skb
 => udp_send_skb
 => udp_sendmsg
 => inet_sendmsg
 => sock_sendmsg
 => ___sys_sendmsg
 => __sys_sendmmsg
 => sys_sendmmsg
 => ret_fast_syscall
 => 0x05e0594c
      tailscaled-899   [002] dn..  2117.536792: sched_wakeup: comm=kworker/u8:1 pid=1248 prio=120 target_cpu=002
      tailscaled-899   [002] d...  2117.536801: sched_switch: prev_comm=tailscaled prev_pid=899 prev_prio=120 prev_state=R+ ==> next_comm=kworker/u8:1 next_pid=1248 next_prio=120
    kworker/u8:1-1248  [002] ....  2117.536805: workqueue_execute_start: work struct b87e4118: function brcmf_sdio_dataworker [brcmfmac]
    kworker/u8:1-1248  [002] ....  2117.536806: brcmf_sdio_dataworker <-process_one_work
    kworker/u8:1-1248  [002] ....  2117.536814: <stack trace>
 => brcmf_sdio_dataworker
 => process_one_work
 => worker_thread
 => kthread
 => ret_from_fork
 => 0
    kworker/u8:1-1248  [002] d...  2117.536840: sched_switch: prev_comm=kworker/u8:1 prev_pid=1248 prev_prio=120 prev_state=D ==> next_comm=tailscaled next_pid=419 next_prio=120
      tailscaled-419   [002] d...  2117.536852: sched_switch: prev_comm=tailscaled prev_pid=419 prev_prio=120 prev_state=S ==> next_comm=tailscaled next_pid=899 next_prio=120
      tailscaled-899   [002] d...  2117.536886: workqueue_queue_work: work struct=b87e4118 function=brcmf_sdio_dataworker [brcmfmac] workqueue=45ac18f6 req_cpu=4 cpu=4294967295
      tailscaled-899   [002] d...  2117.536888: insert_work <-__queue_work
      tailscaled-899   [002] d...  2117.536908: <stack trace>
 => insert_work
 => __queue_work
 => queue_work_on
 => brcmf_sdio_bus_txdata
 => brcmf_proto_bcdc_txdata
 => brcmf_proto_bcdc_tx_queue_data
 => brcmf_netdev_start_xmit
 => dev_hard_start_xmit
 => sch_direct_xmit
 => __qdisc_run
 => __dev_queue_xmit
 => dev_queue_xmit
 => ip_finish_output2
 => ip_finish_output
 => ip_output
 => ip_local_out
 => ip_send_skb
 => udp_send_skb
 => udp_sendmsg
 => inet_sendmsg
 => ___sys_sendmsg
 => __sys_sendmmsg
 => sys_sendmmsg
 => ret_fast_syscall
 => 0x05e0594c
      tailscaled-899   [002] dn..  2117.536913: sched_wakeup: comm=kworker/u8:2 pid=1259 prio=120 target_cpu=002
      tailscaled-899   [002] dnh.  2117.536917: sched_wakeup: comm=kworker/u8:1 pid=1248 prio=120 target_cpu=002
      tailscaled-899   [002] dnh.  2117.536924: sched_wakeup: comm=tailscaled pid=419 prio=120 target_cpu=002
      tailscaled-899   [002] d...  2117.536932: sched_switch: prev_comm=tailscaled prev_pid=899 prev_prio=120 prev_state=R+ ==> next_comm=kworker/u8:2 next_pid=1259 next_prio=120
    kworker/u8:2-1259  [002] d...  2117.536938: sched_switch: prev_comm=kworker/u8:2 prev_pid=1259 prev_prio=120 prev_state=I ==> next_comm=kworker/u8:1 next_pid=1248 next_prio=120
    kworker/u8:1-1248  [002] d...  2117.536955: sched_switch: prev_comm=kworker/u8:1 prev_pid=1248 prev_prio=120 prev_state=D ==> next_comm=tailscaled next_pid=419 next_prio=120
      tailscaled-419   [002] d...  2117.536965: sched_switch: prev_comm=tailscaled prev_pid=419 prev_prio=120 prev_state=S ==> next_comm=tailscaled next_pid=899 next_prio=120
      tailscaled-899   [002] dnh.  2117.536986: sched_wakeup: comm=kworker/u8:1 pid=1248 prio=120 target_cpu=002
      tailscaled-899   [002] d...  2117.536990: sched_switch: prev_comm=tailscaled prev_pid=899 prev_prio=120 prev_state=R ==> next_comm=kworker/u8:1 next_pid=1248 next_prio=120
 vncserver-x11-c-452   [003] dnh.  2117.537003: sched_wakeup: comm=tailscaled pid=351 prio=120 target_cpu=003
 vncserver-x11-c-452   [003] d...  2117.537009: sched_switch: prev_comm=vncserver-x11-c prev_pid=452 prev_prio=120 prev_state=R ==> next_comm=tailscaled next_pid=351 next_prio=120
    kworker/u8:1-1248  [002] d...  2117.537017: sched_switch: prev_comm=kworker/u8:1 prev_pid=1248 prev_prio=120 prev_state=D ==> next_comm=tailscaled next_pid=899 next_prio=120
      tailscaled-899   [002] d.h.  2117.537037: sched_wakeup: comm=tailscaled pid=419 prio=120 target_cpu=002
      tailscaled-351   [003] d...  2117.537049: sched_switch: prev_comm=tailscaled prev_pid=351 prev_prio=120 prev_state=S ==> next_comm=vncserver-x11-c next_pid=452 next_prio=120
      tailscaled-899   [002] dnh.  2117.537087: sched_wakeup: comm=kworker/u8:1 pid=1248 prio=120 target_cpu=002
      tailscaled-899   [002] d...  2117.537114: sched_switch: prev_comm=tailscaled prev_pid=899 prev_prio=120 prev_state=R+ ==> next_comm=kworker/u8:1 next_pid=1248 next_prio=120
    kworker/u8:1-1248  [002] d...  2117.537132: sched_switch: prev_comm=kworker/u8:1 prev_pid=1248 prev_prio=120 prev_state=D ==> next_comm=tailscaled next_pid=419 next_prio=120
      tailscaled-419   [002] d...  2117.537144: sched_switch: prev_comm=tailscaled prev_pid=419 prev_prio=120 prev_state=S ==> next_comm=tailscaled next_pid=899 next_prio=120
      tailscaled-899   [002] dnh.  2117.537172: sched_wakeup: comm=kworker/u8:1 pid=1248 prio=120 target_cpu=002
      tailscaled-899   [002] d...  2117.537182: sched_switch: prev_comm=tailscaled prev_pid=899 prev_prio=120 prev_state=R+ ==> next_comm=kworker/u8:1 next_pid=1248 next_prio=120
 vncserver-x11-c-452   [003] dnh.  2117.537194: sched_wakeup: comm=tailscaled pid=351 prio=120 target_cpu=003
 vncserver-x11-c-452   [003] d...  2117.537200: sched_switch: prev_comm=vncserver-x11-c prev_pid=452 prev_prio=120 prev_state=R ==> next_comm=tailscaled next_pid=351 next_prio=120
    kworker/u8:1-1248  [002] d.h.  2117.537215: sched_wakeup: comm=tailscaled pid=419 prio=120 target_cpu=002
    kworker/u8:1-1248  [002] d...  2117.537240: sched_switch: prev_comm=kworker/u8:1 prev_pid=1248 prev_prio=120 prev_state=D ==> next_comm=tailscaled next_pid=419 next_prio=120
      tailscaled-419   [002] d...  2117.537252: sched_switch: prev_comm=tailscaled prev_pid=419 prev_prio=120 prev_state=S ==> next_comm=tailscaled next_pid=899 next_prio=120
      tailscaled-899   [002] d...  2117.537316: sched_switch: prev_comm=tailscaled prev_pid=899 prev_prio=120 prev_state=S ==> next_comm=tailscaled next_pid=422 next_prio=120
      tailscaled-422   [002] d.h.  2117.537326: sched_wakeup: comm=tailscaled pid=419 prio=120 target_cpu=002
      tailscaled-351   [003] dnh.  2117.537353: sched_wakeup: comm=tailscaled pid=546 prio=120 target_cpu=003
      tailscaled-351   [003] d...  2117.537358: sched_switch: prev_comm=tailscaled prev_pid=351 prev_prio=120 prev_state=R ==> next_comm=tailscaled next_pid=546 next_prio=120
      tailscaled-546   [003] d...  2117.537384: sched_switch: prev_comm=tailscaled prev_pid=546 prev_prio=120 prev_state=S ==> next_comm=tailscaled next_pid=351 next_prio=120
      tailscaled-422   [002] d...  2117.537393: sched_switch: prev_comm=tailscaled prev_pid=422 prev_prio=120 prev_state=S ==> next_comm=tailscaled next_pid=419 next_prio=120
      tailscaled-419   [002] dnh.  2117.537398: sched_wakeup: comm=kworker/u8:1 pid=1248 prio=120 target_cpu=002
      tailscaled-419   [002] d...  2117.537402: sched_switch: prev_comm=tailscaled prev_pid=419 prev_prio=120 prev_state=R ==> next_comm=kworker/u8:1 next_pid=1248 next_prio=120
    kworker/u8:1-1248  [002] d...  2117.537413: sched_wakeup: comm=tailscaled pid=899 prio=120 target_cpu=002
    kworker/u8:1-1248  [002] ....  2117.537425: workqueue_execute_end: work struct b87e4118
    kworker/u8:1-1248  [002] d...  2117.537429: workqueue_activate_work: work struct b87e4118
    kworker/u8:1-1248  [002] ....  2117.537433: workqueue_execute_start: work struct b87e4118: function brcmf_sdio_dataworker [brcmfmac]
      tailscaled-351   [003] dnh.  2117.537434: sched_wakeup: comm=tailscaled pid=546 prio=120 target_cpu=003
    kworker/u8:1-1248  [002] ....  2117.537435: brcmf_sdio_dataworker <-process_one_work
      tailscaled-351   [003] d...  2117.537438: sched_switch: prev_comm=tailscaled prev_pid=351 prev_prio=120 prev_state=R ==> next_comm=tailscaled next_pid=546 next_prio=120
      tailscaled-546   [003] d...  2117.537452: sched_switch: prev_comm=tailscaled prev_pid=546 prev_prio=120 prev_state=S ==> next_comm=tailscaled next_pid=351 next_prio=120
    kworker/u8:1-1248  [002] ....  2117.537454: <stack trace>
 => brcmf_sdio_dataworker
 => process_one_work
 => worker_thread
 => kthread
 => ret_from_fork
 => 0
    kworker/u8:1-1248  [002] ....  2117.537457: workqueue_execute_end: work struct b87e4118
      tailscaled-534   [000] d...  2117.537457: workqueue_queue_work: work struct=b87e4118 function=brcmf_sdio_dataworker [brcmfmac] workqueue=45ac18f6 req_cpu=4 cpu=4294967295
      tailscaled-534   [000] d...  2117.537460: insert_work <-__queue_work
      tailscaled-534   [000] d...  2117.537489: <stack trace>
 => insert_work
 => __queue_work
 => queue_work_on
 => brcmf_sdio_bus_txdata
 => brcmf_proto_bcdc_txdata
 => brcmf_proto_bcdc_tx_queue_data
 => brcmf_netdev_start_xmit
 => dev_hard_start_xmit
 => sch_direct_xmit
 => __qdisc_run
 => __dev_queue_xmit
 => dev_queue_xmit
 => ip_finish_output2
 => ip_finish_output
 => ip_output
 => ip_local_out
 => ip_send_skb
 => udp_send_skb
 => udp_sendmsg
 => inet_sendmsg
 => sock_sendmsg
 => ___sys_sendmsg
 => __sys_sendmmsg
 => sys_sendmmsg
 => ret_fast_syscall
 => 0x05e0594c
    kworker/u8:1-1248  [002] d...  2117.537493: workqueue_activate_work: work struct b87e4118
    kworker/u8:1-1248  [002] d.h.  2117.537498: sched_wakeup: comm=kworker/u8:2 pid=1259 prio=120 target_cpu=002
    kworker/u8:1-1248  [002] ....  2117.537500: workqueue_execute_start: work struct b87e4118: function brcmf_sdio_dataworker [brcmfmac]
    kworker/u8:1-1248  [002] ....  2117.537500: brcmf_sdio_dataworker <-process_one_work
    kworker/u8:1-1248  [002] ....  2117.537508: <stack trace>
 => brcmf_sdio_dataworker
 => process_one_work
 => worker_thread
 => kthread
 => ret_from_fork
 => 0
      tailscaled-534   [000] d...  2117.537517: workqueue_queue_work: work struct=b87e4118 function=brcmf_sdio_dataworker [brcmfmac] workqueue=45ac18f6 req_cpu=4 cpu=4294967295
      tailscaled-534   [000] d...  2117.537518: insert_work <-__queue_work
    kworker/u8:1-1248  [002] d...  2117.537532: sched_switch: prev_comm=kworker/u8:1 prev_pid=1248 prev_prio=120 prev_state=D ==> next_comm=kworker/u8:2 next_pid=1259 next_prio=120
      tailscaled-534   [000] d...  2117.537538: <stack trace>
 => insert_work
 => __queue_work
 => queue_work_on
 => brcmf_sdio_bus_txdata
 => brcmf_proto_bcdc_txdata
 => brcmf_proto_bcdc_tx_queue_data
 => brcmf_netdev_start_xmit
 => dev_hard_start_xmit
 => sch_direct_xmit
 => __qdisc_run
 => __dev_queue_xmit
 => dev_queue_xmit
 => ip_finish_output2
 => ip_finish_output
 => ip_output
 => ip_local_out
 => ip_send_skb
 => udp_send_skb
 => udp_sendmsg
 => inet_sendmsg
 => ___sys_sendmsg
 => __sys_sendmmsg
 => sys_sendmmsg
 => ret_fast_syscall
 => 0x05e0594c
    kworker/u8:2-1259  [002] d...  2117.537545: sched_switch: prev_comm=kworker/u8:2 prev_pid=1259 prev_prio=120 prev_state=I ==> next_comm=tailscaled next_pid=419 next_prio=120
      tailscaled-419   [002] d...  2117.537556: sched_switch: prev_comm=tailscaled prev_pid=419 prev_prio=120 prev_state=S ==> next_comm=tailscaled next_pid=899 next_prio=120
      tailscaled-351   [003] d...  2117.537571: sched_switch: prev_comm=tailscaled prev_pid=351 prev_prio=120 prev_state=S ==> next_comm=vncserver-x11-c next_pid=452 next_prio=120
      tailscaled-899   [002] d...  2117.537609: sched_switch: prev_comm=tailscaled prev_pid=899 prev_prio=120 prev_state=S ==> next_comm=swapper/2 next_pid=0 next_prio=120
          <idle>-0     [002] dnh.  2117.537616: sched_wakeup: comm=kworker/u8:1 pid=1248 prio=120 target_cpu=002
          <idle>-0     [002] d...  2117.537619: sched_switch: prev_comm=swapper/2 prev_pid=0 prev_prio=120 prev_state=R ==> next_comm=kworker/u8:1 next_pid=1248 next_prio=120
    kworker/u8:1-1248  [002] d.h.  2117.537627: sched_wakeup: comm=tailscaled pid=419 prio=120 target_cpu=002
    kworker/u8:1-1248  [002] d...  2117.537644: sched_switch: prev_comm=kworker/u8:1 prev_pid=1248 prev_prio=120 prev_state=D ==> next_comm=tailscaled next_pid=419 next_prio=120
      tailscaled-419   [002] d...  2117.537658: sched_switch: prev_comm=tailscaled prev_pid=419 prev_prio=120 prev_state=S ==> next_comm=swapper/2 next_pid=0 next_prio=120
          <idle>-0     [002] dnh.  2117.537680: sched_wakeup: comm=kworker/u8:1 pid=1248 prio=120 target_cpu=002
          <idle>-0     [002] d...  2117.537684: sched_switch: prev_comm=swapper/2 prev_pid=0 prev_prio=120 prev_state=R ==> next_comm=kworker/u8:1 next_pid=1248 next_prio=120
    kworker/u8:1-1248  [002] d...  2117.537692: sched_wakeup: comm=tailscaled pid=899 prio=120 target_cpu=002
    kworker/u8:1-1248  [002] d.h.  2117.537725: sched_wakeup: comm=tailscaled pid=419 prio=120 target_cpu=002
      tailscaled-534   [000] d...  2117.537738: sched_switch: prev_comm=tailscaled prev_pid=534 prev_prio=120 prev_state=S ==> next_comm=swapper/0 next_pid=0 next_prio=120
    kworker/u8:1-1248  [002] d...  2117.537747: sched_switch: prev_comm=kworker/u8:1 prev_pid=1248 prev_prio=120 prev_state=D ==> next_comm=tailscaled next_pid=419 next_prio=120
      tailscaled-419   [002] d...  2117.537761: sched_switch: prev_comm=tailscaled prev_pid=419 prev_prio=120 prev_state=S ==> next_comm=tailscaled next_pid=899 next_prio=120
      tailscaled-899   [002] d...  2117.537793: sched_switch: prev_comm=tailscaled prev_pid=899 prev_prio=120 prev_state=S ==> next_comm=swapper/2 next_pid=0 next_prio=120
          <idle>-0     [002] dnh.  2117.537962: sched_wakeup: comm=kworker/u8:1 pid=1248 prio=120 target_cpu=002
          <idle>-0     [002] d...  2117.537966: sched_switch: prev_comm=swapper/2 prev_pid=0 prev_prio=120 prev_state=R ==> next_comm=kworker/u8:1 next_pid=1248 next_prio=120
    kworker/u8:1-1248  [002] d...  2117.537976: sched_wakeup: comm=tailscaled pid=899 prio=120 target_cpu=002
    kworker/u8:1-1248  [002] ....  2117.537989: workqueue_execute_end: work struct b87e4118
    kworker/u8:1-1248  [002] d...  2117.537992: workqueue_activate_work: work struct b87e4118
    kworker/u8:1-1248  [002] ....  2117.537995: workqueue_execute_start: work struct b87e4118: function brcmf_sdio_dataworker [brcmfmac]
    kworker/u8:1-1248  [002] ....  2117.537997: brcmf_sdio_dataworker <-process_one_work
    kworker/u8:1-1248  [002] ....  2117.538010: <stack trace>
 => brcmf_sdio_dataworker
 => process_one_work
 => worker_thread
 => kthread
 => ret_from_fork
 => 0
    kworker/u8:1-1248  [002] ....  2117.538011: workqueue_execute_end: work struct b87e4118
    kworker/u8:1-1248  [002] d...  2117.538016: sched_switch: prev_comm=kworker/u8:1 prev_pid=1248 prev_prio=120 prev_state=I ==> next_comm=tailscaled next_pid=899 next_prio=120
      tailscaled-899   [002] d...  2117.538047: sched_switch: prev_comm=tailscaled prev_pid=899 prev_prio=120 prev_state=S ==> next_comm=swapper/2 next_pid=0 next_prio=120
          <idle>-0     [002] d.s.  2117.538068: workqueue_queue_work: work struct=06408287 function=gc_worker [nf_conntrack] workqueue=00d12e3f req_cpu=4 cpu=2
          <idle>-0     [002] d.s.  2117.538070: workqueue_activate_work: work struct 06408287
          <idle>-0     [002] d.s.  2117.538070: insert_work <-__queue_work
          <idle>-0     [002] d.s.  2117.538094: <stack trace>
 => insert_work
 => __queue_work
 => delayed_work_timer_fn
 => call_timer_fn
 => expire_timers
 => run_timer_softirq
 => __do_softirq
 => irq_exit
 => __handle_domain_irq
 => bcm2836_arm_irqchip_handle_irq
 => __irq_svc
 => arch_cpu_idle
 => arch_cpu_idle
 => default_idle_call
 => do_idle
 => cpu_startup_entry
 => secondary_start_kernel
 => 0x0010270c
          <idle>-0     [002] dns.  2117.538100: sched_wakeup: comm=kworker/2:2 pid=1257 prio=120 target_cpu=002
          <idle>-0     [002] d...  2117.538118: sched_switch: prev_comm=swapper/2 prev_pid=0 prev_prio=120 prev_state=R ==> next_comm=kworker/2:2 next_pid=1257 next_prio=120
     kworker/2:2-1257  [002] ....  2117.538123: workqueue_execute_start: work struct 06408287: function gc_worker [nf_conntrack]
     kworker/2:2-1257  [002] ....  2117.538138: workqueue_execute_end: work struct 06408287
     kworker/2:2-1257  [002] d...  2117.538142: sched_switch: prev_comm=kworker/2:2 prev_pid=1257 prev_prio=120 prev_state=I ==> next_comm=swapper/2 next_pid=0 next_prio=120
          <idle>-0     [000] dnh.  2117.538630: sched_wakeup: comm=lxpanel pid=686 prio=120 target_cpu=000
          <idle>-0     [000] d...  2117.538641: sched_switch: prev_comm=swapper/0 prev_pid=0 prev_prio=120 prev_state=R ==> next_comm=lxpanel next_pid=686 next_prio=120
         lxpanel-686   [000] d...  2117.538743: sched_switch: prev_comm=lxpanel prev_pid=686 prev_prio=120 prev_state=S ==> next_comm=swapper/0 next_pid=0 next_prio=120
          <idle>-0     [002] dns.  2117.548082: sched_wakeup: comm=rcu_sched pid=10 prio=120 target_cpu=002
 vncserver-x11-c-452   [003] dnh.  2117.548100: sched_wakeup: comm=brcmf_wdog/mmc1 pid=247 prio=120 target_cpu=003
 vncserver-x11-c-452   [003] d...  2117.548112: sched_switch: prev_comm=vncserver-x11-c prev_pid=452 prev_prio=120 prev_state=R ==> next_comm=brcmf_wdog/mmc1 next_pid=247 next_prio=120
          <idle>-0     [002] d...  2117.548112: sched_switch: prev_comm=swapper/2 prev_pid=0 prev_prio=120 prev_state=R ==> next_comm=rcu_sched next_pid=10 next_prio=120
 brcmf_wdog/mmc1-247   [003] d...  2117.548126: sched_switch: prev_comm=brcmf_wdog/mmc1 prev_pid=247 prev_prio=120 prev_state=S ==> next_comm=vncserver-x11-c next_pid=452 next_prio=120
       rcu_sched-10    [002] d...  2117.548150: sched_switch: prev_comm=rcu_sched prev_pid=10 prev_prio=120 prev_state=I ==> next_comm=swapper/2 next_pid=0 next_prio=120
          <idle>-0     [002] dnh.  2117.562450: sched_wakeup: comm=irq/86-mmc1 pid=80 prio=49 target_cpu=002
          <idle>-0     [002] d...  2117.562464: sched_switch: prev_comm=swapper/2 prev_pid=0 prev_prio=120 prev_state=R ==> next_comm=irq/86-mmc1 next_pid=80 next_prio=49
     irq/86-mmc1-80    [002] d...  2117.562499: sched_switch: prev_comm=irq/86-mmc1 prev_pid=80 prev_prio=49 prev_state=D ==> next_comm=swapper/2 next_pid=0 next_prio=120
          <idle>-0     [002] dnh.  2117.562506: sched_wakeup: comm=irq/86-mmc1 pid=80 prio=49 target_cpu=002
          <idle>-0     [002] d...  2117.562509: sched_switch: prev_comm=swapper/2 prev_pid=0 prev_prio=120 prev_state=R ==> next_comm=irq/86-mmc1 next_pid=80 next_prio=49
     irq/86-mmc1-80    [002] d...  2117.562533: sched_switch: prev_comm=irq/86-mmc1 prev_pid=80 prev_prio=49 prev_state=D ==> next_comm=swapper/2 next_pid=0 next_prio=120
          <idle>-0     [002] dnh.  2117.562545: sched_wakeup: comm=irq/86-mmc1 pid=80 prio=49 target_cpu=002
          <idle>-0     [002] d...  2117.562549: sched_switch: prev_comm=swapper/2 prev_pid=0 prev_prio=120 prev_state=R ==> next_comm=irq/86-mmc1 next_pid=80 next_prio=49
     irq/86-mmc1-80    [002] d...  2117.562565: sched_switch: prev_comm=irq/86-mmc1 prev_pid=80 prev_prio=49 prev_state=D ==> next_comm=swapper/2 next_pid=0 next_prio=120
          <idle>-0     [002] dnh.  2117.562577: sched_wakeup: comm=irq/86-mmc1 pid=80 prio=49 target_cpu=002
          <idle>-0     [002] d...  2117.562580: sched_switch: prev_comm=swapper/2 prev_pid=0 prev_prio=120 prev_state=R ==> next_comm=irq/86-mmc1 next_pid=80 next_prio=49
     irq/86-mmc1-80    [002] d...  2117.562585: workqueue_queue_work: work struct=b87e4118 function=brcmf_sdio_dataworker [brcmfmac] workqueue=45ac18f6 req_cpu=4 cpu=4294967295
     irq/86-mmc1-80    [002] d...  2117.562587: workqueue_activate_work: work struct b87e4118
     irq/86-mmc1-80    [002] d...  2117.562589: insert_work <-__queue_work
     irq/86-mmc1-80    [002] d...  2117.562617: <stack trace>
 => insert_work
 => __queue_work
 => queue_work_on
 => brcmf_sdio_isr
 => brcmf_sdiod_ib_irqhandler
 => process_sdio_pending_irqs
 => sdio_run_irqs
 => bcm2835_mmc_thread_irq
 => irq_thread_fn
 => irq_thread
 => kthread
 => ret_from_fork
 => 0
     irq/86-mmc1-80    [002] d...  2117.562630: sched_wakeup: comm=kworker/u8:1 pid=1248 prio=120 target_cpu=002
     irq/86-mmc1-80    [002] d...  2117.562642: sched_switch: prev_comm=irq/86-mmc1 prev_pid=80 prev_prio=49 prev_state=S ==> next_comm=kworker/u8:1 next_pid=1248 next_prio=120
    kworker/u8:1-1248  [002] ....  2117.562648: workqueue_execute_start: work struct b87e4118: function brcmf_sdio_dataworker [brcmfmac]
    kworker/u8:1-1248  [002] ....  2117.562650: brcmf_sdio_dataworker <-process_one_work
    kworker/u8:1-1248  [002] ....  2117.562658: <stack trace>
 => brcmf_sdio_dataworker
 => process_one_work
 => worker_thread
 => kthread
 => ret_from_fork
 => 0
    kworker/u8:1-1248  [002] d...  2117.562713: sched_switch: prev_comm=kworker/u8:1 prev_pid=1248 prev_prio=120 prev_state=D ==> next_comm=swapper/2 next_pid=0 next_prio=120
          <idle>-0     [002] dnh.  2117.562721: sched_wakeup: comm=kworker/u8:1 pid=1248 prio=120 target_cpu=002
          <idle>-0     [002] d...  2117.562724: sched_switch: prev_comm=swapper/2 prev_pid=0 prev_prio=120 prev_state=R ==> next_comm=kworker/u8:1 next_pid=1248 next_prio=120
    kworker/u8:1-1248  [002] d...  2117.562747: sched_switch: prev_comm=kworker/u8:1 prev_pid=1248 prev_prio=120 prev_state=D ==> next_comm=swapper/2 next_pid=0 next_prio=120
          <idle>-0     [002] dnh.  2117.562779: sched_wakeup: comm=kworker/u8:1 pid=1248 prio=120 target_cpu=002
          <idle>-0     [002] d...  2117.562782: sched_switch: prev_comm=swapper/2 prev_pid=0 prev_prio=120 prev_state=R ==> next_comm=kworker/u8:1 next_pid=1248 next_prio=120
    kworker/u8:1-1248  [002] d...  2117.562796: workqueue_queue_work: work struct=fb4f7e16 function=brcmf_fweh_event_worker [brcmfmac] workqueue=b42846d0 req_cpu=4 cpu=2
    kworker/u8:1-1248  [002] d...  2117.562797: workqueue_activate_work: work struct fb4f7e16
    kworker/u8:1-1248  [002] d...  2117.562798: insert_work <-__queue_work
    kworker/u8:1-1248  [002] d...  2117.562812: <stack trace>
 => insert_work
 => __queue_work
 => queue_work_on
 => brcmf_fweh_process_event
 => brcmf_rx_event
 => brcmf_sdio_dataworker
 => process_one_work
 => worker_thread
