          <idle>-0     [003] d...  2117.595798: sched_switch: prev_comm=swapper/3 prev_pid=0 prev_prio=120 prev_state=R ==> next_comm=tailscaled next_pid=419 next_prio=120
      tailscaled-419   [003] d...  2117.595807: sched_switch: prev_comm=tailscaled prev_pid=419 prev_prio=120 prev_state=S ==> next_comm=swapper/3 next_pid=0 next_prio=120
      tailscaled-422   [002] d...  2117.595822: workqueue_queue_work: work struct=b87e4118 function=brcmf_sdio_dataworker [brcmfmac] workqueue=45ac18f6 req_cpu=4 cpu=4294967295
      tailscaled-422   [002] d...  2117.595824: workqueue_activate_work: work struct b87e4118
      tailscaled-422   [002] d...  2117.595825: insert_work <-__queue_work
      tailscaled-422   [002] d...  2117.595854: <stack trace>
 => insert_work
 => __queue_work
 => queue_work_on
 => brcmf_sdio_bus_txdata
 => brcmf_proto_bcdc_txdata
 => brcmf_proto_bcdc_tx_queue_data
 => brcmf_netdev_start_xmit
 => dev_hard_start_xmit
 => sch_direct_xmit
 => __qdisc_run
 => __dev_queue_xmit
 => dev_queue_xmit
 => ip_finish_output2
 => ip_finish_output
 => ip_output
 => ip_local_out
 => ip_send_skb
 => udp_send_skb
 => udp_sendmsg
 => inet_sendmsg
 => sock_sendmsg
 => ___sys_sendmsg
 => __sys_sendmmsg
 => sys_sendmmsg
 => ret_fast_syscall
 => 0x05e0594c
      tailscaled-422   [002] dn..  2117.595858: sched_wakeup: comm=kworker/u8:1 pid=1248 prio=120 target_cpu=002
      tailscaled-422   [002] d...  2117.595866: sched_switch: prev_comm=tailscaled prev_pid=422 prev_prio=120 prev_state=R+ ==> next_comm=kworker/u8:1 next_pid=1248 next_prio=120
    kworker/u8:1-1248  [002] ....  2117.595869: workqueue_execute_start: work struct b87e4118: function brcmf_sdio_dataworker [brcmfmac]
    kworker/u8:1-1248  [002] ....  2117.595870: brcmf_sdio_dataworker <-process_one_work
    kworker/u8:1-1248  [002] ....  2117.595878: <stack trace>
 => brcmf_sdio_dataworker
 => process_one_work
 => worker_thread
 => kthread
 => ret_from_fork
 => 0
          <idle>-0     [003] dnh.  2117.595878: sched_wakeup: comm=tailscaled pid=419 prio=120 target_cpu=003
    kworker/u8:1-1248  [002] ....  2117.595882: workqueue_execute_end: work struct b87e4118
          <idle>-0     [003] d...  2117.595884: sched_switch: prev_comm=swapper/3 prev_pid=0 prev_prio=120 prev_state=R ==> next_comm=tailscaled next_pid=419 next_prio=120
    kworker/u8:1-1248  [002] d...  2117.595887: sched_switch: prev_comm=kworker/u8:1 prev_pid=1248 prev_prio=120 prev_state=I ==> next_comm=tailscaled next_pid=422 next_prio=120
      tailscaled-419   [003] d...  2117.595893: sched_switch: prev_comm=tailscaled prev_pid=419 prev_prio=120 prev_state=S ==> next_comm=swapper/3 next_pid=0 next_prio=120
      tailscaled-422   [002] d...  2117.595910: workqueue_queue_work: work struct=b87e4118 function=brcmf_sdio_dataworker [brcmfmac] workqueue=45ac18f6 req_cpu=4 cpu=4294967295
      tailscaled-422   [002] d...  2117.595911: workqueue_activate_work: work struct b87e4118
      tailscaled-422   [002] d...  2117.595912: insert_work <-__queue_work
      tailscaled-422   [002] d...  2117.595931: <stack trace>
 => insert_work
 => __queue_work
 => queue_work_on
 => brcmf_sdio_bus_txdata
 => brcmf_proto_bcdc_txdata
 => brcmf_proto_bcdc_tx_queue_data
 => brcmf_netdev_start_xmit
 => dev_hard_start_xmit
 => sch_direct_xmit
 => __qdisc_run
 => __dev_queue_xmit
 => dev_queue_xmit
 => ip_finish_output2
 => ip_finish_output
 => ip_output
 => ip_local_out
 => ip_send_skb
 => udp_send_skb
 => udp_sendmsg
 => inet_sendmsg
 => ___sys_sendmsg
 => __sys_sendmmsg
 => sys_sendmmsg
 => ret_fast_syscall
 => 0x05e0594c
      tailscaled-422   [002] dn..  2117.595936: sched_wakeup: comm=kworker/u8:1 pid=1248 prio=120 target_cpu=002
      tailscaled-422   [002] d...  2117.595943: sched_switch: prev_comm=tailscaled prev_pid=422 prev_prio=120 prev_state=R+ ==> next_comm=kworker/u8:1 next_pid=1248 next_prio=120
    kworker/u8:1-1248  [002] ....  2117.595945: workqueue_execute_start: work struct b87e4118: function brcmf_sdio_dataworker [brcmfmac]
    kworker/u8:1-1248  [002] ....  2117.595946: brcmf_sdio_dataworker <-process_one_work
    kworker/u8:1-1248  [002] ....  2117.595953: <stack trace>
 => brcmf_sdio_dataworker
 => process_one_work
 => worker_thread
 => kthread
 => ret_from_fork
 => 0
    kworker/u8:1-1248  [002] ....  2117.595958: workqueue_execute_end: work struct b87e4118
    kworker/u8:1-1248  [002] d...  2117.595962: sched_switch: prev_comm=kworker/u8:1 prev_pid=1248 prev_prio=120 prev_state=I ==> next_comm=tailscaled next_pid=422 next_prio=120
          <idle>-0     [003] dnh.  2117.595964: sched_wakeup: comm=tailscaled pid=419 prio=120 target_cpu=003
          <idle>-0     [003] d...  2117.595970: sched_switch: prev_comm=swapper/3 prev_pid=0 prev_prio=120 prev_state=R ==> next_comm=tailscaled next_pid=419 next_prio=120
      tailscaled-419   [003] d...  2117.595979: sched_switch: prev_comm=tailscaled prev_pid=419 prev_prio=120 prev_state=S ==> next_comm=swapper/3 next_pid=0 next_prio=120
      tailscaled-422   [002] d...  2117.596004: sched_switch: prev_comm=tailscaled prev_pid=422 prev_prio=120 prev_state=S ==> next_comm=swapper/2 next_pid=0 next_prio=120
          <idle>-0     [003] dnh.  2117.596050: sched_wakeup: comm=tailscaled pid=419 prio=120 target_cpu=003
          <idle>-0     [003] d...  2117.596056: sched_switch: prev_comm=swapper/3 prev_pid=0 prev_prio=120 prev_state=R ==> next_comm=tailscaled next_pid=419 next_prio=120
      tailscaled-419   [003] d...  2117.596068: sched_switch: prev_comm=tailscaled prev_pid=419 prev_prio=120 prev_state=S ==> next_comm=swapper/3 next_pid=0 next_prio=120
          <idle>-0     [002] dnh.  2117.599598: sched_wakeup: comm=irq/86-mmc1 pid=80 prio=49 target_cpu=002
          <idle>-0     [002] d...  2117.599608: sched_switch: prev_comm=swapper/2 prev_pid=0 prev_prio=120 prev_state=R ==> next_comm=irq/86-mmc1 next_pid=80 next_prio=49
     irq/86-mmc1-80    [002] d...  2117.599624: sched_switch: prev_comm=irq/86-mmc1 prev_pid=80 prev_prio=49 prev_state=D ==> next_comm=swapper/2 next_pid=0 next_prio=120
          <idle>-0     [002] dnh.  2117.599631: sched_wakeup: comm=irq/86-mmc1 pid=80 prio=49 target_cpu=002
          <idle>-0     [002] d...  2117.599634: sched_switch: prev_comm=swapper/2 prev_pid=0 prev_prio=120 prev_state=R ==> next_comm=irq/86-mmc1 next_pid=80 next_prio=49
     irq/86-mmc1-80    [002] d...  2117.599651: sched_switch: prev_comm=irq/86-mmc1 prev_pid=80 prev_prio=49 prev_state=D ==> next_comm=swapper/2 next_pid=0 next_prio=120
          <idle>-0     [002] dnh.  2117.599659: sched_wakeup: comm=irq/86-mmc1 pid=80 prio=49 target_cpu=002
          <idle>-0     [002] d...  2117.599662: sched_switch: prev_comm=swapper/2 prev_pid=0 prev_prio=120 prev_state=R ==> next_comm=irq/86-mmc1 next_pid=80 next_prio=49
     irq/86-mmc1-80    [002] d...  2117.599677: sched_switch: prev_comm=irq/86-mmc1 prev_pid=80 prev_prio=49 prev_state=D ==> next_comm=swapper/2 next_pid=0 next_prio=120
          <idle>-0     [002] dnh.  2117.599687: sched_wakeup: comm=irq/86-mmc1 pid=80 prio=49 target_cpu=002
          <idle>-0     [002] d...  2117.599691: sched_switch: prev_comm=swapper/2 prev_pid=0 prev_prio=120 prev_state=R ==> next_comm=irq/86-mmc1 next_pid=80 next_prio=49
     irq/86-mmc1-80    [002] d...  2117.599693: workqueue_queue_work: work struct=b87e4118 function=brcmf_sdio_dataworker [brcmfmac] workqueue=45ac18f6 req_cpu=4 cpu=4294967295
     irq/86-mmc1-80    [002] d...  2117.599694: workqueue_activate_work: work struct b87e4118
     irq/86-mmc1-80    [002] d...  2117.599695: insert_work <-__queue_work
     irq/86-mmc1-80    [002] d...  2117.599711: <stack trace>
 => insert_work
 => __queue_work
 => queue_work_on
 => brcmf_sdio_isr
 => brcmf_sdiod_ib_irqhandler
 => process_sdio_pending_irqs
 => sdio_run_irqs
 => bcm2835_mmc_thread_irq
 => irq_thread_fn
 => irq_thread
 => kthread
 => ret_from_fork
 => 0
     irq/86-mmc1-80    [002] d...  2117.599716: sched_wakeup: comm=kworker/u8:1 pid=1248 prio=120 target_cpu=002
     irq/86-mmc1-80    [002] d...  2117.599725: sched_switch: prev_comm=irq/86-mmc1 prev_pid=80 prev_prio=49 prev_state=S ==> next_comm=kworker/u8:1 next_pid=1248 next_prio=120
    kworker/u8:1-1248  [002] ....  2117.599727: workqueue_execute_start: work struct b87e4118: function brcmf_sdio_dataworker [brcmfmac]
    kworker/u8:1-1248  [002] ....  2117.599728: brcmf_sdio_dataworker <-process_one_work
    kworker/u8:1-1248  [002] ....  2117.599736: <stack trace>
 => brcmf_sdio_dataworker
 => process_one_work
 => worker_thread
 => kthread
 => ret_from_fork
 => 0
    kworker/u8:1-1248  [002] dnh.  2117.599746: sched_wakeup: comm=irq/86-mmc1 pid=80 prio=49 target_cpu=002
    kworker/u8:1-1248  [002] d...  2117.599760: sched_switch: prev_comm=kworker/u8:1 prev_pid=1248 prev_prio=120 prev_state=R+ ==> next_comm=irq/86-mmc1 next_pid=80 next_prio=49
     irq/86-mmc1-80    [002] d...  2117.599770: sched_switch: prev_comm=irq/86-mmc1 prev_pid=80 prev_prio=49 prev_state=D ==> next_comm=kworker/u8:1 next_pid=1248 next_prio=120
    kworker/u8:1-1248  [002] dn..  2117.599777: sched_wakeup: comm=irq/86-mmc1 pid=80 prio=49 target_cpu=002
    kworker/u8:1-1248  [002] d...  2117.599782: sched_switch: prev_comm=kworker/u8:1 prev_pid=1248 prev_prio=120 prev_state=R+ ==> next_comm=irq/86-mmc1 next_pid=80 next_prio=49
     irq/86-mmc1-80    [002] d...  2117.599791: sched_switch: prev_comm=irq/86-mmc1 prev_pid=80 prev_prio=49 prev_state=D ==> next_comm=kworker/u8:1 next_pid=1248 next_prio=120
    kworker/u8:1-1248  [002] d...  2117.599796: sched_switch: prev_comm=kworker/u8:1 prev_pid=1248 prev_prio=120 prev_state=D ==> next_comm=swapper/2 next_pid=0 next_prio=120
          <idle>-0     [002] dnh.  2117.599799: sched_wakeup: comm=irq/86-mmc1 pid=80 prio=49 target_cpu=002
          <idle>-0     [002] d...  2117.599802: sched_switch: prev_comm=swapper/2 prev_pid=0 prev_prio=120 prev_state=R ==> next_comm=irq/86-mmc1 next_pid=80 next_prio=49
     irq/86-mmc1-80    [002] d...  2117.599817: sched_switch: prev_comm=irq/86-mmc1 prev_pid=80 prev_prio=49 prev_state=D ==> next_comm=swapper/2 next_pid=0 next_prio=120
          <idle>-0     [002] dnh.  2117.599826: sched_wakeup: comm=irq/86-mmc1 pid=80 prio=49 target_cpu=002
          <idle>-0     [002] d...  2117.599832: sched_switch: prev_comm=swapper/2 prev_pid=0 prev_prio=120 prev_state=R ==> next_comm=irq/86-mmc1 next_pid=80 next_prio=49
     irq/86-mmc1-80    [002] d...  2117.599847: sched_switch: prev_comm=irq/86-mmc1 prev_pid=80 prev_prio=49 prev_state=D ==> next_comm=swapper/2 next_pid=0 next_prio=120
          <idle>-0     [002] dnh.  2117.599857: sched_wakeup: comm=irq/86-mmc1 pid=80 prio=49 target_cpu=002
          <idle>-0     [002] d...  2117.599862: sched_switch: prev_comm=swapper/2 prev_pid=0 prev_prio=120 prev_state=R ==> next_comm=irq/86-mmc1 next_pid=80 next_prio=49
     irq/86-mmc1-80    [002] d...  2117.599865: workqueue_queue_work: work struct=b87e4118 function=brcmf_sdio_dataworker [brcmfmac] workqueue=45ac18f6 req_cpu=4 cpu=4294967295
     irq/86-mmc1-80    [002] d...  2117.599866: insert_work <-__queue_work
     irq/86-mmc1-80    [002] d...  2117.599878: <stack trace>
 => insert_work
 => __queue_work
 => queue_work_on
 => brcmf_sdio_isr
 => brcmf_sdiod_ib_irqhandler
 => process_sdio_pending_irqs
 => sdio_run_irqs
 => bcm2835_mmc_thread_irq
 => irq_thread_fn
 => irq_thread
 => kthread
 => ret_from_fork
 => 0
     irq/86-mmc1-80    [002] d...  2117.599883: sched_wakeup: comm=kworker/u8:2 pid=1259 prio=120 target_cpu=002
     irq/86-mmc1-80    [002] d...  2117.599888: sched_wakeup: comm=kworker/u8:1 pid=1248 prio=120 target_cpu=002
     irq/86-mmc1-80    [002] d...  2117.599895: sched_switch: prev_comm=irq/86-mmc1 prev_pid=80 prev_prio=49 prev_state=S ==> next_comm=kworker/u8:2 next_pid=1259 next_prio=120
    kworker/u8:2-1259  [002] dnh.  2117.599901: sched_wakeup: comm=irq/86-mmc1 pid=80 prio=49 target_cpu=002
    kworker/u8:2-1259  [002] d...  2117.599905: sched_switch: prev_comm=kworker/u8:2 prev_pid=1259 prev_prio=120 prev_state=R ==> next_comm=irq/86-mmc1 next_pid=80 next_prio=49
     irq/86-mmc1-80    [002] d...  2117.599915: sched_switch: prev_comm=irq/86-mmc1 prev_pid=80 prev_prio=49 prev_state=D ==> next_comm=kworker/u8:2 next_pid=1259 next_prio=120
    kworker/u8:2-1259  [002] d...  2117.599920: sched_switch: prev_comm=kworker/u8:2 prev_pid=1259 prev_prio=120 prev_state=I ==> next_comm=kworker/u8:1 next_pid=1248 next_prio=120
    kworker/u8:1-1248  [002] dnh.  2117.599924: sched_wakeup: comm=irq/86-mmc1 pid=80 prio=49 target_cpu=002
    kworker/u8:1-1248  [002] d...  2117.599928: sched_switch: prev_comm=kworker/u8:1 prev_pid=1248 prev_prio=120 prev_state=R ==> next_comm=irq/86-mmc1 next_pid=80 next_prio=49
     irq/86-mmc1-80    [002] d...  2117.599943: sched_switch: prev_comm=irq/86-mmc1 prev_pid=80 prev_prio=49 prev_state=D ==> next_comm=kworker/u8:1 next_pid=1248 next_prio=120
    kworker/u8:1-1248  [002] d...  2117.599947: sched_switch: prev_comm=kworker/u8:1 prev_pid=1248 prev_prio=120 prev_state=D ==> next_comm=swapper/2 next_pid=0 next_prio=120
          <idle>-0     [002] dnh.  2117.599951: sched_wakeup: comm=irq/86-mmc1 pid=80 prio=49 target_cpu=002
          <idle>-0     [002] d...  2117.599954: sched_switch: prev_comm=swapper/2 prev_pid=0 prev_prio=120 prev_state=R ==> next_comm=irq/86-mmc1 next_pid=80 next_prio=49
     irq/86-mmc1-80    [002] d...  2117.599969: sched_switch: prev_comm=irq/86-mmc1 prev_pid=80 prev_prio=49 prev_state=D ==> next_comm=swapper/2 next_pid=0 next_prio=120
          <idle>-0     [002] dnh.  2117.599979: sched_wakeup: comm=irq/86-mmc1 pid=80 prio=49 target_cpu=002
          <idle>-0     [002] d...  2117.599985: sched_switch: prev_comm=swapper/2 prev_pid=0 prev_prio=120 prev_state=R ==> next_comm=irq/86-mmc1 next_pid=80 next_prio=49
     irq/86-mmc1-80    [002] d...  2117.599990: sched_wakeup: comm=kworker/u8:1 pid=1248 prio=120 target_cpu=002
     irq/86-mmc1-80    [002] d...  2117.599997: sched_switch: prev_comm=irq/86-mmc1 prev_pid=80 prev_prio=49 prev_state=S ==> next_comm=kworker/u8:1 next_pid=1248 next_prio=120
    kworker/u8:1-1248  [002] d...  2117.600014: sched_switch: prev_comm=kworker/u8:1 prev_pid=1248 prev_prio=120 prev_state=D ==> next_comm=swapper/2 next_pid=0 next_prio=120
          <idle>-0     [002] dnh.  2117.600025: sched_wakeup: comm=kworker/u8:1 pid=1248 prio=120 target_cpu=002
          <idle>-0     [002] d...  2117.600031: sched_switch: prev_comm=swapper/2 prev_pid=0 prev_prio=120 prev_state=R ==> next_comm=kworker/u8:1 next_pid=1248 next_prio=120
    kworker/u8:1-1248  [002] d...  2117.600048: sched_switch: prev_comm=kworker/u8:1 prev_pid=1248 prev_prio=120 prev_state=D ==> next_comm=swapper/2 next_pid=0 next_prio=120
          <idle>-0     [002] dnh.  2117.600059: sched_wakeup: comm=kworker/u8:1 pid=1248 prio=120 target_cpu=002
          <idle>-0     [002] d...  2117.600065: sched_switch: prev_comm=swapper/2 prev_pid=0 prev_prio=120 prev_state=R ==> next_comm=kworker/u8:1 next_pid=1248 next_prio=120
          <idle>-0     [003] dnh.  2117.600124: sched_wakeup: comm=tailscaled pid=351 prio=120 target_cpu=003
          <idle>-0     [003] d...  2117.600130: sched_switch: prev_comm=swapper/3 prev_pid=0 prev_prio=120 prev_state=R ==> next_comm=tailscaled next_pid=351 next_prio=120
    kworker/u8:1-1248  [002] d...  2117.600139: sched_switch: prev_comm=kworker/u8:1 prev_pid=1248 prev_prio=120 prev_state=D ==> next_comm=swapper/2 next_pid=0 next_prio=120
      tailscaled-351   [003] dn..  2117.600153: sched_wakeup: comm=tailscaled pid=419 prio=120 target_cpu=003
      tailscaled-351   [003] d...  2117.600157: sched_switch: prev_comm=tailscaled prev_pid=351 prev_prio=120 prev_state=R ==> next_comm=tailscaled next_pid=419 next_prio=120
          <idle>-0     [002] dnh.  2117.600158: sched_wakeup: comm=irq/86-mmc1 pid=80 prio=49 target_cpu=002
          <idle>-0     [002] dnh.  2117.600162: sched_wakeup: comm=kworker/u8:1 pid=1248 prio=120 target_cpu=002
          <idle>-0     [002] d...  2117.600168: sched_switch: prev_comm=swapper/2 prev_pid=0 prev_prio=120 prev_state=R ==> next_comm=irq/86-mmc1 next_pid=80 next_prio=49
      tailscaled-419   [003] d...  2117.600171: sched_switch: prev_comm=tailscaled prev_pid=419 prev_prio=120 prev_state=S ==> next_comm=tailscaled next_pid=351 next_prio=120
     irq/86-mmc1-80    [002] d...  2117.600174: sched_switch: prev_comm=irq/86-mmc1 prev_pid=80 prev_prio=49 prev_state=D ==> next_comm=kworker/u8:1 next_pid=1248 next_prio=120
      tailscaled-351   [003] dn..  2117.600179: sched_wakeup: comm=tailscaled pid=419 prio=120 target_cpu=003
      tailscaled-351   [003] d...  2117.600183: sched_switch: prev_comm=tailscaled prev_pid=351 prev_prio=120 prev_state=R ==> next_comm=tailscaled next_pid=419 next_prio=120
    kworker/u8:1-1248  [002] d...  2117.600192: sched_switch: prev_comm=kworker/u8:1 prev_pid=1248 prev_prio=120 prev_state=D ==> next_comm=swapper/2 next_pid=0 next_prio=120
      tailscaled-419   [003] d...  2117.600193: sched_switch: prev_comm=tailscaled prev_pid=419 prev_prio=120 prev_state=S ==> next_comm=tailscaled next_pid=351 next_prio=120
          <idle>-0     [002] dnh.  2117.600205: sched_wakeup: comm=kworker/u8:1 pid=1248 prio=120 target_cpu=002
          <idle>-0     [002] d...  2117.600211: sched_switch: prev_comm=swapper/2 prev_pid=0 prev_prio=120 prev_state=R ==> next_comm=kworker/u8:1 next_pid=1248 next_prio=120
    kworker/u8:1-1248  [002] dn..  2117.600215: sched_wakeup: comm=irq/86-mmc1 pid=80 prio=49 target_cpu=002
    kworker/u8:1-1248  [002] d...  2117.600243: sched_switch: prev_comm=kworker/u8:1 prev_pid=1248 prev_prio=120 prev_state=R+ ==> next_comm=irq/86-mmc1 next_pid=80 next_prio=49
     irq/86-mmc1-80    [002] d...  2117.600254: sched_switch: prev_comm=irq/86-mmc1 prev_pid=80 prev_prio=49 prev_state=D ==> next_comm=kworker/u8:1 next_pid=1248 next_prio=120
    kworker/u8:1-1248  [002] d...  2117.600258: sched_switch: prev_comm=kworker/u8:1 prev_pid=1248 prev_prio=120 prev_state=D ==> next_comm=swapper/2 next_pid=0 next_prio=120
          <idle>-0     [002] dnh.  2117.600262: sched_wakeup: comm=irq/86-mmc1 pid=80 prio=49 target_cpu=002
          <idle>-0     [002] d...  2117.600264: sched_switch: prev_comm=swapper/2 prev_pid=0 prev_prio=120 prev_state=R ==> next_comm=irq/86-mmc1 next_pid=80 next_prio=49
      tailscaled-351   [003] dnh.  2117.600265: sched_wakeup: comm=tailscaled pid=419 prio=120 target_cpu=003
      tailscaled-351   [003] d...  2117.600270: sched_switch: prev_comm=tailscaled prev_pid=351 prev_prio=120 prev_state=R ==> next_comm=tailscaled next_pid=419 next_prio=120
     irq/86-mmc1-80    [002] d...  2117.600280: sched_switch: prev_comm=irq/86-mmc1 prev_pid=80 prev_prio=49 prev_state=D ==> next_comm=swapper/2 next_pid=0 next_prio=120
      tailscaled-419   [003] d...  2117.600280: sched_switch: prev_comm=tailscaled prev_pid=419 prev_prio=120 prev_state=S ==> next_comm=tailscaled next_pid=351 next_prio=120
          <idle>-0     [002] dnh.  2117.600289: sched_wakeup: comm=irq/86-mmc1 pid=80 prio=49 target_cpu=002
          <idle>-0     [002] d...  2117.600295: sched_switch: prev_comm=swapper/2 prev_pid=0 prev_prio=120 prev_state=R ==> next_comm=irq/86-mmc1 next_pid=80 next_prio=49
     irq/86-mmc1-80    [002] d...  2117.600312: sched_switch: prev_comm=irq/86-mmc1 prev_pid=80 prev_prio=49 prev_state=D ==> next_comm=swapper/2 next_pid=0 next_prio=120
          <idle>-0     [002] dnh.  2117.600317: sched_wakeup: comm=tailscaled pid=422 prio=120 target_cpu=002
          <idle>-0     [002] d...  2117.600320: sched_switch: prev_comm=swapper/2 prev_pid=0 prev_prio=120 prev_state=R ==> next_comm=tailscaled next_pid=422 next_prio=120
      tailscaled-422   [002] dnh.  2117.600324: sched_wakeup: comm=irq/86-mmc1 pid=80 prio=49 target_cpu=002
      tailscaled-422   [002] d...  2117.600328: sched_switch: prev_comm=tailscaled prev_pid=422 prev_prio=120 prev_state=R ==> next_comm=irq/86-mmc1 next_pid=80 next_prio=49
     irq/86-mmc1-80    [002] d...  2117.600333: sched_wakeup: comm=kworker/u8:1 pid=1248 prio=120 target_cpu=002
     irq/86-mmc1-80    [002] d...  2117.600341: sched_switch: prev_comm=irq/86-mmc1 prev_pid=80 prev_prio=49 prev_state=S ==> next_comm=kworker/u8:1 next_pid=1248 next_prio=120
      tailscaled-351   [003] dnh.  2117.600353: sched_wakeup: comm=tailscaled pid=419 prio=120 target_cpu=003
      tailscaled-351   [003] d...  2117.600357: sched_switch: prev_comm=tailscaled prev_pid=351 prev_prio=120 prev_state=R ==> next_comm=tailscaled next_pid=419 next_prio=120
    kworker/u8:1-1248  [002] d...  2117.600358: sched_switch: prev_comm=kworker/u8:1 prev_pid=1248 prev_prio=120 prev_state=D ==> next_comm=tailscaled next_pid=422 next_prio=120
      tailscaled-419   [003] d...  2117.600368: sched_switch: prev_comm=tailscaled prev_pid=419 prev_prio=120 prev_state=S ==> next_comm=tailscaled next_pid=351 next_prio=120
      tailscaled-422   [002] dnh.  2117.600370: sched_wakeup: comm=kworker/u8:1 pid=1248 prio=120 target_cpu=002
      tailscaled-422   [002] d...  2117.600376: sched_switch: prev_comm=tailscaled prev_pid=422 prev_prio=120 prev_state=R ==> next_comm=kworker/u8:1 next_pid=1248 next_prio=120
    kworker/u8:1-1248  [002] d...  2117.600394: sched_switch: prev_comm=kworker/u8:1 prev_pid=1248 prev_prio=120 prev_state=D ==> next_comm=tailscaled next_pid=422 next_prio=120
      tailscaled-422   [002] dnh.  2117.600406: sched_wakeup: comm=kworker/u8:1 pid=1248 prio=120 target_cpu=002
      tailscaled-422   [002] d...  2117.600413: sched_switch: prev_comm=tailscaled prev_pid=422 prev_prio=120 prev_state=R ==> next_comm=kworker/u8:1 next_pid=1248 next_prio=120
          <idle>-0     [000] dnh.  2117.600415: sched_wakeup: comm=tailscaled pid=534 prio=120 target_cpu=000
          <idle>-0     [000] d...  2117.600422: sched_switch: prev_comm=swapper/0 prev_pid=0 prev_prio=120 prev_state=R ==> next_comm=tailscaled next_pid=534 next_prio=120
      tailscaled-351   [003] dnh.  2117.600439: sched_wakeup: comm=tailscaled pid=419 prio=120 target_cpu=003
      tailscaled-534   [000] d...  2117.600443: sched_wakeup: comm=tailscaled pid=899 prio=120 target_cpu=000
      tailscaled-351   [003] d...  2117.600444: sched_switch: prev_comm=tailscaled prev_pid=351 prev_prio=120 prev_state=R ==> next_comm=tailscaled next_pid=419 next_prio=120
      tailscaled-419   [003] d...  2117.600454: sched_switch: prev_comm=tailscaled prev_pid=419 prev_prio=120 prev_state=S ==> next_comm=tailscaled next_pid=351 next_prio=120
    kworker/u8:1-1248  [002] d...  2117.600458: sched_switch: prev_comm=kworker/u8:1 prev_pid=1248 prev_prio=120 prev_state=D ==> next_comm=tailscaled next_pid=422 next_prio=120
      tailscaled-422   [002] dnh.  2117.600472: sched_wakeup: comm=kworker/u8:1 pid=1248 prio=120 target_cpu=002
      tailscaled-422   [002] d...  2117.600476: sched_switch: prev_comm=tailscaled prev_pid=422 prev_prio=120 prev_state=R ==> next_comm=kworker/u8:1 next_pid=1248 next_prio=120
      tailscaled-534   [000] d...  2117.600488: sched_switch: prev_comm=tailscaled prev_pid=534 prev_prio=120 prev_state=R ==> next_comm=tailscaled next_pid=899 next_prio=120
    kworker/u8:1-1248  [002] d...  2117.600494: sched_switch: prev_comm=kworker/u8:1 prev_pid=1248 prev_prio=120 prev_state=D ==> next_comm=tailscaled next_pid=422 next_prio=120
      tailscaled-422   [002] dnh.  2117.600507: sched_wakeup: comm=kworker/u8:1 pid=1248 prio=120 target_cpu=002
      tailscaled-422   [002] d...  2117.600511: sched_switch: prev_comm=tailscaled prev_pid=422 prev_prio=120 prev_state=R ==> next_comm=kworker/u8:1 next_pid=1248 next_prio=120
      tailscaled-899   [000] d...  2117.600522: sched_switch: prev_comm=tailscaled prev_pid=899 prev_prio=120 prev_state=S ==> next_comm=tailscaled next_pid=534 next_prio=120
      tailscaled-351   [003] dnh.  2117.600526: sched_wakeup: comm=tailscaled pid=419 prio=120 target_cpu=003
      tailscaled-351   [003] d...  2117.600531: sched_switch: prev_comm=tailscaled prev_pid=351 prev_prio=120 prev_state=R ==> next_comm=tailscaled next_pid=419 next_prio=120
      tailscaled-419   [003] d...  2117.600541: sched_switch: prev_comm=tailscaled prev_pid=419 prev_prio=120 prev_state=S ==> next_comm=tailscaled next_pid=351 next_prio=120
    kworker/u8:1-1248  [002] d...  2117.600552: sched_switch: prev_comm=kworker/u8:1 prev_pid=1248 prev_prio=120 prev_state=D ==> next_comm=tailscaled next_pid=422 next_prio=120
      tailscaled-422   [002] dnh.  2117.600565: sched_wakeup: comm=kworker/u8:1 pid=1248 prio=120 target_cpu=002
      tailscaled-422   [002] d...  2117.600570: sched_switch: prev_comm=tailscaled prev_pid=422 prev_prio=120 prev_state=S ==> next_comm=kworker/u8:1 next_pid=1248 next_prio=120
      tailscaled-534   [000] d.h.  2117.600575: sched_wakeup: comm=tailscaled pid=899 prio=120 target_cpu=000
    kworker/u8:1-1248  [002] d...  2117.600587: sched_switch: prev_comm=kworker/u8:1 prev_pid=1248 prev_prio=120 prev_state=D ==> next_comm=swapper/2 next_pid=0 next_prio=120
          <idle>-0     [002] dnh.  2117.600600: sched_wakeup: comm=kworker/u8:1 pid=1248 prio=120 target_cpu=002
          <idle>-0     [002] d...  2117.600606: sched_switch: prev_comm=swapper/2 prev_pid=0 prev_prio=120 prev_state=R ==> next_comm=kworker/u8:1 next_pid=1248 next_prio=120
      tailscaled-351   [003] dnh.  2117.600612: sched_wakeup: comm=tailscaled pid=419 prio=120 target_cpu=003
      tailscaled-351   [003] d...  2117.600617: sched_switch: prev_comm=tailscaled prev_pid=351 prev_prio=120 prev_state=R ==> next_comm=tailscaled next_pid=419 next_prio=120
    kworker/u8:1-1248  [002] d.H.  2117.600619: sched_wakeup: comm=tailscaled pid=422 prio=120 target_cpu=002
      tailscaled-419   [003] d...  2117.600627: sched_switch: prev_comm=tailscaled prev_pid=419 prev_prio=120 prev_state=S ==> next_comm=tailscaled next_pid=351 next_prio=120
    kworker/u8:1-1248  [002] d...  2117.600655: sched_switch: prev_comm=kworker/u8:1 prev_pid=1248 prev_prio=120 prev_state=D ==> next_comm=tailscaled next_pid=422 next_prio=120
      tailscaled-422   [002] dnh.  2117.600667: sched_wakeup: comm=kworker/u8:1 pid=1248 prio=120 target_cpu=002
      tailscaled-422   [002] d...  2117.600671: sched_switch: prev_comm=tailscaled prev_pid=422 prev_prio=120 prev_state=R ==> next_comm=kworker/u8:1 next_pid=1248 next_prio=120
      tailscaled-351   [003] dnh.  2117.600699: sched_wakeup: comm=tailscaled pid=419 prio=120 target_cpu=003
      tailscaled-351   [003] d...  2117.600704: sched_switch: prev_comm=tailscaled prev_pid=351 prev_prio=120 prev_state=R ==> next_comm=tailscaled next_pid=419 next_prio=120
      tailscaled-419   [003] d...  2117.600714: sched_switch: prev_comm=tailscaled prev_pid=419 prev_prio=120 prev_state=S ==> next_comm=tailscaled next_pid=351 next_prio=120
    kworker/u8:1-1248  [002] d...  2117.600721: sched_switch: prev_comm=kworker/u8:1 prev_pid=1248 prev_prio=120 prev_state=D ==> next_comm=tailscaled next_pid=422 next_prio=120
      tailscaled-422   [002] d...  2117.600771: sched_switch: prev_comm=tailscaled prev_pid=422 prev_prio=120 prev_state=S ==> next_comm=swapper/2 next_pid=0 next_prio=120
      tailscaled-351   [003] dnh.  2117.600786: sched_wakeup: comm=tailscaled pid=419 prio=120 target_cpu=003
      tailscaled-351   [003] d...  2117.600791: sched_switch: prev_comm=tailscaled prev_pid=351 prev_prio=120 prev_state=R ==> next_comm=tailscaled next_pid=419 next_prio=120
      tailscaled-419   [003] d...  2117.600801: sched_switch: prev_comm=tailscaled prev_pid=419 prev_prio=120 prev_state=S ==> next_comm=tailscaled next_pid=351 next_prio=120
          <idle>-0     [002] dnh.  2117.600825: sched_wakeup: comm=tailscaled pid=422 prio=120 target_cpu=002
          <idle>-0     [002] d...  2117.600832: sched_switch: prev_comm=swapper/2 prev_pid=0 prev_prio=120 prev_state=R ==> next_comm=tailscaled next_pid=422 next_prio=120
      tailscaled-422   [002] d...  2117.600868: sched_switch: prev_comm=tailscaled prev_pid=422 prev_prio=120 prev_state=S ==> next_comm=swapper/2 next_pid=0 next_prio=120
      tailscaled-351   [003] d...  2117.600902: sched_switch: prev_comm=tailscaled prev_pid=351 prev_prio=120 prev_state=S ==> next_comm=swapper/3 next_pid=0 next_prio=120
          <idle>-0     [003] dnh.  2117.600909: sched_wakeup: comm=tailscaled pid=419 prio=120 target_cpu=003
          <idle>-0     [003] d...  2117.600914: sched_switch: prev_comm=swapper/3 prev_pid=0 prev_prio=120 prev_state=R ==> next_comm=tailscaled next_pid=419 next_prio=120
      tailscaled-419   [003] d...  2117.600930: sched_switch: prev_comm=tailscaled prev_pid=419 prev_prio=120 prev_state=S ==> next_comm=swapper/3 next_pid=0 next_prio=120
          <idle>-0     [002] dnh.  2117.600969: sched_wakeup: comm=kworker/u8:1 pid=1248 prio=120 target_cpu=002
          <idle>-0     [002] d...  2117.600975: sched_switch: prev_comm=swapper/2 prev_pid=0 prev_prio=120 prev_state=R ==> next_comm=kworker/u8:1 next_pid=1248 next_prio=120
      tailscaled-534   [000] d...  2117.600985: sched_switch: prev_comm=tailscaled prev_pid=534 prev_prio=120 prev_state=S ==> next_comm=tailscaled next_pid=899 next_prio=120
          <idle>-0     [003] dnh.  2117.600990: sched_wakeup: comm=tailscaled pid=351 prio=120 target_cpu=003
          <idle>-0     [003] dnh.  2117.600995: sched_wakeup: comm=tailscaled pid=419 prio=120 target_cpu=003
          <idle>-0     [003] d...  2117.601002: sched_switch: prev_comm=swapper/3 prev_pid=0 prev_prio=120 prev_state=R ==> next_comm=tailscaled next_pid=419 next_prio=120
      tailscaled-899   [000] d...  2117.601008: sched_switch: prev_comm=tailscaled prev_pid=899 prev_prio=120 prev_state=S ==> next_comm=swapper/0 next_pid=0 next_prio=120
      tailscaled-419   [003] d...  2117.601016: sched_switch: prev_comm=tailscaled prev_pid=419 prev_prio=120 prev_state=S ==> next_comm=tailscaled next_pid=351 next_prio=120
    kworker/u8:1-1248  [002] d...  2117.601019: sched_switch: prev_comm=kworker/u8:1 prev_pid=1248 prev_prio=120 prev_state=D ==> next_comm=swapper/2 next_pid=0 next_prio=120
          <idle>-0     [002] dnh.  2117.601038: sched_wakeup: comm=kworker/u8:1 pid=1248 prio=120 target_cpu=002
          <idle>-0     [002] d...  2117.601044: sched_switch: prev_comm=swapper/2 prev_pid=0 prev_prio=120 prev_state=R ==> next_comm=kworker/u8:1 next_pid=1248 next_prio=120
      tailscaled-351   [003] d...  2117.601044: sched_switch: prev_comm=tailscaled prev_pid=351 prev_prio=120 prev_state=S ==> next_comm=swapper/3 next_pid=0 next_prio=120
    kworker/u8:1-1248  [002] ....  2117.601050: workqueue_execute_end: work struct b87e4118
    kworker/u8:1-1248  [002] d...  2117.601053: workqueue_activate_work: work struct b87e4118
    kworker/u8:1-1248  [002] ....  2117.601057: workqueue_execute_start: work struct b87e4118: function brcmf_sdio_dataworker [brcmfmac]
    kworker/u8:1-1248  [002] ....  2117.601059: brcmf_sdio_dataworker <-process_one_work
    kworker/u8:1-1248  [002] ....  2117.601078: <stack trace>
 => brcmf_sdio_dataworker
 => process_one_work
 => worker_thread
 => kthread
 => ret_from_fork
 => 0
    kworker/u8:1-1248  [002] ....  2117.601080: workqueue_execute_end: work struct b87e4118
    kworker/u8:1-1248  [002] d...  2117.601084: sched_switch: prev_comm=kworker/u8:1 prev_pid=1248 prev_prio=120 prev_state=I ==> next_comm=swapper/2 next_pid=0 next_prio=120
          <idle>-0     [002] dnh.  2117.601502: sched_wakeup: comm=irq/86-mmc1 pid=80 prio=49 target_cpu=002
          <idle>-0     [002] d...  2117.601510: sched_switch: prev_comm=swapper/2 prev_pid=0 prev_prio=120 prev_state=R ==> next_comm=irq/86-mmc1 next_pid=80 next_prio=49
     irq/86-mmc1-80    [002] d...  2117.601525: sched_switch: prev_comm=irq/86-mmc1 prev_pid=80 prev_prio=49 prev_state=D ==> next_comm=swapper/2 next_pid=0 next_prio=120
          <idle>-0     [002] dnh.  2117.601530: sched_wakeup: comm=irq/86-mmc1 pid=80 prio=49 target_cpu=002
          <idle>-0     [002] d...  2117.601533: sched_switch: prev_comm=swapper/2 prev_pid=0 prev_prio=120 prev_state=R ==> next_comm=irq/86-mmc1 next_pid=80 next_prio=49
     irq/86-mmc1-80    [002] d...  2117.601550: sched_switch: prev_comm=irq/86-mmc1 prev_pid=80 prev_prio=49 prev_state=D ==> next_comm=swapper/2 next_pid=0 next_prio=120
          <idle>-0     [002] dnh.  2117.601559: sched_wakeup: comm=irq/86-mmc1 pid=80 prio=49 target_cpu=002
          <idle>-0     [002] d...  2117.601564: sched_switch: prev_comm=swapper/2 prev_pid=0 prev_prio=120 prev_state=R ==> next_comm=irq/86-mmc1 next_pid=80 next_prio=49
     irq/86-mmc1-80    [002] d...  2117.601579: sched_switch: prev_comm=irq/86-mmc1 prev_pid=80 prev_prio=49 prev_state=D ==> next_comm=swapper/2 next_pid=0 next_prio=120
          <idle>-0     [000] dnh.  2117.601596: sched_wakeup: comm=rngd pid=350 prio=120 target_cpu=000
          <idle>-0     [002] dnh.  2117.601603: sched_wakeup: comm=irq/86-mmc1 pid=80 prio=49 target_cpu=002
          <idle>-0     [000] d...  2117.601607: sched_switch: prev_comm=swapper/0 prev_pid=0 prev_prio=120 prev_state=R ==> next_comm=rngd next_pid=350 next_prio=120
          <idle>-0     [002] d...  2117.601609: sched_switch: prev_comm=swapper/2 prev_pid=0 prev_prio=120 prev_state=R ==> next_comm=irq/86-mmc1 next_pid=80 next_prio=49
     irq/86-mmc1-80    [002] d...  2117.601613: workqueue_queue_work: work struct=b87e4118 function=brcmf_sdio_dataworker [brcmfmac] workqueue=45ac18f6 req_cpu=4 cpu=4294967295
     irq/86-mmc1-80    [002] d...  2117.601614: workqueue_activate_work: work struct b87e4118
     irq/86-mmc1-80    [002] d...  2117.601615: insert_work <-__queue_work
            rngd-350   [000] d...  2117.601627: sched_switch: prev_comm=rngd prev_pid=350 prev_prio=120 prev_state=S ==> next_comm=swapper/0 next_pid=0 next_prio=120
     irq/86-mmc1-80    [002] d...  2117.601632: <stack trace>
 => insert_work
 => __queue_work
 => queue_work_on
 => brcmf_sdio_isr
 => brcmf_sdiod_ib_irqhandler
 => process_sdio_pending_irqs
 => sdio_run_irqs
 => bcm2835_mmc_thread_irq
 => irq_thread_fn
 => irq_thread
 => kthread
 => ret_from_fork
 => 0
     irq/86-mmc1-80    [002] d...  2117.601637: sched_wakeup: comm=kworker/u8:1 pid=1248 prio=120 target_cpu=002
     irq/86-mmc1-80    [002] d...  2117.601646: sched_switch: prev_comm=irq/86-mmc1 prev_pid=80 prev_prio=49 prev_state=S ==> next_comm=kworker/u8:1 next_pid=1248 next_prio=120
    kworker/u8:1-1248  [002] ....  2117.601648: workqueue_execute_start: work struct b87e4118: function brcmf_sdio_dataworker [brcmfmac]
    kworker/u8:1-1248  [002] ....  2117.601649: brcmf_sdio_dataworker <-process_one_work
    kworker/u8:1-1248  [002] ....  2117.601657: <stack trace>
 => brcmf_sdio_dataworker
 => process_one_work
 => worker_thread
 => kthread
 => ret_from_fork
 => 0
    kworker/u8:1-1248  [002] d...  2117.601677: sched_switch: prev_comm=kworker/u8:1 prev_pid=1248 prev_prio=120 prev_state=D ==> next_comm=swapper/2 next_pid=0 next_prio=120
          <idle>-0     [002] dnh.  2117.601689: sched_wakeup: comm=kworker/u8:1 pid=1248 prio=120 target_cpu=002
          <idle>-0     [002] d...  2117.601695: sched_switch: prev_comm=swapper/2 prev_pid=0 prev_prio=120 prev_state=R ==> next_comm=kworker/u8:1 next_pid=1248 next_prio=120
    kworker/u8:1-1248  [002] d...  2117.601712: sched_switch: prev_comm=kworker/u8:1 prev_pid=1248 prev_prio=120 prev_state=D ==> next_comm=swapper/2 next_pid=0 next_prio=120
          <idle>-0     [002] dnh.  2117.601724: sched_wakeup: comm=kworker/u8:1 pid=1248 prio=120 target_cpu=002
          <idle>-0     [002] d...  2117.601730: sched_switch: prev_comm=swapper/2 prev_pid=0 prev_prio=120 prev_state=R ==> next_comm=kworker/u8:1 next_pid=1248 next_prio=120
          <idle>-0     [003] dnh.  2117.601774: sched_wakeup: comm=tailscaled pid=351 prio=120 target_cpu=003
          <idle>-0     [003] d...  2117.601780: sched_switch: prev_comm=swapper/3 prev_pid=0 prev_prio=120 prev_state=R ==> next_comm=tailscaled next_pid=351 next_prio=120
    kworker/u8:1-1248  [002] d...  2117.601788: sched_switch: prev_comm=kworker/u8:1 prev_pid=1248 prev_prio=120 prev_state=D ==> next_comm=swapper/2 next_pid=0 next_prio=120
      tailscaled-351   [003] dn..  2117.601798: sched_wakeup: comm=tailscaled pid=419 prio=120 target_cpu=003
          <idle>-0     [002] dnh.  2117.601800: sched_wakeup: comm=kworker/u8:1 pid=1248 prio=120 target_cpu=002
      tailscaled-351   [003] d...  2117.601802: sched_switch: prev_comm=tailscaled prev_pid=351 prev_prio=120 prev_state=R ==> next_comm=tailscaled next_pid=419 next_prio=120
          <idle>-0     [002] d...  2117.601806: sched_switch: prev_comm=swapper/2 prev_pid=0 prev_prio=120 prev_state=R ==> next_comm=kworker/u8:1 next_pid=1248 next_prio=120
    kworker/u8:1-1248  [002] ....  2117.601810: workqueue_execute_end: work struct b87e4118
    kworker/u8:1-1248  [002] d...  2117.601814: sched_switch: prev_comm=kworker/u8:1 prev_pid=1248 prev_prio=120 prev_state=I ==> next_comm=swapper/2 next_pid=0 next_prio=120
      tailscaled-419   [003] d...  2117.601815: sched_switch: prev_comm=tailscaled prev_pid=419 prev_prio=120 prev_state=S ==> next_comm=tailscaled next_pid=351 next_prio=120
      tailscaled-351   [003] dn..  2117.601823: sched_wakeup: comm=tailscaled pid=419 prio=120 target_cpu=003
      tailscaled-351   [003] d...  2117.601826: sched_switch: prev_comm=tailscaled prev_pid=351 prev_prio=120 prev_state=R ==> next_comm=tailscaled next_pid=419 next_prio=120
      tailscaled-419   [003] d...  2117.601836: sched_switch: prev_comm=tailscaled prev_pid=419 prev_prio=120 prev_state=S ==> next_comm=tailscaled next_pid=351 next_prio=120
          <idle>-0     [000] dnh.  2117.601906: sched_wakeup: comm=tailscaled pid=899 prio=120 target_cpu=000
      tailscaled-351   [003] dnh.  2117.601908: sched_wakeup: comm=tailscaled pid=419 prio=120 target_cpu=003
          <idle>-0     [000] d...  2117.601913: sched_switch: prev_comm=swapper/0 prev_pid=0 prev_prio=120 prev_state=R ==> next_comm=tailscaled next_pid=899 next_prio=120
      tailscaled-351   [003] d...  2117.601913: sched_switch: prev_comm=tailscaled prev_pid=351 prev_prio=120 prev_state=R ==> next_comm=tailscaled next_pid=419 next_prio=120
      tailscaled-419   [003] d...  2117.601923: sched_switch: prev_comm=tailscaled prev_pid=419 prev_prio=120 prev_state=S ==> next_comm=tailscaled next_pid=351 next_prio=120
      tailscaled-899   [000] d...  2117.601937: sched_switch: prev_comm=tailscaled prev_pid=899 prev_prio=120 prev_state=S ==> next_comm=swapper/0 next_pid=0 next_prio=120
          <idle>-0     [000] dnh.  2117.601985: sched_wakeup: comm=tailscaled pid=899 prio=120 target_cpu=000
          <idle>-0     [000] d...  2117.601992: sched_switch: prev_comm=swapper/0 prev_pid=0 prev_prio=120 prev_state=R ==> next_comm=tailscaled next_pid=899 next_prio=120
      tailscaled-351   [003] dnh.  2117.601995: sched_wakeup: comm=tailscaled pid=419 prio=120 target_cpu=003
      tailscaled-351   [003] d...  2117.601999: sched_switch: prev_comm=tailscaled prev_pid=351 prev_prio=120 prev_state=R ==> next_comm=tailscaled next_pid=419 next_prio=120
      tailscaled-899   [000] d...  2117.602003: sched_wakeup: comm=tailscaled pid=534 prio=120 target_cpu=000
      tailscaled-419   [003] d...  2117.602009: sched_switch: prev_comm=tailscaled prev_pid=419 prev_prio=120 prev_state=S ==> next_comm=tailscaled next_pid=351 next_prio=120
      tailscaled-899   [000] d...  2117.602047: sched_switch: prev_comm=tailscaled prev_pid=899 prev_prio=120 prev_state=S ==> next_comm=tailscaled next_pid=534 next_prio=120
      tailscaled-534   [000] d...  2117.602070: sched_switch: prev_comm=tailscaled prev_pid=534 prev_prio=120 prev_state=S ==> next_comm=swapper/0 next_pid=0 next_prio=120
      tailscaled-351   [003] dnh.  2117.602081: sched_wakeup: comm=tailscaled pid=419 prio=120 target_cpu=003
      tailscaled-351   [003] d...  2117.602119: sched_switch: prev_comm=tailscaled prev_pid=351 prev_prio=120 prev_state=R ==> next_comm=tailscaled next_pid=419 next_prio=120
      tailscaled-419   [003] d...  2117.602130: sched_switch: prev_comm=tailscaled prev_pid=419 prev_prio=120 prev_state=S ==> next_comm=tailscaled next_pid=351 next_prio=120
      tailscaled-351   [003] d...  2117.602154: sched_switch: prev_comm=tailscaled prev_pid=351 prev_prio=120 prev_state=S ==> next_comm=swapper/3 next_pid=0 next_prio=120
          <idle>-0     [003] dnh.  2117.602201: sched_wakeup: comm=tailscaled pid=419 prio=120 target_cpu=003
          <idle>-0     [003] d...  2117.602208: sched_switch: prev_comm=swapper/3 prev_pid=0 prev_prio=120 prev_state=R ==> next_comm=tailscaled next_pid=419 next_prio=120
      tailscaled-419   [003] d...  2117.602219: sched_switch: prev_comm=tailscaled prev_pid=419 prev_prio=120 prev_state=S ==> next_comm=swapper/3 next_pid=0 next_prio=120
          <idle>-0     [002] dnh.  2117.604219: sched_wakeup: comm=irq/86-mmc1 pid=80 prio=49 target_cpu=002
          <idle>-0     [002] d...  2117.604224: sched_switch: prev_comm=swapper/2 prev_pid=0 prev_prio=120 prev_state=R ==> next_comm=irq/86-mmc1 next_pid=80 next_prio=49
     irq/86-mmc1-80    [002] d...  2117.604237: sched_switch: prev_comm=irq/86-mmc1 prev_pid=80 prev_prio=49 prev_state=D ==> next_comm=swapper/2 next_pid=0 next_prio=120
          <idle>-0     [002] dnh.  2117.604246: sched_wakeup: comm=irq/86-mmc1 pid=80 prio=49 target_cpu=002
          <idle>-0     [002] d...  2117.604252: sched_switch: prev_comm=swapper/2 prev_pid=0 prev_prio=120 prev_state=R ==> next_comm=irq/86-mmc1 next_pid=80 next_prio=49
     irq/86-mmc1-80    [002] d...  2117.604268: sched_switch: prev_comm=irq/86-mmc1 prev_pid=80 prev_prio=49 prev_state=D ==> next_comm=swapper/2 next_pid=0 next_prio=120
          <idle>-0     [002] dnh.  2117.604277: sched_wakeup: comm=irq/86-mmc1 pid=80 prio=49 target_cpu=002
          <idle>-0     [002] d...  2117.604282: sched_switch: prev_comm=swapper/2 prev_pid=0 prev_prio=120 prev_state=R ==> next_comm=irq/86-mmc1 next_pid=80 next_prio=49
     irq/86-mmc1-80    [002] d...  2117.604297: sched_switch: prev_comm=irq/86-mmc1 prev_pid=80 prev_prio=49 prev_state=D ==> next_comm=swapper/2 next_pid=0 next_prio=120
          <idle>-0     [002] dnh.  2117.604308: sched_wakeup: comm=irq/86-mmc1 pid=80 prio=49 target_cpu=002
          <idle>-0     [002] d...  2117.604313: sched_switch: prev_comm=swapper/2 prev_pid=0 prev_prio=120 prev_state=R ==> next_comm=irq/86-mmc1 next_pid=80 next_prio=49
     irq/86-mmc1-80    [002] d...  2117.604316: workqueue_queue_work: work struct=b87e4118 function=brcmf_sdio_dataworker [brcmfmac] workqueue=45ac18f6 req_cpu=4 cpu=4294967295
     irq/86-mmc1-80    [002] d...  2117.604317: workqueue_activate_work: work struct b87e4118
     irq/86-mmc1-80    [002] d...  2117.604318: insert_work <-__queue_work
     irq/86-mmc1-80    [002] d...  2117.604337: <stack trace>
 => insert_work
 => __queue_work
 => queue_work_on
 => brcmf_sdio_isr
 => brcmf_sdiod_ib_irqhandler
 => process_sdio_pending_irqs
 => sdio_run_irqs
 => bcm2835_mmc_thread_irq
 => irq_thread_fn
 => irq_thread
 => kthread
 => ret_from_fork
 => 0
     irq/86-mmc1-80    [002] d...  2117.604341: sched_wakeup: comm=kworker/u8:1 pid=1248 prio=120 target_cpu=002
     irq/86-mmc1-80    [002] d...  2117.604350: sched_switch: prev_comm=irq/86-mmc1 prev_pid=80 prev_prio=49 prev_state=S ==> next_comm=kworker/u8:1 next_pid=1248 next_prio=120
    kworker/u8:1-1248  [002] ....  2117.604353: workqueue_execute_start: work struct b87e4118: function brcmf_sdio_dataworker [brcmfmac]
    kworker/u8:1-1248  [002] ....  2117.604354: brcmf_sdio_dataworker <-process_one_work
    kworker/u8:1-1248  [002] ....  2117.604361: <stack trace>
 => brcmf_sdio_dataworker
 => process_one_work
 => worker_thread
 => kthread
 => ret_from_fork
 => 0
    kworker/u8:1-1248  [002] d...  2117.604383: sched_switch: prev_comm=kworker/u8:1 prev_pid=1248 prev_prio=120 prev_state=D ==> next_comm=swapper/2 next_pid=0 next_prio=120
          <idle>-0     [002] dnh.  2117.604394: sched_wakeup: comm=kworker/u8:1 pid=1248 prio=120 target_cpu=002
          <idle>-0     [002] d...  2117.604400: sched_switch: prev_comm=swapper/2 prev_pid=0 prev_prio=120 prev_state=R ==> next_comm=kworker/u8:1 next_pid=1248 next_prio=120
    kworker/u8:1-1248  [002] d...  2117.604417: sched_switch: prev_comm=kworker/u8:1 prev_pid=1248 prev_prio=120 prev_state=D ==> next_comm=swapper/2 next_pid=0 next_prio=120
          <idle>-0     [002] dnh.  2117.604429: sched_wakeup: comm=kworker/u8:1 pid=1248 prio=120 target_cpu=002
          <idle>-0     [002] d...  2117.604434: sched_switch: prev_comm=swapper/2 prev_pid=0 prev_prio=120 prev_state=R ==> next_comm=kworker/u8:1 next_pid=1248 next_prio=120
          <idle>-0     [000] dnh.  2117.604472: sched_wakeup: comm=tailscaled pid=899 prio=120 target_cpu=000
          <idle>-0     [000] d...  2117.604478: sched_switch: prev_comm=swapper/0 prev_pid=0 prev_prio=120 prev_state=R ==> next_comm=tailscaled next_pid=899 next_prio=120
    kworker/u8:1-1248  [002] d...  2117.604487: sched_switch: prev_comm=kworker/u8:1 prev_pid=1248 prev_prio=120 prev_state=D ==> next_comm=swapper/2 next_pid=0 next_prio=120
          <idle>-0     [002] dnh.  2117.604497: sched_wakeup: comm=kworker/u8:1 pid=1248 prio=120 target_cpu=002
          <idle>-0     [002] d...  2117.604503: sched_switch: prev_comm=swapper/2 prev_pid=0 prev_prio=120 prev_state=R ==> next_comm=kworker/u8:1 next_pid=1248 next_prio=120
    kworker/u8:1-1248  [002] ....  2117.604508: workqueue_execute_end: work struct b87e4118
          <idle>-0     [003] dnh.  2117.604509: sched_wakeup: comm=tailscaled pid=419 prio=120 target_cpu=003
    kworker/u8:1-1248  [002] d...  2117.604512: sched_switch: prev_comm=kworker/u8:1 prev_pid=1248 prev_prio=120 prev_state=I ==> next_comm=swapper/2 next_pid=0 next_prio=120
          <idle>-0     [003] d...  2117.604514: sched_switch: prev_comm=swapper/3 prev_pid=0 prev_prio=120 prev_state=R ==> next_comm=tailscaled next_pid=419 next_prio=120
      tailscaled-419   [003] d...  2117.604535: sched_switch: prev_comm=tailscaled prev_pid=419 prev_prio=120 prev_state=S ==> next_comm=swapper/3 next_pid=0 next_prio=120
          <idle>-0     [003] dnh.  2117.604566: sched_wakeup: comm=tailscaled pid=351 prio=120 target_cpu=003
          <idle>-0     [003] d...  2117.604571: sched_switch: prev_comm=swapper/3 prev_pid=0 prev_prio=120 prev_state=R ==> next_comm=tailscaled next_pid=351 next_prio=120
      tailscaled-899   [000] d.h.  2117.604591: sched_wakeup: comm=tailscaled pid=534 prio=120 target_cpu=000
      tailscaled-351   [003] dnh.  2117.604597: sched_wakeup: comm=tailscaled pid=419 prio=120 target_cpu=003
      tailscaled-351   [003] d...  2117.604601: sched_switch: prev_comm=tailscaled prev_pid=351 prev_prio=120 prev_state=R ==> next_comm=tailscaled next_pid=419 next_prio=120
      tailscaled-419   [003] d...  2117.604611: sched_switch: prev_comm=tailscaled prev_pid=419 prev_prio=120 prev_state=S ==> next_comm=tailscaled next_pid=351 next_prio=120
      tailscaled-351   [003] d...  2117.604645: sched_switch: prev_comm=tailscaled prev_pid=351 prev_prio=120 prev_state=S ==> next_comm=tailscaled next_pid=534 next_prio=120
      tailscaled-534   [003] d...  2117.604675: sched_switch: prev_comm=tailscaled prev_pid=534 prev_prio=120 prev_state=S ==> next_comm=swapper/3 next_pid=0 next_prio=120
          <idle>-0     [003] dnh.  2117.604682: sched_wakeup: comm=tailscaled pid=351 prio=120 target_cpu=003
          <idle>-0     [003] dnh.  2117.604686: sched_wakeup: comm=tailscaled pid=419 prio=120 target_cpu=003
          <idle>-0     [003] d...  2117.604690: sched_switch: prev_comm=swapper/3 prev_pid=0 prev_prio=120 prev_state=R ==> next_comm=tailscaled next_pid=419 next_prio=120
      tailscaled-419   [003] d...  2117.604700: sched_switch: prev_comm=tailscaled prev_pid=419 prev_prio=120 prev_state=S ==> next_comm=tailscaled next_pid=351 next_prio=120
      tailscaled-351   [003] d...  2117.604719: sched_switch: prev_comm=tailscaled prev_pid=351 prev_prio=120 prev_state=S ==> next_comm=swapper/3 next_pid=0 next_prio=120
      tailscaled-899   [000] d...  2117.604741: sched_switch: prev_comm=tailscaled prev_pid=899 prev_prio=120 prev_state=S ==> next_comm=swapper/0 next_pid=0 next_prio=120
          <idle>-0     [003] dnh.  2117.604771: sched_wakeup: comm=tailscaled pid=419 prio=120 target_cpu=003
          <idle>-0     [003] d...  2117.604777: sched_switch: prev_comm=swapper/3 prev_pid=0 prev_prio=120 prev_state=R ==> next_comm=tailscaled next_pid=419 next_prio=120
      tailscaled-419   [003] d...  2117.604788: sched_switch: prev_comm=tailscaled prev_pid=419 prev_prio=120 prev_state=S ==> next_comm=swapper/3 next_pid=0 next_prio=120
          <idle>-0     [002] dnh.  2117.611252: sched_wakeup: comm=irq/86-mmc1 pid=80 prio=49 target_cpu=002
          <idle>-0     [002] d...  2117.611261: sched_switch: prev_comm=swapper/2 prev_pid=0 prev_prio=120 prev_state=R ==> next_comm=irq/86-mmc1 next_pid=80 next_prio=49
     irq/86-mmc1-80    [002] d...  2117.611274: sched_switch: prev_comm=irq/86-mmc1 prev_pid=80 prev_prio=49 prev_state=D ==> next_comm=swapper/2 next_pid=0 next_prio=120
          <idle>-0     [002] dnh.  2117.611281: sched_wakeup: comm=irq/86-mmc1 pid=80 prio=49 target_cpu=002
          <idle>-0     [002] d...  2117.611285: sched_switch: prev_comm=swapper/2 prev_pid=0 prev_prio=120 prev_state=R ==> next_comm=irq/86-mmc1 next_pid=80 next_prio=49
     irq/86-mmc1-80    [002] d...  2117.611302: sched_switch: prev_comm=irq/86-mmc1 prev_pid=80 prev_prio=49 prev_state=D ==> next_comm=swapper/2 next_pid=0 next_prio=120
          <idle>-0     [002] dnh.  2117.611310: sched_wakeup: comm=irq/86-mmc1 pid=80 prio=49 target_cpu=002
          <idle>-0     [002] d...  2117.611314: sched_switch: prev_comm=swapper/2 prev_pid=0 prev_prio=120 prev_state=R ==> next_comm=irq/86-mmc1 next_pid=80 next_prio=49
