          <idle>-0     [002] d...  2117.586778: sched_switch: prev_comm=swapper/2 prev_pid=0 prev_prio=120 prev_state=R ==> next_comm=irq/86-mmc1 next_pid=80 next_prio=49
     irq/86-mmc1-80    [002] d...  2117.586794: sched_switch: prev_comm=irq/86-mmc1 prev_pid=80 prev_prio=49 prev_state=D ==> next_comm=swapper/2 next_pid=0 next_prio=120
          <idle>-0     [002] dnh.  2117.586805: sched_wakeup: comm=irq/86-mmc1 pid=80 prio=49 target_cpu=002
          <idle>-0     [002] d...  2117.586810: sched_switch: prev_comm=swapper/2 prev_pid=0 prev_prio=120 prev_state=R ==> next_comm=irq/86-mmc1 next_pid=80 next_prio=49
     irq/86-mmc1-80    [002] d...  2117.586816: sched_wakeup: comm=kworker/u8:1 pid=1248 prio=120 target_cpu=002
     irq/86-mmc1-80    [002] d...  2117.586824: sched_switch: prev_comm=irq/86-mmc1 prev_pid=80 prev_prio=49 prev_state=S ==> next_comm=kworker/u8:1 next_pid=1248 next_prio=120
    kworker/u8:1-1248  [002] d...  2117.586849: sched_switch: prev_comm=kworker/u8:1 prev_pid=1248 prev_prio=120 prev_state=D ==> next_comm=swapper/2 next_pid=0 next_prio=120
          <idle>-0     [002] dnh.  2117.587002: sched_wakeup: comm=kworker/u8:1 pid=1248 prio=120 target_cpu=002
          <idle>-0     [002] d...  2117.587007: sched_switch: prev_comm=swapper/2 prev_pid=0 prev_prio=120 prev_state=R ==> next_comm=kworker/u8:1 next_pid=1248 next_prio=120
    kworker/u8:1-1248  [002] d...  2117.587048: sched_switch: prev_comm=kworker/u8:1 prev_pid=1248 prev_prio=120 prev_state=D ==> next_comm=swapper/2 next_pid=0 next_prio=120
      tailscaled-351   [003] d...  2117.587187: sched_switch: prev_comm=tailscaled prev_pid=351 prev_prio=120 prev_state=S ==> next_comm=tailscaled next_pid=419 next_prio=120
      tailscaled-419   [003] d...  2117.587206: sched_switch: prev_comm=tailscaled prev_pid=419 prev_prio=120 prev_state=S ==> next_comm=swapper/3 next_pid=0 next_prio=120
          <idle>-0     [003] dnh.  2117.587280: sched_wakeup: comm=tailscaled pid=419 prio=120 target_cpu=003
          <idle>-0     [003] d...  2117.587288: sched_switch: prev_comm=swapper/3 prev_pid=0 prev_prio=120 prev_state=R ==> next_comm=tailscaled next_pid=419 next_prio=120
      tailscaled-419   [003] d...  2117.587298: sched_switch: prev_comm=tailscaled prev_pid=419 prev_prio=120 prev_state=S ==> next_comm=swapper/3 next_pid=0 next_prio=120
          <idle>-0     [002] dnh.  2117.587307: sched_wakeup: comm=kworker/u8:1 pid=1248 prio=120 target_cpu=002
          <idle>-0     [002] d...  2117.587313: sched_switch: prev_comm=swapper/2 prev_pid=0 prev_prio=120 prev_state=R ==> next_comm=kworker/u8:1 next_pid=1248 next_prio=120
          <idle>-0     [003] dnh.  2117.587323: sched_wakeup: comm=tailscaled pid=351 prio=120 target_cpu=003
      tailscaled-899   [000] d...  2117.587327: sched_switch: prev_comm=tailscaled prev_pid=899 prev_prio=120 prev_state=S ==> next_comm=tailscaled next_pid=534 next_prio=120
          <idle>-0     [003] d...  2117.587328: sched_switch: prev_comm=swapper/3 prev_pid=0 prev_prio=120 prev_state=R ==> next_comm=tailscaled next_pid=351 next_prio=120
      tailscaled-351   [003] d...  2117.587356: sched_switch: prev_comm=tailscaled prev_pid=351 prev_prio=120 prev_state=S ==> next_comm=swapper/3 next_pid=0 next_prio=120
    kworker/u8:1-1248  [002] d...  2117.587359: sched_switch: prev_comm=kworker/u8:1 prev_pid=1248 prev_prio=120 prev_state=D ==> next_comm=swapper/2 next_pid=0 next_prio=120
          <idle>-0     [003] dnh.  2117.587365: sched_wakeup: comm=tailscaled pid=351 prio=120 target_cpu=003
          <idle>-0     [003] dnh.  2117.587372: sched_wakeup: comm=tailscaled pid=419 prio=120 target_cpu=003
          <idle>-0     [003] d...  2117.587379: sched_switch: prev_comm=swapper/3 prev_pid=0 prev_prio=120 prev_state=R ==> next_comm=tailscaled next_pid=419 next_prio=120
      tailscaled-419   [003] d...  2117.587393: sched_switch: prev_comm=tailscaled prev_pid=419 prev_prio=120 prev_state=S ==> next_comm=tailscaled next_pid=351 next_prio=120
      tailscaled-534   [000] d...  2117.587399: sched_switch: prev_comm=tailscaled prev_pid=534 prev_prio=120 prev_state=S ==> next_comm=swapper/0 next_pid=0 next_prio=120
      tailscaled-351   [003] d...  2117.587403: sched_switch: prev_comm=tailscaled prev_pid=351 prev_prio=120 prev_state=S ==> next_comm=swapper/3 next_pid=0 next_prio=120
          <idle>-0     [002] dnh.  2117.587617: sched_wakeup: comm=kworker/u8:1 pid=1248 prio=120 target_cpu=002
          <idle>-0     [002] d...  2117.587623: sched_switch: prev_comm=swapper/2 prev_pid=0 prev_prio=120 prev_state=R ==> next_comm=kworker/u8:1 next_pid=1248 next_prio=120
          <idle>-0     [000] dnh.  2117.587632: sched_wakeup: comm=tailscaled pid=534 prio=120 target_cpu=000
          <idle>-0     [000] d...  2117.587639: sched_switch: prev_comm=swapper/0 prev_pid=0 prev_prio=120 prev_state=R ==> next_comm=tailscaled next_pid=534 next_prio=120
    kworker/u8:1-1248  [002] d...  2117.587659: sched_switch: prev_comm=kworker/u8:1 prev_pid=1248 prev_prio=120 prev_state=D ==> next_comm=swapper/2 next_pid=0 next_prio=120
          <idle>-0     [002] dnh.  2117.587672: sched_wakeup: comm=kworker/u8:1 pid=1248 prio=120 target_cpu=002
          <idle>-0     [002] d...  2117.587678: sched_switch: prev_comm=swapper/2 prev_pid=0 prev_prio=120 prev_state=R ==> next_comm=kworker/u8:1 next_pid=1248 next_prio=120
      tailscaled-534   [000] d...  2117.587679: sched_switch: prev_comm=tailscaled prev_pid=534 prev_prio=120 prev_state=S ==> next_comm=swapper/0 next_pid=0 next_prio=120
    kworker/u8:1-1248  [002] d...  2117.587696: sched_switch: prev_comm=kworker/u8:1 prev_pid=1248 prev_prio=120 prev_state=D ==> next_comm=swapper/2 next_pid=0 next_prio=120
          <idle>-0     [002] dnh.  2117.587710: sched_wakeup: comm=kworker/u8:1 pid=1248 prio=120 target_cpu=002
          <idle>-0     [002] d...  2117.587715: sched_switch: prev_comm=swapper/2 prev_pid=0 prev_prio=120 prev_state=R ==> next_comm=kworker/u8:1 next_pid=1248 next_prio=120
          <idle>-0     [000] dnh.  2117.587773: sched_wakeup: comm=tailscaled pid=534 prio=120 target_cpu=000
          <idle>-0     [000] d...  2117.587780: sched_switch: prev_comm=swapper/0 prev_pid=0 prev_prio=120 prev_state=R ==> next_comm=tailscaled next_pid=534 next_prio=120
    kworker/u8:1-1248  [002] d...  2117.587791: sched_switch: prev_comm=kworker/u8:1 prev_pid=1248 prev_prio=120 prev_state=D ==> next_comm=swapper/2 next_pid=0 next_prio=120
          <idle>-0     [002] dnh.  2117.587801: sched_wakeup: comm=kworker/u8:1 pid=1248 prio=120 target_cpu=002
          <idle>-0     [002] d...  2117.587806: sched_switch: prev_comm=swapper/2 prev_pid=0 prev_prio=120 prev_state=R ==> next_comm=kworker/u8:1 next_pid=1248 next_prio=120
          <idle>-0     [003] dnh.  2117.587812: sched_wakeup: comm=tailscaled pid=419 prio=120 target_cpu=003
    kworker/u8:1-1248  [002] ....  2117.587813: workqueue_execute_end: work struct b87e4118
    kworker/u8:1-1248  [002] d...  2117.587815: workqueue_activate_work: work struct b87e4118
          <idle>-0     [003] d...  2117.587817: sched_switch: prev_comm=swapper/3 prev_pid=0 prev_prio=120 prev_state=R ==> next_comm=tailscaled next_pid=419 next_prio=120
    kworker/u8:1-1248  [002] ....  2117.587819: workqueue_execute_start: work struct b87e4118: function brcmf_sdio_dataworker [brcmfmac]
    kworker/u8:1-1248  [002] ....  2117.587821: brcmf_sdio_dataworker <-process_one_work
      tailscaled-419   [003] d...  2117.587828: sched_switch: prev_comm=tailscaled prev_pid=419 prev_prio=120 prev_state=S ==> next_comm=swapper/3 next_pid=0 next_prio=120
    kworker/u8:1-1248  [002] ....  2117.587838: <stack trace>
 => brcmf_sdio_dataworker
 => process_one_work
 => worker_thread
 => kthread
 => ret_from_fork
 => 0
    kworker/u8:1-1248  [002] ....  2117.587839: workqueue_execute_end: work struct b87e4118
    kworker/u8:1-1248  [002] d...  2117.587843: sched_switch: prev_comm=kworker/u8:1 prev_pid=1248 prev_prio=120 prev_state=I ==> next_comm=swapper/2 next_pid=0 next_prio=120
          <idle>-0     [003] dnh.  2117.587899: sched_wakeup: comm=tailscaled pid=419 prio=120 target_cpu=003
          <idle>-0     [003] dnh.  2117.587905: sched_wakeup: comm=tailscaled pid=351 prio=120 target_cpu=003
          <idle>-0     [003] d...  2117.587910: sched_switch: prev_comm=swapper/3 prev_pid=0 prev_prio=120 prev_state=R ==> next_comm=tailscaled next_pid=419 next_prio=120
      tailscaled-419   [003] d...  2117.587920: sched_switch: prev_comm=tailscaled prev_pid=419 prev_prio=120 prev_state=S ==> next_comm=tailscaled next_pid=351 next_prio=120
      tailscaled-534   [000] d.h.  2117.587940: sched_wakeup: comm=tailscaled pid=899 prio=120 target_cpu=000
      tailscaled-351   [003] d...  2117.587954: sched_switch: prev_comm=tailscaled prev_pid=351 prev_prio=120 prev_state=S ==> next_comm=swapper/3 next_pid=0 next_prio=120
          <idle>-0     [003] dnh.  2117.587991: sched_wakeup: comm=tailscaled pid=419 prio=120 target_cpu=003
          <idle>-0     [003] dnh.  2117.587995: sched_wakeup: comm=tailscaled pid=351 prio=120 target_cpu=003
          <idle>-0     [003] d...  2117.588001: sched_switch: prev_comm=swapper/3 prev_pid=0 prev_prio=120 prev_state=R ==> next_comm=tailscaled next_pid=419 next_prio=120
      tailscaled-419   [003] d...  2117.588011: sched_switch: prev_comm=tailscaled prev_pid=419 prev_prio=120 prev_state=S ==> next_comm=tailscaled next_pid=351 next_prio=120
      tailscaled-351   [003] d...  2117.588026: sched_switch: prev_comm=tailscaled prev_pid=351 prev_prio=120 prev_state=S ==> next_comm=swapper/3 next_pid=0 next_prio=120
          <idle>-0     [003] dnh.  2117.588081: sched_wakeup: comm=tailscaled pid=419 prio=120 target_cpu=003
          <idle>-0     [003] d...  2117.588090: sched_switch: prev_comm=swapper/3 prev_pid=0 prev_prio=120 prev_state=R ==> next_comm=tailscaled next_pid=419 next_prio=120
      tailscaled-419   [003] d...  2117.588098: sched_switch: prev_comm=tailscaled prev_pid=419 prev_prio=120 prev_state=S ==> next_comm=swapper/3 next_pid=0 next_prio=120
          <idle>-0     [003] dnh.  2117.588169: sched_wakeup: comm=tailscaled pid=419 prio=120 target_cpu=003
          <idle>-0     [003] d...  2117.588176: sched_switch: prev_comm=swapper/3 prev_pid=0 prev_prio=120 prev_state=R ==> next_comm=tailscaled next_pid=419 next_prio=120
      tailscaled-419   [003] d...  2117.588184: sched_switch: prev_comm=tailscaled prev_pid=419 prev_prio=120 prev_state=S ==> next_comm=swapper/3 next_pid=0 next_prio=120
          <idle>-0     [003] dnh.  2117.588203: sched_wakeup: comm=tailscaled pid=351 prio=120 target_cpu=003
          <idle>-0     [003] d...  2117.588208: sched_switch: prev_comm=swapper/3 prev_pid=0 prev_prio=120 prev_state=R ==> next_comm=tailscaled next_pid=351 next_prio=120
      tailscaled-351   [003] dnh.  2117.588258: sched_wakeup: comm=tailscaled pid=419 prio=120 target_cpu=003
      tailscaled-534   [000] d...  2117.588261: sched_switch: prev_comm=tailscaled prev_pid=534 prev_prio=120 prev_state=S ==> next_comm=tailscaled next_pid=899 next_prio=120
      tailscaled-351   [003] d...  2117.588263: sched_switch: prev_comm=tailscaled prev_pid=351 prev_prio=120 prev_state=R ==> next_comm=tailscaled next_pid=419 next_prio=120
      tailscaled-419   [003] d...  2117.588273: sched_switch: prev_comm=tailscaled prev_pid=419 prev_prio=120 prev_state=S ==> next_comm=tailscaled next_pid=351 next_prio=120
      tailscaled-899   [000] d...  2117.588307: sched_switch: prev_comm=tailscaled prev_pid=899 prev_prio=120 prev_state=S ==> next_comm=swapper/0 next_pid=0 next_prio=120
          <idle>-0     [000] dnh.  2117.588314: sched_wakeup: comm=tailscaled pid=899 prio=120 target_cpu=000
          <idle>-0     [000] d...  2117.588318: sched_switch: prev_comm=swapper/0 prev_pid=0 prev_prio=120 prev_state=R ==> next_comm=tailscaled next_pid=899 next_prio=120
      tailscaled-899   [000] d...  2117.588335: sched_switch: prev_comm=tailscaled prev_pid=899 prev_prio=120 prev_state=S ==> next_comm=swapper/0 next_pid=0 next_prio=120
      tailscaled-351   [003] dnh.  2117.588344: sched_wakeup: comm=tailscaled pid=419 prio=120 target_cpu=003
      tailscaled-351   [003] d...  2117.588351: sched_switch: prev_comm=tailscaled prev_pid=351 prev_prio=120 prev_state=R ==> next_comm=tailscaled next_pid=419 next_prio=120
      tailscaled-419   [003] d...  2117.588361: sched_switch: prev_comm=tailscaled prev_pid=419 prev_prio=120 prev_state=S ==> next_comm=tailscaled next_pid=351 next_prio=120
          <idle>-0     [000] dnh.  2117.588398: sched_wakeup: comm=tailscaled pid=899 prio=120 target_cpu=000
          <idle>-0     [000] d...  2117.588404: sched_switch: prev_comm=swapper/0 prev_pid=0 prev_prio=120 prev_state=R ==> next_comm=tailscaled next_pid=899 next_prio=120
      tailscaled-899   [000] d...  2117.588417: sched_switch: prev_comm=tailscaled prev_pid=899 prev_prio=120 prev_state=S ==> next_comm=swapper/0 next_pid=0 next_prio=120
      tailscaled-351   [003] dnh.  2117.588433: sched_wakeup: comm=tailscaled pid=419 prio=120 target_cpu=003
      tailscaled-351   [003] d...  2117.588438: sched_switch: prev_comm=tailscaled prev_pid=351 prev_prio=120 prev_state=R ==> next_comm=tailscaled next_pid=419 next_prio=120
      tailscaled-419   [003] d...  2117.588448: sched_switch: prev_comm=tailscaled prev_pid=419 prev_prio=120 prev_state=S ==> next_comm=tailscaled next_pid=351 next_prio=120
          <idle>-0     [002] dnh.  2117.588480: sched_wakeup: comm=irq/86-mmc1 pid=80 prio=49 target_cpu=002
          <idle>-0     [000] dnh.  2117.588481: sched_wakeup: comm=tailscaled pid=899 prio=120 target_cpu=000
          <idle>-0     [000] d...  2117.588488: sched_switch: prev_comm=swapper/0 prev_pid=0 prev_prio=120 prev_state=R ==> next_comm=tailscaled next_pid=899 next_prio=120
          <idle>-0     [002] d...  2117.588489: sched_switch: prev_comm=swapper/2 prev_pid=0 prev_prio=120 prev_state=R ==> next_comm=irq/86-mmc1 next_pid=80 next_prio=49
      tailscaled-351   [003] dnh.  2117.588502: sched_wakeup: comm=tailscaled pid=546 prio=120 target_cpu=003
      tailscaled-351   [003] d...  2117.588506: sched_switch: prev_comm=tailscaled prev_pid=351 prev_prio=120 prev_state=R ==> next_comm=tailscaled next_pid=546 next_prio=120
     irq/86-mmc1-80    [002] d...  2117.588510: sched_switch: prev_comm=irq/86-mmc1 prev_pid=80 prev_prio=49 prev_state=D ==> next_comm=swapper/2 next_pid=0 next_prio=120
          <idle>-0     [002] dnh.  2117.588517: sched_wakeup: comm=irq/86-mmc1 pid=80 prio=49 target_cpu=002
      tailscaled-546   [003] d.h.  2117.588519: sched_wakeup: comm=tailscaled pid=419 prio=120 target_cpu=003
          <idle>-0     [002] d...  2117.588520: sched_switch: prev_comm=swapper/2 prev_pid=0 prev_prio=120 prev_state=R ==> next_comm=irq/86-mmc1 next_pid=80 next_prio=49
     irq/86-mmc1-80    [002] d.h.  2117.588543: sched_wakeup: comm=tailscaled pid=422 prio=120 target_cpu=002
     irq/86-mmc1-80    [002] d...  2117.588550: sched_switch: prev_comm=irq/86-mmc1 prev_pid=80 prev_prio=49 prev_state=D ==> next_comm=tailscaled next_pid=422 next_prio=120
      tailscaled-546   [003] d...  2117.588554: sched_switch: prev_comm=tailscaled prev_pid=546 prev_prio=120 prev_state=S ==> next_comm=tailscaled next_pid=419 next_prio=120
      tailscaled-422   [002] dnh.  2117.588555: sched_wakeup: comm=irq/86-mmc1 pid=80 prio=49 target_cpu=002
      tailscaled-422   [002] d...  2117.588560: sched_switch: prev_comm=tailscaled prev_pid=422 prev_prio=120 prev_state=R ==> next_comm=irq/86-mmc1 next_pid=80 next_prio=49
      tailscaled-419   [003] d...  2117.588564: sched_switch: prev_comm=tailscaled prev_pid=419 prev_prio=120 prev_state=S ==> next_comm=tailscaled next_pid=351 next_prio=120
     irq/86-mmc1-80    [002] d...  2117.588577: sched_switch: prev_comm=irq/86-mmc1 prev_pid=80 prev_prio=49 prev_state=D ==> next_comm=tailscaled next_pid=422 next_prio=120
      tailscaled-422   [002] dnh.  2117.588587: sched_wakeup: comm=irq/86-mmc1 pid=80 prio=49 target_cpu=002
      tailscaled-422   [002] d...  2117.588591: sched_switch: prev_comm=tailscaled prev_pid=422 prev_prio=120 prev_state=R ==> next_comm=irq/86-mmc1 next_pid=80 next_prio=49
     irq/86-mmc1-80    [002] d...  2117.588596: workqueue_queue_work: work struct=b87e4118 function=brcmf_sdio_dataworker [brcmfmac] workqueue=45ac18f6 req_cpu=4 cpu=4294967295
     irq/86-mmc1-80    [002] d...  2117.588597: workqueue_activate_work: work struct b87e4118
     irq/86-mmc1-80    [002] d...  2117.588599: insert_work <-__queue_work
     irq/86-mmc1-80    [002] d...  2117.588620: <stack trace>
 => insert_work
 => __queue_work
 => queue_work_on
 => brcmf_sdio_isr
 => brcmf_sdiod_ib_irqhandler
 => process_sdio_pending_irqs
 => sdio_run_irqs
 => bcm2835_mmc_thread_irq
 => irq_thread_fn
 => irq_thread
 => kthread
 => ret_from_fork
 => 0
     irq/86-mmc1-80    [002] d...  2117.588624: sched_wakeup: comm=kworker/u8:1 pid=1248 prio=120 target_cpu=002
     irq/86-mmc1-80    [002] d...  2117.588633: sched_switch: prev_comm=irq/86-mmc1 prev_pid=80 prev_prio=49 prev_state=S ==> next_comm=kworker/u8:1 next_pid=1248 next_prio=120
      tailscaled-351   [003] dnh.  2117.588635: sched_wakeup: comm=tailscaled pid=419 prio=120 target_cpu=003
    kworker/u8:1-1248  [002] ....  2117.588638: workqueue_execute_start: work struct b87e4118: function brcmf_sdio_dataworker [brcmfmac]
      tailscaled-351   [003] d...  2117.588639: sched_switch: prev_comm=tailscaled prev_pid=351 prev_prio=120 prev_state=R ==> next_comm=tailscaled next_pid=419 next_prio=120
    kworker/u8:1-1248  [002] ....  2117.588640: brcmf_sdio_dataworker <-process_one_work
    kworker/u8:1-1248  [002] ....  2117.588647: <stack trace>
 => brcmf_sdio_dataworker
 => process_one_work
 => worker_thread
 => kthread
 => ret_from_fork
 => 0
      tailscaled-419   [003] d...  2117.588648: sched_switch: prev_comm=tailscaled prev_pid=419 prev_prio=120 prev_state=S ==> next_comm=tailscaled next_pid=351 next_prio=120
    kworker/u8:1-1248  [002] d...  2117.588673: sched_switch: prev_comm=kworker/u8:1 prev_pid=1248 prev_prio=120 prev_state=D ==> next_comm=tailscaled next_pid=422 next_prio=120
      tailscaled-351   [003] dnh.  2117.588686: sched_wakeup: comm=tailscaled pid=546 prio=120 target_cpu=003
      tailscaled-422   [002] dnh.  2117.588686: sched_wakeup: comm=kworker/u8:1 pid=1248 prio=120 target_cpu=002
      tailscaled-351   [003] d...  2117.588689: sched_switch: prev_comm=tailscaled prev_pid=351 prev_prio=120 prev_state=R ==> next_comm=tailscaled next_pid=546 next_prio=120
      tailscaled-422   [002] d...  2117.588690: sched_switch: prev_comm=tailscaled prev_pid=422 prev_prio=120 prev_state=R ==> next_comm=kworker/u8:1 next_pid=1248 next_prio=120
      tailscaled-546   [003] d...  2117.588707: sched_switch: prev_comm=tailscaled prev_pid=546 prev_prio=120 prev_state=S ==> next_comm=tailscaled next_pid=351 next_prio=120
    kworker/u8:1-1248  [002] d...  2117.588715: sched_switch: prev_comm=kworker/u8:1 prev_pid=1248 prev_prio=120 prev_state=D ==> next_comm=tailscaled next_pid=422 next_prio=120
      tailscaled-351   [003] dnh.  2117.588719: sched_wakeup: comm=tailscaled pid=419 prio=120 target_cpu=003
      tailscaled-351   [003] d...  2117.588722: sched_switch: prev_comm=tailscaled prev_pid=351 prev_prio=120 prev_state=R ==> next_comm=tailscaled next_pid=419 next_prio=120
      tailscaled-422   [002] dnh.  2117.588726: sched_wakeup: comm=kworker/u8:1 pid=1248 prio=120 target_cpu=002
      tailscaled-419   [003] d...  2117.588732: sched_switch: prev_comm=tailscaled prev_pid=419 prev_prio=120 prev_state=S ==> next_comm=tailscaled next_pid=351 next_prio=120
      tailscaled-422   [002] d...  2117.588732: sched_switch: prev_comm=tailscaled prev_pid=422 prev_prio=120 prev_state=R ==> next_comm=kworker/u8:1 next_pid=1248 next_prio=120
    kworker/u8:1-1248  [002] ....  2117.588737: workqueue_execute_end: work struct b87e4118
    kworker/u8:1-1248  [002] d...  2117.588743: sched_switch: prev_comm=kworker/u8:1 prev_pid=1248 prev_prio=120 prev_state=I ==> next_comm=tailscaled next_pid=422 next_prio=120
      tailscaled-351   [003] dn..  2117.588752: sched_wakeup: comm=tailscaled pid=546 prio=120 target_cpu=003
      tailscaled-351   [003] d...  2117.588756: sched_switch: prev_comm=tailscaled prev_pid=351 prev_prio=120 prev_state=R ==> next_comm=tailscaled next_pid=546 next_prio=120
      tailscaled-422   [002] d...  2117.588762: sched_switch: prev_comm=tailscaled prev_pid=422 prev_prio=120 prev_state=S ==> next_comm=swapper/2 next_pid=0 next_prio=120
      tailscaled-546   [003] d...  2117.588770: sched_switch: prev_comm=tailscaled prev_pid=546 prev_prio=120 prev_state=S ==> next_comm=tailscaled next_pid=351 next_prio=120
      tailscaled-351   [003] dnh.  2117.588803: sched_wakeup: comm=tailscaled pid=419 prio=120 target_cpu=003
      tailscaled-351   [003] dnh.  2117.588808: sched_wakeup: comm=tailscaled pid=546 prio=120 target_cpu=003
      tailscaled-351   [003] d...  2117.588812: sched_switch: prev_comm=tailscaled prev_pid=351 prev_prio=120 prev_state=R ==> next_comm=tailscaled next_pid=546 next_prio=120
          <idle>-0     [002] dnh.  2117.588815: sched_wakeup: comm=tailscaled pid=422 prio=120 target_cpu=002
      tailscaled-899   [000] d...  2117.588816: sched_switch: prev_comm=tailscaled prev_pid=899 prev_prio=120 prev_state=S ==> next_comm=swapper/0 next_pid=0 next_prio=120
          <idle>-0     [002] d...  2117.588823: sched_switch: prev_comm=swapper/2 prev_pid=0 prev_prio=120 prev_state=R ==> next_comm=tailscaled next_pid=422 next_prio=120
      tailscaled-546   [003] d...  2117.588825: sched_switch: prev_comm=tailscaled prev_pid=546 prev_prio=120 prev_state=S ==> next_comm=tailscaled next_pid=419 next_prio=120
      tailscaled-419   [003] d...  2117.588834: sched_switch: prev_comm=tailscaled prev_pid=419 prev_prio=120 prev_state=S ==> next_comm=tailscaled next_pid=351 next_prio=120
      tailscaled-422   [002] d...  2117.588836: sched_switch: prev_comm=tailscaled prev_pid=422 prev_prio=120 prev_state=S ==> next_comm=swapper/2 next_pid=0 next_prio=120
      tailscaled-351   [003] dnh.  2117.588906: sched_wakeup: comm=tailscaled pid=419 prio=120 target_cpu=003
      tailscaled-351   [003] dn..  2117.588921: workqueue_queue_work: work struct=b87e4118 function=brcmf_sdio_dataworker [brcmfmac] workqueue=45ac18f6 req_cpu=4 cpu=4294967295
      tailscaled-351   [003] dn..  2117.588922: workqueue_activate_work: work struct b87e4118
      tailscaled-351   [003] dn..  2117.588923: insert_work <-__queue_work
      tailscaled-351   [003] dn..  2117.588955: <stack trace>
 => insert_work
 => __queue_work
 => queue_work_on
 => brcmf_sdio_bus_txdata
 => brcmf_proto_bcdc_txdata
 => brcmf_proto_bcdc_tx_queue_data
 => brcmf_netdev_start_xmit
 => dev_hard_start_xmit
 => sch_direct_xmit
 => __qdisc_run
 => __dev_queue_xmit
 => dev_queue_xmit
 => ip_finish_output2
 => ip_finish_output
 => ip_output
 => ip_local_out
 => ip_send_skb
 => udp_send_skb
 => udp_sendmsg
 => inet_sendmsg
 => sock_sendmsg
 => ___sys_sendmsg
 => __sys_sendmmsg
 => sys_sendmmsg
 => ret_fast_syscall
 => 0x05e0594c
          <idle>-0     [002] dnh.  2117.588961: sched_wakeup: comm=kworker/u8:1 pid=1248 prio=120 target_cpu=002
      tailscaled-351   [003] d...  2117.588965: sched_switch: prev_comm=tailscaled prev_pid=351 prev_prio=120 prev_state=R+ ==> next_comm=tailscaled next_pid=419 next_prio=120
          <idle>-0     [002] d...  2117.588967: sched_switch: prev_comm=swapper/2 prev_pid=0 prev_prio=120 prev_state=R ==> next_comm=kworker/u8:1 next_pid=1248 next_prio=120
    kworker/u8:1-1248  [002] ....  2117.588969: workqueue_execute_start: work struct b87e4118: function brcmf_sdio_dataworker [brcmfmac]
    kworker/u8:1-1248  [002] ....  2117.588970: brcmf_sdio_dataworker <-process_one_work
      tailscaled-419   [003] d...  2117.588976: sched_switch: prev_comm=tailscaled prev_pid=419 prev_prio=120 prev_state=S ==> next_comm=tailscaled next_pid=351 next_prio=120
    kworker/u8:1-1248  [002] ....  2117.588979: <stack trace>
 => brcmf_sdio_dataworker
 => process_one_work
 => worker_thread
 => kthread
 => ret_from_fork
 => 0
      tailscaled-351   [003] d...  2117.589002: workqueue_queue_work: work struct=b87e4118 function=brcmf_sdio_dataworker [brcmfmac] workqueue=45ac18f6 req_cpu=4 cpu=4294967295
      tailscaled-351   [003] d...  2117.589004: insert_work <-__queue_work
    kworker/u8:1-1248  [002] d...  2117.589006: sched_switch: prev_comm=kworker/u8:1 prev_pid=1248 prev_prio=120 prev_state=D ==> next_comm=swapper/2 next_pid=0 next_prio=120
      tailscaled-351   [003] d...  2117.589024: <stack trace>
 => insert_work
 => __queue_work
 => queue_work_on
 => brcmf_sdio_bus_txdata
 => brcmf_proto_bcdc_txdata
 => brcmf_proto_bcdc_tx_queue_data
 => brcmf_netdev_start_xmit
 => dev_hard_start_xmit
 => sch_direct_xmit
 => __qdisc_run
 => __dev_queue_xmit
 => dev_queue_xmit
 => ip_finish_output2
 => ip_finish_output
 => ip_output
 => ip_local_out
 => ip_send_skb
 => udp_send_skb
 => udp_sendmsg
 => inet_sendmsg
 => ___sys_sendmsg
 => __sys_sendmmsg
 => sys_sendmmsg
 => ret_fast_syscall
 => 0x05e0594c
          <idle>-0     [002] dnh.  2117.589032: sched_wakeup: comm=kworker/u8:2 pid=1259 prio=120 target_cpu=002
          <idle>-0     [002] d...  2117.589038: sched_switch: prev_comm=swapper/2 prev_pid=0 prev_prio=120 prev_state=R ==> next_comm=kworker/u8:2 next_pid=1259 next_prio=120
          <idle>-0     [000] dnh.  2117.589043: sched_wakeup: comm=rngd pid=350 prio=120 target_cpu=000
    kworker/u8:2-1259  [002] d...  2117.589044: sched_switch: prev_comm=kworker/u8:2 prev_pid=1259 prev_prio=120 prev_state=I ==> next_comm=swapper/2 next_pid=0 next_prio=120
      tailscaled-351   [003] dnh.  2117.589047: sched_wakeup: comm=tailscaled pid=419 prio=120 target_cpu=003
          <idle>-0     [000] d...  2117.589051: sched_switch: prev_comm=swapper/0 prev_pid=0 prev_prio=120 prev_state=R ==> next_comm=rngd next_pid=350 next_prio=120
      tailscaled-351   [003] d...  2117.589052: sched_switch: prev_comm=tailscaled prev_pid=351 prev_prio=120 prev_state=R ==> next_comm=tailscaled next_pid=419 next_prio=120
      tailscaled-419   [003] d...  2117.589062: sched_switch: prev_comm=tailscaled prev_pid=419 prev_prio=120 prev_state=S ==> next_comm=tailscaled next_pid=351 next_prio=120
          <idle>-0     [002] dnh.  2117.589068: sched_wakeup: comm=kworker/u8:1 pid=1248 prio=120 target_cpu=002
            rngd-350   [000] d...  2117.589072: sched_switch: prev_comm=rngd prev_pid=350 prev_prio=120 prev_state=S ==> next_comm=swapper/0 next_pid=0 next_prio=120
          <idle>-0     [002] d...  2117.589074: sched_switch: prev_comm=swapper/2 prev_pid=0 prev_prio=120 prev_state=R ==> next_comm=kworker/u8:1 next_pid=1248 next_prio=120
    kworker/u8:1-1248  [002] d...  2117.589090: sched_switch: prev_comm=kworker/u8:1 prev_pid=1248 prev_prio=120 prev_state=D ==> next_comm=swapper/2 next_pid=0 next_prio=120
          <idle>-0     [002] dnh.  2117.589126: sched_wakeup: comm=kworker/u8:1 pid=1248 prio=120 target_cpu=002
          <idle>-0     [002] d...  2117.589131: sched_switch: prev_comm=swapper/2 prev_pid=0 prev_prio=120 prev_state=R ==> next_comm=kworker/u8:1 next_pid=1248 next_prio=120
      tailscaled-351   [003] dnh.  2117.589133: sched_wakeup: comm=tailscaled pid=419 prio=120 target_cpu=003
          <idle>-0     [000] dnh.  2117.589144: sched_wakeup: comm=tailscaled pid=534 prio=120 target_cpu=000
      tailscaled-351   [003] d...  2117.589148: sched_switch: prev_comm=tailscaled prev_pid=351 prev_prio=120 prev_state=R+ ==> next_comm=tailscaled next_pid=419 next_prio=120
          <idle>-0     [000] d...  2117.589150: sched_switch: prev_comm=swapper/0 prev_pid=0 prev_prio=120 prev_state=R ==> next_comm=tailscaled next_pid=534 next_prio=120
      tailscaled-419   [003] d...  2117.589159: sched_switch: prev_comm=tailscaled prev_pid=419 prev_prio=120 prev_state=S ==> next_comm=tailscaled next_pid=351 next_prio=120
    kworker/u8:1-1248  [002] d...  2117.589180: sched_switch: prev_comm=kworker/u8:1 prev_pid=1248 prev_prio=120 prev_state=D ==> next_comm=swapper/2 next_pid=0 next_prio=120
      tailscaled-534   [000] d...  2117.589192: sched_switch: prev_comm=tailscaled prev_pid=534 prev_prio=120 prev_state=S ==> next_comm=swapper/0 next_pid=0 next_prio=120
      tailscaled-351   [003] d...  2117.589224: sched_switch: prev_comm=tailscaled prev_pid=351 prev_prio=120 prev_state=S ==> next_comm=swapper/3 next_pid=0 next_prio=120
          <idle>-0     [003] dnh.  2117.589232: sched_wakeup: comm=tailscaled pid=419 prio=120 target_cpu=003
          <idle>-0     [003] d...  2117.589237: sched_switch: prev_comm=swapper/3 prev_pid=0 prev_prio=120 prev_state=R ==> next_comm=tailscaled next_pid=419 next_prio=120
      tailscaled-419   [003] d...  2117.589249: sched_switch: prev_comm=tailscaled prev_pid=419 prev_prio=120 prev_state=S ==> next_comm=swapper/3 next_pid=0 next_prio=120
          <idle>-0     [002] dnh.  2117.589332: sched_wakeup: comm=kworker/u8:1 pid=1248 prio=120 target_cpu=002
          <idle>-0     [002] d...  2117.589338: sched_switch: prev_comm=swapper/2 prev_pid=0 prev_prio=120 prev_state=R ==> next_comm=kworker/u8:1 next_pid=1248 next_prio=120
          <idle>-0     [000] dnh.  2117.589347: sched_wakeup: comm=tailscaled pid=534 prio=120 target_cpu=000
          <idle>-0     [000] d...  2117.589353: sched_switch: prev_comm=swapper/0 prev_pid=0 prev_prio=120 prev_state=R ==> next_comm=tailscaled next_pid=534 next_prio=120
    kworker/u8:1-1248  [002] d...  2117.589364: sched_switch: prev_comm=kworker/u8:1 prev_pid=1248 prev_prio=120 prev_state=D ==> next_comm=swapper/2 next_pid=0 next_prio=120
      tailscaled-534   [000] d...  2117.589398: sched_switch: prev_comm=tailscaled prev_pid=534 prev_prio=120 prev_state=S ==> next_comm=swapper/0 next_pid=0 next_prio=120
          <idle>-0     [002] dnh.  2117.589425: sched_wakeup: comm=kworker/u8:1 pid=1248 prio=120 target_cpu=002
          <idle>-0     [002] d...  2117.589430: sched_switch: prev_comm=swapper/2 prev_pid=0 prev_prio=120 prev_state=R ==> next_comm=kworker/u8:1 next_pid=1248 next_prio=120
    kworker/u8:1-1248  [002] d...  2117.589444: sched_switch: prev_comm=kworker/u8:1 prev_pid=1248 prev_prio=120 prev_state=D ==> next_comm=swapper/2 next_pid=0 next_prio=120
          <idle>-0     [002] dnh.  2117.589474: sched_wakeup: comm=kworker/u8:1 pid=1248 prio=120 target_cpu=002
          <idle>-0     [002] d...  2117.589479: sched_switch: prev_comm=swapper/2 prev_pid=0 prev_prio=120 prev_state=R ==> next_comm=kworker/u8:1 next_pid=1248 next_prio=120
          <idle>-0     [000] dnh.  2117.589488: sched_wakeup: comm=tailscaled pid=534 prio=120 target_cpu=000
    kworker/u8:1-1248  [002] ....  2117.589490: workqueue_execute_end: work struct b87e4118
    kworker/u8:1-1248  [002] d...  2117.589492: workqueue_activate_work: work struct b87e4118
    kworker/u8:1-1248  [002] ....  2117.589493: workqueue_execute_start: work struct b87e4118: function brcmf_sdio_dataworker [brcmfmac]
          <idle>-0     [000] d...  2117.589494: sched_switch: prev_comm=swapper/0 prev_pid=0 prev_prio=120 prev_state=R ==> next_comm=tailscaled next_pid=534 next_prio=120
    kworker/u8:1-1248  [002] ....  2117.589494: brcmf_sdio_dataworker <-process_one_work
    kworker/u8:1-1248  [002] ....  2117.589503: <stack trace>
 => brcmf_sdio_dataworker
 => process_one_work
 => worker_thread
 => kthread
 => ret_from_fork
 => 0
    kworker/u8:1-1248  [002] ....  2117.589504: workqueue_execute_end: work struct b87e4118
    kworker/u8:1-1248  [002] d...  2117.589508: sched_switch: prev_comm=kworker/u8:1 prev_pid=1248 prev_prio=120 prev_state=I ==> next_comm=swapper/2 next_pid=0 next_prio=120
      tailscaled-534   [000] d...  2117.589518: sched_switch: prev_comm=tailscaled prev_pid=534 prev_prio=120 prev_state=S ==> next_comm=swapper/0 next_pid=0 next_prio=120
          <idle>-0     [002] dnh.  2117.590745: sched_wakeup: comm=irq/86-mmc1 pid=80 prio=49 target_cpu=002
          <idle>-0     [002] d...  2117.590752: sched_switch: prev_comm=swapper/2 prev_pid=0 prev_prio=120 prev_state=R ==> next_comm=irq/86-mmc1 next_pid=80 next_prio=49
     irq/86-mmc1-80    [002] d...  2117.590766: sched_switch: prev_comm=irq/86-mmc1 prev_pid=80 prev_prio=49 prev_state=D ==> next_comm=swapper/2 next_pid=0 next_prio=120
          <idle>-0     [002] dnh.  2117.590774: sched_wakeup: comm=irq/86-mmc1 pid=80 prio=49 target_cpu=002
          <idle>-0     [002] d...  2117.590780: sched_switch: prev_comm=swapper/2 prev_pid=0 prev_prio=120 prev_state=R ==> next_comm=irq/86-mmc1 next_pid=80 next_prio=49
     irq/86-mmc1-80    [002] d...  2117.590796: sched_switch: prev_comm=irq/86-mmc1 prev_pid=80 prev_prio=49 prev_state=D ==> next_comm=swapper/2 next_pid=0 next_prio=120
          <idle>-0     [002] dnh.  2117.590805: sched_wakeup: comm=irq/86-mmc1 pid=80 prio=49 target_cpu=002
          <idle>-0     [002] d...  2117.590810: sched_switch: prev_comm=swapper/2 prev_pid=0 prev_prio=120 prev_state=R ==> next_comm=irq/86-mmc1 next_pid=80 next_prio=49
     irq/86-mmc1-80    [002] d...  2117.590825: sched_switch: prev_comm=irq/86-mmc1 prev_pid=80 prev_prio=49 prev_state=D ==> next_comm=swapper/2 next_pid=0 next_prio=120
          <idle>-0     [002] dnh.  2117.590836: sched_wakeup: comm=irq/86-mmc1 pid=80 prio=49 target_cpu=002
          <idle>-0     [002] d...  2117.590843: sched_switch: prev_comm=swapper/2 prev_pid=0 prev_prio=120 prev_state=R ==> next_comm=irq/86-mmc1 next_pid=80 next_prio=49
     irq/86-mmc1-80    [002] d...  2117.590846: workqueue_queue_work: work struct=b87e4118 function=brcmf_sdio_dataworker [brcmfmac] workqueue=45ac18f6 req_cpu=4 cpu=4294967295
     irq/86-mmc1-80    [002] d...  2117.590847: workqueue_activate_work: work struct b87e4118
     irq/86-mmc1-80    [002] d...  2117.590848: insert_work <-__queue_work
     irq/86-mmc1-80    [002] d...  2117.590862: <stack trace>
 => insert_work
 => __queue_work
 => queue_work_on
 => brcmf_sdio_isr
 => brcmf_sdiod_ib_irqhandler
 => process_sdio_pending_irqs
 => sdio_run_irqs
 => bcm2835_mmc_thread_irq
 => irq_thread_fn
 => irq_thread
 => kthread
 => ret_from_fork
 => 0
     irq/86-mmc1-80    [002] d...  2117.590866: sched_wakeup: comm=kworker/u8:1 pid=1248 prio=120 target_cpu=002
     irq/86-mmc1-80    [002] d...  2117.590875: sched_switch: prev_comm=irq/86-mmc1 prev_pid=80 prev_prio=49 prev_state=S ==> next_comm=kworker/u8:1 next_pid=1248 next_prio=120
    kworker/u8:1-1248  [002] ....  2117.590877: workqueue_execute_start: work struct b87e4118: function brcmf_sdio_dataworker [brcmfmac]
    kworker/u8:1-1248  [002] ....  2117.590878: brcmf_sdio_dataworker <-process_one_work
    kworker/u8:1-1248  [002] ....  2117.590886: <stack trace>
 => brcmf_sdio_dataworker
 => process_one_work
 => worker_thread
 => kthread
 => ret_from_fork
 => 0
    kworker/u8:1-1248  [002] d...  2117.590906: sched_switch: prev_comm=kworker/u8:1 prev_pid=1248 prev_prio=120 prev_state=D ==> next_comm=swapper/2 next_pid=0 next_prio=120
          <idle>-0     [002] dnh.  2117.590917: sched_wakeup: comm=kworker/u8:1 pid=1248 prio=120 target_cpu=002
          <idle>-0     [002] d...  2117.590923: sched_switch: prev_comm=swapper/2 prev_pid=0 prev_prio=120 prev_state=R ==> next_comm=kworker/u8:1 next_pid=1248 next_prio=120
    kworker/u8:1-1248  [002] d...  2117.590940: sched_switch: prev_comm=kworker/u8:1 prev_pid=1248 prev_prio=120 prev_state=D ==> next_comm=swapper/2 next_pid=0 next_prio=120
          <idle>-0     [002] dnh.  2117.590951: sched_wakeup: comm=kworker/u8:1 pid=1248 prio=120 target_cpu=002
          <idle>-0     [002] d...  2117.590957: sched_switch: prev_comm=swapper/2 prev_pid=0 prev_prio=120 prev_state=R ==> next_comm=kworker/u8:1 next_pid=1248 next_prio=120
          <idle>-0     [000] dnh.  2117.591013: sched_wakeup: comm=tailscaled pid=534 prio=120 target_cpu=000
          <idle>-0     [000] d...  2117.591019: sched_switch: prev_comm=swapper/0 prev_pid=0 prev_prio=120 prev_state=R ==> next_comm=tailscaled next_pid=534 next_prio=120
    kworker/u8:1-1248  [002] d...  2117.591028: sched_switch: prev_comm=kworker/u8:1 prev_pid=1248 prev_prio=120 prev_state=D ==> next_comm=swapper/2 next_pid=0 next_prio=120
          <idle>-0     [002] dnh.  2117.591040: sched_wakeup: comm=kworker/u8:1 pid=1248 prio=120 target_cpu=002
          <idle>-0     [002] d...  2117.591045: sched_switch: prev_comm=swapper/2 prev_pid=0 prev_prio=120 prev_state=R ==> next_comm=kworker/u8:1 next_pid=1248 next_prio=120
    kworker/u8:1-1248  [002] ....  2117.591050: workqueue_execute_end: work struct b87e4118
          <idle>-0     [003] dnh.  2117.591051: sched_wakeup: comm=tailscaled pid=419 prio=120 target_cpu=003
    kworker/u8:1-1248  [002] d...  2117.591054: sched_switch: prev_comm=kworker/u8:1 prev_pid=1248 prev_prio=120 prev_state=I ==> next_comm=swapper/2 next_pid=0 next_prio=120
          <idle>-0     [003] d...  2117.591056: sched_switch: prev_comm=swapper/3 prev_pid=0 prev_prio=120 prev_state=R ==> next_comm=tailscaled next_pid=419 next_prio=120
      tailscaled-419   [003] d...  2117.591067: sched_switch: prev_comm=tailscaled prev_pid=419 prev_prio=120 prev_state=S ==> next_comm=swapper/3 next_pid=0 next_prio=120
          <idle>-0     [003] dnh.  2117.591133: sched_wakeup: comm=tailscaled pid=351 prio=120 target_cpu=003
          <idle>-0     [003] dnh.  2117.591139: sched_wakeup: comm=tailscaled pid=419 prio=120 target_cpu=003
          <idle>-0     [003] d...  2117.591146: sched_switch: prev_comm=swapper/3 prev_pid=0 prev_prio=120 prev_state=R ==> next_comm=tailscaled next_pid=419 next_prio=120
      tailscaled-419   [003] d...  2117.591156: sched_switch: prev_comm=tailscaled prev_pid=419 prev_prio=120 prev_state=S ==> next_comm=tailscaled next_pid=351 next_prio=120
          <idle>-0     [002] dnh.  2117.591173: sched_wakeup: comm=tailscaled pid=422 prio=120 target_cpu=002
          <idle>-0     [002] d...  2117.591179: sched_switch: prev_comm=swapper/2 prev_pid=0 prev_prio=120 prev_state=R ==> next_comm=tailscaled next_pid=422 next_prio=120
      tailscaled-351   [003] d...  2117.591200: sched_switch: prev_comm=tailscaled prev_pid=351 prev_prio=120 prev_state=S ==> next_comm=swapper/3 next_pid=0 next_prio=120
      tailscaled-422   [002] d...  2117.591208: sched_switch: prev_comm=tailscaled prev_pid=422 prev_prio=120 prev_state=S ==> next_comm=swapper/2 next_pid=0 next_prio=120
          <idle>-0     [002] dnh.  2117.591218: sched_wakeup: comm=tailscaled pid=422 prio=120 target_cpu=002
          <idle>-0     [002] d...  2117.591224: sched_switch: prev_comm=swapper/2 prev_pid=0 prev_prio=120 prev_state=R ==> next_comm=tailscaled next_pid=422 next_prio=120
          <idle>-0     [003] dnh.  2117.591227: sched_wakeup: comm=tailscaled pid=419 prio=120 target_cpu=003
          <idle>-0     [003] d...  2117.591233: sched_switch: prev_comm=swapper/3 prev_pid=0 prev_prio=120 prev_state=R ==> next_comm=tailscaled next_pid=419 next_prio=120
      tailscaled-422   [002] d...  2117.591241: sched_switch: prev_comm=tailscaled prev_pid=422 prev_prio=120 prev_state=S ==> next_comm=swapper/2 next_pid=0 next_prio=120
      tailscaled-419   [003] d...  2117.591243: sched_switch: prev_comm=tailscaled prev_pid=419 prev_prio=120 prev_state=S ==> next_comm=swapper/3 next_pid=0 next_prio=120
          <idle>-0     [003] dnh.  2117.591314: sched_wakeup: comm=tailscaled pid=419 prio=120 target_cpu=003
          <idle>-0     [003] d...  2117.591321: sched_switch: prev_comm=swapper/3 prev_pid=0 prev_prio=120 prev_state=R ==> next_comm=tailscaled next_pid=419 next_prio=120
      tailscaled-419   [003] d...  2117.591329: sched_switch: prev_comm=tailscaled prev_pid=419 prev_prio=120 prev_state=S ==> next_comm=swapper/3 next_pid=0 next_prio=120
          <idle>-0     [003] dnh.  2117.591387: sched_wakeup: comm=tailscaled pid=351 prio=120 target_cpu=003
          <idle>-0     [003] d...  2117.591392: sched_switch: prev_comm=swapper/3 prev_pid=0 prev_prio=120 prev_state=R ==> next_comm=tailscaled next_pid=351 next_prio=120
      tailscaled-351   [003] dnh.  2117.591401: sched_wakeup: comm=tailscaled pid=419 prio=120 target_cpu=003
      tailscaled-351   [003] d...  2117.591407: sched_switch: prev_comm=tailscaled prev_pid=351 prev_prio=120 prev_state=R ==> next_comm=tailscaled next_pid=419 next_prio=120
      tailscaled-419   [003] d...  2117.591417: sched_switch: prev_comm=tailscaled prev_pid=419 prev_prio=120 prev_state=S ==> next_comm=tailscaled next_pid=351 next_prio=120
      tailscaled-534   [000] d...  2117.591443: sched_switch: prev_comm=tailscaled prev_pid=534 prev_prio=120 prev_state=S ==> next_comm=swapper/0 next_pid=0 next_prio=120
          <idle>-0     [002] dnh.  2117.591477: sched_wakeup: comm=tailscaled pid=422 prio=120 target_cpu=002
          <idle>-0     [002] d...  2117.591483: sched_switch: prev_comm=swapper/2 prev_pid=0 prev_prio=120 prev_state=R ==> next_comm=tailscaled next_pid=422 next_prio=120
      tailscaled-351   [003] dnh.  2117.591488: sched_wakeup: comm=tailscaled pid=419 prio=120 target_cpu=003
      tailscaled-351   [003] d...  2117.591493: sched_switch: prev_comm=tailscaled prev_pid=351 prev_prio=120 prev_state=R ==> next_comm=tailscaled next_pid=419 next_prio=120
      tailscaled-422   [002] d...  2117.591499: sched_switch: prev_comm=tailscaled prev_pid=422 prev_prio=120 prev_state=S ==> next_comm=swapper/2 next_pid=0 next_prio=120
      tailscaled-419   [003] d...  2117.591503: sched_switch: prev_comm=tailscaled prev_pid=419 prev_prio=120 prev_state=S ==> next_comm=tailscaled next_pid=351 next_prio=120
          <idle>-0     [002] dnh.  2117.591554: sched_wakeup: comm=tailscaled pid=422 prio=120 target_cpu=002
          <idle>-0     [002] d...  2117.591559: sched_switch: prev_comm=swapper/2 prev_pid=0 prev_prio=120 prev_state=R ==> next_comm=tailscaled next_pid=422 next_prio=120
      tailscaled-422   [002] d...  2117.591571: sched_switch: prev_comm=tailscaled prev_pid=422 prev_prio=120 prev_state=S ==> next_comm=swapper/2 next_pid=0 next_prio=120
      tailscaled-351   [003] dnh.  2117.591574: sched_wakeup: comm=tailscaled pid=419 prio=120 target_cpu=003
      tailscaled-351   [003] d...  2117.591579: sched_switch: prev_comm=tailscaled prev_pid=351 prev_prio=120 prev_state=R ==> next_comm=tailscaled next_pid=419 next_prio=120
      tailscaled-419   [003] d...  2117.591591: sched_switch: prev_comm=tailscaled prev_pid=419 prev_prio=120 prev_state=S ==> next_comm=tailscaled next_pid=351 next_prio=120
          <idle>-0     [002] dnh.  2117.591626: sched_wakeup: comm=tailscaled pid=422 prio=120 target_cpu=002
          <idle>-0     [002] d...  2117.591633: sched_switch: prev_comm=swapper/2 prev_pid=0 prev_prio=120 prev_state=R ==> next_comm=tailscaled next_pid=422 next_prio=120
      tailscaled-351   [003] dnh.  2117.591646: sched_wakeup: comm=tailscaled pid=546 prio=120 target_cpu=003
      tailscaled-351   [003] d...  2117.591650: sched_switch: prev_comm=tailscaled prev_pid=351 prev_prio=120 prev_state=R ==> next_comm=tailscaled next_pid=546 next_prio=120
      tailscaled-546   [003] d.h.  2117.591660: sched_wakeup: comm=tailscaled pid=419 prio=120 target_cpu=003
          <idle>-0     [000] dnh.  2117.591678: sched_wakeup: comm=tailscaled pid=899 prio=120 target_cpu=000
          <idle>-0     [000] d...  2117.591684: sched_switch: prev_comm=swapper/0 prev_pid=0 prev_prio=120 prev_state=R ==> next_comm=tailscaled next_pid=899 next_prio=120
      tailscaled-546   [003] d...  2117.591697: sched_switch: prev_comm=tailscaled prev_pid=546 prev_prio=120 prev_state=S ==> next_comm=tailscaled next_pid=419 next_prio=120
      tailscaled-899   [000] d...  2117.591706: sched_switch: prev_comm=tailscaled prev_pid=899 prev_prio=120 prev_state=S ==> next_comm=swapper/0 next_pid=0 next_prio=120
      tailscaled-419   [003] d...  2117.591708: sched_switch: prev_comm=tailscaled prev_pid=419 prev_prio=120 prev_state=S ==> next_comm=tailscaled next_pid=351 next_prio=120
          <idle>-0     [000] dnh.  2117.591722: sched_wakeup: comm=tailscaled pid=899 prio=120 target_cpu=000
          <idle>-0     [000] d...  2117.591728: sched_switch: prev_comm=swapper/0 prev_pid=0 prev_prio=120 prev_state=R ==> next_comm=tailscaled next_pid=899 next_prio=120
      tailscaled-899   [000] d...  2117.591741: sched_switch: prev_comm=tailscaled prev_pid=899 prev_prio=120 prev_state=S ==> next_comm=swapper/0 next_pid=0 next_prio=120
      tailscaled-351   [003] dnh.  2117.591779: sched_wakeup: comm=tailscaled pid=419 prio=120 target_cpu=003
      tailscaled-351   [003] d...  2117.591783: sched_switch: prev_comm=tailscaled prev_pid=351 prev_prio=120 prev_state=R ==> next_comm=tailscaled next_pid=419 next_prio=120
      tailscaled-419   [003] d...  2117.591792: sched_switch: prev_comm=tailscaled prev_pid=419 prev_prio=120 prev_state=S ==> next_comm=tailscaled next_pid=351 next_prio=120
          <idle>-0     [000] dnh.  2117.591795: sched_wakeup: comm=tailscaled pid=899 prio=120 target_cpu=000
          <idle>-0     [000] d...  2117.591802: sched_switch: prev_comm=swapper/0 prev_pid=0 prev_prio=120 prev_state=R ==> next_comm=tailscaled next_pid=899 next_prio=120
      tailscaled-351   [003] dnh.  2117.591813: sched_wakeup: comm=tailscaled pid=546 prio=120 target_cpu=003
      tailscaled-351   [003] d...  2117.591816: sched_switch: prev_comm=tailscaled prev_pid=351 prev_prio=120 prev_state=R ==> next_comm=tailscaled next_pid=546 next_prio=120
      tailscaled-546   [003] d...  2117.591834: sched_switch: prev_comm=tailscaled prev_pid=546 prev_prio=120 prev_state=S ==> next_comm=tailscaled next_pid=351 next_prio=120
      tailscaled-899   [000] d...  2117.591836: sched_switch: prev_comm=tailscaled prev_pid=899 prev_prio=120 prev_state=S ==> next_comm=swapper/0 next_pid=0 next_prio=120
      tailscaled-351   [003] dnh.  2117.591863: sched_wakeup: comm=tailscaled pid=419 prio=120 target_cpu=003
      tailscaled-351   [003] d...  2117.591866: sched_switch: prev_comm=tailscaled prev_pid=351 prev_prio=120 prev_state=R ==> next_comm=tailscaled next_pid=419 next_prio=120
      tailscaled-419   [003] d...  2117.591876: sched_switch: prev_comm=tailscaled prev_pid=419 prev_prio=120 prev_state=S ==> next_comm=tailscaled next_pid=351 next_prio=120
      tailscaled-422   [002] d...  2117.591908: sched_switch: prev_comm=tailscaled prev_pid=422 prev_prio=120 prev_state=S ==> next_comm=swapper/2 next_pid=0 next_prio=120
          <idle>-0     [002] dnh.  2117.591920: sched_wakeup: comm=tailscaled pid=422 prio=120 target_cpu=002
          <idle>-0     [002] d...  2117.591927: sched_switch: prev_comm=swapper/2 prev_pid=0 prev_prio=120 prev_state=R ==> next_comm=tailscaled next_pid=422 next_prio=120
      tailscaled-422   [002] dnh.  2117.591935: sched_wakeup: comm=irq/86-mmc1 pid=80 prio=49 target_cpu=002
      tailscaled-422   [002] d...  2117.591941: sched_switch: prev_comm=tailscaled prev_pid=422 prev_prio=120 prev_state=R ==> next_comm=irq/86-mmc1 next_pid=80 next_prio=49
      tailscaled-351   [003] dnh.  2117.591948: sched_wakeup: comm=tailscaled pid=419 prio=120 target_cpu=003
      tailscaled-351   [003] d...  2117.591953: sched_switch: prev_comm=tailscaled prev_pid=351 prev_prio=120 prev_state=R ==> next_comm=tailscaled next_pid=419 next_prio=120
     irq/86-mmc1-80    [002] d...  2117.591961: sched_switch: prev_comm=irq/86-mmc1 prev_pid=80 prev_prio=49 prev_state=D ==> next_comm=tailscaled next_pid=422 next_prio=120
      tailscaled-419   [003] d...  2117.591963: sched_switch: prev_comm=tailscaled prev_pid=419 prev_prio=120 prev_state=S ==> next_comm=tailscaled next_pid=351 next_prio=120
      tailscaled-422   [002] dnh.  2117.591966: sched_wakeup: comm=irq/86-mmc1 pid=80 prio=49 target_cpu=002
      tailscaled-422   [002] d...  2117.591970: sched_switch: prev_comm=tailscaled prev_pid=422 prev_prio=120 prev_state=R ==> next_comm=irq/86-mmc1 next_pid=80 next_prio=49
     irq/86-mmc1-80    [002] d...  2117.591992: sched_switch: prev_comm=irq/86-mmc1 prev_pid=80 prev_prio=49 prev_state=D ==> next_comm=tailscaled next_pid=422 next_prio=120
      tailscaled-422   [002] dnh.  2117.592003: sched_wakeup: comm=irq/86-mmc1 pid=80 prio=49 target_cpu=002
      tailscaled-422   [002] d...  2117.592007: sched_switch: prev_comm=tailscaled prev_pid=422 prev_prio=120 prev_state=R ==> next_comm=irq/86-mmc1 next_pid=80 next_prio=49
     irq/86-mmc1-80    [002] d...  2117.592024: sched_switch: prev_comm=irq/86-mmc1 prev_pid=80 prev_prio=49 prev_state=D ==> next_comm=tailscaled next_pid=422 next_prio=120
      tailscaled-422   [002] dnh.  2117.592035: sched_wakeup: comm=irq/86-mmc1 pid=80 prio=49 target_cpu=002
      tailscaled-351   [003] dnh.  2117.592035: sched_wakeup: comm=tailscaled pid=419 prio=120 target_cpu=003
      tailscaled-422   [002] d...  2117.592038: sched_switch: prev_comm=tailscaled prev_pid=422 prev_prio=120 prev_state=R ==> next_comm=irq/86-mmc1 next_pid=80 next_prio=49
     irq/86-mmc1-80    [002] d...  2117.592044: workqueue_queue_work: work struct=b87e4118 function=brcmf_sdio_dataworker [brcmfmac] workqueue=45ac18f6 req_cpu=4 cpu=4294967295
     irq/86-mmc1-80    [002] d...  2117.592045: workqueue_activate_work: work struct b87e4118
     irq/86-mmc1-80    [002] d...  2117.592047: insert_work <-__queue_work
      tailscaled-351   [003] d...  2117.592059: sched_switch: prev_comm=tailscaled prev_pid=351 prev_prio=120 prev_state=R+ ==> next_comm=tailscaled next_pid=419 next_prio=120
      tailscaled-419   [003] d...  2117.592070: sched_switch: prev_comm=tailscaled prev_pid=419 prev_prio=120 prev_state=S ==> next_comm=tailscaled next_pid=351 next_prio=120
     irq/86-mmc1-80    [002] d...  2117.592073: <stack trace>
 => insert_work
 => __queue_work
 => queue_work_on
 => brcmf_sdio_isr
 => brcmf_sdiod_ib_irqhandler
