            sudo-1268  [002] d...  2117.440434: workqueue_queue_work: work struct=bcff389a function=call_usermodehelper_exec_work workqueue=520c984f req_cpu=4 cpu=4294967295
            sudo-1268  [002] d...  2117.440436: workqueue_activate_work: work struct bcff389a
            sudo-1268  [002] d...  2117.440438: insert_work <-__queue_work
            sudo-1268  [002] d...  2117.440465: <stack trace>
 => insert_work
 => __queue_work
 => queue_work_on
 => call_usermodehelper_exec
 => __request_module
 => netlink_create
 => __sock_create
 => __sys_socket
 => sys_socket
 => ret_fast_syscall
 => 0x7ebc0f8c
            sudo-1268  [002] d...  2117.440472: sched_wakeup: comm=kworker/u8:1 pid=1248 prio=120 target_cpu=002
            sudo-1268  [002] d...  2117.440488: sched_switch: prev_comm=sudo prev_pid=1268 prev_prio=120 prev_state=D ==> next_comm=kworker/u8:1 next_pid=1248 next_prio=120
    kworker/u8:1-1248  [002] ....  2117.440493: workqueue_execute_start: work struct bcff389a: function call_usermodehelper_exec_work
    kworker/u8:1-1248  [002] d...  2117.440610: sched_switch: prev_comm=kworker/u8:1 prev_pid=1248 prev_prio=120 prev_state=S ==> next_comm=swapper/2 next_pid=0 next_prio=120
          <idle>-0     [003] d...  2117.440619: sched_switch: prev_comm=swapper/3 prev_pid=0 prev_prio=120 prev_state=R ==> next_comm=kworker/u8:1 next_pid=1282 next_prio=120
          <idle>-0     [002] d.s.  2117.448108: workqueue_queue_work: work struct=06408287 function=gc_worker [nf_conntrack] workqueue=00d12e3f req_cpu=4 cpu=2
          <idle>-0     [002] d.s.  2117.448118: workqueue_activate_work: work struct 06408287
          <idle>-0     [002] d.s.  2117.448123: insert_work <-__queue_work
          <idle>-0     [002] d.s.  2117.448180: <stack trace>
 => insert_work
 => __queue_work
 => delayed_work_timer_fn
 => call_timer_fn
 => expire_timers
 => run_timer_softirq
 => __do_softirq
 => irq_exit
 => __handle_domain_irq
 => bcm2836_arm_irqchip_handle_irq
 => __irq_svc
 => arch_cpu_idle
 => arch_cpu_idle
 => default_idle_call
 => do_idle
 => cpu_startup_entry
 => secondary_start_kernel
 => 0x0010270c
          <idle>-0     [002] dns.  2117.448205: sched_wakeup: comm=kworker/2:2 pid=1257 prio=120 target_cpu=002
          <idle>-0     [002] dns.  2117.448255: sched_wakeup: comm=ksoftirqd/2 pid=21 prio=120 target_cpu=002
          <idle>-0     [002] d...  2117.448272: sched_switch: prev_comm=swapper/2 prev_pid=0 prev_prio=120 prev_state=R ==> next_comm=ksoftirqd/2 next_pid=21 next_prio=120
     ksoftirqd/2-21    [002] d...  2117.448344: sched_switch: prev_comm=ksoftirqd/2 prev_pid=21 prev_prio=120 prev_state=S ==> next_comm=kworker/2:2 next_pid=1257 next_prio=120
     kworker/2:2-1257  [002] ....  2117.448355: workqueue_execute_start: work struct 06408287: function gc_worker [nf_conntrack]
     kworker/2:2-1257  [002] ....  2117.448385: workqueue_execute_end: work struct 06408287
     kworker/2:2-1257  [002] d...  2117.448409: sched_switch: prev_comm=kworker/2:2 prev_pid=1257 prev_prio=120 prev_state=I ==> next_comm=swapper/2 next_pid=0 next_prio=120
          <idle>-0     [000] dnh.  2117.451565: sched_wakeup: comm=lxterminal pid=1127 prio=120 target_cpu=000
          <idle>-0     [000] d...  2117.451595: sched_switch: prev_comm=swapper/0 prev_pid=0 prev_prio=120 prev_state=R ==> next_comm=lxterminal next_pid=1127 next_prio=120
          <idle>-0     [002] dnh.  2117.453359: sched_wakeup: comm=kworker/u8:1 pid=1248 prio=120 target_cpu=002
        modprobe-1282  [003] d...  2117.453359: sched_switch: prev_comm=modprobe prev_pid=1282 prev_prio=120 prev_state=Z ==> next_comm=swapper/3 next_pid=0 next_prio=120
          <idle>-0     [002] d...  2117.453374: sched_switch: prev_comm=swapper/2 prev_pid=0 prev_prio=120 prev_state=R ==> next_comm=kworker/u8:1 next_pid=1248 next_prio=120
    kworker/u8:1-1248  [002] d...  2117.453476: sched_wakeup: comm=sudo pid=1268 prio=120 target_cpu=002
    kworker/u8:1-1248  [002] ....  2117.453480: workqueue_execute_end: work struct bcff389a
    kworker/u8:1-1248  [002] d...  2117.453495: sched_switch: prev_comm=kworker/u8:1 prev_pid=1248 prev_prio=120 prev_state=I ==> next_comm=sudo next_pid=1268 next_prio=120
            sudo-1268  [002] dnh.  2117.454851: sched_wakeup: comm=irq/86-mmc1 pid=80 prio=49 target_cpu=002
            sudo-1268  [002] d...  2117.454975: sched_switch: prev_comm=sudo prev_pid=1268 prev_prio=120 prev_state=R+ ==> next_comm=irq/86-mmc1 next_pid=80 next_prio=49
     irq/86-mmc1-80    [002] d...  2117.455022: sched_switch: prev_comm=irq/86-mmc1 prev_pid=80 prev_prio=49 prev_state=D ==> next_comm=sudo next_pid=1268 next_prio=120
            sudo-1268  [002] dnh.  2117.455031: sched_wakeup: comm=irq/86-mmc1 pid=80 prio=49 target_cpu=002
            sudo-1268  [002] d...  2117.455039: sched_switch: prev_comm=sudo prev_pid=1268 prev_prio=120 prev_state=R+ ==> next_comm=irq/86-mmc1 next_pid=80 next_prio=49
     irq/86-mmc1-80    [002] d...  2117.455076: sched_switch: prev_comm=irq/86-mmc1 prev_pid=80 prev_prio=49 prev_state=D ==> next_comm=sudo next_pid=1268 next_prio=120
            sudo-1268  [002] dnh.  2117.455092: sched_wakeup: comm=irq/86-mmc1 pid=80 prio=49 target_cpu=002
            sudo-1268  [002] d...  2117.455100: sched_switch: prev_comm=sudo prev_pid=1268 prev_prio=120 prev_state=R+ ==> next_comm=irq/86-mmc1 next_pid=80 next_prio=49
     irq/86-mmc1-80    [002] d...  2117.455126: sched_switch: prev_comm=irq/86-mmc1 prev_pid=80 prev_prio=49 prev_state=D ==> next_comm=sudo next_pid=1268 next_prio=120
            sudo-1268  [002] dnh.  2117.455140: sched_wakeup: comm=irq/86-mmc1 pid=80 prio=49 target_cpu=002
            sudo-1268  [002] d...  2117.455154: sched_switch: prev_comm=sudo prev_pid=1268 prev_prio=120 prev_state=R+ ==> next_comm=irq/86-mmc1 next_pid=80 next_prio=49
     irq/86-mmc1-80    [002] d...  2117.455162: workqueue_queue_work: work struct=b87e4118 function=brcmf_sdio_dataworker [brcmfmac] workqueue=45ac18f6 req_cpu=4 cpu=4294967295
     irq/86-mmc1-80    [002] d...  2117.455165: workqueue_activate_work: work struct b87e4118
     irq/86-mmc1-80    [002] d...  2117.455168: insert_work <-__queue_work
     irq/86-mmc1-80    [002] d...  2117.455218: <stack trace>
 => insert_work
 => __queue_work
 => queue_work_on
 => brcmf_sdio_isr
 => brcmf_sdiod_ib_irqhandler
 => process_sdio_pending_irqs
 => sdio_run_irqs
 => bcm2835_mmc_thread_irq
 => irq_thread_fn
 => irq_thread
 => kthread
 => ret_from_fork
 => 0
     irq/86-mmc1-80    [002] d...  2117.455229: sched_wakeup: comm=kworker/u8:1 pid=1248 prio=120 target_cpu=002
     irq/86-mmc1-80    [002] d...  2117.455246: sched_switch: prev_comm=irq/86-mmc1 prev_pid=80 prev_prio=49 prev_state=S ==> next_comm=kworker/u8:1 next_pid=1248 next_prio=120
    kworker/u8:1-1248  [002] ....  2117.455255: workqueue_execute_start: work struct b87e4118: function brcmf_sdio_dataworker [brcmfmac]
    kworker/u8:1-1248  [002] ....  2117.455257: brcmf_sdio_dataworker <-process_one_work
    kworker/u8:1-1248  [002] ....  2117.455274: <stack trace>
 => brcmf_sdio_dataworker
 => process_one_work
 => worker_thread
 => kthread
 => ret_from_fork
 => 0
    kworker/u8:1-1248  [002] d...  2117.455320: sched_switch: prev_comm=kworker/u8:1 prev_pid=1248 prev_prio=120 prev_state=D ==> next_comm=sudo next_pid=1268 next_prio=120
            sudo-1268  [002] d.h.  2117.455336: sched_wakeup: comm=kworker/u8:1 pid=1248 prio=120 target_cpu=002
            sudo-1268  [002] d...  2117.456041: sched_wakeup: comm=bash pid=1137 prio=120 target_cpu=002
            sudo-1268  [002] d...  2117.456052: sched_switch: prev_comm=sudo prev_pid=1268 prev_prio=120 prev_state=Z ==> next_comm=kworker/u8:1 next_pid=1248 next_prio=120
    kworker/u8:1-1248  [002] d...  2117.456095: sched_switch: prev_comm=kworker/u8:1 prev_pid=1248 prev_prio=120 prev_state=D ==> next_comm=bash next_pid=1137 next_prio=120
            bash-1137  [002] d.h.  2117.456149: sched_wakeup: comm=kworker/u8:1 pid=1248 prio=120 target_cpu=002
            bash-1137  [002] d...  2117.457492: workqueue_queue_work: work struct=2e1b7f08 function=flush_to_ldisc workqueue=520c984f req_cpu=4 cpu=4294967295
            bash-1137  [002] d...  2117.457496: workqueue_activate_work: work struct 2e1b7f08
            bash-1137  [002] d...  2117.457499: insert_work <-__queue_work
            bash-1137  [002] d...  2117.457541: <stack trace>
 => insert_work
 => __queue_work
 => queue_work_on
 => tty_flip_buffer_push
 => pty_write
 => n_tty_write
 => tty_write
 => __vfs_write
 => vfs_write
 => ksys_write
 => sys_write
 => ret_fast_syscall
 => 0x7eb58d60
            bash-1137  [002] dn..  2117.457562: sched_wakeup: comm=kworker/u8:2 pid=1259 prio=120 target_cpu=002
            bash-1137  [002] d...  2117.457583: sched_switch: prev_comm=bash prev_pid=1137 prev_prio=120 prev_state=R ==> next_comm=kworker/u8:2 next_pid=1259 next_prio=120
    kworker/u8:2-1259  [002] ....  2117.457594: workqueue_execute_start: work struct 2e1b7f08: function flush_to_ldisc
    kworker/u8:2-1259  [002] ....  2117.457607: workqueue_execute_end: work struct 2e1b7f08
    kworker/u8:2-1259  [002] d...  2117.457619: sched_switch: prev_comm=kworker/u8:2 prev_pid=1259 prev_prio=120 prev_state=I ==> next_comm=kworker/u8:1 next_pid=1248 next_prio=120
    kworker/u8:1-1248  [002] d...  2117.457648: workqueue_queue_work: work struct=fb4f7e16 function=brcmf_fweh_event_worker [brcmfmac] workqueue=b42846d0 req_cpu=4 cpu=2
    kworker/u8:1-1248  [002] d...  2117.457651: workqueue_activate_work: work struct fb4f7e16
    kworker/u8:1-1248  [002] d...  2117.457652: insert_work <-__queue_work
    kworker/u8:1-1248  [002] d...  2117.457684: <stack trace>
 => insert_work
 => __queue_work
 => queue_work_on
 => brcmf_fweh_process_event
 => brcmf_rx_event
 => brcmf_sdio_dataworker
 => process_one_work
 => worker_thread
 => kthread
 => ret_from_fork
 => 0
    kworker/u8:1-1248  [002] d...  2117.457694: sched_wakeup: comm=kworker/2:2 pid=1257 prio=120 target_cpu=002
    kworker/u8:1-1248  [002] d...  2117.457746: sched_switch: prev_comm=kworker/u8:1 prev_pid=1248 prev_prio=120 prev_state=D ==> next_comm=kworker/2:2 next_pid=1257 next_prio=120
     kworker/2:2-1257  [002] ....  2117.457753: workqueue_execute_start: work struct fb4f7e16: function brcmf_fweh_event_worker [brcmfmac]
     kworker/2:2-1257  [002] ....  2117.457767: workqueue_execute_end: work struct fb4f7e16
     kworker/2:2-1257  [002] d...  2117.457778: sched_switch: prev_comm=kworker/2:2 prev_pid=1257 prev_prio=120 prev_state=I ==> next_comm=bash next_pid=1137 next_prio=120
            bash-1137  [002] dnh.  2117.457789: sched_wakeup: comm=kworker/u8:1 pid=1248 prio=120 target_cpu=002
            bash-1137  [002] d...  2117.457797: sched_switch: prev_comm=bash prev_pid=1137 prev_prio=120 prev_state=R ==> next_comm=kworker/u8:1 next_pid=1248 next_prio=120
    kworker/u8:1-1248  [002] ....  2117.457809: workqueue_execute_end: work struct b87e4118
    kworker/u8:1-1248  [002] d...  2117.457818: sched_switch: prev_comm=kworker/u8:1 prev_pid=1248 prev_prio=120 prev_state=I ==> next_comm=bash next_pid=1137 next_prio=120
            bash-1137  [002] d...  2117.457890: sched_switch: prev_comm=bash prev_pid=1137 prev_prio=120 prev_state=S ==> next_comm=swapper/2 next_pid=0 next_prio=120
          <idle>-0     [002] dns.  2117.458098: sched_wakeup: comm=rcu_sched pid=10 prio=120 target_cpu=002
          <idle>-0     [002] d...  2117.458120: sched_switch: prev_comm=swapper/2 prev_pid=0 prev_prio=120 prev_state=R ==> next_comm=rcu_sched next_pid=10 next_prio=120
       rcu_sched-10    [002] d...  2117.458141: sched_switch: prev_comm=rcu_sched prev_pid=10 prev_prio=120 prev_state=I ==> next_comm=swapper/2 next_pid=0 next_prio=120
          <idle>-0     [002] dnh.  2117.458159: sched_wakeup: comm=irq/86-mmc1 pid=80 prio=49 target_cpu=002
          <idle>-0     [002] d...  2117.458170: sched_switch: prev_comm=swapper/2 prev_pid=0 prev_prio=120 prev_state=R ==> next_comm=irq/86-mmc1 next_pid=80 next_prio=49
     irq/86-mmc1-80    [002] d...  2117.458200: sched_switch: prev_comm=irq/86-mmc1 prev_pid=80 prev_prio=49 prev_state=D ==> next_comm=swapper/2 next_pid=0 next_prio=120
          <idle>-0     [002] dnh.  2117.458210: sched_wakeup: comm=irq/86-mmc1 pid=80 prio=49 target_cpu=002
          <idle>-0     [002] d...  2117.458217: sched_switch: prev_comm=swapper/2 prev_pid=0 prev_prio=120 prev_state=R ==> next_comm=irq/86-mmc1 next_pid=80 next_prio=49
     irq/86-mmc1-80    [002] d...  2117.458246: sched_switch: prev_comm=irq/86-mmc1 prev_pid=80 prev_prio=49 prev_state=D ==> next_comm=swapper/2 next_pid=0 next_prio=120
          <idle>-0     [002] dnh.  2117.458260: sched_wakeup: comm=irq/86-mmc1 pid=80 prio=49 target_cpu=002
          <idle>-0     [002] d...  2117.458266: sched_switch: prev_comm=swapper/2 prev_pid=0 prev_prio=120 prev_state=R ==> next_comm=irq/86-mmc1 next_pid=80 next_prio=49
     irq/86-mmc1-80    [002] d...  2117.458291: sched_switch: prev_comm=irq/86-mmc1 prev_pid=80 prev_prio=49 prev_state=D ==> next_comm=swapper/2 next_pid=0 next_prio=120
          <idle>-0     [002] dnh.  2117.458320: sched_wakeup: comm=irq/86-mmc1 pid=80 prio=49 target_cpu=002
          <idle>-0     [002] d...  2117.458327: sched_switch: prev_comm=swapper/2 prev_pid=0 prev_prio=120 prev_state=R ==> next_comm=irq/86-mmc1 next_pid=80 next_prio=49
     irq/86-mmc1-80    [002] d...  2117.458332: workqueue_queue_work: work struct=b87e4118 function=brcmf_sdio_dataworker [brcmfmac] workqueue=45ac18f6 req_cpu=4 cpu=4294967295
     irq/86-mmc1-80    [002] d...  2117.458334: workqueue_activate_work: work struct b87e4118
     irq/86-mmc1-80    [002] d...  2117.458336: insert_work <-__queue_work
     irq/86-mmc1-80    [002] d...  2117.458371: <stack trace>
 => insert_work
 => __queue_work
 => queue_work_on
 => brcmf_sdio_isr
 => brcmf_sdiod_ib_irqhandler
 => process_sdio_pending_irqs
 => sdio_run_irqs
 => bcm2835_mmc_thread_irq
 => irq_thread_fn
 => irq_thread
 => kthread
 => ret_from_fork
 => 0
     irq/86-mmc1-80    [002] d...  2117.458379: sched_wakeup: comm=kworker/u8:1 pid=1248 prio=120 target_cpu=002
     irq/86-mmc1-80    [002] d...  2117.458398: sched_switch: prev_comm=irq/86-mmc1 prev_pid=80 prev_prio=49 prev_state=S ==> next_comm=kworker/u8:1 next_pid=1248 next_prio=120
    kworker/u8:1-1248  [002] ....  2117.458404: workqueue_execute_start: work struct b87e4118: function brcmf_sdio_dataworker [brcmfmac]
    kworker/u8:1-1248  [002] ....  2117.458406: brcmf_sdio_dataworker <-process_one_work
    kworker/u8:1-1248  [002] ....  2117.458421: <stack trace>
 => brcmf_sdio_dataworker
 => process_one_work
 => worker_thread
 => kthread
 => ret_from_fork
 => 0
    kworker/u8:1-1248  [002] d...  2117.458472: sched_switch: prev_comm=kworker/u8:1 prev_pid=1248 prev_prio=120 prev_state=D ==> next_comm=swapper/2 next_pid=0 next_prio=120
          <idle>-0     [002] dnh.  2117.458483: sched_wakeup: comm=kworker/u8:1 pid=1248 prio=120 target_cpu=002
          <idle>-0     [002] d...  2117.458491: sched_switch: prev_comm=swapper/2 prev_pid=0 prev_prio=120 prev_state=R ==> next_comm=kworker/u8:1 next_pid=1248 next_prio=120
    kworker/u8:1-1248  [002] d...  2117.458522: sched_switch: prev_comm=kworker/u8:1 prev_pid=1248 prev_prio=120 prev_state=D ==> next_comm=swapper/2 next_pid=0 next_prio=120
          <idle>-0     [002] dnh.  2117.458541: sched_wakeup: comm=kworker/u8:1 pid=1248 prio=120 target_cpu=002
          <idle>-0     [002] d...  2117.458548: sched_switch: prev_comm=swapper/2 prev_pid=0 prev_prio=120 prev_state=R ==> next_comm=kworker/u8:1 next_pid=1248 next_prio=120
    kworker/u8:1-1248  [002] d.s.  2117.458701: sched_wakeup: comm=tailscaled pid=422 prio=120 target_cpu=002
    kworker/u8:1-1248  [002] d...  2117.458740: sched_switch: prev_comm=kworker/u8:1 prev_pid=1248 prev_prio=120 prev_state=D ==> next_comm=tailscaled next_pid=422 next_prio=120
      tailscaled-422   [002] d.h.  2117.458758: sched_wakeup: comm=kworker/u8:1 pid=1248 prio=120 target_cpu=002
      tailscaled-422   [002] dn..  2117.458844: sched_wakeup: comm=tailscaled pid=419 prio=120 target_cpu=002
      tailscaled-422   [002] d...  2117.458852: sched_switch: prev_comm=tailscaled prev_pid=422 prev_prio=120 prev_state=R ==> next_comm=tailscaled next_pid=419 next_prio=120
      tailscaled-419   [002] d...  2117.458877: sched_switch: prev_comm=tailscaled prev_pid=419 prev_prio=120 prev_state=R ==> next_comm=kworker/u8:1 next_pid=1248 next_prio=120
    kworker/u8:1-1248  [002] ....  2117.458890: workqueue_execute_end: work struct b87e4118
    kworker/u8:1-1248  [002] d...  2117.458900: sched_switch: prev_comm=kworker/u8:1 prev_pid=1248 prev_prio=120 prev_state=I ==> next_comm=tailscaled next_pid=419 next_prio=120
      tailscaled-419   [002] d...  2117.458921: sched_switch: prev_comm=tailscaled prev_pid=419 prev_prio=120 prev_state=S ==> next_comm=tailscaled next_pid=422 next_prio=120
      tailscaled-422   [002] dn..  2117.458937: sched_wakeup: comm=tailscaled pid=419 prio=120 target_cpu=002
      tailscaled-422   [002] d...  2117.458943: sched_switch: prev_comm=tailscaled prev_pid=422 prev_prio=120 prev_state=R ==> next_comm=tailscaled next_pid=419 next_prio=120
      tailscaled-419   [002] d...  2117.458978: sched_switch: prev_comm=tailscaled prev_pid=419 prev_prio=120 prev_state=S ==> next_comm=tailscaled next_pid=422 next_prio=120
      tailscaled-422   [002] dnh.  2117.459049: sched_wakeup: comm=tailscaled pid=419 prio=120 target_cpu=002
      tailscaled-422   [002] d...  2117.459060: sched_switch: prev_comm=tailscaled prev_pid=422 prev_prio=120 prev_state=R ==> next_comm=tailscaled next_pid=419 next_prio=120
      tailscaled-419   [002] d...  2117.459082: sched_switch: prev_comm=tailscaled prev_pid=419 prev_prio=120 prev_state=S ==> next_comm=tailscaled next_pid=422 next_prio=120
          <idle>-0     [003] dnh.  2117.459141: sched_wakeup: comm=Xorg pid=491 prio=120 target_cpu=003
          <idle>-0     [003] d...  2117.459152: sched_switch: prev_comm=swapper/3 prev_pid=0 prev_prio=120 prev_state=R ==> next_comm=Xorg next_pid=491 next_prio=120
      tailscaled-422   [002] dnh.  2117.459153: sched_wakeup: comm=tailscaled pid=419 prio=120 target_cpu=002
      tailscaled-422   [002] d...  2117.459162: sched_switch: prev_comm=tailscaled prev_pid=422 prev_prio=120 prev_state=R ==> next_comm=tailscaled next_pid=419 next_prio=120
      tailscaled-419   [002] d...  2117.459181: sched_switch: prev_comm=tailscaled prev_pid=419 prev_prio=120 prev_state=S ==> next_comm=tailscaled next_pid=422 next_prio=120
      tailscaled-422   [002] dnh.  2117.459253: sched_wakeup: comm=tailscaled pid=419 prio=120 target_cpu=002
      tailscaled-422   [002] d...  2117.459262: sched_switch: prev_comm=tailscaled prev_pid=422 prev_prio=120 prev_state=R ==> next_comm=tailscaled next_pid=419 next_prio=120
      tailscaled-419   [002] d...  2117.459281: sched_switch: prev_comm=tailscaled prev_pid=419 prev_prio=120 prev_state=S ==> next_comm=tailscaled next_pid=422 next_prio=120
      tailscaled-422   [002] dn..  2117.459339: sched_wakeup: comm=tailscaled pid=899 prio=120 target_cpu=002
      tailscaled-422   [002] dnh.  2117.459352: sched_wakeup: comm=tailscaled pid=419 prio=120 target_cpu=002
      tailscaled-422   [002] d...  2117.459361: sched_switch: prev_comm=tailscaled prev_pid=422 prev_prio=120 prev_state=R ==> next_comm=tailscaled next_pid=899 next_prio=120
      lxterminal-1127  [000] d...  2117.459389: sched_switch: prev_comm=lxterminal prev_pid=1127 prev_prio=120 prev_state=S ==> next_comm=swapper/0 next_pid=0 next_prio=120
      tailscaled-899   [002] d...  2117.459421: sched_switch: prev_comm=tailscaled prev_pid=899 prev_prio=120 prev_state=S ==> next_comm=tailscaled next_pid=419 next_prio=120
      tailscaled-419   [002] d...  2117.459439: sched_switch: prev_comm=tailscaled prev_pid=419 prev_prio=120 prev_state=S ==> next_comm=tailscaled next_pid=422 next_prio=120
      tailscaled-422   [002] dnh.  2117.459476: sched_wakeup: comm=tailscaled pid=899 prio=120 target_cpu=002
      tailscaled-422   [002] dnh.  2117.459484: sched_wakeup: comm=tailscaled pid=419 prio=120 target_cpu=002
      tailscaled-422   [002] d...  2117.459493: sched_switch: prev_comm=tailscaled prev_pid=422 prev_prio=120 prev_state=R ==> next_comm=tailscaled next_pid=899 next_prio=120
            Xorg-491   [003] d.h.  2117.459526: sched_wakeup: comm=tailscaled pid=351 prio=120 target_cpu=003
      tailscaled-899   [002] d...  2117.459564: sched_switch: prev_comm=tailscaled prev_pid=899 prev_prio=120 prev_state=S ==> next_comm=tailscaled next_pid=419 next_prio=120
      tailscaled-419   [002] d...  2117.459582: sched_switch: prev_comm=tailscaled prev_pid=419 prev_prio=120 prev_state=S ==> next_comm=tailscaled next_pid=422 next_prio=120
      tailscaled-422   [002] dnh.  2117.459619: sched_wakeup: comm=tailscaled pid=899 prio=120 target_cpu=002
      tailscaled-422   [002] dnh.  2117.459627: sched_wakeup: comm=tailscaled pid=419 prio=120 target_cpu=002
      tailscaled-422   [002] d...  2117.459635: sched_switch: prev_comm=tailscaled prev_pid=422 prev_prio=120 prev_state=R ==> next_comm=tailscaled next_pid=899 next_prio=120
            Xorg-491   [003] d.h.  2117.460066: sched_wakeup: comm=vncserver-x11-c pid=452 prio=120 target_cpu=003
            Xorg-491   [003] d.h.  2117.460469: sched_wakeup: comm=vncagent pid=513 prio=120 target_cpu=003
      tailscaled-899   [002] d...  2117.460713: workqueue_queue_work: work struct=b87e4118 function=brcmf_sdio_dataworker [brcmfmac] workqueue=45ac18f6 req_cpu=4 cpu=4294967295
      tailscaled-899   [002] d...  2117.460719: workqueue_activate_work: work struct b87e4118
      tailscaled-899   [002] d...  2117.460723: insert_work <-__queue_work
      tailscaled-899   [002] d...  2117.460804: <stack trace>
 => insert_work
 => __queue_work
 => queue_work_on
 => brcmf_sdio_bus_txdata
 => brcmf_proto_bcdc_txdata
 => brcmf_proto_bcdc_tx_queue_data
 => brcmf_netdev_start_xmit
 => dev_hard_start_xmit
 => sch_direct_xmit
 => __qdisc_run
 => __dev_queue_xmit
 => dev_queue_xmit
 => ip_finish_output2
 => ip_finish_output
 => ip_output
 => ip_local_out
 => ip_send_skb
 => udp_send_skb
 => udp_sendmsg
 => inet_sendmsg
 => sock_sendmsg
 => ___sys_sendmsg
 => __sys_sendmmsg
 => sys_sendmmsg
 => ret_fast_syscall
 => 0x05e0594c
      tailscaled-899   [002] d...  2117.460831: sched_wakeup: comm=kworker/u8:1 pid=1248 prio=120 target_cpu=002
      tailscaled-899   [002] d...  2117.461029: sched_switch: prev_comm=tailscaled prev_pid=899 prev_prio=120 prev_state=S ==> next_comm=tailscaled next_pid=419 next_prio=120
      tailscaled-419   [002] d...  2117.461074: sched_switch: prev_comm=tailscaled prev_pid=419 prev_prio=120 prev_state=S ==> next_comm=tailscaled next_pid=422 next_prio=120
      tailscaled-422   [002] dnh.  2117.461150: sched_wakeup: comm=tailscaled pid=419 prio=120 target_cpu=002
      tailscaled-422   [002] d...  2117.461163: sched_switch: prev_comm=tailscaled prev_pid=422 prev_prio=120 prev_state=R ==> next_comm=tailscaled next_pid=419 next_prio=120
      tailscaled-419   [002] d...  2117.461184: sched_switch: prev_comm=tailscaled prev_pid=419 prev_prio=120 prev_state=S ==> next_comm=tailscaled next_pid=422 next_prio=120
      tailscaled-422   [002] dnh.  2117.461257: sched_wakeup: comm=tailscaled pid=419 prio=120 target_cpu=002
      tailscaled-422   [002] d...  2117.461275: sched_switch: prev_comm=tailscaled prev_pid=422 prev_prio=120 prev_state=S ==> next_comm=tailscaled next_pid=419 next_prio=120
      tailscaled-419   [002] d...  2117.461295: sched_switch: prev_comm=tailscaled prev_pid=419 prev_prio=120 prev_state=S ==> next_comm=kworker/u8:1 next_pid=1248 next_prio=120
    kworker/u8:1-1248  [002] ....  2117.461308: workqueue_execute_start: work struct b87e4118: function brcmf_sdio_dataworker [brcmfmac]
    kworker/u8:1-1248  [002] ....  2117.461312: brcmf_sdio_dataworker <-process_one_work
    kworker/u8:1-1248  [002] ....  2117.461343: <stack trace>
 => brcmf_sdio_dataworker
 => process_one_work
 => worker_thread
 => kthread
 => ret_from_fork
 => 0
    kworker/u8:1-1248  [002] d.h.  2117.461368: sched_wakeup: comm=tailscaled pid=419 prio=120 target_cpu=002
    kworker/u8:1-1248  [002] d...  2117.461441: sched_switch: prev_comm=kworker/u8:1 prev_pid=1248 prev_prio=120 prev_state=D ==> next_comm=tailscaled next_pid=419 next_prio=120
      tailscaled-419   [002] d...  2117.461464: sched_switch: prev_comm=tailscaled prev_pid=419 prev_prio=120 prev_state=S ==> next_comm=swapper/2 next_pid=0 next_prio=120
          <idle>-0     [002] dnh.  2117.461503: sched_wakeup: comm=kworker/u8:1 pid=1248 prio=120 target_cpu=002
          <idle>-0     [002] d...  2117.461511: sched_switch: prev_comm=swapper/2 prev_pid=0 prev_prio=120 prev_state=R ==> next_comm=kworker/u8:1 next_pid=1248 next_prio=120
    kworker/u8:1-1248  [002] d.h.  2117.461533: sched_wakeup: comm=tailscaled pid=419 prio=120 target_cpu=002
    kworker/u8:1-1248  [002] d...  2117.461556: sched_wakeup: comm=tailscaled pid=899 prio=120 target_cpu=002
    kworker/u8:1-1248  [002] ....  2117.461570: workqueue_execute_end: work struct b87e4118
    kworker/u8:1-1248  [002] d...  2117.461581: sched_switch: prev_comm=kworker/u8:1 prev_pid=1248 prev_prio=120 prev_state=I ==> next_comm=tailscaled next_pid=419 next_prio=120
      tailscaled-419   [002] d...  2117.461601: sched_switch: prev_comm=tailscaled prev_pid=419 prev_prio=120 prev_state=S ==> next_comm=tailscaled next_pid=899 next_prio=120
      tailscaled-899   [002] d.h.  2117.461673: sched_wakeup: comm=tailscaled pid=419 prio=120 target_cpu=002
      tailscaled-899   [002] d...  2117.461703: sched_switch: prev_comm=tailscaled prev_pid=899 prev_prio=120 prev_state=S ==> next_comm=tailscaled next_pid=419 next_prio=120
      tailscaled-419   [002] d...  2117.461721: sched_switch: prev_comm=tailscaled prev_pid=419 prev_prio=120 prev_state=S ==> next_comm=swapper/2 next_pid=0 next_prio=120
          <idle>-0     [002] dnh.  2117.461793: sched_wakeup: comm=tailscaled pid=419 prio=120 target_cpu=002
          <idle>-0     [002] d...  2117.461803: sched_switch: prev_comm=swapper/2 prev_pid=0 prev_prio=120 prev_state=R ==> next_comm=tailscaled next_pid=419 next_prio=120
      tailscaled-419   [002] d...  2117.461821: sched_switch: prev_comm=tailscaled prev_pid=419 prev_prio=120 prev_state=S ==> next_comm=swapper/2 next_pid=0 next_prio=120
          <idle>-0     [002] dnh.  2117.461896: sched_wakeup: comm=tailscaled pid=419 prio=120 target_cpu=002
          <idle>-0     [002] d...  2117.461909: sched_switch: prev_comm=swapper/2 prev_pid=0 prev_prio=120 prev_state=R ==> next_comm=tailscaled next_pid=419 next_prio=120
      tailscaled-419   [002] d...  2117.461926: sched_switch: prev_comm=tailscaled prev_pid=419 prev_prio=120 prev_state=S ==> next_comm=swapper/2 next_pid=0 next_prio=120
          <idle>-0     [002] dnh.  2117.461998: sched_wakeup: comm=tailscaled pid=419 prio=120 target_cpu=002
          <idle>-0     [002] d...  2117.462008: sched_switch: prev_comm=swapper/2 prev_pid=0 prev_prio=120 prev_state=R ==> next_comm=tailscaled next_pid=419 next_prio=120
      tailscaled-419   [002] d...  2117.462028: sched_switch: prev_comm=tailscaled prev_pid=419 prev_prio=120 prev_state=S ==> next_comm=swapper/2 next_pid=0 next_prio=120
          <idle>-0     [002] dnh.  2117.462098: sched_wakeup: comm=tailscaled pid=419 prio=120 target_cpu=002
          <idle>-0     [002] d...  2117.462107: sched_switch: prev_comm=swapper/2 prev_pid=0 prev_prio=120 prev_state=R ==> next_comm=tailscaled next_pid=419 next_prio=120
      tailscaled-419   [002] d...  2117.462125: sched_switch: prev_comm=tailscaled prev_pid=419 prev_prio=120 prev_state=S ==> next_comm=swapper/2 next_pid=0 next_prio=120
          <idle>-0     [002] dnh.  2117.462196: sched_wakeup: comm=tailscaled pid=419 prio=120 target_cpu=002
          <idle>-0     [002] d...  2117.462205: sched_switch: prev_comm=swapper/2 prev_pid=0 prev_prio=120 prev_state=R ==> next_comm=tailscaled next_pid=419 next_prio=120
      tailscaled-419   [002] d...  2117.462223: sched_switch: prev_comm=tailscaled prev_pid=419 prev_prio=120 prev_state=S ==> next_comm=swapper/2 next_pid=0 next_prio=120
          <idle>-0     [002] dnh.  2117.462294: sched_wakeup: comm=tailscaled pid=419 prio=120 target_cpu=002
          <idle>-0     [002] d...  2117.462303: sched_switch: prev_comm=swapper/2 prev_pid=0 prev_prio=120 prev_state=R ==> next_comm=tailscaled next_pid=419 next_prio=120
      tailscaled-419   [002] d...  2117.462320: sched_switch: prev_comm=tailscaled prev_pid=419 prev_prio=120 prev_state=S ==> next_comm=swapper/2 next_pid=0 next_prio=120
          <idle>-0     [002] dnh.  2117.462391: sched_wakeup: comm=tailscaled pid=419 prio=120 target_cpu=002
          <idle>-0     [002] d...  2117.462400: sched_switch: prev_comm=swapper/2 prev_pid=0 prev_prio=120 prev_state=R ==> next_comm=tailscaled next_pid=419 next_prio=120
      tailscaled-419   [002] d...  2117.462417: sched_switch: prev_comm=tailscaled prev_pid=419 prev_prio=120 prev_state=S ==> next_comm=swapper/2 next_pid=0 next_prio=120
          <idle>-0     [002] dnh.  2117.462488: sched_wakeup: comm=tailscaled pid=419 prio=120 target_cpu=002
          <idle>-0     [002] d...  2117.462497: sched_switch: prev_comm=swapper/2 prev_pid=0 prev_prio=120 prev_state=R ==> next_comm=tailscaled next_pid=419 next_prio=120
      tailscaled-419   [002] d...  2117.462514: sched_switch: prev_comm=tailscaled prev_pid=419 prev_prio=120 prev_state=S ==> next_comm=swapper/2 next_pid=0 next_prio=120
          <idle>-0     [002] dnh.  2117.462586: sched_wakeup: comm=tailscaled pid=419 prio=120 target_cpu=002
          <idle>-0     [002] d...  2117.462595: sched_switch: prev_comm=swapper/2 prev_pid=0 prev_prio=120 prev_state=R ==> next_comm=tailscaled next_pid=419 next_prio=120
      tailscaled-419   [002] d...  2117.462611: sched_switch: prev_comm=tailscaled prev_pid=419 prev_prio=120 prev_state=S ==> next_comm=swapper/2 next_pid=0 next_prio=120
          <idle>-0     [002] dnh.  2117.462683: sched_wakeup: comm=tailscaled pid=419 prio=120 target_cpu=002
          <idle>-0     [002] d...  2117.462692: sched_switch: prev_comm=swapper/2 prev_pid=0 prev_prio=120 prev_state=R ==> next_comm=tailscaled next_pid=419 next_prio=120
      tailscaled-419   [002] d...  2117.462710: sched_switch: prev_comm=tailscaled prev_pid=419 prev_prio=120 prev_state=S ==> next_comm=swapper/2 next_pid=0 next_prio=120
          <idle>-0     [002] dnh.  2117.462781: sched_wakeup: comm=tailscaled pid=419 prio=120 target_cpu=002
          <idle>-0     [002] d...  2117.462790: sched_switch: prev_comm=swapper/2 prev_pid=0 prev_prio=120 prev_state=R ==> next_comm=tailscaled next_pid=419 next_prio=120
      tailscaled-419   [002] d...  2117.462807: sched_switch: prev_comm=tailscaled prev_pid=419 prev_prio=120 prev_state=S ==> next_comm=swapper/2 next_pid=0 next_prio=120
          <idle>-0     [002] dnh.  2117.462878: sched_wakeup: comm=tailscaled pid=419 prio=120 target_cpu=002
          <idle>-0     [002] d...  2117.462887: sched_switch: prev_comm=swapper/2 prev_pid=0 prev_prio=120 prev_state=R ==> next_comm=tailscaled next_pid=419 next_prio=120
      tailscaled-419   [002] d...  2117.462903: sched_switch: prev_comm=tailscaled prev_pid=419 prev_prio=120 prev_state=S ==> next_comm=swapper/2 next_pid=0 next_prio=120
          <idle>-0     [002] dnh.  2117.462978: sched_wakeup: comm=tailscaled pid=419 prio=120 target_cpu=002
          <idle>-0     [002] d...  2117.462987: sched_switch: prev_comm=swapper/2 prev_pid=0 prev_prio=120 prev_state=R ==> next_comm=tailscaled next_pid=419 next_prio=120
      tailscaled-419   [002] d...  2117.463006: sched_switch: prev_comm=tailscaled prev_pid=419 prev_prio=120 prev_state=S ==> next_comm=swapper/2 next_pid=0 next_prio=120
          <idle>-0     [002] dnh.  2117.463077: sched_wakeup: comm=tailscaled pid=419 prio=120 target_cpu=002
          <idle>-0     [002] d...  2117.463086: sched_switch: prev_comm=swapper/2 prev_pid=0 prev_prio=120 prev_state=R ==> next_comm=tailscaled next_pid=419 next_prio=120
      tailscaled-419   [002] d...  2117.463103: sched_switch: prev_comm=tailscaled prev_pid=419 prev_prio=120 prev_state=S ==> next_comm=swapper/2 next_pid=0 next_prio=120
          <idle>-0     [002] dnh.  2117.463175: sched_wakeup: comm=tailscaled pid=419 prio=120 target_cpu=002
          <idle>-0     [002] d...  2117.463185: sched_switch: prev_comm=swapper/2 prev_pid=0 prev_prio=120 prev_state=R ==> next_comm=tailscaled next_pid=419 next_prio=120
      tailscaled-419   [002] d...  2117.463202: sched_switch: prev_comm=tailscaled prev_pid=419 prev_prio=120 prev_state=S ==> next_comm=swapper/2 next_pid=0 next_prio=120
          <idle>-0     [002] dnh.  2117.463273: sched_wakeup: comm=tailscaled pid=419 prio=120 target_cpu=002
          <idle>-0     [002] d...  2117.463282: sched_switch: prev_comm=swapper/2 prev_pid=0 prev_prio=120 prev_state=R ==> next_comm=tailscaled next_pid=419 next_prio=120
      tailscaled-419   [002] d...  2117.463299: sched_switch: prev_comm=tailscaled prev_pid=419 prev_prio=120 prev_state=S ==> next_comm=swapper/2 next_pid=0 next_prio=120
          <idle>-0     [002] dnh.  2117.463370: sched_wakeup: comm=tailscaled pid=419 prio=120 target_cpu=002
          <idle>-0     [002] d...  2117.463379: sched_switch: prev_comm=swapper/2 prev_pid=0 prev_prio=120 prev_state=R ==> next_comm=tailscaled next_pid=419 next_prio=120
      tailscaled-419   [002] d...  2117.463395: sched_switch: prev_comm=tailscaled prev_pid=419 prev_prio=120 prev_state=S ==> next_comm=swapper/2 next_pid=0 next_prio=120
          <idle>-0     [002] dnh.  2117.463466: sched_wakeup: comm=tailscaled pid=419 prio=120 target_cpu=002
          <idle>-0     [002] d...  2117.463475: sched_switch: prev_comm=swapper/2 prev_pid=0 prev_prio=120 prev_state=R ==> next_comm=tailscaled next_pid=419 next_prio=120
      tailscaled-419   [002] d...  2117.463491: sched_switch: prev_comm=tailscaled prev_pid=419 prev_prio=120 prev_state=S ==> next_comm=swapper/2 next_pid=0 next_prio=120
          <idle>-0     [002] dnh.  2117.463562: sched_wakeup: comm=tailscaled pid=419 prio=120 target_cpu=002
          <idle>-0     [002] d...  2117.463571: sched_switch: prev_comm=swapper/2 prev_pid=0 prev_prio=120 prev_state=R ==> next_comm=tailscaled next_pid=419 next_prio=120
      tailscaled-419   [002] d...  2117.463587: sched_switch: prev_comm=tailscaled prev_pid=419 prev_prio=120 prev_state=S ==> next_comm=swapper/2 next_pid=0 next_prio=120
          <idle>-0     [002] dnh.  2117.463659: sched_wakeup: comm=tailscaled pid=419 prio=120 target_cpu=002
          <idle>-0     [002] d...  2117.463667: sched_switch: prev_comm=swapper/2 prev_pid=0 prev_prio=120 prev_state=R ==> next_comm=tailscaled next_pid=419 next_prio=120
      tailscaled-419   [002] d...  2117.463684: sched_switch: prev_comm=tailscaled prev_pid=419 prev_prio=120 prev_state=S ==> next_comm=swapper/2 next_pid=0 next_prio=120
          <idle>-0     [002] dnh.  2117.463754: sched_wakeup: comm=tailscaled pid=419 prio=120 target_cpu=002
          <idle>-0     [002] d...  2117.463763: sched_switch: prev_comm=swapper/2 prev_pid=0 prev_prio=120 prev_state=R ==> next_comm=tailscaled next_pid=419 next_prio=120
      tailscaled-419   [002] d...  2117.463779: sched_switch: prev_comm=tailscaled prev_pid=419 prev_prio=120 prev_state=S ==> next_comm=swapper/2 next_pid=0 next_prio=120
          <idle>-0     [002] dnh.  2117.463850: sched_wakeup: comm=tailscaled pid=419 prio=120 target_cpu=002
          <idle>-0     [002] d...  2117.463859: sched_switch: prev_comm=swapper/2 prev_pid=0 prev_prio=120 prev_state=R ==> next_comm=tailscaled next_pid=419 next_prio=120
      tailscaled-419   [002] d...  2117.463875: sched_switch: prev_comm=tailscaled prev_pid=419 prev_prio=120 prev_state=S ==> next_comm=swapper/2 next_pid=0 next_prio=120
          <idle>-0     [002] dnh.  2117.463946: sched_wakeup: comm=tailscaled pid=419 prio=120 target_cpu=002
          <idle>-0     [002] d...  2117.463955: sched_switch: prev_comm=swapper/2 prev_pid=0 prev_prio=120 prev_state=R ==> next_comm=tailscaled next_pid=419 next_prio=120
      tailscaled-419   [002] d...  2117.463974: sched_switch: prev_comm=tailscaled prev_pid=419 prev_prio=120 prev_state=S ==> next_comm=swapper/2 next_pid=0 next_prio=120
          <idle>-0     [002] dnh.  2117.464043: sched_wakeup: comm=tailscaled pid=419 prio=120 target_cpu=002
          <idle>-0     [002] d...  2117.464051: sched_switch: prev_comm=swapper/2 prev_pid=0 prev_prio=120 prev_state=R ==> next_comm=tailscaled next_pid=419 next_prio=120
      tailscaled-419   [002] d...  2117.464067: sched_switch: prev_comm=tailscaled prev_pid=419 prev_prio=120 prev_state=S ==> next_comm=swapper/2 next_pid=0 next_prio=120
          <idle>-0     [002] dnh.  2117.464139: sched_wakeup: comm=tailscaled pid=419 prio=120 target_cpu=002
          <idle>-0     [002] d...  2117.464147: sched_switch: prev_comm=swapper/2 prev_pid=0 prev_prio=120 prev_state=R ==> next_comm=tailscaled next_pid=419 next_prio=120
      tailscaled-419   [002] d...  2117.464163: sched_switch: prev_comm=tailscaled prev_pid=419 prev_prio=120 prev_state=S ==> next_comm=swapper/2 next_pid=0 next_prio=120
          <idle>-0     [002] dnh.  2117.464237: sched_wakeup: comm=tailscaled pid=419 prio=120 target_cpu=002
          <idle>-0     [002] d...  2117.464246: sched_switch: prev_comm=swapper/2 prev_pid=0 prev_prio=120 prev_state=R ==> next_comm=tailscaled next_pid=419 next_prio=120
      tailscaled-419   [002] d...  2117.464262: sched_switch: prev_comm=tailscaled prev_pid=419 prev_prio=120 prev_state=S ==> next_comm=swapper/2 next_pid=0 next_prio=120
          <idle>-0     [002] dnh.  2117.464333: sched_wakeup: comm=tailscaled pid=419 prio=120 target_cpu=002
          <idle>-0     [002] d...  2117.464342: sched_switch: prev_comm=swapper/2 prev_pid=0 prev_prio=120 prev_state=R ==> next_comm=tailscaled next_pid=419 next_prio=120
      tailscaled-419   [002] d...  2117.464358: sched_switch: prev_comm=tailscaled prev_pid=419 prev_prio=120 prev_state=S ==> next_comm=swapper/2 next_pid=0 next_prio=120
          <idle>-0     [002] dnh.  2117.464429: sched_wakeup: comm=tailscaled pid=419 prio=120 target_cpu=002
          <idle>-0     [002] d...  2117.464438: sched_switch: prev_comm=swapper/2 prev_pid=0 prev_prio=120 prev_state=R ==> next_comm=tailscaled next_pid=419 next_prio=120
      tailscaled-419   [002] d...  2117.464453: sched_switch: prev_comm=tailscaled prev_pid=419 prev_prio=120 prev_state=S ==> next_comm=swapper/2 next_pid=0 next_prio=120
          <idle>-0     [002] dnh.  2117.464525: sched_wakeup: comm=tailscaled pid=419 prio=120 target_cpu=002
          <idle>-0     [002] d...  2117.464533: sched_switch: prev_comm=swapper/2 prev_pid=0 prev_prio=120 prev_state=R ==> next_comm=tailscaled next_pid=419 next_prio=120
      tailscaled-419   [002] d...  2117.464550: sched_switch: prev_comm=tailscaled prev_pid=419 prev_prio=120 prev_state=S ==> next_comm=swapper/2 next_pid=0 next_prio=120
          <idle>-0     [002] dnh.  2117.464621: sched_wakeup: comm=tailscaled pid=419 prio=120 target_cpu=002
          <idle>-0     [002] d...  2117.464629: sched_switch: prev_comm=swapper/2 prev_pid=0 prev_prio=120 prev_state=R ==> next_comm=tailscaled next_pid=419 next_prio=120
      tailscaled-419   [002] d...  2117.464645: sched_switch: prev_comm=tailscaled prev_pid=419 prev_prio=120 prev_state=S ==> next_comm=swapper/2 next_pid=0 next_prio=120
          <idle>-0     [002] dnh.  2117.464717: sched_wakeup: comm=tailscaled pid=419 prio=120 target_cpu=002
          <idle>-0     [002] d...  2117.464725: sched_switch: prev_comm=swapper/2 prev_pid=0 prev_prio=120 prev_state=R ==> next_comm=tailscaled next_pid=419 next_prio=120
      tailscaled-419   [002] d...  2117.464741: sched_switch: prev_comm=tailscaled prev_pid=419 prev_prio=120 prev_state=S ==> next_comm=swapper/2 next_pid=0 next_prio=120
          <idle>-0     [002] dnh.  2117.464813: sched_wakeup: comm=tailscaled pid=419 prio=120 target_cpu=002
          <idle>-0     [002] d...  2117.464822: sched_switch: prev_comm=swapper/2 prev_pid=0 prev_prio=120 prev_state=R ==> next_comm=tailscaled next_pid=419 next_prio=120
      tailscaled-419   [002] d...  2117.464838: sched_switch: prev_comm=tailscaled prev_pid=419 prev_prio=120 prev_state=S ==> next_comm=swapper/2 next_pid=0 next_prio=120
          <idle>-0     [002] dnh.  2117.464909: sched_wakeup: comm=tailscaled pid=419 prio=120 target_cpu=002
          <idle>-0     [002] d...  2117.464918: sched_switch: prev_comm=swapper/2 prev_pid=0 prev_prio=120 prev_state=R ==> next_comm=tailscaled next_pid=419 next_prio=120
      tailscaled-419   [002] d...  2117.464934: sched_switch: prev_comm=tailscaled prev_pid=419 prev_prio=120 prev_state=S ==> next_comm=swapper/2 next_pid=0 next_prio=120
          <idle>-0     [002] dnh.  2117.465005: sched_wakeup: comm=tailscaled pid=419 prio=120 target_cpu=002
          <idle>-0     [002] d...  2117.465014: sched_switch: prev_comm=swapper/2 prev_pid=0 prev_prio=120 prev_state=R ==> next_comm=tailscaled next_pid=419 next_prio=120
      tailscaled-419   [002] d...  2117.465032: sched_switch: prev_comm=tailscaled prev_pid=419 prev_prio=120 prev_state=S ==> next_comm=swapper/2 next_pid=0 next_prio=120
          <idle>-0     [002] dnh.  2117.465102: sched_wakeup: comm=tailscaled pid=419 prio=120 target_cpu=002
          <idle>-0     [002] d...  2117.465111: sched_switch: prev_comm=swapper/2 prev_pid=0 prev_prio=120 prev_state=R ==> next_comm=tailscaled next_pid=419 next_prio=120
      tailscaled-419   [002] d...  2117.465127: sched_switch: prev_comm=tailscaled prev_pid=419 prev_prio=120 prev_state=S ==> next_comm=swapper/2 next_pid=0 next_prio=120
          <idle>-0     [002] dnh.  2117.465198: sched_wakeup: comm=tailscaled pid=419 prio=120 target_cpu=002
          <idle>-0     [002] d...  2117.465207: sched_switch: prev_comm=swapper/2 prev_pid=0 prev_prio=120 prev_state=R ==> next_comm=tailscaled next_pid=419 next_prio=120
      tailscaled-419   [002] d...  2117.465223: sched_switch: prev_comm=tailscaled prev_pid=419 prev_prio=120 prev_state=S ==> next_comm=swapper/2 next_pid=0 next_prio=120
          <idle>-0     [002] dnh.  2117.465295: sched_wakeup: comm=tailscaled pid=419 prio=120 target_cpu=002
          <idle>-0     [002] d...  2117.465304: sched_switch: prev_comm=swapper/2 prev_pid=0 prev_prio=120 prev_state=R ==> next_comm=tailscaled next_pid=419 next_prio=120
      tailscaled-419   [002] d...  2117.465320: sched_switch: prev_comm=tailscaled prev_pid=419 prev_prio=120 prev_state=S ==> next_comm=swapper/2 next_pid=0 next_prio=120
          <idle>-0     [000] dnh.  2117.465382: sched_wakeup: comm=lxterminal pid=1127 prio=120 target_cpu=000
          <idle>-0     [002] dnh.  2117.465391: sched_wakeup: comm=tailscaled pid=419 prio=120 target_cpu=002
          <idle>-0     [000] d...  2117.465396: sched_switch: prev_comm=swapper/0 prev_pid=0 prev_prio=120 prev_state=R ==> next_comm=lxterminal next_pid=1127 next_prio=120
          <idle>-0     [002] d...  2117.465400: sched_switch: prev_comm=swapper/2 prev_pid=0 prev_prio=120 prev_state=R ==> next_comm=tailscaled next_pid=419 next_prio=120
      tailscaled-419   [002] d...  2117.465416: sched_switch: prev_comm=tailscaled prev_pid=419 prev_prio=120 prev_state=S ==> next_comm=swapper/2 next_pid=0 next_prio=120
          <idle>-0     [002] dnh.  2117.465487: sched_wakeup: comm=tailscaled pid=419 prio=120 target_cpu=002
          <idle>-0     [002] d...  2117.465496: sched_switch: prev_comm=swapper/2 prev_pid=0 prev_prio=120 prev_state=R ==> next_comm=tailscaled next_pid=419 next_prio=120
      tailscaled-419   [002] d...  2117.465512: sched_switch: prev_comm=tailscaled prev_pid=419 prev_prio=120 prev_state=S ==> next_comm=swapper/2 next_pid=0 next_prio=120
          <idle>-0     [002] dnh.  2117.465603: sched_wakeup: comm=tailscaled pid=419 prio=120 target_cpu=002
          <idle>-0     [002] d...  2117.465612: sched_switch: prev_comm=swapper/2 prev_pid=0 prev_prio=120 prev_state=R ==> next_comm=tailscaled next_pid=419 next_prio=120
      tailscaled-419   [002] d...  2117.465628: sched_switch: prev_comm=tailscaled prev_pid=419 prev_prio=120 prev_state=S ==> next_comm=swapper/2 next_pid=0 next_prio=120
          <idle>-0     [002] dnh.  2117.465760: sched_wakeup: comm=tailscaled pid=419 prio=120 target_cpu=002
          <idle>-0     [002] d...  2117.465768: sched_switch: prev_comm=swapper/2 prev_pid=0 prev_prio=120 prev_state=R ==> next_comm=tailscaled next_pid=419 next_prio=120
      tailscaled-419   [002] d...  2117.465785: sched_switch: prev_comm=tailscaled prev_pid=419 prev_prio=120 prev_state=S ==> next_comm=swapper/2 next_pid=0 next_prio=120
          <idle>-0     [002] dnh.  2117.465996: sched_wakeup: comm=tailscaled pid=419 prio=120 target_cpu=002
          <idle>-0     [002] d...  2117.466004: sched_switch: prev_comm=swapper/2 prev_pid=0 prev_prio=120 prev_state=R ==> next_comm=tailscaled next_pid=419 next_prio=120
      tailscaled-419   [002] d...  2117.466021: sched_switch: prev_comm=tailscaled prev_pid=419 prev_prio=120 prev_state=S ==> next_comm=swapper/2 next_pid=0 next_prio=120
          <idle>-0     [002] dnh.  2117.466395: sched_wakeup: comm=tailscaled pid=419 prio=120 target_cpu=002
          <idle>-0     [002] d...  2117.466404: sched_switch: prev_comm=swapper/2 prev_pid=0 prev_prio=120 prev_state=R ==> next_comm=tailscaled next_pid=419 next_prio=120
      tailscaled-419   [002] d...  2117.466420: sched_switch: prev_comm=tailscaled prev_pid=419 prev_prio=120 prev_state=S ==> next_comm=swapper/2 next_pid=0 next_prio=120
          <idle>-0     [002] dnh.  2117.467112: sched_wakeup: comm=tailscaled pid=419 prio=120 target_cpu=002
          <idle>-0     [002] d...  2117.467120: sched_switch: prev_comm=swapper/2 prev_pid=0 prev_prio=120 prev_state=R ==> next_comm=tailscaled next_pid=419 next_prio=120
      tailscaled-419   [002] d...  2117.467137: sched_switch: prev_comm=tailscaled prev_pid=419 prev_prio=120 prev_state=S ==> next_comm=swapper/2 next_pid=0 next_prio=120
          <idle>-0     [002] dnh.  2117.468132: sched_wakeup: comm=rcu_sched pid=10 prio=120 target_cpu=002
            Xorg-491   [003] d...  2117.468135: sched_switch: prev_comm=Xorg prev_pid=491 prev_prio=120 prev_state=R ==> next_comm=tailscaled next_pid=351 next_prio=120
          <idle>-0     [002] d...  2117.468142: sched_switch: prev_comm=swapper/2 prev_pid=0 prev_prio=120 prev_state=R ==> next_comm=rcu_sched next_pid=10 next_prio=120
       rcu_sched-10    [002] d...  2117.468178: sched_switch: prev_comm=rcu_sched prev_pid=10 prev_prio=120 prev_state=I ==> next_comm=swapper/2 next_pid=0 next_prio=120
      tailscaled-351   [003] d...  2117.468230: sched_switch: prev_comm=tailscaled prev_pid=351 prev_prio=120 prev_state=S ==> next_comm=vncserver-x11-c next_pid=452 next_prio=120
          <idle>-0     [002] dnh.  2117.468472: sched_wakeup: comm=tailscaled pid=419 prio=120 target_cpu=002
          <idle>-0     [002] d...  2117.468481: sched_switch: prev_comm=swapper/2 prev_pid=0 prev_prio=120 prev_state=R ==> next_comm=tailscaled next_pid=419 next_prio=120
      tailscaled-419   [002] d...  2117.468509: sched_switch: prev_comm=tailscaled prev_pid=419 prev_prio=120 prev_state=S ==> next_comm=swapper/2 next_pid=0 next_prio=120
 vncserver-x11-c-452   [003] d...  2117.468555: sched_switch: prev_comm=vncserver-x11-c prev_pid=452 prev_prio=120 prev_state=S ==> next_comm=vncagent next_pid=513 next_prio=120
        vncagent-513   [003] d...  2117.468703: sched_switch: prev_comm=vncagent prev_pid=513 prev_prio=120 prev_state=S ==> next_comm=Xorg next_pid=491 next_prio=120
      lxterminal-1127  [000] d...  2117.469380: sched_switch: prev_comm=lxterminal prev_pid=1127 prev_prio=120 prev_state=S ==> next_comm=swapper/0 next_pid=0 next_prio=120
          <idle>-0     [000] dnh.  2117.469402: sched_wakeup: comm=lxterminal pid=1127 prio=120 target_cpu=000
          <idle>-0     [000] d...  2117.469412: sched_switch: prev_comm=swapper/0 prev_pid=0 prev_prio=120 prev_state=R ==> next_comm=lxterminal next_pid=1127 next_prio=120
      lxterminal-1127  [000] d...  2117.470914: sched_switch: prev_comm=lxterminal prev_pid=1127 prev_prio=120 prev_state=S ==> next_comm=swapper/0 next_pid=0 next_prio=120
            Xorg-491   [003] dn..  2117.474544: sched_wakeup: comm=vncagent pid=513 prio=120 target_cpu=003
            Xorg-491   [003] d...  2117.474576: sched_switch: prev_comm=Xorg prev_pid=491 prev_prio=120 prev_state=R ==> next_comm=vncagent next_pid=513 next_prio=120
        vncagent-513   [003] d...  2117.474767: sched_switch: prev_comm=vncagent prev_pid=513 prev_prio=120 prev_state=S ==> next_comm=Xorg next_pid=491 next_prio=120
            Xorg-491   [003] d...  2117.475980: sched_switch: prev_comm=Xorg prev_pid=491 prev_prio=120 prev_state=S ==> next_comm=swapper/3 next_pid=0 next_prio=120
          <idle>-0     [003] dnh.  2117.476806: sched_wakeup: comm=vncagent pid=513 prio=120 target_cpu=003
          <idle>-0     [003] d...  2117.476819: sched_switch: prev_comm=swapper/3 prev_pid=0 prev_prio=120 prev_state=R ==> next_comm=vncagent next_pid=513 next_prio=120
        vncagent-513   [003] d...  2117.476889: sched_wakeup: comm=Xorg pid=491 prio=120 target_cpu=003
        vncagent-513   [003] d...  2117.476918: sched_switch: prev_comm=vncagent prev_pid=513 prev_prio=120 prev_state=S ==> next_comm=Xorg next_pid=491 next_prio=120
            Xorg-491   [003] dn..  2117.476983: sched_wakeup: comm=vncagent pid=513 prio=120 target_cpu=003
            Xorg-491   [003] d...  2117.476994: sched_switch: prev_comm=Xorg prev_pid=491 prev_prio=120 prev_state=R ==> next_comm=vncagent next_pid=513 next_prio=120
