         lxpanel-685   [003] ....   104.265935: kfree: call_site=8071b8b8 caller(___sys_recvmsg+0x140/0x170) ptr=  (null)
            Xorg-546   [000] ....   104.265937: kfree: call_site=802cfc00 caller(vfs_writev+0xa0/0xe4) ptr=  (null)
         lxpanel-685   [003] ....   104.265953: kfree: call_site=8071b8b8 caller(___sys_recvmsg+0x140/0x170) ptr=  (null)
         lxpanel-685   [003] ....   104.265958: kfree: call_site=8071b8b8 caller(___sys_recvmsg+0x140/0x170) ptr=  (null)
      tailscaled-522   [001] ....   104.266019: kmalloc: call_site=80726764 caller(__alloc_skb+0x78/0x160) ptr=9ff93bf1 bytes_req=384 bytes_alloc=512 gfp_flags=GFP_KERNEL|__GFP_NOWARN|__GFP_NOMEMALLOC
         lxpanel-685   [003] ....   104.266032: kfree: call_site=8071b8b8 caller(___sys_recvmsg+0x140/0x170) ptr=  (null)
         lxpanel-685   [003] ....   104.266036: kfree: call_site=8071b8b8 caller(___sys_recvmsg+0x140/0x170) ptr=  (null)
         lxpanel-685   [003] ....   104.266045: kfree: call_site=8071b8b8 caller(___sys_recvmsg+0x140/0x170) ptr=  (null)
         lxpanel-685   [003] ....   104.266048: kfree: call_site=8071b8b8 caller(___sys_recvmsg+0x140/0x170) ptr=  (null)
       lxsession-623   [003] ....   104.266105: kfree: call_site=80723a38 caller(skb_free_head+0x30/0x34) ptr=25c975f5
       lxsession-623   [003] ....   104.266107: kfree: call_site=8071b8b8 caller(___sys_recvmsg+0x140/0x170) ptr=  (null)
       lxsession-623   [003] ....   104.266119: kfree: call_site=8071b8b8 caller(___sys_recvmsg+0x140/0x170) ptr=  (null)
       lxsession-623   [003] ....   104.266123: kfree: call_site=8071b8b8 caller(___sys_recvmsg+0x140/0x170) ptr=  (null)
       lxsession-623   [003] ....   104.266132: kfree: call_site=8071b8b8 caller(___sys_recvmsg+0x140/0x170) ptr=  (null)
       lxsession-623   [003] ....   104.266137: kfree: call_site=8071b8b8 caller(___sys_recvmsg+0x140/0x170) ptr=  (null)
       lxsession-623   [003] ....   104.266146: kfree: call_site=8071b8b8 caller(___sys_recvmsg+0x140/0x170) ptr=  (null)
       lxsession-623   [003] ....   104.266149: kfree: call_site=8071b8b8 caller(___sys_recvmsg+0x140/0x170) ptr=  (null)
       lxsession-623   [003] ....   104.266152: kfree: call_site=8071b8b8 caller(___sys_recvmsg+0x140/0x170) ptr=  (null)
       lxsession-623   [003] ....   104.266155: kfree: call_site=8071b8b8 caller(___sys_recvmsg+0x140/0x170) ptr=  (null)
        vncagent-550   [003] ....   104.266179: kfree: call_site=80723a38 caller(skb_free_head+0x30/0x34) ptr=668b3ec3
        vncagent-550   [003] ....   104.266181: kfree: call_site=8071b8b8 caller(___sys_recvmsg+0x140/0x170) ptr=  (null)
 vncserver-x11-c-451   [000] ....   104.266301: kfree: call_site=80723a38 caller(skb_free_head+0x30/0x34) ptr=9ff93bf1
 vncserver-x11-c-451   [000] ....   104.266308: kmalloc: call_site=80726764 caller(__alloc_skb+0x78/0x160) ptr=9be5a952 bytes_req=512 bytes_alloc=512 gfp_flags=GFP_ATOMIC|__GFP_NOWARN|__GFP_NOMEMALLOC
 vncserver-x11-c-451   [000] ....   104.266419: kmalloc: call_site=80726764 caller(__alloc_skb+0x78/0x160) ptr=7401dc6a bytes_req=256 bytes_alloc=256 gfp_flags=GFP_KERNEL_ACCOUNT|__GFP_NOWARN|__GFP_NOMEMALLOC
      tailscaled-535   [003] ....   104.266445: kfree: call_site=80723a38 caller(skb_free_head+0x30/0x34) ptr=9be5a952
      tailscaled-525   [000] ....   104.266748: kmalloc: call_site=80726764 caller(__alloc_skb+0x78/0x160) ptr=d23e43c0 bytes_req=384 bytes_alloc=512 gfp_flags=GFP_KERNEL|__GFP_NOWARN|__GFP_NOMEMALLOC
      tailscaled-525   [000] ....   104.266759: kfree: call_site=8079d578 caller(__ip_make_skb+0x2fc/0x3e4) ptr=  (null)
      tailscaled-525   [000] ....   104.266817: kfree: call_site=8071b63c caller(___sys_sendmsg+0x114/0x250) ptr=  (null)
    kworker/u8:1-45    [003] ....   104.266925: kfree: call_site=80723a38 caller(skb_free_head+0x30/0x34) ptr=d23e43c0
            Xorg-546   [000] ....   104.267784: kmalloc: call_site=80726764 caller(__alloc_skb+0x78/0x160) ptr=77b02d73 bytes_req=256 bytes_alloc=256 gfp_flags=GFP_KERNEL_ACCOUNT|__GFP_NOWARN|__GFP_NOMEMALLOC
            Xorg-546   [000] ....   104.267792: kfree: call_site=802cfc00 caller(vfs_writev+0xa0/0xe4) ptr=  (null)
            Xorg-546   [000] ....   104.267798: kmalloc: call_site=80726764 caller(__alloc_skb+0x78/0x160) ptr=9374a7e9 bytes_req=256 bytes_alloc=256 gfp_flags=GFP_KERNEL_ACCOUNT|__GFP_NOWARN|__GFP_NOMEMALLOC
            Xorg-546   [000] ....   104.267801: kfree: call_site=802cfc00 caller(vfs_writev+0xa0/0xe4) ptr=  (null)
            Xorg-546   [000] ....   104.267805: kmalloc: call_site=80726764 caller(__alloc_skb+0x78/0x160) ptr=e4e781db bytes_req=256 bytes_alloc=256 gfp_flags=GFP_KERNEL_ACCOUNT|__GFP_NOWARN|__GFP_NOMEMALLOC
            Xorg-546   [000] ....   104.267808: kfree: call_site=802cfc00 caller(vfs_writev+0xa0/0xe4) ptr=  (null)
            Xorg-546   [000] ....   104.267812: kmalloc: call_site=80726764 caller(__alloc_skb+0x78/0x160) ptr=b9f29d43 bytes_req=256 bytes_alloc=256 gfp_flags=GFP_KERNEL_ACCOUNT|__GFP_NOWARN|__GFP_NOMEMALLOC
        vncagent-550   [003] ....   104.267813: kfree: call_site=80723a38 caller(skb_free_head+0x30/0x34) ptr=77b02d73
            Xorg-546   [000] ....   104.267816: kfree: call_site=802cfc00 caller(vfs_writev+0xa0/0xe4) ptr=  (null)
        vncagent-550   [003] ....   104.267817: kfree: call_site=80723a38 caller(skb_free_head+0x30/0x34) ptr=9374a7e9
            Xorg-546   [000] ....   104.267820: kmalloc: call_site=80726764 caller(__alloc_skb+0x78/0x160) ptr=1f50c22e bytes_req=256 bytes_alloc=256 gfp_flags=GFP_KERNEL_ACCOUNT|__GFP_NOWARN|__GFP_NOMEMALLOC
        vncagent-550   [003] ....   104.267821: kfree: call_site=80723a38 caller(skb_free_head+0x30/0x34) ptr=e4e781db
            Xorg-546   [000] ....   104.267823: kfree: call_site=802cfc00 caller(vfs_writev+0xa0/0xe4) ptr=  (null)
        vncagent-550   [003] ....   104.267824: kfree: call_site=80723a38 caller(skb_free_head+0x30/0x34) ptr=b9f29d43
        vncagent-550   [003] ....   104.267827: kfree: call_site=80723a38 caller(skb_free_head+0x30/0x34) ptr=1f50c22e
        vncagent-550   [003] ....   104.267829: kfree: call_site=8071b8b8 caller(___sys_recvmsg+0x140/0x170) ptr=  (null)
            Xorg-546   [000] ....   104.267911: kmalloc: call_site=80726764 caller(__alloc_skb+0x78/0x160) ptr=983c5731 bytes_req=256 bytes_alloc=256 gfp_flags=GFP_KERNEL_ACCOUNT|__GFP_NOWARN|__GFP_NOMEMALLOC
            Xorg-546   [000] ....   104.267917: kfree: call_site=802cfc00 caller(vfs_writev+0xa0/0xe4) ptr=  (null)
            Xorg-546   [000] ....   104.267922: kfree: call_site=8071b8b8 caller(___sys_recvmsg+0x140/0x170) ptr=  (null)
         openbox-680   [001] ....   104.267942: kfree: call_site=80723a38 caller(skb_free_head+0x30/0x34) ptr=983c5731
         openbox-680   [001] ....   104.267945: kfree: call_site=8071b8b8 caller(___sys_recvmsg+0x140/0x170) ptr=  (null)
         openbox-680   [001] ....   104.267978: kfree: call_site=8071b8b8 caller(___sys_recvmsg+0x140/0x170) ptr=  (null)
         openbox-680   [001] ....   104.267984: kfree: call_site=8071b8b8 caller(___sys_recvmsg+0x140/0x170) ptr=  (null)
         openbox-680   [001] ....   104.268008: kfree: call_site=8071b8b8 caller(___sys_recvmsg+0x140/0x170) ptr=  (null)
         openbox-680   [001] ....   104.268011: kfree: call_site=8071b8b8 caller(___sys_recvmsg+0x140/0x170) ptr=  (null)
            Xorg-546   [000] ....   104.268018: kmalloc: call_site=80726764 caller(__alloc_skb+0x78/0x160) ptr=9a1440d9 bytes_req=256 bytes_alloc=256 gfp_flags=GFP_KERNEL_ACCOUNT|__GFP_NOWARN|__GFP_NOMEMALLOC
            Xorg-546   [000] ....   104.268023: kfree: call_site=802cfc00 caller(vfs_writev+0xa0/0xe4) ptr=  (null)
         openbox-680   [001] ....   104.268023: kfree: call_site=8071b8b8 caller(___sys_recvmsg+0x140/0x170) ptr=  (null)
         openbox-680   [001] ....   104.268026: kfree: call_site=8071b8b8 caller(___sys_recvmsg+0x140/0x170) ptr=  (null)
            Xorg-546   [000] ....   104.268029: kmalloc: call_site=80726764 caller(__alloc_skb+0x78/0x160) ptr=983c5731 bytes_req=256 bytes_alloc=256 gfp_flags=GFP_KERNEL_ACCOUNT|__GFP_NOWARN|__GFP_NOMEMALLOC
         openbox-680   [001] ....   104.268030: kfree: call_site=8071b8b8 caller(___sys_recvmsg+0x140/0x170) ptr=  (null)
            Xorg-546   [000] ....   104.268031: kfree: call_site=802cfc00 caller(vfs_writev+0xa0/0xe4) ptr=  (null)
         openbox-680   [001] ....   104.268033: kfree: call_site=8071b8b8 caller(___sys_recvmsg+0x140/0x170) ptr=  (null)
        vncagent-550   [003] ....   104.268034: kfree: call_site=80723a38 caller(skb_free_head+0x30/0x34) ptr=9a1440d9
            Xorg-546   [000] ....   104.268036: kmalloc: call_site=80726764 caller(__alloc_skb+0x78/0x160) ptr=1f50c22e bytes_req=256 bytes_alloc=256 gfp_flags=GFP_KERNEL_ACCOUNT|__GFP_NOWARN|__GFP_NOMEMALLOC
        vncagent-550   [003] ....   104.268037: kfree: call_site=80723a38 caller(skb_free_head+0x30/0x34) ptr=983c5731
            Xorg-546   [000] ....   104.268038: kfree: call_site=802cfc00 caller(vfs_writev+0xa0/0xe4) ptr=  (null)
        vncagent-550   [003] ....   104.268040: kfree: call_site=80723a38 caller(skb_free_head+0x30/0x34) ptr=1f50c22e
        vncagent-550   [003] ....   104.268042: kfree: call_site=8071b8b8 caller(___sys_recvmsg+0x140/0x170) ptr=  (null)
            Xorg-546   [000] ....   104.268043: kmalloc: call_site=80726764 caller(__alloc_skb+0x78/0x160) ptr=b9f29d43 bytes_req=256 bytes_alloc=256 gfp_flags=GFP_KERNEL_ACCOUNT|__GFP_NOWARN|__GFP_NOMEMALLOC
            Xorg-546   [000] ....   104.268045: kfree: call_site=802cfc00 caller(vfs_writev+0xa0/0xe4) ptr=  (null)
            Xorg-546   [000] ....   104.268049: kmalloc: call_site=80726764 caller(__alloc_skb+0x78/0x160) ptr=e4e781db bytes_req=256 bytes_alloc=256 gfp_flags=GFP_KERNEL_ACCOUNT|__GFP_NOWARN|__GFP_NOMEMALLOC
            Xorg-546   [000] ....   104.268051: kfree: call_site=802cfc00 caller(vfs_writev+0xa0/0xe4) ptr=  (null)
        vncagent-550   [003] ....   104.268054: kfree: call_site=80723a38 caller(skb_free_head+0x30/0x34) ptr=b9f29d43
        vncagent-550   [003] ....   104.268057: kfree: call_site=80723a38 caller(skb_free_head+0x30/0x34) ptr=e4e781db
        vncagent-550   [003] ....   104.268059: kfree: call_site=8071b8b8 caller(___sys_recvmsg+0x140/0x170) ptr=  (null)
            Xorg-546   [000] ....   104.268165: kfree: call_site=80723a38 caller(skb_free_head+0x30/0x34) ptr=2c3913eb
            Xorg-546   [000] ....   104.268168: kfree: call_site=8071b8b8 caller(___sys_recvmsg+0x140/0x170) ptr=  (null)
      tailscaled-522   [001] ....   104.268998: kfree: call_site=8071b8b8 caller(___sys_recvmsg+0x140/0x170) ptr=  (null)
      tailscaled-522   [001] ....   104.269002: kfree: call_site=8071b8b8 caller(___sys_recvmsg+0x140/0x170) ptr=  (null)
      tailscaled-522   [001] ....   104.269173: kfree: call_site=8071b8b8 caller(___sys_recvmsg+0x140/0x170) ptr=  (null)
      tailscaled-522   [001] ....   104.269355: kmalloc: call_site=80726764 caller(__alloc_skb+0x78/0x160) ptr=fffdaa2d bytes_req=384 bytes_alloc=512 gfp_flags=GFP_KERNEL|__GFP_NOWARN|__GFP_NOMEMALLOC
 vncserver-x11-c-451   [000] ....   104.269495: kfree: call_site=80723a38 caller(skb_free_head+0x30/0x34) ptr=fffdaa2d
 vncserver-x11-c-451   [000] ....   104.269555: kmalloc: call_site=80726764 caller(__alloc_skb+0x78/0x160) ptr=4d0c7da4 bytes_req=256 bytes_alloc=256 gfp_flags=GFP_KERNEL_ACCOUNT|__GFP_NOWARN|__GFP_NOMEMALLOC
            Xorg-546   [000] ....   104.271592: kmalloc: call_site=80726764 caller(__alloc_skb+0x78/0x160) ptr=9374a7e9 bytes_req=256 bytes_alloc=256 gfp_flags=GFP_KERNEL_ACCOUNT|__GFP_NOWARN|__GFP_NOMEMALLOC
            Xorg-546   [000] ....   104.271616: kfree: call_site=802cfc00 caller(vfs_writev+0xa0/0xe4) ptr=  (null)
            Xorg-546   [000] ....   104.271630: kfree: call_site=8071b8b8 caller(___sys_recvmsg+0x140/0x170) ptr=  (null)
        vncagent-550   [003] ....   104.271668: kfree: call_site=80723a38 caller(skb_free_head+0x30/0x34) ptr=9374a7e9
        vncagent-550   [003] ....   104.271673: kfree: call_site=8071b8b8 caller(___sys_recvmsg+0x140/0x170) ptr=  (null)
        vncagent-550   [003] ....   104.271757: kmalloc: call_site=80726764 caller(__alloc_skb+0x78/0x160) ptr=3d8fda3e bytes_req=384 bytes_alloc=512 gfp_flags=GFP_KERNEL_ACCOUNT|__GFP_NOWARN|__GFP_NOMEMALLOC
        vncagent-550   [003] ....   104.271792: kfree: call_site=80723a38 caller(skb_free_head+0x30/0x34) ptr=7401dc6a
        vncagent-550   [003] ....   104.271797: kfree: call_site=80723a38 caller(skb_free_head+0x30/0x34) ptr=4d0c7da4
 vncserver-x11-c-451   [000] ....   104.271857: kfree: call_site=80723a38 caller(skb_free_head+0x30/0x34) ptr=3d8fda3e
        vncagent-550   [003] ....   104.271902: kmalloc: call_site=80726764 caller(__alloc_skb+0x78/0x160) ptr=11b4aa9b bytes_req=320 bytes_alloc=512 gfp_flags=GFP_KERNEL_ACCOUNT|__GFP_NOWARN|__GFP_NOMEMALLOC
        vncagent-550   [003] ....   104.271908: kfree: call_site=802cfc00 caller(vfs_writev+0xa0/0xe4) ptr=  (null)
        vncagent-550   [003] ....   104.271914: kfree: call_site=8071b8b8 caller(___sys_recvmsg+0x140/0x170) ptr=  (null)
        vncagent-550   [003] ....   104.271918: kfree: call_site=8071b8b8 caller(___sys_recvmsg+0x140/0x170) ptr=  (null)
        vncagent-550   [003] ....   104.271946: kmalloc: call_site=80726764 caller(__alloc_skb+0x78/0x160) ptr=c44dae2f bytes_req=256 bytes_alloc=256 gfp_flags=GFP_KERNEL_ACCOUNT|__GFP_NOWARN|__GFP_NOMEMALLOC
        vncagent-550   [003] ....   104.271949: kfree: call_site=802cfc00 caller(vfs_writev+0xa0/0xe4) ptr=  (null)
            Xorg-546   [001] ....   104.272875: kfree: call_site=80723a38 caller(skb_free_head+0x30/0x34) ptr=11b4aa9b
            Xorg-546   [001] ....   104.272881: kfree: call_site=80723a38 caller(skb_free_head+0x30/0x34) ptr=c44dae2f
            Xorg-546   [001] ....   104.272884: kfree: call_site=8071b8b8 caller(___sys_recvmsg+0x140/0x170) ptr=  (null)
            Xorg-546   [001] ....   104.273072: kmalloc: call_site=80726764 caller(__alloc_skb+0x78/0x160) ptr=dcf5603f bytes_req=256 bytes_alloc=256 gfp_flags=GFP_KERNEL_ACCOUNT|__GFP_NOWARN|__GFP_NOMEMALLOC
            Xorg-546   [001] ....   104.273086: kfree: call_site=802cfc00 caller(vfs_writev+0xa0/0xe4) ptr=  (null)
      tailscaled-535   [003] ....   104.273215: kfree: call_site=8071b8b8 caller(___sys_recvmsg+0x140/0x170) ptr=  (null)
      tailscaled-535   [003] ....   104.273218: kfree: call_site=8071b8b8 caller(___sys_recvmsg+0x140/0x170) ptr=  (null)
            Xorg-546   [001] ....   104.273339: kmalloc: call_site=80726764 caller(__alloc_skb+0x78/0x160) ptr=61f20db3 bytes_req=256 bytes_alloc=256 gfp_flags=GFP_KERNEL_ACCOUNT|__GFP_NOWARN|__GFP_NOMEMALLOC
            Xorg-546   [001] ....   104.273345: kfree: call_site=802cfc00 caller(vfs_writev+0xa0/0xe4) ptr=  (null)
      tailscaled-535   [003] ....   104.273466: kfree: call_site=8071b8b8 caller(___sys_recvmsg+0x140/0x170) ptr=  (null)
            Xorg-546   [001] ....   104.273467: kmalloc: call_site=80726764 caller(__alloc_skb+0x78/0x160) ptr=7d98b69a bytes_req=256 bytes_alloc=256 gfp_flags=GFP_KERNEL_ACCOUNT|__GFP_NOWARN|__GFP_NOMEMALLOC
            Xorg-546   [001] ....   104.273474: kfree: call_site=802cfc00 caller(vfs_writev+0xa0/0xe4) ptr=  (null)
            Xorg-546   [001] ....   104.273482: kfree: call_site=8071b8b8 caller(___sys_recvmsg+0x140/0x170) ptr=  (null)
        vncagent-550   [003] ....   104.273501: kfree: call_site=80723a38 caller(skb_free_head+0x30/0x34) ptr=7d98b69a
        vncagent-550   [003] ....   104.273506: kfree: call_site=8071b8b8 caller(___sys_recvmsg+0x140/0x170) ptr=  (null)
         openbox-680   [001] ....   104.273547: kfree: call_site=80723a38 caller(skb_free_head+0x30/0x34) ptr=dcf5603f
         openbox-680   [001] ....   104.273550: kfree: call_site=80723a38 caller(skb_free_head+0x30/0x34) ptr=61f20db3
         openbox-680   [001] ....   104.273552: kfree: call_site=8071b8b8 caller(___sys_recvmsg+0x140/0x170) ptr=  (null)
        vncagent-550   [003] ....   104.273556: kmalloc: call_site=80726764 caller(__alloc_skb+0x78/0x160) ptr=f7cac79b bytes_req=256 bytes_alloc=256 gfp_flags=GFP_KERNEL_ACCOUNT|__GFP_NOWARN|__GFP_NOMEMALLOC
         openbox-680   [001] ....   104.273569: kfree: call_site=8071b8b8 caller(___sys_recvmsg+0x140/0x170) ptr=  (null)
         openbox-680   [001] ....   104.273573: kfree: call_site=8071b8b8 caller(___sys_recvmsg+0x140/0x170) ptr=  (null)
        vncagent-550   [003] ....   104.273579: kfree: call_site=8071b8b8 caller(___sys_recvmsg+0x140/0x170) ptr=  (null)
        vncagent-550   [003] ....   104.273582: kfree: call_site=8071b8b8 caller(___sys_recvmsg+0x140/0x170) ptr=  (null)
        vncagent-550   [003] ....   104.273606: kfree: call_site=8071b8b8 caller(___sys_recvmsg+0x140/0x170) ptr=  (null)
        vncagent-550   [003] ....   104.273608: kfree: call_site=8071b8b8 caller(___sys_recvmsg+0x140/0x170) ptr=  (null)
         openbox-680   [001] ....   104.273613: kfree: call_site=8071b8b8 caller(___sys_recvmsg+0x140/0x170) ptr=  (null)
         openbox-680   [001] ....   104.273616: kfree: call_site=8071b8b8 caller(___sys_recvmsg+0x140/0x170) ptr=  (null)
         openbox-680   [001] ....   104.273624: kfree: call_site=8071b8b8 caller(___sys_recvmsg+0x140/0x170) ptr=  (null)
         openbox-680   [001] ....   104.273626: kfree: call_site=8071b8b8 caller(___sys_recvmsg+0x140/0x170) ptr=  (null)
         openbox-680   [001] ....   104.273684: kmalloc: call_site=80726764 caller(__alloc_skb+0x78/0x160) ptr=3726d4c7 bytes_req=448 bytes_alloc=512 gfp_flags=GFP_KERNEL_ACCOUNT|__GFP_NOWARN|__GFP_NOMEMALLOC
         openbox-680   [001] ....   104.273696: kfree: call_site=802cfc00 caller(vfs_writev+0xa0/0xe4) ptr=  (null)
         openbox-680   [001] ....   104.273702: kfree: call_site=8071b8b8 caller(___sys_recvmsg+0x140/0x170) ptr=  (null)
         openbox-680   [001] ....   104.273704: kfree: call_site=8071b8b8 caller(___sys_recvmsg+0x140/0x170) ptr=  (null)
         openbox-680   [001] ....   104.273718: kmalloc: call_site=80726764 caller(__alloc_skb+0x78/0x160) ptr=f69cc6fb bytes_req=256 bytes_alloc=256 gfp_flags=GFP_KERNEL_ACCOUNT|__GFP_NOWARN|__GFP_NOMEMALLOC
         openbox-680   [001] ....   104.273722: kfree: call_site=802cfc00 caller(vfs_writev+0xa0/0xe4) ptr=  (null)
            Xorg-546   [001] ....   104.273765: kfree: call_site=80723a38 caller(skb_free_head+0x30/0x34) ptr=3726d4c7
            Xorg-546   [001] ....   104.273769: kfree: call_site=80723a38 caller(skb_free_head+0x30/0x34) ptr=f69cc6fb
            Xorg-546   [001] ....   104.273770: kfree: call_site=8071b8b8 caller(___sys_recvmsg+0x140/0x170) ptr=  (null)
            Xorg-546   [001] ....   104.273821: kmalloc: call_site=80726764 caller(__alloc_skb+0x78/0x160) ptr=61f20db3 bytes_req=256 bytes_alloc=256 gfp_flags=GFP_KERNEL_ACCOUNT|__GFP_NOWARN|__GFP_NOMEMALLOC
            Xorg-546   [001] ....   104.273828: kfree: call_site=802cfc00 caller(vfs_writev+0xa0/0xe4) ptr=  (null)
            Xorg-546   [001] ....   104.273838: kmalloc: call_site=80726764 caller(__alloc_skb+0x78/0x160) ptr=dcf5603f bytes_req=256 bytes_alloc=256 gfp_flags=GFP_KERNEL_ACCOUNT|__GFP_NOWARN|__GFP_NOMEMALLOC
            Xorg-546   [001] ....   104.273848: kfree: call_site=802cfc00 caller(vfs_writev+0xa0/0xe4) ptr=  (null)
            Xorg-546   [001] ....   104.273856: kmalloc: call_site=80726764 caller(__alloc_skb+0x78/0x160) ptr=9832bed9 bytes_req=256 bytes_alloc=256 gfp_flags=GFP_KERNEL_ACCOUNT|__GFP_NOWARN|__GFP_NOMEMALLOC
            Xorg-546   [001] ....   104.273861: kfree: call_site=802cfc00 caller(vfs_writev+0xa0/0xe4) ptr=  (null)
         lxpanel-685   [003] ....   104.273894: kfree: call_site=80723a38 caller(skb_free_head+0x30/0x34) ptr=61f20db3
         lxpanel-685   [003] ....   104.273898: kfree: call_site=8071b8b8 caller(___sys_recvmsg+0x140/0x170) ptr=  (null)
         lxpanel-685   [003] ....   104.273911: kfree: call_site=8071b8b8 caller(___sys_recvmsg+0x140/0x170) ptr=  (null)
         lxpanel-685   [003] ....   104.273914: kfree: call_site=8071b8b8 caller(___sys_recvmsg+0x140/0x170) ptr=  (null)
         lxpanel-685   [003] ....   104.273980: kfree: call_site=8071b8b8 caller(___sys_recvmsg+0x140/0x170) ptr=  (null)
         lxpanel-685   [003] ....   104.273983: kfree: call_site=8071b8b8 caller(___sys_recvmsg+0x140/0x170) ptr=  (null)
         lxpanel-685   [003] ....   104.273993: kfree: call_site=8071b8b8 caller(___sys_recvmsg+0x140/0x170) ptr=  (null)
         lxpanel-685   [003] ....   104.273996: kfree: call_site=8071b8b8 caller(___sys_recvmsg+0x140/0x170) ptr=  (null)
       lxsession-623   [003] ....   104.274052: kfree: call_site=80723a38 caller(skb_free_head+0x30/0x34) ptr=dcf5603f
       lxsession-623   [003] ....   104.274055: kfree: call_site=8071b8b8 caller(___sys_recvmsg+0x140/0x170) ptr=  (null)
       lxsession-623   [003] ....   104.274066: kfree: call_site=8071b8b8 caller(___sys_recvmsg+0x140/0x170) ptr=  (null)
       lxsession-623   [003] ....   104.274069: kfree: call_site=8071b8b8 caller(___sys_recvmsg+0x140/0x170) ptr=  (null)
       lxsession-623   [003] ....   104.274079: kfree: call_site=8071b8b8 caller(___sys_recvmsg+0x140/0x170) ptr=  (null)
       lxsession-623   [003] ....   104.274082: kfree: call_site=8071b8b8 caller(___sys_recvmsg+0x140/0x170) ptr=  (null)
       lxsession-623   [003] ....   104.274091: kfree: call_site=8071b8b8 caller(___sys_recvmsg+0x140/0x170) ptr=  (null)
       lxsession-623   [003] ....   104.274094: kfree: call_site=8071b8b8 caller(___sys_recvmsg+0x140/0x170) ptr=  (null)
       lxsession-623   [003] ....   104.274098: kfree: call_site=8071b8b8 caller(___sys_recvmsg+0x140/0x170) ptr=  (null)
       lxsession-623   [003] ....   104.274100: kfree: call_site=8071b8b8 caller(___sys_recvmsg+0x140/0x170) ptr=  (null)
        vncagent-550   [003] ....   104.274152: kfree: call_site=80723a38 caller(skb_free_head+0x30/0x34) ptr=9832bed9
        vncagent-550   [003] ....   104.274155: kfree: call_site=8071b8b8 caller(___sys_recvmsg+0x140/0x170) ptr=  (null)
        vncagent-550   [003] ....   104.274166: kfree: call_site=8071b8b8 caller(___sys_recvmsg+0x140/0x170) ptr=  (null)
        vncagent-550   [003] ....   104.274169: kfree: call_site=8071b8b8 caller(___sys_recvmsg+0x140/0x170) ptr=  (null)
        vncagent-550   [003] ....   104.274197: kfree: call_site=8071b8b8 caller(___sys_recvmsg+0x140/0x170) ptr=  (null)
        vncagent-550   [003] ....   104.274200: kfree: call_site=8071b8b8 caller(___sys_recvmsg+0x140/0x170) ptr=  (null)
      tailscaled-535   [003] ....   104.274342: kmalloc: call_site=80726764 caller(__alloc_skb+0x78/0x160) ptr=d3dcd99d bytes_req=384 bytes_alloc=512 gfp_flags=GFP_KERNEL|__GFP_NOWARN|__GFP_NOMEMALLOC
            Xorg-546   [001] ....   104.275901: kmalloc: call_site=80726764 caller(__alloc_skb+0x78/0x160) ptr=9832bed9 bytes_req=256 bytes_alloc=256 gfp_flags=GFP_KERNEL_ACCOUNT|__GFP_NOWARN|__GFP_NOMEMALLOC
            Xorg-546   [001] ....   104.275915: kfree: call_site=802cfc00 caller(vfs_writev+0xa0/0xe4) ptr=  (null)
            Xorg-546   [001] ....   104.275922: kmalloc: call_site=80726764 caller(__alloc_skb+0x78/0x160) ptr=dcf5603f bytes_req=256 bytes_alloc=256 gfp_flags=GFP_KERNEL_ACCOUNT|__GFP_NOWARN|__GFP_NOMEMALLOC
            Xorg-546   [001] ....   104.275925: kfree: call_site=802cfc00 caller(vfs_writev+0xa0/0xe4) ptr=  (null)
            Xorg-546   [001] ....   104.275930: kmalloc: call_site=80726764 caller(__alloc_skb+0x78/0x160) ptr=61f20db3 bytes_req=256 bytes_alloc=256 gfp_flags=GFP_KERNEL_ACCOUNT|__GFP_NOWARN|__GFP_NOMEMALLOC
            Xorg-546   [001] ....   104.275933: kfree: call_site=802cfc00 caller(vfs_writev+0xa0/0xe4) ptr=  (null)
            Xorg-546   [001] ....   104.275937: kmalloc: call_site=80726764 caller(__alloc_skb+0x78/0x160) ptr=7d98b69a bytes_req=256 bytes_alloc=256 gfp_flags=GFP_KERNEL_ACCOUNT|__GFP_NOWARN|__GFP_NOMEMALLOC
            Xorg-546   [001] ....   104.275940: kfree: call_site=802cfc00 caller(vfs_writev+0xa0/0xe4) ptr=  (null)
            Xorg-546   [001] ....   104.276064: kmalloc: call_site=80726764 caller(__alloc_skb+0x78/0x160) ptr=931f07c9 bytes_req=256 bytes_alloc=256 gfp_flags=GFP_KERNEL_ACCOUNT|__GFP_NOWARN|__GFP_NOMEMALLOC
        vncagent-550   [003] ....   104.276066: kfree: call_site=80723a38 caller(skb_free_head+0x30/0x34) ptr=9832bed9
        vncagent-550   [003] ....   104.276072: kfree: call_site=80723a38 caller(skb_free_head+0x30/0x34) ptr=dcf5603f
        vncagent-550   [003] ....   104.276075: kfree: call_site=80723a38 caller(skb_free_head+0x30/0x34) ptr=61f20db3
            Xorg-546   [001] ....   104.276075: kfree: call_site=802cfc00 caller(vfs_writev+0xa0/0xe4) ptr=  (null)
        vncagent-550   [003] ....   104.276079: kfree: call_site=80723a38 caller(skb_free_head+0x30/0x34) ptr=7d98b69a
        vncagent-550   [003] ....   104.276081: kfree: call_site=8071b8b8 caller(___sys_recvmsg+0x140/0x170) ptr=  (null)
            Xorg-546   [001] ....   104.276081: kfree: call_site=8071b8b8 caller(___sys_recvmsg+0x140/0x170) ptr=  (null)
        vncagent-550   [003] ....   104.276104: kfree: call_site=8071b8b8 caller(___sys_recvmsg+0x140/0x170) ptr=  (null)
        vncagent-550   [003] ....   104.276108: kfree: call_site=8071b8b8 caller(___sys_recvmsg+0x140/0x170) ptr=  (null)
        vncagent-550   [003] ....   104.276140: kfree: call_site=8071b8b8 caller(___sys_recvmsg+0x140/0x170) ptr=  (null)
        vncagent-550   [003] ....   104.276142: kfree: call_site=8071b8b8 caller(___sys_recvmsg+0x140/0x170) ptr=  (null)
            Xorg-546   [001] ....   104.276238: kmalloc: call_site=80726764 caller(__alloc_skb+0x78/0x160) ptr=e45e2fbd bytes_req=256 bytes_alloc=256 gfp_flags=GFP_KERNEL_ACCOUNT|__GFP_NOWARN|__GFP_NOMEMALLOC
            Xorg-546   [001] ....   104.276243: kfree: call_site=802cfc00 caller(vfs_writev+0xa0/0xe4) ptr=  (null)
            Xorg-546   [001] ....   104.276249: kmalloc: call_site=80726764 caller(__alloc_skb+0x78/0x160) ptr=40c31f14 bytes_req=256 bytes_alloc=256 gfp_flags=GFP_KERNEL_ACCOUNT|__GFP_NOWARN|__GFP_NOMEMALLOC
            Xorg-546   [001] ....   104.276252: kfree: call_site=802cfc00 caller(vfs_writev+0xa0/0xe4) ptr=  (null)
        vncagent-550   [003] ....   104.276262: kfree: call_site=80723a38 caller(skb_free_head+0x30/0x34) ptr=e45e2fbd
        vncagent-550   [003] ....   104.276265: kfree: call_site=80723a38 caller(skb_free_head+0x30/0x34) ptr=40c31f14
        vncagent-550   [003] ....   104.276267: kfree: call_site=8071b8b8 caller(___sys_recvmsg+0x140/0x170) ptr=  (null)
        vncagent-550   [003] ....   104.276275: kfree: call_site=8071b8b8 caller(___sys_recvmsg+0x140/0x170) ptr=  (null)
        vncagent-550   [003] ....   104.276278: kfree: call_site=8071b8b8 caller(___sys_recvmsg+0x140/0x170) ptr=  (null)
        vncagent-550   [003] ....   104.276288: kfree: call_site=8071b8b8 caller(___sys_recvmsg+0x140/0x170) ptr=  (null)
        vncagent-550   [003] ....   104.276290: kfree: call_site=8071b8b8 caller(___sys_recvmsg+0x140/0x170) ptr=  (null)
         openbox-680   [001] ....   104.276391: kfree: call_site=80723a38 caller(skb_free_head+0x30/0x34) ptr=931f07c9
         openbox-680   [001] ....   104.276393: kfree: call_site=8071b8b8 caller(___sys_recvmsg+0x140/0x170) ptr=  (null)
         openbox-680   [001] ....   104.276426: kfree: call_site=8071b8b8 caller(___sys_recvmsg+0x140/0x170) ptr=  (null)
         openbox-680   [001] ....   104.276430: kfree: call_site=8071b8b8 caller(___sys_recvmsg+0x140/0x170) ptr=  (null)
         openbox-680   [001] ....   104.276453: kfree: call_site=8071b8b8 caller(___sys_recvmsg+0x140/0x170) ptr=  (null)
         openbox-680   [001] ....   104.276455: kfree: call_site=8071b8b8 caller(___sys_recvmsg+0x140/0x170) ptr=  (null)
         openbox-680   [001] ....   104.276469: kfree: call_site=8071b8b8 caller(___sys_recvmsg+0x140/0x170) ptr=  (null)
         openbox-680   [001] ....   104.276472: kfree: call_site=8071b8b8 caller(___sys_recvmsg+0x140/0x170) ptr=  (null)
         openbox-680   [001] ....   104.276476: kfree: call_site=8071b8b8 caller(___sys_recvmsg+0x140/0x170) ptr=  (null)
         openbox-680   [001] ....   104.276479: kfree: call_site=8071b8b8 caller(___sys_recvmsg+0x140/0x170) ptr=  (null)
      tailscaled-522   [001] ....   104.276562: kfree: call_site=8071b8b8 caller(___sys_recvmsg+0x140/0x170) ptr=  (null)
      tailscaled-522   [001] ....   104.276565: kfree: call_site=8071b8b8 caller(___sys_recvmsg+0x140/0x170) ptr=  (null)
      tailscaled-522   [001] ....   104.276743: kfree: call_site=8071b8b8 caller(___sys_recvmsg+0x140/0x170) ptr=  (null)
      tailscaled-522   [001] ....   104.276916: kmalloc: call_site=80726764 caller(__alloc_skb+0x78/0x160) ptr=da66fcfd bytes_req=384 bytes_alloc=512 gfp_flags=GFP_KERNEL|__GFP_NOWARN|__GFP_NOMEMALLOC
      tailscaled-522   [001] ....   104.276985: kfree: call_site=80723a38 caller(skb_free_head+0x30/0x34) ptr=da66fcfd
          <idle>-0     [003] ..s.   104.277303: kfree: call_site=80282d88 caller(kvfree+0x4c/0x58) ptr=0503a249
          <idle>-0     [003] ..s.   104.277306: kfree: call_site=80282d88 caller(kvfree+0x4c/0x58) ptr=a1543328
        vncagent-550   [003] ....   104.278390: kfree: call_site=8071b8b8 caller(___sys_recvmsg+0x140/0x170) ptr=  (null)
        vncagent-550   [003] ....   104.278396: kfree: call_site=8071b8b8 caller(___sys_recvmsg+0x140/0x170) ptr=  (null)
      tailscaled-535   [003] ....   104.284107: kfree: call_site=8071b8b8 caller(___sys_recvmsg+0x140/0x170) ptr=  (null)
      tailscaled-535   [003] ....   104.284114: kfree: call_site=8071b8b8 caller(___sys_recvmsg+0x140/0x170) ptr=  (null)
      tailscaled-535   [003] ....   104.284317: kfree: call_site=8071b8b8 caller(___sys_recvmsg+0x140/0x170) ptr=  (null)
      tailscaled-535   [003] ....   104.284541: kmalloc: call_site=80726764 caller(__alloc_skb+0x78/0x160) ptr=724a92c7 bytes_req=384 bytes_alloc=512 gfp_flags=GFP_KERNEL|__GFP_NOWARN|__GFP_NOMEMALLOC
      tailscaled-535   [003] .n..   104.284607: kfree: call_site=80723a38 caller(skb_free_head+0x30/0x34) ptr=724a92c7
      tailscaled-522   [001] ....   104.287566: kfree: call_site=8071b8b8 caller(___sys_recvmsg+0x140/0x170) ptr=  (null)
      tailscaled-522   [001] ....   104.287573: kfree: call_site=8071b8b8 caller(___sys_recvmsg+0x140/0x170) ptr=  (null)
      tailscaled-522   [001] ....   104.287766: kfree: call_site=8071b8b8 caller(___sys_recvmsg+0x140/0x170) ptr=  (null)
      tailscaled-522   [001] ....   104.287855: kmalloc: call_site=80726764 caller(__alloc_skb+0x78/0x160) ptr=da66fcfd bytes_req=448 bytes_alloc=512 gfp_flags=GFP_KERNEL|__GFP_NOWARN|__GFP_NOMEMALLOC
      tailscaled-522   [001] ....   104.287868: kfree: call_site=8079d578 caller(__ip_make_skb+0x2fc/0x3e4) ptr=  (null)
    kworker/u8:1-45    [003] ....   104.288014: kfree: call_site=80723a38 caller(skb_free_head+0x30/0x34) ptr=da66fcfd
      tailscaled-535   [003] ....   104.290058: kfree: call_site=8071b8b8 caller(___sys_recvmsg+0x140/0x170) ptr=  (null)
      tailscaled-535   [003] ....   104.290063: kfree: call_site=8071b8b8 caller(___sys_recvmsg+0x140/0x170) ptr=  (null)
      tailscaled-535   [003] ....   104.290267: kfree: call_site=8071b8b8 caller(___sys_recvmsg+0x140/0x170) ptr=  (null)
        vncagent-550   [003] ....   104.290499: kfree: call_site=8071b8b8 caller(___sys_recvmsg+0x140/0x170) ptr=  (null)
        vncagent-550   [003] ....   104.290507: kfree: call_site=8071b8b8 caller(___sys_recvmsg+0x140/0x170) ptr=  (null)
      tailscaled-535   [003] ....   104.290575: kmalloc: call_site=80726764 caller(__alloc_skb+0x78/0x160) ptr=724a92c7 bytes_req=384 bytes_alloc=512 gfp_flags=GFP_KERNEL|__GFP_NOWARN|__GFP_NOMEMALLOC
      tailscaled-535   [003] .n..   104.290646: kfree: call_site=80723a38 caller(skb_free_head+0x30/0x34) ptr=724a92c7
      tailscaled-522   [001] ....   104.295051: kfree: call_site=8071b8b8 caller(___sys_recvmsg+0x140/0x170) ptr=  (null)
      tailscaled-522   [001] ....   104.295058: kfree: call_site=8071b8b8 caller(___sys_recvmsg+0x140/0x170) ptr=  (null)
      tailscaled-522   [001] ....   104.295216: kfree: call_site=8071b8b8 caller(___sys_recvmsg+0x140/0x170) ptr=  (null)
      tailscaled-522   [001] ....   104.295386: kmalloc: call_site=80726764 caller(__alloc_skb+0x78/0x160) ptr=3272b142 bytes_req=384 bytes_alloc=512 gfp_flags=GFP_KERNEL|__GFP_NOWARN|__GFP_NOMEMALLOC
      tailscaled-522   [001] ....   104.295444: kfree: call_site=80723a38 caller(skb_free_head+0x30/0x34) ptr=3272b142
 vncserver-x11-c-451   [000] ....   104.303660: kmalloc: call_site=80726764 caller(__alloc_skb+0x78/0x160) ptr=af57ace6 bytes_req=2048 bytes_alloc=2048 gfp_flags=GFP_KERNEL|__GFP_NOWARN|__GFP_NOMEMALLOC
 vncserver-x11-c-451   [000] ....   104.303693: kmalloc: call_site=80726764 caller(__alloc_skb+0x78/0x160) ptr=6d6d9790 bytes_req=512 bytes_alloc=512 gfp_flags=GFP_ATOMIC|__GFP_NOWARN|__GFP_NOMEMALLOC
 vncserver-x11-c-451   [000] ....   104.303768: kmalloc: call_site=80726764 caller(__alloc_skb+0x78/0x160) ptr=c8f9d899 bytes_req=512 bytes_alloc=512 gfp_flags=GFP_ATOMIC|__GFP_NOWARN|__GFP_NOMEMALLOC
 vncserver-x11-c-451   [000] ....   104.303782: kmalloc: call_site=80726764 caller(__alloc_skb+0x78/0x160) ptr=764b3f76 bytes_req=512 bytes_alloc=512 gfp_flags=GFP_ATOMIC|__GFP_NOWARN|__GFP_NOMEMALLOC
 vncserver-x11-c-451   [000] ....   104.303795: kmalloc: call_site=80726764 caller(__alloc_skb+0x78/0x160) ptr=d23e43c0 bytes_req=512 bytes_alloc=512 gfp_flags=GFP_ATOMIC|__GFP_NOWARN|__GFP_NOMEMALLOC
 vncserver-x11-c-451   [000] ....   104.303806: kmalloc: call_site=80726764 caller(__alloc_skb+0x78/0x160) ptr=9be5a952 bytes_req=512 bytes_alloc=512 gfp_flags=GFP_ATOMIC|__GFP_NOWARN|__GFP_NOMEMALLOC
 vncserver-x11-c-451   [000] ....   104.303817: kmalloc: call_site=80726764 caller(__alloc_skb+0x78/0x160) ptr=82492aaf bytes_req=512 bytes_alloc=512 gfp_flags=GFP_ATOMIC|__GFP_NOWARN|__GFP_NOMEMALLOC
      tailscaled-535   [003] ....   104.305061: kmalloc: call_site=80726764 caller(__alloc_skb+0x78/0x160) ptr=a14e4a19 bytes_req=1664 bytes_alloc=2048 gfp_flags=GFP_KERNEL|__GFP_NOWARN|__GFP_NOMEMALLOC
      tailscaled-535   [003] ....   104.305079: kfree: call_site=8079d578 caller(__ip_make_skb+0x2fc/0x3e4) ptr=  (null)
      tailscaled-535   [003] .n..   104.305163: kfree: call_site=8071b63c caller(___sys_sendmsg+0x114/0x250) ptr=  (null)
      tailscaled-535   [003] ....   104.305255: kmalloc: call_site=80726764 caller(__alloc_skb+0x78/0x160) ptr=85e0329b bytes_req=1664 bytes_alloc=2048 gfp_flags=GFP_KERNEL|__GFP_NOWARN|__GFP_NOMEMALLOC
      tailscaled-535   [003] ....   104.305264: kfree: call_site=8079d578 caller(__ip_make_skb+0x2fc/0x3e4) ptr=  (null)
      tailscaled-535   [003] ....   104.305292: kfree: call_site=8071b63c caller(___sys_sendmsg+0x114/0x250) ptr=  (null)
    kworker/u8:1-45    [003] ....   104.305373: kfree: call_site=80723a38 caller(skb_free_head+0x30/0x34) ptr=a14e4a19
    kworker/u8:1-45    [003] ....   104.305522: kfree: call_site=80723a38 caller(skb_free_head+0x30/0x34) ptr=85e0329b
      tailscaled-535   [003] ....   104.305537: kmalloc: call_site=80726764 caller(__alloc_skb+0x78/0x160) ptr=85e0329b bytes_req=1664 bytes_alloc=2048 gfp_flags=GFP_KERNEL|__GFP_NOWARN|__GFP_NOMEMALLOC
      tailscaled-535   [003] ....   104.305544: kfree: call_site=8079d578 caller(__ip_make_skb+0x2fc/0x3e4) ptr=  (null)
      tailscaled-535   [003] .n..   104.305568: kfree: call_site=8071b63c caller(___sys_sendmsg+0x114/0x250) ptr=  (null)
      tailscaled-535   [003] ....   104.305615: kmalloc: call_site=80726764 caller(__alloc_skb+0x78/0x160) ptr=a14e4a19 bytes_req=1664 bytes_alloc=2048 gfp_flags=GFP_KERNEL|__GFP_NOWARN|__GFP_NOMEMALLOC
      tailscaled-535   [003] ....   104.305620: kfree: call_site=8079d578 caller(__ip_make_skb+0x2fc/0x3e4) ptr=  (null)
      tailscaled-535   [003] ....   104.305636: kfree: call_site=8071b63c caller(___sys_sendmsg+0x114/0x250) ptr=  (null)
    kworker/u8:1-45    [003] ....   104.305714: kfree: call_site=80723a38 caller(skb_free_head+0x30/0x34) ptr=85e0329b
      tailscaled-535   [003] ....   104.305752: kmalloc: call_site=80726764 caller(__alloc_skb+0x78/0x160) ptr=85e0329b bytes_req=1664 bytes_alloc=2048 gfp_flags=GFP_KERNEL|__GFP_NOWARN|__GFP_NOMEMALLOC
      tailscaled-535   [003] ....   104.305757: kfree: call_site=8079d578 caller(__ip_make_skb+0x2fc/0x3e4) ptr=  (null)
      tailscaled-535   [003] .n..   104.305781: kfree: call_site=8071b63c caller(___sys_sendmsg+0x114/0x250) ptr=  (null)
      tailscaled-535   [003] ....   104.305822: kmalloc: call_site=80726764 caller(__alloc_skb+0x78/0x160) ptr=7293aef6 bytes_req=1664 bytes_alloc=2048 gfp_flags=GFP_KERNEL|__GFP_NOWARN|__GFP_NOMEMALLOC
      tailscaled-535   [003] ....   104.305827: kfree: call_site=8079d578 caller(__ip_make_skb+0x2fc/0x3e4) ptr=  (null)
      tailscaled-535   [003] .n..   104.305841: kfree: call_site=8071b63c caller(___sys_sendmsg+0x114/0x250) ptr=  (null)
    kworker/u8:1-45    [003] ....   104.305854: kfree: call_site=80723a38 caller(skb_free_head+0x30/0x34) ptr=a14e4a19
    kworker/u8:1-45    [003] ....   104.305886: kmalloc: call_site=80593cb4 caller(bcm2835_dma_create_cb_chain+0x50/0x30c) ptr=57b26914 bytes_req=84 bytes_alloc=128 gfp_flags=GFP_KERNEL|__GFP_ZERO
      tailscaled-535   [003] ....   104.305951: kmalloc: call_site=80726764 caller(__alloc_skb+0x78/0x160) ptr=a14e4a19 bytes_req=1664 bytes_alloc=2048 gfp_flags=GFP_KERNEL|__GFP_NOWARN|__GFP_NOMEMALLOC
      tailscaled-535   [003] ....   104.305956: kfree: call_site=8079d578 caller(__ip_make_skb+0x2fc/0x3e4) ptr=  (null)
      tailscaled-535   [003] ....   104.305971: kfree: call_site=8071b63c caller(___sys_sendmsg+0x114/0x250) ptr=  (null)
      tailscaled-535   [003] ....   104.305997: kmalloc: call_site=80726764 caller(__alloc_skb+0x78/0x160) ptr=5d5cd717 bytes_req=1664 bytes_alloc=2048 gfp_flags=GFP_KERNEL|__GFP_NOWARN|__GFP_NOMEMALLOC
      tailscaled-535   [003] ....   104.306002: kfree: call_site=8079d578 caller(__ip_make_skb+0x2fc/0x3e4) ptr=  (null)
      tailscaled-535   [003] ....   104.306016: kfree: call_site=8071b63c caller(___sys_sendmsg+0x114/0x250) ptr=  (null)
 vncserver-x11-c-451   [000] ..s.   104.306023: kfree: call_site=80593c60 caller(bcm2835_dma_free_cb_chain+0x5c/0x60) ptr=57b26914
    kworker/u8:1-45    [003] ....   104.306060: kfree: call_site=80723a38 caller(skb_free_head+0x30/0x34) ptr=85e0329b
    kworker/u8:1-45    [003] ....   104.306072: kfree: call_site=80723a38 caller(skb_free_head+0x30/0x34) ptr=7293aef6
    kworker/u8:1-45    [003] ....   104.306092: kmalloc: call_site=80593cb4 caller(bcm2835_dma_create_cb_chain+0x50/0x30c) ptr=cc9af377 bytes_req=84 bytes_alloc=128 gfp_flags=GFP_KERNEL|__GFP_ZERO
      tailscaled-535   [003] ....   104.306121: kmalloc: call_site=80726764 caller(__alloc_skb+0x78/0x160) ptr=7293aef6 bytes_req=1664 bytes_alloc=2048 gfp_flags=GFP_KERNEL|__GFP_NOWARN|__GFP_NOMEMALLOC
      tailscaled-535   [003] ....   104.306126: kfree: call_site=8079d578 caller(__ip_make_skb+0x2fc/0x3e4) ptr=  (null)
      tailscaled-535   [003] ....   104.306140: kfree: call_site=8071b63c caller(___sys_sendmsg+0x114/0x250) ptr=  (null)
      tailscaled-535   [003] ....   104.306147: kmalloc: call_site=80726764 caller(__alloc_skb+0x78/0x160) ptr=85e0329b bytes_req=1664 bytes_alloc=2048 gfp_flags=GFP_KERNEL|__GFP_NOWARN|__GFP_NOMEMALLOC
      tailscaled-535   [003] ....   104.306151: kfree: call_site=8079d578 caller(__ip_make_skb+0x2fc/0x3e4) ptr=  (null)
      tailscaled-535   [003] ....   104.306164: kfree: call_site=8071b63c caller(___sys_sendmsg+0x114/0x250) ptr=  (null)
 vncserver-x11-c-451   [000] ..s.   104.306223: kfree: call_site=80593c60 caller(bcm2835_dma_free_cb_chain+0x5c/0x60) ptr=cc9af377
      tailscaled-535   [003] ....   104.306233: kmalloc: call_site=80726764 caller(__alloc_skb+0x78/0x160) ptr=11725e6f bytes_req=1664 bytes_alloc=2048 gfp_flags=GFP_KERNEL|__GFP_NOWARN|__GFP_NOMEMALLOC
      tailscaled-535   [003] ....   104.306238: kfree: call_site=8079d578 caller(__ip_make_skb+0x2fc/0x3e4) ptr=  (null)
      tailscaled-535   [003] .n..   104.306259: kfree: call_site=8071b63c caller(___sys_sendmsg+0x114/0x250) ptr=  (null)
    kworker/u8:1-45    [003] ....   104.306275: kfree: call_site=80723a38 caller(skb_free_head+0x30/0x34) ptr=a14e4a19
    kworker/u8:1-45    [003] ....   104.306278: kfree: call_site=80723a38 caller(skb_free_head+0x30/0x34) ptr=5d5cd717
    kworker/u8:1-45    [003] ....   104.306301: kmalloc: call_site=80593cb4 caller(bcm2835_dma_create_cb_chain+0x50/0x30c) ptr=44bedde7 bytes_req=100 bytes_alloc=128 gfp_flags=GFP_KERNEL|__GFP_ZERO
      tailscaled-535   [003] ....   104.306328: kmalloc: call_site=80726764 caller(__alloc_skb+0x78/0x160) ptr=5d5cd717 bytes_req=1664 bytes_alloc=2048 gfp_flags=GFP_KERNEL|__GFP_NOWARN|__GFP_NOMEMALLOC
      tailscaled-535   [003] ....   104.306332: kfree: call_site=8079d578 caller(__ip_make_skb+0x2fc/0x3e4) ptr=  (null)
      tailscaled-535   [003] ....   104.306347: kfree: call_site=8071b63c caller(___sys_sendmsg+0x114/0x250) ptr=  (null)
      tailscaled-535   [003] ....   104.306406: kmalloc: call_site=80726764 caller(__alloc_skb+0x78/0x160) ptr=a14e4a19 bytes_req=1664 bytes_alloc=2048 gfp_flags=GFP_KERNEL|__GFP_NOWARN|__GFP_NOMEMALLOC
      tailscaled-535   [003] ....   104.306411: kfree: call_site=8079d578 caller(__ip_make_skb+0x2fc/0x3e4) ptr=  (null)
      tailscaled-535   [003] ....   104.306425: kfree: call_site=8071b63c caller(___sys_sendmsg+0x114/0x250) ptr=  (null)
      tailscaled-535   [003] ....   104.306432: kmalloc: call_site=80726764 caller(__alloc_skb+0x78/0x160) ptr=0a05b107 bytes_req=640 bytes_alloc=1024 gfp_flags=GFP_KERNEL|__GFP_NOWARN|__GFP_NOMEMALLOC
      tailscaled-535   [003] ....   104.306436: kfree: call_site=8079d578 caller(__ip_make_skb+0x2fc/0x3e4) ptr=  (null)
      tailscaled-535   [003] ....   104.306449: kfree: call_site=8071b63c caller(___sys_sendmsg+0x114/0x250) ptr=  (null)
 vncserver-x11-c-451   [000] ..s.   104.306496: kfree: call_site=80593c60 caller(bcm2835_dma_free_cb_chain+0x5c/0x60) ptr=44bedde7
    kworker/u8:1-45    [003] ....   104.306554: kfree: call_site=80723a38 caller(skb_free_head+0x30/0x34) ptr=7293aef6
    kworker/u8:1-45    [003] ....   104.306563: kfree: call_site=80723a38 caller(skb_free_head+0x30/0x34) ptr=85e0329b
    kworker/u8:1-45    [003] ....   104.306565: kfree: call_site=80723a38 caller(skb_free_head+0x30/0x34) ptr=11725e6f
    kworker/u8:1-45    [003] ....   104.306570: kmalloc: call_site=80727ac4 caller(pskb_expand_head+0x70/0x2b0) ptr=11725e6f bytes_req=1088 bytes_alloc=2048 gfp_flags=GFP_ATOMIC|__GFP_NOWARN|__GFP_NOMEMALLOC
    kworker/u8:1-45    [003] ....   104.306572: kfree: call_site=80723a38 caller(skb_free_head+0x30/0x34) ptr=0a05b107
    kworker/u8:1-45    [003] ....   104.306592: kmalloc: call_site=80593cb4 caller(bcm2835_dma_create_cb_chain+0x50/0x30c) ptr=c0307062 bytes_req=92 bytes_alloc=128 gfp_flags=GFP_KERNEL|__GFP_ZERO
 vncserver-x11-c-451   [000] ..s.   104.306743: kfree: call_site=80593c60 caller(bcm2835_dma_free_cb_chain+0x5c/0x60) ptr=c0307062
    kworker/u8:1-45    [003] ....   104.306782: kfree: call_site=80723a38 caller(skb_free_head+0x30/0x34) ptr=5d5cd717
    kworker/u8:1-45    [003] ....   104.306785: kfree: call_site=80723a38 caller(skb_free_head+0x30/0x34) ptr=a14e4a19
    kworker/u8:1-45    [003] ....   104.306788: kfree: call_site=80723a38 caller(skb_free_head+0x30/0x34) ptr=11725e6f
      tailscaled-522   [001] ....   104.315254: kfree: call_site=8071b8b8 caller(___sys_recvmsg+0x140/0x170) ptr=  (null)
      tailscaled-522   [001] ....   104.315262: kfree: call_site=8071b8b8 caller(___sys_recvmsg+0x140/0x170) ptr=  (null)
      tailscaled-522   [001] ....   104.315444: kfree: call_site=8071b8b8 caller(___sys_recvmsg+0x140/0x170) ptr=  (null)
      tailscaled-522   [001] ....   104.315451: kfree: call_site=8071b8b8 caller(___sys_recvmsg+0x140/0x170) ptr=  (null)
      tailscaled-522   [001] ....   104.315453: kfree: call_site=8071b8b8 caller(___sys_recvmsg+0x140/0x170) ptr=  (null)
      tailscaled-522   [001] ....   104.315549: kfree: call_site=8071b8b8 caller(___sys_recvmsg+0x140/0x170) ptr=  (null)
      tailscaled-522   [001] ....   104.315552: kfree: call_site=8071b8b8 caller(___sys_recvmsg+0x140/0x170) ptr=  (null)
      tailscaled-419   [001] ....   104.315736: kmalloc: call_site=80726764 caller(__alloc_skb+0x78/0x160) ptr=3272b142 bytes_req=320 bytes_alloc=512 gfp_flags=GFP_KERNEL|__GFP_NOWARN|__GFP_NOMEMALLOC
      tailscaled-419   [001] .n..   104.315794: kfree: call_site=80723a38 caller(skb_free_head+0x30/0x34) ptr=af57ace6
      tailscaled-419   [001] .n..   104.315811: kfree: call_site=80723a38 caller(skb_free_head+0x30/0x34) ptr=3272b142
      tailscaled-419   [001] ....   104.315992: kmalloc: call_site=80726764 caller(__alloc_skb+0x78/0x160) ptr=3272b142 bytes_req=320 bytes_alloc=512 gfp_flags=GFP_KERNEL|__GFP_NOWARN|__GFP_NOMEMALLOC
      tailscaled-419   [001] ....   104.316014: kfree: call_site=80723a38 caller(skb_free_head+0x30/0x34) ptr=6d6d9790
      tailscaled-419   [001] ....   104.316019: kfree: call_site=80723a38 caller(skb_free_head+0x30/0x34) ptr=3272b142
      tailscaled-419   [001] ....   104.316028: kmalloc: call_site=80726764 caller(__alloc_skb+0x78/0x160) ptr=3272b142 bytes_req=320 bytes_alloc=512 gfp_flags=GFP_KERNEL|__GFP_NOWARN|__GFP_NOMEMALLOC
      tailscaled-419   [001] ....   104.316043: kfree: call_site=80723a38 caller(skb_free_head+0x30/0x34) ptr=c8f9d899
      tailscaled-419   [001] ....   104.316046: kfree: call_site=80723a38 caller(skb_free_head+0x30/0x34) ptr=3272b142
      tailscaled-522   [001] ....   104.316234: kfree: call_site=8071b8b8 caller(___sys_recvmsg+0x140/0x170) ptr=  (null)
      tailscaled-522   [001] ....   104.316237: kfree: call_site=8071b8b8 caller(___sys_recvmsg+0x140/0x170) ptr=  (null)
      tailscaled-522   [001] ....   104.316360: kfree: call_site=8071b8b8 caller(___sys_recvmsg+0x140/0x170) ptr=  (null)
      tailscaled-535   [003] ....   104.316381: kmalloc: call_site=80726764 caller(__alloc_skb+0x78/0x160) ptr=724a92c7 bytes_req=320 bytes_alloc=512 gfp_flags=GFP_KERNEL|__GFP_NOWARN|__GFP_NOMEMALLOC
      tailscaled-535   [003] ....   104.316412: kfree: call_site=80723a38 caller(skb_free_head+0x30/0x34) ptr=764b3f76
      tailscaled-535   [003] .n..   104.316427: kfree: call_site=80723a38 caller(skb_free_head+0x30/0x34) ptr=724a92c7
      tailscaled-535   [003] ....   104.316483: kmalloc: call_site=80726764 caller(__alloc_skb+0x78/0x160) ptr=724a92c7 bytes_req=320 bytes_alloc=512 gfp_flags=GFP_KERNEL|__GFP_NOWARN|__GFP_NOMEMALLOC
      tailscaled-535   [003] ....   104.316498: kfree: call_site=80723a38 caller(skb_free_head+0x30/0x34) ptr=d23e43c0
      tailscaled-535   [003] ....   104.316502: kfree: call_site=80723a38 caller(skb_free_head+0x30/0x34) ptr=724a92c7
     kworker/1:2-90    [001] ....   104.317316: kmalloc: call_site=806e4afc caller(rpi_firmware_property+0x38/0x11c) ptr=da89cc09 bytes_req=16 bytes_alloc=64 gfp_flags=GFP_KERNEL
     kworker/1:2-90    [001] ....   104.317323: kmalloc: call_site=801173b4 caller(__dma_alloc+0xfc/0x31c) ptr=69ab9134 bytes_req=16 bytes_alloc=64 gfp_flags=GFP_ATOMIC|__GFP_ZERO
     kworker/1:2-90    [001] ....   104.317356: kfree: call_site=80117ce8 caller(__arm_dma_free.constprop.3+0x118/0x160) ptr=69ab9134
     kworker/1:2-90    [001] ....   104.317359: kfree: call_site=806e4b64 caller(rpi_firmware_property+0xa0/0x11c) ptr=da89cc09
      tailscaled-419   [001] ....   104.317953: kfree: call_site=8071b8b8 caller(___sys_recvmsg+0x140/0x170) ptr=  (null)
      tailscaled-419   [001] ....   104.317955: kfree: call_site=8071b8b8 caller(___sys_recvmsg+0x140/0x170) ptr=  (null)
      tailscaled-419   [001] ....   104.318111: kfree: call_site=8071b8b8 caller(___sys_recvmsg+0x140/0x170) ptr=  (null)
      tailscaled-525   [000] ....   104.318241: kmalloc: call_site=80726764 caller(__alloc_skb+0x78/0x160) ptr=b694e253 bytes_req=320 bytes_alloc=512 gfp_flags=GFP_KERNEL|__GFP_NOWARN|__GFP_NOMEMALLOC
      tailscaled-525   [000] ....   104.318288: kfree: call_site=80723a38 caller(skb_free_head+0x30/0x34) ptr=9be5a952
      tailscaled-525   [000] ....   104.318301: kfree: call_site=80723a38 caller(skb_free_head+0x30/0x34) ptr=b694e253
    kworker/u8:1-45    [003] ..s.   104.318999: kmalloc: call_site=80726764 caller(__alloc_skb+0x78/0x160) ptr=724a92c7 bytes_req=512 bytes_alloc=512 gfp_flags=GFP_ATOMIC|__GFP_NOWARN|__GFP_NOMEMALLOC
    kworker/u8:1-45    [003] ....   104.319257: kfree: call_site=80723a38 caller(skb_free_head+0x30/0x34) ptr=724a92c7
      tailscaled-525   [000] ....   104.319544: kfree: call_site=8071b8b8 caller(___sys_recvmsg+0x140/0x170) ptr=  (null)
      tailscaled-525   [000] ....   104.319548: kfree: call_site=8071b8b8 caller(___sys_recvmsg+0x140/0x170) ptr=  (null)
      tailscaled-525   [000] ....   104.319684: kfree: call_site=8071b8b8 caller(___sys_recvmsg+0x140/0x170) ptr=  (null)
      tailscaled-525   [000] ....   104.319819: kmalloc: call_site=80726764 caller(__alloc_skb+0x78/0x160) ptr=b694e253 bytes_req=320 bytes_alloc=512 gfp_flags=GFP_KERNEL|__GFP_NOWARN|__GFP_NOMEMALLOC
      tailscaled-525   [000] ....   104.319889: kfree: call_site=80723a38 caller(skb_free_head+0x30/0x34) ptr=82492aaf
      tailscaled-525   [000] ....   104.319903: kfree: call_site=80723a38 caller(skb_free_head+0x30/0x34) ptr=b694e253
      tailscaled-522   [001] ....   104.319908: kmalloc: call_site=80726764 caller(__alloc_skb+0x78/0x160) ptr=3272b142 bytes_req=448 bytes_alloc=512 gfp_flags=GFP_KERNEL|__GFP_NOWARN|__GFP_NOMEMALLOC
      tailscaled-522   [001] ....   104.319921: kfree: call_site=8079d578 caller(__ip_make_skb+0x2fc/0x3e4) ptr=  (null)
