      tailscaled-522   [001] ....   104.250043: kfree: call_site=80723a38 caller(skb_free_head+0x30/0x34) ptr=af57ace6
        vncagent-550   [003] ....   104.250045: kmalloc: call_site=80726764 caller(__alloc_skb+0x78/0x160) ptr=56af3f3a bytes_req=320 bytes_alloc=512 gfp_flags=GFP_KERNEL_ACCOUNT|__GFP_NOWARN|__GFP_NOMEMALLOC
        vncagent-550   [003] ....   104.250050: kfree: call_site=802cfc00 caller(vfs_writev+0xa0/0xe4) ptr=  (null)
 vncserver-x11-c-451   [000] ....   104.250051: kmalloc: call_site=80726764 caller(__alloc_skb+0x78/0x160) ptr=22598a23 bytes_req=256 bytes_alloc=256 gfp_flags=GFP_KERNEL_ACCOUNT|__GFP_NOWARN|__GFP_NOMEMALLOC
      tailscaled-522   [001] ....   104.250053: kfree: call_site=80723a38 caller(skb_free_head+0x30/0x34) ptr=2caa2fc8
        vncagent-550   [003] ....   104.250057: kfree: call_site=8071b8b8 caller(___sys_recvmsg+0x140/0x170) ptr=  (null)
      tailscaled-522   [001] ....   104.250066: kmalloc: call_site=80726764 caller(__alloc_skb+0x78/0x160) ptr=2caa2fc8 bytes_req=320 bytes_alloc=512 gfp_flags=GFP_KERNEL|__GFP_NOWARN|__GFP_NOMEMALLOC
 vncserver-x11-c-451   [000] ....   104.250067: kmalloc: call_site=80726764 caller(__alloc_skb+0x78/0x160) ptr=83e3fc4c bytes_req=256 bytes_alloc=256 gfp_flags=GFP_KERNEL_ACCOUNT|__GFP_NOWARN|__GFP_NOMEMALLOC
        vncagent-550   [003] ....   104.250070: kfree: call_site=80723a38 caller(skb_free_head+0x30/0x34) ptr=b3852994
        vncagent-550   [003] ....   104.250073: kfree: call_site=80723a38 caller(skb_free_head+0x30/0x34) ptr=22598a23
        vncagent-550   [003] ....   104.250076: kfree: call_site=80723a38 caller(skb_free_head+0x30/0x34) ptr=83e3fc4c
      tailscaled-522   [001] ....   104.250082: kfree: call_site=80723a38 caller(skb_free_head+0x30/0x34) ptr=2caa2fc8
 vncserver-x11-c-451   [000] ....   104.250082: kmalloc: call_site=80726764 caller(__alloc_skb+0x78/0x160) ptr=1bc23f6e bytes_req=256 bytes_alloc=256 gfp_flags=GFP_KERNEL_ACCOUNT|__GFP_NOWARN|__GFP_NOMEMALLOC
      tailscaled-522   [001] ....   104.250084: kmalloc: call_site=80726764 caller(__alloc_skb+0x78/0x160) ptr=2caa2fc8 bytes_req=512 bytes_alloc=512 gfp_flags=GFP_ATOMIC|__GFP_NOWARN|__GFP_NOMEMALLOC
        vncagent-550   [003] ....   104.250087: kfree: call_site=80723a38 caller(skb_free_head+0x30/0x34) ptr=1bc23f6e
        vncagent-550   [003] ....   104.250098: kmalloc: call_site=80726764 caller(__alloc_skb+0x78/0x160) ptr=b7c1ba3a bytes_req=384 bytes_alloc=512 gfp_flags=GFP_KERNEL_ACCOUNT|__GFP_NOWARN|__GFP_NOMEMALLOC
 vncserver-x11-c-451   [000] ....   104.250099: kmalloc: call_site=80726764 caller(__alloc_skb+0x78/0x160) ptr=1bc23f6e bytes_req=256 bytes_alloc=256 gfp_flags=GFP_KERNEL_ACCOUNT|__GFP_NOWARN|__GFP_NOMEMALLOC
        vncagent-550   [003] ....   104.250101: kfree: call_site=802cfc00 caller(vfs_writev+0xa0/0xe4) ptr=  (null)
        vncagent-550   [003] ....   104.250105: kfree: call_site=8071b8b8 caller(___sys_recvmsg+0x140/0x170) ptr=  (null)
 vncserver-x11-c-451   [000] ....   104.250114: kmalloc: call_site=80726764 caller(__alloc_skb+0x78/0x160) ptr=83e3fc4c bytes_req=256 bytes_alloc=256 gfp_flags=GFP_KERNEL_ACCOUNT|__GFP_NOWARN|__GFP_NOMEMALLOC
        vncagent-550   [003] ....   104.250117: kfree: call_site=80723a38 caller(skb_free_head+0x30/0x34) ptr=1bc23f6e
        vncagent-550   [003] ....   104.250120: kfree: call_site=80723a38 caller(skb_free_head+0x30/0x34) ptr=83e3fc4c
 vncserver-x11-c-451   [000] ....   104.250129: kmalloc: call_site=80726764 caller(__alloc_skb+0x78/0x160) ptr=22598a23 bytes_req=256 bytes_alloc=256 gfp_flags=GFP_KERNEL_ACCOUNT|__GFP_NOWARN|__GFP_NOMEMALLOC
        vncagent-550   [003] ....   104.250132: kmalloc: call_site=80726764 caller(__alloc_skb+0x78/0x160) ptr=4bcd11f4 bytes_req=320 bytes_alloc=512 gfp_flags=GFP_KERNEL_ACCOUNT|__GFP_NOWARN|__GFP_NOMEMALLOC
        vncagent-550   [003] ....   104.250136: kfree: call_site=802cfc00 caller(vfs_writev+0xa0/0xe4) ptr=  (null)
        vncagent-550   [003] ....   104.250139: kfree: call_site=8071b8b8 caller(___sys_recvmsg+0x140/0x170) ptr=  (null)
 vncserver-x11-c-451   [000] ....   104.250144: kmalloc: call_site=80726764 caller(__alloc_skb+0x78/0x160) ptr=b3852994 bytes_req=256 bytes_alloc=256 gfp_flags=GFP_KERNEL_ACCOUNT|__GFP_NOWARN|__GFP_NOMEMALLOC
        vncagent-550   [003] ....   104.250152: kfree: call_site=80723a38 caller(skb_free_head+0x30/0x34) ptr=22598a23
        vncagent-550   [003] ....   104.250155: kfree: call_site=80723a38 caller(skb_free_head+0x30/0x34) ptr=b3852994
 vncserver-x11-c-451   [000] ....   104.250161: kmalloc: call_site=80726764 caller(__alloc_skb+0x78/0x160) ptr=4d0c7da4 bytes_req=256 bytes_alloc=256 gfp_flags=GFP_KERNEL_ACCOUNT|__GFP_NOWARN|__GFP_NOMEMALLOC
      tailscaled-522   [001] ....   104.250164: kmalloc: call_site=80726764 caller(__alloc_skb+0x78/0x160) ptr=67940b08 bytes_req=320 bytes_alloc=512 gfp_flags=GFP_KERNEL|__GFP_NOWARN|__GFP_NOMEMALLOC
        vncagent-550   [003] ....   104.250164: kfree: call_site=80723a38 caller(skb_free_head+0x30/0x34) ptr=4d0c7da4
        vncagent-550   [003] ....   104.250175: kmalloc: call_site=80726764 caller(__alloc_skb+0x78/0x160) ptr=6da2a3b4 bytes_req=320 bytes_alloc=512 gfp_flags=GFP_KERNEL_ACCOUNT|__GFP_NOWARN|__GFP_NOMEMALLOC
 vncserver-x11-c-451   [000] ....   104.250176: kmalloc: call_site=80726764 caller(__alloc_skb+0x78/0x160) ptr=7401dc6a bytes_req=256 bytes_alloc=256 gfp_flags=GFP_KERNEL_ACCOUNT|__GFP_NOWARN|__GFP_NOMEMALLOC
        vncagent-550   [003] ....   104.250178: kfree: call_site=802cfc00 caller(vfs_writev+0xa0/0xe4) ptr=  (null)
      tailscaled-522   [001] ....   104.250180: kfree: call_site=80723a38 caller(skb_free_head+0x30/0x34) ptr=67940b08
        vncagent-550   [003] ....   104.250182: kfree: call_site=8071b8b8 caller(___sys_recvmsg+0x140/0x170) ptr=  (null)
      tailscaled-522   [001] ....   104.250190: kmalloc: call_site=80726764 caller(__alloc_skb+0x78/0x160) ptr=67940b08 bytes_req=320 bytes_alloc=512 gfp_flags=GFP_KERNEL|__GFP_NOWARN|__GFP_NOMEMALLOC
 vncserver-x11-c-451   [000] ....   104.250190: kmalloc: call_site=80726764 caller(__alloc_skb+0x78/0x160) ptr=873897b4 bytes_req=256 bytes_alloc=256 gfp_flags=GFP_KERNEL_ACCOUNT|__GFP_NOWARN|__GFP_NOMEMALLOC
        vncagent-550   [003] ....   104.250194: kfree: call_site=80723a38 caller(skb_free_head+0x30/0x34) ptr=7401dc6a
        vncagent-550   [003] ....   104.250197: kfree: call_site=80723a38 caller(skb_free_head+0x30/0x34) ptr=873897b4
      tailscaled-522   [001] ....   104.250202: kfree: call_site=80723a38 caller(skb_free_head+0x30/0x34) ptr=bca4071d
 vncserver-x11-c-451   [000] ....   104.250205: kmalloc: call_site=80726764 caller(__alloc_skb+0x78/0x160) ptr=3d2f4f75 bytes_req=256 bytes_alloc=256 gfp_flags=GFP_KERNEL_ACCOUNT|__GFP_NOWARN|__GFP_NOMEMALLOC
      tailscaled-522   [001] ....   104.250206: kfree: call_site=80723a38 caller(skb_free_head+0x30/0x34) ptr=67940b08
      tailscaled-522   [001] ....   104.250209: kmalloc: call_site=80726764 caller(__alloc_skb+0x78/0x160) ptr=67940b08 bytes_req=512 bytes_alloc=512 gfp_flags=GFP_ATOMIC|__GFP_NOWARN|__GFP_NOMEMALLOC
        vncagent-550   [003] ....   104.250210: kmalloc: call_site=80726764 caller(__alloc_skb+0x78/0x160) ptr=0b388493 bytes_req=320 bytes_alloc=512 gfp_flags=GFP_KERNEL_ACCOUNT|__GFP_NOWARN|__GFP_NOMEMALLOC
        vncagent-550   [003] ....   104.250213: kfree: call_site=802cfc00 caller(vfs_writev+0xa0/0xe4) ptr=  (null)
        vncagent-550   [003] ....   104.250216: kfree: call_site=8071b8b8 caller(___sys_recvmsg+0x140/0x170) ptr=  (null)
 vncserver-x11-c-451   [000] ....   104.250220: kmalloc: call_site=80726764 caller(__alloc_skb+0x78/0x160) ptr=98c75394 bytes_req=256 bytes_alloc=256 gfp_flags=GFP_KERNEL_ACCOUNT|__GFP_NOWARN|__GFP_NOMEMALLOC
        vncagent-550   [003] ....   104.250228: kfree: call_site=80723a38 caller(skb_free_head+0x30/0x34) ptr=3d2f4f75
        vncagent-550   [003] ....   104.250231: kfree: call_site=80723a38 caller(skb_free_head+0x30/0x34) ptr=98c75394
 vncserver-x11-c-451   [000] ....   104.250235: kmalloc: call_site=80726764 caller(__alloc_skb+0x78/0x160) ptr=e4cb2cfb bytes_req=256 bytes_alloc=256 gfp_flags=GFP_KERNEL_ACCOUNT|__GFP_NOWARN|__GFP_NOMEMALLOC
        vncagent-550   [003] ....   104.250240: kfree: call_site=80723a38 caller(skb_free_head+0x30/0x34) ptr=e4cb2cfb
 vncserver-x11-c-451   [000] ....   104.250250: kmalloc: call_site=80726764 caller(__alloc_skb+0x78/0x160) ptr=b0117870 bytes_req=256 bytes_alloc=256 gfp_flags=GFP_KERNEL_ACCOUNT|__GFP_NOWARN|__GFP_NOMEMALLOC
        vncagent-550   [003] ....   104.250251: kmalloc: call_site=80726764 caller(__alloc_skb+0x78/0x160) ptr=c0edd63a bytes_req=320 bytes_alloc=512 gfp_flags=GFP_KERNEL_ACCOUNT|__GFP_NOWARN|__GFP_NOMEMALLOC
        vncagent-550   [003] ....   104.250254: kfree: call_site=802cfc00 caller(vfs_writev+0xa0/0xe4) ptr=  (null)
        vncagent-550   [003] ....   104.250258: kfree: call_site=8071b8b8 caller(___sys_recvmsg+0x140/0x170) ptr=  (null)
 vncserver-x11-c-451   [000] ....   104.250265: kmalloc: call_site=80726764 caller(__alloc_skb+0x78/0x160) ptr=d8b4b9f8 bytes_req=256 bytes_alloc=256 gfp_flags=GFP_KERNEL_ACCOUNT|__GFP_NOWARN|__GFP_NOMEMALLOC
        vncagent-550   [003] ....   104.250270: kfree: call_site=80723a38 caller(skb_free_head+0x30/0x34) ptr=b0117870
        vncagent-550   [003] ....   104.250272: kfree: call_site=80723a38 caller(skb_free_head+0x30/0x34) ptr=d8b4b9f8
 vncserver-x11-c-451   [000] ....   104.250280: kmalloc: call_site=80726764 caller(__alloc_skb+0x78/0x160) ptr=6ac2cd3a bytes_req=256 bytes_alloc=256 gfp_flags=GFP_KERNEL_ACCOUNT|__GFP_NOWARN|__GFP_NOMEMALLOC
        vncagent-550   [003] ....   104.250287: kmalloc: call_site=80726764 caller(__alloc_skb+0x78/0x160) ptr=6600f5d7 bytes_req=320 bytes_alloc=512 gfp_flags=GFP_KERNEL_ACCOUNT|__GFP_NOWARN|__GFP_NOMEMALLOC
        vncagent-550   [003] ....   104.250290: kfree: call_site=802cfc00 caller(vfs_writev+0xa0/0xe4) ptr=  (null)
        vncagent-550   [003] ....   104.250293: kfree: call_site=8071b8b8 caller(___sys_recvmsg+0x140/0x170) ptr=  (null)
 vncserver-x11-c-451   [000] ....   104.250295: kmalloc: call_site=80726764 caller(__alloc_skb+0x78/0x160) ptr=557d90b2 bytes_req=256 bytes_alloc=256 gfp_flags=GFP_KERNEL_ACCOUNT|__GFP_NOWARN|__GFP_NOMEMALLOC
        vncagent-550   [003] ....   104.250306: kfree: call_site=80723a38 caller(skb_free_head+0x30/0x34) ptr=6ac2cd3a
        vncagent-550   [003] ....   104.250308: kfree: call_site=80723a38 caller(skb_free_head+0x30/0x34) ptr=557d90b2
 vncserver-x11-c-451   [000] ....   104.250310: kmalloc: call_site=80726764 caller(__alloc_skb+0x78/0x160) ptr=2ad31bc6 bytes_req=256 bytes_alloc=256 gfp_flags=GFP_KERNEL_ACCOUNT|__GFP_NOWARN|__GFP_NOMEMALLOC
        vncagent-550   [003] ....   104.250317: kfree: call_site=80723a38 caller(skb_free_head+0x30/0x34) ptr=2ad31bc6
 vncserver-x11-c-451   [000] ....   104.250325: kmalloc: call_site=80726764 caller(__alloc_skb+0x78/0x160) ptr=d47c5b71 bytes_req=256 bytes_alloc=256 gfp_flags=GFP_KERNEL_ACCOUNT|__GFP_NOWARN|__GFP_NOMEMALLOC
        vncagent-550   [003] ....   104.250327: kmalloc: call_site=80726764 caller(__alloc_skb+0x78/0x160) ptr=84b28812 bytes_req=320 bytes_alloc=512 gfp_flags=GFP_KERNEL_ACCOUNT|__GFP_NOWARN|__GFP_NOMEMALLOC
        vncagent-550   [003] ....   104.250331: kfree: call_site=802cfc00 caller(vfs_writev+0xa0/0xe4) ptr=  (null)
        vncagent-550   [003] ....   104.250334: kfree: call_site=8071b8b8 caller(___sys_recvmsg+0x140/0x170) ptr=  (null)
 vncserver-x11-c-451   [000] ....   104.250340: kmalloc: call_site=80726764 caller(__alloc_skb+0x78/0x160) ptr=2ad31bc6 bytes_req=256 bytes_alloc=256 gfp_flags=GFP_KERNEL_ACCOUNT|__GFP_NOWARN|__GFP_NOMEMALLOC
        vncagent-550   [003] ....   104.250346: kfree: call_site=80723a38 caller(skb_free_head+0x30/0x34) ptr=d47c5b71
        vncagent-550   [003] ....   104.250349: kfree: call_site=80723a38 caller(skb_free_head+0x30/0x34) ptr=2ad31bc6
 vncserver-x11-c-451   [000] ....   104.250355: kmalloc: call_site=80726764 caller(__alloc_skb+0x78/0x160) ptr=557d90b2 bytes_req=256 bytes_alloc=256 gfp_flags=GFP_KERNEL_ACCOUNT|__GFP_NOWARN|__GFP_NOMEMALLOC
        vncagent-550   [003] ....   104.250363: kmalloc: call_site=80726764 caller(__alloc_skb+0x78/0x160) ptr=9f707d54 bytes_req=320 bytes_alloc=512 gfp_flags=GFP_KERNEL_ACCOUNT|__GFP_NOWARN|__GFP_NOMEMALLOC
        vncagent-550   [003] ....   104.250366: kfree: call_site=802cfc00 caller(vfs_writev+0xa0/0xe4) ptr=  (null)
        vncagent-550   [003] ....   104.250369: kfree: call_site=8071b8b8 caller(___sys_recvmsg+0x140/0x170) ptr=  (null)
 vncserver-x11-c-451   [000] ....   104.250370: kmalloc: call_site=80726764 caller(__alloc_skb+0x78/0x160) ptr=6ac2cd3a bytes_req=256 bytes_alloc=256 gfp_flags=GFP_KERNEL_ACCOUNT|__GFP_NOWARN|__GFP_NOMEMALLOC
        vncagent-550   [003] ....   104.250382: kfree: call_site=80723a38 caller(skb_free_head+0x30/0x34) ptr=557d90b2
        vncagent-550   [003] ....   104.250384: kfree: call_site=80723a38 caller(skb_free_head+0x30/0x34) ptr=6ac2cd3a
        vncagent-550   [003] ....   104.250397: kmalloc: call_site=80726764 caller(__alloc_skb+0x78/0x160) ptr=78e7c85a bytes_req=320 bytes_alloc=512 gfp_flags=GFP_KERNEL_ACCOUNT|__GFP_NOWARN|__GFP_NOMEMALLOC
        vncagent-550   [003] ....   104.250401: kfree: call_site=802cfc00 caller(vfs_writev+0xa0/0xe4) ptr=  (null)
        vncagent-550   [003] ....   104.250404: kfree: call_site=8071b8b8 caller(___sys_recvmsg+0x140/0x170) ptr=  (null)
      tailscaled-419   [001] ....   104.250895: kfree: call_site=8071b8b8 caller(___sys_recvmsg+0x140/0x170) ptr=  (null)
      tailscaled-419   [001] ....   104.250900: kfree: call_site=8071b8b8 caller(___sys_recvmsg+0x140/0x170) ptr=  (null)
      tailscaled-419   [001] ....   104.251033: kfree: call_site=8071b8b8 caller(___sys_recvmsg+0x140/0x170) ptr=  (null)
      tailscaled-419   [001] ....   104.251035: kfree: call_site=8071b8b8 caller(___sys_recvmsg+0x140/0x170) ptr=  (null)
      tailscaled-419   [001] ....   104.251126: kfree: call_site=8071b8b8 caller(___sys_recvmsg+0x140/0x170) ptr=  (null)
      tailscaled-419   [001] ....   104.251129: kfree: call_site=8071b8b8 caller(___sys_recvmsg+0x140/0x170) ptr=  (null)
      tailscaled-419   [001] ....   104.251205: kfree: call_site=8071b8b8 caller(___sys_recvmsg+0x140/0x170) ptr=  (null)
      tailscaled-419   [001] ....   104.251207: kfree: call_site=8071b8b8 caller(___sys_recvmsg+0x140/0x170) ptr=  (null)
      tailscaled-419   [001] ....   104.251284: kfree: call_site=8071b8b8 caller(___sys_recvmsg+0x140/0x170) ptr=  (null)
      tailscaled-419   [001] ....   104.251307: kfree: call_site=8071b8b8 caller(___sys_recvmsg+0x140/0x170) ptr=  (null)
      tailscaled-419   [001] ....   104.251309: kfree: call_site=8071b8b8 caller(___sys_recvmsg+0x140/0x170) ptr=  (null)
      tailscaled-419   [001] ....   104.251383: kfree: call_site=8071b8b8 caller(___sys_recvmsg+0x140/0x170) ptr=  (null)
      tailscaled-525   [000] ....   104.251446: kmalloc: call_site=80726764 caller(__alloc_skb+0x78/0x160) ptr=a1e4e355 bytes_req=320 bytes_alloc=512 gfp_flags=GFP_KERNEL|__GFP_NOWARN|__GFP_NOMEMALLOC
      tailscaled-419   [001] ....   104.251463: kfree: call_site=8071b8b8 caller(___sys_recvmsg+0x140/0x170) ptr=  (null)
      tailscaled-419   [001] ....   104.251466: kfree: call_site=8071b8b8 caller(___sys_recvmsg+0x140/0x170) ptr=  (null)
      tailscaled-525   [000] ....   104.251529: kfree: call_site=80723a38 caller(skb_free_head+0x30/0x34) ptr=a1e4e355
      tailscaled-419   [001] ....   104.251575: kfree: call_site=8071b8b8 caller(___sys_recvmsg+0x140/0x170) ptr=  (null)
      tailscaled-419   [001] ....   104.251577: kfree: call_site=8071b8b8 caller(___sys_recvmsg+0x140/0x170) ptr=  (null)
            Xorg-546   [000] ....   104.251720: kmalloc: call_site=80726764 caller(__alloc_skb+0x78/0x160) ptr=e4e781db bytes_req=256 bytes_alloc=256 gfp_flags=GFP_KERNEL_ACCOUNT|__GFP_NOWARN|__GFP_NOMEMALLOC
      tailscaled-419   [001] ....   104.251742: kfree: call_site=8071b8b8 caller(___sys_recvmsg+0x140/0x170) ptr=  (null)
            Xorg-546   [000] ....   104.251745: kfree: call_site=802cfc00 caller(vfs_writev+0xa0/0xe4) ptr=  (null)
            Xorg-546   [000] ....   104.251752: kmalloc: call_site=80726764 caller(__alloc_skb+0x78/0x160) ptr=9374a7e9 bytes_req=256 bytes_alloc=256 gfp_flags=GFP_KERNEL_ACCOUNT|__GFP_NOWARN|__GFP_NOMEMALLOC
            Xorg-546   [000] ....   104.251755: kfree: call_site=802cfc00 caller(vfs_writev+0xa0/0xe4) ptr=  (null)
            Xorg-546   [000] ....   104.251759: kmalloc: call_site=80726764 caller(__alloc_skb+0x78/0x160) ptr=77b02d73 bytes_req=256 bytes_alloc=256 gfp_flags=GFP_KERNEL_ACCOUNT|__GFP_NOWARN|__GFP_NOMEMALLOC
            Xorg-546   [000] ....   104.251762: kfree: call_site=802cfc00 caller(vfs_writev+0xa0/0xe4) ptr=  (null)
            Xorg-546   [000] ....   104.251767: kmalloc: call_site=80726764 caller(__alloc_skb+0x78/0x160) ptr=668b3ec3 bytes_req=256 bytes_alloc=256 gfp_flags=GFP_KERNEL_ACCOUNT|__GFP_NOWARN|__GFP_NOMEMALLOC
            Xorg-546   [000] ....   104.251769: kfree: call_site=802cfc00 caller(vfs_writev+0xa0/0xe4) ptr=  (null)
        vncagent-550   [003] ....   104.251869: kfree: call_site=80723a38 caller(skb_free_head+0x30/0x34) ptr=e4e781db
        vncagent-550   [003] ....   104.251875: kfree: call_site=80723a38 caller(skb_free_head+0x30/0x34) ptr=9374a7e9
        vncagent-550   [003] ....   104.251878: kfree: call_site=80723a38 caller(skb_free_head+0x30/0x34) ptr=77b02d73
        vncagent-550   [003] ....   104.251882: kfree: call_site=80723a38 caller(skb_free_head+0x30/0x34) ptr=668b3ec3
        vncagent-550   [003] ....   104.251884: kfree: call_site=8071b8b8 caller(___sys_recvmsg+0x140/0x170) ptr=  (null)
      tailscaled-419   [001] ....   104.251892: kmalloc: call_site=80726764 caller(__alloc_skb+0x78/0x160) ptr=a42f5967 bytes_req=384 bytes_alloc=512 gfp_flags=GFP_KERNEL|__GFP_NOWARN|__GFP_NOMEMALLOC
        vncagent-550   [003] ....   104.251911: kfree: call_site=8071b8b8 caller(___sys_recvmsg+0x140/0x170) ptr=  (null)
            Xorg-546   [000] ....   104.251911: kmalloc: call_site=80726764 caller(__alloc_skb+0x78/0x160) ptr=25c975f5 bytes_req=256 bytes_alloc=256 gfp_flags=GFP_KERNEL_ACCOUNT|__GFP_NOWARN|__GFP_NOMEMALLOC
            Xorg-546   [000] ....   104.251919: kfree: call_site=802cfc00 caller(vfs_writev+0xa0/0xe4) ptr=  (null)
            Xorg-546   [000] ....   104.251925: kfree: call_site=8071b8b8 caller(___sys_recvmsg+0x140/0x170) ptr=  (null)
        vncagent-550   [003] ....   104.251945: kfree: call_site=8071b8b8 caller(___sys_recvmsg+0x140/0x170) ptr=  (null)
         openbox-680   [001] ....   104.251976: kfree: call_site=80723a38 caller(skb_free_head+0x30/0x34) ptr=25c975f5
         openbox-680   [001] ....   104.251979: kfree: call_site=8071b8b8 caller(___sys_recvmsg+0x140/0x170) ptr=  (null)
         openbox-680   [001] ....   104.252053: kfree: call_site=8071b8b8 caller(___sys_recvmsg+0x140/0x170) ptr=  (null)
         openbox-680   [001] ....   104.252058: kfree: call_site=8071b8b8 caller(___sys_recvmsg+0x140/0x170) ptr=  (null)
         openbox-680   [001] ....   104.252065: kfree: call_site=8071b8b8 caller(___sys_recvmsg+0x140/0x170) ptr=  (null)
         openbox-680   [001] ....   104.252067: kfree: call_site=8071b8b8 caller(___sys_recvmsg+0x140/0x170) ptr=  (null)
         openbox-680   [001] ....   104.252133: kmalloc: call_site=80726764 caller(__alloc_skb+0x78/0x160) ptr=d9a5df80 bytes_req=448 bytes_alloc=512 gfp_flags=GFP_KERNEL_ACCOUNT|__GFP_NOWARN|__GFP_NOMEMALLOC
         openbox-680   [001] ....   104.252140: kfree: call_site=802cfc00 caller(vfs_writev+0xa0/0xe4) ptr=  (null)
         openbox-680   [001] ....   104.252147: kfree: call_site=8071b8b8 caller(___sys_recvmsg+0x140/0x170) ptr=  (null)
         openbox-680   [001] ....   104.252149: kfree: call_site=8071b8b8 caller(___sys_recvmsg+0x140/0x170) ptr=  (null)
         openbox-680   [001] ....   104.252163: kmalloc: call_site=80726764 caller(__alloc_skb+0x78/0x160) ptr=c829f0c6 bytes_req=256 bytes_alloc=256 gfp_flags=GFP_KERNEL_ACCOUNT|__GFP_NOWARN|__GFP_NOMEMALLOC
         openbox-680   [001] ....   104.252166: kfree: call_site=802cfc00 caller(vfs_writev+0xa0/0xe4) ptr=  (null)
      tailscaled-419   [001] ....   104.252283: kmalloc: call_site=80726764 caller(__alloc_skb+0x78/0x160) ptr=9ff93bf1 bytes_req=320 bytes_alloc=512 gfp_flags=GFP_KERNEL|__GFP_NOWARN|__GFP_NOMEMALLOC
      tailscaled-419   [001] ....   104.252330: kfree: call_site=80723a38 caller(skb_free_head+0x30/0x34) ptr=9ff93bf1
      tailscaled-419   [001] ....   104.252375: kmalloc: call_site=80726764 caller(__alloc_skb+0x78/0x160) ptr=9ff93bf1 bytes_req=320 bytes_alloc=512 gfp_flags=GFP_KERNEL|__GFP_NOWARN|__GFP_NOMEMALLOC
            Xorg-546   [000] ....   104.252378: kfree: call_site=80723a38 caller(skb_free_head+0x30/0x34) ptr=56af3f3a
            Xorg-546   [000] ....   104.252385: kfree: call_site=80723a38 caller(skb_free_head+0x30/0x34) ptr=b7c1ba3a
            Xorg-546   [000] ....   104.252390: kfree: call_site=80723a38 caller(skb_free_head+0x30/0x34) ptr=4bcd11f4
      tailscaled-419   [001] ....   104.252391: kfree: call_site=80723a38 caller(skb_free_head+0x30/0x34) ptr=d4167a18
            Xorg-546   [000] ....   104.252395: kfree: call_site=80723a38 caller(skb_free_head+0x30/0x34) ptr=6da2a3b4
      tailscaled-419   [001] ....   104.252396: kfree: call_site=80723a38 caller(skb_free_head+0x30/0x34) ptr=9ff93bf1
            Xorg-546   [000] ....   104.252398: kfree: call_site=80723a38 caller(skb_free_head+0x30/0x34) ptr=0b388493
            Xorg-546   [000] ....   104.252403: kfree: call_site=80723a38 caller(skb_free_head+0x30/0x34) ptr=c0edd63a
            Xorg-546   [000] ....   104.252420: kfree: call_site=80723a38 caller(skb_free_head+0x30/0x34) ptr=6600f5d7
            Xorg-546   [000] ....   104.252424: kfree: call_site=80723a38 caller(skb_free_head+0x30/0x34) ptr=84b28812
            Xorg-546   [000] ....   104.252428: kfree: call_site=80723a38 caller(skb_free_head+0x30/0x34) ptr=9f707d54
      tailscaled-419   [001] ....   104.252431: kmalloc: call_site=80726764 caller(__alloc_skb+0x78/0x160) ptr=9ff93bf1 bytes_req=320 bytes_alloc=512 gfp_flags=GFP_KERNEL|__GFP_NOWARN|__GFP_NOMEMALLOC
            Xorg-546   [000] ....   104.252433: kfree: call_site=80723a38 caller(skb_free_head+0x30/0x34) ptr=78e7c85a
            Xorg-546   [000] ....   104.252435: kfree: call_site=8071b8b8 caller(___sys_recvmsg+0x140/0x170) ptr=  (null)
      tailscaled-419   [001] ....   104.252447: kfree: call_site=80723a38 caller(skb_free_head+0x30/0x34) ptr=9ff93bf1
      tailscaled-419   [001] ....   104.252480: kmalloc: call_site=80726764 caller(__alloc_skb+0x78/0x160) ptr=9ff93bf1 bytes_req=320 bytes_alloc=512 gfp_flags=GFP_KERNEL|__GFP_NOWARN|__GFP_NOMEMALLOC
      tailscaled-419   [001] ....   104.252497: kfree: call_site=80723a38 caller(skb_free_head+0x30/0x34) ptr=9ff93bf1
      tailscaled-419   [001] ....   104.252530: kmalloc: call_site=80726764 caller(__alloc_skb+0x78/0x160) ptr=9ff93bf1 bytes_req=320 bytes_alloc=512 gfp_flags=GFP_KERNEL|__GFP_NOWARN|__GFP_NOMEMALLOC
      tailscaled-533   [003] ....   104.252538: kfree: call_site=8071b8b8 caller(___sys_recvmsg+0x140/0x170) ptr=  (null)
      tailscaled-419   [001] ....   104.252543: kfree: call_site=80723a38 caller(skb_free_head+0x30/0x34) ptr=6e37516a
      tailscaled-533   [003] ....   104.252545: kfree: call_site=8071b8b8 caller(___sys_recvmsg+0x140/0x170) ptr=  (null)
      tailscaled-419   [001] ....   104.252548: kfree: call_site=80723a38 caller(skb_free_head+0x30/0x34) ptr=9ff93bf1
      tailscaled-533   [003] ....   104.252550: kfree: call_site=8071b8b8 caller(___sys_recvmsg+0x140/0x170) ptr=  (null)
      tailscaled-533   [003] ....   104.252555: kfree: call_site=8071b8b8 caller(___sys_recvmsg+0x140/0x170) ptr=  (null)
      tailscaled-533   [003] ....   104.252559: kfree: call_site=8071b8b8 caller(___sys_recvmsg+0x140/0x170) ptr=  (null)
            Xorg-546   [000] ....   104.252560: kmalloc: call_site=80726764 caller(__alloc_skb+0x78/0x160) ptr=36d4bccd bytes_req=256 bytes_alloc=256 gfp_flags=GFP_KERNEL_ACCOUNT|__GFP_NOWARN|__GFP_NOMEMALLOC
      tailscaled-533   [003] ....   104.252561: kfree: call_site=8071b8b8 caller(___sys_recvmsg+0x140/0x170) ptr=  (null)
            Xorg-546   [000] ....   104.252568: kfree: call_site=802cfc00 caller(vfs_writev+0xa0/0xe4) ptr=  (null)
         openbox-680   [001] ....   104.252596: kfree: call_site=80723a38 caller(skb_free_head+0x30/0x34) ptr=36d4bccd
         openbox-680   [001] ....   104.252600: kfree: call_site=8071b8b8 caller(___sys_recvmsg+0x140/0x170) ptr=  (null)
      tailscaled-533   [003] ....   104.252737: kfree: call_site=8071b8b8 caller(___sys_recvmsg+0x140/0x170) ptr=  (null)
            Xorg-546   [000] ....   104.252786: kmalloc: call_site=80726764 caller(__alloc_skb+0x78/0x160) ptr=5a9a6455 bytes_req=256 bytes_alloc=256 gfp_flags=GFP_KERNEL_ACCOUNT|__GFP_NOWARN|__GFP_NOMEMALLOC
            Xorg-546   [000] ....   104.252794: kfree: call_site=802cfc00 caller(vfs_writev+0xa0/0xe4) ptr=  (null)
         openbox-680   [001] ....   104.252819: kfree: call_site=80723a38 caller(skb_free_head+0x30/0x34) ptr=5a9a6455
         openbox-680   [001] ....   104.252823: kfree: call_site=8071b8b8 caller(___sys_recvmsg+0x140/0x170) ptr=  (null)
      tailscaled-522   [001] ....   104.252841: kmalloc: call_site=80726764 caller(__alloc_skb+0x78/0x160) ptr=b354c24f bytes_req=1664 bytes_alloc=2048 gfp_flags=GFP_KERNEL|__GFP_NOWARN|__GFP_NOMEMALLOC
      tailscaled-522   [001] ....   104.252854: kfree: call_site=8079d578 caller(__ip_make_skb+0x2fc/0x3e4) ptr=  (null)
      tailscaled-522   [001] ....   104.252921: kfree: call_site=8071b63c caller(___sys_sendmsg+0x114/0x250) ptr=  (null)
      tailscaled-522   [001] ....   104.252933: kmalloc: call_site=80726764 caller(__alloc_skb+0x78/0x160) ptr=21d5fe57 bytes_req=1664 bytes_alloc=2048 gfp_flags=GFP_KERNEL|__GFP_NOWARN|__GFP_NOMEMALLOC
      tailscaled-522   [001] ....   104.252940: kfree: call_site=8079d578 caller(__ip_make_skb+0x2fc/0x3e4) ptr=  (null)
            Xorg-546   [000] ....   104.252950: kmalloc: call_site=80726764 caller(__alloc_skb+0x78/0x160) ptr=bbe85454 bytes_req=256 bytes_alloc=256 gfp_flags=GFP_KERNEL_ACCOUNT|__GFP_NOWARN|__GFP_NOMEMALLOC
            Xorg-546   [000] ....   104.252955: kfree: call_site=802cfc00 caller(vfs_writev+0xa0/0xe4) ptr=  (null)
      tailscaled-522   [001] .n..   104.252975: kfree: call_site=8071b63c caller(___sys_sendmsg+0x114/0x250) ptr=  (null)
         openbox-680   [001] ....   104.252991: kfree: call_site=80723a38 caller(skb_free_head+0x30/0x34) ptr=bbe85454
         openbox-680   [001] ....   104.252994: kfree: call_site=8071b8b8 caller(___sys_recvmsg+0x140/0x170) ptr=  (null)
      tailscaled-533   [003] ....   104.252997: kmalloc: call_site=80726764 caller(__alloc_skb+0x78/0x160) ptr=d3dcd99d bytes_req=320 bytes_alloc=512 gfp_flags=GFP_KERNEL|__GFP_NOWARN|__GFP_NOMEMALLOC
      tailscaled-522   [001] ....   104.253023: kmalloc: call_site=80726764 caller(__alloc_skb+0x78/0x160) ptr=e64ddf83 bytes_req=1664 bytes_alloc=2048 gfp_flags=GFP_KERNEL|__GFP_NOWARN|__GFP_NOMEMALLOC
      tailscaled-522   [001] ....   104.253032: kfree: call_site=8079d578 caller(__ip_make_skb+0x2fc/0x3e4) ptr=  (null)
      tailscaled-522   [001] ....   104.253047: kfree: call_site=8071b63c caller(___sys_sendmsg+0x114/0x250) ptr=  (null)
      tailscaled-533   [003] ....   104.253057: kfree: call_site=80723a38 caller(skb_free_head+0x30/0x34) ptr=d3dcd99d
      tailscaled-533   [003] ....   104.253095: kmalloc: call_site=80726764 caller(__alloc_skb+0x78/0x160) ptr=d3dcd99d bytes_req=384 bytes_alloc=512 gfp_flags=GFP_KERNEL|__GFP_NOWARN|__GFP_NOMEMALLOC
      tailscaled-533   [003] ....   104.253115: kfree: call_site=80723a38 caller(skb_free_head+0x30/0x34) ptr=947f7530
      tailscaled-533   [003] ....   104.253127: kfree: call_site=80723a38 caller(skb_free_head+0x30/0x34) ptr=d3dcd99d
      tailscaled-522   [001] ....   104.253129: kmalloc: call_site=80726764 caller(__alloc_skb+0x78/0x160) ptr=d67cb629 bytes_req=1664 bytes_alloc=2048 gfp_flags=GFP_KERNEL|__GFP_NOWARN|__GFP_NOMEMALLOC
      tailscaled-522   [001] ....   104.253134: kfree: call_site=8079d578 caller(__ip_make_skb+0x2fc/0x3e4) ptr=  (null)
    kworker/u8:1-45    [003] ....   104.253150: kfree: call_site=80723a38 caller(skb_free_head+0x30/0x34) ptr=b354c24f
      tailscaled-522   [001] .n..   104.253156: kfree: call_site=8071b63c caller(___sys_sendmsg+0x114/0x250) ptr=  (null)
    kworker/u8:1-45    [003] ....   104.253188: kmalloc: call_site=80593cb4 caller(bcm2835_dma_create_cb_chain+0x50/0x30c) ptr=14906ea7 bytes_req=100 bytes_alloc=128 gfp_flags=GFP_KERNEL|__GFP_ZERO
      tailscaled-522   [001] ....   104.253199: kmalloc: call_site=80726764 caller(__alloc_skb+0x78/0x160) ptr=d87353fa bytes_req=1664 bytes_alloc=2048 gfp_flags=GFP_KERNEL|__GFP_NOWARN|__GFP_NOMEMALLOC
      tailscaled-522   [001] ....   104.253204: kfree: call_site=8079d578 caller(__ip_make_skb+0x2fc/0x3e4) ptr=  (null)
      tailscaled-533   [003] ....   104.253212: kmalloc: call_site=80726764 caller(__alloc_skb+0x78/0x160) ptr=d3dcd99d bytes_req=320 bytes_alloc=512 gfp_flags=GFP_KERNEL|__GFP_NOWARN|__GFP_NOMEMALLOC
      tailscaled-522   [001] ....   104.253219: kfree: call_site=8071b63c caller(___sys_sendmsg+0x114/0x250) ptr=  (null)
            Xorg-546   [000] ....   104.253228: kmalloc: call_site=80726764 caller(__alloc_skb+0x78/0x160) ptr=85246c11 bytes_req=256 bytes_alloc=256 gfp_flags=GFP_KERNEL_ACCOUNT|__GFP_NOWARN|__GFP_NOMEMALLOC
      tailscaled-533   [003] ....   104.253233: kfree: call_site=80723a38 caller(skb_free_head+0x30/0x34) ptr=d3dcd99d
            Xorg-546   [000] ....   104.253235: kfree: call_site=802cfc00 caller(vfs_writev+0xa0/0xe4) ptr=  (null)
      tailscaled-533   [003] ....   104.253242: kmalloc: call_site=80726764 caller(__alloc_skb+0x78/0x160) ptr=d3dcd99d bytes_req=320 bytes_alloc=512 gfp_flags=GFP_KERNEL|__GFP_NOWARN|__GFP_NOMEMALLOC
         openbox-680   [001] ....   104.253253: kfree: call_site=80723a38 caller(skb_free_head+0x30/0x34) ptr=85246c11
         openbox-680   [001] ....   104.253256: kfree: call_site=8071b8b8 caller(___sys_recvmsg+0x140/0x170) ptr=  (null)
      tailscaled-533   [003] ....   104.253256: kfree: call_site=80723a38 caller(skb_free_head+0x30/0x34) ptr=d3dcd99d
      tailscaled-533   [003] ....   104.253265: kmalloc: call_site=80726764 caller(__alloc_skb+0x78/0x160) ptr=d3dcd99d bytes_req=320 bytes_alloc=512 gfp_flags=GFP_KERNEL|__GFP_NOWARN|__GFP_NOMEMALLOC
      tailscaled-533   [003] ....   104.253277: kfree: call_site=80723a38 caller(skb_free_head+0x30/0x34) ptr=ee0b61f0
      tailscaled-533   [003] ....   104.253282: kfree: call_site=80723a38 caller(skb_free_head+0x30/0x34) ptr=d3dcd99d
            Xorg-546   [000] ....   104.253385: kmalloc: call_site=80726764 caller(__alloc_skb+0x78/0x160) ptr=7ac0b9e5 bytes_req=256 bytes_alloc=256 gfp_flags=GFP_KERNEL_ACCOUNT|__GFP_NOWARN|__GFP_NOMEMALLOC
            Xorg-546   [000] ..s.   104.253385: kfree: call_site=80593c60 caller(bcm2835_dma_free_cb_chain+0x5c/0x60) ptr=14906ea7
            Xorg-546   [000] ....   104.253407: kfree: call_site=802cfc00 caller(vfs_writev+0xa0/0xe4) ptr=  (null)
         openbox-680   [001] ....   104.253429: kfree: call_site=80723a38 caller(skb_free_head+0x30/0x34) ptr=7ac0b9e5
         openbox-680   [001] ....   104.253432: kfree: call_site=8071b8b8 caller(___sys_recvmsg+0x140/0x170) ptr=  (null)
    kworker/u8:1-45    [003] ....   104.253450: kfree: call_site=80723a38 caller(skb_free_head+0x30/0x34) ptr=21d5fe57
    kworker/u8:1-45    [003] ....   104.253455: kfree: call_site=80723a38 caller(skb_free_head+0x30/0x34) ptr=e64ddf83
    kworker/u8:1-45    [003] ....   104.253458: kfree: call_site=80723a38 caller(skb_free_head+0x30/0x34) ptr=d67cb629
            Xorg-546   [000] ....   104.253600: kmalloc: call_site=80726764 caller(__alloc_skb+0x78/0x160) ptr=fcb7c07d bytes_req=256 bytes_alloc=256 gfp_flags=GFP_KERNEL_ACCOUNT|__GFP_NOWARN|__GFP_NOMEMALLOC
            Xorg-546   [000] ....   104.253605: kfree: call_site=802cfc00 caller(vfs_writev+0xa0/0xe4) ptr=  (null)
    kworker/u8:1-45    [003] ....   104.253606: kfree: call_site=80723a38 caller(skb_free_head+0x30/0x34) ptr=d87353fa
         openbox-680   [001] ....   104.253620: kfree: call_site=80723a38 caller(skb_free_head+0x30/0x34) ptr=fcb7c07d
         openbox-680   [001] ....   104.253622: kfree: call_site=8071b8b8 caller(___sys_recvmsg+0x140/0x170) ptr=  (null)
            Xorg-546   [000] ....   104.253760: kmalloc: call_site=80726764 caller(__alloc_skb+0x78/0x160) ptr=91ce3a73 bytes_req=256 bytes_alloc=256 gfp_flags=GFP_KERNEL_ACCOUNT|__GFP_NOWARN|__GFP_NOMEMALLOC
            Xorg-546   [000] ....   104.253765: kfree: call_site=802cfc00 caller(vfs_writev+0xa0/0xe4) ptr=  (null)
         openbox-680   [001] ....   104.253782: kfree: call_site=80723a38 caller(skb_free_head+0x30/0x34) ptr=91ce3a73
         openbox-680   [001] ....   104.253785: kfree: call_site=8071b8b8 caller(___sys_recvmsg+0x140/0x170) ptr=  (null)
            Xorg-546   [000] ....   104.253910: kmalloc: call_site=80726764 caller(__alloc_skb+0x78/0x160) ptr=91ce3a73 bytes_req=256 bytes_alloc=256 gfp_flags=GFP_KERNEL_ACCOUNT|__GFP_NOWARN|__GFP_NOMEMALLOC
            Xorg-546   [000] ....   104.253915: kfree: call_site=802cfc00 caller(vfs_writev+0xa0/0xe4) ptr=  (null)
         openbox-680   [001] ....   104.253928: kfree: call_site=80723a38 caller(skb_free_head+0x30/0x34) ptr=91ce3a73
         openbox-680   [001] ....   104.253931: kfree: call_site=8071b8b8 caller(___sys_recvmsg+0x140/0x170) ptr=  (null)
      tailscaled-533   [003] ....   104.253985: kfree: call_site=8071b8b8 caller(___sys_recvmsg+0x140/0x170) ptr=  (null)
      tailscaled-533   [003] ....   104.253989: kfree: call_site=8071b8b8 caller(___sys_recvmsg+0x140/0x170) ptr=  (null)
            Xorg-546   [000] ....   104.254045: kmalloc: call_site=80726764 caller(__alloc_skb+0x78/0x160) ptr=fcb7c07d bytes_req=256 bytes_alloc=256 gfp_flags=GFP_KERNEL_ACCOUNT|__GFP_NOWARN|__GFP_NOMEMALLOC
            Xorg-546   [000] ....   104.254050: kfree: call_site=802cfc00 caller(vfs_writev+0xa0/0xe4) ptr=  (null)
        vncagent-550   [003] ....   104.254050: kfree: call_site=8071b8b8 caller(___sys_recvmsg+0x140/0x170) ptr=  (null)
         openbox-680   [001] ....   104.254062: kfree: call_site=80723a38 caller(skb_free_head+0x30/0x34) ptr=fcb7c07d
         openbox-680   [001] ....   104.254065: kfree: call_site=8071b8b8 caller(___sys_recvmsg+0x140/0x170) ptr=  (null)
            Xorg-546   [000] ....   104.254164: kmalloc: call_site=80726764 caller(__alloc_skb+0x78/0x160) ptr=7ac0b9e5 bytes_req=256 bytes_alloc=256 gfp_flags=GFP_KERNEL_ACCOUNT|__GFP_NOWARN|__GFP_NOMEMALLOC
            Xorg-546   [000] ....   104.254169: kfree: call_site=802cfc00 caller(vfs_writev+0xa0/0xe4) ptr=  (null)
         openbox-680   [001] ....   104.254181: kfree: call_site=80723a38 caller(skb_free_head+0x30/0x34) ptr=7ac0b9e5
         openbox-680   [001] ....   104.254183: kfree: call_site=8071b8b8 caller(___sys_recvmsg+0x140/0x170) ptr=  (null)
      tailscaled-533   [003] ....   104.254198: kfree: call_site=8071b8b8 caller(___sys_recvmsg+0x140/0x170) ptr=  (null)
            Xorg-546   [000] ....   104.254282: kmalloc: call_site=80726764 caller(__alloc_skb+0x78/0x160) ptr=85246c11 bytes_req=256 bytes_alloc=256 gfp_flags=GFP_KERNEL_ACCOUNT|__GFP_NOWARN|__GFP_NOMEMALLOC
            Xorg-546   [000] ....   104.254287: kfree: call_site=802cfc00 caller(vfs_writev+0xa0/0xe4) ptr=  (null)
         openbox-680   [001] ....   104.254299: kfree: call_site=80723a38 caller(skb_free_head+0x30/0x34) ptr=85246c11
         openbox-680   [001] ....   104.254301: kfree: call_site=8071b8b8 caller(___sys_recvmsg+0x140/0x170) ptr=  (null)
      tailscaled-533   [003] ....   104.254346: kmalloc: call_site=80726764 caller(__alloc_skb+0x78/0x160) ptr=d3dcd99d bytes_req=384 bytes_alloc=512 gfp_flags=GFP_KERNEL|__GFP_NOWARN|__GFP_NOMEMALLOC
      tailscaled-533   [003] ....   104.254397: kfree: call_site=80723a38 caller(skb_free_head+0x30/0x34) ptr=d3dcd99d
            Xorg-546   [000] ....   104.254399: kmalloc: call_site=80726764 caller(__alloc_skb+0x78/0x160) ptr=bbe85454 bytes_req=256 bytes_alloc=256 gfp_flags=GFP_KERNEL_ACCOUNT|__GFP_NOWARN|__GFP_NOMEMALLOC
            Xorg-546   [000] ....   104.254404: kfree: call_site=802cfc00 caller(vfs_writev+0xa0/0xe4) ptr=  (null)
         openbox-680   [001] ....   104.254417: kfree: call_site=80723a38 caller(skb_free_head+0x30/0x34) ptr=bbe85454
         openbox-680   [001] ....   104.254419: kfree: call_site=8071b8b8 caller(___sys_recvmsg+0x140/0x170) ptr=  (null)
            Xorg-546   [000] ....   104.254513: kmalloc: call_site=80726764 caller(__alloc_skb+0x78/0x160) ptr=5a9a6455 bytes_req=256 bytes_alloc=256 gfp_flags=GFP_KERNEL_ACCOUNT|__GFP_NOWARN|__GFP_NOMEMALLOC
            Xorg-546   [000] ....   104.254519: kfree: call_site=802cfc00 caller(vfs_writev+0xa0/0xe4) ptr=  (null)
         openbox-680   [001] ....   104.254532: kfree: call_site=80723a38 caller(skb_free_head+0x30/0x34) ptr=5a9a6455
         openbox-680   [001] ....   104.254534: kfree: call_site=8071b8b8 caller(___sys_recvmsg+0x140/0x170) ptr=  (null)
      tailscaled-535   [003] ....   104.254593: kmalloc: call_site=80726764 caller(__alloc_skb+0x78/0x160) ptr=85e0329b bytes_req=1664 bytes_alloc=2048 gfp_flags=GFP_KERNEL|__GFP_NOWARN|__GFP_NOMEMALLOC
      tailscaled-535   [003] ....   104.254605: kfree: call_site=8079d578 caller(__ip_make_skb+0x2fc/0x3e4) ptr=  (null)
            Xorg-546   [000] ....   104.254650: kmalloc: call_site=80726764 caller(__alloc_skb+0x78/0x160) ptr=36d4bccd bytes_req=256 bytes_alloc=256 gfp_flags=GFP_KERNEL_ACCOUNT|__GFP_NOWARN|__GFP_NOMEMALLOC
            Xorg-546   [000] ....   104.254656: kfree: call_site=802cfc00 caller(vfs_writev+0xa0/0xe4) ptr=  (null)
         openbox-680   [001] ....   104.254669: kfree: call_site=80723a38 caller(skb_free_head+0x30/0x34) ptr=36d4bccd
         openbox-680   [001] ....   104.254671: kfree: call_site=8071b8b8 caller(___sys_recvmsg+0x140/0x170) ptr=  (null)
      tailscaled-535   [003] .n..   104.254673: kfree: call_site=8071b63c caller(___sys_sendmsg+0x114/0x250) ptr=  (null)
      tailscaled-535   [003] ....   104.254744: kmalloc: call_site=80726764 caller(__alloc_skb+0x78/0x160) ptr=a14e4a19 bytes_req=1664 bytes_alloc=2048 gfp_flags=GFP_KERNEL|__GFP_NOWARN|__GFP_NOMEMALLOC
      tailscaled-535   [003] ....   104.254752: kfree: call_site=8079d578 caller(__ip_make_skb+0x2fc/0x3e4) ptr=  (null)
      tailscaled-535   [003] ....   104.254775: kfree: call_site=8071b63c caller(___sys_sendmsg+0x114/0x250) ptr=  (null)
    kworker/u8:1-45    [003] ....   104.254852: kfree: call_site=80723a38 caller(skb_free_head+0x30/0x34) ptr=85e0329b
            Xorg-546   [000] ....   104.254910: kmalloc: call_site=80726764 caller(__alloc_skb+0x78/0x160) ptr=25c975f5 bytes_req=256 bytes_alloc=256 gfp_flags=GFP_KERNEL_ACCOUNT|__GFP_NOWARN|__GFP_NOMEMALLOC
            Xorg-546   [000] ....   104.254915: kfree: call_site=802cfc00 caller(vfs_writev+0xa0/0xe4) ptr=  (null)
         openbox-680   [001] ....   104.254929: kfree: call_site=80723a38 caller(skb_free_head+0x30/0x34) ptr=25c975f5
         openbox-680   [001] ....   104.254931: kfree: call_site=8071b8b8 caller(___sys_recvmsg+0x140/0x170) ptr=  (null)
    kworker/u8:1-45    [003] ....   104.255015: kfree: call_site=80723a38 caller(skb_free_head+0x30/0x34) ptr=a14e4a19
            Xorg-546   [000] ....   104.255073: kmalloc: call_site=80726764 caller(__alloc_skb+0x78/0x160) ptr=668b3ec3 bytes_req=256 bytes_alloc=256 gfp_flags=GFP_KERNEL_ACCOUNT|__GFP_NOWARN|__GFP_NOMEMALLOC
            Xorg-546   [000] ....   104.255079: kfree: call_site=802cfc00 caller(vfs_writev+0xa0/0xe4) ptr=  (null)
      tailscaled-535   [003] ....   104.255086: kmalloc: call_site=80726764 caller(__alloc_skb+0x78/0x160) ptr=0a05b107 bytes_req=576 bytes_alloc=1024 gfp_flags=GFP_KERNEL|__GFP_NOWARN|__GFP_NOMEMALLOC
         openbox-680   [001] ....   104.255091: kfree: call_site=80723a38 caller(skb_free_head+0x30/0x34) ptr=668b3ec3
      tailscaled-535   [003] ....   104.255093: kfree: call_site=8079d578 caller(__ip_make_skb+0x2fc/0x3e4) ptr=  (null)
         openbox-680   [001] ....   104.255094: kfree: call_site=8071b8b8 caller(___sys_recvmsg+0x140/0x170) ptr=  (null)
      tailscaled-535   [003] .n..   104.255127: kfree: call_site=8071b63c caller(___sys_sendmsg+0x114/0x250) ptr=  (null)
    kworker/u8:1-45    [003] ....   104.255198: kfree: call_site=80723a38 caller(skb_free_head+0x30/0x34) ptr=0a05b107
            Xorg-546   [000] ....   104.255223: kmalloc: call_site=80726764 caller(__alloc_skb+0x78/0x160) ptr=77b02d73 bytes_req=256 bytes_alloc=256 gfp_flags=GFP_KERNEL_ACCOUNT|__GFP_NOWARN|__GFP_NOMEMALLOC
            Xorg-546   [000] ....   104.255228: kfree: call_site=802cfc00 caller(vfs_writev+0xa0/0xe4) ptr=  (null)
         openbox-680   [001] ....   104.255242: kfree: call_site=80723a38 caller(skb_free_head+0x30/0x34) ptr=77b02d73
         openbox-680   [001] ....   104.255244: kfree: call_site=8071b8b8 caller(___sys_recvmsg+0x140/0x170) ptr=  (null)
            Xorg-546   [000] ....   104.255347: kmalloc: call_site=80726764 caller(__alloc_skb+0x78/0x160) ptr=9374a7e9 bytes_req=256 bytes_alloc=256 gfp_flags=GFP_KERNEL_ACCOUNT|__GFP_NOWARN|__GFP_NOMEMALLOC
            Xorg-546   [000] ....   104.255351: kfree: call_site=802cfc00 caller(vfs_writev+0xa0/0xe4) ptr=  (null)
         openbox-680   [001] ....   104.255364: kfree: call_site=80723a38 caller(skb_free_head+0x30/0x34) ptr=9374a7e9
         openbox-680   [001] ....   104.255366: kfree: call_site=8071b8b8 caller(___sys_recvmsg+0x140/0x170) ptr=  (null)
            Xorg-546   [000] ....   104.255459: kmalloc: call_site=80726764 caller(__alloc_skb+0x78/0x160) ptr=e4e781db bytes_req=256 bytes_alloc=256 gfp_flags=GFP_KERNEL_ACCOUNT|__GFP_NOWARN|__GFP_NOMEMALLOC
            Xorg-546   [000] ....   104.255464: kfree: call_site=802cfc00 caller(vfs_writev+0xa0/0xe4) ptr=  (null)
         openbox-680   [001] ....   104.255476: kfree: call_site=80723a38 caller(skb_free_head+0x30/0x34) ptr=e4e781db
         openbox-680   [001] ....   104.255478: kfree: call_site=8071b8b8 caller(___sys_recvmsg+0x140/0x170) ptr=  (null)
            Xorg-546   [000] ....   104.255571: kmalloc: call_site=80726764 caller(__alloc_skb+0x78/0x160) ptr=b9f29d43 bytes_req=256 bytes_alloc=256 gfp_flags=GFP_KERNEL_ACCOUNT|__GFP_NOWARN|__GFP_NOMEMALLOC
            Xorg-546   [000] ....   104.255576: kfree: call_site=802cfc00 caller(vfs_writev+0xa0/0xe4) ptr=  (null)
         openbox-680   [001] ....   104.255587: kfree: call_site=80723a38 caller(skb_free_head+0x30/0x34) ptr=b9f29d43
         openbox-680   [001] ....   104.255589: kfree: call_site=8071b8b8 caller(___sys_recvmsg+0x140/0x170) ptr=  (null)
            Xorg-546   [000] ....   104.255683: kmalloc: call_site=80726764 caller(__alloc_skb+0x78/0x160) ptr=1f50c22e bytes_req=256 bytes_alloc=256 gfp_flags=GFP_KERNEL_ACCOUNT|__GFP_NOWARN|__GFP_NOMEMALLOC
            Xorg-546   [000] ....   104.255688: kfree: call_site=802cfc00 caller(vfs_writev+0xa0/0xe4) ptr=  (null)
         openbox-680   [001] ....   104.255700: kfree: call_site=80723a38 caller(skb_free_head+0x30/0x34) ptr=1f50c22e
         openbox-680   [001] ....   104.255702: kfree: call_site=8071b8b8 caller(___sys_recvmsg+0x140/0x170) ptr=  (null)
            Xorg-546   [000] ....   104.255805: kmalloc: call_site=80726764 caller(__alloc_skb+0x78/0x160) ptr=983c5731 bytes_req=256 bytes_alloc=256 gfp_flags=GFP_KERNEL_ACCOUNT|__GFP_NOWARN|__GFP_NOMEMALLOC
            Xorg-546   [000] ....   104.255810: kfree: call_site=802cfc00 caller(vfs_writev+0xa0/0xe4) ptr=  (null)
         openbox-680   [001] ....   104.255823: kfree: call_site=80723a38 caller(skb_free_head+0x30/0x34) ptr=983c5731
         openbox-680   [001] ....   104.255825: kfree: call_site=8071b8b8 caller(___sys_recvmsg+0x140/0x170) ptr=  (null)
            Xorg-546   [000] ....   104.255916: kmalloc: call_site=80726764 caller(__alloc_skb+0x78/0x160) ptr=9a1440d9 bytes_req=256 bytes_alloc=256 gfp_flags=GFP_KERNEL_ACCOUNT|__GFP_NOWARN|__GFP_NOMEMALLOC
            Xorg-546   [000] ....   104.255921: kfree: call_site=802cfc00 caller(vfs_writev+0xa0/0xe4) ptr=  (null)
         openbox-680   [001] ....   104.255933: kfree: call_site=80723a38 caller(skb_free_head+0x30/0x34) ptr=9a1440d9
         openbox-680   [001] ....   104.255935: kfree: call_site=8071b8b8 caller(___sys_recvmsg+0x140/0x170) ptr=  (null)
            Xorg-546   [000] ....   104.256028: kmalloc: call_site=80726764 caller(__alloc_skb+0x78/0x160) ptr=9a1440d9 bytes_req=256 bytes_alloc=256 gfp_flags=GFP_KERNEL_ACCOUNT|__GFP_NOWARN|__GFP_NOMEMALLOC
            Xorg-546   [000] ....   104.256033: kfree: call_site=802cfc00 caller(vfs_writev+0xa0/0xe4) ptr=  (null)
         openbox-680   [001] ....   104.256045: kfree: call_site=80723a38 caller(skb_free_head+0x30/0x34) ptr=9a1440d9
         openbox-680   [001] ....   104.256047: kfree: call_site=8071b8b8 caller(___sys_recvmsg+0x140/0x170) ptr=  (null)
            Xorg-546   [000] ....   104.256145: kmalloc: call_site=80726764 caller(__alloc_skb+0x78/0x160) ptr=983c5731 bytes_req=256 bytes_alloc=256 gfp_flags=GFP_KERNEL_ACCOUNT|__GFP_NOWARN|__GFP_NOMEMALLOC
            Xorg-546   [000] ....   104.256150: kfree: call_site=802cfc00 caller(vfs_writev+0xa0/0xe4) ptr=  (null)
         openbox-680   [001] ....   104.256162: kfree: call_site=80723a38 caller(skb_free_head+0x30/0x34) ptr=983c5731
         openbox-680   [001] ....   104.256164: kfree: call_site=8071b8b8 caller(___sys_recvmsg+0x140/0x170) ptr=  (null)
            Xorg-546   [000] ....   104.256260: kmalloc: call_site=80726764 caller(__alloc_skb+0x78/0x160) ptr=1f50c22e bytes_req=256 bytes_alloc=256 gfp_flags=GFP_KERNEL_ACCOUNT|__GFP_NOWARN|__GFP_NOMEMALLOC
            Xorg-546   [000] ....   104.256265: kfree: call_site=802cfc00 caller(vfs_writev+0xa0/0xe4) ptr=  (null)
         openbox-680   [001] ....   104.256276: kfree: call_site=80723a38 caller(skb_free_head+0x30/0x34) ptr=1f50c22e
         openbox-680   [001] ....   104.256278: kfree: call_site=8071b8b8 caller(___sys_recvmsg+0x140/0x170) ptr=  (null)
            Xorg-546   [000] ....   104.256345: kfree: call_site=8071b8b8 caller(___sys_recvmsg+0x140/0x170) ptr=  (null)
            Xorg-546   [000] ....   104.256367: kfree: call_site=80723a38 caller(skb_free_head+0x30/0x34) ptr=d9a5df80
            Xorg-546   [000] ....   104.256372: kfree: call_site=80723a38 caller(skb_free_head+0x30/0x34) ptr=c829f0c6
            Xorg-546   [000] ....   104.256376: kfree: call_site=8071b8b8 caller(___sys_recvmsg+0x140/0x170) ptr=  (null)
            Xorg-546   [000] ....   104.256416: kmalloc: call_site=80726764 caller(__alloc_skb+0x78/0x160) ptr=b9f29d43 bytes_req=256 bytes_alloc=256 gfp_flags=GFP_KERNEL_ACCOUNT|__GFP_NOWARN|__GFP_NOMEMALLOC
            Xorg-546   [000] ....   104.256422: kfree: call_site=802cfc00 caller(vfs_writev+0xa0/0xe4) ptr=  (null)
            Xorg-546   [000] ....   104.256432: kmalloc: call_site=80726764 caller(__alloc_skb+0x78/0x160) ptr=e4e781db bytes_req=256 bytes_alloc=256 gfp_flags=GFP_KERNEL_ACCOUNT|__GFP_NOWARN|__GFP_NOMEMALLOC
            Xorg-546   [000] ....   104.256438: kfree: call_site=802cfc00 caller(vfs_writev+0xa0/0xe4) ptr=  (null)
            Xorg-546   [000] ....   104.256445: kmalloc: call_site=80726764 caller(__alloc_skb+0x78/0x160) ptr=9374a7e9 bytes_req=256 bytes_alloc=256 gfp_flags=GFP_KERNEL_ACCOUNT|__GFP_NOWARN|__GFP_NOMEMALLOC
            Xorg-546   [000] ....   104.256451: kfree: call_site=802cfc00 caller(vfs_writev+0xa0/0xe4) ptr=  (null)
         lxpanel-685   [003] ....   104.256483: kfree: call_site=80723a38 caller(skb_free_head+0x30/0x34) ptr=b9f29d43
         lxpanel-685   [003] ....   104.256486: kfree: call_site=8071b8b8 caller(___sys_recvmsg+0x140/0x170) ptr=  (null)
         lxpanel-685   [003] ....   104.256500: kfree: call_site=8071b8b8 caller(___sys_recvmsg+0x140/0x170) ptr=  (null)
         lxpanel-685   [003] ....   104.256504: kfree: call_site=8071b8b8 caller(___sys_recvmsg+0x140/0x170) ptr=  (null)
         lxpanel-685   [003] ....   104.256570: kfree: call_site=8071b8b8 caller(___sys_recvmsg+0x140/0x170) ptr=  (null)
         lxpanel-685   [003] ....   104.256573: kfree: call_site=8071b8b8 caller(___sys_recvmsg+0x140/0x170) ptr=  (null)
         lxpanel-685   [003] ....   104.256582: kfree: call_site=8071b8b8 caller(___sys_recvmsg+0x140/0x170) ptr=  (null)
         lxpanel-685   [003] ....   104.256585: kfree: call_site=8071b8b8 caller(___sys_recvmsg+0x140/0x170) ptr=  (null)
       lxsession-623   [003] ....   104.256638: kfree: call_site=80723a38 caller(skb_free_head+0x30/0x34) ptr=e4e781db
       lxsession-623   [003] ....   104.256641: kfree: call_site=8071b8b8 caller(___sys_recvmsg+0x140/0x170) ptr=  (null)
       lxsession-623   [003] ....   104.256653: kfree: call_site=8071b8b8 caller(___sys_recvmsg+0x140/0x170) ptr=  (null)
       lxsession-623   [003] ....   104.256656: kfree: call_site=8071b8b8 caller(___sys_recvmsg+0x140/0x170) ptr=  (null)
       lxsession-623   [003] ....   104.256665: kfree: call_site=8071b8b8 caller(___sys_recvmsg+0x140/0x170) ptr=  (null)
       lxsession-623   [003] ....   104.256667: kfree: call_site=8071b8b8 caller(___sys_recvmsg+0x140/0x170) ptr=  (null)
       lxsession-623   [003] ....   104.256676: kfree: call_site=8071b8b8 caller(___sys_recvmsg+0x140/0x170) ptr=  (null)
       lxsession-623   [003] ....   104.256679: kfree: call_site=8071b8b8 caller(___sys_recvmsg+0x140/0x170) ptr=  (null)
