        modprobe-1026  [002] ..s.   104.147340: kfree: call_site=802e87b8 caller(__d_free_external_name+0x38/0x3c) ptr=701b9a0f
      tailscaled-535   [003] ..s.   104.147363: kfree: call_site=801eea34 caller(ftrace_graph_exit_task+0x20/0x24) ptr=  (null)
      tailscaled-535   [003] ..s.   104.147418: kfree: call_site=801eea34 caller(ftrace_graph_exit_task+0x20/0x24) ptr=  (null)
      tailscaled-535   [003] ....   104.147464: kmalloc: call_site=80726764 caller(__alloc_skb+0x78/0x160) ptr=2db71f94 bytes_req=384 bytes_alloc=512 gfp_flags=GFP_KERNEL|__GFP_NOWARN|__GFP_NOMEMALLOC
        modprobe-1026  [002] ....   104.147514: kmalloc: call_site=802f8c04 caller(single_open+0x3c/0xa8) ptr=3fcd081b bytes_req=16 bytes_alloc=64 gfp_flags=GFP_KERNEL_ACCOUNT
        modprobe-1026  [002] ....   104.147530: kmalloc: call_site=80282d30 caller(kvmalloc_node+0x74/0x80) ptr=70878613 bytes_req=4096 bytes_alloc=4096 gfp_flags=GFP_KERNEL_ACCOUNT
        modprobe-1026  [002] ....   104.147549: kfree: call_site=80282d88 caller(kvfree+0x4c/0x58) ptr=70878613
        modprobe-1026  [002] ....   104.147552: kfree: call_site=802f8b6c caller(single_release+0x40/0x48) ptr=3fcd081b
      tailscaled-535   [003] ....   104.147560: kfree: call_site=80723a38 caller(skb_free_head+0x30/0x34) ptr=661d89ca
      tailscaled-535   [003] ....   104.147779: kmalloc: call_site=80726764 caller(__alloc_skb+0x78/0x160) ptr=724a92c7 bytes_req=384 bytes_alloc=512 gfp_flags=GFP_KERNEL|__GFP_NOWARN|__GFP_NOMEMALLOC
      tailscaled-535   [003] ....   104.147829: kfree: call_site=80723a38 caller(skb_free_head+0x30/0x34) ptr=724a92c7
 vncserver-x11-c-451   [000] ....   104.147851: kfree: call_site=80723a38 caller(skb_free_head+0x30/0x34) ptr=2db71f94
 vncserver-x11-c-451   [000] ....   104.147862: kmalloc: call_site=80726764 caller(__alloc_skb+0x78/0x160) ptr=c8f9d899 bytes_req=512 bytes_alloc=512 gfp_flags=GFP_ATOMIC|__GFP_NOWARN|__GFP_NOMEMALLOC
      tailscaled-535   [003] ....   104.147934: kmalloc: call_site=80726764 caller(__alloc_skb+0x78/0x160) ptr=724a92c7 bytes_req=384 bytes_alloc=512 gfp_flags=GFP_KERNEL|__GFP_NOWARN|__GFP_NOMEMALLOC
      tailscaled-535   [003] ....   104.148060: kmalloc: call_site=80726764 caller(__alloc_skb+0x78/0x160) ptr=d3dcd99d bytes_req=384 bytes_alloc=512 gfp_flags=GFP_KERNEL|__GFP_NOWARN|__GFP_NOMEMALLOC
      tailscaled-535   [003] ....   104.148088: kfree: call_site=80723a38 caller(skb_free_head+0x30/0x34) ptr=d3dcd99d
 vncserver-x11-c-451   [000] ....   104.148722: kmalloc: call_site=80726764 caller(__alloc_skb+0x78/0x160) ptr=a753b617 bytes_req=2048 bytes_alloc=2048 gfp_flags=GFP_KERNEL|__GFP_NOWARN|__GFP_NOMEMALLOC
            Xorg-546   [001] ....   104.148900: kmalloc: call_site=80726764 caller(__alloc_skb+0x78/0x160) ptr=ee444820 bytes_req=256 bytes_alloc=256 gfp_flags=GFP_KERNEL_ACCOUNT|__GFP_NOWARN|__GFP_NOMEMALLOC
 vncserver-x11-c-451   [000] ....   104.148910: kmalloc: call_site=80726764 caller(__alloc_skb+0x78/0x160) ptr=d47c5b71 bytes_req=256 bytes_alloc=256 gfp_flags=GFP_KERNEL_ACCOUNT|__GFP_NOWARN|__GFP_NOMEMALLOC
            Xorg-546   [001] ....   104.148918: kfree: call_site=802cfc00 caller(vfs_writev+0xa0/0xe4) ptr=  (null)
            Xorg-546   [001] ....   104.148932: kmalloc: call_site=80726764 caller(__alloc_skb+0x78/0x160) ptr=d514724b bytes_req=256 bytes_alloc=256 gfp_flags=GFP_KERNEL_ACCOUNT|__GFP_NOWARN|__GFP_NOMEMALLOC
            Xorg-546   [001] ....   104.148939: kfree: call_site=802cfc00 caller(vfs_writev+0xa0/0xe4) ptr=  (null)
 vncserver-x11-c-451   [000] ....   104.148942: kfree: call_site=80723a38 caller(skb_free_head+0x30/0x34) ptr=724a92c7
            Xorg-546   [001] ....   104.148948: kmalloc: call_site=80726764 caller(__alloc_skb+0x78/0x160) ptr=a6112bc3 bytes_req=256 bytes_alloc=256 gfp_flags=GFP_KERNEL_ACCOUNT|__GFP_NOWARN|__GFP_NOMEMALLOC
            Xorg-546   [001] ....   104.148954: kfree: call_site=802cfc00 caller(vfs_writev+0xa0/0xe4) ptr=  (null)
            Xorg-546   [001] ....   104.148962: kmalloc: call_site=80726764 caller(__alloc_skb+0x78/0x160) ptr=66e5b9eb bytes_req=256 bytes_alloc=256 gfp_flags=GFP_KERNEL_ACCOUNT|__GFP_NOWARN|__GFP_NOMEMALLOC
            Xorg-546   [001] ....   104.148968: kfree: call_site=802cfc00 caller(vfs_writev+0xa0/0xe4) ptr=  (null)
            Xorg-546   [001] ....   104.148976: kmalloc: call_site=80726764 caller(__alloc_skb+0x78/0x160) ptr=45619480 bytes_req=256 bytes_alloc=256 gfp_flags=GFP_KERNEL_ACCOUNT|__GFP_NOWARN|__GFP_NOMEMALLOC
 vncserver-x11-c-451   [000] ....   104.148977: kmalloc: call_site=80726764 caller(__alloc_skb+0x78/0x160) ptr=6ac2cd3a bytes_req=256 bytes_alloc=256 gfp_flags=GFP_KERNEL_ACCOUNT|__GFP_NOWARN|__GFP_NOMEMALLOC
            Xorg-546   [001] ....   104.148982: kfree: call_site=802cfc00 caller(vfs_writev+0xa0/0xe4) ptr=  (null)
 vncserver-x11-c-451   [000] ....   104.149010: kmalloc: call_site=80726764 caller(__alloc_skb+0x78/0x160) ptr=d8b4b9f8 bytes_req=256 bytes_alloc=256 gfp_flags=GFP_KERNEL_ACCOUNT|__GFP_NOWARN|__GFP_NOMEMALLOC
        vncagent-550   [002] ....   104.149125: kfree: call_site=80723a38 caller(skb_free_head+0x30/0x34) ptr=d47c5b71
        vncagent-550   [002] ....   104.149135: kfree: call_site=80723a38 caller(skb_free_head+0x30/0x34) ptr=6ac2cd3a
        vncagent-550   [002] ....   104.149141: kfree: call_site=80723a38 caller(skb_free_head+0x30/0x34) ptr=d8b4b9f8
            Xorg-546   [001] ....   104.149149: kmalloc: call_site=80726764 caller(__alloc_skb+0x78/0x160) ptr=7e470e2d bytes_req=256 bytes_alloc=256 gfp_flags=GFP_KERNEL_ACCOUNT|__GFP_NOWARN|__GFP_NOMEMALLOC
            Xorg-546   [001] .n..   104.149172: kfree: call_site=802cfc00 caller(vfs_writev+0xa0/0xe4) ptr=  (null)
         openbox-680   [001] ....   104.149217: kfree: call_site=80723a38 caller(skb_free_head+0x30/0x34) ptr=7e470e2d
        vncagent-550   [002] ....   104.149220: kfree: call_site=80723a38 caller(skb_free_head+0x30/0x34) ptr=ee444820
         openbox-680   [001] ....   104.149221: kfree: call_site=8071b8b8 caller(___sys_recvmsg+0x140/0x170) ptr=  (null)
        vncagent-550   [002] ....   104.149229: kfree: call_site=80723a38 caller(skb_free_head+0x30/0x34) ptr=d514724b
        vncagent-550   [002] ....   104.149236: kfree: call_site=80723a38 caller(skb_free_head+0x30/0x34) ptr=a6112bc3
        vncagent-550   [002] ....   104.149242: kfree: call_site=80723a38 caller(skb_free_head+0x30/0x34) ptr=66e5b9eb
        vncagent-550   [002] ....   104.149248: kfree: call_site=80723a38 caller(skb_free_head+0x30/0x34) ptr=45619480
        vncagent-550   [002] ....   104.149252: kfree: call_site=8071b8b8 caller(___sys_recvmsg+0x140/0x170) ptr=  (null)
        vncagent-550   [002] ....   104.149275: kmalloc: call_site=80726764 caller(__alloc_skb+0x78/0x160) ptr=75ec8afe bytes_req=320 bytes_alloc=512 gfp_flags=GFP_KERNEL_ACCOUNT|__GFP_NOWARN|__GFP_NOMEMALLOC
        vncagent-550   [002] ....   104.149284: kfree: call_site=802cfc00 caller(vfs_writev+0xa0/0xe4) ptr=  (null)
        vncagent-550   [002] ....   104.149310: kfree: call_site=8071b8b8 caller(___sys_recvmsg+0x140/0x170) ptr=  (null)
         openbox-680   [001] ....   104.149334: kfree: call_site=8071b8b8 caller(___sys_recvmsg+0x140/0x170) ptr=  (null)
         openbox-680   [001] ....   104.149342: kfree: call_site=8071b8b8 caller(___sys_recvmsg+0x140/0x170) ptr=  (null)
         openbox-680   [001] ....   104.149352: kfree: call_site=8071b8b8 caller(___sys_recvmsg+0x140/0x170) ptr=  (null)
         openbox-680   [001] ....   104.149357: kfree: call_site=8071b8b8 caller(___sys_recvmsg+0x140/0x170) ptr=  (null)
        vncagent-550   [002] ....   104.149363: kfree: call_site=8071b8b8 caller(___sys_recvmsg+0x140/0x170) ptr=  (null)
         openbox-680   [001] ....   104.149439: kmalloc: call_site=80726764 caller(__alloc_skb+0x78/0x160) ptr=204a9b85 bytes_req=448 bytes_alloc=512 gfp_flags=GFP_KERNEL_ACCOUNT|__GFP_NOWARN|__GFP_NOMEMALLOC
         openbox-680   [001] ....   104.149448: kfree: call_site=802cfc00 caller(vfs_writev+0xa0/0xe4) ptr=  (null)
         openbox-680   [001] ....   104.149457: kfree: call_site=8071b8b8 caller(___sys_recvmsg+0x140/0x170) ptr=  (null)
         openbox-680   [001] ....   104.149463: kfree: call_site=8071b8b8 caller(___sys_recvmsg+0x140/0x170) ptr=  (null)
         openbox-680   [001] ....   104.149488: kmalloc: call_site=80726764 caller(__alloc_skb+0x78/0x160) ptr=f69cc6fb bytes_req=256 bytes_alloc=256 gfp_flags=GFP_KERNEL_ACCOUNT|__GFP_NOWARN|__GFP_NOMEMALLOC
         openbox-680   [001] ....   104.149495: kfree: call_site=802cfc00 caller(vfs_writev+0xa0/0xe4) ptr=  (null)
            Xorg-546   [001] ....   104.149540: kfree: call_site=80723a38 caller(skb_free_head+0x30/0x34) ptr=204a9b85
            Xorg-546   [001] .n..   104.149560: kfree: call_site=80723a38 caller(skb_free_head+0x30/0x34) ptr=f69cc6fb
            Xorg-546   [001] .n..   104.149563: kfree: call_site=8071b8b8 caller(___sys_recvmsg+0x140/0x170) ptr=  (null)
      tailscaled-522   [000] ....   104.149660: kfree: call_site=8071b8b8 caller(___sys_recvmsg+0x140/0x170) ptr=  (null)
      tailscaled-522   [000] ....   104.149666: kfree: call_site=8071b8b8 caller(___sys_recvmsg+0x140/0x170) ptr=  (null)
      tailscaled-533   [003] ....   104.149677: kfree: call_site=80723a38 caller(skb_free_head+0x30/0x34) ptr=c8f9d899
            sudo-1014  [003] ....   104.149847: kfree: call_site=80147b48 caller(free_modprobe_argv+0x24/0x30) ptr=a1afe8a7
            sudo-1014  [003] ....   104.149856: kfree: call_site=80147b50 caller(free_modprobe_argv+0x2c/0x30) ptr=360f4195
            sudo-1014  [003] ....   104.149858: kfree: call_site=80137c40 caller(call_usermodehelper_exec+0x14c/0x1d4) ptr=3a017fa1
            sudo-1014  [003] ....   104.149898: kmalloc: call_site=8071ad1c caller(sock_alloc_inode+0x50/0xb4) ptr=3a017fa1 bytes_req=64 bytes_alloc=64 gfp_flags=GFP_KERNEL
            sudo-1014  [003] ....   104.149916: kmalloc: call_site=80147c34 caller(__request_module+0xe0/0x480) ptr=360f4195 bytes_req=20 bytes_alloc=64 gfp_flags=GFP_KERNEL
            sudo-1014  [003] ....   104.149920: kmalloc: call_site=80147c4c caller(__request_module+0xf8/0x480) ptr=a1afe8a7 bytes_req=18 bytes_alloc=64 gfp_flags=GFP_KERNEL
            sudo-1014  [003] ....   104.149923: kmalloc: call_site=80137970 caller(call_usermodehelper_setup+0x44/0xac) ptr=9783f0bb bytes_req=60 bytes_alloc=64 gfp_flags=GFP_KERNEL|__GFP_ZERO
      tailscaled-533   [003] ....   104.150227: kmalloc: call_site=80726764 caller(__alloc_skb+0x78/0x160) ptr=d3dcd99d bytes_req=384 bytes_alloc=512 gfp_flags=GFP_KERNEL|__GFP_NOWARN|__GFP_NOMEMALLOC
      tailscaled-533   [003] ....   104.150250: kfree: call_site=8079d578 caller(__ip_make_skb+0x2fc/0x3e4) ptr=  (null)
      tailscaled-522   [000] ....   104.150295: kfree: call_site=8071b8b8 caller(___sys_recvmsg+0x140/0x170) ptr=  (null)
      tailscaled-522   [000] ....   104.150302: kfree: call_site=8071b8b8 caller(___sys_recvmsg+0x140/0x170) ptr=  (null)
            Xorg-546   [001] ....   104.150315: kmalloc: call_site=80726764 caller(__alloc_skb+0x78/0x160) ptr=7e470e2d bytes_req=256 bytes_alloc=256 gfp_flags=GFP_KERNEL_ACCOUNT|__GFP_NOWARN|__GFP_NOMEMALLOC
            Xorg-546   [001] ....   104.150333: kfree: call_site=802cfc00 caller(vfs_writev+0xa0/0xe4) ptr=  (null)
      tailscaled-533   [003] ....   104.150340: kfree: call_site=8071b63c caller(___sys_sendmsg+0x114/0x250) ptr=  (null)
            Xorg-546   [001] ....   104.150419: kmalloc: call_site=80726764 caller(__alloc_skb+0x78/0x160) ptr=7e84cf73 bytes_req=256 bytes_alloc=256 gfp_flags=GFP_KERNEL_ACCOUNT|__GFP_NOWARN|__GFP_NOMEMALLOC
            Xorg-546   [001] .n..   104.150438: kfree: call_site=802cfc00 caller(vfs_writev+0xa0/0xe4) ptr=  (null)
      tailscaled-533   [003] ....   104.150451: kmalloc: call_site=80726764 caller(__alloc_skb+0x78/0x160) ptr=371b154a bytes_req=896 bytes_alloc=1024 gfp_flags=GFP_KERNEL|__GFP_NOWARN|__GFP_NOMEMALLOC
      tailscaled-533   [003] ....   104.150460: kfree: call_site=8079d578 caller(__ip_make_skb+0x2fc/0x3e4) ptr=  (null)
    kworker/u8:2-127   [001] ....   104.150460: kfree: call_site=80723a38 caller(skb_free_head+0x30/0x34) ptr=d3dcd99d
            Xorg-546   [001] ....   104.150493: kmalloc: call_site=80726764 caller(__alloc_skb+0x78/0x160) ptr=8b3dc9c5 bytes_req=256 bytes_alloc=256 gfp_flags=GFP_KERNEL_ACCOUNT|__GFP_NOWARN|__GFP_NOMEMALLOC
      tailscaled-533   [003] ....   104.150498: kfree: call_site=8071b63c caller(___sys_sendmsg+0x114/0x250) ptr=  (null)
            Xorg-546   [001] .n..   104.150511: kfree: call_site=802cfc00 caller(vfs_writev+0xa0/0xe4) ptr=  (null)
      tailscaled-522   [000] ....   104.150517: kfree: call_site=8071b8b8 caller(___sys_recvmsg+0x140/0x170) ptr=  (null)
      tailscaled-525   [002] ....   104.150662: kmalloc: call_site=80726764 caller(__alloc_skb+0x78/0x160) ptr=bc00ebd0 bytes_req=384 bytes_alloc=512 gfp_flags=GFP_KERNEL|__GFP_NOWARN|__GFP_NOMEMALLOC
    kworker/u8:2-127   [001] .n..   104.150870: kfree: call_site=80723a38 caller(skb_free_head+0x30/0x34) ptr=371b154a
      tailscaled-525   [002] ....   104.150926: kmalloc: call_site=80726764 caller(__alloc_skb+0x78/0x160) ptr=dbccc8d9 bytes_req=384 bytes_alloc=512 gfp_flags=GFP_KERNEL|__GFP_NOWARN|__GFP_NOMEMALLOC
        vncagent-550   [003] ....   104.150928: kfree: call_site=80723a38 caller(skb_free_head+0x30/0x34) ptr=8b3dc9c5
        vncagent-550   [003] ....   104.150936: kfree: call_site=8071b8b8 caller(___sys_recvmsg+0x140/0x170) ptr=  (null)
        vncagent-550   [003] ....   104.150965: kfree: call_site=8071b8b8 caller(___sys_recvmsg+0x140/0x170) ptr=  (null)
      tailscaled-525   [002] ....   104.150977: kfree: call_site=80723a38 caller(skb_free_head+0x30/0x34) ptr=dbccc8d9
 vncserver-x11-c-451   [000] ....   104.150988: kfree: call_site=80723a38 caller(skb_free_head+0x30/0x34) ptr=bc00ebd0
        vncagent-550   [003] ....   104.151016: kfree: call_site=8071b8b8 caller(___sys_recvmsg+0x140/0x170) ptr=  (null)
 vncserver-x11-c-451   [000] ....   104.151016: kmalloc: call_site=80726764 caller(__alloc_skb+0x78/0x160) ptr=6d6d9790 bytes_req=512 bytes_alloc=512 gfp_flags=GFP_ATOMIC|__GFP_NOWARN|__GFP_NOMEMALLOC
        modprobe-1027  [002] ....   104.151096: kmalloc: call_site=802d89a4 caller(__do_execve_file+0xe0/0x7d0) ptr=85766475 bytes_req=208 bytes_alloc=256 gfp_flags=GFP_KERNEL|__GFP_ZERO
       lxsession-623   [003] ....   104.151131: kfree: call_site=80723a38 caller(skb_free_head+0x30/0x34) ptr=7e84cf73
       lxsession-623   [003] ....   104.151136: kfree: call_site=8071b8b8 caller(___sys_recvmsg+0x140/0x170) ptr=  (null)
       lxsession-623   [003] ....   104.151159: kfree: call_site=8071b8b8 caller(___sys_recvmsg+0x140/0x170) ptr=  (null)
       lxsession-623   [003] ....   104.151167: kfree: call_site=8071b8b8 caller(___sys_recvmsg+0x140/0x170) ptr=  (null)
       lxsession-623   [003] ....   104.151187: kfree: call_site=8071b8b8 caller(___sys_recvmsg+0x140/0x170) ptr=  (null)
       lxsession-623   [003] ....   104.151193: kfree: call_site=8071b8b8 caller(___sys_recvmsg+0x140/0x170) ptr=  (null)
       lxsession-623   [003] ....   104.151219: kfree: call_site=8071b8b8 caller(___sys_recvmsg+0x140/0x170) ptr=  (null)
       lxsession-623   [003] ....   104.151225: kfree: call_site=8071b8b8 caller(___sys_recvmsg+0x140/0x170) ptr=  (null)
       lxsession-623   [003] ....   104.151233: kfree: call_site=8071b8b8 caller(___sys_recvmsg+0x140/0x170) ptr=  (null)
       lxsession-623   [003] ....   104.151238: kfree: call_site=8071b8b8 caller(___sys_recvmsg+0x140/0x170) ptr=  (null)
 vncserver-x11-c-451   [000] ....   104.151242: kmalloc: call_site=80726764 caller(__alloc_skb+0x78/0x160) ptr=b0117870 bytes_req=256 bytes_alloc=256 gfp_flags=GFP_KERNEL_ACCOUNT|__GFP_NOWARN|__GFP_NOMEMALLOC
 vncserver-x11-c-451   [000] ....   104.151295: kmalloc: call_site=80726764 caller(__alloc_skb+0x78/0x160) ptr=e4cb2cfb bytes_req=256 bytes_alloc=256 gfp_flags=GFP_KERNEL_ACCOUNT|__GFP_NOWARN|__GFP_NOMEMALLOC
        modprobe-1027  [002] ....   104.151323: kmalloc: call_site=8033357c caller(load_elf_binary+0x4c/0x13f8) ptr=b916d106 bytes_req=104 bytes_alloc=128 gfp_flags=GFP_KERNEL
        modprobe-1027  [002] ....   104.151330: kmalloc: call_site=80331d84 caller(load_elf_phdrs+0x74/0xcc) ptr=dbccc8d9 bytes_req=288 bytes_alloc=512 gfp_flags=GFP_KERNEL
        modprobe-1027  [002] ....   104.151339: kmalloc: call_site=80333a7c caller(load_elf_binary+0x54c/0x13f8) ptr=3fcd081b bytes_req=25 bytes_alloc=64 gfp_flags=GFP_KERNEL
         lxpanel-685   [003] ....   104.151342: kfree: call_site=80723a38 caller(skb_free_head+0x30/0x34) ptr=7e470e2d
         lxpanel-685   [003] ....   104.151347: kfree: call_site=8071b8b8 caller(___sys_recvmsg+0x140/0x170) ptr=  (null)
         lxpanel-685   [003] ....   104.151366: kfree: call_site=8071b8b8 caller(___sys_recvmsg+0x140/0x170) ptr=  (null)
        modprobe-1027  [002] ....   104.151372: kmalloc: call_site=80331d84 caller(load_elf_phdrs+0x74/0xcc) ptr=61542be6 bytes_req=224 bytes_alloc=256 gfp_flags=GFP_KERNEL
         lxpanel-685   [003] ....   104.151372: kfree: call_site=8071b8b8 caller(___sys_recvmsg+0x140/0x170) ptr=  (null)
         lxpanel-685   [003] ....   104.151472: kfree: call_site=8071b8b8 caller(___sys_recvmsg+0x140/0x170) ptr=  (null)
         lxpanel-685   [003] ....   104.151478: kfree: call_site=8071b8b8 caller(___sys_recvmsg+0x140/0x170) ptr=  (null)
         lxpanel-685   [003] ....   104.151491: kfree: call_site=8071b8b8 caller(___sys_recvmsg+0x140/0x170) ptr=  (null)
         lxpanel-685   [003] ....   104.151496: kfree: call_site=8071b8b8 caller(___sys_recvmsg+0x140/0x170) ptr=  (null)
        vncagent-550   [003] ....   104.151588: kfree: call_site=80723a38 caller(skb_free_head+0x30/0x34) ptr=b0117870
        vncagent-550   [003] ....   104.151598: kfree: call_site=80723a38 caller(skb_free_head+0x30/0x34) ptr=e4cb2cfb
        modprobe-1027  [002] ....   104.151616: kfree: call_site=80334884 caller(load_elf_binary+0x1354/0x13f8) ptr=3fcd081b
        modprobe-1027  [002] ....   104.151620: kfree: call_site=80334084 caller(load_elf_binary+0xb54/0x13f8) ptr=61542be6
        modprobe-1027  [002] ....   104.151622: kfree: call_site=8033408c caller(load_elf_binary+0xb5c/0x13f8) ptr=dbccc8d9
        modprobe-1027  [002] ....   104.151657: kfree: call_site=803335dc caller(load_elf_binary+0xac/0x13f8) ptr=b916d106
        modprobe-1027  [002] ....   104.151663: kfree: call_site=802d7b10 caller(free_bprm+0x98/0x9c) ptr=85766475
        modprobe-1027  [002] ....   104.151665: kfree: call_site=802d8e94 caller(__do_execve_file+0x5d0/0x7d0) ptr=  (null)
        vncagent-550   [003] ....   104.151668: kmalloc: call_site=80726764 caller(__alloc_skb+0x78/0x160) ptr=bdd1f264 bytes_req=320 bytes_alloc=512 gfp_flags=GFP_KERNEL_ACCOUNT|__GFP_NOWARN|__GFP_NOMEMALLOC
        vncagent-550   [003] ....   104.151680: kfree: call_site=802cfc00 caller(vfs_writev+0xa0/0xe4) ptr=  (null)
        vncagent-550   [003] ....   104.151695: kfree: call_site=8071b8b8 caller(___sys_recvmsg+0x140/0x170) ptr=  (null)
      tailscaled-419   [003] ....   104.151930: kfree: call_site=80723a38 caller(skb_free_head+0x30/0x34) ptr=6d6d9790
      tailscaled-525   [002] ....   104.151936: kfree: call_site=8071b8b8 caller(___sys_recvmsg+0x140/0x170) ptr=  (null)
      tailscaled-525   [002] ....   104.151942: kfree: call_site=8071b8b8 caller(___sys_recvmsg+0x140/0x170) ptr=  (null)
      tailscaled-525   [002] ....   104.152196: kfree: call_site=8071b8b8 caller(___sys_recvmsg+0x140/0x170) ptr=  (null)
      tailscaled-419   [003] ....   104.152334: kmalloc: call_site=80726764 caller(__alloc_skb+0x78/0x160) ptr=284b4b7d bytes_req=384 bytes_alloc=512 gfp_flags=GFP_KERNEL|__GFP_NOWARN|__GFP_NOMEMALLOC
      tailscaled-419   [003] ....   104.152353: kfree: call_site=8079d578 caller(__ip_make_skb+0x2fc/0x3e4) ptr=  (null)
      tailscaled-525   [002] ....   104.152387: kmalloc: call_site=80726764 caller(__alloc_skb+0x78/0x160) ptr=dbccc8d9 bytes_req=384 bytes_alloc=512 gfp_flags=GFP_KERNEL|__GFP_NOWARN|__GFP_NOMEMALLOC
      tailscaled-419   [003] ....   104.152468: kfree: call_site=8071b63c caller(___sys_sendmsg+0x114/0x250) ptr=  (null)
 vncserver-x11-c-451   [000] ....   104.152647: kfree: call_site=80723a38 caller(skb_free_head+0x30/0x34) ptr=dbccc8d9
    kworker/u8:2-127   [001] ....   104.152654: kfree: call_site=80723a38 caller(skb_free_head+0x30/0x34) ptr=284b4b7d
 vncserver-x11-c-451   [000] ....   104.152736: kmalloc: call_site=80726764 caller(__alloc_skb+0x78/0x160) ptr=98c75394 bytes_req=256 bytes_alloc=256 gfp_flags=GFP_KERNEL_ACCOUNT|__GFP_NOWARN|__GFP_NOMEMALLOC
        vncagent-550   [003] ....   104.152853: kfree: call_site=80723a38 caller(skb_free_head+0x30/0x34) ptr=98c75394
        vncagent-550   [003] ....   104.152932: kmalloc: call_site=80726764 caller(__alloc_skb+0x78/0x160) ptr=b6c13af5 bytes_req=256 bytes_alloc=256 gfp_flags=GFP_KERNEL_ACCOUNT|__GFP_NOWARN|__GFP_NOMEMALLOC
        vncagent-550   [003] ....   104.152944: kfree: call_site=802cfc00 caller(vfs_writev+0xa0/0xe4) ptr=  (null)
        vncagent-550   [003] ....   104.152960: kfree: call_site=8071b8b8 caller(___sys_recvmsg+0x140/0x170) ptr=  (null)
        modprobe-1027  [002] ....   104.153072: kmalloc: call_site=803541e8 caller(proc_self_get_link+0xb0/0xc8) ptr=3fcd081b bytes_req=11 bytes_alloc=64 gfp_flags=GFP_ATOMIC
        modprobe-1027  [002] ....   104.153112: kfree: call_site=802fd1ec caller(kfree_link+0x18/0x1c) ptr=3fcd081b
            Xorg-546   [001] ....   104.153908: kmalloc: call_site=80726764 caller(__alloc_skb+0x78/0x160) ptr=5360080a bytes_req=256 bytes_alloc=256 gfp_flags=GFP_KERNEL_ACCOUNT|__GFP_NOWARN|__GFP_NOMEMALLOC
            Xorg-546   [001] .n..   104.153937: kfree: call_site=802cfc00 caller(vfs_writev+0xa0/0xe4) ptr=  (null)
        vncagent-550   [003] ....   104.153975: kfree: call_site=80723a38 caller(skb_free_head+0x30/0x34) ptr=5360080a
        vncagent-550   [003] ....   104.153981: kfree: call_site=8071b8b8 caller(___sys_recvmsg+0x140/0x170) ptr=  (null)
        vncagent-550   [003] ....   104.154007: kfree: call_site=8071b8b8 caller(___sys_recvmsg+0x140/0x170) ptr=  (null)
        vncagent-550   [003] ....   104.154050: kfree: call_site=8071b8b8 caller(___sys_recvmsg+0x140/0x170) ptr=  (null)
            Xorg-546   [001] ....   104.154118: kmalloc: call_site=80726764 caller(__alloc_skb+0x78/0x160) ptr=40c31f14 bytes_req=256 bytes_alloc=256 gfp_flags=GFP_KERNEL_ACCOUNT|__GFP_NOWARN|__GFP_NOMEMALLOC
            Xorg-546   [001] .n..   104.154134: kfree: call_site=802cfc00 caller(vfs_writev+0xa0/0xe4) ptr=  (null)
        vncagent-550   [003] ....   104.154165: kfree: call_site=80723a38 caller(skb_free_head+0x30/0x34) ptr=40c31f14
        vncagent-550   [003] ....   104.154170: kfree: call_site=8071b8b8 caller(___sys_recvmsg+0x140/0x170) ptr=  (null)
        vncagent-550   [003] ....   104.154181: kfree: call_site=8071b8b8 caller(___sys_recvmsg+0x140/0x170) ptr=  (null)
        vncagent-550   [003] ....   104.154193: kfree: call_site=8071b8b8 caller(___sys_recvmsg+0x140/0x170) ptr=  (null)
            Xorg-546   [001] .n..   104.154228: kmalloc: call_site=80726764 caller(__alloc_skb+0x78/0x160) ptr=e45e2fbd bytes_req=256 bytes_alloc=256 gfp_flags=GFP_KERNEL_ACCOUNT|__GFP_NOWARN|__GFP_NOMEMALLOC
            Xorg-546   [001] .n..   104.154239: kfree: call_site=802cfc00 caller(vfs_writev+0xa0/0xe4) ptr=  (null)
        vncagent-550   [003] ....   104.154274: kfree: call_site=80723a38 caller(skb_free_head+0x30/0x34) ptr=e45e2fbd
        vncagent-550   [003] ....   104.154279: kfree: call_site=8071b8b8 caller(___sys_recvmsg+0x140/0x170) ptr=  (null)
        vncagent-550   [003] ....   104.154289: kfree: call_site=8071b8b8 caller(___sys_recvmsg+0x140/0x170) ptr=  (null)
            Xorg-546   [001] ....   104.154292: kmalloc: call_site=80726764 caller(__alloc_skb+0x78/0x160) ptr=931f07c9 bytes_req=256 bytes_alloc=256 gfp_flags=GFP_KERNEL_ACCOUNT|__GFP_NOWARN|__GFP_NOMEMALLOC
            Xorg-546   [001] .n..   104.154306: kfree: call_site=802cfc00 caller(vfs_writev+0xa0/0xe4) ptr=  (null)
        vncagent-550   [003] ....   104.154308: kfree: call_site=80723a38 caller(skb_free_head+0x30/0x34) ptr=931f07c9
        vncagent-550   [003] ....   104.154313: kfree: call_site=8071b8b8 caller(___sys_recvmsg+0x140/0x170) ptr=  (null)
        vncagent-550   [003] ....   104.154322: kfree: call_site=8071b8b8 caller(___sys_recvmsg+0x140/0x170) ptr=  (null)
        vncagent-550   [003] ....   104.154334: kfree: call_site=8071b8b8 caller(___sys_recvmsg+0x140/0x170) ptr=  (null)
            Xorg-546   [001] ....   104.154515: kmalloc: call_site=80726764 caller(__alloc_skb+0x78/0x160) ptr=dcf5603f bytes_req=256 bytes_alloc=256 gfp_flags=GFP_KERNEL_ACCOUNT|__GFP_NOWARN|__GFP_NOMEMALLOC
            Xorg-546   [001] .n..   104.154532: kfree: call_site=802cfc00 caller(vfs_writev+0xa0/0xe4) ptr=  (null)
            Xorg-546   [001] ....   104.154567: kmalloc: call_site=80726764 caller(__alloc_skb+0x78/0x160) ptr=61f20db3 bytes_req=256 bytes_alloc=256 gfp_flags=GFP_KERNEL_ACCOUNT|__GFP_NOWARN|__GFP_NOMEMALLOC
            Xorg-546   [001] ....   104.154573: kfree: call_site=802cfc00 caller(vfs_writev+0xa0/0xe4) ptr=  (null)
      tailscaled-525   [002] ....   104.154575: kfree: call_site=8071b8b8 caller(___sys_recvmsg+0x140/0x170) ptr=  (null)
        vncagent-550   [003] ....   104.154576: kfree: call_site=80723a38 caller(skb_free_head+0x30/0x34) ptr=dcf5603f
      tailscaled-525   [002] ....   104.154581: kfree: call_site=8071b8b8 caller(___sys_recvmsg+0x140/0x170) ptr=  (null)
            Xorg-546   [001] ....   104.154582: kmalloc: call_site=80726764 caller(__alloc_skb+0x78/0x160) ptr=7d98b69a bytes_req=256 bytes_alloc=256 gfp_flags=GFP_KERNEL_ACCOUNT|__GFP_NOWARN|__GFP_NOMEMALLOC
        vncagent-550   [003] ....   104.154584: kfree: call_site=80723a38 caller(skb_free_head+0x30/0x34) ptr=61f20db3
            Xorg-546   [001] ....   104.154587: kfree: call_site=802cfc00 caller(vfs_writev+0xa0/0xe4) ptr=  (null)
        vncagent-550   [003] ....   104.154590: kfree: call_site=80723a38 caller(skb_free_head+0x30/0x34) ptr=7d98b69a
        vncagent-550   [003] ....   104.154594: kfree: call_site=8071b8b8 caller(___sys_recvmsg+0x140/0x170) ptr=  (null)
            Xorg-546   [001] ....   104.154596: kmalloc: call_site=80726764 caller(__alloc_skb+0x78/0x160) ptr=9832bed9 bytes_req=256 bytes_alloc=256 gfp_flags=GFP_KERNEL_ACCOUNT|__GFP_NOWARN|__GFP_NOMEMALLOC
            Xorg-546   [001] ....   104.154600: kfree: call_site=802cfc00 caller(vfs_writev+0xa0/0xe4) ptr=  (null)
        vncagent-550   [003] ....   104.154616: kfree: call_site=80723a38 caller(skb_free_head+0x30/0x34) ptr=9832bed9
        vncagent-550   [003] ....   104.154619: kfree: call_site=8071b8b8 caller(___sys_recvmsg+0x140/0x170) ptr=  (null)
        vncagent-550   [003] ....   104.154628: kfree: call_site=8071b8b8 caller(___sys_recvmsg+0x140/0x170) ptr=  (null)
        vncagent-550   [003] ....   104.154654: kfree: call_site=8071b8b8 caller(___sys_recvmsg+0x140/0x170) ptr=  (null)
      tailscaled-525   [002] ....   104.154868: kfree: call_site=8071b8b8 caller(___sys_recvmsg+0x140/0x170) ptr=  (null)
      tailscaled-525   [002] ....   104.155133: kmalloc: call_site=80726764 caller(__alloc_skb+0x78/0x160) ptr=5267aed1 bytes_req=384 bytes_alloc=512 gfp_flags=GFP_KERNEL|__GFP_NOWARN|__GFP_NOMEMALLOC
      tailscaled-535   [003] ....   104.155303: kfree: call_site=8071b8b8 caller(___sys_recvmsg+0x140/0x170) ptr=  (null)
      tailscaled-535   [003] ....   104.155309: kfree: call_site=8071b8b8 caller(___sys_recvmsg+0x140/0x170) ptr=  (null)
 vncserver-x11-c-451   [000] ....   104.155347: kfree: call_site=80723a38 caller(skb_free_head+0x30/0x34) ptr=5267aed1
 vncserver-x11-c-451   [000] ....   104.155361: kmalloc: call_site=80726764 caller(__alloc_skb+0x78/0x160) ptr=d23e43c0 bytes_req=512 bytes_alloc=512 gfp_flags=GFP_ATOMIC|__GFP_NOWARN|__GFP_NOMEMALLOC
      tailscaled-525   [002] ....   104.155492: kfree: call_site=80723a38 caller(skb_free_head+0x30/0x34) ptr=d23e43c0
            Xorg-546   [001] ....   104.155512: kmalloc: call_site=80726764 caller(__alloc_skb+0x78/0x160) ptr=9832bed9 bytes_req=256 bytes_alloc=256 gfp_flags=GFP_KERNEL_ACCOUNT|__GFP_NOWARN|__GFP_NOMEMALLOC
            Xorg-546   [001] ....   104.155528: kfree: call_site=802cfc00 caller(vfs_writev+0xa0/0xe4) ptr=  (null)
 vncserver-x11-c-451   [000] ....   104.155528: kmalloc: call_site=80726764 caller(__alloc_skb+0x78/0x160) ptr=3d2f4f75 bytes_req=256 bytes_alloc=256 gfp_flags=GFP_KERNEL_ACCOUNT|__GFP_NOWARN|__GFP_NOMEMALLOC
            Xorg-546   [001] ....   104.155540: kmalloc: call_site=80726764 caller(__alloc_skb+0x78/0x160) ptr=7d98b69a bytes_req=256 bytes_alloc=256 gfp_flags=GFP_KERNEL_ACCOUNT|__GFP_NOWARN|__GFP_NOMEMALLOC
            Xorg-546   [001] ....   104.155547: kfree: call_site=802cfc00 caller(vfs_writev+0xa0/0xe4) ptr=  (null)
        vncagent-550   [003] ....   104.155602: kfree: call_site=80723a38 caller(skb_free_head+0x30/0x34) ptr=3d2f4f75
            Xorg-546   [001] ....   104.155625: kmalloc: call_site=80726764 caller(__alloc_skb+0x78/0x160) ptr=61f20db3 bytes_req=256 bytes_alloc=256 gfp_flags=GFP_KERNEL_ACCOUNT|__GFP_NOWARN|__GFP_NOMEMALLOC
            Xorg-546   [001] ....   104.155631: kfree: call_site=802cfc00 caller(vfs_writev+0xa0/0xe4) ptr=  (null)
            Xorg-546   [001] ....   104.155641: kmalloc: call_site=80726764 caller(__alloc_skb+0x78/0x160) ptr=dcf5603f bytes_req=256 bytes_alloc=256 gfp_flags=GFP_KERNEL_ACCOUNT|__GFP_NOWARN|__GFP_NOMEMALLOC
            Xorg-546   [001] ....   104.155645: kfree: call_site=802cfc00 caller(vfs_writev+0xa0/0xe4) ptr=  (null)
        vncagent-550   [003] ....   104.155684: kfree: call_site=80723a38 caller(skb_free_head+0x30/0x34) ptr=9832bed9
        vncagent-550   [003] ....   104.155692: kfree: call_site=80723a38 caller(skb_free_head+0x30/0x34) ptr=7d98b69a
        vncagent-550   [003] ....   104.155698: kfree: call_site=80723a38 caller(skb_free_head+0x30/0x34) ptr=61f20db3
        vncagent-550   [003] ....   104.155704: kfree: call_site=80723a38 caller(skb_free_head+0x30/0x34) ptr=dcf5603f
        vncagent-550   [003] ....   104.155708: kfree: call_site=8071b8b8 caller(___sys_recvmsg+0x140/0x170) ptr=  (null)
        vncagent-550   [003] ....   104.155733: kmalloc: call_site=80726764 caller(__alloc_skb+0x78/0x160) ptr=b3db7bc5 bytes_req=256 bytes_alloc=256 gfp_flags=GFP_KERNEL_ACCOUNT|__GFP_NOWARN|__GFP_NOMEMALLOC
        vncagent-550   [003] ....   104.155742: kfree: call_site=802cfc00 caller(vfs_writev+0xa0/0xe4) ptr=  (null)
        vncagent-550   [003] ....   104.155765: kfree: call_site=8071b8b8 caller(___sys_recvmsg+0x140/0x170) ptr=  (null)
        vncagent-550   [003] ....   104.155811: kfree: call_site=8071b8b8 caller(___sys_recvmsg+0x140/0x170) ptr=  (null)
      tailscaled-525   [002] ....   104.155859: kmalloc: call_site=80726764 caller(__alloc_skb+0x78/0x160) ptr=a0792ed0 bytes_req=384 bytes_alloc=512 gfp_flags=GFP_KERNEL|__GFP_NOWARN|__GFP_NOMEMALLOC
      tailscaled-525   [002] ....   104.155874: kfree: call_site=8079d578 caller(__ip_make_skb+0x2fc/0x3e4) ptr=  (null)
            Xorg-546   [001] ....   104.155923: kfree: call_site=80723a38 caller(skb_free_head+0x30/0x34) ptr=2f5dde48
      tailscaled-535   [003] ....   104.155930: kfree: call_site=8071b8b8 caller(___sys_recvmsg+0x140/0x170) ptr=  (null)
            Xorg-546   [001] ....   104.155936: kfree: call_site=80723a38 caller(skb_free_head+0x30/0x34) ptr=75ec8afe
            Xorg-546   [001] ....   104.155945: kfree: call_site=80723a38 caller(skb_free_head+0x30/0x34) ptr=bdd1f264
            Xorg-546   [001] ....   104.155952: kfree: call_site=80723a38 caller(skb_free_head+0x30/0x34) ptr=b6c13af5
            Xorg-546   [001] ....   104.155958: kfree: call_site=80723a38 caller(skb_free_head+0x30/0x34) ptr=b3db7bc5
      tailscaled-525   [002] ....   104.155967: kfree: call_site=8071b63c caller(___sys_sendmsg+0x114/0x250) ptr=  (null)
            Xorg-546   [001] .n..   104.155973: kfree: call_site=8071b8b8 caller(___sys_recvmsg+0x140/0x170) ptr=  (null)
      tailscaled-535   [003] ....   104.156178: kmalloc: call_site=80726764 caller(__alloc_skb+0x78/0x160) ptr=c71d84e3 bytes_req=384 bytes_alloc=512 gfp_flags=GFP_KERNEL|__GFP_NOWARN|__GFP_NOMEMALLOC
    kworker/u8:2-127   [001] .n..   104.156185: kfree: call_site=80723a38 caller(skb_free_head+0x30/0x34) ptr=a0792ed0
 vncserver-x11-c-451   [000] ....   104.156385: kfree: call_site=80723a38 caller(skb_free_head+0x30/0x34) ptr=c71d84e3
 vncserver-x11-c-451   [000] ....   104.156538: kmalloc: call_site=80726764 caller(__alloc_skb+0x78/0x160) ptr=873897b4 bytes_req=256 bytes_alloc=256 gfp_flags=GFP_KERNEL_ACCOUNT|__GFP_NOWARN|__GFP_NOMEMALLOC
        vncagent-550   [003] ....   104.156623: kfree: call_site=80723a38 caller(skb_free_head+0x30/0x34) ptr=873897b4
        vncagent-550   [003] ....   104.156706: kmalloc: call_site=80726764 caller(__alloc_skb+0x78/0x160) ptr=42b9d138 bytes_req=256 bytes_alloc=256 gfp_flags=GFP_KERNEL_ACCOUNT|__GFP_NOWARN|__GFP_NOMEMALLOC
        vncagent-550   [003] ....   104.156718: kfree: call_site=802cfc00 caller(vfs_writev+0xa0/0xe4) ptr=  (null)
        vncagent-550   [003] ....   104.156735: kfree: call_site=8071b8b8 caller(___sys_recvmsg+0x140/0x170) ptr=  (null)
      tailscaled-525   [000] ....   104.156826: kfree: call_site=8071b8b8 caller(___sys_recvmsg+0x140/0x170) ptr=  (null)
      tailscaled-525   [000] ....   104.156850: kfree: call_site=8071b8b8 caller(___sys_recvmsg+0x140/0x170) ptr=  (null)
      tailscaled-525   [000] ....   104.157383: kfree: call_site=8071b8b8 caller(___sys_recvmsg+0x140/0x170) ptr=  (null)
      tailscaled-525   [000] ....   104.157389: kfree: call_site=8071b8b8 caller(___sys_recvmsg+0x140/0x170) ptr=  (null)
      tailscaled-535   [003] ....   104.157692: kmalloc: call_site=80726764 caller(__alloc_skb+0x78/0x160) ptr=c71d84e3 bytes_req=384 bytes_alloc=512 gfp_flags=GFP_KERNEL|__GFP_NOWARN|__GFP_NOMEMALLOC
      tailscaled-525   [000] ....   104.157702: kfree: call_site=8071b8b8 caller(___sys_recvmsg+0x140/0x170) ptr=  (null)
      tailscaled-525   [000] ....   104.157707: kfree: call_site=8071b8b8 caller(___sys_recvmsg+0x140/0x170) ptr=  (null)
      tailscaled-535   [003] ....   104.157784: kfree: call_site=80723a38 caller(skb_free_head+0x30/0x34) ptr=a753b617
            Xorg-546   [001] ....   104.157813: kmalloc: call_site=80726764 caller(__alloc_skb+0x78/0x160) ptr=931f07c9 bytes_req=256 bytes_alloc=256 gfp_flags=GFP_KERNEL_ACCOUNT|__GFP_NOWARN|__GFP_NOMEMALLOC
            Xorg-546   [001] .n..   104.157845: kfree: call_site=802cfc00 caller(vfs_writev+0xa0/0xe4) ptr=  (null)
         openbox-680   [001] ....   104.157912: kfree: call_site=80723a38 caller(skb_free_head+0x30/0x34) ptr=931f07c9
         openbox-680   [001] ....   104.157918: kfree: call_site=8071b8b8 caller(___sys_recvmsg+0x140/0x170) ptr=  (null)
      lxterminal-982   [000] ....   104.158270: kfree: call_site=8071b8b8 caller(___sys_recvmsg+0x140/0x170) ptr=  (null)
 vncserver-x11-c-451   [000] ....   104.158410: kfree: call_site=80723a38 caller(skb_free_head+0x30/0x34) ptr=c71d84e3
 vncserver-x11-c-451   [000] ....   104.158424: kmalloc: call_site=80726764 caller(__alloc_skb+0x78/0x160) ptr=9be5a952 bytes_req=512 bytes_alloc=512 gfp_flags=GFP_ATOMIC|__GFP_NOWARN|__GFP_NOMEMALLOC
      tailscaled-419   [003] ....   104.158614: kfree: call_site=80723a38 caller(skb_free_head+0x30/0x34) ptr=9be5a952
 vncserver-x11-c-451   [000] ....   104.158625: kmalloc: call_site=80726764 caller(__alloc_skb+0x78/0x160) ptr=7401dc6a bytes_req=256 bytes_alloc=256 gfp_flags=GFP_KERNEL_ACCOUNT|__GFP_NOWARN|__GFP_NOMEMALLOC
            Xorg-546   [001] ....   104.158700: kmalloc: call_site=80726764 caller(__alloc_skb+0x78/0x160) ptr=931f07c9 bytes_req=256 bytes_alloc=256 gfp_flags=GFP_KERNEL_ACCOUNT|__GFP_NOWARN|__GFP_NOMEMALLOC
            Xorg-546   [001] .n..   104.158725: kfree: call_site=802cfc00 caller(vfs_writev+0xa0/0xe4) ptr=  (null)
        vncagent-550   [003] ....   104.158727: kfree: call_site=80723a38 caller(skb_free_head+0x30/0x34) ptr=7401dc6a
         openbox-680   [001] ....   104.158769: kfree: call_site=80723a38 caller(skb_free_head+0x30/0x34) ptr=931f07c9
         openbox-680   [001] ....   104.158773: kfree: call_site=8071b8b8 caller(___sys_recvmsg+0x140/0x170) ptr=  (null)
        vncagent-550   [003] ....   104.158798: kmalloc: call_site=80726764 caller(__alloc_skb+0x78/0x160) ptr=1db16e18 bytes_req=256 bytes_alloc=256 gfp_flags=GFP_KERNEL_ACCOUNT|__GFP_NOWARN|__GFP_NOMEMALLOC
        vncagent-550   [003] ....   104.158807: kfree: call_site=802cfc00 caller(vfs_writev+0xa0/0xe4) ptr=  (null)
      tailscaled-525   [000] ....   104.159042: kfree: call_site=8071b8b8 caller(___sys_recvmsg+0x140/0x170) ptr=  (null)
      tailscaled-525   [000] ....   104.159048: kfree: call_site=8071b8b8 caller(___sys_recvmsg+0x140/0x170) ptr=  (null)
            Xorg-546   [001] ....   104.159169: kmalloc: call_site=80726764 caller(__alloc_skb+0x78/0x160) ptr=931f07c9 bytes_req=256 bytes_alloc=256 gfp_flags=GFP_KERNEL_ACCOUNT|__GFP_NOWARN|__GFP_NOMEMALLOC
            Xorg-546   [001] .n..   104.159192: kfree: call_site=802cfc00 caller(vfs_writev+0xa0/0xe4) ptr=  (null)
         openbox-680   [001] ....   104.159222: kfree: call_site=80723a38 caller(skb_free_head+0x30/0x34) ptr=931f07c9
         openbox-680   [001] ....   104.159225: kfree: call_site=8071b8b8 caller(___sys_recvmsg+0x140/0x170) ptr=  (null)
      tailscaled-525   [000] ....   104.159250: kfree: call_site=8071b8b8 caller(___sys_recvmsg+0x140/0x170) ptr=  (null)
      tailscaled-535   [003] ....   104.159284: kmalloc: call_site=80726764 caller(__alloc_skb+0x78/0x160) ptr=284b4b7d bytes_req=384 bytes_alloc=512 gfp_flags=GFP_KERNEL|__GFP_NOWARN|__GFP_NOMEMALLOC
            Xorg-546   [001] ....   104.159568: kmalloc: call_site=80726764 caller(__alloc_skb+0x78/0x160) ptr=931f07c9 bytes_req=256 bytes_alloc=256 gfp_flags=GFP_KERNEL_ACCOUNT|__GFP_NOWARN|__GFP_NOMEMALLOC
            Xorg-546   [001] .n..   104.159590: kfree: call_site=802cfc00 caller(vfs_writev+0xa0/0xe4) ptr=  (null)
      tailscaled-525   [000] ....   104.159634: kmalloc: call_site=80726764 caller(__alloc_skb+0x78/0x160) ptr=82492aaf bytes_req=384 bytes_alloc=512 gfp_flags=GFP_KERNEL|__GFP_NOWARN|__GFP_NOMEMALLOC
      tailscaled-525   [000] ....   104.159654: kfree: call_site=8079d578 caller(__ip_make_skb+0x2fc/0x3e4) ptr=  (null)
      tailscaled-535   [003] ....   104.159689: kmalloc: call_site=80726764 caller(__alloc_skb+0x78/0x160) ptr=d3dcd99d bytes_req=384 bytes_alloc=512 gfp_flags=GFP_KERNEL|__GFP_NOWARN|__GFP_NOMEMALLOC
         openbox-680   [001] ....   104.159755: kfree: call_site=80723a38 caller(skb_free_head+0x30/0x34) ptr=931f07c9
         openbox-680   [001] ....   104.159762: kfree: call_site=8071b8b8 caller(___sys_recvmsg+0x140/0x170) ptr=  (null)
      tailscaled-535   [003] .n..   104.159774: kfree: call_site=80723a38 caller(skb_free_head+0x30/0x34) ptr=d3dcd99d
      tailscaled-525   [000] ....   104.159807: kfree: call_site=8071b63c caller(___sys_sendmsg+0x114/0x250) ptr=  (null)
      tailscaled-535   [003] ....   104.160016: kmalloc: call_site=80726764 caller(__alloc_skb+0x78/0x160) ptr=d3dcd99d bytes_req=384 bytes_alloc=512 gfp_flags=GFP_KERNEL|__GFP_NOWARN|__GFP_NOMEMALLOC
 vncserver-x11-c-451   [000] ....   104.160047: kfree: call_site=80723a38 caller(skb_free_head+0x30/0x34) ptr=284b4b7d
 vncserver-x11-c-451   [000] ....   104.160058: kmalloc: call_site=80726764 caller(__alloc_skb+0x78/0x160) ptr=b694e253 bytes_req=512 bytes_alloc=512 gfp_flags=GFP_ATOMIC|__GFP_NOWARN|__GFP_NOMEMALLOC
 vncserver-x11-c-451   [000] ....   104.160258: kmalloc: call_site=80726764 caller(__alloc_skb+0x78/0x160) ptr=1bc23f6e bytes_req=256 bytes_alloc=256 gfp_flags=GFP_KERNEL_ACCOUNT|__GFP_NOWARN|__GFP_NOMEMALLOC
    kworker/u8:2-127   [001] ....   104.160272: kfree: call_site=80723a38 caller(skb_free_head+0x30/0x34) ptr=82492aaf
 vncserver-x11-c-451   [000] ....   104.160304: kmalloc: call_site=80726764 caller(__alloc_skb+0x78/0x160) ptr=83e3fc4c bytes_req=256 bytes_alloc=256 gfp_flags=GFP_KERNEL_ACCOUNT|__GFP_NOWARN|__GFP_NOMEMALLOC
 vncserver-x11-c-451   [000] ....   104.160322: kfree: call_site=80723a38 caller(skb_free_head+0x30/0x34) ptr=d3dcd99d
 vncserver-x11-c-451   [000] ....   104.160354: kmalloc: call_site=80726764 caller(__alloc_skb+0x78/0x160) ptr=22598a23 bytes_req=256 bytes_alloc=256 gfp_flags=GFP_KERNEL_ACCOUNT|__GFP_NOWARN|__GFP_NOMEMALLOC
      tailscaled-533   [003] ....   104.160493: kfree: call_site=80723a38 caller(skb_free_head+0x30/0x34) ptr=b694e253
            Xorg-546   [001] ....   104.160747: kmalloc: call_site=80726764 caller(__alloc_skb+0x78/0x160) ptr=931f07c9 bytes_req=256 bytes_alloc=256 gfp_flags=GFP_KERNEL_ACCOUNT|__GFP_NOWARN|__GFP_NOMEMALLOC
            Xorg-546   [001] .n..   104.160774: kfree: call_site=802cfc00 caller(vfs_writev+0xa0/0xe4) ptr=  (null)
         openbox-680   [001] ....   104.160820: kfree: call_site=80723a38 caller(skb_free_head+0x30/0x34) ptr=931f07c9
         openbox-680   [001] ....   104.160825: kfree: call_site=8071b8b8 caller(___sys_recvmsg+0x140/0x170) ptr=  (null)
      tailscaled-419   [003] ....   104.160908: kfree: call_site=8071b8b8 caller(___sys_recvmsg+0x140/0x170) ptr=  (null)
      tailscaled-419   [003] ....   104.160914: kfree: call_site=8071b8b8 caller(___sys_recvmsg+0x140/0x170) ptr=  (null)
      tailscaled-522   [000] ....   104.160930: kmalloc: call_site=80726764 caller(__alloc_skb+0x78/0x160) ptr=ee0b61f0 bytes_req=384 bytes_alloc=512 gfp_flags=GFP_KERNEL|__GFP_NOWARN|__GFP_NOMEMALLOC
      tailscaled-522   [000] ....   104.160948: kfree: call_site=8079d578 caller(__ip_make_skb+0x2fc/0x3e4) ptr=  (null)
      tailscaled-522   [000] ....   104.161070: kfree: call_site=8071b63c caller(___sys_sendmsg+0x114/0x250) ptr=  (null)
      tailscaled-419   [003] ....   104.161155: kfree: call_site=8071b8b8 caller(___sys_recvmsg+0x140/0x170) ptr=  (null)
    kworker/u8:2-127   [001] ....   104.161228: kfree: call_site=80723a38 caller(skb_free_head+0x30/0x34) ptr=ee0b61f0
            Xorg-546   [001] ....   104.161328: kmalloc: call_site=80726764 caller(__alloc_skb+0x78/0x160) ptr=931f07c9 bytes_req=256 bytes_alloc=256 gfp_flags=GFP_KERNEL_ACCOUNT|__GFP_NOWARN|__GFP_NOMEMALLOC
            Xorg-546   [001] .n..   104.161349: kfree: call_site=802cfc00 caller(vfs_writev+0xa0/0xe4) ptr=  (null)
         openbox-680   [001] ....   104.161387: kfree: call_site=80723a38 caller(skb_free_head+0x30/0x34) ptr=931f07c9
         openbox-680   [001] ....   104.161391: kfree: call_site=8071b8b8 caller(___sys_recvmsg+0x140/0x170) ptr=  (null)
      tailscaled-419   [003] ....   104.161405: kmalloc: call_site=80726764 caller(__alloc_skb+0x78/0x160) ptr=724a92c7 bytes_req=384 bytes_alloc=512 gfp_flags=GFP_KERNEL|__GFP_NOWARN|__GFP_NOMEMALLOC
         openbox-680   [001] ....   104.161498: kfree: call_site=8071b8b8 caller(___sys_recvmsg+0x140/0x170) ptr=  (null)
         openbox-680   [001] ....   104.161507: kfree: call_site=8071b8b8 caller(___sys_recvmsg+0x140/0x170) ptr=  (null)
         openbox-680   [001] ....   104.161518: kfree: call_site=8071b8b8 caller(___sys_recvmsg+0x140/0x170) ptr=  (null)
         openbox-680   [001] ....   104.161523: kfree: call_site=8071b8b8 caller(___sys_recvmsg+0x140/0x170) ptr=  (null)
         openbox-680   [001] ....   104.161613: kmalloc: call_site=80726764 caller(__alloc_skb+0x78/0x160) ptr=204a9b85 bytes_req=448 bytes_alloc=512 gfp_flags=GFP_KERNEL_ACCOUNT|__GFP_NOWARN|__GFP_NOMEMALLOC
         openbox-680   [001] ....   104.161624: kfree: call_site=802cfc00 caller(vfs_writev+0xa0/0xe4) ptr=  (null)
         openbox-680   [001] ....   104.161635: kfree: call_site=8071b8b8 caller(___sys_recvmsg+0x140/0x170) ptr=  (null)
         openbox-680   [001] ....   104.161641: kfree: call_site=8071b8b8 caller(___sys_recvmsg+0x140/0x170) ptr=  (null)
         openbox-680   [001] ....   104.161667: kmalloc: call_site=80726764 caller(__alloc_skb+0x78/0x160) ptr=f69cc6fb bytes_req=256 bytes_alloc=256 gfp_flags=GFP_KERNEL_ACCOUNT|__GFP_NOWARN|__GFP_NOMEMALLOC
         openbox-680   [001] ....   104.161673: kfree: call_site=802cfc00 caller(vfs_writev+0xa0/0xe4) ptr=  (null)
            Xorg-546   [001] ....   104.161728: kfree: call_site=80723a38 caller(skb_free_head+0x30/0x34) ptr=204a9b85
            Xorg-546   [001] ....   104.161737: kfree: call_site=80723a38 caller(skb_free_head+0x30/0x34) ptr=f69cc6fb
            Xorg-546   [001] ....   104.161741: kfree: call_site=8071b8b8 caller(___sys_recvmsg+0x140/0x170) ptr=  (null)
            Xorg-546   [001] ....   104.161950: kmalloc: call_site=80726764 caller(__alloc_skb+0x78/0x160) ptr=931f07c9 bytes_req=256 bytes_alloc=256 gfp_flags=GFP_KERNEL_ACCOUNT|__GFP_NOWARN|__GFP_NOMEMALLOC
            Xorg-546   [001] .n..   104.161968: kfree: call_site=802cfc00 caller(vfs_writev+0xa0/0xe4) ptr=  (null)
         lxpanel-685   [003] ....   104.162042: kfree: call_site=80723a38 caller(skb_free_head+0x30/0x34) ptr=931f07c9
         lxpanel-685   [003] ....   104.162050: kfree: call_site=8071b8b8 caller(___sys_recvmsg+0x140/0x170) ptr=  (null)
         lxpanel-685   [003] ....   104.162076: kfree: call_site=8071b8b8 caller(___sys_recvmsg+0x140/0x170) ptr=  (null)
         lxpanel-685   [003] ....   104.162082: kfree: call_site=8071b8b8 caller(___sys_recvmsg+0x140/0x170) ptr=  (null)
            Xorg-546   [001] ....   104.162118: kmalloc: call_site=80726764 caller(__alloc_skb+0x78/0x160) ptr=e45e2fbd bytes_req=256 bytes_alloc=256 gfp_flags=GFP_KERNEL_ACCOUNT|__GFP_NOWARN|__GFP_NOMEMALLOC
            Xorg-546   [001] .n..   104.162143: kfree: call_site=802cfc00 caller(vfs_writev+0xa0/0xe4) ptr=  (null)
         lxpanel-685   [003] ....   104.162193: kfree: call_site=8071b8b8 caller(___sys_recvmsg+0x140/0x170) ptr=  (null)
         lxpanel-685   [003] ....   104.162200: kfree: call_site=8071b8b8 caller(___sys_recvmsg+0x140/0x170) ptr=  (null)
            Xorg-546   [001] ....   104.162201: kmalloc: call_site=80726764 caller(__alloc_skb+0x78/0x160) ptr=40c31f14 bytes_req=256 bytes_alloc=256 gfp_flags=GFP_KERNEL_ACCOUNT|__GFP_NOWARN|__GFP_NOMEMALLOC
         lxpanel-685   [003] ....   104.162216: kfree: call_site=8071b8b8 caller(___sys_recvmsg+0x140/0x170) ptr=  (null)
            Xorg-546   [001] .n..   104.162221: kfree: call_site=802cfc00 caller(vfs_writev+0xa0/0xe4) ptr=  (null)
         lxpanel-685   [003] ....   104.162234: kfree: call_site=8071b8b8 caller(___sys_recvmsg+0x140/0x170) ptr=  (null)
       lxsession-623   [003] ....   104.162329: kfree: call_site=80723a38 caller(skb_free_head+0x30/0x34) ptr=e45e2fbd
       lxsession-623   [003] ....   104.162334: kfree: call_site=8071b8b8 caller(___sys_recvmsg+0x140/0x170) ptr=  (null)
       lxsession-623   [003] ....   104.162357: kfree: call_site=8071b8b8 caller(___sys_recvmsg+0x140/0x170) ptr=  (null)
       lxsession-623   [003] ....   104.162363: kfree: call_site=8071b8b8 caller(___sys_recvmsg+0x140/0x170) ptr=  (null)
       lxsession-623   [003] ....   104.162390: kfree: call_site=8071b8b8 caller(___sys_recvmsg+0x140/0x170) ptr=  (null)
       lxsession-623   [003] ....   104.162395: kfree: call_site=8071b8b8 caller(___sys_recvmsg+0x140/0x170) ptr=  (null)
       lxsession-623   [003] ....   104.162410: kfree: call_site=8071b8b8 caller(___sys_recvmsg+0x140/0x170) ptr=  (null)
       lxsession-623   [003] ....   104.162416: kfree: call_site=8071b8b8 caller(___sys_recvmsg+0x140/0x170) ptr=  (null)
       lxsession-623   [003] ....   104.162423: kfree: call_site=8071b8b8 caller(___sys_recvmsg+0x140/0x170) ptr=  (null)
       lxsession-623   [003] ....   104.162429: kfree: call_site=8071b8b8 caller(___sys_recvmsg+0x140/0x170) ptr=  (null)
        vncagent-550   [003] ....   104.162484: kfree: call_site=80723a38 caller(skb_free_head+0x30/0x34) ptr=40c31f14
        vncagent-550   [003] ....   104.162488: kfree: call_site=8071b8b8 caller(___sys_recvmsg+0x140/0x170) ptr=  (null)
      tailscaled-535   [003] ....   104.162722: kfree: call_site=8071b8b8 caller(___sys_recvmsg+0x140/0x170) ptr=  (null)
      tailscaled-535   [003] ....   104.162728: kfree: call_site=8071b8b8 caller(___sys_recvmsg+0x140/0x170) ptr=  (null)
      lxterminal-982   [000] ....   104.163084: kmalloc: call_site=80726764 caller(__alloc_skb+0x78/0x160) ptr=04b7b355 bytes_req=448 bytes_alloc=512 gfp_flags=GFP_KERNEL_ACCOUNT|__GFP_NOWARN|__GFP_NOMEMALLOC
      lxterminal-982   [000] ....   104.163102: kfree: call_site=802cfc00 caller(vfs_writev+0xa0/0xe4) ptr=  (null)
      lxterminal-982   [000] ....   104.163121: kfree: call_site=8071b8b8 caller(___sys_recvmsg+0x140/0x170) ptr=  (null)
 vncserver-x11-c-451   [000] ....   104.163313: kfree: call_site=80723a38 caller(skb_free_head+0x30/0x34) ptr=724a92c7
 vncserver-x11-c-451   [000] ....   104.163326: kmalloc: call_site=80726764 caller(__alloc_skb+0x78/0x160) ptr=947f7530 bytes_req=512 bytes_alloc=512 gfp_flags=GFP_ATOMIC|__GFP_NOWARN|__GFP_NOMEMALLOC
 vncserver-x11-c-451   [000] ....   104.163517: kmalloc: call_site=80726764 caller(__alloc_skb+0x78/0x160) ptr=b3852994 bytes_req=256 bytes_alloc=256 gfp_flags=GFP_KERNEL_ACCOUNT|__GFP_NOWARN|__GFP_NOMEMALLOC
      tailscaled-525   [000] ....   104.163705: kfree: call_site=80723a38 caller(skb_free_head+0x30/0x34) ptr=947f7530
      tailscaled-419   [003] ....   104.163725: kmalloc: call_site=80726764 caller(__alloc_skb+0x78/0x160) ptr=2db71f94 bytes_req=384 bytes_alloc=512 gfp_flags=GFP_KERNEL|__GFP_NOWARN|__GFP_NOMEMALLOC
 vncserver-x11-c-451   [000] ....   104.163892: kfree: call_site=80723a38 caller(skb_free_head+0x30/0x34) ptr=2db71f94
