 vncserver-x11-c-451   [000] ....   104.163951: kmalloc: call_site=80726764 caller(__alloc_skb+0x78/0x160) ptr=4d0c7da4 bytes_req=256 bytes_alloc=256 gfp_flags=GFP_KERNEL_ACCOUNT|__GFP_NOWARN|__GFP_NOMEMALLOC
      tailscaled-525   [000] ....   104.164231: kmalloc: call_site=80726764 caller(__alloc_skb+0x78/0x160) ptr=947f7530 bytes_req=384 bytes_alloc=512 gfp_flags=GFP_KERNEL|__GFP_NOWARN|__GFP_NOMEMALLOC
      tailscaled-525   [000] ....   104.164248: kfree: call_site=8079d578 caller(__ip_make_skb+0x2fc/0x3e4) ptr=  (null)
      tailscaled-535   [003] ....   104.164283: kfree: call_site=8071b8b8 caller(___sys_recvmsg+0x140/0x170) ptr=  (null)
      tailscaled-535   [003] ....   104.164288: kfree: call_site=8071b8b8 caller(___sys_recvmsg+0x140/0x170) ptr=  (null)
      tailscaled-525   [000] ....   104.164348: kfree: call_site=8071b63c caller(___sys_sendmsg+0x114/0x250) ptr=  (null)
    kworker/u8:2-127   [001] ....   104.164525: kfree: call_site=80723a38 caller(skb_free_head+0x30/0x34) ptr=947f7530
      tailscaled-535   [003] ....   104.164774: kfree: call_site=8071b8b8 caller(___sys_recvmsg+0x140/0x170) ptr=  (null)
      tailscaled-522   [000] ....   104.164809: kmalloc: call_site=80726764 caller(__alloc_skb+0x78/0x160) ptr=6e37516a bytes_req=384 bytes_alloc=512 gfp_flags=GFP_KERNEL|__GFP_NOWARN|__GFP_NOMEMALLOC
 vncserver-x11-c-451   [000] ....   104.164977: kfree: call_site=80723a38 caller(skb_free_head+0x30/0x34) ptr=6e37516a
 vncserver-x11-c-451   [000] ....   104.164985: kmalloc: call_site=80726764 caller(__alloc_skb+0x78/0x160) ptr=6e37516a bytes_req=512 bytes_alloc=512 gfp_flags=GFP_ATOMIC|__GFP_NOWARN|__GFP_NOMEMALLOC
      tailscaled-419   [003] ....   104.165115: kfree: call_site=80723a38 caller(skb_free_head+0x30/0x34) ptr=6e37516a
 vncserver-x11-c-451   [000] ....   104.165119: kmalloc: call_site=80726764 caller(__alloc_skb+0x78/0x160) ptr=7401dc6a bytes_req=256 bytes_alloc=256 gfp_flags=GFP_KERNEL_ACCOUNT|__GFP_NOWARN|__GFP_NOMEMALLOC
            Xorg-546   [001] ....   104.165693: kmalloc: call_site=80726764 caller(__alloc_skb+0x78/0x160) ptr=5360080a bytes_req=256 bytes_alloc=256 gfp_flags=GFP_KERNEL_ACCOUNT|__GFP_NOWARN|__GFP_NOMEMALLOC
      tailscaled-419   [003] ....   104.165694: kmalloc: call_site=80726764 caller(__alloc_skb+0x78/0x160) ptr=fa154d9d bytes_req=384 bytes_alloc=512 gfp_flags=GFP_KERNEL|__GFP_NOWARN|__GFP_NOMEMALLOC
            Xorg-546   [001] ....   104.165713: kfree: call_site=802cfc00 caller(vfs_writev+0xa0/0xe4) ptr=  (null)
            Xorg-546   [001] ....   104.165725: kmalloc: call_site=80726764 caller(__alloc_skb+0x78/0x160) ptr=7e470e2d bytes_req=256 bytes_alloc=256 gfp_flags=GFP_KERNEL_ACCOUNT|__GFP_NOWARN|__GFP_NOMEMALLOC
      tailscaled-419   [003] .n..   104.165727: kfree: call_site=8079d578 caller(__ip_make_skb+0x2fc/0x3e4) ptr=  (null)
            Xorg-546   [001] ....   104.165731: kfree: call_site=802cfc00 caller(vfs_writev+0xa0/0xe4) ptr=  (null)
            Xorg-546   [001] ....   104.165743: kmalloc: call_site=80726764 caller(__alloc_skb+0x78/0x160) ptr=7e84cf73 bytes_req=256 bytes_alloc=256 gfp_flags=GFP_KERNEL_ACCOUNT|__GFP_NOWARN|__GFP_NOMEMALLOC
            Xorg-546   [001] ....   104.165750: kfree: call_site=802cfc00 caller(vfs_writev+0xa0/0xe4) ptr=  (null)
            Xorg-546   [001] ....   104.165765: kmalloc: call_site=80726764 caller(__alloc_skb+0x78/0x160) ptr=8b3dc9c5 bytes_req=256 bytes_alloc=256 gfp_flags=GFP_KERNEL_ACCOUNT|__GFP_NOWARN|__GFP_NOMEMALLOC
            Xorg-546   [001] ....   104.165777: kfree: call_site=802cfc00 caller(vfs_writev+0xa0/0xe4) ptr=  (null)
            Xorg-546   [001] ....   104.165787: kmalloc: call_site=80726764 caller(__alloc_skb+0x78/0x160) ptr=45619480 bytes_req=256 bytes_alloc=256 gfp_flags=GFP_KERNEL_ACCOUNT|__GFP_NOWARN|__GFP_NOMEMALLOC
            Xorg-546   [001] ....   104.165793: kfree: call_site=802cfc00 caller(vfs_writev+0xa0/0xe4) ptr=  (null)
            Xorg-546   [001] ....   104.165802: kmalloc: call_site=80726764 caller(__alloc_skb+0x78/0x160) ptr=66e5b9eb bytes_req=256 bytes_alloc=256 gfp_flags=GFP_KERNEL_ACCOUNT|__GFP_NOWARN|__GFP_NOMEMALLOC
            Xorg-546   [001] ....   104.165808: kfree: call_site=802cfc00 caller(vfs_writev+0xa0/0xe4) ptr=  (null)
            Xorg-546   [001] ....   104.165818: kmalloc: call_site=80726764 caller(__alloc_skb+0x78/0x160) ptr=a6112bc3 bytes_req=256 bytes_alloc=256 gfp_flags=GFP_KERNEL_ACCOUNT|__GFP_NOWARN|__GFP_NOMEMALLOC
            Xorg-546   [001] ....   104.165824: kfree: call_site=802cfc00 caller(vfs_writev+0xa0/0xe4) ptr=  (null)
      tailscaled-419   [003] .n..   104.165848: kfree: call_site=8071b63c caller(___sys_sendmsg+0x114/0x250) ptr=  (null)
        vncagent-550   [003] ....   104.165902: kfree: call_site=80723a38 caller(skb_free_head+0x30/0x34) ptr=5360080a
        vncagent-550   [003] ....   104.165916: kfree: call_site=80723a38 caller(skb_free_head+0x30/0x34) ptr=7e470e2d
        vncagent-550   [003] ....   104.165926: kfree: call_site=80723a38 caller(skb_free_head+0x30/0x34) ptr=7e84cf73
        vncagent-550   [003] ....   104.165932: kfree: call_site=80723a38 caller(skb_free_head+0x30/0x34) ptr=8b3dc9c5
        vncagent-550   [003] ....   104.165938: kfree: call_site=80723a38 caller(skb_free_head+0x30/0x34) ptr=45619480
        vncagent-550   [003] ....   104.165944: kfree: call_site=80723a38 caller(skb_free_head+0x30/0x34) ptr=66e5b9eb
        vncagent-550   [003] ....   104.165950: kfree: call_site=80723a38 caller(skb_free_head+0x30/0x34) ptr=a6112bc3
        vncagent-550   [003] ....   104.165955: kfree: call_site=8071b8b8 caller(___sys_recvmsg+0x140/0x170) ptr=  (null)
    kworker/u8:2-127   [001] ....   104.166022: kfree: call_site=80723a38 caller(skb_free_head+0x30/0x34) ptr=fa154d9d
        modprobe-1027  [002] ....   104.166825: kmalloc: call_site=80373c88 caller(ext4_readdir+0xa80/0xc3c) ptr=3fcd081b bytes_req=40 bytes_alloc=64 gfp_flags=GFP_KERNEL|__GFP_ZERO
        modprobe-1027  [002] ....   104.166855: kmalloc: call_site=80373ea8 caller(ext4_htree_store_dirent+0x3c/0x114) ptr=508fdcbb bytes_req=34 bytes_alloc=64 gfp_flags=GFP_KERNEL|__GFP_ZERO
        modprobe-1027  [002] ....   104.166859: kmalloc: call_site=80373ea8 caller(ext4_htree_store_dirent+0x3c/0x114) ptr=6d244419 bytes_req=35 bytes_alloc=64 gfp_flags=GFP_KERNEL|__GFP_ZERO
        modprobe-1027  [002] ....   104.166863: kmalloc: call_site=80373ea8 caller(ext4_htree_store_dirent+0x3c/0x114) ptr=b4afee7d bytes_req=57 bytes_alloc=64 gfp_flags=GFP_KERNEL|__GFP_ZERO
        modprobe-1027  [002] ....   104.166867: kmalloc: call_site=80373ea8 caller(ext4_htree_store_dirent+0x3c/0x114) ptr=e38ef0a1 bytes_req=56 bytes_alloc=64 gfp_flags=GFP_KERNEL|__GFP_ZERO
        modprobe-1027  [002] ....   104.166870: kmalloc: call_site=80373ea8 caller(ext4_htree_store_dirent+0x3c/0x114) ptr=1112d355 bytes_req=53 bytes_alloc=64 gfp_flags=GFP_KERNEL|__GFP_ZERO
        modprobe-1027  [002] ....   104.166874: kfree: call_site=8032a3fc caller(fscrypt_fname_free_buffer+0x24/0x30) ptr=  (null)
        modprobe-1027  [002] ....   104.166945: kfree: call_site=80372de4 caller(free_rb_tree_fname+0x48/0x64) ptr=e38ef0a1
        modprobe-1027  [002] ....   104.166948: kfree: call_site=80372de4 caller(free_rb_tree_fname+0x48/0x64) ptr=508fdcbb
        modprobe-1027  [002] ....   104.166949: kfree: call_site=80372de4 caller(free_rb_tree_fname+0x48/0x64) ptr=1112d355
        modprobe-1027  [002] ....   104.166951: kfree: call_site=80372de4 caller(free_rb_tree_fname+0x48/0x64) ptr=b4afee7d
        modprobe-1027  [002] ....   104.166953: kfree: call_site=80372de4 caller(free_rb_tree_fname+0x48/0x64) ptr=6d244419
        modprobe-1027  [002] ....   104.166955: kfree: call_site=80372e30 caller(ext4_release_dir+0x30/0x38) ptr=3fcd081b
        modprobe-1027  [002] ....   104.167035: kmalloc: call_site=80373c88 caller(ext4_readdir+0xa80/0xc3c) ptr=3fcd081b bytes_req=40 bytes_alloc=64 gfp_flags=GFP_KERNEL|__GFP_ZERO
        modprobe-1027  [002] ....   104.167044: kmalloc: call_site=80373ea8 caller(ext4_htree_store_dirent+0x3c/0x114) ptr=6d244419 bytes_req=34 bytes_alloc=64 gfp_flags=GFP_KERNEL|__GFP_ZERO
        modprobe-1027  [002] ....   104.167047: kmalloc: call_site=80373ea8 caller(ext4_htree_store_dirent+0x3c/0x114) ptr=b4afee7d bytes_req=35 bytes_alloc=64 gfp_flags=GFP_KERNEL|__GFP_ZERO
        modprobe-1027  [002] ....   104.167050: kmalloc: call_site=80373ea8 caller(ext4_htree_store_dirent+0x3c/0x114) ptr=1112d355 bytes_req=53 bytes_alloc=64 gfp_flags=GFP_KERNEL|__GFP_ZERO
        modprobe-1027  [002] ....   104.167054: kmalloc: call_site=80373ea8 caller(ext4_htree_store_dirent+0x3c/0x114) ptr=508fdcbb bytes_req=45 bytes_alloc=64 gfp_flags=GFP_KERNEL|__GFP_ZERO
        modprobe-1027  [002] ....   104.167058: kmalloc: call_site=80373ea8 caller(ext4_htree_store_dirent+0x3c/0x114) ptr=e38ef0a1 bytes_req=45 bytes_alloc=64 gfp_flags=GFP_KERNEL|__GFP_ZERO
        modprobe-1027  [002] ....   104.167060: kfree: call_site=8032a3fc caller(fscrypt_fname_free_buffer+0x24/0x30) ptr=  (null)
      tailscaled-525   [000] ....   104.167065: kfree: call_site=8071b8b8 caller(___sys_recvmsg+0x140/0x170) ptr=  (null)
      tailscaled-525   [000] ....   104.167072: kfree: call_site=8071b8b8 caller(___sys_recvmsg+0x140/0x170) ptr=  (null)
        modprobe-1027  [002] ....   104.167113: kfree: call_site=80372de4 caller(free_rb_tree_fname+0x48/0x64) ptr=e38ef0a1
        modprobe-1027  [002] ....   104.167115: kfree: call_site=80372de4 caller(free_rb_tree_fname+0x48/0x64) ptr=6d244419
        modprobe-1027  [002] ....   104.167117: kfree: call_site=80372de4 caller(free_rb_tree_fname+0x48/0x64) ptr=508fdcbb
        modprobe-1027  [002] ....   104.167119: kfree: call_site=80372de4 caller(free_rb_tree_fname+0x48/0x64) ptr=b4afee7d
            Xorg-546   [001] ....   104.167120: kmalloc: call_site=80726764 caller(__alloc_skb+0x78/0x160) ptr=d514724b bytes_req=256 bytes_alloc=256 gfp_flags=GFP_KERNEL_ACCOUNT|__GFP_NOWARN|__GFP_NOMEMALLOC
        modprobe-1027  [002] ....   104.167121: kfree: call_site=80372de4 caller(free_rb_tree_fname+0x48/0x64) ptr=1112d355
        modprobe-1027  [002] ....   104.167122: kfree: call_site=80372e30 caller(ext4_release_dir+0x30/0x38) ptr=3fcd081b
            Xorg-546   [001] .n..   104.167145: kfree: call_site=802cfc00 caller(vfs_writev+0xa0/0xe4) ptr=  (null)
        vncagent-550   [003] ....   104.167179: kfree: call_site=80723a38 caller(skb_free_head+0x30/0x34) ptr=d514724b
        vncagent-550   [003] ....   104.167205: kfree: call_site=8071b8b8 caller(___sys_recvmsg+0x140/0x170) ptr=  (null)
            Xorg-546   [001] ....   104.167478: kmalloc: call_site=80726764 caller(__alloc_skb+0x78/0x160) ptr=ee444820 bytes_req=256 bytes_alloc=256 gfp_flags=GFP_KERNEL_ACCOUNT|__GFP_NOWARN|__GFP_NOMEMALLOC
            Xorg-546   [001] .n..   104.167500: kfree: call_site=802cfc00 caller(vfs_writev+0xa0/0xe4) ptr=  (null)
        vncagent-550   [003] ....   104.167526: kfree: call_site=80723a38 caller(skb_free_head+0x30/0x34) ptr=ee444820
        vncagent-550   [003] ....   104.167532: kfree: call_site=8071b8b8 caller(___sys_recvmsg+0x140/0x170) ptr=  (null)
      tailscaled-525   [000] ....   104.167591: kfree: call_site=8071b8b8 caller(___sys_recvmsg+0x140/0x170) ptr=  (null)
      tailscaled-525   [000] ....   104.167616: kfree: call_site=8071b8b8 caller(___sys_recvmsg+0x140/0x170) ptr=  (null)
      tailscaled-525   [000] ....   104.167621: kfree: call_site=8071b8b8 caller(___sys_recvmsg+0x140/0x170) ptr=  (null)
     kworker/1:2-90    [001] ....   104.167767: kmalloc: call_site=806e4afc caller(rpi_firmware_property+0x38/0x11c) ptr=da89cc09 bytes_req=20 bytes_alloc=64 gfp_flags=GFP_KERNEL
     kworker/1:2-90    [001] ....   104.167775: kmalloc: call_site=801173b4 caller(__dma_alloc+0xfc/0x31c) ptr=69ab9134 bytes_req=16 bytes_alloc=64 gfp_flags=GFP_ATOMIC|__GFP_ZERO
            Xorg-546   [001] ....   104.167862: kmalloc: call_site=80726764 caller(__alloc_skb+0x78/0x160) ptr=ee444820 bytes_req=256 bytes_alloc=256 gfp_flags=GFP_KERNEL_ACCOUNT|__GFP_NOWARN|__GFP_NOMEMALLOC
            Xorg-546   [001] .n..   104.167881: kfree: call_site=802cfc00 caller(vfs_writev+0xa0/0xe4) ptr=  (null)
        vncagent-550   [003] ....   104.167908: kfree: call_site=80723a38 caller(skb_free_head+0x30/0x34) ptr=ee444820
        vncagent-550   [003] ....   104.167913: kfree: call_site=8071b8b8 caller(___sys_recvmsg+0x140/0x170) ptr=  (null)
        modprobe-1027  [002] ....   104.167929: kmalloc: call_site=802f8c04 caller(single_open+0x3c/0xa8) ptr=3fcd081b bytes_req=16 bytes_alloc=64 gfp_flags=GFP_KERNEL_ACCOUNT
      tailscaled-525   [000] ....   104.167940: kfree: call_site=8071b8b8 caller(___sys_recvmsg+0x140/0x170) ptr=  (null)
        modprobe-1027  [002] ....   104.167945: kmalloc: call_site=80282d30 caller(kvmalloc_node+0x74/0x80) ptr=70878613 bytes_req=4096 bytes_alloc=4096 gfp_flags=GFP_KERNEL_ACCOUNT
        modprobe-1027  [002] ....   104.167964: kfree: call_site=80282d88 caller(kvfree+0x4c/0x58) ptr=70878613
        modprobe-1027  [002] ....   104.167967: kfree: call_site=802f8b6c caller(single_release+0x40/0x48) ptr=3fcd081b
      tailscaled-525   [000] ....   104.168115: kfree: call_site=8071b8b8 caller(___sys_recvmsg+0x140/0x170) ptr=  (null)
      tailscaled-525   [000] ....   104.168121: kfree: call_site=8071b8b8 caller(___sys_recvmsg+0x140/0x170) ptr=  (null)
      tailscaled-419   [003] ....   104.168302: kmalloc: call_site=80726764 caller(__alloc_skb+0x78/0x160) ptr=cbe21e8a bytes_req=384 bytes_alloc=512 gfp_flags=GFP_KERNEL|__GFP_NOWARN|__GFP_NOMEMALLOC
      tailscaled-525   [000] ....   104.168341: kfree: call_site=8071b8b8 caller(___sys_recvmsg+0x140/0x170) ptr=  (null)
 vncserver-x11-c-451   [000] ....   104.168571: kfree: call_site=80723a38 caller(skb_free_head+0x30/0x34) ptr=cbe21e8a
 vncserver-x11-c-451   [000] ....   104.168720: kmalloc: call_site=80726764 caller(__alloc_skb+0x78/0x160) ptr=873897b4 bytes_req=256 bytes_alloc=256 gfp_flags=GFP_KERNEL_ACCOUNT|__GFP_NOWARN|__GFP_NOMEMALLOC
            Xorg-546   [001] ....   104.168854: kmalloc: call_site=80726764 caller(__alloc_skb+0x78/0x160) ptr=d514724b bytes_req=256 bytes_alloc=256 gfp_flags=GFP_KERNEL_ACCOUNT|__GFP_NOWARN|__GFP_NOMEMALLOC
            Xorg-546   [001] .n..   104.168886: kfree: call_site=802cfc00 caller(vfs_writev+0xa0/0xe4) ptr=  (null)
      tailscaled-419   [003] ....   104.168896: kmalloc: call_site=80726764 caller(__alloc_skb+0x78/0x160) ptr=8caa08db bytes_req=384 bytes_alloc=512 gfp_flags=GFP_KERNEL|__GFP_NOWARN|__GFP_NOMEMALLOC
         openbox-680   [001] ....   104.168977: kfree: call_site=80723a38 caller(skb_free_head+0x30/0x34) ptr=d514724b
         openbox-680   [001] ....   104.168984: kfree: call_site=8071b8b8 caller(___sys_recvmsg+0x140/0x170) ptr=  (null)
      tailscaled-419   [003] ....   104.169036: kmalloc: call_site=80726764 caller(__alloc_skb+0x78/0x160) ptr=cbe21e8a bytes_req=384 bytes_alloc=512 gfp_flags=GFP_KERNEL|__GFP_NOWARN|__GFP_NOMEMALLOC
 vncserver-x11-c-451   [000] ....   104.169040: kfree: call_site=80723a38 caller(skb_free_head+0x30/0x34) ptr=8caa08db
 vncserver-x11-c-451   [000] ....   104.169045: kmalloc: call_site=80726764 caller(__alloc_skb+0x78/0x160) ptr=d4167a18 bytes_req=512 bytes_alloc=512 gfp_flags=GFP_ATOMIC|__GFP_NOWARN|__GFP_NOMEMALLOC
 vncserver-x11-c-451   [000] ....   104.169176: kmalloc: call_site=80726764 caller(__alloc_skb+0x78/0x160) ptr=3d2f4f75 bytes_req=256 bytes_alloc=256 gfp_flags=GFP_KERNEL_ACCOUNT|__GFP_NOWARN|__GFP_NOMEMALLOC
 vncserver-x11-c-451   [000] ....   104.169189: kfree: call_site=80723a38 caller(skb_free_head+0x30/0x34) ptr=cbe21e8a
 vncserver-x11-c-451   [000] ....   104.169207: kmalloc: call_site=80726764 caller(__alloc_skb+0x78/0x160) ptr=98c75394 bytes_req=256 bytes_alloc=256 gfp_flags=GFP_KERNEL_ACCOUNT|__GFP_NOWARN|__GFP_NOMEMALLOC
      tailscaled-522   [000] ....   104.169288: kfree: call_site=80723a38 caller(skb_free_head+0x30/0x34) ptr=d4167a18
      tailscaled-535   [003] ....   104.169294: kfree: call_site=8071b8b8 caller(___sys_recvmsg+0x140/0x170) ptr=  (null)
      tailscaled-535   [003] ....   104.169299: kfree: call_site=8071b8b8 caller(___sys_recvmsg+0x140/0x170) ptr=  (null)
     kworker/1:2-90    [001] ....   104.169445: kfree: call_site=80117ce8 caller(__arm_dma_free.constprop.3+0x118/0x160) ptr=69ab9134
     kworker/1:2-90    [001] ....   104.169448: kfree: call_site=806e4b64 caller(rpi_firmware_property+0xa0/0x11c) ptr=da89cc09
            sudo-1014  [003] ....   104.169516: kfree: call_site=80147b48 caller(free_modprobe_argv+0x24/0x30) ptr=a1afe8a7
            sudo-1014  [003] ....   104.169518: kfree: call_site=80147b50 caller(free_modprobe_argv+0x2c/0x30) ptr=360f4195
            sudo-1014  [003] ....   104.169519: kfree: call_site=80137c40 caller(call_usermodehelper_exec+0x14c/0x1d4) ptr=9783f0bb
            Xorg-546   [001] ....   104.169627: kmalloc: call_site=80726764 caller(__alloc_skb+0x78/0x160) ptr=d514724b bytes_req=256 bytes_alloc=256 gfp_flags=GFP_KERNEL_ACCOUNT|__GFP_NOWARN|__GFP_NOMEMALLOC
            Xorg-546   [001] .n..   104.169644: kfree: call_site=802cfc00 caller(vfs_writev+0xa0/0xe4) ptr=  (null)
         openbox-680   [001] ....   104.169681: kfree: call_site=80723a38 caller(skb_free_head+0x30/0x34) ptr=d514724b
         openbox-680   [001] ....   104.169684: kfree: call_site=8071b8b8 caller(___sys_recvmsg+0x140/0x170) ptr=  (null)
      tailscaled-522   [000] ....   104.169698: kmalloc: call_site=80726764 caller(__alloc_skb+0x78/0x160) ptr=d4167a18 bytes_req=384 bytes_alloc=512 gfp_flags=GFP_KERNEL|__GFP_NOWARN|__GFP_NOMEMALLOC
      tailscaled-522   [000] ....   104.169710: kfree: call_site=8079d578 caller(__ip_make_skb+0x2fc/0x3e4) ptr=  (null)
      tailscaled-522   [000] .n..   104.169798: kfree: call_site=8071b63c caller(___sys_sendmsg+0x114/0x250) ptr=  (null)
    kworker/u8:1-45    [000] ....   104.169910: kfree: call_site=80723a38 caller(skb_free_head+0x30/0x34) ptr=d4167a18
            Xorg-546   [001] ....   104.169974: kmalloc: call_site=80726764 caller(__alloc_skb+0x78/0x160) ptr=d514724b bytes_req=256 bytes_alloc=256 gfp_flags=GFP_KERNEL_ACCOUNT|__GFP_NOWARN|__GFP_NOMEMALLOC
            Xorg-546   [001] .n..   104.169988: kfree: call_site=802cfc00 caller(vfs_writev+0xa0/0xe4) ptr=  (null)
         openbox-680   [001] ....   104.170005: kfree: call_site=80723a38 caller(skb_free_head+0x30/0x34) ptr=d514724b
         openbox-680   [001] ....   104.170008: kfree: call_site=8071b8b8 caller(___sys_recvmsg+0x140/0x170) ptr=  (null)
            Xorg-546   [001] ....   104.170142: kfree: call_site=80723a38 caller(skb_free_head+0x30/0x34) ptr=42b9d138
            Xorg-546   [001] ....   104.170148: kfree: call_site=80723a38 caller(skb_free_head+0x30/0x34) ptr=1db16e18
            Xorg-546   [001] ....   104.170150: kfree: call_site=8071b8b8 caller(___sys_recvmsg+0x140/0x170) ptr=  (null)
            Xorg-546   [001] ....   104.170222: kmalloc: call_site=80726764 caller(__alloc_skb+0x78/0x160) ptr=d514724b bytes_req=256 bytes_alloc=256 gfp_flags=GFP_KERNEL_ACCOUNT|__GFP_NOWARN|__GFP_NOMEMALLOC
            Xorg-546   [001] .n..   104.170231: kfree: call_site=802cfc00 caller(vfs_writev+0xa0/0xe4) ptr=  (null)
         openbox-680   [001] ....   104.170247: kfree: call_site=80723a38 caller(skb_free_head+0x30/0x34) ptr=d514724b
         openbox-680   [001] ....   104.170249: kfree: call_site=8071b8b8 caller(___sys_recvmsg+0x140/0x170) ptr=  (null)
            Xorg-546   [001] ....   104.170373: kmalloc: call_site=80726764 caller(__alloc_skb+0x78/0x160) ptr=14d19520 bytes_req=320 bytes_alloc=512 gfp_flags=GFP_KERNEL_ACCOUNT|__GFP_NOWARN|__GFP_NOMEMALLOC
            Xorg-546   [001] ....   104.170382: kfree: call_site=802cfc00 caller(vfs_writev+0xa0/0xe4) ptr=  (null)
            Xorg-546   [001] ....   104.170387: kfree: call_site=8071b8b8 caller(___sys_recvmsg+0x140/0x170) ptr=  (null)
            Xorg-546   [001] ....   104.170413: kmalloc: call_site=80726764 caller(__alloc_skb+0x78/0x160) ptr=d514724b bytes_req=256 bytes_alloc=256 gfp_flags=GFP_KERNEL_ACCOUNT|__GFP_NOWARN|__GFP_NOMEMALLOC
            Xorg-546   [001] .n..   104.170420: kfree: call_site=802cfc00 caller(vfs_writev+0xa0/0xe4) ptr=  (null)
         openbox-680   [001] ....   104.170432: kfree: call_site=80723a38 caller(skb_free_head+0x30/0x34) ptr=d514724b
         openbox-680   [001] ....   104.170434: kfree: call_site=8071b8b8 caller(___sys_recvmsg+0x140/0x170) ptr=  (null)
         openbox-680   [001] ....   104.170485: kfree: call_site=8071b8b8 caller(___sys_recvmsg+0x140/0x170) ptr=  (null)
         openbox-680   [001] ....   104.170489: kfree: call_site=8071b8b8 caller(___sys_recvmsg+0x140/0x170) ptr=  (null)
         openbox-680   [001] ....   104.170495: kfree: call_site=8071b8b8 caller(___sys_recvmsg+0x140/0x170) ptr=  (null)
         openbox-680   [001] ....   104.170498: kfree: call_site=8071b8b8 caller(___sys_recvmsg+0x140/0x170) ptr=  (null)
         openbox-680   [001] ....   104.170546: kmalloc: call_site=80726764 caller(__alloc_skb+0x78/0x160) ptr=204a9b85 bytes_req=448 bytes_alloc=512 gfp_flags=GFP_KERNEL_ACCOUNT|__GFP_NOWARN|__GFP_NOMEMALLOC
         openbox-680   [001] ....   104.170568: kfree: call_site=802cfc00 caller(vfs_writev+0xa0/0xe4) ptr=  (null)
         openbox-680   [001] ....   104.170573: kfree: call_site=8071b8b8 caller(___sys_recvmsg+0x140/0x170) ptr=  (null)
         openbox-680   [001] ....   104.170576: kfree: call_site=8071b8b8 caller(___sys_recvmsg+0x140/0x170) ptr=  (null)
         openbox-680   [001] ....   104.170589: kmalloc: call_site=80726764 caller(__alloc_skb+0x78/0x160) ptr=f69cc6fb bytes_req=256 bytes_alloc=256 gfp_flags=GFP_KERNEL_ACCOUNT|__GFP_NOWARN|__GFP_NOMEMALLOC
         openbox-680   [001] ....   104.170592: kfree: call_site=802cfc00 caller(vfs_writev+0xa0/0xe4) ptr=  (null)
            Xorg-546   [001] ....   104.170644: kfree: call_site=80723a38 caller(skb_free_head+0x30/0x34) ptr=204a9b85
            Xorg-546   [001] ....   104.170647: kfree: call_site=80723a38 caller(skb_free_head+0x30/0x34) ptr=f69cc6fb
            Xorg-546   [001] ....   104.170648: kfree: call_site=8071b8b8 caller(___sys_recvmsg+0x140/0x170) ptr=  (null)
            Xorg-546   [001] ....   104.170690: kmalloc: call_site=80726764 caller(__alloc_skb+0x78/0x160) ptr=d514724b bytes_req=256 bytes_alloc=256 gfp_flags=GFP_KERNEL_ACCOUNT|__GFP_NOWARN|__GFP_NOMEMALLOC
            Xorg-546   [001] ....   104.170697: kfree: call_site=802cfc00 caller(vfs_writev+0xa0/0xe4) ptr=  (null)
            Xorg-546   [001] ....   104.170706: kmalloc: call_site=80726764 caller(__alloc_skb+0x78/0x160) ptr=a6112bc3 bytes_req=256 bytes_alloc=256 gfp_flags=GFP_KERNEL_ACCOUNT|__GFP_NOWARN|__GFP_NOMEMALLOC
            Xorg-546   [001] ....   104.170712: kfree: call_site=802cfc00 caller(vfs_writev+0xa0/0xe4) ptr=  (null)
            Xorg-546   [001] ....   104.170719: kmalloc: call_site=80726764 caller(__alloc_skb+0x78/0x160) ptr=66e5b9eb bytes_req=256 bytes_alloc=256 gfp_flags=GFP_KERNEL_ACCOUNT|__GFP_NOWARN|__GFP_NOMEMALLOC
            Xorg-546   [001] ....   104.170723: kfree: call_site=802cfc00 caller(vfs_writev+0xa0/0xe4) ptr=  (null)
            sudo-1014  [003] ....   104.170909: kfree: call_site=80282d88 caller(kvfree+0x4c/0x58) ptr=4300952d
            sudo-1014  [003] ....   104.170911: kfree: call_site=80282d88 caller(kvfree+0x4c/0x58) ptr=8e5de7e9
            sudo-1014  [003] ....   104.170913: kfree: call_site=802f0fd4 caller(__free_fdtable+0x30/0x34) ptr=4c1e18d2
        vncagent-550   [003] ....   104.171895: kfree: call_site=80723a38 caller(skb_free_head+0x30/0x34) ptr=14d19520
        vncagent-550   [003] ....   104.171902: kfree: call_site=80723a38 caller(skb_free_head+0x30/0x34) ptr=66e5b9eb
        vncagent-550   [003] ....   104.171904: kfree: call_site=8071b8b8 caller(___sys_recvmsg+0x140/0x170) ptr=  (null)
      lxterminal-982   [000] ....   104.171988: kfree: call_site=8071b8b8 caller(___sys_recvmsg+0x140/0x170) ptr=  (null)
        vncagent-550   [003] ....   104.171999: kmalloc: call_site=80726764 caller(__alloc_skb+0x78/0x160) ptr=78e7c85a bytes_req=512 bytes_alloc=512 gfp_flags=GFP_KERNEL_ACCOUNT|__GFP_NOWARN|__GFP_NOMEMALLOC
        vncagent-550   [003] ....   104.172008: kfree: call_site=802cfc00 caller(vfs_writev+0xa0/0xe4) ptr=  (null)
      lxterminal-982   [000] ....   104.172014: kfree: call_site=8071b8b8 caller(___sys_recvmsg+0x140/0x170) ptr=  (null)
       lxsession-623   [003] ....   104.172063: kfree: call_site=80723a38 caller(skb_free_head+0x30/0x34) ptr=a6112bc3
       lxsession-623   [003] ....   104.172066: kfree: call_site=8071b8b8 caller(___sys_recvmsg+0x140/0x170) ptr=  (null)
       lxsession-623   [003] ....   104.172079: kfree: call_site=8071b8b8 caller(___sys_recvmsg+0x140/0x170) ptr=  (null)
       lxsession-623   [003] ....   104.172083: kfree: call_site=8071b8b8 caller(___sys_recvmsg+0x140/0x170) ptr=  (null)
       lxsession-623   [003] ....   104.172094: kfree: call_site=8071b8b8 caller(___sys_recvmsg+0x140/0x170) ptr=  (null)
       lxsession-623   [003] ....   104.172096: kfree: call_site=8071b8b8 caller(___sys_recvmsg+0x140/0x170) ptr=  (null)
       lxsession-623   [003] ....   104.172106: kfree: call_site=8071b8b8 caller(___sys_recvmsg+0x140/0x170) ptr=  (null)
       lxsession-623   [003] ....   104.172109: kfree: call_site=8071b8b8 caller(___sys_recvmsg+0x140/0x170) ptr=  (null)
       lxsession-623   [003] ....   104.172113: kfree: call_site=8071b8b8 caller(___sys_recvmsg+0x140/0x170) ptr=  (null)
       lxsession-623   [003] ....   104.172115: kfree: call_site=8071b8b8 caller(___sys_recvmsg+0x140/0x170) ptr=  (null)
         lxpanel-685   [000] ....   104.172194: kfree: call_site=80723a38 caller(skb_free_head+0x30/0x34) ptr=d514724b
         lxpanel-685   [000] ....   104.172197: kfree: call_site=8071b8b8 caller(___sys_recvmsg+0x140/0x170) ptr=  (null)
         lxpanel-685   [000] ....   104.172210: kfree: call_site=8071b8b8 caller(___sys_recvmsg+0x140/0x170) ptr=  (null)
         lxpanel-685   [000] ....   104.172214: kfree: call_site=8071b8b8 caller(___sys_recvmsg+0x140/0x170) ptr=  (null)
      tailscaled-535   [003] .n..   104.172254: kfree: call_site=8071b8b8 caller(___sys_recvmsg+0x140/0x170) ptr=  (null)
      tailscaled-419   [001] ....   104.172327: kmalloc: call_site=80726764 caller(__alloc_skb+0x78/0x160) ptr=9ff93bf1 bytes_req=384 bytes_alloc=512 gfp_flags=GFP_KERNEL|__GFP_NOWARN|__GFP_NOMEMALLOC
         lxpanel-685   [000] ....   104.172330: kfree: call_site=8071b8b8 caller(___sys_recvmsg+0x140/0x170) ptr=  (null)
         lxpanel-685   [000] ....   104.172334: kfree: call_site=8071b8b8 caller(___sys_recvmsg+0x140/0x170) ptr=  (null)
         lxpanel-685   [000] ....   104.172341: kfree: call_site=8071b8b8 caller(___sys_recvmsg+0x140/0x170) ptr=  (null)
         lxpanel-685   [000] ....   104.172343: kfree: call_site=8071b8b8 caller(___sys_recvmsg+0x140/0x170) ptr=  (null)
 vncserver-x11-c-451   [000] ....   104.172509: kfree: call_site=80723a38 caller(skb_free_head+0x30/0x34) ptr=9ff93bf1
 vncserver-x11-c-451   [000] ....   104.172516: kmalloc: call_site=80726764 caller(__alloc_skb+0x78/0x160) ptr=d4167a18 bytes_req=512 bytes_alloc=512 gfp_flags=GFP_ATOMIC|__GFP_NOWARN|__GFP_NOMEMALLOC
      tailscaled-419   [001] ....   104.172584: kmalloc: call_site=80726764 caller(__alloc_skb+0x78/0x160) ptr=dba08029 bytes_req=384 bytes_alloc=512 gfp_flags=GFP_KERNEL|__GFP_NOWARN|__GFP_NOMEMALLOC
 vncserver-x11-c-451   [000] ....   104.172638: kmalloc: call_site=80726764 caller(__alloc_skb+0x78/0x160) ptr=e4cb2cfb bytes_req=256 bytes_alloc=256 gfp_flags=GFP_KERNEL_ACCOUNT|__GFP_NOWARN|__GFP_NOMEMALLOC
 vncserver-x11-c-451   [000] ....   104.172652: kfree: call_site=80723a38 caller(skb_free_head+0x30/0x34) ptr=dba08029
 vncserver-x11-c-451   [000] ....   104.172669: kmalloc: call_site=80726764 caller(__alloc_skb+0x78/0x160) ptr=b0117870 bytes_req=256 bytes_alloc=256 gfp_flags=GFP_KERNEL_ACCOUNT|__GFP_NOWARN|__GFP_NOMEMALLOC
            Xorg-546   [001] ....   104.172735: kmalloc: call_site=80726764 caller(__alloc_skb+0x78/0x160) ptr=45619480 bytes_req=256 bytes_alloc=256 gfp_flags=GFP_KERNEL_ACCOUNT|__GFP_NOWARN|__GFP_NOMEMALLOC
            Xorg-546   [001] ....   104.172742: kfree: call_site=802cfc00 caller(vfs_writev+0xa0/0xe4) ptr=  (null)
            Xorg-546   [001] ....   104.172748: kmalloc: call_site=80726764 caller(__alloc_skb+0x78/0x160) ptr=8b3dc9c5 bytes_req=256 bytes_alloc=256 gfp_flags=GFP_KERNEL_ACCOUNT|__GFP_NOWARN|__GFP_NOMEMALLOC
            Xorg-546   [001] ....   104.172751: kfree: call_site=802cfc00 caller(vfs_writev+0xa0/0xe4) ptr=  (null)
            Xorg-546   [001] ....   104.172756: kmalloc: call_site=80726764 caller(__alloc_skb+0x78/0x160) ptr=7e84cf73 bytes_req=256 bytes_alloc=256 gfp_flags=GFP_KERNEL_ACCOUNT|__GFP_NOWARN|__GFP_NOMEMALLOC
            Xorg-546   [001] ....   104.172758: kfree: call_site=802cfc00 caller(vfs_writev+0xa0/0xe4) ptr=  (null)
        vncagent-550   [003] ....   104.172762: kfree: call_site=80723a38 caller(skb_free_head+0x30/0x34) ptr=45619480
            Xorg-546   [001] ....   104.172763: kmalloc: call_site=80726764 caller(__alloc_skb+0x78/0x160) ptr=7e470e2d bytes_req=256 bytes_alloc=256 gfp_flags=GFP_KERNEL_ACCOUNT|__GFP_NOWARN|__GFP_NOMEMALLOC
            Xorg-546   [001] ....   104.172766: kfree: call_site=802cfc00 caller(vfs_writev+0xa0/0xe4) ptr=  (null)
        vncagent-550   [003] ....   104.172767: kfree: call_site=80723a38 caller(skb_free_head+0x30/0x34) ptr=8b3dc9c5
            Xorg-546   [001] ....   104.172770: kmalloc: call_site=80726764 caller(__alloc_skb+0x78/0x160) ptr=5360080a bytes_req=256 bytes_alloc=256 gfp_flags=GFP_KERNEL_ACCOUNT|__GFP_NOWARN|__GFP_NOMEMALLOC
        vncagent-550   [003] ....   104.172770: kfree: call_site=80723a38 caller(skb_free_head+0x30/0x34) ptr=7e84cf73
            Xorg-546   [001] ....   104.172772: kfree: call_site=802cfc00 caller(vfs_writev+0xa0/0xe4) ptr=  (null)
        vncagent-550   [003] ....   104.172773: kfree: call_site=80723a38 caller(skb_free_head+0x30/0x34) ptr=7e470e2d
        vncagent-550   [003] ....   104.172777: kfree: call_site=80723a38 caller(skb_free_head+0x30/0x34) ptr=5360080a
        vncagent-550   [003] ....   104.172779: kfree: call_site=8071b8b8 caller(___sys_recvmsg+0x140/0x170) ptr=  (null)
            Xorg-546   [001] ....   104.172994: kmalloc: call_site=80726764 caller(__alloc_skb+0x78/0x160) ptr=40c31f14 bytes_req=256 bytes_alloc=256 gfp_flags=GFP_KERNEL_ACCOUNT|__GFP_NOWARN|__GFP_NOMEMALLOC
            Xorg-546   [001] .n..   104.173005: kfree: call_site=802cfc00 caller(vfs_writev+0xa0/0xe4) ptr=  (null)
         openbox-680   [001] ....   104.173025: kfree: call_site=80723a38 caller(skb_free_head+0x30/0x34) ptr=40c31f14
         openbox-680   [001] ....   104.173027: kfree: call_site=8071b8b8 caller(___sys_recvmsg+0x140/0x170) ptr=  (null)
         openbox-680   [001] ....   104.173061: kfree: call_site=8071b8b8 caller(___sys_recvmsg+0x140/0x170) ptr=  (null)
         openbox-680   [001] ....   104.173064: kfree: call_site=8071b8b8 caller(___sys_recvmsg+0x140/0x170) ptr=  (null)
         openbox-680   [001] ....   104.173086: kfree: call_site=8071b8b8 caller(___sys_recvmsg+0x140/0x170) ptr=  (null)
         openbox-680   [001] ....   104.173089: kfree: call_site=8071b8b8 caller(___sys_recvmsg+0x140/0x170) ptr=  (null)
         openbox-680   [001] ....   104.173100: kfree: call_site=8071b8b8 caller(___sys_recvmsg+0x140/0x170) ptr=  (null)
         openbox-680   [001] ....   104.173103: kfree: call_site=8071b8b8 caller(___sys_recvmsg+0x140/0x170) ptr=  (null)
         openbox-680   [001] ....   104.173108: kfree: call_site=8071b8b8 caller(___sys_recvmsg+0x140/0x170) ptr=  (null)
         openbox-680   [001] ....   104.173111: kfree: call_site=8071b8b8 caller(___sys_recvmsg+0x140/0x170) ptr=  (null)
            Xorg-546   [001] ....   104.173127: kfree: call_site=8071b8b8 caller(___sys_recvmsg+0x140/0x170) ptr=  (null)
      tailscaled-522   [000] ....   104.173156: kfree: call_site=8071b8b8 caller(___sys_recvmsg+0x140/0x170) ptr=  (null)
      tailscaled-522   [000] ....   104.173169: kfree: call_site=8071b8b8 caller(___sys_recvmsg+0x140/0x170) ptr=  (null)
      tailscaled-522   [000] ....   104.173171: kfree: call_site=8071b8b8 caller(___sys_recvmsg+0x140/0x170) ptr=  (null)
      tailscaled-535   [003] .n..   104.173174: kfree: call_site=80723a38 caller(skb_free_head+0x30/0x34) ptr=d4167a18
      tailscaled-522   [000] ....   104.173344: kfree: call_site=8071b8b8 caller(___sys_recvmsg+0x140/0x170) ptr=  (null)
            Xorg-546   [001] ....   104.173374: kmalloc: call_site=80726764 caller(__alloc_skb+0x78/0x160) ptr=40c31f14 bytes_req=256 bytes_alloc=256 gfp_flags=GFP_KERNEL_ACCOUNT|__GFP_NOWARN|__GFP_NOMEMALLOC
            Xorg-546   [001] ....   104.173384: kfree: call_site=802cfc00 caller(vfs_writev+0xa0/0xe4) ptr=  (null)
            Xorg-546   [001] ....   104.173389: kmalloc: call_site=80726764 caller(__alloc_skb+0x78/0x160) ptr=e45e2fbd bytes_req=256 bytes_alloc=256 gfp_flags=GFP_KERNEL_ACCOUNT|__GFP_NOWARN|__GFP_NOMEMALLOC
            Xorg-546   [001] ....   104.173393: kfree: call_site=802cfc00 caller(vfs_writev+0xa0/0xe4) ptr=  (null)
            Xorg-546   [001] ....   104.173398: kmalloc: call_site=80726764 caller(__alloc_skb+0x78/0x160) ptr=931f07c9 bytes_req=256 bytes_alloc=256 gfp_flags=GFP_KERNEL_ACCOUNT|__GFP_NOWARN|__GFP_NOMEMALLOC
            Xorg-546   [001] ....   104.173400: kfree: call_site=802cfc00 caller(vfs_writev+0xa0/0xe4) ptr=  (null)
        vncagent-550   [003] ....   104.173404: kfree: call_site=80723a38 caller(skb_free_head+0x30/0x34) ptr=40c31f14
            Xorg-546   [001] ....   104.173405: kmalloc: call_site=80726764 caller(__alloc_skb+0x78/0x160) ptr=dcf5603f bytes_req=256 bytes_alloc=256 gfp_flags=GFP_KERNEL_ACCOUNT|__GFP_NOWARN|__GFP_NOMEMALLOC
            Xorg-546   [001] ....   104.173407: kfree: call_site=802cfc00 caller(vfs_writev+0xa0/0xe4) ptr=  (null)
        vncagent-550   [003] ....   104.173409: kfree: call_site=80723a38 caller(skb_free_head+0x30/0x34) ptr=e45e2fbd
        vncagent-550   [003] ....   104.173412: kfree: call_site=80723a38 caller(skb_free_head+0x30/0x34) ptr=931f07c9
        vncagent-550   [003] ....   104.173415: kfree: call_site=80723a38 caller(skb_free_head+0x30/0x34) ptr=dcf5603f
        vncagent-550   [003] ....   104.173417: kfree: call_site=8071b8b8 caller(___sys_recvmsg+0x140/0x170) ptr=  (null)
      tailscaled-522   [000] ....   104.173505: kmalloc: call_site=80726764 caller(__alloc_skb+0x78/0x160) ptr=bca4071d bytes_req=384 bytes_alloc=512 gfp_flags=GFP_KERNEL|__GFP_NOWARN|__GFP_NOMEMALLOC
            Xorg-546   [001] ....   104.173565: kfree: call_site=80723a38 caller(skb_free_head+0x30/0x34) ptr=78e7c85a
            Xorg-546   [001] ....   104.173569: kfree: call_site=8071b8b8 caller(___sys_recvmsg+0x140/0x170) ptr=  (null)
      tailscaled-535   [003] ....   104.173585: kmalloc: call_site=80726764 caller(__alloc_skb+0x78/0x160) ptr=fa154d9d bytes_req=384 bytes_alloc=512 gfp_flags=GFP_KERNEL|__GFP_NOWARN|__GFP_NOMEMALLOC
      tailscaled-535   [003] ....   104.173600: kfree: call_site=8079d578 caller(__ip_make_skb+0x2fc/0x3e4) ptr=  (null)
 vncserver-x11-c-451   [000] ....   104.173646: kfree: call_site=80723a38 caller(skb_free_head+0x30/0x34) ptr=bca4071d
 vncserver-x11-c-451   [000] ....   104.173651: kmalloc: call_site=80726764 caller(__alloc_skb+0x78/0x160) ptr=bca4071d bytes_req=512 bytes_alloc=512 gfp_flags=GFP_ATOMIC|__GFP_NOWARN|__GFP_NOMEMALLOC
      tailscaled-535   [003] .n..   104.173678: kfree: call_site=8071b63c caller(___sys_sendmsg+0x114/0x250) ptr=  (null)
      tailscaled-419   [001] ....   104.173729: kfree: call_site=80723a38 caller(skb_free_head+0x30/0x34) ptr=bca4071d
 vncserver-x11-c-451   [000] ....   104.173751: kmalloc: call_site=80726764 caller(__alloc_skb+0x78/0x160) ptr=d8b4b9f8 bytes_req=256 bytes_alloc=256 gfp_flags=GFP_KERNEL_ACCOUNT|__GFP_NOWARN|__GFP_NOMEMALLOC
    kworker/u8:1-45    [000] ....   104.173908: kfree: call_site=80723a38 caller(skb_free_head+0x30/0x34) ptr=fa154d9d
      tailscaled-419   [001] ....   104.173926: kmalloc: call_site=80726764 caller(__alloc_skb+0x78/0x160) ptr=5e443c5e bytes_req=384 bytes_alloc=512 gfp_flags=GFP_KERNEL|__GFP_NOWARN|__GFP_NOMEMALLOC
      tailscaled-522   [000] ....   104.173931: kmalloc: call_site=80726764 caller(__alloc_skb+0x78/0x160) ptr=a1e4e355 bytes_req=384 bytes_alloc=512 gfp_flags=GFP_KERNEL|__GFP_NOWARN|__GFP_NOMEMALLOC
      tailscaled-419   [001] ....   104.173935: kfree: call_site=8079d578 caller(__ip_make_skb+0x2fc/0x3e4) ptr=  (null)
      tailscaled-419   [001] ....   104.173973: kfree: call_site=8071b63c caller(___sys_sendmsg+0x114/0x250) ptr=  (null)
 vncserver-x11-c-451   [000] ....   104.174059: kfree: call_site=80723a38 caller(skb_free_head+0x30/0x34) ptr=a1e4e355
 vncserver-x11-c-451   [000] ....   104.174101: kmalloc: call_site=80726764 caller(__alloc_skb+0x78/0x160) ptr=6ac2cd3a bytes_req=256 bytes_alloc=256 gfp_flags=GFP_KERNEL_ACCOUNT|__GFP_NOWARN|__GFP_NOMEMALLOC
    kworker/u8:1-45    [000] ....   104.174147: kfree: call_site=80723a38 caller(skb_free_head+0x30/0x34) ptr=5e443c5e
            Xorg-546   [001] ....   104.176321: kmalloc: call_site=80726764 caller(__alloc_skb+0x78/0x160) ptr=61f20db3 bytes_req=256 bytes_alloc=256 gfp_flags=GFP_KERNEL_ACCOUNT|__GFP_NOWARN|__GFP_NOMEMALLOC
            Xorg-546   [001] ....   104.176348: kfree: call_site=802cfc00 caller(vfs_writev+0xa0/0xe4) ptr=  (null)
            Xorg-546   [001] ....   104.176363: kfree: call_site=8071b8b8 caller(___sys_recvmsg+0x140/0x170) ptr=  (null)
            Xorg-546   [001] ....   104.176389: kfree: call_site=80723a38 caller(skb_free_head+0x30/0x34) ptr=04b7b355
            Xorg-546   [001] ....   104.176395: kfree: call_site=8071b8b8 caller(___sys_recvmsg+0x140/0x170) ptr=  (null)
        vncagent-550   [003] ....   104.176399: kfree: call_site=80723a38 caller(skb_free_head+0x30/0x34) ptr=61f20db3
        vncagent-550   [003] ....   104.176403: kfree: call_site=8071b8b8 caller(___sys_recvmsg+0x140/0x170) ptr=  (null)
        vncagent-550   [003] ....   104.176478: kmalloc: call_site=80726764 caller(__alloc_skb+0x78/0x160) ptr=9f707d54 bytes_req=320 bytes_alloc=512 gfp_flags=GFP_KERNEL_ACCOUNT|__GFP_NOWARN|__GFP_NOMEMALLOC
            Xorg-546   [001] ....   104.176502: kfree: call_site=8071b8b8 caller(___sys_recvmsg+0x140/0x170) ptr=  (null)
        vncagent-550   [003] ....   104.176518: kfree: call_site=80723a38 caller(skb_free_head+0x30/0x34) ptr=1bc23f6e
        vncagent-550   [003] ....   104.176525: kfree: call_site=80723a38 caller(skb_free_head+0x30/0x34) ptr=83e3fc4c
        vncagent-550   [003] ....   104.176529: kfree: call_site=80723a38 caller(skb_free_head+0x30/0x34) ptr=22598a23
        vncagent-550   [003] ....   104.176533: kfree: call_site=80723a38 caller(skb_free_head+0x30/0x34) ptr=b3852994
        vncagent-550   [003] ....   104.176537: kfree: call_site=80723a38 caller(skb_free_head+0x30/0x34) ptr=4d0c7da4
        vncagent-550   [003] ....   104.176541: kfree: call_site=80723a38 caller(skb_free_head+0x30/0x34) ptr=7401dc6a
        vncagent-550   [003] ....   104.176545: kfree: call_site=80723a38 caller(skb_free_head+0x30/0x34) ptr=873897b4
        vncagent-550   [003] ....   104.176548: kfree: call_site=80723a38 caller(skb_free_head+0x30/0x34) ptr=3d2f4f75
        vncagent-550   [003] ....   104.176552: kfree: call_site=80723a38 caller(skb_free_head+0x30/0x34) ptr=98c75394
        vncagent-550   [003] ....   104.176556: kfree: call_site=80723a38 caller(skb_free_head+0x30/0x34) ptr=e4cb2cfb
        vncagent-550   [003] ....   104.176559: kfree: call_site=80723a38 caller(skb_free_head+0x30/0x34) ptr=b0117870
        vncagent-550   [003] ....   104.176563: kfree: call_site=80723a38 caller(skb_free_head+0x30/0x34) ptr=d8b4b9f8
        vncagent-550   [003] ....   104.176567: kfree: call_site=80723a38 caller(skb_free_head+0x30/0x34) ptr=6ac2cd3a
 vncserver-x11-c-451   [000] ....   104.176571: kfree: call_site=80723a38 caller(skb_free_head+0x30/0x34) ptr=9f707d54
        vncagent-550   [003] ....   104.176712: kmalloc: call_site=80726764 caller(__alloc_skb+0x78/0x160) ptr=b80299f9 bytes_req=704 bytes_alloc=1024 gfp_flags=GFP_KERNEL_ACCOUNT|__GFP_NOWARN|__GFP_NOMEMALLOC
        vncagent-550   [003] ....   104.176719: kfree: call_site=802cfc00 caller(vfs_writev+0xa0/0xe4) ptr=  (null)
        vncagent-550   [003] ....   104.176726: kfree: call_site=8071b8b8 caller(___sys_recvmsg+0x140/0x170) ptr=  (null)
        vncagent-550   [003] ....   104.176731: kfree: call_site=8071b8b8 caller(___sys_recvmsg+0x140/0x170) ptr=  (null)
            Xorg-546   [001] ....   104.176749: kfree: call_site=80723a38 caller(skb_free_head+0x30/0x34) ptr=b80299f9
            Xorg-546   [001] ....   104.176752: kfree: call_site=8071b8b8 caller(___sys_recvmsg+0x140/0x170) ptr=  (null)
        vncagent-550   [003] ....   104.176758: kmalloc: call_site=80726764 caller(__alloc_skb+0x78/0x160) ptr=b149e500 bytes_req=256 bytes_alloc=256 gfp_flags=GFP_KERNEL_ACCOUNT|__GFP_NOWARN|__GFP_NOMEMALLOC
        vncagent-550   [003] ....   104.176762: kfree: call_site=802cfc00 caller(vfs_writev+0xa0/0xe4) ptr=  (null)
            Xorg-546   [001] .n..   104.176948: kmalloc: call_site=80726764 caller(__alloc_skb+0x78/0x160) ptr=7d98b69a bytes_req=256 bytes_alloc=256 gfp_flags=GFP_KERNEL_ACCOUNT|__GFP_NOWARN|__GFP_NOMEMALLOC
            Xorg-546   [001] .n..   104.176965: kfree: call_site=802cfc00 caller(vfs_writev+0xa0/0xe4) ptr=  (null)
         openbox-680   [001] ....   104.177071: kfree: call_site=80723a38 caller(skb_free_head+0x30/0x34) ptr=7d98b69a
         openbox-680   [001] ....   104.177073: kfree: call_site=8071b8b8 caller(___sys_recvmsg+0x140/0x170) ptr=  (null)
         openbox-680   [001] ....   104.177088: kfree: call_site=8071b8b8 caller(___sys_recvmsg+0x140/0x170) ptr=  (null)
         openbox-680   [001] ....   104.177092: kfree: call_site=8071b8b8 caller(___sys_recvmsg+0x140/0x170) ptr=  (null)
         openbox-680   [001] ....   104.177127: kfree: call_site=8071b8b8 caller(___sys_recvmsg+0x140/0x170) ptr=  (null)
         openbox-680   [001] ....   104.177130: kfree: call_site=8071b8b8 caller(___sys_recvmsg+0x140/0x170) ptr=  (null)
         openbox-680   [001] ....   104.177137: kfree: call_site=8071b8b8 caller(___sys_recvmsg+0x140/0x170) ptr=  (null)
         openbox-680   [001] ....   104.177139: kfree: call_site=8071b8b8 caller(___sys_recvmsg+0x140/0x170) ptr=  (null)
         openbox-680   [001] ....   104.177186: kmalloc: call_site=80726764 caller(__alloc_skb+0x78/0x160) ptr=204a9b85 bytes_req=448 bytes_alloc=512 gfp_flags=GFP_KERNEL_ACCOUNT|__GFP_NOWARN|__GFP_NOMEMALLOC
         openbox-680   [001] ....   104.177191: kfree: call_site=802cfc00 caller(vfs_writev+0xa0/0xe4) ptr=  (null)
         openbox-680   [001] ....   104.177196: kfree: call_site=8071b8b8 caller(___sys_recvmsg+0x140/0x170) ptr=  (null)
         openbox-680   [001] ....   104.177199: kfree: call_site=8071b8b8 caller(___sys_recvmsg+0x140/0x170) ptr=  (null)
         openbox-680   [001] ....   104.177212: kmalloc: call_site=80726764 caller(__alloc_skb+0x78/0x160) ptr=f69cc6fb bytes_req=256 bytes_alloc=256 gfp_flags=GFP_KERNEL_ACCOUNT|__GFP_NOWARN|__GFP_NOMEMALLOC
         openbox-680   [001] ....   104.177215: kfree: call_site=802cfc00 caller(vfs_writev+0xa0/0xe4) ptr=  (null)
            Xorg-546   [001] ..s.   104.177333: kfree: call_site=801eea34 caller(ftrace_graph_exit_task+0x20/0x24) ptr=  (null)
          <idle>-0     [003] ..s.   104.177342: kfree: call_site=80190ae0 caller(rcu_process_callbacks+0x308/0x658) ptr=d438b77c
            Xorg-546   [001] ....   104.177557: kmalloc: call_site=80726764 caller(__alloc_skb+0x78/0x160) ptr=7d98b69a bytes_req=256 bytes_alloc=256 gfp_flags=GFP_KERNEL_ACCOUNT|__GFP_NOWARN|__GFP_NOMEMALLOC
            Xorg-546   [001] .n..   104.177576: kfree: call_site=802cfc00 caller(vfs_writev+0xa0/0xe4) ptr=  (null)
         openbox-680   [001] .n..   104.177642: kfree: call_site=80723a38 caller(skb_free_head+0x30/0x34) ptr=7d98b69a
         openbox-680   [001] .n..   104.177645: kfree: call_site=8071b8b8 caller(___sys_recvmsg+0x140/0x170) ptr=  (null)
            Xorg-546   [001] ....   104.177838: kmalloc: call_site=80726764 caller(__alloc_skb+0x78/0x160) ptr=7d98b69a bytes_req=256 bytes_alloc=256 gfp_flags=GFP_KERNEL_ACCOUNT|__GFP_NOWARN|__GFP_NOMEMALLOC
            Xorg-546   [001] .n..   104.177847: kfree: call_site=802cfc00 caller(vfs_writev+0xa0/0xe4) ptr=  (null)
         openbox-680   [001] ....   104.177860: kfree: call_site=80723a38 caller(skb_free_head+0x30/0x34) ptr=7d98b69a
         openbox-680   [001] ....   104.177862: kfree: call_site=8071b8b8 caller(___sys_recvmsg+0x140/0x170) ptr=  (null)
            Xorg-546   [001] ....   104.177998: kmalloc: call_site=80726764 caller(__alloc_skb+0x78/0x160) ptr=7d98b69a bytes_req=256 bytes_alloc=256 gfp_flags=GFP_KERNEL_ACCOUNT|__GFP_NOWARN|__GFP_NOMEMALLOC
            Xorg-546   [001] .n..   104.178006: kfree: call_site=802cfc00 caller(vfs_writev+0xa0/0xe4) ptr=  (null)
         openbox-680   [001] ....   104.178018: kfree: call_site=80723a38 caller(skb_free_head+0x30/0x34) ptr=7d98b69a
         openbox-680   [001] ....   104.178019: kfree: call_site=8071b8b8 caller(___sys_recvmsg+0x140/0x170) ptr=  (null)
            Xorg-546   [001] ....   104.178151: kmalloc: call_site=80726764 caller(__alloc_skb+0x78/0x160) ptr=7d98b69a bytes_req=256 bytes_alloc=256 gfp_flags=GFP_KERNEL_ACCOUNT|__GFP_NOWARN|__GFP_NOMEMALLOC
            Xorg-546   [001] .n..   104.178161: kfree: call_site=802cfc00 caller(vfs_writev+0xa0/0xe4) ptr=  (null)
         openbox-680   [001] ....   104.178173: kfree: call_site=80723a38 caller(skb_free_head+0x30/0x34) ptr=7d98b69a
         openbox-680   [001] ....   104.178175: kfree: call_site=8071b8b8 caller(___sys_recvmsg+0x140/0x170) ptr=  (null)
            Xorg-546   [001] ....   104.178302: kmalloc: call_site=80726764 caller(__alloc_skb+0x78/0x160) ptr=7d98b69a bytes_req=256 bytes_alloc=256 gfp_flags=GFP_KERNEL_ACCOUNT|__GFP_NOWARN|__GFP_NOMEMALLOC
            Xorg-546   [001] .n..   104.178311: kfree: call_site=802cfc00 caller(vfs_writev+0xa0/0xe4) ptr=  (null)
         openbox-680   [001] ....   104.178322: kfree: call_site=80723a38 caller(skb_free_head+0x30/0x34) ptr=7d98b69a
         openbox-680   [001] ....   104.178324: kfree: call_site=8071b8b8 caller(___sys_recvmsg+0x140/0x170) ptr=  (null)
            Xorg-546   [001] ....   104.178452: kmalloc: call_site=80726764 caller(__alloc_skb+0x78/0x160) ptr=7d98b69a bytes_req=256 bytes_alloc=256 gfp_flags=GFP_KERNEL_ACCOUNT|__GFP_NOWARN|__GFP_NOMEMALLOC
            Xorg-546   [001] .n..   104.178460: kfree: call_site=802cfc00 caller(vfs_writev+0xa0/0xe4) ptr=  (null)
         openbox-680   [001] ....   104.178471: kfree: call_site=80723a38 caller(skb_free_head+0x30/0x34) ptr=7d98b69a
         openbox-680   [001] ....   104.178473: kfree: call_site=8071b8b8 caller(___sys_recvmsg+0x140/0x170) ptr=  (null)
            Xorg-546   [001] ....   104.178599: kmalloc: call_site=80726764 caller(__alloc_skb+0x78/0x160) ptr=7d98b69a bytes_req=256 bytes_alloc=256 gfp_flags=GFP_KERNEL_ACCOUNT|__GFP_NOWARN|__GFP_NOMEMALLOC
            Xorg-546   [001] .n..   104.178610: kfree: call_site=802cfc00 caller(vfs_writev+0xa0/0xe4) ptr=  (null)
         openbox-680   [001] ....   104.178621: kfree: call_site=80723a38 caller(skb_free_head+0x30/0x34) ptr=7d98b69a
         openbox-680   [001] ....   104.178622: kfree: call_site=8071b8b8 caller(___sys_recvmsg+0x140/0x170) ptr=  (null)
            Xorg-546   [001] ....   104.178750: kmalloc: call_site=80726764 caller(__alloc_skb+0x78/0x160) ptr=7d98b69a bytes_req=256 bytes_alloc=256 gfp_flags=GFP_KERNEL_ACCOUNT|__GFP_NOWARN|__GFP_NOMEMALLOC
            Xorg-546   [001] .n..   104.178758: kfree: call_site=802cfc00 caller(vfs_writev+0xa0/0xe4) ptr=  (null)
         openbox-680   [001] ....   104.178769: kfree: call_site=80723a38 caller(skb_free_head+0x30/0x34) ptr=7d98b69a
         openbox-680   [001] ....   104.178771: kfree: call_site=8071b8b8 caller(___sys_recvmsg+0x140/0x170) ptr=  (null)
            Xorg-546   [001] ....   104.178901: kmalloc: call_site=80726764 caller(__alloc_skb+0x78/0x160) ptr=7d98b69a bytes_req=256 bytes_alloc=256 gfp_flags=GFP_KERNEL_ACCOUNT|__GFP_NOWARN|__GFP_NOMEMALLOC
            Xorg-546   [001] .n..   104.178909: kfree: call_site=802cfc00 caller(vfs_writev+0xa0/0xe4) ptr=  (null)
         openbox-680   [001] ....   104.178920: kfree: call_site=80723a38 caller(skb_free_head+0x30/0x34) ptr=7d98b69a
         openbox-680   [001] ....   104.178922: kfree: call_site=8071b8b8 caller(___sys_recvmsg+0x140/0x170) ptr=  (null)
            Xorg-546   [001] ....   104.179048: kmalloc: call_site=80726764 caller(__alloc_skb+0x78/0x160) ptr=7d98b69a bytes_req=256 bytes_alloc=256 gfp_flags=GFP_KERNEL_ACCOUNT|__GFP_NOWARN|__GFP_NOMEMALLOC
            Xorg-546   [001] .n..   104.179057: kfree: call_site=802cfc00 caller(vfs_writev+0xa0/0xe4) ptr=  (null)
         openbox-680   [001] ....   104.179068: kfree: call_site=80723a38 caller(skb_free_head+0x30/0x34) ptr=7d98b69a
         openbox-680   [001] ....   104.179069: kfree: call_site=8071b8b8 caller(___sys_recvmsg+0x140/0x170) ptr=  (null)
            Xorg-546   [001] ....   104.179197: kmalloc: call_site=80726764 caller(__alloc_skb+0x78/0x160) ptr=7d98b69a bytes_req=256 bytes_alloc=256 gfp_flags=GFP_KERNEL_ACCOUNT|__GFP_NOWARN|__GFP_NOMEMALLOC
            Xorg-546   [001] .n..   104.179207: kfree: call_site=802cfc00 caller(vfs_writev+0xa0/0xe4) ptr=  (null)
         openbox-680   [001] ....   104.179218: kfree: call_site=80723a38 caller(skb_free_head+0x30/0x34) ptr=7d98b69a
