      tailscaled-417   [001] d...   503.670950: sched_switch: prev_comm=tailscaled prev_pid=417 prev_prio=120 prev_state=S ==> next_comm=tailscaled next_pid=420 next_prio=120
          <idle>-0     [002] d...   503.671021: sched_switch: prev_comm=swapper/2 prev_pid=0 prev_prio=120 prev_state=R ==> next_comm=tailscaled next_pid=535 next_prio=120
      tailscaled-420   [001] d...   503.671027: sched_switch: prev_comm=tailscaled prev_pid=420 prev_prio=120 prev_state=R ==> next_comm=tailscaled next_pid=417 next_prio=120
      tailscaled-417   [001] d...   503.671068: sched_switch: prev_comm=tailscaled prev_pid=417 prev_prio=120 prev_state=S ==> next_comm=tailscaled next_pid=420 next_prio=120
      tailscaled-535   [002] d...   503.671074: sched_switch: prev_comm=tailscaled prev_pid=535 prev_prio=120 prev_state=S ==> next_comm=swapper/2 next_pid=0 next_prio=120
      tailscaled-420   [001] d...   503.671148: sched_switch: prev_comm=tailscaled prev_pid=420 prev_prio=120 prev_state=R ==> next_comm=tailscaled next_pid=417 next_prio=120
      tailscaled-417   [001] d...   503.671175: sched_switch: prev_comm=tailscaled prev_pid=417 prev_prio=120 prev_state=S ==> next_comm=tailscaled next_pid=420 next_prio=120
      tailscaled-420   [001] d...   503.671251: sched_switch: prev_comm=tailscaled prev_pid=420 prev_prio=120 prev_state=R ==> next_comm=tailscaled next_pid=417 next_prio=120
      tailscaled-417   [001] d...   503.671272: sched_switch: prev_comm=tailscaled prev_pid=417 prev_prio=120 prev_state=S ==> next_comm=tailscaled next_pid=419 next_prio=120
      tailscaled-419   [001] d...   503.671310: sched_switch: prev_comm=tailscaled prev_pid=419 prev_prio=120 prev_state=S ==> next_comm=tailscaled next_pid=420 next_prio=120
      tailscaled-420   [001] d...   503.671349: sched_switch: prev_comm=tailscaled prev_pid=420 prev_prio=120 prev_state=R ==> next_comm=tailscaled next_pid=417 next_prio=120
      tailscaled-417   [001] d...   503.671367: sched_switch: prev_comm=tailscaled prev_pid=417 prev_prio=120 prev_state=S ==> next_comm=tailscaled next_pid=420 next_prio=120
      tailscaled-420   [001] d...   503.671446: sched_switch: prev_comm=tailscaled prev_pid=420 prev_prio=120 prev_state=R ==> next_comm=tailscaled next_pid=417 next_prio=120
      tailscaled-417   [001] d...   503.671465: sched_switch: prev_comm=tailscaled prev_pid=417 prev_prio=120 prev_state=S ==> next_comm=tailscaled next_pid=419 next_prio=120
      tailscaled-419   [001] d...   503.671491: sched_switch: prev_comm=tailscaled prev_pid=419 prev_prio=120 prev_state=S ==> next_comm=tailscaled next_pid=420 next_prio=120
      tailscaled-420   [001] d...   503.671549: sched_switch: prev_comm=tailscaled prev_pid=420 prev_prio=120 prev_state=R ==> next_comm=tailscaled next_pid=417 next_prio=120
      tailscaled-417   [001] d...   503.671570: sched_switch: prev_comm=tailscaled prev_pid=417 prev_prio=120 prev_state=S ==> next_comm=tailscaled next_pid=419 next_prio=120
      tailscaled-419   [001] d...   503.671594: sched_switch: prev_comm=tailscaled prev_pid=419 prev_prio=120 prev_state=S ==> next_comm=tailscaled next_pid=420 next_prio=120
      tailscaled-420   [001] d...   503.671647: sched_switch: prev_comm=tailscaled prev_pid=420 prev_prio=120 prev_state=R ==> next_comm=tailscaled next_pid=417 next_prio=120
      tailscaled-417   [001] d...   503.671666: sched_switch: prev_comm=tailscaled prev_pid=417 prev_prio=120 prev_state=S ==> next_comm=tailscaled next_pid=420 next_prio=120
      tailscaled-420   [001] d...   503.671744: sched_switch: prev_comm=tailscaled prev_pid=420 prev_prio=120 prev_state=R ==> next_comm=tailscaled next_pid=417 next_prio=120
      tailscaled-417   [001] d...   503.671763: sched_switch: prev_comm=tailscaled prev_pid=417 prev_prio=120 prev_state=S ==> next_comm=tailscaled next_pid=420 next_prio=120
      tailscaled-420   [001] d...   503.671928: sched_switch: prev_comm=tailscaled prev_pid=420 prev_prio=120 prev_state=R ==> next_comm=kworker/u8:0 next_pid=7 next_prio=120
    kworker/u8:0-7     [001] d...   503.671990: sched_switch: prev_comm=kworker/u8:0 prev_pid=7 prev_prio=120 prev_state=D ==> next_comm=tailscaled next_pid=417 next_prio=120
      tailscaled-417   [001] d...   503.672012: sched_switch: prev_comm=tailscaled prev_pid=417 prev_prio=120 prev_state=S ==> next_comm=tailscaled next_pid=420 next_prio=120
      tailscaled-420   [001] d...   503.672027: sched_switch: prev_comm=tailscaled prev_pid=420 prev_prio=120 prev_state=R ==> next_comm=kworker/u8:0 next_pid=7 next_prio=120
    kworker/u8:0-7     [001] d...   503.672055: sched_switch: prev_comm=kworker/u8:0 prev_pid=7 prev_prio=120 prev_state=I ==> next_comm=tailscaled next_pid=420 next_prio=120
          <idle>-0     [002] d...   503.672057: sched_switch: prev_comm=swapper/2 prev_pid=0 prev_prio=120 prev_state=R ==> next_comm=tailscaled next_pid=535 next_prio=120
      tailscaled-420   [001] d...   503.672089: sched_switch: prev_comm=tailscaled prev_pid=420 prev_prio=120 prev_state=R ==> next_comm=tailscaled next_pid=417 next_prio=120
      tailscaled-417   [001] d...   503.672108: sched_switch: prev_comm=tailscaled prev_pid=417 prev_prio=120 prev_state=S ==> next_comm=tailscaled next_pid=420 next_prio=120
      tailscaled-535   [002] d...   503.672121: sched_switch: prev_comm=tailscaled prev_pid=535 prev_prio=120 prev_state=S ==> next_comm=swapper/2 next_pid=0 next_prio=120
      tailscaled-420   [001] d...   503.672144: sched_switch: prev_comm=tailscaled prev_pid=420 prev_prio=120 prev_state=S ==> next_comm=swapper/1 next_pid=0 next_prio=120
          <idle>-0     [001] d...   503.672193: sched_switch: prev_comm=swapper/1 prev_pid=0 prev_prio=120 prev_state=R ==> next_comm=tailscaled next_pid=417 next_prio=120
      tailscaled-417   [001] d...   503.672215: sched_switch: prev_comm=tailscaled prev_pid=417 prev_prio=120 prev_state=S ==> next_comm=swapper/1 next_pid=0 next_prio=120
          <idle>-0     [002] d...   503.673344: sched_switch: prev_comm=swapper/2 prev_pid=0 prev_prio=120 prev_state=R ==> next_comm=irq/86-mmc1 next_pid=80 next_prio=49
     irq/86-mmc1-80    [002] d...   503.673369: sched_switch: prev_comm=irq/86-mmc1 prev_pid=80 prev_prio=49 prev_state=D ==> next_comm=swapper/2 next_pid=0 next_prio=120
          <idle>-0     [002] d...   503.673380: sched_switch: prev_comm=swapper/2 prev_pid=0 prev_prio=120 prev_state=R ==> next_comm=irq/86-mmc1 next_pid=80 next_prio=49
     irq/86-mmc1-80    [002] d...   503.673406: sched_switch: prev_comm=irq/86-mmc1 prev_pid=80 prev_prio=49 prev_state=D ==> next_comm=swapper/2 next_pid=0 next_prio=120
          <idle>-0     [002] d...   503.673425: sched_switch: prev_comm=swapper/2 prev_pid=0 prev_prio=120 prev_state=R ==> next_comm=irq/86-mmc1 next_pid=80 next_prio=49
     irq/86-mmc1-80    [002] d...   503.673448: sched_switch: prev_comm=irq/86-mmc1 prev_pid=80 prev_prio=49 prev_state=D ==> next_comm=swapper/2 next_pid=0 next_prio=120
          <idle>-0     [002] d...   503.673467: sched_switch: prev_comm=swapper/2 prev_pid=0 prev_prio=120 prev_state=R ==> next_comm=irq/86-mmc1 next_pid=80 next_prio=49
     irq/86-mmc1-80    [002] d...   503.673486: sched_switch: prev_comm=irq/86-mmc1 prev_pid=80 prev_prio=49 prev_state=S ==> next_comm=swapper/2 next_pid=0 next_prio=120
          <idle>-0     [001] d...   503.673491: sched_switch: prev_comm=swapper/1 prev_pid=0 prev_prio=120 prev_state=R ==> next_comm=kworker/u8:0 next_pid=7 next_prio=120
    kworker/u8:0-7     [001] d...   503.673529: sched_switch: prev_comm=kworker/u8:0 prev_pid=7 prev_prio=120 prev_state=D ==> next_comm=swapper/1 next_pid=0 next_prio=120
          <idle>-0     [001] d...   503.673554: sched_switch: prev_comm=swapper/1 prev_pid=0 prev_prio=120 prev_state=R ==> next_comm=kworker/u8:0 next_pid=7 next_prio=120
    kworker/u8:0-7     [001] d...   503.673585: sched_switch: prev_comm=kworker/u8:0 prev_pid=7 prev_prio=120 prev_state=D ==> next_comm=swapper/1 next_pid=0 next_prio=120
          <idle>-0     [001] d...   503.673613: sched_switch: prev_comm=swapper/1 prev_pid=0 prev_prio=120 prev_state=R ==> next_comm=kworker/u8:0 next_pid=7 next_prio=120
          <idle>-0     [002] d...   503.673700: sched_switch: prev_comm=swapper/2 prev_pid=0 prev_prio=120 prev_state=R ==> next_comm=tailscaled next_pid=535 next_prio=120
    kworker/u8:0-7     [001] d...   503.673719: sched_switch: prev_comm=kworker/u8:0 prev_pid=7 prev_prio=120 prev_state=D ==> next_comm=swapper/1 next_pid=0 next_prio=120
          <idle>-0     [001] d...   503.673752: sched_switch: prev_comm=swapper/1 prev_pid=0 prev_prio=120 prev_state=R ==> next_comm=kworker/u8:0 next_pid=7 next_prio=120
    kworker/u8:0-7     [001] d...   503.673770: sched_switch: prev_comm=kworker/u8:0 prev_pid=7 prev_prio=120 prev_state=I ==> next_comm=tailscaled next_pid=417 next_prio=120
      tailscaled-417   [001] d...   503.673791: sched_switch: prev_comm=tailscaled prev_pid=417 prev_prio=120 prev_state=S ==> next_comm=swapper/1 next_pid=0 next_prio=120
          <idle>-0     [001] d...   503.673874: sched_switch: prev_comm=swapper/1 prev_pid=0 prev_prio=120 prev_state=R ==> next_comm=tailscaled next_pid=417 next_prio=120
      tailscaled-417   [001] d...   503.673892: sched_switch: prev_comm=tailscaled prev_pid=417 prev_prio=120 prev_state=S ==> next_comm=swapper/1 next_pid=0 next_prio=120
          <idle>-0     [001] d...   503.673974: sched_switch: prev_comm=swapper/1 prev_pid=0 prev_prio=120 prev_state=R ==> next_comm=tailscaled next_pid=417 next_prio=120
      tailscaled-417   [001] d...   503.673992: sched_switch: prev_comm=tailscaled prev_pid=417 prev_prio=120 prev_state=S ==> next_comm=swapper/1 next_pid=0 next_prio=120
      tailscaled-535   [002] d...   503.674019: sched_switch: prev_comm=tailscaled prev_pid=535 prev_prio=120 prev_state=S ==> next_comm=swapper/2 next_pid=0 next_prio=120
          <idle>-0     [001] d...   503.674076: sched_switch: prev_comm=swapper/1 prev_pid=0 prev_prio=120 prev_state=R ==> next_comm=tailscaled next_pid=417 next_prio=120
      tailscaled-417   [001] d...   503.674098: sched_switch: prev_comm=tailscaled prev_pid=417 prev_prio=120 prev_state=S ==> next_comm=swapper/1 next_pid=0 next_prio=120
          <idle>-0     [002] d...   503.678855: sched_switch: prev_comm=swapper/2 prev_pid=0 prev_prio=120 prev_state=R ==> next_comm=kworker/2:0 next_pid=1063 next_prio=120
     kworker/2:0-1063  [002] d...   503.678910: sched_switch: prev_comm=kworker/2:0 prev_pid=1063 prev_prio=120 prev_state=D ==> next_comm=ksoftirqd/2 next_pid=21 next_prio=120
     ksoftirqd/2-21    [002] d...   503.678935: sched_switch: prev_comm=ksoftirqd/2 prev_pid=21 prev_prio=120 prev_state=S ==> next_comm=kworker/2:2 next_pid=74 next_prio=120
     kworker/2:2-74    [002] d...   503.678946: sched_switch: prev_comm=kworker/2:2 prev_pid=74 prev_prio=120 prev_state=I ==> next_comm=kworker/2:0 next_pid=1063 next_prio=120
     kworker/2:0-1063  [002] d...   503.678995: sched_switch: prev_comm=kworker/2:0 prev_pid=1063 prev_prio=120 prev_state=I ==> next_comm=swapper/2 next_pid=0 next_prio=120
          <idle>-0     [000] d...   503.688829: sched_switch: prev_comm=swapper/0 prev_pid=0 prev_prio=120 prev_state=R ==> next_comm=brcmf_wdog/mmc1 next_pid=253 next_prio=120
 brcmf_wdog/mmc1-253   [000] d...   503.688843: sched_switch: prev_comm=brcmf_wdog/mmc1 prev_pid=253 prev_prio=120 prev_state=S ==> next_comm=swapper/0 next_pid=0 next_prio=120
          <idle>-0     [000] d...   503.708823: sched_switch: prev_comm=swapper/0 prev_pid=0 prev_prio=120 prev_state=R ==> next_comm=brcmf_wdog/mmc1 next_pid=253 next_prio=120
 brcmf_wdog/mmc1-253   [000] d...   503.708908: sched_switch: prev_comm=brcmf_wdog/mmc1 prev_pid=253 prev_prio=120 prev_state=S ==> next_comm=swapper/0 next_pid=0 next_prio=120
          <idle>-0     [000] d...   503.748090: sched_switch: prev_comm=swapper/0 prev_pid=0 prev_prio=120 prev_state=R ==> next_comm=vncagent next_pid=514 next_prio=120
        vncagent-514   [000] d...   503.748197: sched_switch: prev_comm=vncagent prev_pid=514 prev_prio=120 prev_state=S ==> next_comm=Xorg next_pid=492 next_prio=120
            Xorg-492   [000] d...   503.748326: sched_switch: prev_comm=Xorg prev_pid=492 prev_prio=120 prev_state=S ==> next_comm=vncagent next_pid=514 next_prio=120
        vncagent-514   [000] d...   503.748430: sched_switch: prev_comm=vncagent prev_pid=514 prev_prio=120 prev_state=S ==> next_comm=swapper/0 next_pid=0 next_prio=120
          <idle>-0     [002] d...   503.755103: sched_switch: prev_comm=swapper/2 prev_pid=0 prev_prio=120 prev_state=R ==> next_comm=tailscaled next_pid=535 next_prio=120
      tailscaled-535   [002] d...   503.755151: sched_switch: prev_comm=tailscaled prev_pid=535 prev_prio=120 prev_state=S ==> next_comm=swapper/2 next_pid=0 next_prio=120
          <idle>-0     [001] d...   503.755455: sched_switch: prev_comm=swapper/1 prev_pid=0 prev_prio=120 prev_state=R ==> next_comm=tailscaled next_pid=417 next_prio=120
      tailscaled-417   [001] d...   503.755477: sched_switch: prev_comm=tailscaled prev_pid=417 prev_prio=120 prev_state=S ==> next_comm=swapper/1 next_pid=0 next_prio=120
          <idle>-0     [001] d...   503.755558: sched_switch: prev_comm=swapper/1 prev_pid=0 prev_prio=120 prev_state=R ==> next_comm=tailscaled next_pid=417 next_prio=120
      tailscaled-417   [001] d...   503.755579: sched_switch: prev_comm=tailscaled prev_pid=417 prev_prio=120 prev_state=S ==> next_comm=swapper/1 next_pid=0 next_prio=120
          <idle>-0     [001] d...   503.755661: sched_switch: prev_comm=swapper/1 prev_pid=0 prev_prio=120 prev_state=R ==> next_comm=tailscaled next_pid=417 next_prio=120
      tailscaled-417   [001] d...   503.755681: sched_switch: prev_comm=tailscaled prev_pid=417 prev_prio=120 prev_state=S ==> next_comm=swapper/1 next_pid=0 next_prio=120
          <idle>-0     [001] d...   503.755762: sched_switch: prev_comm=swapper/1 prev_pid=0 prev_prio=120 prev_state=R ==> next_comm=tailscaled next_pid=417 next_prio=120
      tailscaled-417   [001] d...   503.755781: sched_switch: prev_comm=tailscaled prev_pid=417 prev_prio=120 prev_state=S ==> next_comm=swapper/1 next_pid=0 next_prio=120
          <idle>-0     [001] d...   503.755865: sched_switch: prev_comm=swapper/1 prev_pid=0 prev_prio=120 prev_state=R ==> next_comm=tailscaled next_pid=417 next_prio=120
      tailscaled-417   [001] d...   503.755884: sched_switch: prev_comm=tailscaled prev_pid=417 prev_prio=120 prev_state=S ==> next_comm=swapper/1 next_pid=0 next_prio=120
          <idle>-0     [001] d...   503.755966: sched_switch: prev_comm=swapper/1 prev_pid=0 prev_prio=120 prev_state=R ==> next_comm=tailscaled next_pid=417 next_prio=120
      tailscaled-417   [001] d...   503.755986: sched_switch: prev_comm=tailscaled prev_pid=417 prev_prio=120 prev_state=S ==> next_comm=swapper/1 next_pid=0 next_prio=120
          <idle>-0     [001] d...   503.756068: sched_switch: prev_comm=swapper/1 prev_pid=0 prev_prio=120 prev_state=R ==> next_comm=tailscaled next_pid=417 next_prio=120
      tailscaled-417   [001] d...   503.756087: sched_switch: prev_comm=tailscaled prev_pid=417 prev_prio=120 prev_state=S ==> next_comm=swapper/1 next_pid=0 next_prio=120
          <idle>-0     [001] d...   503.756169: sched_switch: prev_comm=swapper/1 prev_pid=0 prev_prio=120 prev_state=R ==> next_comm=tailscaled next_pid=417 next_prio=120
      tailscaled-417   [001] d...   503.756188: sched_switch: prev_comm=tailscaled prev_pid=417 prev_prio=120 prev_state=S ==> next_comm=swapper/1 next_pid=0 next_prio=120
          <idle>-0     [002] d...   503.756208: sched_switch: prev_comm=swapper/2 prev_pid=0 prev_prio=120 prev_state=R ==> next_comm=tailscaled next_pid=535 next_prio=120
          <idle>-0     [001] d...   503.756278: sched_switch: prev_comm=swapper/1 prev_pid=0 prev_prio=120 prev_state=R ==> next_comm=tailscaled next_pid=417 next_prio=120
      tailscaled-417   [001] d...   503.756297: sched_switch: prev_comm=tailscaled prev_pid=417 prev_prio=120 prev_state=S ==> next_comm=tailscaled next_pid=420 next_prio=120
      tailscaled-535   [002] d...   503.756314: sched_switch: prev_comm=tailscaled prev_pid=535 prev_prio=120 prev_state=S ==> next_comm=swapper/2 next_pid=0 next_prio=120
          <idle>-0     [002] d...   503.756345: sched_switch: prev_comm=swapper/2 prev_pid=0 prev_prio=120 prev_state=R ==> next_comm=tailscaled next_pid=535 next_prio=120
      tailscaled-420   [001] d...   503.756346: sched_switch: prev_comm=tailscaled prev_pid=420 prev_prio=120 prev_state=S ==> next_comm=swapper/1 next_pid=0 next_prio=120
          <idle>-0     [001] d...   503.756378: sched_switch: prev_comm=swapper/1 prev_pid=0 prev_prio=120 prev_state=R ==> next_comm=tailscaled next_pid=417 next_prio=120
      tailscaled-417   [001] d...   503.756401: sched_switch: prev_comm=tailscaled prev_pid=417 prev_prio=120 prev_state=S ==> next_comm=swapper/1 next_pid=0 next_prio=120
      tailscaled-535   [002] d...   503.756404: sched_switch: prev_comm=tailscaled prev_pid=535 prev_prio=120 prev_state=S ==> next_comm=swapper/2 next_pid=0 next_prio=120
          <idle>-0     [001] d...   503.782248: sched_switch: prev_comm=swapper/1 prev_pid=0 prev_prio=120 prev_state=R ==> next_comm=rngd next_pid=356 next_prio=120
            rngd-356   [001] d...   503.782269: sched_switch: prev_comm=rngd prev_pid=356 prev_prio=120 prev_state=S ==> next_comm=kworker/1:0 next_pid=1073 next_prio=120
     kworker/1:0-1073  [001] d...   503.782312: sched_switch: prev_comm=kworker/1:0 prev_pid=1073 prev_prio=120 prev_state=I ==> next_comm=swapper/1 next_pid=0 next_prio=120
          <idle>-0     [002] d...   503.808999: sched_switch: prev_comm=swapper/2 prev_pid=0 prev_prio=120 prev_state=R ==> next_comm=lxpanel next_pid=687 next_prio=120
         lxpanel-687   [002] d...   503.809128: sched_switch: prev_comm=lxpanel prev_pid=687 prev_prio=120 prev_state=S ==> next_comm=swapper/2 next_pid=0 next_prio=120
          <idle>-0     [002] d...   503.809468: sched_switch: prev_comm=swapper/2 prev_pid=0 prev_prio=120 prev_state=R ==> next_comm=tailscaled next_pid=535 next_prio=120
          <idle>-0     [001] d...   503.809536: sched_switch: prev_comm=swapper/1 prev_pid=0 prev_prio=120 prev_state=R ==> next_comm=tailscaled next_pid=417 next_prio=120
      tailscaled-417   [001] d...   503.809581: sched_switch: prev_comm=tailscaled prev_pid=417 prev_prio=120 prev_state=S ==> next_comm=tailscaled next_pid=420 next_prio=120
      tailscaled-420   [001] d...   503.809644: sched_switch: prev_comm=tailscaled prev_pid=420 prev_prio=120 prev_state=S ==> next_comm=swapper/1 next_pid=0 next_prio=120
          <idle>-0     [001] d...   503.809670: sched_switch: prev_comm=swapper/1 prev_pid=0 prev_prio=120 prev_state=R ==> next_comm=tailscaled next_pid=417 next_prio=120
      tailscaled-417   [001] d...   503.809690: sched_switch: prev_comm=tailscaled prev_pid=417 prev_prio=120 prev_state=S ==> next_comm=tailscaled next_pid=419 next_prio=120
      tailscaled-419   [001] d...   503.809739: sched_switch: prev_comm=tailscaled prev_pid=419 prev_prio=120 prev_state=S ==> next_comm=swapper/1 next_pid=0 next_prio=120
          <idle>-0     [001] d...   503.809777: sched_switch: prev_comm=swapper/1 prev_pid=0 prev_prio=120 prev_state=R ==> next_comm=tailscaled next_pid=417 next_prio=120
      tailscaled-417   [001] d...   503.809797: sched_switch: prev_comm=tailscaled prev_pid=417 prev_prio=120 prev_state=S ==> next_comm=tailscaled next_pid=419 next_prio=120
      tailscaled-419   [001] d...   503.809892: sched_switch: prev_comm=tailscaled prev_pid=419 prev_prio=120 prev_state=S ==> next_comm=tailscaled next_pid=1064 next_prio=120
      tailscaled-1064  [001] d...   503.810089: sched_switch: prev_comm=tailscaled prev_pid=1064 prev_prio=120 prev_state=S ==> next_comm=tailscaled next_pid=417 next_prio=120
      tailscaled-417   [001] d...   503.810110: sched_switch: prev_comm=tailscaled prev_pid=417 prev_prio=120 prev_state=S ==> next_comm=tailscaled next_pid=419 next_prio=120
      tailscaled-419   [001] d...   503.810154: sched_switch: prev_comm=tailscaled prev_pid=419 prev_prio=120 prev_state=S ==> next_comm=swapper/1 next_pid=0 next_prio=120
          <idle>-0     [001] d...   503.810189: sched_switch: prev_comm=swapper/1 prev_pid=0 prev_prio=120 prev_state=R ==> next_comm=tailscaled next_pid=417 next_prio=120
      tailscaled-417   [001] d...   503.810209: sched_switch: prev_comm=tailscaled prev_pid=417 prev_prio=120 prev_state=S ==> next_comm=swapper/1 next_pid=0 next_prio=120
          <idle>-0     [001] d...   503.810287: sched_switch: prev_comm=swapper/1 prev_pid=0 prev_prio=120 prev_state=R ==> next_comm=tailscaled next_pid=417 next_prio=120
      tailscaled-417   [001] d...   503.810306: sched_switch: prev_comm=tailscaled prev_pid=417 prev_prio=120 prev_state=S ==> next_comm=swapper/1 next_pid=0 next_prio=120
          <idle>-0     [001] d...   503.810384: sched_switch: prev_comm=swapper/1 prev_pid=0 prev_prio=120 prev_state=R ==> next_comm=tailscaled next_pid=417 next_prio=120
      tailscaled-417   [001] d...   503.810401: sched_switch: prev_comm=tailscaled prev_pid=417 prev_prio=120 prev_state=S ==> next_comm=swapper/1 next_pid=0 next_prio=120
          <idle>-0     [001] d...   503.810480: sched_switch: prev_comm=swapper/1 prev_pid=0 prev_prio=120 prev_state=R ==> next_comm=tailscaled next_pid=417 next_prio=120
      tailscaled-417   [001] d...   503.810497: sched_switch: prev_comm=tailscaled prev_pid=417 prev_prio=120 prev_state=S ==> next_comm=swapper/1 next_pid=0 next_prio=120
          <idle>-0     [001] d...   503.810576: sched_switch: prev_comm=swapper/1 prev_pid=0 prev_prio=120 prev_state=R ==> next_comm=tailscaled next_pid=417 next_prio=120
      tailscaled-417   [001] d...   503.810593: sched_switch: prev_comm=tailscaled prev_pid=417 prev_prio=120 prev_state=S ==> next_comm=swapper/1 next_pid=0 next_prio=120
          <idle>-0     [001] d...   503.810677: sched_switch: prev_comm=swapper/1 prev_pid=0 prev_prio=120 prev_state=R ==> next_comm=tailscaled next_pid=417 next_prio=120
      tailscaled-417   [001] d...   503.810697: sched_switch: prev_comm=tailscaled prev_pid=417 prev_prio=120 prev_state=S ==> next_comm=tailscaled next_pid=420 next_prio=120
      tailscaled-420   [001] d...   503.810747: sched_switch: prev_comm=tailscaled prev_pid=420 prev_prio=120 prev_state=S ==> next_comm=swapper/1 next_pid=0 next_prio=120
          <idle>-0     [001] d...   503.810773: sched_switch: prev_comm=swapper/1 prev_pid=0 prev_prio=120 prev_state=R ==> next_comm=tailscaled next_pid=417 next_prio=120
      tailscaled-417   [001] d...   503.810791: sched_switch: prev_comm=tailscaled prev_pid=417 prev_prio=120 prev_state=S ==> next_comm=swapper/1 next_pid=0 next_prio=120
          <idle>-0     [001] d...   503.810869: sched_switch: prev_comm=swapper/1 prev_pid=0 prev_prio=120 prev_state=R ==> next_comm=tailscaled next_pid=417 next_prio=120
      tailscaled-417   [001] d...   503.810886: sched_switch: prev_comm=tailscaled prev_pid=417 prev_prio=120 prev_state=S ==> next_comm=swapper/1 next_pid=0 next_prio=120
          <idle>-0     [001] d...   503.810926: sched_switch: prev_comm=swapper/1 prev_pid=0 prev_prio=120 prev_state=R ==> next_comm=tailscaled next_pid=419 next_prio=120
      tailscaled-419   [001] d...   503.810976: sched_switch: prev_comm=tailscaled prev_pid=419 prev_prio=120 prev_state=S ==> next_comm=tailscaled next_pid=417 next_prio=120
      tailscaled-417   [001] d...   503.810992: sched_switch: prev_comm=tailscaled prev_pid=417 prev_prio=120 prev_state=S ==> next_comm=swapper/1 next_pid=0 next_prio=120
          <idle>-0     [001] d...   503.811041: sched_switch: prev_comm=swapper/1 prev_pid=0 prev_prio=120 prev_state=R ==> next_comm=tailscaled next_pid=417 next_prio=120
      tailscaled-417   [001] d...   503.811059: sched_switch: prev_comm=tailscaled prev_pid=417 prev_prio=120 prev_state=S ==> next_comm=tailscaled next_pid=419 next_prio=120
      tailscaled-419   [001] d...   503.811208: sched_switch: prev_comm=tailscaled prev_pid=419 prev_prio=120 prev_state=S ==> next_comm=tailscaled next_pid=417 next_prio=120
      tailscaled-417   [001] d...   503.811229: sched_switch: prev_comm=tailscaled prev_pid=417 prev_prio=120 prev_state=S ==> next_comm=tailscaled next_pid=1064 next_prio=120
      tailscaled-1064  [001] d...   503.811264: sched_switch: prev_comm=tailscaled prev_pid=1064 prev_prio=120 prev_state=S ==> next_comm=swapper/1 next_pid=0 next_prio=120
          <idle>-0     [001] d...   503.811307: sched_switch: prev_comm=swapper/1 prev_pid=0 prev_prio=120 prev_state=R ==> next_comm=tailscaled next_pid=417 next_prio=120
      tailscaled-417   [001] d...   503.811326: sched_switch: prev_comm=tailscaled prev_pid=417 prev_prio=120 prev_state=S ==> next_comm=swapper/1 next_pid=0 next_prio=120
          <idle>-0     [001] d...   503.811403: sched_switch: prev_comm=swapper/1 prev_pid=0 prev_prio=120 prev_state=R ==> next_comm=tailscaled next_pid=417 next_prio=120
      tailscaled-417   [001] d...   503.811424: sched_switch: prev_comm=tailscaled prev_pid=417 prev_prio=120 prev_state=S ==> next_comm=swapper/1 next_pid=0 next_prio=120
          <idle>-0     [001] d...   503.811498: sched_switch: prev_comm=swapper/1 prev_pid=0 prev_prio=120 prev_state=R ==> next_comm=tailscaled next_pid=417 next_prio=120
      tailscaled-417   [001] d...   503.811515: sched_switch: prev_comm=tailscaled prev_pid=417 prev_prio=120 prev_state=S ==> next_comm=swapper/1 next_pid=0 next_prio=120
          <idle>-0     [001] d...   503.811593: sched_switch: prev_comm=swapper/1 prev_pid=0 prev_prio=120 prev_state=R ==> next_comm=tailscaled next_pid=417 next_prio=120
      tailscaled-417   [001] d...   503.811609: sched_switch: prev_comm=tailscaled prev_pid=417 prev_prio=120 prev_state=S ==> next_comm=swapper/1 next_pid=0 next_prio=120
          <idle>-0     [001] d...   503.811687: sched_switch: prev_comm=swapper/1 prev_pid=0 prev_prio=120 prev_state=R ==> next_comm=tailscaled next_pid=417 next_prio=120
      tailscaled-417   [001] d...   503.811704: sched_switch: prev_comm=tailscaled prev_pid=417 prev_prio=120 prev_state=S ==> next_comm=swapper/1 next_pid=0 next_prio=120
          <idle>-0     [001] d...   503.811782: sched_switch: prev_comm=swapper/1 prev_pid=0 prev_prio=120 prev_state=R ==> next_comm=tailscaled next_pid=417 next_prio=120
      tailscaled-417   [001] d...   503.811799: sched_switch: prev_comm=tailscaled prev_pid=417 prev_prio=120 prev_state=S ==> next_comm=swapper/1 next_pid=0 next_prio=120
          <idle>-0     [001] d...   503.811876: sched_switch: prev_comm=swapper/1 prev_pid=0 prev_prio=120 prev_state=R ==> next_comm=tailscaled next_pid=417 next_prio=120
      tailscaled-417   [001] d...   503.811892: sched_switch: prev_comm=tailscaled prev_pid=417 prev_prio=120 prev_state=S ==> next_comm=swapper/1 next_pid=0 next_prio=120
          <idle>-0     [001] d...   503.811970: sched_switch: prev_comm=swapper/1 prev_pid=0 prev_prio=120 prev_state=R ==> next_comm=tailscaled next_pid=417 next_prio=120
      tailscaled-417   [001] d...   503.811987: sched_switch: prev_comm=tailscaled prev_pid=417 prev_prio=120 prev_state=S ==> next_comm=swapper/1 next_pid=0 next_prio=120
          <idle>-0     [001] d...   503.812064: sched_switch: prev_comm=swapper/1 prev_pid=0 prev_prio=120 prev_state=R ==> next_comm=tailscaled next_pid=417 next_prio=120
      tailscaled-417   [001] d...   503.812082: sched_switch: prev_comm=tailscaled prev_pid=417 prev_prio=120 prev_state=S ==> next_comm=swapper/1 next_pid=0 next_prio=120
          <idle>-0     [001] d...   503.812159: sched_switch: prev_comm=swapper/1 prev_pid=0 prev_prio=120 prev_state=R ==> next_comm=tailscaled next_pid=417 next_prio=120
      tailscaled-417   [001] d...   503.812175: sched_switch: prev_comm=tailscaled prev_pid=417 prev_prio=120 prev_state=S ==> next_comm=swapper/1 next_pid=0 next_prio=120
          <idle>-0     [001] d...   503.812254: sched_switch: prev_comm=swapper/1 prev_pid=0 prev_prio=120 prev_state=R ==> next_comm=tailscaled next_pid=417 next_prio=120
      tailscaled-417   [001] d...   503.812270: sched_switch: prev_comm=tailscaled prev_pid=417 prev_prio=120 prev_state=S ==> next_comm=swapper/1 next_pid=0 next_prio=120
          <idle>-0     [001] d...   503.812348: sched_switch: prev_comm=swapper/1 prev_pid=0 prev_prio=120 prev_state=R ==> next_comm=tailscaled next_pid=417 next_prio=120
      tailscaled-417   [001] d...   503.812364: sched_switch: prev_comm=tailscaled prev_pid=417 prev_prio=120 prev_state=S ==> next_comm=swapper/1 next_pid=0 next_prio=120
          <idle>-0     [001] d...   503.812443: sched_switch: prev_comm=swapper/1 prev_pid=0 prev_prio=120 prev_state=R ==> next_comm=tailscaled next_pid=417 next_prio=120
      tailscaled-417   [001] d...   503.812460: sched_switch: prev_comm=tailscaled prev_pid=417 prev_prio=120 prev_state=S ==> next_comm=swapper/1 next_pid=0 next_prio=120
      tailscaled-535   [002] d...   503.812492: sched_switch: prev_comm=tailscaled prev_pid=535 prev_prio=120 prev_state=S ==> next_comm=swapper/2 next_pid=0 next_prio=120
          <idle>-0     [001] d...   503.812540: sched_switch: prev_comm=swapper/1 prev_pid=0 prev_prio=120 prev_state=R ==> next_comm=tailscaled next_pid=417 next_prio=120
      tailscaled-417   [001] d...   503.812564: sched_switch: prev_comm=tailscaled prev_pid=417 prev_prio=120 prev_state=S ==> next_comm=swapper/1 next_pid=0 next_prio=120
          <idle>-0     [001] d...   503.818857: sched_switch: prev_comm=swapper/1 prev_pid=0 prev_prio=120 prev_state=R ==> next_comm=rcu_sched next_pid=10 next_prio=120
       rcu_sched-10    [001] d...   503.818881: sched_switch: prev_comm=rcu_sched prev_pid=10 prev_prio=120 prev_state=I ==> next_comm=swapper/1 next_pid=0 next_prio=120
          <idle>-0     [001] d...   503.838830: sched_switch: prev_comm=swapper/1 prev_pid=0 prev_prio=120 prev_state=R ==> next_comm=rcu_sched next_pid=10 next_prio=120
       rcu_sched-10    [001] d...   503.838853: sched_switch: prev_comm=rcu_sched prev_pid=10 prev_prio=120 prev_state=I ==> next_comm=swapper/1 next_pid=0 next_prio=120
          <idle>-0     [000] d...   503.848521: sched_switch: prev_comm=swapper/0 prev_pid=0 prev_prio=120 prev_state=R ==> next_comm=vncagent next_pid=514 next_prio=120
        vncagent-514   [000] d...   503.848634: sched_switch: prev_comm=vncagent prev_pid=514 prev_prio=120 prev_state=S ==> next_comm=Xorg next_pid=492 next_prio=120
            Xorg-492   [000] d...   503.848768: sched_switch: prev_comm=Xorg prev_pid=492 prev_prio=120 prev_state=S ==> next_comm=vncagent next_pid=514 next_prio=120
        vncagent-514   [000] d...   503.848855: sched_switch: prev_comm=vncagent prev_pid=514 prev_prio=120 prev_state=R ==> next_comm=kworker/0:2 next_pid=282 next_prio=120
     kworker/0:2-282   [000] d...   503.848901: sched_switch: prev_comm=kworker/0:2 prev_pid=282 prev_prio=120 prev_state=I ==> next_comm=vncagent next_pid=514 next_prio=120
        vncagent-514   [000] d...   503.848974: sched_switch: prev_comm=vncagent prev_pid=514 prev_prio=120 prev_state=S ==> next_comm=swapper/0 next_pid=0 next_prio=120
          <idle>-0     [001] d...   503.853873: sched_switch: prev_comm=swapper/1 prev_pid=0 prev_prio=120 prev_state=R ==> next_comm=vncserver-x11-c next_pid=458 next_prio=120
 vncserver-x11-c-458   [001] d...   503.853961: sched_switch: prev_comm=vncserver-x11-c prev_pid=458 prev_prio=120 prev_state=S ==> next_comm=swapper/1 next_pid=0 next_prio=120
          <idle>-0     [001] d...   503.858832: sched_switch: prev_comm=swapper/1 prev_pid=0 prev_prio=120 prev_state=R ==> next_comm=rcu_sched next_pid=10 next_prio=120
       rcu_sched-10    [001] d...   503.858848: sched_switch: prev_comm=rcu_sched prev_pid=10 prev_prio=120 prev_state=I ==> next_comm=swapper/1 next_pid=0 next_prio=120
          <idle>-0     [000] d...   503.948097: sched_switch: prev_comm=swapper/0 prev_pid=0 prev_prio=120 prev_state=R ==> next_comm=ssh-agent next_pid=648 next_prio=120
       ssh-agent-648   [000] d...   503.948147: sched_switch: prev_comm=ssh-agent prev_pid=648 prev_prio=120 prev_state=S ==> next_comm=kworker/0:2 next_pid=282 next_prio=120
     kworker/0:2-282   [000] d...   503.948173: sched_switch: prev_comm=kworker/0:2 prev_pid=282 prev_prio=120 prev_state=I ==> next_comm=vncagent next_pid=514 next_prio=120
        vncagent-514   [000] d...   503.948233: sched_switch: prev_comm=vncagent prev_pid=514 prev_prio=120 prev_state=S ==> next_comm=Xorg next_pid=492 next_prio=120
            Xorg-492   [000] d...   503.948318: sched_switch: prev_comm=Xorg prev_pid=492 prev_prio=120 prev_state=S ==> next_comm=vncagent next_pid=514 next_prio=120
        vncagent-514   [000] d...   503.948396: sched_switch: prev_comm=vncagent prev_pid=514 prev_prio=120 prev_state=S ==> next_comm=swapper/0 next_pid=0 next_prio=120
          <idle>-0     [001] d...   503.998953: sched_switch: prev_comm=swapper/1 prev_pid=0 prev_prio=120 prev_state=R ==> next_comm=tailscaled next_pid=420 next_prio=120
      tailscaled-420   [001] d...   503.999031: sched_switch: prev_comm=tailscaled prev_pid=420 prev_prio=120 prev_state=S ==> next_comm=swapper/1 next_pid=0 next_prio=120
          <idle>-0     [001] d...   503.999605: sched_switch: prev_comm=swapper/1 prev_pid=0 prev_prio=120 prev_state=R ==> next_comm=tailscaled next_pid=417 next_prio=120
      tailscaled-417   [001] d...   503.999630: sched_switch: prev_comm=tailscaled prev_pid=417 prev_prio=120 prev_state=S ==> next_comm=swapper/1 next_pid=0 next_prio=120
          <idle>-0     [001] d...   503.999711: sched_switch: prev_comm=swapper/1 prev_pid=0 prev_prio=120 prev_state=R ==> next_comm=tailscaled next_pid=417 next_prio=120
      tailscaled-417   [001] d...   503.999735: sched_switch: prev_comm=tailscaled prev_pid=417 prev_prio=120 prev_state=S ==> next_comm=swapper/1 next_pid=0 next_prio=120
          <idle>-0     [001] d...   503.999812: sched_switch: prev_comm=swapper/1 prev_pid=0 prev_prio=120 prev_state=R ==> next_comm=tailscaled next_pid=417 next_prio=120
      tailscaled-417   [001] d...   503.999832: sched_switch: prev_comm=tailscaled prev_pid=417 prev_prio=120 prev_state=S ==> next_comm=swapper/1 next_pid=0 next_prio=120
          <idle>-0     [001] d...   503.999912: sched_switch: prev_comm=swapper/1 prev_pid=0 prev_prio=120 prev_state=R ==> next_comm=tailscaled next_pid=417 next_prio=120
      tailscaled-417   [001] d...   503.999931: sched_switch: prev_comm=tailscaled prev_pid=417 prev_prio=120 prev_state=S ==> next_comm=swapper/1 next_pid=0 next_prio=120
          <idle>-0     [001] d...   504.000011: sched_switch: prev_comm=swapper/1 prev_pid=0 prev_prio=120 prev_state=R ==> next_comm=tailscaled next_pid=417 next_prio=120
      tailscaled-417   [001] d...   504.000030: sched_switch: prev_comm=tailscaled prev_pid=417 prev_prio=120 prev_state=S ==> next_comm=swapper/1 next_pid=0 next_prio=120
          <idle>-0     [001] d...   504.000079: sched_switch: prev_comm=swapper/1 prev_pid=0 prev_prio=120 prev_state=R ==> next_comm=tailscaled next_pid=417 next_prio=120
      tailscaled-417   [001] d...   504.000100: sched_switch: prev_comm=tailscaled prev_pid=417 prev_prio=120 prev_state=S ==> next_comm=tailscaled next_pid=420 next_prio=120
          <idle>-0     [002] d...   504.000185: sched_switch: prev_comm=swapper/2 prev_pid=0 prev_prio=120 prev_state=R ==> next_comm=tailscaled next_pid=535 next_prio=120
      tailscaled-420   [001] d...   504.000250: sched_switch: prev_comm=tailscaled prev_pid=420 prev_prio=120 prev_state=S ==> next_comm=tailscaled next_pid=417 next_prio=120
      tailscaled-535   [002] d...   504.000264: sched_switch: prev_comm=tailscaled prev_pid=535 prev_prio=120 prev_state=S ==> next_comm=swapper/2 next_pid=0 next_prio=120
      tailscaled-417   [001] d...   504.000273: sched_switch: prev_comm=tailscaled prev_pid=417 prev_prio=120 prev_state=S ==> next_comm=swapper/1 next_pid=0 next_prio=120
          <idle>-0     [001] d...   504.030233: sched_switch: prev_comm=swapper/1 prev_pid=0 prev_prio=120 prev_state=R ==> next_comm=rngd next_pid=356 next_prio=120
            rngd-356   [001] d...   504.030252: sched_switch: prev_comm=rngd prev_pid=356 prev_prio=120 prev_state=S ==> next_comm=swapper/1 next_pid=0 next_prio=120
          <idle>-0     [000] d...   504.048495: sched_switch: prev_comm=swapper/0 prev_pid=0 prev_prio=120 prev_state=R ==> next_comm=kworker/0:2 next_pid=282 next_prio=120
     kworker/0:2-282   [000] d...   504.048515: sched_switch: prev_comm=kworker/0:2 prev_pid=282 prev_prio=120 prev_state=I ==> next_comm=vncagent next_pid=514 next_prio=120
        vncagent-514   [000] d...   504.048571: sched_switch: prev_comm=vncagent prev_pid=514 prev_prio=120 prev_state=S ==> next_comm=Xorg next_pid=492 next_prio=120
            Xorg-492   [000] d...   504.048649: sched_switch: prev_comm=Xorg prev_pid=492 prev_prio=120 prev_state=S ==> next_comm=vncagent next_pid=514 next_prio=120
        vncagent-514   [000] d...   504.048725: sched_switch: prev_comm=vncagent prev_pid=514 prev_prio=120 prev_state=S ==> next_comm=swapper/0 next_pid=0 next_prio=120
          <idle>-0     [002] d...   504.126376: sched_switch: prev_comm=swapper/2 prev_pid=0 prev_prio=120 prev_state=R ==> next_comm=tailscaled next_pid=535 next_prio=120
          <idle>-0     [001] d...   504.126407: sched_switch: prev_comm=swapper/1 prev_pid=0 prev_prio=120 prev_state=R ==> next_comm=tailscaled next_pid=417 next_prio=120
      tailscaled-417   [001] d...   504.126495: sched_switch: prev_comm=tailscaled prev_pid=417 prev_prio=120 prev_state=S ==> next_comm=tailscaled next_pid=420 next_prio=120
      tailscaled-420   [001] d...   504.126558: sched_switch: prev_comm=tailscaled prev_pid=420 prev_prio=120 prev_state=S ==> next_comm=swapper/1 next_pid=0 next_prio=120
          <idle>-0     [001] d...   504.126578: sched_switch: prev_comm=swapper/1 prev_pid=0 prev_prio=120 prev_state=R ==> next_comm=tailscaled next_pid=417 next_prio=120
      tailscaled-535   [002] d...   504.126583: sched_switch: prev_comm=tailscaled prev_pid=535 prev_prio=120 prev_state=S ==> next_comm=swapper/2 next_pid=0 next_prio=120
      tailscaled-417   [001] d...   504.126599: sched_switch: prev_comm=tailscaled prev_pid=417 prev_prio=120 prev_state=S ==> next_comm=swapper/1 next_pid=0 next_prio=120
          <idle>-0     [000] d...   504.147815: sched_switch: prev_comm=swapper/0 prev_pid=0 prev_prio=120 prev_state=R ==> next_comm=vncagent next_pid=514 next_prio=120
        vncagent-514   [000] d...   504.147871: sched_switch: prev_comm=vncagent prev_pid=514 prev_prio=120 prev_state=S ==> next_comm=Xorg next_pid=492 next_prio=120
            Xorg-492   [000] d...   504.147947: sched_switch: prev_comm=Xorg prev_pid=492 prev_prio=120 prev_state=S ==> next_comm=vncagent next_pid=514 next_prio=120
        vncagent-514   [000] d...   504.148023: sched_switch: prev_comm=vncagent prev_pid=514 prev_prio=120 prev_state=S ==> next_comm=swapper/0 next_pid=0 next_prio=120
          <idle>-0     [000] d...   504.248123: sched_switch: prev_comm=swapper/0 prev_pid=0 prev_prio=120 prev_state=R ==> next_comm=kworker/0:2 next_pid=282 next_prio=120
     kworker/0:2-282   [000] d...   504.248143: sched_switch: prev_comm=kworker/0:2 prev_pid=282 prev_prio=120 prev_state=I ==> next_comm=vncagent next_pid=514 next_prio=120
        vncagent-514   [000] d...   504.248198: sched_switch: prev_comm=vncagent prev_pid=514 prev_prio=120 prev_state=S ==> next_comm=Xorg next_pid=492 next_prio=120
            Xorg-492   [000] d...   504.248272: sched_switch: prev_comm=Xorg prev_pid=492 prev_prio=120 prev_state=S ==> next_comm=vncagent next_pid=514 next_prio=120
        vncagent-514   [000] d...   504.248345: sched_switch: prev_comm=vncagent prev_pid=514 prev_prio=120 prev_state=S ==> next_comm=swapper/0 next_pid=0 next_prio=120
          <idle>-0     [001] d...   504.278227: sched_switch: prev_comm=swapper/1 prev_pid=0 prev_prio=120 prev_state=R ==> next_comm=rngd next_pid=356 next_prio=120
            rngd-356   [001] d...   504.278254: sched_switch: prev_comm=rngd prev_pid=356 prev_prio=120 prev_state=S ==> next_comm=swapper/1 next_pid=0 next_prio=120
          <idle>-0     [000] d...   504.348446: sched_switch: prev_comm=swapper/0 prev_pid=0 prev_prio=120 prev_state=R ==> next_comm=kworker/0:2 next_pid=282 next_prio=120
     kworker/0:2-282   [000] d...   504.348465: sched_switch: prev_comm=kworker/0:2 prev_pid=282 prev_prio=120 prev_state=I ==> next_comm=vncagent next_pid=514 next_prio=120
        vncagent-514   [000] d...   504.348519: sched_switch: prev_comm=vncagent prev_pid=514 prev_prio=120 prev_state=S ==> next_comm=Xorg next_pid=492 next_prio=120
            Xorg-492   [000] d...   504.348592: sched_switch: prev_comm=Xorg prev_pid=492 prev_prio=120 prev_state=S ==> next_comm=vncagent next_pid=514 next_prio=120
        vncagent-514   [000] d...   504.348662: sched_switch: prev_comm=vncagent prev_pid=514 prev_prio=120 prev_state=S ==> next_comm=swapper/0 next_pid=0 next_prio=120
          <idle>-0     [002] d...   504.409738: sched_switch: prev_comm=swapper/2 prev_pid=0 prev_prio=120 prev_state=R ==> next_comm=lxpanel next_pid=687 next_prio=120
         lxpanel-687   [002] d...   504.409880: sched_switch: prev_comm=lxpanel prev_pid=687 prev_prio=120 prev_state=S ==> next_comm=swapper/2 next_pid=0 next_prio=120
          <idle>-0     [000] d...   504.448767: sched_switch: prev_comm=swapper/0 prev_pid=0 prev_prio=120 prev_state=R ==> next_comm=kworker/0:2 next_pid=282 next_prio=120
     kworker/0:2-282   [000] d...   504.448785: sched_switch: prev_comm=kworker/0:2 prev_pid=282 prev_prio=120 prev_state=I ==> next_comm=vncagent next_pid=514 next_prio=120
        vncagent-514   [000] d...   504.448852: sched_switch: prev_comm=vncagent prev_pid=514 prev_prio=120 prev_state=R ==> next_comm=kworker/0:2 next_pid=282 next_prio=120
     kworker/0:2-282   [000] d...   504.448886: sched_switch: prev_comm=kworker/0:2 prev_pid=282 prev_prio=120 prev_state=I ==> next_comm=vncagent next_pid=514 next_prio=120
        vncagent-514   [000] d...   504.448933: sched_switch: prev_comm=vncagent prev_pid=514 prev_prio=120 prev_state=S ==> next_comm=Xorg next_pid=492 next_prio=120
            Xorg-492   [000] d...   504.449014: sched_switch: prev_comm=Xorg prev_pid=492 prev_prio=120 prev_state=S ==> next_comm=vncagent next_pid=514 next_prio=120
        vncagent-514   [000] d...   504.449084: sched_switch: prev_comm=vncagent prev_pid=514 prev_prio=120 prev_state=S ==> next_comm=swapper/0 next_pid=0 next_prio=120
          <idle>-0     [001] d...   504.526228: sched_switch: prev_comm=swapper/1 prev_pid=0 prev_prio=120 prev_state=R ==> next_comm=rngd next_pid=356 next_prio=120
            rngd-356   [001] d...   504.526252: sched_switch: prev_comm=rngd prev_pid=356 prev_prio=120 prev_state=S ==> next_comm=swapper/1 next_pid=0 next_prio=120
          <idle>-0     [000] d...   504.548179: sched_switch: prev_comm=swapper/0 prev_pid=0 prev_prio=120 prev_state=R ==> next_comm=vncagent next_pid=514 next_prio=120
        vncagent-514   [000] d...   504.548233: sched_switch: prev_comm=vncagent prev_pid=514 prev_prio=120 prev_state=S ==> next_comm=Xorg next_pid=492 next_prio=120
            Xorg-492   [000] d...   504.548306: sched_switch: prev_comm=Xorg prev_pid=492 prev_prio=120 prev_state=S ==> next_comm=vncagent next_pid=514 next_prio=120
        vncagent-514   [000] d...   504.548376: sched_switch: prev_comm=vncagent prev_pid=514 prev_prio=120 prev_state=S ==> next_comm=swapper/0 next_pid=0 next_prio=120
          <idle>-0     [002] d...   504.557270: sched_switch: prev_comm=swapper/2 prev_pid=0 prev_prio=120 prev_state=R ==> next_comm=irq/86-mmc1 next_pid=80 next_prio=49
     irq/86-mmc1-80    [002] d...   504.557314: sched_switch: prev_comm=irq/86-mmc1 prev_pid=80 prev_prio=49 prev_state=D ==> next_comm=kworker/2:0 next_pid=1063 next_prio=120
     kworker/2:0-1063  [002] d...   504.557331: sched_switch: prev_comm=kworker/2:0 prev_pid=1063 prev_prio=120 prev_state=R+ ==> next_comm=irq/86-mmc1 next_pid=80 next_prio=49
     irq/86-mmc1-80    [002] d...   504.557367: sched_switch: prev_comm=irq/86-mmc1 prev_pid=80 prev_prio=49 prev_state=D ==> next_comm=kworker/2:0 next_pid=1063 next_prio=120
     kworker/2:0-1063  [002] d...   504.557387: sched_switch: prev_comm=kworker/2:0 prev_pid=1063 prev_prio=120 prev_state=I ==> next_comm=irq/86-mmc1 next_pid=80 next_prio=49
     irq/86-mmc1-80    [002] d...   504.557426: sched_switch: prev_comm=irq/86-mmc1 prev_pid=80 prev_prio=49 prev_state=D ==> next_comm=swapper/2 next_pid=0 next_prio=120
          <idle>-0     [002] d...   504.557439: sched_switch: prev_comm=swapper/2 prev_pid=0 prev_prio=120 prev_state=R ==> next_comm=irq/86-mmc1 next_pid=80 next_prio=49
     irq/86-mmc1-80    [002] d...   504.557462: sched_switch: prev_comm=irq/86-mmc1 prev_pid=80 prev_prio=49 prev_state=S ==> next_comm=swapper/2 next_pid=0 next_prio=120
          <idle>-0     [001] d...   504.557466: sched_switch: prev_comm=swapper/1 prev_pid=0 prev_prio=120 prev_state=R ==> next_comm=kworker/u8:0 next_pid=7 next_prio=120
    kworker/u8:0-7     [001] d...   504.557494: sched_switch: prev_comm=kworker/u8:0 prev_pid=7 prev_prio=120 prev_state=D ==> next_comm=swapper/1 next_pid=0 next_prio=120
          <idle>-0     [001] d...   504.557518: sched_switch: prev_comm=swapper/1 prev_pid=0 prev_prio=120 prev_state=R ==> next_comm=kworker/u8:0 next_pid=7 next_prio=120
    kworker/u8:0-7     [001] d...   504.557530: sched_switch: prev_comm=kworker/u8:0 prev_pid=7 prev_prio=120 prev_state=D ==> next_comm=swapper/1 next_pid=0 next_prio=120
          <idle>-0     [001] d...   504.560548: sched_switch: prev_comm=swapper/1 prev_pid=0 prev_prio=120 prev_state=R ==> next_comm=kworker/u8:0 next_pid=7 next_prio=120
    kworker/u8:0-7     [001] d...   504.560564: sched_switch: prev_comm=kworker/u8:0 prev_pid=7 prev_prio=120 prev_state=D ==> next_comm=swapper/1 next_pid=0 next_prio=120
          <idle>-0     [001] d...   504.560589: sched_switch: prev_comm=swapper/1 prev_pid=0 prev_prio=120 prev_state=R ==> next_comm=kworker/u8:0 next_pid=7 next_prio=120
    kworker/u8:0-7     [001] d...   504.560629: sched_switch: prev_comm=kworker/u8:0 prev_pid=7 prev_prio=120 prev_state=D ==> next_comm=swapper/1 next_pid=0 next_prio=120
          <idle>-0     [001] d...   504.560655: sched_switch: prev_comm=swapper/1 prev_pid=0 prev_prio=120 prev_state=R ==> next_comm=kworker/u8:0 next_pid=7 next_prio=120
    kworker/u8:0-7     [001] d...   504.560685: sched_switch: prev_comm=kworker/u8:0 prev_pid=7 prev_prio=120 prev_state=D ==> next_comm=swapper/1 next_pid=0 next_prio=120
          <idle>-0     [001] d...   504.560714: sched_switch: prev_comm=swapper/1 prev_pid=0 prev_prio=120 prev_state=R ==> next_comm=kworker/u8:0 next_pid=7 next_prio=120
    kworker/u8:0-7     [001] d...   504.560889: sched_switch: prev_comm=kworker/u8:0 prev_pid=7 prev_prio=120 prev_state=D ==> next_comm=tailscaled next_pid=420 next_prio=120
      tailscaled-420   [001] d...   504.560913: sched_switch: prev_comm=tailscaled prev_pid=420 prev_prio=120 prev_state=R ==> next_comm=kworker/u8:0 next_pid=7 next_prio=120
    kworker/u8:0-7     [001] d...   504.560931: sched_switch: prev_comm=kworker/u8:0 prev_pid=7 prev_prio=120 prev_state=I ==> next_comm=tailscaled next_pid=420 next_prio=120
          <idle>-0     [002] d...   504.561157: sched_switch: prev_comm=swapper/2 prev_pid=0 prev_prio=120 prev_state=R ==> next_comm=tailscaled next_pid=535 next_prio=120
      tailscaled-535   [002] d...   504.561297: sched_switch: prev_comm=tailscaled prev_pid=535 prev_prio=120 prev_state=S ==> next_comm=tailscaled next_pid=417 next_prio=120
      tailscaled-417   [002] d...   504.561338: sched_switch: prev_comm=tailscaled prev_pid=417 prev_prio=120 prev_state=S ==> next_comm=tailscaled next_pid=1064 next_prio=120
      tailscaled-1064  [002] d...   504.561397: sched_switch: prev_comm=tailscaled prev_pid=1064 prev_prio=120 prev_state=S ==> next_comm=tailscaled next_pid=535 next_prio=120
      tailscaled-535   [002] d...   504.561437: sched_switch: prev_comm=tailscaled prev_pid=535 prev_prio=120 prev_state=S ==> next_comm=tailscaled next_pid=417 next_prio=120
      tailscaled-417   [002] d...   504.561466: sched_switch: prev_comm=tailscaled prev_pid=417 prev_prio=120 prev_state=S ==> next_comm=swapper/2 next_pid=0 next_prio=120
          <idle>-0     [002] d...   504.561540: sched_switch: prev_comm=swapper/2 prev_pid=0 prev_prio=120 prev_state=R ==> next_comm=tailscaled next_pid=417 next_prio=120
      tailscaled-417   [002] d...   504.561559: sched_switch: prev_comm=tailscaled prev_pid=417 prev_prio=120 prev_state=S ==> next_comm=swapper/2 next_pid=0 next_prio=120
      tailscaled-420   [001] d...   504.561629: sched_switch: prev_comm=tailscaled prev_pid=420 prev_prio=120 prev_state=R ==> next_comm=vncserver-x11-c next_pid=458 next_prio=120
          <idle>-0     [002] d...   504.561641: sched_switch: prev_comm=swapper/2 prev_pid=0 prev_prio=120 prev_state=R ==> next_comm=tailscaled next_pid=417 next_prio=120
      tailscaled-417   [002] d...   504.561669: sched_switch: prev_comm=tailscaled prev_pid=417 prev_prio=120 prev_state=S ==> next_comm=swapper/2 next_pid=0 next_prio=120
          <idle>-0     [002] d...   504.561742: sched_switch: prev_comm=swapper/2 prev_pid=0 prev_prio=120 prev_state=R ==> next_comm=tailscaled next_pid=417 next_prio=120
      tailscaled-417   [002] d...   504.561769: sched_switch: prev_comm=tailscaled prev_pid=417 prev_prio=120 prev_state=S ==> next_comm=swapper/2 next_pid=0 next_prio=120
          <idle>-0     [000] d...   504.561828: sched_switch: prev_comm=swapper/0 prev_pid=0 prev_prio=120 prev_state=R ==> next_comm=vncagent next_pid=514 next_prio=120
