# tracer: function
#
# entries-in-buffer/entries-written: 15364/15364   #P:4
#
#                              _-----=> irqs-off
#                             / _----=> need-resched
#                            | / _---=> hardirq/softirq
#                            || / _--=> preempt-depth
#                            ||| /     delay
#           TASK-PID   CPU#  ||||    TIMESTAMP  FUNCTION
#              | |       |   ||||       |         |
          <idle>-0     [001] d...   501.219016: sched_switch: prev_comm=swapper/1 prev_pid=0 prev_prio=120 prev_state=R ==> next_comm=kworker/u8:0 next_pid=7 next_prio=120
    kworker/u8:0-7     [001] d...   501.219043: sched_switch: prev_comm=kworker/u8:0 prev_pid=7 prev_prio=120 prev_state=I ==> next_comm=lxterminal next_pid=984 next_prio=120
      lxterminal-984   [001] d...   501.219223: sched_switch: prev_comm=lxterminal prev_pid=984 prev_prio=120 prev_state=S ==> next_comm=swapper/1 next_pid=0 next_prio=120
        test2.sh-1087  [000] d...   501.219639: sched_switch: prev_comm=test2.sh prev_pid=1087 prev_prio=120 prev_state=Z ==> next_comm=bash next_pid=1086 next_prio=120
          <idle>-0     [001] d...   501.220101: sched_switch: prev_comm=swapper/1 prev_pid=0 prev_prio=120 prev_state=R ==> next_comm=kworker/u8:0 next_pid=7 next_prio=120
            bash-1086  [000] d...   501.220119: sched_switch: prev_comm=bash prev_pid=1086 prev_prio=120 prev_state=S ==> next_comm=kworker/0:2 next_pid=282 next_prio=120
    kworker/u8:0-7     [001] d...   501.220120: sched_switch: prev_comm=kworker/u8:0 prev_pid=7 prev_prio=120 prev_state=I ==> next_comm=lxterminal next_pid=984 next_prio=120
     kworker/0:2-282   [000] d...   501.220157: sched_switch: prev_comm=kworker/0:2 prev_pid=282 prev_prio=120 prev_state=I ==> next_comm=swapper/0 next_pid=0 next_prio=120
      lxterminal-984   [001] d...   501.220200: sched_switch: prev_comm=lxterminal prev_pid=984 prev_prio=120 prev_state=S ==> next_comm=swapper/1 next_pid=0 next_prio=120
          <idle>-0     [001] d...   501.228809: sched_switch: prev_comm=swapper/1 prev_pid=0 prev_prio=120 prev_state=R ==> next_comm=rcu_sched next_pid=10 next_prio=120
       rcu_sched-10    [001] d...   501.228825: sched_switch: prev_comm=rcu_sched prev_pid=10 prev_prio=120 prev_state=I ==> next_comm=swapper/1 next_pid=0 next_prio=120
          <idle>-0     [001] d...   501.229249: sched_switch: prev_comm=swapper/1 prev_pid=0 prev_prio=120 prev_state=R ==> next_comm=lxterminal next_pid=984 next_prio=120
          <idle>-0     [000] d...   501.231556: sched_switch: prev_comm=swapper/0 prev_pid=0 prev_prio=120 prev_state=R ==> next_comm=Xorg next_pid=492 next_prio=120
            Xorg-492   [000] d...   501.231661: sched_switch: prev_comm=Xorg prev_pid=492 prev_prio=120 prev_state=S ==> next_comm=swapper/0 next_pid=0 next_prio=120
          <idle>-0     [000] d...   501.233073: sched_switch: prev_comm=swapper/0 prev_pid=0 prev_prio=120 prev_state=R ==> next_comm=Xorg next_pid=492 next_prio=120
      lxterminal-984   [001] d...   501.233109: sched_switch: prev_comm=lxterminal prev_pid=984 prev_prio=120 prev_state=S ==> next_comm=swapper/1 next_pid=0 next_prio=120
          <idle>-0     [001] d...   501.233271: sched_switch: prev_comm=swapper/1 prev_pid=0 prev_prio=120 prev_state=R ==> next_comm=lxterminal next_pid=984 next_prio=120
      lxterminal-984   [001] d...   501.233383: sched_switch: prev_comm=lxterminal prev_pid=984 prev_prio=120 prev_state=S ==> next_comm=swapper/1 next_pid=0 next_prio=120
            Xorg-492   [000] d...   501.233447: sched_switch: prev_comm=Xorg prev_pid=492 prev_prio=120 prev_state=S ==> next_comm=vncagent next_pid=514 next_prio=120
        vncagent-514   [000] d...   501.233567: sched_switch: prev_comm=vncagent prev_pid=514 prev_prio=120 prev_state=S ==> next_comm=swapper/0 next_pid=0 next_prio=120
          <idle>-0     [000] d...   501.235591: sched_switch: prev_comm=swapper/0 prev_pid=0 prev_prio=120 prev_state=R ==> next_comm=vncagent next_pid=514 next_prio=120
        vncagent-514   [000] d...   501.235634: sched_switch: prev_comm=vncagent prev_pid=514 prev_prio=120 prev_state=S ==> next_comm=Xorg next_pid=492 next_prio=120
            Xorg-492   [000] d...   501.235684: sched_switch: prev_comm=Xorg prev_pid=492 prev_prio=120 prev_state=S ==> next_comm=vncagent next_pid=514 next_prio=120
        vncagent-514   [000] d...   501.235728: sched_switch: prev_comm=vncagent prev_pid=514 prev_prio=120 prev_state=S ==> next_comm=Xorg next_pid=492 next_prio=120
            Xorg-492   [000] d...   501.235876: sched_switch: prev_comm=Xorg prev_pid=492 prev_prio=120 prev_state=S ==> next_comm=vncagent next_pid=514 next_prio=120
        vncagent-514   [000] d...   501.235943: sched_switch: prev_comm=vncagent prev_pid=514 prev_prio=120 prev_state=S ==> next_comm=vncserver-x11-c next_pid=458 next_prio=120
          <idle>-0     [003] d...   501.236568: sched_switch: prev_comm=swapper/3 prev_pid=0 prev_prio=120 prev_state=R ==> next_comm=tailscaled next_pid=534 next_prio=120
          <idle>-0     [002] d...   501.236628: sched_switch: prev_comm=swapper/2 prev_pid=0 prev_prio=120 prev_state=R ==> next_comm=tailscaled next_pid=417 next_prio=120
      tailscaled-417   [002] d...   501.236649: sched_switch: prev_comm=tailscaled prev_pid=417 prev_prio=120 prev_state=S ==> next_comm=swapper/2 next_pid=0 next_prio=120
 vncserver-x11-c-458   [000] d...   501.236650: sched_switch: prev_comm=vncserver-x11-c prev_pid=458 prev_prio=120 prev_state=S ==> next_comm=swapper/0 next_pid=0 next_prio=120
          <idle>-0     [001] d...   501.236673: sched_switch: prev_comm=swapper/1 prev_pid=0 prev_prio=120 prev_state=R ==> next_comm=tailscaled next_pid=535 next_prio=120
      tailscaled-535   [001] d...   501.236721: sched_switch: prev_comm=tailscaled prev_pid=535 prev_prio=120 prev_state=S ==> next_comm=swapper/1 next_pid=0 next_prio=120
          <idle>-0     [002] d...   501.236728: sched_switch: prev_comm=swapper/2 prev_pid=0 prev_prio=120 prev_state=R ==> next_comm=tailscaled next_pid=417 next_prio=120
      tailscaled-417   [002] d...   501.236739: sched_switch: prev_comm=tailscaled prev_pid=417 prev_prio=120 prev_state=S ==> next_comm=swapper/2 next_pid=0 next_prio=120
          <idle>-0     [002] d...   501.236751: sched_switch: prev_comm=swapper/2 prev_pid=0 prev_prio=120 prev_state=R ==> next_comm=tailscaled next_pid=420 next_prio=120
      tailscaled-420   [002] d...   501.236766: sched_switch: prev_comm=tailscaled prev_pid=420 prev_prio=120 prev_state=S ==> next_comm=swapper/2 next_pid=0 next_prio=120
          <idle>-0     [002] d...   501.236819: sched_switch: prev_comm=swapper/2 prev_pid=0 prev_prio=120 prev_state=R ==> next_comm=tailscaled next_pid=417 next_prio=120
      tailscaled-417   [002] d...   501.236830: sched_switch: prev_comm=tailscaled prev_pid=417 prev_prio=120 prev_state=S ==> next_comm=tailscaled next_pid=420 next_prio=120
      tailscaled-534   [003] d...   501.236889: sched_switch: prev_comm=tailscaled prev_pid=534 prev_prio=120 prev_state=S ==> next_comm=tailscaled next_pid=419 next_prio=120
      tailscaled-420   [002] d...   501.236911: sched_switch: prev_comm=tailscaled prev_pid=420 prev_prio=120 prev_state=R+ ==> next_comm=tailscaled next_pid=417 next_prio=120
      tailscaled-419   [003] d...   501.236916: sched_switch: prev_comm=tailscaled prev_pid=419 prev_prio=120 prev_state=S ==> next_comm=swapper/3 next_pid=0 next_prio=120
      tailscaled-417   [002] d...   501.236922: sched_switch: prev_comm=tailscaled prev_pid=417 prev_prio=120 prev_state=S ==> next_comm=tailscaled next_pid=420 next_prio=120
          <idle>-0     [001] d...   501.237024: sched_switch: prev_comm=swapper/1 prev_pid=0 prev_prio=120 prev_state=R ==> next_comm=kworker/u8:0 next_pid=7 next_prio=120
      tailscaled-420   [002] d...   501.237025: sched_switch: prev_comm=tailscaled prev_pid=420 prev_prio=120 prev_state=R+ ==> next_comm=tailscaled next_pid=417 next_prio=120
      tailscaled-417   [002] d...   501.237036: sched_switch: prev_comm=tailscaled prev_pid=417 prev_prio=120 prev_state=S ==> next_comm=tailscaled next_pid=420 next_prio=120
    kworker/u8:0-7     [001] d...   501.237066: sched_switch: prev_comm=kworker/u8:0 prev_pid=7 prev_prio=120 prev_state=D ==> next_comm=swapper/1 next_pid=0 next_prio=120
          <idle>-0     [001] d...   501.237081: sched_switch: prev_comm=swapper/1 prev_pid=0 prev_prio=120 prev_state=R ==> next_comm=kworker/u8:0 next_pid=7 next_prio=120
    kworker/u8:0-7     [001] d...   501.237088: sched_switch: prev_comm=kworker/u8:0 prev_pid=7 prev_prio=120 prev_state=D ==> next_comm=swapper/1 next_pid=0 next_prio=120
      tailscaled-420   [002] d...   501.237091: sched_switch: prev_comm=tailscaled prev_pid=420 prev_prio=120 prev_state=S ==> next_comm=swapper/2 next_pid=0 next_prio=120
          <idle>-0     [002] d...   501.237112: sched_switch: prev_comm=swapper/2 prev_pid=0 prev_prio=120 prev_state=R ==> next_comm=tailscaled next_pid=417 next_prio=120
      tailscaled-417   [002] d...   501.237124: sched_switch: prev_comm=tailscaled prev_pid=417 prev_prio=120 prev_state=S ==> next_comm=swapper/2 next_pid=0 next_prio=120
          <idle>-0     [001] d...   501.240096: sched_switch: prev_comm=swapper/1 prev_pid=0 prev_prio=120 prev_state=R ==> next_comm=kworker/u8:0 next_pid=7 next_prio=120
    kworker/u8:0-7     [001] d...   501.240105: sched_switch: prev_comm=kworker/u8:0 prev_pid=7 prev_prio=120 prev_state=D ==> next_comm=swapper/1 next_pid=0 next_prio=120
          <idle>-0     [001] d...   501.240115: sched_switch: prev_comm=swapper/1 prev_pid=0 prev_prio=120 prev_state=R ==> next_comm=kworker/u8:0 next_pid=7 next_prio=120
    kworker/u8:0-7     [001] d...   501.240146: sched_switch: prev_comm=kworker/u8:0 prev_pid=7 prev_prio=120 prev_state=D ==> next_comm=swapper/1 next_pid=0 next_prio=120
          <idle>-0     [001] d...   501.240178: sched_switch: prev_comm=swapper/1 prev_pid=0 prev_prio=120 prev_state=R ==> next_comm=kworker/u8:0 next_pid=7 next_prio=120
    kworker/u8:0-7     [001] d...   501.240201: sched_switch: prev_comm=kworker/u8:0 prev_pid=7 prev_prio=120 prev_state=I ==> next_comm=tailscaled next_pid=535 next_prio=120
      tailscaled-535   [001] d...   501.240245: sched_switch: prev_comm=tailscaled prev_pid=535 prev_prio=120 prev_state=S ==> next_comm=swapper/1 next_pid=0 next_prio=120
          <idle>-0     [002] d...   501.243237: sched_switch: prev_comm=swapper/2 prev_pid=0 prev_prio=120 prev_state=R ==> next_comm=irq/86-mmc1 next_pid=80 next_prio=49
     irq/86-mmc1-80    [002] d...   501.243255: sched_switch: prev_comm=irq/86-mmc1 prev_pid=80 prev_prio=49 prev_state=D ==> next_comm=swapper/2 next_pid=0 next_prio=120
          <idle>-0     [001] d...   501.243267: sched_switch: prev_comm=swapper/1 prev_pid=0 prev_prio=120 prev_state=R ==> next_comm=rngd next_pid=356 next_prio=120
          <idle>-0     [002] d...   501.243269: sched_switch: prev_comm=swapper/2 prev_pid=0 prev_prio=120 prev_state=R ==> next_comm=irq/86-mmc1 next_pid=80 next_prio=49
            rngd-356   [001] d...   501.243279: sched_switch: prev_comm=rngd prev_pid=356 prev_prio=120 prev_state=S ==> next_comm=swapper/1 next_pid=0 next_prio=120
     irq/86-mmc1-80    [002] d...   501.243287: sched_switch: prev_comm=irq/86-mmc1 prev_pid=80 prev_prio=49 prev_state=D ==> next_comm=swapper/2 next_pid=0 next_prio=120
          <idle>-0     [002] d...   501.243300: sched_switch: prev_comm=swapper/2 prev_pid=0 prev_prio=120 prev_state=R ==> next_comm=irq/86-mmc1 next_pid=80 next_prio=49
     irq/86-mmc1-80    [002] d...   501.243315: sched_switch: prev_comm=irq/86-mmc1 prev_pid=80 prev_prio=49 prev_state=D ==> next_comm=swapper/2 next_pid=0 next_prio=120
          <idle>-0     [002] d...   501.243330: sched_switch: prev_comm=swapper/2 prev_pid=0 prev_prio=120 prev_state=R ==> next_comm=irq/86-mmc1 next_pid=80 next_prio=49
          <idle>-0     [001] d...   501.243340: sched_switch: prev_comm=swapper/1 prev_pid=0 prev_prio=120 prev_state=R ==> next_comm=kworker/u8:0 next_pid=7 next_prio=120
     irq/86-mmc1-80    [002] d...   501.243342: sched_switch: prev_comm=irq/86-mmc1 prev_pid=80 prev_prio=49 prev_state=S ==> next_comm=swapper/2 next_pid=0 next_prio=120
    kworker/u8:0-7     [001] d...   501.243365: sched_switch: prev_comm=kworker/u8:0 prev_pid=7 prev_prio=120 prev_state=D ==> next_comm=swapper/1 next_pid=0 next_prio=120
          <idle>-0     [001] d...   501.243378: sched_switch: prev_comm=swapper/1 prev_pid=0 prev_prio=120 prev_state=R ==> next_comm=kworker/u8:0 next_pid=7 next_prio=120
    kworker/u8:0-7     [001] d...   501.243397: sched_switch: prev_comm=kworker/u8:0 prev_pid=7 prev_prio=120 prev_state=D ==> next_comm=swapper/1 next_pid=0 next_prio=120
          <idle>-0     [001] d...   501.243414: sched_switch: prev_comm=swapper/1 prev_pid=0 prev_prio=120 prev_state=R ==> next_comm=kworker/u8:0 next_pid=7 next_prio=120
    kworker/u8:0-7     [001] d...   501.243506: sched_switch: prev_comm=kworker/u8:0 prev_pid=7 prev_prio=120 prev_state=D ==> next_comm=tailscaled next_pid=535 next_prio=120
      tailscaled-535   [001] d...   501.243520: sched_switch: prev_comm=tailscaled prev_pid=535 prev_prio=120 prev_state=R ==> next_comm=kworker/u8:0 next_pid=7 next_prio=120
    kworker/u8:0-7     [001] d...   501.243529: sched_switch: prev_comm=kworker/u8:0 prev_pid=7 prev_prio=120 prev_state=I ==> next_comm=tailscaled next_pid=535 next_prio=120
          <idle>-0     [002] d...   501.243550: sched_switch: prev_comm=swapper/2 prev_pid=0 prev_prio=120 prev_state=R ==> next_comm=tailscaled next_pid=417 next_prio=120
      tailscaled-417   [002] d...   501.243570: sched_switch: prev_comm=tailscaled prev_pid=417 prev_prio=120 prev_state=S ==> next_comm=swapper/2 next_pid=0 next_prio=120
          <idle>-0     [002] d...   501.243639: sched_switch: prev_comm=swapper/2 prev_pid=0 prev_prio=120 prev_state=R ==> next_comm=tailscaled next_pid=417 next_prio=120
      tailscaled-417   [002] d...   501.243653: sched_switch: prev_comm=tailscaled prev_pid=417 prev_prio=120 prev_state=S ==> next_comm=tailscaled next_pid=420 next_prio=120
          <idle>-0     [003] d...   501.243677: sched_switch: prev_comm=swapper/3 prev_pid=0 prev_prio=120 prev_state=R ==> next_comm=tailscaled next_pid=419 next_prio=120
      tailscaled-420   [002] d...   501.243695: sched_switch: prev_comm=tailscaled prev_pid=420 prev_prio=120 prev_state=S ==> next_comm=swapper/2 next_pid=0 next_prio=120
      tailscaled-535   [001] d...   501.243720: sched_switch: prev_comm=tailscaled prev_pid=535 prev_prio=120 prev_state=S ==> next_comm=swapper/1 next_pid=0 next_prio=120
          <idle>-0     [002] d...   501.243733: sched_switch: prev_comm=swapper/2 prev_pid=0 prev_prio=120 prev_state=R ==> next_comm=tailscaled next_pid=417 next_prio=120
      tailscaled-417   [002] d...   501.243743: sched_switch: prev_comm=tailscaled prev_pid=417 prev_prio=120 prev_state=S ==> next_comm=tailscaled next_pid=420 next_prio=120
      tailscaled-420   [002] d...   501.243755: sched_switch: prev_comm=tailscaled prev_pid=420 prev_prio=120 prev_state=S ==> next_comm=swapper/2 next_pid=0 next_prio=120
          <idle>-0     [002] d...   501.243819: sched_switch: prev_comm=swapper/2 prev_pid=0 prev_prio=120 prev_state=R ==> next_comm=tailscaled next_pid=417 next_prio=120
      tailscaled-417   [002] d...   501.243828: sched_switch: prev_comm=tailscaled prev_pid=417 prev_prio=120 prev_state=S ==> next_comm=swapper/2 next_pid=0 next_prio=120
          <idle>-0     [000] d...   501.243889: sched_switch: prev_comm=swapper/0 prev_pid=0 prev_prio=120 prev_state=R ==> next_comm=vncserver-x11-c next_pid=458 next_prio=120
          <idle>-0     [002] d...   501.243904: sched_switch: prev_comm=swapper/2 prev_pid=0 prev_prio=120 prev_state=R ==> next_comm=tailscaled next_pid=417 next_prio=120
      tailscaled-417   [002] d...   501.243913: sched_switch: prev_comm=tailscaled prev_pid=417 prev_prio=120 prev_state=S ==> next_comm=swapper/2 next_pid=0 next_prio=120
      tailscaled-419   [003] d...   501.243923: sched_switch: prev_comm=tailscaled prev_pid=419 prev_prio=120 prev_state=S ==> next_comm=swapper/3 next_pid=0 next_prio=120
          <idle>-0     [001] d...   501.243974: sched_switch: prev_comm=swapper/1 prev_pid=0 prev_prio=120 prev_state=R ==> next_comm=tailscaled next_pid=535 next_prio=120
          <idle>-0     [002] d...   501.243989: sched_switch: prev_comm=swapper/2 prev_pid=0 prev_prio=120 prev_state=R ==> next_comm=tailscaled next_pid=417 next_prio=120
      tailscaled-417   [002] d...   501.243998: sched_switch: prev_comm=tailscaled prev_pid=417 prev_prio=120 prev_state=S ==> next_comm=swapper/2 next_pid=0 next_prio=120
          <idle>-0     [003] d...   501.244022: sched_switch: prev_comm=swapper/3 prev_pid=0 prev_prio=120 prev_state=R ==> next_comm=tailscaled next_pid=419 next_prio=120
 vncserver-x11-c-458   [000] d...   501.244049: sched_switch: prev_comm=vncserver-x11-c prev_pid=458 prev_prio=120 prev_state=R ==> next_comm=vncagent next_pid=514 next_prio=120
      tailscaled-419   [003] d...   501.244056: sched_switch: prev_comm=tailscaled prev_pid=419 prev_prio=120 prev_state=S ==> next_comm=swapper/3 next_pid=0 next_prio=120
          <idle>-0     [002] d...   501.244076: sched_switch: prev_comm=swapper/2 prev_pid=0 prev_prio=120 prev_state=R ==> next_comm=tailscaled next_pid=417 next_prio=120
      tailscaled-417   [002] d...   501.244086: sched_switch: prev_comm=tailscaled prev_pid=417 prev_prio=120 prev_state=S ==> next_comm=tailscaled next_pid=420 next_prio=120
          <idle>-0     [003] d...   501.244106: sched_switch: prev_comm=swapper/3 prev_pid=0 prev_prio=120 prev_state=R ==> next_comm=tailscaled next_pid=534 next_prio=120
      tailscaled-420   [002] d...   501.244133: sched_switch: prev_comm=tailscaled prev_pid=420 prev_prio=120 prev_state=S ==> next_comm=swapper/2 next_pid=0 next_prio=120
      tailscaled-534   [003] d...   501.244135: sched_switch: prev_comm=tailscaled prev_pid=534 prev_prio=120 prev_state=S ==> next_comm=swapper/3 next_pid=0 next_prio=120
        vncagent-514   [000] d...   501.244147: sched_switch: prev_comm=vncagent prev_pid=514 prev_prio=120 prev_state=S ==> next_comm=vncserver-x11-c next_pid=458 next_prio=120
          <idle>-0     [002] d...   501.244166: sched_switch: prev_comm=swapper/2 prev_pid=0 prev_prio=120 prev_state=R ==> next_comm=tailscaled next_pid=417 next_prio=120
      tailscaled-417   [002] d...   501.244176: sched_switch: prev_comm=tailscaled prev_pid=417 prev_prio=120 prev_state=S ==> next_comm=tailscaled next_pid=420 next_prio=120
      tailscaled-420   [002] d...   501.244188: sched_switch: prev_comm=tailscaled prev_pid=420 prev_prio=120 prev_state=S ==> next_comm=swapper/2 next_pid=0 next_prio=120
 vncserver-x11-c-458   [000] d...   501.244197: sched_switch: prev_comm=vncserver-x11-c prev_pid=458 prev_prio=120 prev_state=S ==> next_comm=swapper/0 next_pid=0 next_prio=120
      tailscaled-535   [001] d...   501.244251: sched_switch: prev_comm=tailscaled prev_pid=535 prev_prio=120 prev_state=R+ ==> next_comm=kworker/u8:0 next_pid=7 next_prio=120
          <idle>-0     [002] d...   501.244252: sched_switch: prev_comm=swapper/2 prev_pid=0 prev_prio=120 prev_state=R ==> next_comm=tailscaled next_pid=417 next_prio=120
      tailscaled-417   [002] d...   501.244262: sched_switch: prev_comm=tailscaled prev_pid=417 prev_prio=120 prev_state=S ==> next_comm=swapper/2 next_pid=0 next_prio=120
    kworker/u8:0-7     [001] d...   501.244293: sched_switch: prev_comm=kworker/u8:0 prev_pid=7 prev_prio=120 prev_state=D ==> next_comm=tailscaled next_pid=535 next_prio=120
      tailscaled-535   [001] d...   501.244324: sched_switch: prev_comm=tailscaled prev_pid=535 prev_prio=120 prev_state=R ==> next_comm=kworker/u8:0 next_pid=7 next_prio=120
          <idle>-0     [002] d...   501.244337: sched_switch: prev_comm=swapper/2 prev_pid=0 prev_prio=120 prev_state=R ==> next_comm=tailscaled next_pid=417 next_prio=120
    kworker/u8:0-7     [001] d...   501.244342: sched_switch: prev_comm=kworker/u8:0 prev_pid=7 prev_prio=120 prev_state=I ==> next_comm=tailscaled next_pid=535 next_prio=120
          <idle>-0     [003] d...   501.244343: sched_switch: prev_comm=swapper/3 prev_pid=0 prev_prio=120 prev_state=R ==> next_comm=tailscaled next_pid=419 next_prio=120
      tailscaled-417   [002] d...   501.244346: sched_switch: prev_comm=tailscaled prev_pid=417 prev_prio=120 prev_state=S ==> next_comm=swapper/2 next_pid=0 next_prio=120
      tailscaled-419   [003] d...   501.244376: sched_switch: prev_comm=tailscaled prev_pid=419 prev_prio=120 prev_state=S ==> next_comm=swapper/3 next_pid=0 next_prio=120
      tailscaled-535   [001] d...   501.244380: sched_switch: prev_comm=tailscaled prev_pid=535 prev_prio=120 prev_state=S ==> next_comm=swapper/1 next_pid=0 next_prio=120
          <idle>-0     [002] d...   501.244422: sched_switch: prev_comm=swapper/2 prev_pid=0 prev_prio=120 prev_state=R ==> next_comm=tailscaled next_pid=417 next_prio=120
          <idle>-0     [001] d...   501.244430: sched_switch: prev_comm=swapper/1 prev_pid=0 prev_prio=120 prev_state=R ==> next_comm=lxterminal next_pid=984 next_prio=120
      tailscaled-417   [002] d...   501.244433: sched_switch: prev_comm=tailscaled prev_pid=417 prev_prio=120 prev_state=S ==> next_comm=swapper/2 next_pid=0 next_prio=120
      lxterminal-984   [001] d...   501.244663: sched_switch: prev_comm=lxterminal prev_pid=984 prev_prio=120 prev_state=S ==> next_comm=swapper/1 next_pid=0 next_prio=120
          <idle>-0     [000] d...   501.248195: sched_switch: prev_comm=swapper/0 prev_pid=0 prev_prio=120 prev_state=R ==> next_comm=vncagent next_pid=514 next_prio=120
        vncagent-514   [000] d...   501.248257: sched_switch: prev_comm=vncagent prev_pid=514 prev_prio=120 prev_state=S ==> next_comm=Xorg next_pid=492 next_prio=120
            Xorg-492   [000] d...   501.248343: sched_switch: prev_comm=Xorg prev_pid=492 prev_prio=120 prev_state=S ==> next_comm=vncagent next_pid=514 next_prio=120
        vncagent-514   [000] d...   501.248394: sched_switch: prev_comm=vncagent prev_pid=514 prev_prio=120 prev_state=S ==> next_comm=swapper/0 next_pid=0 next_prio=120
          <idle>-0     [001] d...   501.248810: sched_switch: prev_comm=swapper/1 prev_pid=0 prev_prio=120 prev_state=R ==> next_comm=rcu_sched next_pid=10 next_prio=120
       rcu_sched-10    [001] d...   501.248830: sched_switch: prev_comm=rcu_sched prev_pid=10 prev_prio=120 prev_state=I ==> next_comm=swapper/1 next_pid=0 next_prio=120
          <idle>-0     [000] d...   501.258813: sched_switch: prev_comm=swapper/0 prev_pid=0 prev_prio=120 prev_state=R ==> next_comm=brcmf_wdog/mmc1 next_pid=253 next_prio=120
 brcmf_wdog/mmc1-253   [000] d...   501.258824: sched_switch: prev_comm=brcmf_wdog/mmc1 prev_pid=253 prev_prio=120 prev_state=S ==> next_comm=ksoftirqd/0 next_pid=9 next_prio=120
     ksoftirqd/0-9     [000] d...   501.258863: sched_switch: prev_comm=ksoftirqd/0 prev_pid=9 prev_prio=120 prev_state=S ==> next_comm=swapper/0 next_pid=0 next_prio=120
          <idle>-0     [001] d...   501.261703: sched_switch: prev_comm=swapper/1 prev_pid=0 prev_prio=120 prev_state=R ==> next_comm=lxterminal next_pid=984 next_prio=120
          <idle>-0     [000] d...   501.262443: sched_switch: prev_comm=swapper/0 prev_pid=0 prev_prio=120 prev_state=R ==> next_comm=vncagent next_pid=514 next_prio=120
        vncagent-514   [000] d...   501.262482: sched_switch: prev_comm=vncagent prev_pid=514 prev_prio=120 prev_state=S ==> next_comm=swapper/0 next_pid=0 next_prio=120
          <idle>-0     [000] d...   501.263978: sched_switch: prev_comm=swapper/0 prev_pid=0 prev_prio=120 prev_state=R ==> next_comm=Xorg next_pid=492 next_prio=120
      lxterminal-984   [001] d...   501.264015: sched_switch: prev_comm=lxterminal prev_pid=984 prev_prio=120 prev_state=S ==> next_comm=swapper/1 next_pid=0 next_prio=120
          <idle>-0     [001] d...   501.268878: sched_switch: prev_comm=swapper/1 prev_pid=0 prev_prio=120 prev_state=R ==> next_comm=rcu_sched next_pid=10 next_prio=120
       rcu_sched-10    [001] d...   501.268936: sched_switch: prev_comm=rcu_sched prev_pid=10 prev_prio=120 prev_state=I ==> next_comm=swapper/1 next_pid=0 next_prio=120
            Xorg-492   [000] d...   501.269616: sched_switch: prev_comm=Xorg prev_pid=492 prev_prio=120 prev_state=R ==> next_comm=vncagent next_pid=514 next_prio=120
        vncagent-514   [000] d...   501.269746: sched_switch: prev_comm=vncagent prev_pid=514 prev_prio=120 prev_state=S ==> next_comm=Xorg next_pid=492 next_prio=120
            Xorg-492   [000] d...   501.270099: sched_switch: prev_comm=Xorg prev_pid=492 prev_prio=120 prev_state=S ==> next_comm=swapper/0 next_pid=0 next_prio=120
          <idle>-0     [000] d...   501.271788: sched_switch: prev_comm=swapper/0 prev_pid=0 prev_prio=120 prev_state=R ==> next_comm=vncagent next_pid=514 next_prio=120
        vncagent-514   [000] d...   501.271840: sched_switch: prev_comm=vncagent prev_pid=514 prev_prio=120 prev_state=S ==> next_comm=Xorg next_pid=492 next_prio=120
            Xorg-492   [000] d...   501.271882: sched_switch: prev_comm=Xorg prev_pid=492 prev_prio=120 prev_state=R ==> next_comm=vncagent next_pid=514 next_prio=120
        vncagent-514   [000] d...   501.271924: sched_switch: prev_comm=vncagent prev_pid=514 prev_prio=120 prev_state=S ==> next_comm=Xorg next_pid=492 next_prio=120
            Xorg-492   [000] d...   501.274383: sched_switch: prev_comm=Xorg prev_pid=492 prev_prio=120 prev_state=R ==> next_comm=vncagent next_pid=514 next_prio=120
        vncagent-514   [000] d...   501.274547: sched_switch: prev_comm=vncagent prev_pid=514 prev_prio=120 prev_state=S ==> next_comm=Xorg next_pid=492 next_prio=120
            Xorg-492   [000] d...   501.274694: sched_switch: prev_comm=Xorg prev_pid=492 prev_prio=120 prev_state=S ==> next_comm=vncserver-x11-c next_pid=458 next_prio=120
          <idle>-0     [001] d...   501.275053: sched_switch: prev_comm=swapper/1 prev_pid=0 prev_prio=120 prev_state=R ==> next_comm=lxterminal next_pid=984 next_prio=120
      lxterminal-984   [001] d...   501.275188: sched_switch: prev_comm=lxterminal prev_pid=984 prev_prio=120 prev_state=S ==> next_comm=swapper/1 next_pid=0 next_prio=120
 vncserver-x11-c-458   [000] d...   501.278867: sched_switch: prev_comm=vncserver-x11-c prev_pid=458 prev_prio=120 prev_state=R ==> next_comm=brcmf_wdog/mmc1 next_pid=253 next_prio=120
 brcmf_wdog/mmc1-253   [000] d...   501.278915: sched_switch: prev_comm=brcmf_wdog/mmc1 prev_pid=253 prev_prio=120 prev_state=R ==> next_comm=kworker/0:2 next_pid=282 next_prio=120
     kworker/0:2-282   [000] d...   501.278956: sched_switch: prev_comm=kworker/0:2 prev_pid=282 prev_prio=120 prev_state=I ==> next_comm=brcmf_wdog/mmc1 next_pid=253 next_prio=120
 brcmf_wdog/mmc1-253   [000] d...   501.278968: sched_switch: prev_comm=brcmf_wdog/mmc1 prev_pid=253 prev_prio=120 prev_state=D ==> next_comm=vncserver-x11-c next_pid=458 next_prio=120
 vncserver-x11-c-458   [000] d...   501.278981: sched_switch: prev_comm=vncserver-x11-c prev_pid=458 prev_prio=120 prev_state=R ==> next_comm=brcmf_wdog/mmc1 next_pid=253 next_prio=120
 brcmf_wdog/mmc1-253   [000] d...   501.278991: sched_switch: prev_comm=brcmf_wdog/mmc1 prev_pid=253 prev_prio=120 prev_state=D ==> next_comm=vncserver-x11-c next_pid=458 next_prio=120
 vncserver-x11-c-458   [000] d...   501.279002: sched_switch: prev_comm=vncserver-x11-c prev_pid=458 prev_prio=120 prev_state=R ==> next_comm=brcmf_wdog/mmc1 next_pid=253 next_prio=120
 brcmf_wdog/mmc1-253   [000] d...   501.279011: sched_switch: prev_comm=brcmf_wdog/mmc1 prev_pid=253 prev_prio=120 prev_state=S ==> next_comm=vncserver-x11-c next_pid=458 next_prio=120
          <idle>-0     [001] d...   501.288836: sched_switch: prev_comm=swapper/1 prev_pid=0 prev_prio=120 prev_state=R ==> next_comm=rcu_sched next_pid=10 next_prio=120
       rcu_sched-10    [001] d...   501.288862: sched_switch: prev_comm=rcu_sched prev_pid=10 prev_prio=120 prev_state=I ==> next_comm=swapper/1 next_pid=0 next_prio=120
 vncserver-x11-c-458   [000] d...   501.298622: sched_switch: prev_comm=vncserver-x11-c prev_pid=458 prev_prio=120 prev_state=R ==> next_comm=vncagent next_pid=514 next_prio=120
        vncagent-514   [000] d...   501.298712: sched_switch: prev_comm=vncagent prev_pid=514 prev_prio=120 prev_state=S ==> next_comm=vncserver-x11-c next_pid=458 next_prio=120
          <idle>-0     [003] d...   501.304386: sched_switch: prev_comm=swapper/3 prev_pid=0 prev_prio=120 prev_state=R ==> next_comm=tailscaled next_pid=419 next_prio=120
          <idle>-0     [002] d...   501.304459: sched_switch: prev_comm=swapper/2 prev_pid=0 prev_prio=120 prev_state=R ==> next_comm=tailscaled next_pid=417 next_prio=120
      tailscaled-417   [002] d...   501.304490: sched_switch: prev_comm=tailscaled prev_pid=417 prev_prio=120 prev_state=S ==> next_comm=swapper/2 next_pid=0 next_prio=120
          <idle>-0     [001] d...   501.304523: sched_switch: prev_comm=swapper/1 prev_pid=0 prev_prio=120 prev_state=R ==> next_comm=tailscaled next_pid=535 next_prio=120
          <idle>-0     [002] d...   501.304568: sched_switch: prev_comm=swapper/2 prev_pid=0 prev_prio=120 prev_state=R ==> next_comm=tailscaled next_pid=417 next_prio=120
      tailscaled-417   [002] d...   501.304581: sched_switch: prev_comm=tailscaled prev_pid=417 prev_prio=120 prev_state=S ==> next_comm=swapper/2 next_pid=0 next_prio=120
      tailscaled-535   [001] d...   501.304595: sched_switch: prev_comm=tailscaled prev_pid=535 prev_prio=120 prev_state=S ==> next_comm=swapper/1 next_pid=0 next_prio=120
          <idle>-0     [002] d...   501.304644: sched_switch: prev_comm=swapper/2 prev_pid=0 prev_prio=120 prev_state=R ==> next_comm=tailscaled next_pid=420 next_prio=120
      tailscaled-420   [002] d...   501.304659: sched_switch: prev_comm=tailscaled prev_pid=420 prev_prio=120 prev_state=R ==> next_comm=tailscaled next_pid=417 next_prio=120
      tailscaled-417   [002] d...   501.304669: sched_switch: prev_comm=tailscaled prev_pid=417 prev_prio=120 prev_state=S ==> next_comm=tailscaled next_pid=420 next_prio=120
      tailscaled-420   [002] d...   501.304714: sched_switch: prev_comm=tailscaled prev_pid=420 prev_prio=120 prev_state=S ==> next_comm=swapper/2 next_pid=0 next_prio=120
          <idle>-0     [002] d...   501.304748: sched_switch: prev_comm=swapper/2 prev_pid=0 prev_prio=120 prev_state=R ==> next_comm=tailscaled next_pid=417 next_prio=120
      tailscaled-417   [002] d...   501.304759: sched_switch: prev_comm=tailscaled prev_pid=417 prev_prio=120 prev_state=S ==> next_comm=tailscaled next_pid=420 next_prio=120
      tailscaled-420   [002] d...   501.304834: sched_switch: prev_comm=tailscaled prev_pid=420 prev_prio=120 prev_state=R ==> next_comm=tailscaled next_pid=417 next_prio=120
      tailscaled-417   [002] d...   501.304845: sched_switch: prev_comm=tailscaled prev_pid=417 prev_prio=120 prev_state=S ==> next_comm=tailscaled next_pid=420 next_prio=120
      tailscaled-420   [002] d...   501.304921: sched_switch: prev_comm=tailscaled prev_pid=420 prev_prio=120 prev_state=R ==> next_comm=tailscaled next_pid=417 next_prio=120
      tailscaled-417   [002] d...   501.304932: sched_switch: prev_comm=tailscaled prev_pid=417 prev_prio=120 prev_state=S ==> next_comm=tailscaled next_pid=420 next_prio=120
      tailscaled-420   [002] d...   501.305009: sched_switch: prev_comm=tailscaled prev_pid=420 prev_prio=120 prev_state=R ==> next_comm=tailscaled next_pid=417 next_prio=120
      tailscaled-417   [002] d...   501.305019: sched_switch: prev_comm=tailscaled prev_pid=417 prev_prio=120 prev_state=S ==> next_comm=tailscaled next_pid=420 next_prio=120
          <idle>-0     [001] d...   501.305045: sched_switch: prev_comm=swapper/1 prev_pid=0 prev_prio=120 prev_state=R ==> next_comm=kworker/u8:0 next_pid=7 next_prio=120
    kworker/u8:0-7     [001] d...   501.305091: sched_switch: prev_comm=kworker/u8:0 prev_pid=7 prev_prio=120 prev_state=D ==> next_comm=kworker/u8:3 next_pid=462 next_prio=120
      tailscaled-420   [002] d...   501.305094: sched_switch: prev_comm=tailscaled prev_pid=420 prev_prio=120 prev_state=R ==> next_comm=tailscaled next_pid=417 next_prio=120
      tailscaled-417   [002] d...   501.305103: sched_switch: prev_comm=tailscaled prev_pid=417 prev_prio=120 prev_state=S ==> next_comm=tailscaled next_pid=420 next_prio=120
    kworker/u8:3-462   [001] d...   501.305116: sched_switch: prev_comm=kworker/u8:3 prev_pid=462 prev_prio=120 prev_state=I ==> next_comm=swapper/1 next_pid=0 next_prio=120
          <idle>-0     [001] d...   501.305122: sched_switch: prev_comm=swapper/1 prev_pid=0 prev_prio=120 prev_state=R ==> next_comm=kworker/u8:0 next_pid=7 next_prio=120
    kworker/u8:0-7     [001] d...   501.305134: sched_switch: prev_comm=kworker/u8:0 prev_pid=7 prev_prio=120 prev_state=D ==> next_comm=swapper/1 next_pid=0 next_prio=120
      tailscaled-420   [002] d...   501.305178: sched_switch: prev_comm=tailscaled prev_pid=420 prev_prio=120 prev_state=R ==> next_comm=tailscaled next_pid=417 next_prio=120
      tailscaled-417   [002] d...   501.305189: sched_switch: prev_comm=tailscaled prev_pid=417 prev_prio=120 prev_state=S ==> next_comm=tailscaled next_pid=420 next_prio=120
      tailscaled-420   [002] d...   501.305265: sched_switch: prev_comm=tailscaled prev_pid=420 prev_prio=120 prev_state=R+ ==> next_comm=tailscaled next_pid=417 next_prio=120
      tailscaled-417   [002] d...   501.305276: sched_switch: prev_comm=tailscaled prev_pid=417 prev_prio=120 prev_state=S ==> next_comm=tailscaled next_pid=420 next_prio=120
      tailscaled-420   [002] d...   501.305359: sched_switch: prev_comm=tailscaled prev_pid=420 prev_prio=120 prev_state=R ==> next_comm=tailscaled next_pid=417 next_prio=120
      tailscaled-417   [002] d...   501.305370: sched_switch: prev_comm=tailscaled prev_pid=417 prev_prio=120 prev_state=S ==> next_comm=tailscaled next_pid=420 next_prio=120
      tailscaled-420   [002] d...   501.305446: sched_switch: prev_comm=tailscaled prev_pid=420 prev_prio=120 prev_state=R ==> next_comm=tailscaled next_pid=417 next_prio=120
      tailscaled-417   [002] d...   501.305457: sched_switch: prev_comm=tailscaled prev_pid=417 prev_prio=120 prev_state=S ==> next_comm=tailscaled next_pid=420 next_prio=120
      tailscaled-420   [002] d...   501.305532: sched_switch: prev_comm=tailscaled prev_pid=420 prev_prio=120 prev_state=R ==> next_comm=tailscaled next_pid=417 next_prio=120
      tailscaled-417   [002] d...   501.305542: sched_switch: prev_comm=tailscaled prev_pid=417 prev_prio=120 prev_state=S ==> next_comm=tailscaled next_pid=420 next_prio=120
      tailscaled-420   [002] d...   501.305615: sched_switch: prev_comm=tailscaled prev_pid=420 prev_prio=120 prev_state=R ==> next_comm=tailscaled next_pid=417 next_prio=120
      tailscaled-417   [002] d...   501.305625: sched_switch: prev_comm=tailscaled prev_pid=417 prev_prio=120 prev_state=S ==> next_comm=tailscaled next_pid=420 next_prio=120
      tailscaled-420   [002] d...   501.305699: sched_switch: prev_comm=tailscaled prev_pid=420 prev_prio=120 prev_state=R ==> next_comm=tailscaled next_pid=417 next_prio=120
      tailscaled-417   [002] d...   501.305709: sched_switch: prev_comm=tailscaled prev_pid=417 prev_prio=120 prev_state=S ==> next_comm=tailscaled next_pid=420 next_prio=120
      tailscaled-420   [002] d...   501.305785: sched_switch: prev_comm=tailscaled prev_pid=420 prev_prio=120 prev_state=R ==> next_comm=tailscaled next_pid=417 next_prio=120
      tailscaled-417   [002] d...   501.305796: sched_switch: prev_comm=tailscaled prev_pid=417 prev_prio=120 prev_state=S ==> next_comm=tailscaled next_pid=420 next_prio=120
      tailscaled-420   [002] d...   501.305891: sched_switch: prev_comm=tailscaled prev_pid=420 prev_prio=120 prev_state=R+ ==> next_comm=tailscaled next_pid=417 next_prio=120
      tailscaled-417   [002] d...   501.305903: sched_switch: prev_comm=tailscaled prev_pid=417 prev_prio=120 prev_state=S ==> next_comm=tailscaled next_pid=420 next_prio=120
      tailscaled-420   [002] d...   501.305978: sched_switch: prev_comm=tailscaled prev_pid=420 prev_prio=120 prev_state=R ==> next_comm=tailscaled next_pid=417 next_prio=120
      tailscaled-417   [002] d...   501.305989: sched_switch: prev_comm=tailscaled prev_pid=417 prev_prio=120 prev_state=S ==> next_comm=tailscaled next_pid=420 next_prio=120
      tailscaled-420   [002] d...   501.306064: sched_switch: prev_comm=tailscaled prev_pid=420 prev_prio=120 prev_state=R ==> next_comm=tailscaled next_pid=417 next_prio=120
      tailscaled-417   [002] d...   501.306075: sched_switch: prev_comm=tailscaled prev_pid=417 prev_prio=120 prev_state=S ==> next_comm=tailscaled next_pid=420 next_prio=120
      tailscaled-420   [002] d...   501.306148: sched_switch: prev_comm=tailscaled prev_pid=420 prev_prio=120 prev_state=R ==> next_comm=tailscaled next_pid=417 next_prio=120
      tailscaled-419   [003] d...   501.306150: sched_switch: prev_comm=tailscaled prev_pid=419 prev_prio=120 prev_state=S ==> next_comm=tailscaled next_pid=534 next_prio=120
      tailscaled-417   [002] d...   501.306157: sched_switch: prev_comm=tailscaled prev_pid=417 prev_prio=120 prev_state=S ==> next_comm=tailscaled next_pid=420 next_prio=120
      tailscaled-534   [003] d...   501.306192: sched_switch: prev_comm=tailscaled prev_pid=534 prev_prio=120 prev_state=S ==> next_comm=swapper/3 next_pid=0 next_prio=120
          <idle>-0     [003] d...   501.306226: sched_switch: prev_comm=swapper/3 prev_pid=0 prev_prio=120 prev_state=R ==> next_comm=tailscaled next_pid=534 next_prio=120
      tailscaled-420   [002] d...   501.306232: sched_switch: prev_comm=tailscaled prev_pid=420 prev_prio=120 prev_state=R ==> next_comm=tailscaled next_pid=417 next_prio=120
      tailscaled-417   [002] d...   501.306242: sched_switch: prev_comm=tailscaled prev_pid=417 prev_prio=120 prev_state=S ==> next_comm=tailscaled next_pid=420 next_prio=120
      tailscaled-534   [003] d...   501.306249: sched_switch: prev_comm=tailscaled prev_pid=534 prev_prio=120 prev_state=S ==> next_comm=swapper/3 next_pid=0 next_prio=120
      tailscaled-420   [002] d...   501.306317: sched_switch: prev_comm=tailscaled prev_pid=420 prev_prio=120 prev_state=R ==> next_comm=tailscaled next_pid=417 next_prio=120
      tailscaled-417   [002] d...   501.306328: sched_switch: prev_comm=tailscaled prev_pid=417 prev_prio=120 prev_state=S ==> next_comm=tailscaled next_pid=420 next_prio=120
      tailscaled-420   [002] d...   501.306366: sched_switch: prev_comm=tailscaled prev_pid=420 prev_prio=120 prev_state=S ==> next_comm=swapper/2 next_pid=0 next_prio=120
          <idle>-0     [002] d...   501.306408: sched_switch: prev_comm=swapper/2 prev_pid=0 prev_prio=120 prev_state=R ==> next_comm=tailscaled next_pid=417 next_prio=120
      tailscaled-417   [002] d...   501.306422: sched_switch: prev_comm=tailscaled prev_pid=417 prev_prio=120 prev_state=S ==> next_comm=swapper/2 next_pid=0 next_prio=120
          <idle>-0     [001] d...   501.308138: sched_switch: prev_comm=swapper/1 prev_pid=0 prev_prio=120 prev_state=R ==> next_comm=kworker/u8:0 next_pid=7 next_prio=120
    kworker/u8:0-7     [001] d...   501.308157: sched_switch: prev_comm=kworker/u8:0 prev_pid=7 prev_prio=120 prev_state=D ==> next_comm=swapper/1 next_pid=0 next_prio=120
          <idle>-0     [001] d...   501.308182: sched_switch: prev_comm=swapper/1 prev_pid=0 prev_prio=120 prev_state=R ==> next_comm=kworker/u8:0 next_pid=7 next_prio=120
    kworker/u8:0-7     [001] d...   501.308260: sched_switch: prev_comm=kworker/u8:0 prev_pid=7 prev_prio=120 prev_state=D ==> next_comm=swapper/1 next_pid=0 next_prio=120
          <idle>-0     [001] d...   501.308814: sched_switch: prev_comm=swapper/1 prev_pid=0 prev_prio=120 prev_state=R ==> next_comm=rcu_sched next_pid=10 next_prio=120
       rcu_sched-10    [001] d...   501.308833: sched_switch: prev_comm=rcu_sched prev_pid=10 prev_prio=120 prev_state=I ==> next_comm=swapper/1 next_pid=0 next_prio=120
          <idle>-0     [001] d...   501.309052: sched_switch: prev_comm=swapper/1 prev_pid=0 prev_prio=120 prev_state=R ==> next_comm=kworker/u8:0 next_pid=7 next_prio=120
    kworker/u8:0-7     [001] d...   501.309122: sched_switch: prev_comm=kworker/u8:0 prev_pid=7 prev_prio=120 prev_state=I ==> next_comm=tailscaled next_pid=535 next_prio=120
      tailscaled-535   [001] d...   501.309193: sched_switch: prev_comm=tailscaled prev_pid=535 prev_prio=120 prev_state=S ==> next_comm=swapper/1 next_pid=0 next_prio=120
          <idle>-0     [002] d...   501.309436: sched_switch: prev_comm=swapper/2 prev_pid=0 prev_prio=120 prev_state=R ==> next_comm=irq/86-mmc1 next_pid=80 next_prio=49
     irq/86-mmc1-80    [002] d...   501.309456: sched_switch: prev_comm=irq/86-mmc1 prev_pid=80 prev_prio=49 prev_state=D ==> next_comm=swapper/2 next_pid=0 next_prio=120
          <idle>-0     [002] d...   501.309470: sched_switch: prev_comm=swapper/2 prev_pid=0 prev_prio=120 prev_state=R ==> next_comm=irq/86-mmc1 next_pid=80 next_prio=49
     irq/86-mmc1-80    [002] d...   501.309490: sched_switch: prev_comm=irq/86-mmc1 prev_pid=80 prev_prio=49 prev_state=D ==> next_comm=swapper/2 next_pid=0 next_prio=120
          <idle>-0     [002] d...   501.309504: sched_switch: prev_comm=swapper/2 prev_pid=0 prev_prio=120 prev_state=R ==> next_comm=irq/86-mmc1 next_pid=80 next_prio=49
     irq/86-mmc1-80    [002] d...   501.309521: sched_switch: prev_comm=irq/86-mmc1 prev_pid=80 prev_prio=49 prev_state=D ==> next_comm=swapper/2 next_pid=0 next_prio=120
          <idle>-0     [002] d...   501.309535: sched_switch: prev_comm=swapper/2 prev_pid=0 prev_prio=120 prev_state=R ==> next_comm=irq/86-mmc1 next_pid=80 next_prio=49
     irq/86-mmc1-80    [002] d...   501.309549: sched_switch: prev_comm=irq/86-mmc1 prev_pid=80 prev_prio=49 prev_state=S ==> next_comm=swapper/2 next_pid=0 next_prio=120
          <idle>-0     [001] d...   501.309551: sched_switch: prev_comm=swapper/1 prev_pid=0 prev_prio=120 prev_state=R ==> next_comm=kworker/u8:0 next_pid=7 next_prio=120
    kworker/u8:0-7     [001] d...   501.309580: sched_switch: prev_comm=kworker/u8:0 prev_pid=7 prev_prio=120 prev_state=D ==> next_comm=swapper/1 next_pid=0 next_prio=120
          <idle>-0     [001] d...   501.309596: sched_switch: prev_comm=swapper/1 prev_pid=0 prev_prio=120 prev_state=R ==> next_comm=kworker/u8:0 next_pid=7 next_prio=120
    kworker/u8:0-7     [001] d...   501.309621: sched_switch: prev_comm=kworker/u8:0 prev_pid=7 prev_prio=120 prev_state=D ==> next_comm=swapper/1 next_pid=0 next_prio=120
          <idle>-0     [001] d...   501.309638: sched_switch: prev_comm=swapper/1 prev_pid=0 prev_prio=120 prev_state=R ==> next_comm=kworker/u8:0 next_pid=7 next_prio=120
    kworker/u8:0-7     [001] d...   501.309646: sched_switch: prev_comm=kworker/u8:0 prev_pid=7 prev_prio=120 prev_state=I ==> next_comm=swapper/1 next_pid=0 next_prio=120
          <idle>-0     [002] d...   501.311721: sched_switch: prev_comm=swapper/2 prev_pid=0 prev_prio=120 prev_state=R ==> next_comm=irq/86-mmc1 next_pid=80 next_prio=49
     irq/86-mmc1-80    [002] d...   501.311736: sched_switch: prev_comm=irq/86-mmc1 prev_pid=80 prev_prio=49 prev_state=D ==> next_comm=swapper/2 next_pid=0 next_prio=120
          <idle>-0     [002] d...   501.311750: sched_switch: prev_comm=swapper/2 prev_pid=0 prev_prio=120 prev_state=R ==> next_comm=irq/86-mmc1 next_pid=80 next_prio=49
     irq/86-mmc1-80    [002] d...   501.311767: sched_switch: prev_comm=irq/86-mmc1 prev_pid=80 prev_prio=49 prev_state=D ==> next_comm=swapper/2 next_pid=0 next_prio=120
          <idle>-0     [002] d...   501.311781: sched_switch: prev_comm=swapper/2 prev_pid=0 prev_prio=120 prev_state=R ==> next_comm=irq/86-mmc1 next_pid=80 next_prio=49
     irq/86-mmc1-80    [002] d...   501.311797: sched_switch: prev_comm=irq/86-mmc1 prev_pid=80 prev_prio=49 prev_state=D ==> next_comm=swapper/2 next_pid=0 next_prio=120
          <idle>-0     [002] d...   501.311811: sched_switch: prev_comm=swapper/2 prev_pid=0 prev_prio=120 prev_state=R ==> next_comm=irq/86-mmc1 next_pid=80 next_prio=49
     irq/86-mmc1-80    [002] d...   501.311823: sched_switch: prev_comm=irq/86-mmc1 prev_pid=80 prev_prio=49 prev_state=S ==> next_comm=swapper/2 next_pid=0 next_prio=120
          <idle>-0     [001] d...   501.311827: sched_switch: prev_comm=swapper/1 prev_pid=0 prev_prio=120 prev_state=R ==> next_comm=kworker/u8:0 next_pid=7 next_prio=120
    kworker/u8:0-7     [001] d...   501.311851: sched_switch: prev_comm=kworker/u8:0 prev_pid=7 prev_prio=120 prev_state=D ==> next_comm=swapper/1 next_pid=0 next_prio=120
          <idle>-0     [001] d...   501.311867: sched_switch: prev_comm=swapper/1 prev_pid=0 prev_prio=120 prev_state=R ==> next_comm=kworker/u8:0 next_pid=7 next_prio=120
          <idle>-0     [002] d...   501.311874: sched_switch: prev_comm=swapper/2 prev_pid=0 prev_prio=120 prev_state=R ==> next_comm=irq/86-mmc1 next_pid=80 next_prio=49
    kworker/u8:0-7     [001] d...   501.311885: sched_switch: prev_comm=kworker/u8:0 prev_pid=7 prev_prio=120 prev_state=D ==> next_comm=swapper/1 next_pid=0 next_prio=120
     irq/86-mmc1-80    [002] d...   501.311885: sched_switch: prev_comm=irq/86-mmc1 prev_pid=80 prev_prio=49 prev_state=D ==> next_comm=swapper/2 next_pid=0 next_prio=120
          <idle>-0     [001] d...   501.311902: sched_switch: prev_comm=swapper/1 prev_pid=0 prev_prio=120 prev_state=R ==> next_comm=kworker/u8:0 next_pid=7 next_prio=120
          <idle>-0     [002] d...   501.311912: sched_switch: prev_comm=swapper/2 prev_pid=0 prev_prio=120 prev_state=R ==> next_comm=irq/86-mmc1 next_pid=80 next_prio=49
     irq/86-mmc1-80    [002] d...   501.311922: sched_switch: prev_comm=irq/86-mmc1 prev_pid=80 prev_prio=49 prev_state=D ==> next_comm=swapper/2 next_pid=0 next_prio=120
          <idle>-0     [002] d...   501.311934: sched_switch: prev_comm=swapper/2 prev_pid=0 prev_prio=120 prev_state=R ==> next_comm=irq/86-mmc1 next_pid=80 next_prio=49
     irq/86-mmc1-80    [002] d...   501.311950: sched_switch: prev_comm=irq/86-mmc1 prev_pid=80 prev_prio=49 prev_state=D ==> next_comm=swapper/2 next_pid=0 next_prio=120
          <idle>-0     [002] d...   501.311963: sched_switch: prev_comm=swapper/2 prev_pid=0 prev_prio=120 prev_state=R ==> next_comm=irq/86-mmc1 next_pid=80 next_prio=49
     irq/86-mmc1-80    [002] d...   501.311979: sched_switch: prev_comm=irq/86-mmc1 prev_pid=80 prev_prio=49 prev_state=D ==> next_comm=swapper/2 next_pid=0 next_prio=120
          <idle>-0     [002] d...   501.311995: sched_switch: prev_comm=swapper/2 prev_pid=0 prev_prio=120 prev_state=R ==> next_comm=irq/86-mmc1 next_pid=80 next_prio=49
     irq/86-mmc1-80    [002] d...   501.312007: sched_switch: prev_comm=irq/86-mmc1 prev_pid=80 prev_prio=49 prev_state=S ==> next_comm=swapper/2 next_pid=0 next_prio=120
    kworker/u8:0-7     [001] d...   501.312027: sched_switch: prev_comm=kworker/u8:0 prev_pid=7 prev_prio=120 prev_state=D ==> next_comm=kworker/u8:3 next_pid=462 next_prio=120
    kworker/u8:3-462   [001] d...   501.312034: sched_switch: prev_comm=kworker/u8:3 prev_pid=462 prev_prio=120 prev_state=I ==> next_comm=tailscaled next_pid=535 next_prio=120
      tailscaled-535   [001] d...   501.312043: sched_switch: prev_comm=tailscaled prev_pid=535 prev_prio=120 prev_state=R ==> next_comm=kworker/u8:0 next_pid=7 next_prio=120
    kworker/u8:0-7     [001] d...   501.312061: sched_switch: prev_comm=kworker/u8:0 prev_pid=7 prev_prio=120 prev_state=D ==> next_comm=tailscaled next_pid=535 next_prio=120
      tailscaled-535   [001] d...   501.312079: sched_switch: prev_comm=tailscaled prev_pid=535 prev_prio=120 prev_state=R ==> next_comm=kworker/u8:0 next_pid=7 next_prio=120
    kworker/u8:0-7     [001] d...   501.312127: sched_switch: prev_comm=kworker/u8:0 prev_pid=7 prev_prio=120 prev_state=D ==> next_comm=tailscaled next_pid=535 next_prio=120
      tailscaled-535   [001] d...   501.312140: sched_switch: prev_comm=tailscaled prev_pid=535 prev_prio=120 prev_state=R ==> next_comm=kworker/u8:0 next_pid=7 next_prio=120
    kworker/u8:0-7     [001] d...   501.312158: sched_switch: prev_comm=kworker/u8:0 prev_pid=7 prev_prio=120 prev_state=D ==> next_comm=tailscaled next_pid=535 next_prio=120
      tailscaled-535   [001] d...   501.312174: sched_switch: prev_comm=tailscaled prev_pid=535 prev_prio=120 prev_state=R ==> next_comm=kworker/u8:0 next_pid=7 next_prio=120
    kworker/u8:0-7     [001] d...   501.312215: sched_switch: prev_comm=kworker/u8:0 prev_pid=7 prev_prio=120 prev_state=D ==> next_comm=tailscaled next_pid=535 next_prio=120
      tailscaled-535   [001] d...   501.312229: sched_switch: prev_comm=tailscaled prev_pid=535 prev_prio=120 prev_state=R ==> next_comm=kworker/u8:0 next_pid=7 next_prio=120
    kworker/u8:0-7     [001] d...   501.312246: sched_switch: prev_comm=kworker/u8:0 prev_pid=7 prev_prio=120 prev_state=D ==> next_comm=tailscaled next_pid=535 next_prio=120
      tailscaled-535   [001] d...   501.312270: sched_switch: prev_comm=tailscaled prev_pid=535 prev_prio=120 prev_state=R ==> next_comm=kworker/u8:0 next_pid=7 next_prio=120
          <idle>-0     [002] d...   501.312278: sched_switch: prev_comm=swapper/2 prev_pid=0 prev_prio=120 prev_state=R ==> next_comm=tailscaled next_pid=417 next_prio=120
      tailscaled-417   [002] d...   501.312297: sched_switch: prev_comm=tailscaled prev_pid=417 prev_prio=120 prev_state=S ==> next_comm=swapper/2 next_pid=0 next_prio=120
    kworker/u8:0-7     [001] d...   501.312310: sched_switch: prev_comm=kworker/u8:0 prev_pid=7 prev_prio=120 prev_state=D ==> next_comm=tailscaled next_pid=535 next_prio=120
