            Xorg-493   [003] d...  4086.066455: sched_switch: prev_comm=Xorg prev_pid=493 prev_prio=120 prev_state=S ==> next_comm=swapper/3 next_pid=0 next_prio=120
           <...>-512   [000] ....  4086.066476: sys_enter: NR 168 (7efe2dcc, 1, ffffffff, 0, 1b737a0, 1b737a0)
           <...>-512   [000] ....  4086.066479: sys_exit: NR 168 = 1
           <...>-512   [000] ....  4086.066480: sys_enter: NR 146 (3, 7efe2ec4, 3, 0, 0, 1b737a0)
           <...>-512   [000] ....  4086.066488: sys_exit: NR 146 = 32
           <...>-512   [000] ....  4086.066491: sys_enter: NR 168 (7efe2db4, 1, ffffffff, 0, 7efe2f38, 1b737a0)
          <idle>-0     [003] d...  4086.066495: sched_switch: prev_comm=swapper/3 prev_pid=0 prev_prio=120 prev_state=R ==> next_comm=Xorg next_pid=493 next_prio=120
           <...>-512   [000] d...  4086.066497: sched_switch: prev_comm=vncagent prev_pid=512 prev_prio=120 prev_state=S ==> next_comm=swapper/0 next_pid=0 next_prio=120
            Xorg-493   [003] ....  4086.066499: sys_exit: NR 252 = 1
            Xorg-493   [003] ....  4086.066501: sys_enter: NR 104 (0, 7ec13be4, 0, 1388, 76f94968, 1)
            Xorg-493   [003] ....  4086.066504: sys_exit: NR 104 = 0
            Xorg-493   [003] ....  4086.066506: sys_enter: NR 297 (12, 7ec139cc, 0, 0, 0, 7ec139cc)
            Xorg-493   [003] ....  4086.066511: sys_exit: NR 297 = 32
            Xorg-493   [003] ....  4086.066622: sys_enter: NR 146 (12, 7ec13b74, 1, 0, 1, 7ec13b74)
            Xorg-493   [003] ....  4086.066631: sys_exit: NR 146 = 32
            Xorg-493   [003] ....  4086.066633: sys_enter: NR 297 (12, 7ec139cc, 0, 0, 0, 7ec139cc)
            Xorg-493   [003] ....  4086.066635: sys_exit: NR 297 = -11
          <idle>-0     [000] d...  4086.066636: sched_switch: prev_comm=swapper/0 prev_pid=0 prev_prio=120 prev_state=R ==> next_comm=vncagent next_pid=512 next_prio=120
            Xorg-493   [003] ....  4086.066637: sys_enter: NR 104 (0, 7ec13be4, 0, 0, 76f94968, 212b8c)
           <...>-512   [000] ....  4086.066639: sys_exit: NR 168 = 1
            Xorg-493   [003] ....  4086.066639: sys_exit: NR 104 = 0
           <...>-512   [000] ....  4086.066641: sys_enter: NR 297 (3, 7efe2d14, 0, 0, 1b747a0, 1b737a0)
            Xorg-493   [003] ....  4086.066641: sys_enter: NR 252 (3, 7ec12be0, 100, 1b58a, 1b58a, 100)
           <...>-512   [000] ....  4086.066646: sys_exit: NR 297 = 32
            Xorg-493   [003] d...  4086.066648: sched_switch: prev_comm=Xorg prev_pid=493 prev_prio=120 prev_state=S ==> next_comm=swapper/3 next_pid=0 next_prio=120
           <...>-512   [000] ....  4086.066660: sys_enter: NR 4 (d, 1b95150, 27, 0, 1b90390, 85a34)
           <...>-512   [000] ....  4086.066669: sys_exit: NR 4 = 39
           <...>-512   [000] ....  4086.066679: sys_enter: NR 3 (d, 1b90fa8, 41a0, 0, 1b90358, 1)
           <...>-512   [000] ....  4086.066682: sys_exit: NR 3 = -11
           <...>-512   [000] ....  4086.066688: sys_enter: NR 297 (3, 7efe362c, 0, 0, 1b747a0, 1)
           <...>-512   [000] ....  4086.066690: sys_exit: NR 297 = -11
           <...>-512   [000] ....  4086.066693: sys_enter: NR 297 (3, 7efe364c, 0, 0, 1b747a0, 7efe3724)
           <...>-512   [000] ....  4086.066695: sys_exit: NR 297 = -11
           <...>-512   [000] ....  4086.066701: sys_enter: NR 142 (e, 7efe3630, 7efe36b0, 7efe3730, 7efe3628, 7efe36ac)
           <...>-512   [000] ....  4086.066705: sys_exit: NR 142 = 0
           <...>-512   [000] ....  4086.066708: sys_enter: NR 297 (3, 7efe362c, 0, 0, 1b747a0, 1)
           <...>-512   [000] ....  4086.066710: sys_exit: NR 297 = -11
           <...>-512   [000] ....  4086.066711: sys_enter: NR 297 (3, 7efe364c, 0, 0, 1b747a0, 7efe3724)
           <...>-512   [000] ....  4086.066713: sys_exit: NR 297 = -11
           <...>-512   [000] ....  4086.066716: sys_enter: NR 142 (e, 7efe3630, 7efe36b0, 7efe3730, 7efe3628, 7efe36ac)
           <...>-512   [000] d...  4086.066727: sched_switch: prev_comm=vncagent prev_pid=512 prev_prio=120 prev_state=S ==> next_comm=vncserver-x11-c next_pid=452 next_prio=120
 vncserver-x11-c-452   [000] ....  4086.066740: sys_exit: NR 142 = 1
 vncserver-x11-c-452   [000] ....  4086.066747: sys_enter: NR 3 (c, 15e9d00, 41a0, 0, 41a0, 15e9d00)
 vncserver-x11-c-452   [000] ....  4086.066752: sys_exit: NR 3 = 39
 vncserver-x11-c-452   [000] ....  4086.072482: sys_enter: NR 4 (f, 1646c90, 1579, 0, 1579, 1646c90)
          <idle>-0     [002] d...  4086.072668: sched_switch: prev_comm=swapper/2 prev_pid=0 prev_prio=120 prev_state=R ==> next_comm=tailscaled next_pid=545 next_prio=120
      tailscaled-545   [002] ....  4086.072684: sys_exit: NR 346 = 1
 vncserver-x11-c-452   [000] ....  4086.072704: sys_exit: NR 4 = 5497
      tailscaled-545   [002] ....  4086.072714: sys_enter: NR 240 (1695bd4, 81, 1, 0, 0, 0)
      tailscaled-545   [002] ....  4086.072727: sys_exit: NR 240 = 1
 vncserver-x11-c-452   [000] ....  4086.072729: sys_enter: NR 3 (c, 15e9d00, 41a0, 0, 41a0, 15e9d00)
      tailscaled-545   [002] ....  4086.072729: sys_enter: NR 3 (c, 1bc205c, 10009, 0, 0, 0)
 vncserver-x11-c-452   [000] ....  4086.072740: sys_exit: NR 3 = -11
          <idle>-0     [003] d...  4086.072749: sched_switch: prev_comm=swapper/3 prev_pid=0 prev_prio=120 prev_state=R ==> next_comm=tailscaled next_pid=417 next_prio=120
      tailscaled-545   [002] ....  4086.072753: sys_exit: NR 3 = 2530
      tailscaled-417   [003] ....  4086.072758: sys_exit: NR 240 = 0
      tailscaled-417   [003] ....  4086.072773: sys_enter: NR 162 (1849f60, 0, 3b7, 14, 0, 0)
 vncserver-x11-c-452   [000] ....  4086.072776: sys_enter: NR 142 (11, 7e887328, 7e8873a8, 7e887428, 7e887320, 7e8873a8)
      tailscaled-417   [003] d...  4086.072792: sched_switch: prev_comm=tailscaled prev_pid=417 prev_prio=120 prev_state=S ==> next_comm=swapper/3 next_pid=0 next_prio=120
 vncserver-x11-c-452   [000] ....  4086.072803: sys_exit: NR 142 = 0
 vncserver-x11-c-452   [000] ....  4086.072809: sys_enter: NR 142 (11, 7e887328, 7e8873a8, 7e887428, 7e887320, 7e8873a8)
      tailscaled-545   [002] ....  4086.072810: sys_enter: NR 240 (16927c4, 81, 1, 0, 0, 0)
      tailscaled-545   [002] ....  4086.072815: sys_exit: NR 240 = 1
 vncserver-x11-c-452   [000] d...  4086.072836: sched_switch: prev_comm=vncserver-x11-c prev_pid=452 prev_prio=120 prev_state=R+ ==> next_comm=tailscaled next_pid=357 next_prio=120
      tailscaled-357   [000] ....  4086.072842: sys_exit: NR 240 = 0
      tailscaled-357   [000] ....  4086.072853: sys_enter: NR 346 (4, 7eb63380, 80, 0, 0, 0)
      tailscaled-357   [000] ....  4086.072858: sys_exit: NR 346 = 1
          <idle>-0     [003] d...  4086.072861: sched_switch: prev_comm=swapper/3 prev_pid=0 prev_prio=120 prev_state=R ==> next_comm=tailscaled next_pid=417 next_prio=120
      tailscaled-417   [003] ....  4086.072864: sys_exit: NR 162 = 0
      tailscaled-417   [003] ....  4086.072869: sys_enter: NR 162 (1849f60, 0, 3b7, 14, 0, 0)
      tailscaled-357   [000] ....  4086.072883: sys_enter: NR 346 (4, 7eb63380, 80, 1c, 0, 0)
      tailscaled-357   [000] d...  4086.072897: sched_switch: prev_comm=tailscaled prev_pid=357 prev_prio=120 prev_state=S ==> next_comm=vncserver-x11-c next_pid=452 next_prio=120
      tailscaled-417   [003] d...  4086.072903: sched_switch: prev_comm=tailscaled prev_pid=417 prev_prio=120 prev_state=S ==> next_comm=swapper/3 next_pid=0 next_prio=120
 vncserver-x11-c-452   [000] d...  4086.072905: sched_switch: prev_comm=vncserver-x11-c prev_pid=452 prev_prio=120 prev_state=S ==> next_comm=swapper/0 next_pid=0 next_prio=120
      tailscaled-545   [002] ....  4086.072924: sys_enter: NR 240 (1a300d4, 81, 1, 0, 0, 0)
      tailscaled-545   [002] ....  4086.072927: sys_exit: NR 240 = 1
          <idle>-0     [001] d...  4086.072934: sched_switch: prev_comm=swapper/1 prev_pid=0 prev_prio=120 prev_state=R ==> next_comm=tailscaled next_pid=534 next_prio=120
      tailscaled-534   [001] ....  4086.072938: sys_exit: NR 240 = 0
      tailscaled-534   [001] ....  4086.072947: sys_enter: NR 162 (1c8bdcc, 0, 18839e8, 3, 3b7, 0)
          <idle>-0     [003] d...  4086.072951: sched_switch: prev_comm=swapper/3 prev_pid=0 prev_prio=120 prev_state=R ==> next_comm=tailscaled next_pid=417 next_prio=120
      tailscaled-417   [003] ....  4086.072953: sys_exit: NR 162 = 0
      tailscaled-534   [001] d...  4086.072954: sched_switch: prev_comm=tailscaled prev_pid=534 prev_prio=120 prev_state=S ==> next_comm=swapper/1 next_pid=0 next_prio=120
      tailscaled-417   [003] ....  4086.072957: sys_enter: NR 162 (1849f60, 0, 3b7, 14, 0, 0)
      tailscaled-417   [003] d...  4086.072963: sched_switch: prev_comm=tailscaled prev_pid=417 prev_prio=120 prev_state=S ==> next_comm=swapper/3 next_pid=0 next_prio=120
          <idle>-0     [001] d...  4086.073011: sched_switch: prev_comm=swapper/1 prev_pid=0 prev_prio=120 prev_state=R ==> next_comm=tailscaled next_pid=534 next_prio=120
      tailscaled-534   [001] ....  4086.073013: sys_exit: NR 162 = 0
      tailscaled-534   [001] ....  4086.073018: sys_enter: NR 240 (185e8d4, 81, 1, 0, 0, 0)
      tailscaled-534   [001] ....  4086.073023: sys_exit: NR 240 = 1
      tailscaled-534   [001] ....  4086.073035: sys_enter: NR 3 (c, 1bc205c, 10009, 0, 0, 0)
          <idle>-0     [003] d...  4086.073038: sched_switch: prev_comm=swapper/3 prev_pid=0 prev_prio=120 prev_state=R ==> next_comm=tailscaled next_pid=417 next_prio=120
      tailscaled-417   [003] ....  4086.073040: sys_exit: NR 162 = 0
      tailscaled-417   [003] ....  4086.073043: sys_enter: NR 162 (1849f60, 0, 3b7, 14, 0, 0)
      tailscaled-534   [001] ....  4086.073045: sys_exit: NR 3 = 2530
      tailscaled-417   [003] d...  4086.073051: sched_switch: prev_comm=tailscaled prev_pid=417 prev_prio=120 prev_state=S ==> next_comm=tailscaled next_pid=420 next_prio=120
      tailscaled-420   [003] ....  4086.073054: sys_exit: NR 240 = 0
      tailscaled-420   [003] ....  4086.073063: sys_enter: NR 240 (18808d4, 81, 1, 0, 0, 0)
      tailscaled-420   [003] ....  4086.073068: sys_exit: NR 240 = 1
          <idle>-0     [000] d...  4086.073076: sched_switch: prev_comm=swapper/0 prev_pid=0 prev_prio=120 prev_state=R ==> next_comm=tailscaled next_pid=547 next_prio=120
      tailscaled-547   [000] ....  4086.073082: sys_exit: NR 240 = 0
      tailscaled-420   [003] ....  4086.073098: sys_enter: NR 240 (185e8d4, 80, 0, 0, 0, 0)
      tailscaled-534   [001] ....  4086.073113: sys_enter: NR 240 (18808d4, 81, 1, 0, 0, 0)
      tailscaled-420   [003] d...  4086.073113: sched_switch: prev_comm=tailscaled prev_pid=420 prev_prio=120 prev_state=S ==> next_comm=swapper/3 next_pid=0 next_prio=120
      tailscaled-534   [001] ....  4086.073115: sys_exit: NR 240 = 0
          <idle>-0     [003] d...  4086.073123: sched_switch: prev_comm=swapper/3 prev_pid=0 prev_prio=120 prev_state=R ==> next_comm=tailscaled next_pid=417 next_prio=120
      tailscaled-417   [003] ....  4086.073125: sys_exit: NR 162 = 0
      tailscaled-417   [003] ....  4086.073129: sys_enter: NR 162 (1849f60, 0, 3b7, 14, 0, 0)
      tailscaled-547   [000] ....  4086.073129: sys_enter: NR 240 (18808d4, 80, 0, 0, 0, 0)
      tailscaled-547   [000] ....  4086.073132: sys_exit: NR 240 = -11
      tailscaled-417   [003] d...  4086.073136: sched_switch: prev_comm=tailscaled prev_pid=417 prev_prio=120 prev_state=S ==> next_comm=swapper/3 next_pid=0 next_prio=120
      tailscaled-547   [000] ....  4086.073142: sys_enter: NR 240 (185e8d4, 81, 1, 0, 0, 0)
      tailscaled-547   [000] ....  4086.073146: sys_exit: NR 240 = 1
          <idle>-0     [003] d...  4086.073153: sched_switch: prev_comm=swapper/3 prev_pid=0 prev_prio=120 prev_state=R ==> next_comm=tailscaled next_pid=420 next_prio=120
      tailscaled-547   [000] ....  4086.073154: sys_enter: NR 3 (c, 1bc205c, 10009, 0, 0, 0)
      tailscaled-420   [003] ....  4086.073155: sys_exit: NR 240 = 0
      tailscaled-547   [000] ....  4086.073162: sys_exit: NR 3 = 587
      tailscaled-420   [003] ....  4086.073168: sys_enter: NR 240 (185e8d4, 80, 0, 0, 0, 0)
      tailscaled-420   [003] d...  4086.073174: sched_switch: prev_comm=tailscaled prev_pid=420 prev_prio=120 prev_state=S ==> next_comm=swapper/3 next_pid=0 next_prio=120
      tailscaled-547   [000] ....  4086.073175: sys_enter: NR 240 (185e8d4, 81, 1, 0, 0, 0)
      tailscaled-547   [000] ....  4086.073178: sys_exit: NR 240 = 1
          <idle>-0     [003] d...  4086.073186: sched_switch: prev_comm=swapper/3 prev_pid=0 prev_prio=120 prev_state=R ==> next_comm=tailscaled next_pid=420 next_prio=120
      tailscaled-420   [003] ....  4086.073188: sys_exit: NR 240 = 0
      tailscaled-545   [002] ....  4086.073189: sys_enter: NR 374 (11, 1b20608, 2, 0, 0, 0)
      tailscaled-547   [000] ....  4086.073207: sys_enter: NR 240 (185e8d4, 81, 1, 0, 0, 0)
      tailscaled-420   [003] .n..  4086.073208: sys_enter: NR 240 (185e8d4, 80, 0, 0, 0, 0)
      tailscaled-547   [000] ....  4086.073209: sys_exit: NR 240 = 0
      tailscaled-420   [003] .n..  4086.073210: sys_exit: NR 240 = -11
      tailscaled-420   [003] d...  4086.073214: sched_switch: prev_comm=tailscaled prev_pid=420 prev_prio=120 prev_state=R ==> next_comm=tailscaled next_pid=417 next_prio=120
      tailscaled-417   [003] ....  4086.073216: sys_exit: NR 162 = 0
      tailscaled-417   [003] ....  4086.073219: sys_enter: NR 162 (1849f60, 0, 3b7, 14, 0, 0)
      tailscaled-417   [003] d...  4086.073225: sched_switch: prev_comm=tailscaled prev_pid=417 prev_prio=120 prev_state=S ==> next_comm=tailscaled next_pid=420 next_prio=120
      tailscaled-420   [003] ....  4086.073238: sys_enter: NR 3 (c, 1bc205c, 10009, 0, 0, 0)
      tailscaled-420   [003] ....  4086.073241: sys_exit: NR 3 = -11
      tailscaled-420   [003] ....  4086.073258: sys_enter: NR 240 (185e8d4, 80, 0, 0, 0, 0)
      tailscaled-420   [003] d...  4086.073264: sched_switch: prev_comm=tailscaled prev_pid=420 prev_prio=120 prev_state=S ==> next_comm=swapper/3 next_pid=0 next_prio=120
          <idle>-0     [003] d...  4086.073301: sched_switch: prev_comm=swapper/3 prev_pid=0 prev_prio=120 prev_state=R ==> next_comm=tailscaled next_pid=417 next_prio=120
      tailscaled-417   [003] ....  4086.073303: sys_exit: NR 162 = 0
      tailscaled-547   [000] ....  4086.073305: sys_enter: NR 240 (18808d4, 80, 0, 0, 0, 0)
      tailscaled-417   [003] ....  4086.073307: sys_enter: NR 162 (1849f60, 0, 3b7, 14, 0, 0)
      tailscaled-417   [003] d...  4086.073313: sched_switch: prev_comm=tailscaled prev_pid=417 prev_prio=120 prev_state=S ==> next_comm=swapper/3 next_pid=0 next_prio=120
      tailscaled-534   [001] ....  4086.073316: sys_enter: NR 240 (1a300d4, 80, 0, 0, 0, 0)
      tailscaled-545   [002] ....  4086.073322: sys_exit: NR 374 = 2
      tailscaled-534   [001] d...  4086.073325: sched_switch: prev_comm=tailscaled prev_pid=534 prev_prio=120 prev_state=S ==> next_comm=kworker/u8:0 next_pid=1234 next_prio=120
      tailscaled-547   [000] d...  4086.073326: sched_switch: prev_comm=tailscaled prev_pid=547 prev_prio=120 prev_state=S ==> next_comm=swapper/0 next_pid=0 next_prio=120
      tailscaled-545   [002] ....  4086.073374: sys_enter: NR 374 (11, 1b20608, 2, 0, 0, 0)
          <idle>-0     [003] d...  4086.073388: sched_switch: prev_comm=swapper/3 prev_pid=0 prev_prio=120 prev_state=R ==> next_comm=tailscaled next_pid=417 next_prio=120
      tailscaled-417   [003] ....  4086.073390: sys_exit: NR 162 = 0
      tailscaled-417   [003] ....  4086.073394: sys_enter: NR 162 (1849f60, 0, 3b7, 14, 0, 0)
      tailscaled-417   [003] d...  4086.073399: sched_switch: prev_comm=tailscaled prev_pid=417 prev_prio=120 prev_state=S ==> next_comm=swapper/3 next_pid=0 next_prio=120
    kworker/u8:0-1234  [001] d...  4086.073404: sched_switch: prev_comm=kworker/u8:0 prev_pid=1234 prev_prio=120 prev_state=D ==> next_comm=swapper/1 next_pid=0 next_prio=120
          <idle>-0     [001] d...  4086.073413: sched_switch: prev_comm=swapper/1 prev_pid=0 prev_prio=120 prev_state=R ==> next_comm=kworker/u8:1 next_pid=1240 next_prio=120
    kworker/u8:1-1240  [001] d...  4086.073419: sched_switch: prev_comm=kworker/u8:1 prev_pid=1240 prev_prio=120 prev_state=I ==> next_comm=swapper/1 next_pid=0 next_prio=120
      tailscaled-545   [002] ....  4086.073425: sys_exit: NR 374 = 2
      tailscaled-545   [002] ....  4086.073458: sys_enter: NR 374 (11, 1b20608, 1, 0, 0, 0)
          <idle>-0     [003] d...  4086.073475: sched_switch: prev_comm=swapper/3 prev_pid=0 prev_prio=120 prev_state=R ==> next_comm=tailscaled next_pid=417 next_prio=120
      tailscaled-417   [003] ....  4086.073477: sys_exit: NR 162 = 0
      tailscaled-417   [003] ....  4086.073480: sys_enter: NR 162 (1849f60, 0, 3b7, 14, 0, 0)
      tailscaled-545   [002] ....  4086.073482: sys_exit: NR 374 = 1
      tailscaled-417   [003] d...  4086.073485: sched_switch: prev_comm=tailscaled prev_pid=417 prev_prio=120 prev_state=S ==> next_comm=swapper/3 next_pid=0 next_prio=120
      tailscaled-545   [002] ....  4086.073515: sys_enter: NR 240 (1a308d4, 80, 0, 0, 0, 0)
      tailscaled-545   [002] d...  4086.073526: sched_switch: prev_comm=tailscaled prev_pid=545 prev_prio=120 prev_state=S ==> next_comm=swapper/2 next_pid=0 next_prio=120
          <idle>-0     [001] d...  4086.073554: sched_switch: prev_comm=swapper/1 prev_pid=0 prev_prio=120 prev_state=R ==> next_comm=kworker/u8:0 next_pid=1234 next_prio=120
          <idle>-0     [003] d...  4086.073560: sched_switch: prev_comm=swapper/3 prev_pid=0 prev_prio=120 prev_state=R ==> next_comm=tailscaled next_pid=417 next_prio=120
      tailscaled-417   [003] ....  4086.073562: sys_exit: NR 162 = 0
      tailscaled-417   [003] ....  4086.073569: sys_enter: NR 240 (1695bd4, 80, 0, 1849f28, 0, 0)
          <idle>-0     [000] d...  4086.073574: sched_switch: prev_comm=swapper/0 prev_pid=0 prev_prio=120 prev_state=R ==> next_comm=tailscaled next_pid=357 next_prio=120
      tailscaled-417   [003] d...  4086.073575: sched_switch: prev_comm=tailscaled prev_pid=417 prev_prio=120 prev_state=S ==> next_comm=swapper/3 next_pid=0 next_prio=120
      tailscaled-357   [000] ....  4086.073581: sys_exit: NR 346 = 1
      tailscaled-357   [000] ....  4086.073596: sys_enter: NR 346 (4, 7eb63380, 80, 0, 0, 0)
      tailscaled-357   [000] ....  4086.073598: sys_exit: NR 346 = 0
    kworker/u8:0-1234  [001] d...  4086.073603: sched_switch: prev_comm=kworker/u8:0 prev_pid=1234 prev_prio=120 prev_state=D ==> next_comm=swapper/1 next_pid=0 next_prio=120
      tailscaled-357   [000] ....  4086.073608: sys_enter: NR 346 (4, 7eb63380, 80, 1b, 0, 0)
      tailscaled-357   [000] d...  4086.073618: sched_switch: prev_comm=tailscaled prev_pid=357 prev_prio=120 prev_state=S ==> next_comm=swapper/0 next_pid=0 next_prio=120
          <idle>-0     [001] d...  4086.073779: sched_switch: prev_comm=swapper/1 prev_pid=0 prev_prio=120 prev_state=R ==> next_comm=kworker/u8:0 next_pid=1234 next_prio=120
          <idle>-0     [000] d...  4086.073793: sched_switch: prev_comm=swapper/0 prev_pid=0 prev_prio=120 prev_state=R ==> next_comm=tailscaled next_pid=357 next_prio=120
      tailscaled-357   [000] ....  4086.073797: sys_exit: NR 346 = 1
    kworker/u8:0-1234  [001] d...  4086.073803: sched_switch: prev_comm=kworker/u8:0 prev_pid=1234 prev_prio=120 prev_state=I ==> next_comm=swapper/1 next_pid=0 next_prio=120
      tailscaled-357   [000] ....  4086.073804: sys_enter: NR 346 (4, 7eb63380, 80, 0, 0, 0)
      tailscaled-357   [000] ....  4086.073805: sys_exit: NR 346 = 0
      tailscaled-357   [000] ....  4086.073815: sys_enter: NR 346 (4, 7eb63380, 80, 1b, 0, 0)
      tailscaled-357   [000] d...  4086.073821: sched_switch: prev_comm=tailscaled prev_pid=357 prev_prio=120 prev_state=S ==> next_comm=swapper/0 next_pid=0 next_prio=120
          <idle>-0     [001] d...  4086.076715: sched_switch: prev_comm=swapper/1 prev_pid=0 prev_prio=120 prev_state=R ==> next_comm=irq/86-mmc1 next_pid=80 next_prio=49
     irq/86-mmc1-80    [001] d...  4086.076733: sched_switch: prev_comm=irq/86-mmc1 prev_pid=80 prev_prio=49 prev_state=D ==> next_comm=swapper/1 next_pid=0 next_prio=120
          <idle>-0     [001] d...  4086.076746: sched_switch: prev_comm=swapper/1 prev_pid=0 prev_prio=120 prev_state=R ==> next_comm=irq/86-mmc1 next_pid=80 next_prio=49
     irq/86-mmc1-80    [001] d...  4086.076765: sched_switch: prev_comm=irq/86-mmc1 prev_pid=80 prev_prio=49 prev_state=D ==> next_comm=swapper/1 next_pid=0 next_prio=120
          <idle>-0     [001] d...  4086.076779: sched_switch: prev_comm=swapper/1 prev_pid=0 prev_prio=120 prev_state=R ==> next_comm=irq/86-mmc1 next_pid=80 next_prio=49
     irq/86-mmc1-80    [001] d...  4086.076795: sched_switch: prev_comm=irq/86-mmc1 prev_pid=80 prev_prio=49 prev_state=D ==> next_comm=swapper/1 next_pid=0 next_prio=120
          <idle>-0     [001] d...  4086.076809: sched_switch: prev_comm=swapper/1 prev_pid=0 prev_prio=120 prev_state=R ==> next_comm=irq/86-mmc1 next_pid=80 next_prio=49
     irq/86-mmc1-80    [001] d...  4086.076824: sched_switch: prev_comm=irq/86-mmc1 prev_pid=80 prev_prio=49 prev_state=S ==> next_comm=kworker/u8:0 next_pid=1234 next_prio=120
    kworker/u8:0-1234  [001] d...  4086.076851: sched_switch: prev_comm=kworker/u8:0 prev_pid=1234 prev_prio=120 prev_state=D ==> next_comm=swapper/1 next_pid=0 next_prio=120
          <idle>-0     [001] d...  4086.076865: sched_switch: prev_comm=swapper/1 prev_pid=0 prev_prio=120 prev_state=R ==> next_comm=kworker/u8:0 next_pid=1234 next_prio=120
    kworker/u8:0-1234  [001] d...  4086.076884: sched_switch: prev_comm=kworker/u8:0 prev_pid=1234 prev_prio=120 prev_state=D ==> next_comm=swapper/1 next_pid=0 next_prio=120
          <idle>-0     [001] d...  4086.076899: sched_switch: prev_comm=swapper/1 prev_pid=0 prev_prio=120 prev_state=R ==> next_comm=kworker/u8:0 next_pid=1234 next_prio=120
          <idle>-0     [000] d...  4086.076963: sched_switch: prev_comm=swapper/0 prev_pid=0 prev_prio=120 prev_state=R ==> next_comm=tailscaled next_pid=357 next_prio=120
      tailscaled-357   [000] ....  4086.076967: sys_exit: NR 346 = 1
    kworker/u8:0-1234  [001] d...  4086.076976: sched_switch: prev_comm=kworker/u8:0 prev_pid=1234 prev_prio=120 prev_state=D ==> next_comm=swapper/1 next_pid=0 next_prio=120
      tailscaled-357   [000] ....  4086.076990: sys_enter: NR 240 (1695bd4, 81, 1, 0, 0, 0)
          <idle>-0     [001] d...  4086.076992: sched_switch: prev_comm=swapper/1 prev_pid=0 prev_prio=120 prev_state=R ==> next_comm=kworker/u8:0 next_pid=1234 next_prio=120
      tailscaled-357   [000] ....  4086.076993: sys_exit: NR 240 = 1
      tailscaled-357   [000] ....  4086.076995: sys_enter: NR 365 (11, 4ada008, 80, 0, 0, 0)
    kworker/u8:0-1234  [001] d...  4086.076999: sched_switch: prev_comm=kworker/u8:0 prev_pid=1234 prev_prio=120 prev_state=I ==> next_comm=swapper/1 next_pid=0 next_prio=120
          <idle>-0     [003] d...  4086.077001: sched_switch: prev_comm=swapper/3 prev_pid=0 prev_prio=120 prev_state=R ==> next_comm=tailscaled next_pid=417 next_prio=120
      tailscaled-417   [003] ....  4086.077003: sys_exit: NR 240 = 0
      tailscaled-417   [003] ....  4086.077007: sys_enter: NR 162 (1849f60, 0, 3b7, 14, 0, 0)
      tailscaled-417   [003] d...  4086.077012: sched_switch: prev_comm=tailscaled prev_pid=417 prev_prio=120 prev_state=S ==> next_comm=swapper/3 next_pid=0 next_prio=120
      tailscaled-357   [000] ....  4086.077014: sys_exit: NR 365 = 1
      tailscaled-357   [000] ....  4086.077084: sys_enter: NR 240 (1a308d4, 81, 1, 0, 0, 0)
      tailscaled-357   [000] ....  4086.077087: sys_exit: NR 240 = 1
          <idle>-0     [003] d...  4086.077089: sched_switch: prev_comm=swapper/3 prev_pid=0 prev_prio=120 prev_state=R ==> next_comm=tailscaled next_pid=417 next_prio=120
      tailscaled-417   [003] ....  4086.077091: sys_exit: NR 162 = 0
      tailscaled-417   [003] ....  4086.077094: sys_enter: NR 162 (1849f60, 0, 3b7, 14, 0, 0)
          <idle>-0     [002] d...  4086.077095: sched_switch: prev_comm=swapper/2 prev_pid=0 prev_prio=120 prev_state=R ==> next_comm=tailscaled next_pid=545 next_prio=120
      tailscaled-545   [002] ....  4086.077099: sys_exit: NR 240 = 0
      tailscaled-417   [003] d...  4086.077099: sched_switch: prev_comm=tailscaled prev_pid=417 prev_prio=120 prev_state=S ==> next_comm=swapper/3 next_pid=0 next_prio=120
      tailscaled-545   [002] ....  4086.077103: sys_enter: NR 346 (4, 1cd1680, 80, 0, 0, 0)
      tailscaled-545   [002] ....  4086.077105: sys_exit: NR 346 = 0
      tailscaled-545   [002] ....  4086.077111: sys_enter: NR 240 (1a300d4, 81, 1, 0, 0, 0)
      tailscaled-545   [002] ....  4086.077115: sys_exit: NR 240 = 1
          <idle>-0     [001] d...  4086.077123: sched_switch: prev_comm=swapper/1 prev_pid=0 prev_prio=120 prev_state=R ==> next_comm=tailscaled next_pid=534 next_prio=120
      tailscaled-534   [001] ....  4086.077126: sys_exit: NR 240 = 0
      tailscaled-545   [002] ....  4086.077128: sys_enter: NR 346 (4, 1cd1680, 80, 0, 0, 0)
      tailscaled-545   [002] ....  4086.077129: sys_exit: NR 346 = 0
      tailscaled-534   [001] ....  4086.077136: sys_enter: NR 162 (1c8bdcc, 0, 1cc46c8, 3, 3b7, 0)
      tailscaled-545   [002] ....  4086.077136: sys_enter: NR 162 (1cd1dcc, 0, 1cc46c8, 3, 3b7, 0)
      tailscaled-357   [000] ....  4086.077137: sys_enter: NR 365 (11, 1b20608, 80, 0, 0, 0)
      tailscaled-357   [000] ....  4086.077141: sys_exit: NR 365 = -11
      tailscaled-534   [001] d...  4086.077143: sched_switch: prev_comm=tailscaled prev_pid=534 prev_prio=120 prev_state=S ==> next_comm=swapper/1 next_pid=0 next_prio=120
      tailscaled-545   [002] d...  4086.077146: sched_switch: prev_comm=tailscaled prev_pid=545 prev_prio=120 prev_state=S ==> next_comm=swapper/2 next_pid=0 next_prio=120
          <idle>-0     [003] d...  4086.077175: sched_switch: prev_comm=swapper/3 prev_pid=0 prev_prio=120 prev_state=R ==> next_comm=tailscaled next_pid=417 next_prio=120
      tailscaled-417   [003] ....  4086.077177: sys_exit: NR 162 = 0
      tailscaled-417   [003] ....  4086.077180: sys_enter: NR 162 (1849f60, 0, 3b7, 14, 0, 0)
      tailscaled-417   [003] d...  4086.077186: sched_switch: prev_comm=tailscaled prev_pid=417 prev_prio=120 prev_state=S ==> next_comm=swapper/3 next_pid=0 next_prio=120
          <idle>-0     [002] d...  4086.077201: sched_switch: prev_comm=swapper/2 prev_pid=0 prev_prio=120 prev_state=R ==> next_comm=tailscaled next_pid=545 next_prio=120
          <idle>-0     [001] d...  4086.077202: sched_switch: prev_comm=swapper/1 prev_pid=0 prev_prio=120 prev_state=R ==> next_comm=tailscaled next_pid=534 next_prio=120
      tailscaled-545   [002] ....  4086.077203: sys_exit: NR 162 = 0
      tailscaled-534   [001] ....  4086.077204: sys_exit: NR 162 = 0
      tailscaled-545   [002] ....  4086.077210: sys_enter: NR 346 (4, 1cd1680, 80, 17, 0, 0)
      tailscaled-534   [001] ....  4086.077212: sys_enter: NR 240 (1a300d4, 80, 0, 0, 0, 0)
      tailscaled-545   [002] d...  4086.077217: sched_switch: prev_comm=tailscaled prev_pid=545 prev_prio=120 prev_state=S ==> next_comm=swapper/2 next_pid=0 next_prio=120
      tailscaled-534   [001] d...  4086.077217: sched_switch: prev_comm=tailscaled prev_pid=534 prev_prio=120 prev_state=S ==> next_comm=swapper/1 next_pid=0 next_prio=120
      tailscaled-357   [000] ....  4086.077248: sys_enter: NR 4 (c, 2d26006, 32, 0, 0, 0)
          <idle>-0     [003] d...  4086.077261: sched_switch: prev_comm=swapper/3 prev_pid=0 prev_prio=120 prev_state=R ==> next_comm=tailscaled next_pid=417 next_prio=120
      tailscaled-417   [003] ....  4086.077263: sys_exit: NR 162 = 0
      tailscaled-417   [003] ....  4086.077266: sys_enter: NR 162 (1849f60, 0, 3b7, 14, 0, 0)
      tailscaled-417   [003] d...  4086.077272: sched_switch: prev_comm=tailscaled prev_pid=417 prev_prio=120 prev_state=S ==> next_comm=swapper/3 next_pid=0 next_prio=120
      tailscaled-357   [000] ....  4086.077318: sys_exit: NR 4 = 50
      tailscaled-357   [000] ....  4086.077339: sys_enter: NR 240 (16927c4, 80, 0, 0, 0, 0)
      tailscaled-357   [000] d...  4086.077348: sched_switch: prev_comm=tailscaled prev_pid=357 prev_prio=120 prev_state=S ==> next_comm=swapper/0 next_pid=0 next_prio=120
          <idle>-0     [003] d...  4086.077349: sched_switch: prev_comm=swapper/3 prev_pid=0 prev_prio=120 prev_state=R ==> next_comm=tailscaled next_pid=417 next_prio=120
      tailscaled-417   [003] ....  4086.077350: sys_exit: NR 162 = 0
      tailscaled-417   [003] ....  4086.077355: sys_enter: NR 240 (1695bd4, 80, 0, 1849f28, 0, 0)
      tailscaled-417   [003] d...  4086.077361: sched_switch: prev_comm=tailscaled prev_pid=417 prev_prio=120 prev_state=S ==> next_comm=swapper/3 next_pid=0 next_prio=120
          <idle>-0     [001] d...  4086.077836: sched_switch: prev_comm=swapper/1 prev_pid=0 prev_prio=120 prev_state=R ==> next_comm=irq/86-mmc1 next_pid=80 next_prio=49
     irq/86-mmc1-80    [001] d...  4086.077851: sched_switch: prev_comm=irq/86-mmc1 prev_pid=80 prev_prio=49 prev_state=D ==> next_comm=swapper/1 next_pid=0 next_prio=120
          <idle>-0     [001] d...  4086.077864: sched_switch: prev_comm=swapper/1 prev_pid=0 prev_prio=120 prev_state=R ==> next_comm=irq/86-mmc1 next_pid=80 next_prio=49
     irq/86-mmc1-80    [001] d...  4086.077881: sched_switch: prev_comm=irq/86-mmc1 prev_pid=80 prev_prio=49 prev_state=D ==> next_comm=swapper/1 next_pid=0 next_prio=120
          <idle>-0     [001] d...  4086.077895: sched_switch: prev_comm=swapper/1 prev_pid=0 prev_prio=120 prev_state=R ==> next_comm=irq/86-mmc1 next_pid=80 next_prio=49
     irq/86-mmc1-80    [001] d...  4086.077911: sched_switch: prev_comm=irq/86-mmc1 prev_pid=80 prev_prio=49 prev_state=D ==> next_comm=swapper/1 next_pid=0 next_prio=120
          <idle>-0     [001] d...  4086.077926: sched_switch: prev_comm=swapper/1 prev_pid=0 prev_prio=120 prev_state=R ==> next_comm=irq/86-mmc1 next_pid=80 next_prio=49
     irq/86-mmc1-80    [001] d...  4086.077939: sched_switch: prev_comm=irq/86-mmc1 prev_pid=80 prev_prio=49 prev_state=S ==> next_comm=kworker/u8:0 next_pid=1234 next_prio=120
    kworker/u8:0-1234  [001] d...  4086.077962: sched_switch: prev_comm=kworker/u8:0 prev_pid=1234 prev_prio=120 prev_state=D ==> next_comm=swapper/1 next_pid=0 next_prio=120
          <idle>-0     [001] d...  4086.077978: sched_switch: prev_comm=swapper/1 prev_pid=0 prev_prio=120 prev_state=R ==> next_comm=kworker/u8:0 next_pid=1234 next_prio=120
    kworker/u8:0-1234  [001] d...  4086.077996: sched_switch: prev_comm=kworker/u8:0 prev_pid=1234 prev_prio=120 prev_state=D ==> next_comm=swapper/1 next_pid=0 next_prio=120
          <idle>-0     [001] d...  4086.078012: sched_switch: prev_comm=swapper/1 prev_pid=0 prev_prio=120 prev_state=R ==> next_comm=kworker/u8:0 next_pid=1234 next_prio=120
          <idle>-0     [002] d...  4086.078057: sched_switch: prev_comm=swapper/2 prev_pid=0 prev_prio=120 prev_state=R ==> next_comm=tailscaled next_pid=545 next_prio=120
      tailscaled-545   [002] ....  4086.078062: sys_exit: NR 346 = 1
      tailscaled-545   [002] ....  4086.078070: sys_enter: NR 240 (1695bd4, 81, 1, 0, 0, 0)
    kworker/u8:0-1234  [001] d...  4086.078070: sched_switch: prev_comm=kworker/u8:0 prev_pid=1234 prev_prio=120 prev_state=D ==> next_comm=swapper/1 next_pid=0 next_prio=120
      tailscaled-545   [002] ....  4086.078073: sys_exit: NR 240 = 1
      tailscaled-545   [002] ....  4086.078075: sys_enter: NR 365 (11, 1b20608, 80, 0, 0, 0)
          <idle>-0     [003] d...  4086.078080: sched_switch: prev_comm=swapper/3 prev_pid=0 prev_prio=120 prev_state=R ==> next_comm=tailscaled next_pid=417 next_prio=120
      tailscaled-417   [003] ....  4086.078083: sys_exit: NR 240 = 0
          <idle>-0     [001] d...  4086.078085: sched_switch: prev_comm=swapper/1 prev_pid=0 prev_prio=120 prev_state=R ==> next_comm=kworker/u8:0 next_pid=1234 next_prio=120
      tailscaled-417   [003] ....  4086.078086: sys_enter: NR 162 (1849f60, 0, 3b7, 14, 0, 0)
      tailscaled-545   [002] ....  4086.078087: sys_exit: NR 365 = 1
      tailscaled-417   [003] d...  4086.078091: sched_switch: prev_comm=tailscaled prev_pid=417 prev_prio=120 prev_state=S ==> next_comm=swapper/3 next_pid=0 next_prio=120
    kworker/u8:0-1234  [001] d...  4086.078104: sched_switch: prev_comm=kworker/u8:0 prev_pid=1234 prev_prio=120 prev_state=D ==> next_comm=swapper/1 next_pid=0 next_prio=120
          <idle>-0     [000] d...  4086.078131: sched_switch: prev_comm=swapper/0 prev_pid=0 prev_prio=120 prev_state=R ==> next_comm=rngd next_pid=355 next_prio=120
          <idle>-0     [001] d...  4086.078135: sched_switch: prev_comm=swapper/1 prev_pid=0 prev_prio=120 prev_state=R ==> next_comm=kworker/u8:0 next_pid=1234 next_prio=120
      tailscaled-545   [002] ....  4086.078140: sys_enter: NR 240 (16927c4, 81, 1, 0, 0, 0)
      tailscaled-545   [002] ....  4086.078144: sys_exit: NR 240 = 1
            rngd-355   [000] d...  4086.078164: sched_switch: prev_comm=rngd prev_pid=355 prev_prio=120 prev_state=S ==> next_comm=swapper/0 next_pid=0 next_prio=120
          <idle>-0     [003] d...  4086.078167: sched_switch: prev_comm=swapper/3 prev_pid=0 prev_prio=120 prev_state=R ==> next_comm=tailscaled next_pid=417 next_prio=120
      tailscaled-417   [003] ....  4086.078169: sys_exit: NR 162 = 0
          <idle>-0     [000] d...  4086.078171: sched_switch: prev_comm=swapper/0 prev_pid=0 prev_prio=120 prev_state=R ==> next_comm=tailscaled next_pid=357 next_prio=120
      tailscaled-417   [003] ....  4086.078172: sys_enter: NR 162 (1849f60, 0, 3b7, 14, 0, 0)
      tailscaled-357   [000] ....  4086.078173: sys_exit: NR 240 = 0
    kworker/u8:0-1234  [001] d...  4086.078176: sched_switch: prev_comm=kworker/u8:0 prev_pid=1234 prev_prio=120 prev_state=D ==> next_comm=swapper/1 next_pid=0 next_prio=120
      tailscaled-417   [003] d...  4086.078177: sched_switch: prev_comm=tailscaled prev_pid=417 prev_prio=120 prev_state=S ==> next_comm=swapper/3 next_pid=0 next_prio=120
      tailscaled-357   [000] ....  4086.078191: sys_enter: NR 346 (4, 7eb63380, 80, 0, 0, 0)
      tailscaled-545   [002] ....  4086.078192: sys_enter: NR 365 (11, 1b20608, 80, 0, 0, 0)
          <idle>-0     [001] d...  4086.078193: sched_switch: prev_comm=swapper/1 prev_pid=0 prev_prio=120 prev_state=R ==> next_comm=kworker/u8:0 next_pid=1234 next_prio=120
      tailscaled-357   [000] ....  4086.078194: sys_exit: NR 346 = 1
      tailscaled-545   [002] ....  4086.078200: sys_exit: NR 365 = 1
      tailscaled-357   [000] ....  4086.078201: sys_enter: NR 240 (1a300d4, 81, 1, 0, 0, 0)
    kworker/u8:0-1234  [001] d...  4086.078201: sched_switch: prev_comm=kworker/u8:0 prev_pid=1234 prev_prio=120 prev_state=I ==> next_comm=swapper/1 next_pid=0 next_prio=120
      tailscaled-357   [000] ....  4086.078204: sys_exit: NR 240 = 1
      tailscaled-357   [000] ....  4086.078215: sys_enter: NR 346 (4, 7eb63380, 80, 0, 0, 0)
          <idle>-0     [001] d...  4086.078216: sched_switch: prev_comm=swapper/1 prev_pid=0 prev_prio=120 prev_state=R ==> next_comm=tailscaled next_pid=534 next_prio=120
      tailscaled-357   [000] ....  4086.078216: sys_exit: NR 346 = 0
      tailscaled-534   [001] ....  4086.078218: sys_exit: NR 240 = 0
      tailscaled-357   [000] ....  4086.078222: sys_enter: NR 162 (7eb63acc, 0, 1803d48, 3, 3b7, 1)
      tailscaled-534   [001] ....  4086.078224: sys_enter: NR 346 (4, 1c8b680, 80, 0, 0, 0)
      tailscaled-534   [001] ....  4086.078226: sys_exit: NR 346 = 0
      tailscaled-357   [000] d...  4086.078230: sched_switch: prev_comm=tailscaled prev_pid=357 prev_prio=120 prev_state=S ==> next_comm=swapper/0 next_pid=0 next_prio=120
      tailscaled-534   [001] ....  4086.078232: sys_enter: NR 162 (1c8bdcc, 0, 1803d48, 3, 3b7, 0)
      tailscaled-534   [001] d...  4086.078239: sched_switch: prev_comm=tailscaled prev_pid=534 prev_prio=120 prev_state=S ==> next_comm=swapper/1 next_pid=0 next_prio=120
          <idle>-0     [003] d...  4086.078253: sched_switch: prev_comm=swapper/3 prev_pid=0 prev_prio=120 prev_state=R ==> next_comm=tailscaled next_pid=417 next_prio=120
      tailscaled-417   [003] ....  4086.078255: sys_exit: NR 162 = 0
      tailscaled-417   [003] ....  4086.078258: sys_enter: NR 162 (1849f60, 0, 3b7, 14, 0, 0)
      tailscaled-417   [003] d...  4086.078263: sched_switch: prev_comm=tailscaled prev_pid=417 prev_prio=120 prev_state=S ==> next_comm=swapper/3 next_pid=0 next_prio=120
      tailscaled-545   [002] ....  4086.078277: sys_enter: NR 365 (11, 1b20608, 80, 0, 0, 0)
      tailscaled-545   [002] ....  4086.078280: sys_exit: NR 365 = -11
          <idle>-0     [000] d...  4086.078287: sched_switch: prev_comm=swapper/0 prev_pid=0 prev_prio=120 prev_state=R ==> next_comm=tailscaled next_pid=357 next_prio=120
      tailscaled-357   [000] ....  4086.078289: sys_exit: NR 162 = 0
          <idle>-0     [001] d...  4086.078298: sched_switch: prev_comm=swapper/1 prev_pid=0 prev_prio=120 prev_state=R ==> next_comm=tailscaled next_pid=534 next_prio=120
      tailscaled-534   [001] ....  4086.078300: sys_exit: NR 162 = 0
      tailscaled-357   [000] ....  4086.078308: sys_enter: NR 240 (18808d4, 81, 1, 0, 0, 0)
      tailscaled-534   [001] ....  4086.078308: sys_enter: NR 346 (4, 1c8b680, 80, 16, 0, 0)
      tailscaled-545   [002] ....  4086.078312: sys_enter: NR 162 (1cd1dcc, 0, 49befc8, 3, 3b7, 1)
      tailscaled-534   [001] d...  4086.078315: sched_switch: prev_comm=tailscaled prev_pid=534 prev_prio=120 prev_state=S ==> next_comm=swapper/1 next_pid=0 next_prio=120
      tailscaled-357   [000] ....  4086.078318: sys_exit: NR 240 = 1
          <idle>-0     [003] d...  4086.078340: sched_switch: prev_comm=swapper/3 prev_pid=0 prev_prio=120 prev_state=R ==> next_comm=tailscaled next_pid=417 next_prio=120
      tailscaled-417   [003] ....  4086.078342: sys_exit: NR 162 = 0
      tailscaled-417   [003] ....  4086.078345: sys_enter: NR 162 (1849f60, 0, 3b7, 14, 0, 0)
      tailscaled-545   [002] d...  4086.078347: sched_switch: prev_comm=tailscaled prev_pid=545 prev_prio=120 prev_state=S ==> next_comm=tailscaled next_pid=547 next_prio=120
      tailscaled-417   [003] d...  4086.078350: sched_switch: prev_comm=tailscaled prev_pid=417 prev_prio=120 prev_state=S ==> next_comm=swapper/3 next_pid=0 next_prio=120
      tailscaled-547   [002] ....  4086.078351: sys_exit: NR 240 = 0
      tailscaled-547   [002] ....  4086.078367: sys_enter: NR 240 (18808d4, 80, 0, 0, 0, 0)
      tailscaled-357   [000] ....  4086.078381: sys_enter: NR 4 (c, 4a94006, 32, 0, 0, 0)
      tailscaled-547   [002] d...  4086.078383: sched_switch: prev_comm=tailscaled prev_pid=547 prev_prio=120 prev_state=S ==> next_comm=tailscaled next_pid=545 next_prio=120
      tailscaled-545   [002] ....  4086.078385: sys_exit: NR 162 = 0
      tailscaled-545   [002] ....  4086.078392: sys_enter: NR 240 (1a308d4, 80, 0, 0, 0, 0)
      tailscaled-545   [002] d...  4086.078403: sched_switch: prev_comm=tailscaled prev_pid=545 prev_prio=120 prev_state=S ==> next_comm=swapper/2 next_pid=0 next_prio=120
          <idle>-0     [003] d...  4086.078427: sched_switch: prev_comm=swapper/3 prev_pid=0 prev_prio=120 prev_state=R ==> next_comm=tailscaled next_pid=417 next_prio=120
      tailscaled-357   [000] ....  4086.078428: sys_exit: NR 4 = 50
      tailscaled-417   [003] ....  4086.078429: sys_exit: NR 162 = 0
      tailscaled-417   [003] ....  4086.078432: sys_enter: NR 162 (1849f60, 0, 3b7, 14, 0, 0)
      tailscaled-417   [003] d...  4086.078438: sched_switch: prev_comm=tailscaled prev_pid=417 prev_prio=120 prev_state=S ==> next_comm=swapper/3 next_pid=0 next_prio=120
      tailscaled-357   [000] ....  4086.078479: sys_enter: NR 4 (c, 2d26006, 52, 0, 0, 0)
          <idle>-0     [003] d...  4086.078513: sched_switch: prev_comm=swapper/3 prev_pid=0 prev_prio=120 prev_state=R ==> next_comm=tailscaled next_pid=417 next_prio=120
      tailscaled-417   [003] ....  4086.078515: sys_exit: NR 162 = 0
      tailscaled-357   [000] ....  4086.078515: sys_exit: NR 4 = 82
      tailscaled-417   [003] ....  4086.078518: sys_enter: NR 162 (1849f60, 0, 3b7, 14, 0, 0)
      tailscaled-417   [003] d...  4086.078523: sched_switch: prev_comm=tailscaled prev_pid=417 prev_prio=120 prev_state=S ==> next_comm=swapper/3 next_pid=0 next_prio=120
      tailscaled-357   [000] ....  4086.078541: sys_enter: NR 240 (16927c4, 80, 0, 0, 0, 0)
      tailscaled-357   [000] d...  4086.078549: sched_switch: prev_comm=tailscaled prev_pid=357 prev_prio=120 prev_state=S ==> next_comm=vncserver-x11-c next_pid=452 next_prio=120
 vncserver-x11-c-452   [000] ....  4086.078578: sys_exit: NR 142 = 1
          <idle>-0     [003] d...  4086.078599: sched_switch: prev_comm=swapper/3 prev_pid=0 prev_prio=120 prev_state=R ==> next_comm=tailscaled next_pid=417 next_prio=120
      tailscaled-417   [003] ....  4086.078601: sys_exit: NR 162 = 0
 vncserver-x11-c-452   [000] ....  4086.078603: sys_enter: NR 3 (f, 1642ae8, 41a0, 0, 41a0, 1642ae8)
      tailscaled-417   [003] ....  4086.078606: sys_enter: NR 240 (1695bd4, 80, 0, 1849f28, 0, 0)
      tailscaled-417   [003] d...  4086.078611: sched_switch: prev_comm=tailscaled prev_pid=417 prev_prio=120 prev_state=S ==> next_comm=swapper/3 next_pid=0 next_prio=120
 vncserver-x11-c-452   [000] ....  4086.078616: sys_exit: NR 3 = 32
 vncserver-x11-c-452   [000] ....  4086.078658: sys_enter: NR 3 (f, 1642ae8, 41a0, 0, 41a0, 1642ae8)
 vncserver-x11-c-452   [000] ....  4086.078662: sys_exit: NR 3 = -11
 vncserver-x11-c-452   [000] ....  4086.078670: sys_enter: NR 4 (c, 15e1c58, 12, 0, 12, 15e1c58)
 vncserver-x11-c-452   [000] .n..  4086.078691: sys_exit: NR 4 = 18
 vncserver-x11-c-452   [000] d...  4086.078698: sched_switch: prev_comm=vncserver-x11-c prev_pid=452 prev_prio=120 prev_state=R ==> next_comm=vncagent next_pid=512 next_prio=120
           <...>-512   [000] ....  4086.078710: sys_exit: NR 142 = 1
           <...>-512   [000] ....  4086.078726: sys_enter: NR 3 (d, 1b90fa8, 41a0, 0, 1b90358, 1)
           <...>-512   [000] ....  4086.078736: sys_exit: NR 3 = 18
           <...>-512   [000] ....  4086.078751: sys_enter: NR 3 (d, 1b90fa8, 41a0, 0, 1b90358, 1)
           <...>-512   [000] ....  4086.078753: sys_exit: NR 3 = -11
           <...>-512   [000] ....  4086.078764: sys_enter: NR 297 (3, 7efe362c, 0, 0, 1b747a0, 1)
           <...>-512   [000] ....  4086.078767: sys_exit: NR 297 = -11
           <...>-512   [000] ....  4086.078772: sys_enter: NR 297 (3, 7efe364c, 0, 0, 1b747a0, 7efe3724)
           <...>-512   [000] ....  4086.078774: sys_exit: NR 297 = -11
           <...>-512   [000] ....  4086.078780: sys_enter: NR 142 (e, 7efe3630, 7efe36b0, 7efe3730, 7efe3628, 7efe36ac)
           <...>-512   [000] d...  4086.078795: sched_switch: prev_comm=vncagent prev_pid=512 prev_prio=120 prev_state=S ==> next_comm=vncserver-x11-c next_pid=452 next_prio=120
 vncserver-x11-c-452   [000] ....  4086.078811: sys_enter: NR 142 (11, 7e887328, 7e8873a8, 7e887428, 7e887320, 7e8873a8)
 vncserver-x11-c-452   [000] ....  4086.078822: sys_exit: NR 142 = 0
 vncserver-x11-c-452   [000] ....  4086.078826: sys_enter: NR 142 (11, 7e887328, 7e8873a8, 7e887428, 7e887320, 7e8873a8)
 vncserver-x11-c-452   [000] d...  4086.078849: sched_switch: prev_comm=vncserver-x11-c prev_pid=452 prev_prio=120 prev_state=S ==> next_comm=swapper/0 next_pid=0 next_prio=120
          <idle>-0     [002] d...  4086.082607: sched_switch: prev_comm=swapper/2 prev_pid=0 prev_prio=120 prev_state=R ==> next_comm=rcu_sched next_pid=10 next_prio=120
          <idle>-0     [000] d...  4086.082614: sched_switch: prev_comm=swapper/0 prev_pid=0 prev_prio=120 prev_state=R ==> next_comm=kworker/0:0 next_pid=1247 next_prio=120
       rcu_sched-10    [002] d...  4086.082626: sched_switch: prev_comm=rcu_sched prev_pid=10 prev_prio=120 prev_state=I ==> next_comm=swapper/2 next_pid=0 next_prio=120
     kworker/0:0-1247  [000] d...  4086.082651: sched_switch: prev_comm=kworker/0:0 prev_pid=1247 prev_prio=120 prev_state=I ==> next_comm=swapper/0 next_pid=0 next_prio=120
          <idle>-0     [003] d...  4086.092595: sched_switch: prev_comm=swapper/3 prev_pid=0 prev_prio=120 prev_state=R ==> next_comm=brcmf_wdog/mmc1 next_pid=240 next_prio=120
 brcmf_wdog/mmc1-240   [003] d...  4086.092604: sched_switch: prev_comm=brcmf_wdog/mmc1 prev_pid=240 prev_prio=120 prev_state=S ==> next_comm=swapper/3 next_pid=0 next_prio=120
          <idle>-0     [000] d...  4086.092841: sched_switch: prev_comm=swapper/0 prev_pid=0 prev_prio=120 prev_state=R ==> next_comm=vncagent next_pid=512 next_prio=120
           <...>-512   [000] ....  4086.092850: sys_exit: NR 142 = 0
           <...>-512   [000] ....  4086.092856: sys_enter: NR 297 (3, 7efe362c, 0, 0, 1b747a0, 1)
           <...>-512   [000] ....  4086.092859: sys_exit: NR 297 = -11
           <...>-512   [000] ....  4086.092861: sys_enter: NR 297 (3, 7efe364c, 0, 0, 1b747a0, 7efe3724)
           <...>-512   [000] ....  4086.092862: sys_exit: NR 297 = -11
           <...>-512   [000] ....  4086.092866: sys_enter: NR 142 (e, 7efe3630, 7efe36b0, 7efe3730, 7efe3628, 7efe36ac)
           <...>-512   [000] d...  4086.092876: sched_switch: prev_comm=vncagent prev_pid=512 prev_prio=120 prev_state=S ==> next_comm=swapper/0 next_pid=0 next_prio=120
          <idle>-0     [001] d...  4086.100372: sched_switch: prev_comm=swapper/1 prev_pid=0 prev_prio=120 prev_state=R ==> next_comm=tailscaled next_pid=534 next_prio=120
      tailscaled-534   [001] ....  4086.100376: sys_exit: NR 346 = 0
      tailscaled-534   [001] ....  4086.100387: sys_enter: NR 346 (4, 1c8b680, 80, 0, 0, 0)
      tailscaled-534   [001] ....  4086.100389: sys_exit: NR 346 = 0
      tailscaled-534   [001] ....  4086.100400: sys_enter: NR 346 (4, 1c8b680, 80, 1, 0, 0)
      tailscaled-534   [001] d...  4086.100408: sched_switch: prev_comm=tailscaled prev_pid=534 prev_prio=120 prev_state=S ==> next_comm=swapper/1 next_pid=0 next_prio=120
          <idle>-0     [003] d...  4086.101097: sched_switch: prev_comm=swapper/3 prev_pid=0 prev_prio=120 prev_state=R ==> next_comm=tailscaled next_pid=417 next_prio=120
      tailscaled-417   [003] ....  4086.101100: sys_exit: NR 240 = -110
      tailscaled-417   [003] ....  4086.101118: sys_enter: NR 242 (0, 2000, 1847f34, 3, 1, 1)
      tailscaled-417   [003] ....  4086.101120: sys_exit: NR 242 = 4
      tailscaled-417   [003] ....  4086.101123: sys_enter: NR 162 (1849f60, 0, 3b7, 14, 0, 0)
      tailscaled-417   [003] d...  4086.101128: sched_switch: prev_comm=tailscaled prev_pid=417 prev_prio=120 prev_state=S ==> next_comm=swapper/3 next_pid=0 next_prio=120
          <idle>-0     [003] d...  4086.101204: sched_switch: prev_comm=swapper/3 prev_pid=0 prev_prio=120 prev_state=R ==> next_comm=tailscaled next_pid=417 next_prio=120
      tailscaled-417   [003] ....  4086.101206: sys_exit: NR 162 = 0
      tailscaled-417   [003] ....  4086.101210: sys_enter: NR 162 (1849f60, 0, 3b7, 14, 0, 0)
      tailscaled-417   [003] d...  4086.101215: sched_switch: prev_comm=tailscaled prev_pid=417 prev_prio=120 prev_state=S ==> next_comm=swapper/3 next_pid=0 next_prio=120
          <idle>-0     [003] d...  4086.101291: sched_switch: prev_comm=swapper/3 prev_pid=0 prev_prio=120 prev_state=R ==> next_comm=tailscaled next_pid=417 next_prio=120
      tailscaled-417   [003] ....  4086.101293: sys_exit: NR 162 = 0
      tailscaled-417   [003] ....  4086.101297: sys_enter: NR 162 (1849f60, 0, 3b7, 14, 0, 0)
      tailscaled-417   [003] d...  4086.101302: sched_switch: prev_comm=tailscaled prev_pid=417 prev_prio=120 prev_state=S ==> next_comm=swapper/3 next_pid=0 next_prio=120
          <idle>-0     [003] d...  4086.101377: sched_switch: prev_comm=swapper/3 prev_pid=0 prev_prio=120 prev_state=R ==> next_comm=tailscaled next_pid=417 next_prio=120
      tailscaled-417   [003] ....  4086.101379: sys_exit: NR 162 = 0
      tailscaled-417   [003] ....  4086.101384: sys_enter: NR 162 (1849f60, 0, 3b7, 14, 0, 0)
      tailscaled-417   [003] d...  4086.101389: sched_switch: prev_comm=tailscaled prev_pid=417 prev_prio=120 prev_state=S ==> next_comm=swapper/3 next_pid=0 next_prio=120
          <idle>-0     [001] d...  4086.101462: sched_switch: prev_comm=swapper/1 prev_pid=0 prev_prio=120 prev_state=R ==> next_comm=tailscaled next_pid=534 next_prio=120
      tailscaled-534   [001] ....  4086.101465: sys_exit: NR 346 = 0
          <idle>-0     [003] d...  4086.101465: sched_switch: prev_comm=swapper/3 prev_pid=0 prev_prio=120 prev_state=R ==> next_comm=tailscaled next_pid=417 next_prio=120
      tailscaled-417   [003] ....  4086.101467: sys_exit: NR 162 = 0
      tailscaled-534   [001] ....  4086.101470: sys_enter: NR 346 (4, 1c8b680, 80, 0, 0, 0)
      tailscaled-417   [003] ....  4086.101471: sys_enter: NR 162 (1849f60, 0, 3b7, 14, 0, 0)
      tailscaled-534   [001] ....  4086.101472: sys_exit: NR 346 = 0
      tailscaled-417   [003] d...  4086.101476: sched_switch: prev_comm=tailscaled prev_pid=417 prev_prio=120 prev_state=S ==> next_comm=swapper/3 next_pid=0 next_prio=120
      tailscaled-534   [001] ....  4086.101498: sys_enter: NR 240 (16927c4, 81, 1, 0, 0, 0)
      tailscaled-534   [001] ....  4086.101503: sys_exit: NR 240 = 1
          <idle>-0     [000] d...  4086.101510: sched_switch: prev_comm=swapper/0 prev_pid=0 prev_prio=120 prev_state=R ==> next_comm=tailscaled next_pid=357 next_prio=120
      tailscaled-357   [000] ....  4086.101513: sys_exit: NR 240 = 0
      tailscaled-357   [000] ....  4086.101519: sys_enter: NR 346 (4, 7eb63380, 80, 0, 0, 0)
      tailscaled-357   [000] ....  4086.101521: sys_exit: NR 346 = 0
      tailscaled-534   [001] ....  4086.101522: sys_enter: NR 4 (c, 169de28, 0, 0, 0, 0)
      tailscaled-534   [001] ....  4086.101525: sys_exit: NR 4 = -22
      tailscaled-357   [000] ....  4086.101533: sys_enter: NR 346 (4, 7eb63380, 80, 46, 0, 0)
