      tailscaled-417   [003] ....  4086.031526: sys_exit: NR 162 = 0
      tailscaled-417   [003] ....  4086.031532: sys_enter: NR 240 (1695bd4, 80, 0, 1849f28, 0, 0)
      tailscaled-417   [003] d...  4086.031539: sched_switch: prev_comm=tailscaled prev_pid=417 prev_prio=120 prev_state=S ==> next_comm=swapper/3 next_pid=0 next_prio=120
          <idle>-0     [002] d...  4086.031755: sched_switch: prev_comm=swapper/2 prev_pid=0 prev_prio=120 prev_state=R ==> next_comm=lxterminal next_pid=1104 next_prio=120
      lxterminal-1104  [002] ....  4086.031775: sys_exit: NR 168 = 0
      lxterminal-1104  [002] ....  4086.031915: sys_enter: NR 297 (3, 7ef8e664, 0, 0, 0, 7ef8e664)
      lxterminal-1104  [002] ....  4086.031923: sys_exit: NR 297 = -11
      lxterminal-1104  [002] ....  4086.031931: sys_enter: NR 168 (10c8210, 4, ffffffff, 0, ffffffff, 4)
      lxterminal-1104  [002] d...  4086.031949: sched_switch: prev_comm=lxterminal prev_pid=1104 prev_prio=120 prev_state=S ==> next_comm=swapper/2 next_pid=0 next_prio=120
 vncserver-x11-c-452   [000] d...  4086.032634: sched_switch: prev_comm=vncserver-x11-c prev_pid=452 prev_prio=120 prev_state=R ==> next_comm=kworker/0:0 next_pid=1247 next_prio=120
     kworker/0:0-1247  [000] d...  4086.032676: sched_switch: prev_comm=kworker/0:0 prev_pid=1247 prev_prio=120 prev_state=I ==> next_comm=vncserver-x11-c next_pid=452 next_prio=120
          <idle>-0     [001] d...  4086.034268: sched_switch: prev_comm=swapper/1 prev_pid=0 prev_prio=120 prev_state=R ==> next_comm=kworker/u8:0 next_pid=1234 next_prio=120
    kworker/u8:0-1234  [001] d...  4086.034300: sched_switch: prev_comm=kworker/u8:0 prev_pid=1234 prev_prio=120 prev_state=D ==> next_comm=swapper/1 next_pid=0 next_prio=120
          <idle>-0     [001] d...  4086.034310: sched_switch: prev_comm=swapper/1 prev_pid=0 prev_prio=120 prev_state=R ==> next_comm=kworker/u8:0 next_pid=1234 next_prio=120
    kworker/u8:0-1234  [001] d...  4086.034377: sched_switch: prev_comm=kworker/u8:0 prev_pid=1234 prev_prio=120 prev_state=D ==> next_comm=swapper/1 next_pid=0 next_prio=120
          <idle>-0     [001] d...  4086.034806: sched_switch: prev_comm=swapper/1 prev_pid=0 prev_prio=120 prev_state=R ==> next_comm=kworker/u8:0 next_pid=1234 next_prio=120
          <idle>-0     [003] d...  4086.034832: sched_switch: prev_comm=swapper/3 prev_pid=0 prev_prio=120 prev_state=R ==> next_comm=tailscaled next_pid=547 next_prio=120
      tailscaled-547   [003] ....  4086.034843: sys_exit: NR 346 = 1
    kworker/u8:0-1234  [001] d...  4086.034853: sched_switch: prev_comm=kworker/u8:0 prev_pid=1234 prev_prio=120 prev_state=I ==> next_comm=swapper/1 next_pid=0 next_prio=120
      tailscaled-547   [003] ....  4086.034868: sys_enter: NR 346 (4, 1b55680, 80, 0, 0, 0)
      tailscaled-547   [003] ....  4086.034871: sys_exit: NR 346 = 0
      tailscaled-547   [003] ....  4086.034889: sys_enter: NR 346 (4, 1b55680, 80, 42, 0, 0)
      tailscaled-547   [003] d...  4086.034902: sched_switch: prev_comm=tailscaled prev_pid=547 prev_prio=120 prev_state=S ==> next_comm=swapper/3 next_pid=0 next_prio=120
 vncserver-x11-c-452   [000] ....  4086.036431: sys_enter: NR 4 (f, 1646c90, 3380, 0, 3380, 1646c90)
 vncserver-x11-c-452   [000] ....  4086.036465: sys_exit: NR 4 = 13184
 vncserver-x11-c-452   [000] ....  4086.036485: sys_enter: NR 3 (c, 15e9d00, 41a0, 0, 41a0, 15e9d00)
 vncserver-x11-c-452   [000] ....  4086.036492: sys_exit: NR 3 = -11
 vncserver-x11-c-452   [000] ....  4086.036519: sys_enter: NR 142 (11, 7e887328, 7e8873a8, 7e887428, 7e887320, 7e8873a8)
 vncserver-x11-c-452   [000] ....  4086.036541: sys_exit: NR 142 = 0
 vncserver-x11-c-452   [000] ....  4086.036546: sys_enter: NR 142 (11, 7e887328, 7e8873a8, 7e887428, 7e887320, 7e8873a8)
 vncserver-x11-c-452   [000] d...  4086.036573: sched_switch: prev_comm=vncserver-x11-c prev_pid=452 prev_prio=120 prev_state=S ==> next_comm=swapper/0 next_pid=0 next_prio=120
          <idle>-0     [000] d...  4086.037632: sched_switch: prev_comm=swapper/0 prev_pid=0 prev_prio=120 prev_state=R ==> next_comm=vncagent next_pid=512 next_prio=120
           <...>-512   [000] ....  4086.037646: sys_exit: NR 142 = 0
           <...>-512   [000] ....  4086.037664: sys_enter: NR 168 (7efe3304, 1, ffffffff, 0, 1b737a0, 1b737a0)
           <...>-512   [000] ....  4086.037669: sys_exit: NR 168 = 1
           <...>-512   [000] ....  4086.037671: sys_enter: NR 146 (3, 7efe33fc, 3, 0, 0, 1b737a0)
           <...>-512   [000] ....  4086.037699: sys_exit: NR 146 = 8
          <idle>-0     [003] d...  4086.037705: sched_switch: prev_comm=swapper/3 prev_pid=0 prev_prio=120 prev_state=R ==> next_comm=Xorg next_pid=493 next_prio=120
           <...>-512   [000] ....  4086.037711: sys_enter: NR 168 (7efe32ec, 1, ffffffff, 0, 7efe3470, 1b737a0)
            Xorg-493   [003] ....  4086.037715: sys_exit: NR 252 = 1
           <...>-512   [000] d...  4086.037718: sched_switch: prev_comm=vncagent prev_pid=512 prev_prio=120 prev_state=S ==> next_comm=swapper/0 next_pid=0 next_prio=120
            Xorg-493   [003] ....  4086.037727: sys_enter: NR 104 (0, 7ec13be4, 0, 1388, 76f94968, 1)
            Xorg-493   [003] ....  4086.037732: sys_exit: NR 104 = 0
            Xorg-493   [003] ....  4086.037739: sys_enter: NR 297 (12, 7ec139cc, 0, 0, 0, 7ec139cc)
            Xorg-493   [003] ....  4086.037755: sys_exit: NR 297 = 8
            Xorg-493   [003] ....  4086.037777: sys_enter: NR 146 (12, 7ec13b54, 1, 0, 1, 7ec13b54)
            Xorg-493   [003] ....  4086.037790: sys_exit: NR 146 = 32
            Xorg-493   [003] ....  4086.037792: sys_enter: NR 297 (12, 7ec139cc, 0, 0, 0, 7ec139cc)
            Xorg-493   [003] ....  4086.037794: sys_exit: NR 297 = -11
          <idle>-0     [000] d...  4086.037795: sched_switch: prev_comm=swapper/0 prev_pid=0 prev_prio=120 prev_state=R ==> next_comm=vncagent next_pid=512 next_prio=120
            Xorg-493   [003] ....  4086.037797: sys_enter: NR 104 (0, 7ec13be4, 0, 0, 76f94968, 212b8c)
           <...>-512   [000] ....  4086.037798: sys_exit: NR 168 = 1
            Xorg-493   [003] ....  4086.037799: sys_exit: NR 104 = 0
           <...>-512   [000] ....  4086.037800: sys_enter: NR 297 (3, 7efe324c, 0, 0, 1b747a0, 1b737a0)
            Xorg-493   [003] ....  4086.037804: sys_enter: NR 252 (3, 7ec12be0, 100, 1b5a7, 1b5a7, 100)
           <...>-512   [000] ....  4086.037807: sys_exit: NR 297 = 32
            Xorg-493   [003] d...  4086.037814: sched_switch: prev_comm=Xorg prev_pid=493 prev_prio=120 prev_state=S ==> next_comm=swapper/3 next_pid=0 next_prio=120
           <...>-512   [000] ....  4086.037829: sys_enter: NR 297 (3, 7efe362c, 0, 0, 1b747a0, 1)
           <...>-512   [000] ....  4086.037831: sys_exit: NR 297 = -11
           <...>-512   [000] ....  4086.037834: sys_enter: NR 297 (3, 7efe364c, 0, 0, 1b747a0, 7efe3724)
           <...>-512   [000] ....  4086.037836: sys_exit: NR 297 = -11
           <...>-512   [000] ....  4086.037841: sys_enter: NR 142 (e, 7efe3630, 7efe36b0, 7efe3730, 7efe3628, 7efe36ac)
           <...>-512   [000] d...  4086.037853: sched_switch: prev_comm=vncagent prev_pid=512 prev_prio=120 prev_state=S ==> next_comm=swapper/0 next_pid=0 next_prio=120
          <idle>-0     [001] d...  4086.040528: sched_switch: prev_comm=swapper/1 prev_pid=0 prev_prio=120 prev_state=R ==> next_comm=irq/86-mmc1 next_pid=80 next_prio=49
     irq/86-mmc1-80    [001] d...  4086.040551: sched_switch: prev_comm=irq/86-mmc1 prev_pid=80 prev_prio=49 prev_state=D ==> next_comm=swapper/1 next_pid=0 next_prio=120
          <idle>-0     [001] d...  4086.040560: sched_switch: prev_comm=swapper/1 prev_pid=0 prev_prio=120 prev_state=R ==> next_comm=irq/86-mmc1 next_pid=80 next_prio=49
     irq/86-mmc1-80    [001] d...  4086.040582: sched_switch: prev_comm=irq/86-mmc1 prev_pid=80 prev_prio=49 prev_state=D ==> next_comm=swapper/1 next_pid=0 next_prio=120
          <idle>-0     [001] d...  4086.040595: sched_switch: prev_comm=swapper/1 prev_pid=0 prev_prio=120 prev_state=R ==> next_comm=irq/86-mmc1 next_pid=80 next_prio=49
     irq/86-mmc1-80    [001] d...  4086.040612: sched_switch: prev_comm=irq/86-mmc1 prev_pid=80 prev_prio=49 prev_state=D ==> next_comm=swapper/1 next_pid=0 next_prio=120
          <idle>-0     [001] d...  4086.040624: sched_switch: prev_comm=swapper/1 prev_pid=0 prev_prio=120 prev_state=R ==> next_comm=irq/86-mmc1 next_pid=80 next_prio=49
     irq/86-mmc1-80    [001] d...  4086.040642: sched_switch: prev_comm=irq/86-mmc1 prev_pid=80 prev_prio=49 prev_state=S ==> next_comm=kworker/u8:0 next_pid=1234 next_prio=120
    kworker/u8:0-1234  [001] d...  4086.040653: sched_switch: prev_comm=kworker/u8:0 prev_pid=1234 prev_prio=120 prev_state=R+ ==> next_comm=irq/86-mmc1 next_pid=80 next_prio=49
     irq/86-mmc1-80    [001] d...  4086.040664: sched_switch: prev_comm=irq/86-mmc1 prev_pid=80 prev_prio=49 prev_state=D ==> next_comm=kworker/u8:0 next_pid=1234 next_prio=120
    kworker/u8:0-1234  [001] d...  4086.040679: sched_switch: prev_comm=kworker/u8:0 prev_pid=1234 prev_prio=120 prev_state=D ==> next_comm=swapper/1 next_pid=0 next_prio=120
          <idle>-0     [001] d...  4086.040684: sched_switch: prev_comm=swapper/1 prev_pid=0 prev_prio=120 prev_state=R ==> next_comm=irq/86-mmc1 next_pid=80 next_prio=49
     irq/86-mmc1-80    [001] d...  4086.040699: sched_switch: prev_comm=irq/86-mmc1 prev_pid=80 prev_prio=49 prev_state=D ==> next_comm=swapper/1 next_pid=0 next_prio=120
          <idle>-0     [001] d...  4086.040709: sched_switch: prev_comm=swapper/1 prev_pid=0 prev_prio=120 prev_state=R ==> next_comm=irq/86-mmc1 next_pid=80 next_prio=49
     irq/86-mmc1-80    [001] d...  4086.040725: sched_switch: prev_comm=irq/86-mmc1 prev_pid=80 prev_prio=49 prev_state=D ==> next_comm=swapper/1 next_pid=0 next_prio=120
          <idle>-0     [001] d...  4086.040736: sched_switch: prev_comm=swapper/1 prev_pid=0 prev_prio=120 prev_state=R ==> next_comm=irq/86-mmc1 next_pid=80 next_prio=49
     irq/86-mmc1-80    [001] d...  4086.040751: sched_switch: prev_comm=irq/86-mmc1 prev_pid=80 prev_prio=49 prev_state=S ==> next_comm=kworker/u8:1 next_pid=1240 next_prio=120
    kworker/u8:1-1240  [001] d...  4086.040758: sched_switch: prev_comm=kworker/u8:1 prev_pid=1240 prev_prio=120 prev_state=I ==> next_comm=kworker/u8:0 next_pid=1234 next_prio=120
    kworker/u8:0-1234  [001] d...  4086.040781: sched_switch: prev_comm=kworker/u8:0 prev_pid=1234 prev_prio=120 prev_state=D ==> next_comm=swapper/1 next_pid=0 next_prio=120
          <idle>-0     [001] d...  4086.040795: sched_switch: prev_comm=swapper/1 prev_pid=0 prev_prio=120 prev_state=R ==> next_comm=kworker/u8:0 next_pid=1234 next_prio=120
    kworker/u8:0-1234  [001] d...  4086.040815: sched_switch: prev_comm=kworker/u8:0 prev_pid=1234 prev_prio=120 prev_state=D ==> next_comm=swapper/1 next_pid=0 next_prio=120
          <idle>-0     [001] d...  4086.040828: sched_switch: prev_comm=swapper/1 prev_pid=0 prev_prio=120 prev_state=R ==> next_comm=kworker/u8:0 next_pid=1234 next_prio=120
          <idle>-0     [003] d...  4086.040926: sched_switch: prev_comm=swapper/3 prev_pid=0 prev_prio=120 prev_state=R ==> next_comm=tailscaled next_pid=547 next_prio=120
      tailscaled-547   [003] ....  4086.040934: sys_exit: NR 346 = 1
    kworker/u8:0-1234  [001] d...  4086.040939: sched_switch: prev_comm=kworker/u8:0 prev_pid=1234 prev_prio=120 prev_state=D ==> next_comm=swapper/1 next_pid=0 next_prio=120
      tailscaled-547   [003] ....  4086.040964: sys_enter: NR 240 (1695bd4, 81, 1, 0, 0, 0)
          <idle>-0     [000] d...  4086.040966: sched_switch: prev_comm=swapper/0 prev_pid=0 prev_prio=120 prev_state=R ==> next_comm=rngd next_pid=355 next_prio=120
          <idle>-0     [001] d...  4086.040968: sched_switch: prev_comm=swapper/1 prev_pid=0 prev_prio=120 prev_state=R ==> next_comm=kworker/u8:0 next_pid=1234 next_prio=120
      tailscaled-547   [003] .n..  4086.040980: sys_exit: NR 240 = 1
      tailscaled-547   [003] d...  4086.040984: sched_switch: prev_comm=tailscaled prev_pid=547 prev_prio=120 prev_state=R ==> next_comm=tailscaled next_pid=417 next_prio=120
    kworker/u8:0-1234  [001] d...  4086.040987: sched_switch: prev_comm=kworker/u8:0 prev_pid=1234 prev_prio=120 prev_state=D ==> next_comm=swapper/1 next_pid=0 next_prio=120
      tailscaled-417   [003] ....  4086.040988: sys_exit: NR 240 = 0
      tailscaled-417   [003] ....  4086.040993: sys_enter: NR 158 (101, 4, 1695b44, 1, 0, 0)
            rngd-355   [000] d...  4086.040997: sched_switch: prev_comm=rngd prev_pid=355 prev_prio=120 prev_state=S ==> next_comm=swapper/0 next_pid=0 next_prio=120
      tailscaled-417   [003] ....  4086.040998: sys_exit: NR 158 = 0
      tailscaled-417   [003] ....  4086.041002: sys_enter: NR 240 (185e328, 80, ffffffff, 0, 0, 0)
      tailscaled-417   [003] d...  4086.041010: sched_switch: prev_comm=tailscaled prev_pid=417 prev_prio=120 prev_state=S ==> next_comm=tailscaled next_pid=547 next_prio=120
      tailscaled-547   [003] ....  4086.041015: sys_enter: NR 240 (185e328, 81, 1, 0, 0, 0)
          <idle>-0     [001] d...  4086.041017: sched_switch: prev_comm=swapper/1 prev_pid=0 prev_prio=120 prev_state=R ==> next_comm=kworker/u8:0 next_pid=1234 next_prio=120
      tailscaled-547   [003] .n..  4086.041020: sys_exit: NR 240 = 1
      tailscaled-547   [003] d...  4086.041023: sched_switch: prev_comm=tailscaled prev_pid=547 prev_prio=120 prev_state=R ==> next_comm=tailscaled next_pid=417 next_prio=120
      tailscaled-417   [003] ....  4086.041025: sys_exit: NR 240 = 0
      tailscaled-417   [003] ....  4086.041034: sys_enter: NR 162 (1849f60, 0, 3b7, 14, 0, 0)
      tailscaled-417   [003] d...  4086.041043: sched_switch: prev_comm=tailscaled prev_pid=417 prev_prio=120 prev_state=S ==> next_comm=tailscaled next_pid=547 next_prio=120
      tailscaled-547   [003] ....  4086.041046: sys_enter: NR 365 (11, 4ada008, 80, 0, 0, 0)
    kworker/u8:0-1234  [001] d...  4086.041059: sched_switch: prev_comm=kworker/u8:0 prev_pid=1234 prev_prio=120 prev_state=D ==> next_comm=swapper/1 next_pid=0 next_prio=120
      tailscaled-547   [003] ....  4086.041072: sys_exit: NR 365 = 2
          <idle>-0     [001] d...  4086.041074: sched_switch: prev_comm=swapper/1 prev_pid=0 prev_prio=120 prev_state=R ==> next_comm=kworker/u8:0 next_pid=1234 next_prio=120
    kworker/u8:0-1234  [001] d...  4086.041091: sched_switch: prev_comm=kworker/u8:0 prev_pid=1234 prev_prio=120 prev_state=D ==> next_comm=swapper/1 next_pid=0 next_prio=120
      tailscaled-547   [003] d...  4086.041118: sched_switch: prev_comm=tailscaled prev_pid=547 prev_prio=120 prev_state=R ==> next_comm=tailscaled next_pid=417 next_prio=120
      tailscaled-417   [003] ....  4086.041121: sys_exit: NR 162 = 0
      tailscaled-417   [003] ....  4086.041125: sys_enter: NR 162 (1849f60, 0, 3b7, 14, 0, 0)
          <idle>-0     [001] d...  4086.041130: sched_switch: prev_comm=swapper/1 prev_pid=0 prev_prio=120 prev_state=R ==> next_comm=kworker/u8:0 next_pid=1234 next_prio=120
      tailscaled-417   [003] d...  4086.041131: sched_switch: prev_comm=tailscaled prev_pid=417 prev_prio=120 prev_state=S ==> next_comm=tailscaled next_pid=547 next_prio=120
    kworker/u8:0-1234  [001] d...  4086.041170: sched_switch: prev_comm=kworker/u8:0 prev_pid=1234 prev_prio=120 prev_state=D ==> next_comm=swapper/1 next_pid=0 next_prio=120
          <idle>-0     [001] d...  4086.041186: sched_switch: prev_comm=swapper/1 prev_pid=0 prev_prio=120 prev_state=R ==> next_comm=kworker/u8:0 next_pid=1234 next_prio=120
    kworker/u8:0-1234  [001] d...  4086.041200: sched_switch: prev_comm=kworker/u8:0 prev_pid=1234 prev_prio=120 prev_state=I ==> next_comm=swapper/1 next_pid=0 next_prio=120
      tailscaled-547   [003] d...  4086.041206: sched_switch: prev_comm=tailscaled prev_pid=547 prev_prio=120 prev_state=R ==> next_comm=tailscaled next_pid=417 next_prio=120
      tailscaled-417   [003] ....  4086.041208: sys_exit: NR 162 = 0
      tailscaled-417   [003] ....  4086.041212: sys_enter: NR 162 (1849f60, 0, 3b7, 14, 0, 0)
      tailscaled-417   [003] d...  4086.041218: sched_switch: prev_comm=tailscaled prev_pid=417 prev_prio=120 prev_state=S ==> next_comm=tailscaled next_pid=547 next_prio=120
      tailscaled-547   [003] ....  4086.041237: sys_enter: NR 240 (185e8d4, 81, 1, 0, 0, 0)
      tailscaled-547   [003] ....  4086.041245: sys_exit: NR 240 = 1
      tailscaled-547   [003] d...  4086.041292: sched_switch: prev_comm=tailscaled prev_pid=547 prev_prio=120 prev_state=R ==> next_comm=tailscaled next_pid=417 next_prio=120
      tailscaled-417   [003] ....  4086.041294: sys_exit: NR 162 = 0
      tailscaled-417   [003] ....  4086.041298: sys_enter: NR 162 (1849f60, 0, 3b7, 14, 0, 0)
      tailscaled-417   [003] d...  4086.041304: sched_switch: prev_comm=tailscaled prev_pid=417 prev_prio=120 prev_state=S ==> next_comm=tailscaled next_pid=420 next_prio=120
      tailscaled-420   [003] ....  4086.041307: sys_exit: NR 240 = 0
      tailscaled-420   [003] ....  4086.041317: sys_enter: NR 346 (4, 1877680, 80, 0, 0, 0)
      tailscaled-420   [003] ....  4086.041321: sys_exit: NR 346 = 1
      tailscaled-420   [003] ....  4086.041331: sys_enter: NR 240 (1a300d4, 81, 1, 0, 0, 0)
      tailscaled-420   [003] ....  4086.041335: sys_exit: NR 240 = 1
          <idle>-0     [001] d...  4086.041341: sched_switch: prev_comm=swapper/1 prev_pid=0 prev_prio=120 prev_state=R ==> next_comm=tailscaled next_pid=534 next_prio=120
      tailscaled-534   [001] ....  4086.041345: sys_exit: NR 240 = 0
      tailscaled-420   [003] ....  4086.041353: sys_enter: NR 346 (4, 1877680, 80, 0, 0, 0)
      tailscaled-420   [003] ....  4086.041354: sys_exit: NR 346 = 0
      tailscaled-534   [001] ....  4086.041357: sys_enter: NR 162 (1c8bdcc, 0, 1cc46c8, 3, 3b7, 1)
      tailscaled-420   [003] ....  4086.041362: sys_enter: NR 162 (1877dcc, 0, 1cc46c8, 3, 3b7, 0)
      tailscaled-534   [001] d...  4086.041364: sched_switch: prev_comm=tailscaled prev_pid=534 prev_prio=120 prev_state=S ==> next_comm=swapper/1 next_pid=0 next_prio=120
      tailscaled-420   [003] d...  4086.041369: sched_switch: prev_comm=tailscaled prev_pid=420 prev_prio=120 prev_state=S ==> next_comm=tailscaled next_pid=547 next_prio=120
      tailscaled-547   [003] d...  4086.041382: sched_switch: prev_comm=tailscaled prev_pid=547 prev_prio=120 prev_state=R ==> next_comm=tailscaled next_pid=417 next_prio=120
      tailscaled-417   [003] ....  4086.041384: sys_exit: NR 162 = 0
      tailscaled-417   [003] ....  4086.041387: sys_enter: NR 162 (1849f60, 0, 3b7, 14, 0, 0)
      tailscaled-417   [003] d...  4086.041394: sched_switch: prev_comm=tailscaled prev_pid=417 prev_prio=120 prev_state=S ==> next_comm=tailscaled next_pid=420 next_prio=120
      tailscaled-420   [003] ....  4086.041395: sys_exit: NR 162 = 0
          <idle>-0     [001] d...  4086.041421: sched_switch: prev_comm=swapper/1 prev_pid=0 prev_prio=120 prev_state=R ==> next_comm=tailscaled next_pid=534 next_prio=120
      tailscaled-534   [001] ....  4086.041423: sys_exit: NR 162 = 0
      tailscaled-534   [001] ....  4086.041436: sys_enter: NR 346 (4, 1c8b680, 80, 3b, 0, 0)
      tailscaled-420   [003] ....  4086.041437: sys_enter: NR 240 (1a308d4, 81, 1, 0, 0, 0)
      tailscaled-420   [003] ....  4086.041441: sys_exit: NR 240 = 1
      tailscaled-534   [001] d...  4086.041444: sched_switch: prev_comm=tailscaled prev_pid=534 prev_prio=120 prev_state=S ==> next_comm=swapper/1 next_pid=0 next_prio=120
          <idle>-0     [002] d...  4086.041451: sched_switch: prev_comm=swapper/2 prev_pid=0 prev_prio=120 prev_state=R ==> next_comm=tailscaled next_pid=545 next_prio=120
      tailscaled-545   [002] ....  4086.041456: sys_exit: NR 240 = 0
      tailscaled-420   [003] d...  4086.041468: sched_switch: prev_comm=tailscaled prev_pid=420 prev_prio=120 prev_state=R ==> next_comm=tailscaled next_pid=417 next_prio=120
      tailscaled-417   [003] ....  4086.041470: sys_exit: NR 162 = 0
      tailscaled-545   [002] ....  4086.041473: sys_enter: NR 240 (1a308d4, 80, 0, 0, 0, 0)
      tailscaled-417   [003] ....  4086.041474: sys_enter: NR 162 (1849f60, 0, 3b7, 14, 0, 0)
      tailscaled-417   [003] d...  4086.041480: sched_switch: prev_comm=tailscaled prev_pid=417 prev_prio=120 prev_state=S ==> next_comm=tailscaled next_pid=420 next_prio=120
      tailscaled-545   [002] d...  4086.041487: sched_switch: prev_comm=tailscaled prev_pid=545 prev_prio=120 prev_state=S ==> next_comm=swapper/2 next_pid=0 next_prio=120
      tailscaled-420   [003] d...  4086.041554: sched_switch: prev_comm=tailscaled prev_pid=420 prev_prio=120 prev_state=R ==> next_comm=tailscaled next_pid=417 next_prio=120
      tailscaled-417   [003] ....  4086.041557: sys_exit: NR 162 = 0
      tailscaled-417   [003] ....  4086.041560: sys_enter: NR 162 (1849f60, 0, 3b7, 14, 0, 0)
      tailscaled-417   [003] d...  4086.041567: sched_switch: prev_comm=tailscaled prev_pid=417 prev_prio=120 prev_state=S ==> next_comm=tailscaled next_pid=420 next_prio=120
      tailscaled-420   [003] ....  4086.041600: sys_enter: NR 4 (c, 2d3e006, 32, 0, 0, 0)
          <idle>-0     [001] d...  4086.041728: sched_switch: prev_comm=swapper/1 prev_pid=0 prev_prio=120 prev_state=R ==> next_comm=tailscaled next_pid=534 next_prio=120
      tailscaled-534   [001] ....  4086.041733: sys_exit: NR 346 = 1
      tailscaled-534   [001] ....  4086.041743: sys_enter: NR 3 (c, 1bc205c, 10009, 0, 0, 0)
      tailscaled-420   [003] .n..  4086.041746: sys_exit: NR 4 = 50
      tailscaled-420   [003] d...  4086.041751: sched_switch: prev_comm=tailscaled prev_pid=420 prev_prio=120 prev_state=R ==> next_comm=tailscaled next_pid=417 next_prio=120
      tailscaled-417   [003] ....  4086.041753: sys_exit: NR 162 = 0
      tailscaled-417   [003] ....  4086.041757: sys_enter: NR 162 (1849f60, 0, 3b7, 14, 0, 0)
      tailscaled-534   [001] ....  4086.041757: sys_exit: NR 3 = 2530
      tailscaled-417   [003] d...  4086.041766: sched_switch: prev_comm=tailscaled prev_pid=417 prev_prio=120 prev_state=S ==> next_comm=tailscaled next_pid=420 next_prio=120
      tailscaled-420   [003] ....  4086.041773: sys_enter: NR 4 (c, 4b96006, 32, 0, 0, 0)
      tailscaled-534   [001] ....  4086.041796: sys_enter: NR 240 (1a308d4, 81, 1, 0, 0, 0)
      tailscaled-534   [001] ....  4086.041800: sys_exit: NR 240 = 1
          <idle>-0     [002] d...  4086.041807: sched_switch: prev_comm=swapper/2 prev_pid=0 prev_prio=120 prev_state=R ==> next_comm=tailscaled next_pid=545 next_prio=120
      tailscaled-545   [002] ....  4086.041809: sys_exit: NR 240 = 0
      tailscaled-420   [003] ....  4086.041814: sys_exit: NR 4 = 50
      tailscaled-545   [002] ....  4086.041814: sys_enter: NR 346 (4, 1cd1680, 80, 0, 0, 0)
      tailscaled-545   [002] ....  4086.041818: sys_exit: NR 346 = 1
      tailscaled-545   [002] ....  4086.041831: sys_enter: NR 346 (4, 1cd1680, 80, 3b, 0, 0)
      tailscaled-420   [003] d...  4086.041839: sched_switch: prev_comm=tailscaled prev_pid=420 prev_prio=120 prev_state=R ==> next_comm=tailscaled next_pid=417 next_prio=120
      tailscaled-417   [003] ....  4086.041842: sys_exit: NR 162 = 0
      tailscaled-417   [003] ....  4086.041846: sys_enter: NR 162 (1849f60, 0, 3b7, 14, 0, 0)
      tailscaled-545   [002] d...  4086.041847: sched_switch: prev_comm=tailscaled prev_pid=545 prev_prio=120 prev_state=S ==> next_comm=swapper/2 next_pid=0 next_prio=120
      tailscaled-417   [003] d...  4086.041852: sched_switch: prev_comm=tailscaled prev_pid=417 prev_prio=120 prev_state=S ==> next_comm=tailscaled next_pid=420 next_prio=120
      tailscaled-420   [003] ....  4086.041860: sys_enter: NR 162 (1877dcc, 0, 18839e8, 3, 3b7, 1)
      tailscaled-420   [003] d...  4086.041867: sched_switch: prev_comm=tailscaled prev_pid=420 prev_prio=120 prev_state=S ==> next_comm=tailscaled next_pid=547 next_prio=120
      tailscaled-547   [003] ....  4086.041892: sys_enter: NR 365 (11, 4adb308, 80, 0, 0, 0)
      tailscaled-547   [003] ....  4086.041910: sys_exit: NR 365 = 1
      tailscaled-547   [003] d...  4086.041927: sched_switch: prev_comm=tailscaled prev_pid=547 prev_prio=120 prev_state=R ==> next_comm=tailscaled next_pid=417 next_prio=120
      tailscaled-417   [003] ....  4086.041929: sys_exit: NR 162 = 0
      tailscaled-417   [003] ....  4086.041933: sys_enter: NR 162 (1849f60, 0, 3b7, 14, 0, 0)
      tailscaled-417   [003] d...  4086.041939: sched_switch: prev_comm=tailscaled prev_pid=417 prev_prio=120 prev_state=S ==> next_comm=tailscaled next_pid=420 next_prio=120
      tailscaled-420   [003] ....  4086.041941: sys_exit: NR 162 = 0
      tailscaled-420   [003] ....  4086.041945: sys_enter: NR 240 (16927c4, 81, 1, 0, 0, 0)
      tailscaled-420   [003] ....  4086.041950: sys_exit: NR 240 = 1
      tailscaled-420   [003] ....  4086.041958: sys_enter: NR 3 (c, 1bc205c, 10009, 0, 0, 0)
          <idle>-0     [000] d...  4086.041962: sched_switch: prev_comm=swapper/0 prev_pid=0 prev_prio=120 prev_state=R ==> next_comm=tailscaled next_pid=357 next_prio=120
      tailscaled-420   [003] ....  4086.041966: sys_exit: NR 3 = 1290
      tailscaled-357   [000] ....  4086.041967: sys_exit: NR 240 = 0
      tailscaled-357   [000] ....  4086.041997: sys_enter: NR 240 (16927c4, 80, 0, 0, 0, 0)
      tailscaled-420   [003] d...  4086.042014: sched_switch: prev_comm=tailscaled prev_pid=420 prev_prio=120 prev_state=R ==> next_comm=tailscaled next_pid=417 next_prio=120
      tailscaled-417   [003] ....  4086.042017: sys_exit: NR 162 = 0
      tailscaled-357   [000] d...  4086.042018: sched_switch: prev_comm=tailscaled prev_pid=357 prev_prio=120 prev_state=S ==> next_comm=swapper/0 next_pid=0 next_prio=120
      tailscaled-417   [003] ....  4086.042021: sys_enter: NR 162 (1849f60, 0, 3b7, 14, 0, 0)
      tailscaled-417   [003] d...  4086.042028: sched_switch: prev_comm=tailscaled prev_pid=417 prev_prio=120 prev_state=S ==> next_comm=tailscaled next_pid=420 next_prio=120
      tailscaled-420   [003] ....  4086.042031: sys_enter: NR 240 (16927c4, 81, 1, 0, 0, 0)
      tailscaled-420   [003] ....  4086.042035: sys_exit: NR 240 = 1
          <idle>-0     [000] d...  4086.042041: sched_switch: prev_comm=swapper/0 prev_pid=0 prev_prio=120 prev_state=R ==> next_comm=tailscaled next_pid=357 next_prio=120
      tailscaled-357   [000] ....  4086.042043: sys_exit: NR 240 = 0
      tailscaled-357   [000] ....  4086.042050: sys_enter: NR 162 (7eb63acc, 0, 18839e8, 3, 3b7, 1)
      tailscaled-357   [000] d...  4086.042063: sched_switch: prev_comm=tailscaled prev_pid=357 prev_prio=120 prev_state=S ==> next_comm=swapper/0 next_pid=0 next_prio=120
      tailscaled-534   [001] ....  4086.042090: sys_enter: NR 374 (11, 1b1e008, 2, 0, 0, 0)
      tailscaled-420   [003] d...  4086.042103: sched_switch: prev_comm=tailscaled prev_pid=420 prev_prio=120 prev_state=R ==> next_comm=tailscaled next_pid=417 next_prio=120
      tailscaled-417   [003] ....  4086.042105: sys_exit: NR 162 = 0
      tailscaled-417   [003] ....  4086.042109: sys_enter: NR 162 (1849f60, 0, 3b7, 14, 0, 0)
          <idle>-0     [000] d...  4086.042115: sched_switch: prev_comm=swapper/0 prev_pid=0 prev_prio=120 prev_state=R ==> next_comm=tailscaled next_pid=357 next_prio=120
      tailscaled-417   [003] d...  4086.042116: sched_switch: prev_comm=tailscaled prev_pid=417 prev_prio=120 prev_state=S ==> next_comm=tailscaled next_pid=420 next_prio=120
      tailscaled-357   [000] ....  4086.042117: sys_exit: NR 162 = 0
      tailscaled-357   [000] ....  4086.042126: sys_enter: NR 3 (c, 1bc205c, 10009, 0, 0, 0)
      tailscaled-357   [000] ....  4086.042135: sys_exit: NR 3 = 2530
      tailscaled-420   [003] ....  4086.042173: sys_enter: NR 240 (185e8d4, 80, 0, 0, 0, 0)
      tailscaled-420   [003] d...  4086.042179: sched_switch: prev_comm=tailscaled prev_pid=420 prev_prio=120 prev_state=S ==> next_comm=tailscaled next_pid=547 next_prio=120
      tailscaled-547   [003] d...  4086.042190: sched_switch: prev_comm=tailscaled prev_pid=547 prev_prio=120 prev_state=R ==> next_comm=tailscaled next_pid=417 next_prio=120
      tailscaled-417   [003] ....  4086.042192: sys_exit: NR 162 = 0
      tailscaled-417   [003] ....  4086.042196: sys_enter: NR 162 (1849f60, 0, 3b7, 14, 0, 0)
      tailscaled-357   [000] ....  4086.042200: sys_enter: NR 240 (185e8d4, 81, 1, 0, 0, 0)
      tailscaled-534   [001] ....  4086.042202: sys_exit: NR 374 = 2
      tailscaled-417   [003] d...  4086.042202: sched_switch: prev_comm=tailscaled prev_pid=417 prev_prio=120 prev_state=S ==> next_comm=tailscaled next_pid=547 next_prio=120
      tailscaled-357   [000] ....  4086.042204: sys_exit: NR 240 = 1
      tailscaled-534   [001] ....  4086.042254: sys_enter: NR 374 (11, 1b1e008, 1, 0, 0, 0)
      tailscaled-547   [003] d...  4086.042276: sched_switch: prev_comm=tailscaled prev_pid=547 prev_prio=120 prev_state=R ==> next_comm=tailscaled next_pid=417 next_prio=120
      tailscaled-417   [003] ....  4086.042279: sys_exit: NR 162 = 0
      tailscaled-534   [001] ....  4086.042280: sys_exit: NR 374 = 1
      tailscaled-417   [003] ....  4086.042282: sys_enter: NR 162 (1849f60, 0, 3b7, 14, 0, 0)
      tailscaled-417   [003] d...  4086.042289: sched_switch: prev_comm=tailscaled prev_pid=417 prev_prio=120 prev_state=S ==> next_comm=tailscaled next_pid=420 next_prio=120
      tailscaled-420   [003] ....  4086.042291: sys_exit: NR 240 = 0
      tailscaled-420   [003] ....  4086.042310: sys_enter: NR 3 (c, 1bc205c, 10009, 0, 0, 0)
      tailscaled-420   [003] ....  4086.042313: sys_exit: NR 3 = -11
      tailscaled-534   [001] ....  4086.042314: sys_enter: NR 162 (1c8bdcc, 0, 1803d48, 3, 3b7, 0)
      tailscaled-534   [001] d...  4086.042325: sched_switch: prev_comm=tailscaled prev_pid=534 prev_prio=120 prev_state=S ==> next_comm=kworker/u8:0 next_pid=1234 next_prio=120
      tailscaled-420   [003] ....  4086.042326: sys_enter: NR 162 (1877dcc, 0, 1803d48, 3, 3b7, 0)
      tailscaled-420   [003] d...  4086.042333: sched_switch: prev_comm=tailscaled prev_pid=420 prev_prio=120 prev_state=S ==> next_comm=tailscaled next_pid=547 next_prio=120
      tailscaled-547   [003] d...  4086.042366: sched_switch: prev_comm=tailscaled prev_pid=547 prev_prio=120 prev_state=R ==> next_comm=tailscaled next_pid=417 next_prio=120
      tailscaled-417   [003] ....  4086.042369: sys_exit: NR 162 = 0
      tailscaled-417   [003] ....  4086.042372: sys_enter: NR 162 (1849f60, 0, 3b7, 14, 0, 0)
      tailscaled-417   [003] d...  4086.042378: sched_switch: prev_comm=tailscaled prev_pid=417 prev_prio=120 prev_state=S ==> next_comm=tailscaled next_pid=420 next_prio=120
      tailscaled-420   [003] ....  4086.042380: sys_exit: NR 162 = 0
    kworker/u8:0-1234  [001] d...  4086.042406: sched_switch: prev_comm=kworker/u8:0 prev_pid=1234 prev_prio=120 prev_state=D ==> next_comm=tailscaled next_pid=534 next_prio=120
      tailscaled-534   [001] ....  4086.042409: sys_exit: NR 162 = 0
      tailscaled-534   [001] ....  4086.042417: sys_enter: NR 240 (1a300d4, 80, 0, 0, 0, 0)
      tailscaled-534   [001] d...  4086.042425: sched_switch: prev_comm=tailscaled prev_pid=534 prev_prio=120 prev_state=S ==> next_comm=swapper/1 next_pid=0 next_prio=120
      tailscaled-357   [000] ....  4086.042429: sys_enter: NR 374 (11, 1b20608, 2, 0, 0, 0)
      tailscaled-420   [003] d...  4086.042453: sched_switch: prev_comm=tailscaled prev_pid=420 prev_prio=120 prev_state=R ==> next_comm=tailscaled next_pid=417 next_prio=120
      tailscaled-417   [003] ....  4086.042456: sys_exit: NR 162 = 0
      tailscaled-417   [003] ....  4086.042459: sys_enter: NR 162 (1849f60, 0, 3b7, 14, 0, 0)
      tailscaled-417   [003] d...  4086.042466: sched_switch: prev_comm=tailscaled prev_pid=417 prev_prio=120 prev_state=S ==> next_comm=tailscaled next_pid=420 next_prio=120
          <idle>-0     [001] d...  4086.042481: sched_switch: prev_comm=swapper/1 prev_pid=0 prev_prio=120 prev_state=R ==> next_comm=kworker/u8:1 next_pid=1240 next_prio=120
      tailscaled-420   [003] ....  4086.042485: sys_enter: NR 4 (c, 4a94006, 32, 0, 0, 0)
    kworker/u8:1-1240  [001] d...  4086.042490: sched_switch: prev_comm=kworker/u8:1 prev_pid=1240 prev_prio=120 prev_state=I ==> next_comm=swapper/1 next_pid=0 next_prio=120
      tailscaled-357   [000] ....  4086.042494: sys_exit: NR 374 = 2
      tailscaled-357   [000] ....  4086.042536: sys_enter: NR 240 (16927c4, 80, 0, 0, 0, 0)
      tailscaled-357   [000] d...  4086.042559: sched_switch: prev_comm=tailscaled prev_pid=357 prev_prio=120 prev_state=S ==> next_comm=swapper/0 next_pid=0 next_prio=120
          <idle>-0     [002] d...  4086.042622: sched_switch: prev_comm=swapper/2 prev_pid=0 prev_prio=120 prev_state=R ==> next_comm=ksoftirqd/2 next_pid=21 next_prio=120
          <idle>-0     [001] d...  4086.042624: sched_switch: prev_comm=swapper/1 prev_pid=0 prev_prio=120 prev_state=R ==> next_comm=kworker/1:3 next_pid=462 next_prio=120
     ksoftirqd/2-21    [002] d...  4086.042637: sched_switch: prev_comm=ksoftirqd/2 prev_pid=21 prev_prio=120 prev_state=S ==> next_comm=rcu_sched next_pid=10 next_prio=120
      tailscaled-420   [003] .n..  4086.042645: sys_exit: NR 4 = 50
     kworker/1:3-462   [001] d...  4086.042649: sched_switch: prev_comm=kworker/1:3 prev_pid=462 prev_prio=120 prev_state=I ==> next_comm=kworker/u8:0 next_pid=1234 next_prio=120
      tailscaled-420   [003] d...  4086.042650: sched_switch: prev_comm=tailscaled prev_pid=420 prev_prio=120 prev_state=R ==> next_comm=tailscaled next_pid=417 next_prio=120
       rcu_sched-10    [002] d...  4086.042651: sched_switch: prev_comm=rcu_sched prev_pid=10 prev_prio=120 prev_state=I ==> next_comm=tailscaled next_pid=545 next_prio=120
      tailscaled-417   [003] ....  4086.042652: sys_exit: NR 162 = 0
      tailscaled-417   [003] ....  4086.042657: sys_enter: NR 162 (1849f60, 0, 3b7, 14, 0, 0)
      tailscaled-545   [002] ....  4086.042660: sys_exit: NR 346 = 1
      tailscaled-417   [003] d...  4086.042665: sched_switch: prev_comm=tailscaled prev_pid=417 prev_prio=120 prev_state=S ==> next_comm=tailscaled next_pid=420 next_prio=120
      tailscaled-545   [002] ....  4086.042675: sys_enter: NR 3 (c, 1bc205c, 10009, 0, 0, 0)
      tailscaled-420   [003] ....  4086.042686: sys_enter: NR 346 (4, 1877680, 80, 0, 0, 0)
      tailscaled-545   [002] ....  4086.042691: sys_exit: NR 3 = 2530
      tailscaled-420   [003] ....  4086.042691: sys_exit: NR 346 = 1
      tailscaled-420   [003] ....  4086.042706: sys_enter: NR 346 (4, 1877680, 80, 3a, 0, 0)
    kworker/u8:0-1234  [001] d...  4086.042710: sched_switch: prev_comm=kworker/u8:0 prev_pid=1234 prev_prio=120 prev_state=D ==> next_comm=swapper/1 next_pid=0 next_prio=120
      tailscaled-420   [003] d...  4086.042717: sched_switch: prev_comm=tailscaled prev_pid=420 prev_prio=120 prev_state=S ==> next_comm=tailscaled next_pid=547 next_prio=120
      tailscaled-545   [002] ....  4086.042726: sys_enter: NR 240 (16927c4, 81, 1, 0, 0, 0)
      tailscaled-545   [002] ....  4086.042731: sys_exit: NR 240 = 1
          <idle>-0     [000] d...  4086.042740: sched_switch: prev_comm=swapper/0 prev_pid=0 prev_prio=120 prev_state=R ==> next_comm=tailscaled next_pid=357 next_prio=120
      tailscaled-547   [003] d...  4086.042740: sched_switch: prev_comm=tailscaled prev_pid=547 prev_prio=120 prev_state=R ==> next_comm=tailscaled next_pid=417 next_prio=120
      tailscaled-417   [003] ....  4086.042743: sys_exit: NR 162 = 0
      tailscaled-357   [000] ....  4086.042743: sys_exit: NR 240 = 0
      tailscaled-417   [003] ....  4086.042746: sys_enter: NR 162 (1849f60, 0, 3b7, 14, 0, 0)
      tailscaled-417   [003] d...  4086.042753: sched_switch: prev_comm=tailscaled prev_pid=417 prev_prio=120 prev_state=S ==> next_comm=tailscaled next_pid=547 next_prio=120
      tailscaled-357   [000] ....  4086.042757: sys_enter: NR 240 (16927c4, 80, 0, 0, 0, 0)
      tailscaled-357   [000] d...  4086.042771: sched_switch: prev_comm=tailscaled prev_pid=357 prev_prio=120 prev_state=S ==> next_comm=swapper/0 next_pid=0 next_prio=120
      tailscaled-547   [003] ....  4086.042781: sys_enter: NR 365 (11, 4adb308, 80, 0, 0, 0)
      tailscaled-547   [003] ....  4086.042789: sys_exit: NR 365 = -11
      tailscaled-547   [003] ....  4086.042801: sys_enter: NR 162 (1b55dcc, 0, 18839e8, 3, 3b7, 0)
      tailscaled-547   [003] d...  4086.042808: sched_switch: prev_comm=tailscaled prev_pid=547 prev_prio=120 prev_state=S ==> next_comm=swapper/3 next_pid=0 next_prio=120
          <idle>-0     [003] d...  4086.042836: sched_switch: prev_comm=swapper/3 prev_pid=0 prev_prio=120 prev_state=R ==> next_comm=tailscaled next_pid=417 next_prio=120
      tailscaled-417   [003] ....  4086.042839: sys_exit: NR 162 = 0
      tailscaled-417   [003] ....  4086.042843: sys_enter: NR 162 (1849f60, 0, 3b7, 14, 0, 0)
      tailscaled-417   [003] d...  4086.042849: sched_switch: prev_comm=tailscaled prev_pid=417 prev_prio=120 prev_state=S ==> next_comm=tailscaled next_pid=547 next_prio=120
      tailscaled-547   [003] ....  4086.042851: sys_exit: NR 162 = 0
      tailscaled-547   [003] ....  4086.042856: sys_enter: NR 240 (16927c4, 81, 1, 0, 0, 0)
      tailscaled-547   [003] ....  4086.042859: sys_exit: NR 240 = 1
          <idle>-0     [001] d...  4086.042866: sched_switch: prev_comm=swapper/1 prev_pid=0 prev_prio=120 prev_state=R ==> next_comm=kworker/u8:0 next_pid=1234 next_prio=120
          <idle>-0     [000] d...  4086.042866: sched_switch: prev_comm=swapper/0 prev_pid=0 prev_prio=120 prev_state=R ==> next_comm=tailscaled next_pid=357 next_prio=120
      tailscaled-547   [003] ....  4086.042867: sys_enter: NR 3 (c, 1bc205c, 10009, 0, 0, 0)
      tailscaled-357   [000] ....  4086.042868: sys_exit: NR 240 = 0
      tailscaled-547   [003] ....  4086.042870: sys_exit: NR 3 = -11
      tailscaled-357   [000] ....  4086.042876: sys_enter: NR 240 (1a300d4, 81, 1, 0, 0, 0)
      tailscaled-357   [000] ....  4086.042880: sys_exit: NR 240 = 1
      tailscaled-547   [003] ....  4086.042891: sys_enter: NR 240 (18808d4, 80, 0, 0, 0, 0)
    kworker/u8:0-1234  [001] d...  4086.042896: sched_switch: prev_comm=kworker/u8:0 prev_pid=1234 prev_prio=120 prev_state=I ==> next_comm=tailscaled next_pid=534 next_prio=120
      tailscaled-547   [003] d...  4086.042898: sched_switch: prev_comm=tailscaled prev_pid=547 prev_prio=120 prev_state=S ==> next_comm=tailscaled next_pid=420 next_prio=120
      tailscaled-357   [000] ....  4086.042899: sys_enter: NR 240 (16927c4, 80, 0, 0, 0, 0)
      tailscaled-534   [001] ....  4086.042899: sys_exit: NR 240 = 0
      tailscaled-420   [003] ....  4086.042903: sys_exit: NR 346 = 1
      tailscaled-420   [003] ....  4086.042909: sys_enter: NR 346 (4, 1877680, 80, 0, 0, 0)
      tailscaled-420   [003] ....  4086.042911: sys_exit: NR 346 = 0
      tailscaled-357   [000] d...  4086.042911: sched_switch: prev_comm=tailscaled prev_pid=357 prev_prio=120 prev_state=S ==> next_comm=swapper/0 next_pid=0 next_prio=120
      tailscaled-534   [001] ....  4086.042914: sys_enter: NR 346 (4, 1c8b680, 80, 3a, 0, 0)
      tailscaled-534   [001] d...  4086.042922: sched_switch: prev_comm=tailscaled prev_pid=534 prev_prio=120 prev_state=S ==> next_comm=swapper/1 next_pid=0 next_prio=120
      tailscaled-420   [003] d...  4086.042923: sched_switch: prev_comm=tailscaled prev_pid=420 prev_prio=120 prev_state=R ==> next_comm=tailscaled next_pid=417 next_prio=120
      tailscaled-417   [003] ....  4086.042925: sys_exit: NR 162 = 0
      tailscaled-417   [003] ....  4086.042928: sys_enter: NR 162 (1849f60, 0, 3b7, 14, 0, 0)
      tailscaled-417   [003] d...  4086.042934: sched_switch: prev_comm=tailscaled prev_pid=417 prev_prio=120 prev_state=S ==> next_comm=tailscaled next_pid=420 next_prio=120
      tailscaled-420   [003] ....  4086.042943: sys_enter: NR 240 (185e8d4, 80, 0, 0, 0, 0)
      tailscaled-420   [003] d...  4086.042956: sched_switch: prev_comm=tailscaled prev_pid=420 prev_prio=120 prev_state=S ==> next_comm=swapper/3 next_pid=0 next_prio=120
      tailscaled-545   [002] ....  4086.042998: sys_enter: NR 240 (185e8d4, 81, 1, 0, 0, 0)
      tailscaled-545   [002] ....  4086.043003: sys_exit: NR 240 = 1
          <idle>-0     [003] d...  4086.043015: sched_switch: prev_comm=swapper/3 prev_pid=0 prev_prio=120 prev_state=R ==> next_comm=tailscaled next_pid=417 next_prio=120
      tailscaled-417   [003] ....  4086.043017: sys_exit: NR 162 = 0
      tailscaled-417   [003] ....  4086.043021: sys_enter: NR 162 (1849f60, 0, 3b7, 14, 0, 0)
      tailscaled-417   [003] d...  4086.043027: sched_switch: prev_comm=tailscaled prev_pid=417 prev_prio=120 prev_state=S ==> next_comm=tailscaled next_pid=420 next_prio=120
      tailscaled-420   [003] ....  4086.043029: sys_exit: NR 240 = 0
      tailscaled-545   [002] ....  4086.043033: sys_enter: NR 374 (11, 1b20608, 2, 0, 0, 0)
      tailscaled-420   [003] ....  4086.043041: sys_enter: NR 240 (185e8d4, 80, 0, 0, 0, 0)
      tailscaled-420   [003] d...  4086.043051: sched_switch: prev_comm=tailscaled prev_pid=420 prev_prio=120 prev_state=S ==> next_comm=swapper/3 next_pid=0 next_prio=120
          <idle>-0     [003] d...  4086.043103: sched_switch: prev_comm=swapper/3 prev_pid=0 prev_prio=120 prev_state=R ==> next_comm=tailscaled next_pid=417 next_prio=120
      tailscaled-417   [003] ....  4086.043105: sys_exit: NR 162 = 0
          <idle>-0     [001] d...  4086.043106: sched_switch: prev_comm=swapper/1 prev_pid=0 prev_prio=120 prev_state=R ==> next_comm=kworker/u8:0 next_pid=1234 next_prio=120
      tailscaled-417   [003] ....  4086.043109: sys_enter: NR 162 (1849f60, 0, 3b7, 14, 0, 0)
      tailscaled-417   [003] d...  4086.043115: sched_switch: prev_comm=tailscaled prev_pid=417 prev_prio=120 prev_state=S ==> next_comm=swapper/3 next_pid=0 next_prio=120
      tailscaled-545   [002] ....  4086.043128: sys_exit: NR 374 = 2
    kworker/u8:0-1234  [001] d...  4086.043139: sched_switch: prev_comm=kworker/u8:0 prev_pid=1234 prev_prio=120 prev_state=D ==> next_comm=kworker/u8:1 next_pid=1240 next_prio=120
    kworker/u8:1-1240  [001] d...  4086.043145: sched_switch: prev_comm=kworker/u8:1 prev_pid=1240 prev_prio=120 prev_state=I ==> next_comm=swapper/1 next_pid=0 next_prio=120
      tailscaled-545   [002] ....  4086.043168: sys_enter: NR 240 (1a308d4, 80, 0, 0, 0, 0)
      tailscaled-545   [002] d...  4086.043186: sched_switch: prev_comm=tailscaled prev_pid=545 prev_prio=120 prev_state=S ==> next_comm=swapper/2 next_pid=0 next_prio=120
          <idle>-0     [003] d...  4086.043191: sched_switch: prev_comm=swapper/3 prev_pid=0 prev_prio=120 prev_state=R ==> next_comm=tailscaled next_pid=417 next_prio=120
      tailscaled-417   [003] ....  4086.043193: sys_exit: NR 162 = 0
      tailscaled-417   [003] ....  4086.043198: sys_enter: NR 240 (1695bd4, 80, 0, 1849f28, 0, 0)
      tailscaled-417   [003] d...  4086.043205: sched_switch: prev_comm=tailscaled prev_pid=417 prev_prio=120 prev_state=S ==> next_comm=swapper/3 next_pid=0 next_prio=120
          <idle>-0     [001] d...  4086.043209: sched_switch: prev_comm=swapper/1 prev_pid=0 prev_prio=120 prev_state=R ==> next_comm=kworker/u8:0 next_pid=1234 next_prio=120
    kworker/u8:0-1234  [001] d...  4086.043225: sched_switch: prev_comm=kworker/u8:0 prev_pid=1234 prev_prio=120 prev_state=D ==> next_comm=swapper/1 next_pid=0 next_prio=120
          <idle>-0     [001] d...  4086.043256: sched_switch: prev_comm=swapper/1 prev_pid=0 prev_prio=120 prev_state=R ==> next_comm=kworker/u8:0 next_pid=1234 next_prio=120
    kworker/u8:0-1234  [001] d...  4086.043283: sched_switch: prev_comm=kworker/u8:0 prev_pid=1234 prev_prio=120 prev_state=D ==> next_comm=tailscaled next_pid=534 next_prio=120
      tailscaled-534   [001] ....  4086.043287: sys_exit: NR 346 = 1
      tailscaled-534   [001] ....  4086.043294: sys_enter: NR 346 (4, 1c8b680, 80, 0, 0, 0)
      tailscaled-534   [001] ....  4086.043296: sys_exit: NR 346 = 0
      tailscaled-534   [001] ....  4086.043306: sys_enter: NR 346 (4, 1c8b680, 80, 39, 0, 0)
      tailscaled-534   [001] d...  4086.043312: sched_switch: prev_comm=tailscaled prev_pid=534 prev_prio=120 prev_state=S ==> next_comm=swapper/1 next_pid=0 next_prio=120
          <idle>-0     [001] d...  4086.043343: sched_switch: prev_comm=swapper/1 prev_pid=0 prev_prio=120 prev_state=R ==> next_comm=kworker/u8:0 next_pid=1234 next_prio=120
    kworker/u8:0-1234  [001] d...  4086.043359: sched_switch: prev_comm=kworker/u8:0 prev_pid=1234 prev_prio=120 prev_state=D ==> next_comm=swapper/1 next_pid=0 next_prio=120
          <idle>-0     [001] d...  4086.043390: sched_switch: prev_comm=swapper/1 prev_pid=0 prev_prio=120 prev_state=R ==> next_comm=kworker/u8:0 next_pid=1234 next_prio=120
    kworker/u8:0-1234  [001] d...  4086.043408: sched_switch: prev_comm=kworker/u8:0 prev_pid=1234 prev_prio=120 prev_state=I ==> next_comm=tailscaled next_pid=534 next_prio=120
      tailscaled-534   [001] ....  4086.043412: sys_exit: NR 346 = 1
      tailscaled-534   [001] ....  4086.043419: sys_enter: NR 346 (4, 1c8b680, 80, 0, 0, 0)
      tailscaled-534   [001] ....  4086.043421: sys_exit: NR 346 = 0
      tailscaled-534   [001] ....  4086.043430: sys_enter: NR 346 (4, 1c8b680, 80, 39, 0, 0)
      tailscaled-534   [001] d...  4086.043437: sched_switch: prev_comm=tailscaled prev_pid=534 prev_prio=120 prev_state=S ==> next_comm=swapper/1 next_pid=0 next_prio=120
          <idle>-0     [001] d...  4086.043964: sched_switch: prev_comm=swapper/1 prev_pid=0 prev_prio=120 prev_state=R ==> next_comm=irq/86-mmc1 next_pid=80 next_prio=49
     irq/86-mmc1-80    [001] d...  4086.043982: sched_switch: prev_comm=irq/86-mmc1 prev_pid=80 prev_prio=49 prev_state=D ==> next_comm=swapper/1 next_pid=0 next_prio=120
          <idle>-0     [001] d...  4086.043989: sched_switch: prev_comm=swapper/1 prev_pid=0 prev_prio=120 prev_state=R ==> next_comm=irq/86-mmc1 next_pid=80 next_prio=49
     irq/86-mmc1-80    [001] d...  4086.044006: sched_switch: prev_comm=irq/86-mmc1 prev_pid=80 prev_prio=49 prev_state=D ==> next_comm=swapper/1 next_pid=0 next_prio=120
          <idle>-0     [001] d...  4086.044016: sched_switch: prev_comm=swapper/1 prev_pid=0 prev_prio=120 prev_state=R ==> next_comm=irq/86-mmc1 next_pid=80 next_prio=49
     irq/86-mmc1-80    [001] d...  4086.044031: sched_switch: prev_comm=irq/86-mmc1 prev_pid=80 prev_prio=49 prev_state=D ==> next_comm=swapper/1 next_pid=0 next_prio=120
          <idle>-0     [001] d...  4086.044043: sched_switch: prev_comm=swapper/1 prev_pid=0 prev_prio=120 prev_state=R ==> next_comm=irq/86-mmc1 next_pid=80 next_prio=49
     irq/86-mmc1-80    [001] d...  4086.044057: sched_switch: prev_comm=irq/86-mmc1 prev_pid=80 prev_prio=49 prev_state=S ==> next_comm=kworker/u8:0 next_pid=1234 next_prio=120
    kworker/u8:0-1234  [001] d...  4086.044079: sched_switch: prev_comm=kworker/u8:0 prev_pid=1234 prev_prio=120 prev_state=D ==> next_comm=swapper/1 next_pid=0 next_prio=120
          <idle>-0     [001] d...  4086.044092: sched_switch: prev_comm=swapper/1 prev_pid=0 prev_prio=120 prev_state=R ==> next_comm=kworker/u8:0 next_pid=1234 next_prio=120
    kworker/u8:0-1234  [001] d...  4086.044112: sched_switch: prev_comm=kworker/u8:0 prev_pid=1234 prev_prio=120 prev_state=D ==> next_comm=swapper/1 next_pid=0 next_prio=120
          <idle>-0     [001] d...  4086.044126: sched_switch: prev_comm=swapper/1 prev_pid=0 prev_prio=120 prev_state=R ==> next_comm=kworker/u8:0 next_pid=1234 next_prio=120
    kworker/u8:0-1234  [001] d...  4086.044208: sched_switch: prev_comm=kworker/u8:0 prev_pid=1234 prev_prio=120 prev_state=D ==> next_comm=tailscaled next_pid=534 next_prio=120
      tailscaled-534   [001] ....  4086.044212: sys_exit: NR 346 = 1
      tailscaled-534   [001] ....  4086.044225: sys_enter: NR 240 (1695bd4, 81, 1, 0, 0, 0)
      tailscaled-534   [001] ....  4086.044229: sys_exit: NR 240 = 1
      tailscaled-534   [001] ....  4086.044231: sys_enter: NR 365 (11, 4adb308, 80, 0, 0, 0)
          <idle>-0     [003] d...  4086.044237: sched_switch: prev_comm=swapper/3 prev_pid=0 prev_prio=120 prev_state=R ==> next_comm=tailscaled next_pid=417 next_prio=120
      tailscaled-417   [003] ....  4086.044240: sys_exit: NR 240 = 0
      tailscaled-417   [003] ....  4086.044244: sys_enter: NR 162 (1849f60, 0, 3b7, 14, 0, 0)
      tailscaled-534   [001] ....  4086.044246: sys_exit: NR 365 = 1
      tailscaled-417   [003] d...  4086.044259: sched_switch: prev_comm=tailscaled prev_pid=417 prev_prio=120 prev_state=S ==> next_comm=swapper/3 next_pid=0 next_prio=120
      tailscaled-534   [001] ....  4086.044316: sys_enter: NR 240 (1a308d4, 81, 1, 0, 0, 0)
      tailscaled-534   [001] ....  4086.044320: sys_exit: NR 240 = 1
          <idle>-0     [003] d...  4086.044326: sched_switch: prev_comm=swapper/3 prev_pid=0 prev_prio=120 prev_state=R ==> next_comm=tailscaled next_pid=417 next_prio=120
          <idle>-0     [002] d...  4086.044327: sched_switch: prev_comm=swapper/2 prev_pid=0 prev_prio=120 prev_state=R ==> next_comm=tailscaled next_pid=545 next_prio=120
      tailscaled-417   [003] ....  4086.044328: sys_exit: NR 162 = 0
      tailscaled-545   [002] ....  4086.044330: sys_exit: NR 240 = 0
      tailscaled-417   [003] ....  4086.044331: sys_enter: NR 162 (1849f60, 0, 3b7, 14, 0, 0)
      tailscaled-545   [002] ....  4086.044335: sys_enter: NR 346 (4, 1cd1680, 80, 0, 0, 0)
      tailscaled-545   [002] ....  4086.044337: sys_exit: NR 346 = 0
      tailscaled-417   [003] d...  4086.044342: sched_switch: prev_comm=tailscaled prev_pid=417 prev_prio=120 prev_state=S ==> next_comm=swapper/3 next_pid=0 next_prio=120
      tailscaled-545   [002] ....  4086.044342: sys_enter: NR 240 (185e8d4, 81, 1, 0, 0, 0)
      tailscaled-545   [002] ....  4086.044346: sys_exit: NR 240 = 1
          <idle>-0     [003] d...  4086.044356: sched_switch: prev_comm=swapper/3 prev_pid=0 prev_prio=120 prev_state=R ==> next_comm=tailscaled next_pid=420 next_prio=120
