      tailscaled-545   [002] ....  4086.044357: sys_enter: NR 346 (4, 1cd1680, 80, 0, 0, 0)
      tailscaled-420   [003] ....  4086.044358: sys_exit: NR 240 = 0
      tailscaled-545   [002] ....  4086.044359: sys_exit: NR 346 = 0
      tailscaled-420   [003] ....  4086.044363: sys_enter: NR 346 (4, 1877680, 80, 0, 0, 0)
      tailscaled-545   [002] ....  4086.044365: sys_enter: NR 162 (1cd1dcc, 0, 18039e8, 3, 3b7, 0)
      tailscaled-420   [003] ....  4086.044365: sys_exit: NR 346 = 0
      tailscaled-534   [001] ....  4086.044368: sys_enter: NR 365 (11, 1b20608, 80, 0, 0, 0)
      tailscaled-534   [001] ....  4086.044372: sys_exit: NR 365 = -11
      tailscaled-534   [001] ....  4086.044379: sys_enter: NR 346 (4, 1c8b680, 80, 0, 0, 0)
      tailscaled-545   [002] d...  4086.044379: sched_switch: prev_comm=tailscaled prev_pid=545 prev_prio=120 prev_state=S ==> next_comm=swapper/2 next_pid=0 next_prio=120
      tailscaled-534   [001] ....  4086.044380: sys_exit: NR 346 = 0
      tailscaled-534   [001] ....  4086.044392: sys_enter: NR 346 (4, 1c8b680, 80, 38, 0, 0)
      tailscaled-534   [001] d...  4086.044401: sched_switch: prev_comm=tailscaled prev_pid=534 prev_prio=120 prev_state=S ==> next_comm=kworker/u8:0 next_pid=1234 next_prio=120
    kworker/u8:0-1234  [001] d...  4086.044411: sched_switch: prev_comm=kworker/u8:0 prev_pid=1234 prev_prio=120 prev_state=I ==> next_comm=swapper/1 next_pid=0 next_prio=120
      tailscaled-420   [003] d...  4086.044413: sched_switch: prev_comm=tailscaled prev_pid=420 prev_prio=120 prev_state=R ==> next_comm=tailscaled next_pid=417 next_prio=120
      tailscaled-417   [003] ....  4086.044415: sys_exit: NR 162 = 0
      tailscaled-417   [003] ....  4086.044419: sys_enter: NR 162 (1849f60, 0, 3b7, 14, 0, 0)
      tailscaled-417   [003] d...  4086.044426: sched_switch: prev_comm=tailscaled prev_pid=417 prev_prio=120 prev_state=S ==> next_comm=tailscaled next_pid=420 next_prio=120
          <idle>-0     [002] d...  4086.044429: sched_switch: prev_comm=swapper/2 prev_pid=0 prev_prio=120 prev_state=R ==> next_comm=tailscaled next_pid=545 next_prio=120
      tailscaled-545   [002] ....  4086.044432: sys_exit: NR 162 = 0
      tailscaled-545   [002] ....  4086.044439: sys_enter: NR 240 (1a308d4, 80, 0, 0, 0, 0)
      tailscaled-545   [002] d...  4086.044450: sched_switch: prev_comm=tailscaled prev_pid=545 prev_prio=120 prev_state=S ==> next_comm=swapper/2 next_pid=0 next_prio=120
      tailscaled-420   [003] ....  4086.044487: sys_enter: NR 4 (c, 2c0e006, 32, 0, 0, 0)
      tailscaled-420   [003] d...  4086.044504: sched_switch: prev_comm=tailscaled prev_pid=420 prev_prio=120 prev_state=R+ ==> next_comm=tailscaled next_pid=417 next_prio=120
      tailscaled-417   [003] ....  4086.044506: sys_exit: NR 162 = 0
      tailscaled-417   [003] ....  4086.044510: sys_enter: NR 162 (1849f60, 0, 3b7, 14, 0, 0)
      tailscaled-417   [003] d...  4086.044516: sched_switch: prev_comm=tailscaled prev_pid=417 prev_prio=120 prev_state=S ==> next_comm=tailscaled next_pid=420 next_prio=120
          <idle>-0     [001] d...  4086.044622: sched_switch: prev_comm=swapper/1 prev_pid=0 prev_prio=120 prev_state=R ==> next_comm=tailscaled next_pid=534 next_prio=120
      tailscaled-534   [001] ....  4086.044627: sys_exit: NR 346 = 1
      tailscaled-420   [003] .n..  4086.044630: sys_exit: NR 4 = 50
      tailscaled-420   [003] d...  4086.044633: sched_switch: prev_comm=tailscaled prev_pid=420 prev_prio=120 prev_state=R ==> next_comm=tailscaled next_pid=417 next_prio=120
      tailscaled-534   [001] ....  4086.044634: sys_enter: NR 3 (c, 1bc205c, 10009, 0, 0, 0)
      tailscaled-417   [003] ....  4086.044635: sys_exit: NR 162 = 0
      tailscaled-417   [003] ....  4086.044639: sys_enter: NR 162 (1849f60, 0, 3b7, 14, 0, 0)
      tailscaled-417   [003] d...  4086.044646: sched_switch: prev_comm=tailscaled prev_pid=417 prev_prio=120 prev_state=S ==> next_comm=tailscaled next_pid=420 next_prio=120
      tailscaled-534   [001] ....  4086.044647: sys_exit: NR 3 = 2530
      tailscaled-420   [003] ....  4086.044662: sys_enter: NR 346 (4, 1877680, 80, 0, 0, 0)
      tailscaled-420   [003] ....  4086.044664: sys_exit: NR 346 = 0
      tailscaled-420   [003] ....  4086.044676: sys_enter: NR 346 (4, 1877680, 80, 38, 0, 0)
      tailscaled-534   [001] ....  4086.044680: sys_enter: NR 240 (1a308d4, 81, 1, 0, 0, 0)
      tailscaled-534   [001] ....  4086.044683: sys_exit: NR 240 = 1
          <idle>-0     [002] d...  4086.044689: sched_switch: prev_comm=swapper/2 prev_pid=0 prev_prio=120 prev_state=R ==> next_comm=tailscaled next_pid=545 next_prio=120
      tailscaled-420   [003] d...  4086.044689: sched_switch: prev_comm=tailscaled prev_pid=420 prev_prio=120 prev_state=S ==> next_comm=swapper/3 next_pid=0 next_prio=120
      tailscaled-545   [002] ....  4086.044691: sys_exit: NR 240 = 0
      tailscaled-545   [002] ....  4086.044703: sys_enter: NR 240 (1a308d4, 80, 0, 0, 0, 0)
      tailscaled-545   [002] d...  4086.044710: sched_switch: prev_comm=tailscaled prev_pid=545 prev_prio=120 prev_state=S ==> next_comm=swapper/2 next_pid=0 next_prio=120
          <idle>-0     [003] d...  4086.044722: sched_switch: prev_comm=swapper/3 prev_pid=0 prev_prio=120 prev_state=R ==> next_comm=tailscaled next_pid=417 next_prio=120
      tailscaled-417   [003] ....  4086.044724: sys_exit: NR 162 = 0
      tailscaled-417   [003] ....  4086.044728: sys_enter: NR 162 (1849f60, 0, 3b7, 14, 0, 0)
      tailscaled-417   [003] d...  4086.044734: sched_switch: prev_comm=tailscaled prev_pid=417 prev_prio=120 prev_state=S ==> next_comm=swapper/3 next_pid=0 next_prio=120
      tailscaled-534   [001] ....  4086.044741: sys_enter: NR 240 (1a308d4, 81, 1, 0, 0, 0)
      tailscaled-534   [001] ....  4086.044744: sys_exit: NR 240 = 1
          <idle>-0     [002] d...  4086.044750: sched_switch: prev_comm=swapper/2 prev_pid=0 prev_prio=120 prev_state=R ==> next_comm=tailscaled next_pid=545 next_prio=120
      tailscaled-545   [002] ....  4086.044752: sys_exit: NR 240 = 0
      tailscaled-545   [002] ....  4086.044758: sys_enter: NR 162 (1cd1dcc, 0, 18839e8, 3, 3b7, 0)
      tailscaled-545   [002] d...  4086.044764: sched_switch: prev_comm=tailscaled prev_pid=545 prev_prio=120 prev_state=S ==> next_comm=swapper/2 next_pid=0 next_prio=120
          <idle>-0     [003] d...  4086.044809: sched_switch: prev_comm=swapper/3 prev_pid=0 prev_prio=120 prev_state=R ==> next_comm=tailscaled next_pid=417 next_prio=120
      tailscaled-417   [003] ....  4086.044811: sys_exit: NR 162 = 0
      tailscaled-417   [003] ....  4086.044814: sys_enter: NR 162 (1849f60, 0, 3b7, 14, 0, 0)
      tailscaled-417   [003] d...  4086.044820: sched_switch: prev_comm=tailscaled prev_pid=417 prev_prio=120 prev_state=S ==> next_comm=swapper/3 next_pid=0 next_prio=120
          <idle>-0     [002] d...  4086.044821: sched_switch: prev_comm=swapper/2 prev_pid=0 prev_prio=120 prev_state=R ==> next_comm=tailscaled next_pid=545 next_prio=120
      tailscaled-545   [002] ....  4086.044823: sys_exit: NR 162 = 0
      tailscaled-545   [002] ....  4086.044828: sys_enter: NR 240 (16927c4, 81, 1, 0, 0, 0)
      tailscaled-545   [002] ....  4086.044831: sys_exit: NR 240 = 1
      tailscaled-545   [002] ....  4086.044839: sys_enter: NR 3 (c, 1bc205c, 10009, 0, 0, 0)
          <idle>-0     [000] d...  4086.044839: sched_switch: prev_comm=swapper/0 prev_pid=0 prev_prio=120 prev_state=R ==> next_comm=tailscaled next_pid=357 next_prio=120
      tailscaled-545   [002] ....  4086.044842: sys_exit: NR 3 = -11
      tailscaled-357   [000] ....  4086.044842: sys_exit: NR 240 = 0
      tailscaled-545   [002] ....  4086.044857: sys_enter: NR 240 (1a308d4, 80, 0, 0, 0, 0)
      tailscaled-357   [000] ....  4086.044864: sys_enter: NR 240 (16927c4, 80, 0, 0, 0, 0)
      tailscaled-545   [002] d...  4086.044864: sched_switch: prev_comm=tailscaled prev_pid=545 prev_prio=120 prev_state=S ==> next_comm=swapper/2 next_pid=0 next_prio=120
      tailscaled-357   [000] d...  4086.044870: sched_switch: prev_comm=tailscaled prev_pid=357 prev_prio=120 prev_state=S ==> next_comm=swapper/0 next_pid=0 next_prio=120
          <idle>-0     [003] d...  4086.044896: sched_switch: prev_comm=swapper/3 prev_pid=0 prev_prio=120 prev_state=R ==> next_comm=tailscaled next_pid=417 next_prio=120
      tailscaled-417   [003] ....  4086.044898: sys_exit: NR 162 = 0
      tailscaled-417   [003] ....  4086.044901: sys_enter: NR 162 (1849f60, 0, 3b7, 14, 0, 0)
      tailscaled-417   [003] d...  4086.044907: sched_switch: prev_comm=tailscaled prev_pid=417 prev_prio=120 prev_state=S ==> next_comm=swapper/3 next_pid=0 next_prio=120
      tailscaled-534   [001] ....  4086.044939: sys_enter: NR 240 (16927c4, 81, 1, 0, 0, 0)
      tailscaled-534   [001] ....  4086.044942: sys_exit: NR 240 = 1
          <idle>-0     [000] d...  4086.044948: sched_switch: prev_comm=swapper/0 prev_pid=0 prev_prio=120 prev_state=R ==> next_comm=tailscaled next_pid=357 next_prio=120
      tailscaled-357   [000] ....  4086.044950: sys_exit: NR 240 = 0
      tailscaled-357   [000] ....  4086.044962: sys_enter: NR 240 (16927c4, 80, 0, 0, 0, 0)
      tailscaled-357   [000] d...  4086.044967: sched_switch: prev_comm=tailscaled prev_pid=357 prev_prio=120 prev_state=S ==> next_comm=swapper/0 next_pid=0 next_prio=120
      tailscaled-534   [001] ....  4086.044979: sys_enter: NR 374 (11, 1a87908, 2, 0, 0, 0)
          <idle>-0     [003] d...  4086.044982: sched_switch: prev_comm=swapper/3 prev_pid=0 prev_prio=120 prev_state=R ==> next_comm=tailscaled next_pid=417 next_prio=120
      tailscaled-417   [003] ....  4086.044985: sys_exit: NR 162 = 0
      tailscaled-417   [003] ....  4086.044988: sys_enter: NR 162 (1849f60, 0, 3b7, 14, 0, 0)
      tailscaled-417   [003] d...  4086.044993: sched_switch: prev_comm=tailscaled prev_pid=417 prev_prio=120 prev_state=S ==> next_comm=swapper/3 next_pid=0 next_prio=120
      tailscaled-534   [001] ....  4086.045068: sys_exit: NR 374 = 2
          <idle>-0     [003] d...  4086.045069: sched_switch: prev_comm=swapper/3 prev_pid=0 prev_prio=120 prev_state=R ==> next_comm=tailscaled next_pid=417 next_prio=120
      tailscaled-417   [003] ....  4086.045070: sys_exit: NR 162 = 0
      tailscaled-417   [003] ....  4086.045074: sys_enter: NR 162 (1849f60, 0, 3b7, 14, 0, 0)
      tailscaled-417   [003] d...  4086.045079: sched_switch: prev_comm=tailscaled prev_pid=417 prev_prio=120 prev_state=S ==> next_comm=swapper/3 next_pid=0 next_prio=120
      tailscaled-534   [001] ....  4086.045112: sys_enter: NR 240 (1a300d4, 80, 0, 0, 0, 0)
      tailscaled-534   [001] d...  4086.045120: sched_switch: prev_comm=tailscaled prev_pid=534 prev_prio=120 prev_state=S ==> next_comm=kworker/u8:0 next_pid=1234 next_prio=120
          <idle>-0     [003] d...  4086.045155: sched_switch: prev_comm=swapper/3 prev_pid=0 prev_prio=120 prev_state=R ==> next_comm=tailscaled next_pid=417 next_prio=120
      tailscaled-417   [003] ....  4086.045156: sys_exit: NR 162 = 0
      tailscaled-417   [003] ....  4086.045163: sys_enter: NR 240 (1695bd4, 80, 0, 1849f28, 0, 0)
      tailscaled-417   [003] d...  4086.045169: sched_switch: prev_comm=tailscaled prev_pid=417 prev_prio=120 prev_state=S ==> next_comm=swapper/3 next_pid=0 next_prio=120
    kworker/u8:0-1234  [001] d...  4086.045176: sched_switch: prev_comm=kworker/u8:0 prev_pid=1234 prev_prio=120 prev_state=D ==> next_comm=swapper/1 next_pid=0 next_prio=120
          <idle>-0     [001] d...  4086.045329: sched_switch: prev_comm=swapper/1 prev_pid=0 prev_prio=120 prev_state=R ==> next_comm=kworker/u8:0 next_pid=1234 next_prio=120
          <idle>-0     [003] d...  4086.045347: sched_switch: prev_comm=swapper/3 prev_pid=0 prev_prio=120 prev_state=R ==> next_comm=tailscaled next_pid=420 next_prio=120
    kworker/u8:0-1234  [001] d...  4086.045348: sched_switch: prev_comm=kworker/u8:0 prev_pid=1234 prev_prio=120 prev_state=I ==> next_comm=swapper/1 next_pid=0 next_prio=120
      tailscaled-420   [003] ....  4086.045352: sys_exit: NR 346 = 1
      tailscaled-420   [003] ....  4086.045359: sys_enter: NR 346 (4, 1877680, 80, 0, 0, 0)
      tailscaled-420   [003] ....  4086.045361: sys_exit: NR 346 = 0
      tailscaled-420   [003] ....  4086.045371: sys_enter: NR 346 (4, 1877680, 80, 37, 0, 0)
      tailscaled-420   [003] d...  4086.045378: sched_switch: prev_comm=tailscaled prev_pid=420 prev_prio=120 prev_state=S ==> next_comm=swapper/3 next_pid=0 next_prio=120
          <idle>-0     [001] d...  4086.049281: sched_switch: prev_comm=swapper/1 prev_pid=0 prev_prio=120 prev_state=R ==> next_comm=irq/86-mmc1 next_pid=80 next_prio=49
     irq/86-mmc1-80    [001] d...  4086.049306: sched_switch: prev_comm=irq/86-mmc1 prev_pid=80 prev_prio=49 prev_state=D ==> next_comm=swapper/1 next_pid=0 next_prio=120
          <idle>-0     [001] d...  4086.049312: sched_switch: prev_comm=swapper/1 prev_pid=0 prev_prio=120 prev_state=R ==> next_comm=irq/86-mmc1 next_pid=80 next_prio=49
     irq/86-mmc1-80    [001] d...  4086.049330: sched_switch: prev_comm=irq/86-mmc1 prev_pid=80 prev_prio=49 prev_state=D ==> next_comm=swapper/1 next_pid=0 next_prio=120
          <idle>-0     [001] d...  4086.049342: sched_switch: prev_comm=swapper/1 prev_pid=0 prev_prio=120 prev_state=R ==> next_comm=irq/86-mmc1 next_pid=80 next_prio=49
     irq/86-mmc1-80    [001] d...  4086.049358: sched_switch: prev_comm=irq/86-mmc1 prev_pid=80 prev_prio=49 prev_state=D ==> next_comm=swapper/1 next_pid=0 next_prio=120
          <idle>-0     [001] d...  4086.049371: sched_switch: prev_comm=swapper/1 prev_pid=0 prev_prio=120 prev_state=R ==> next_comm=irq/86-mmc1 next_pid=80 next_prio=49
     irq/86-mmc1-80    [001] d...  4086.049385: sched_switch: prev_comm=irq/86-mmc1 prev_pid=80 prev_prio=49 prev_state=S ==> next_comm=kworker/u8:0 next_pid=1234 next_prio=120
    kworker/u8:0-1234  [001] d...  4086.049408: sched_switch: prev_comm=kworker/u8:0 prev_pid=1234 prev_prio=120 prev_state=D ==> next_comm=swapper/1 next_pid=0 next_prio=120
          <idle>-0     [001] d...  4086.049421: sched_switch: prev_comm=swapper/1 prev_pid=0 prev_prio=120 prev_state=R ==> next_comm=irq/86-mmc1 next_pid=80 next_prio=49
     irq/86-mmc1-80    [001] d...  4086.049427: sched_switch: prev_comm=irq/86-mmc1 prev_pid=80 prev_prio=49 prev_state=D ==> next_comm=kworker/u8:0 next_pid=1234 next_prio=120
    kworker/u8:0-1234  [001] d...  4086.049445: sched_switch: prev_comm=kworker/u8:0 prev_pid=1234 prev_prio=120 prev_state=D ==> next_comm=swapper/1 next_pid=0 next_prio=120
          <idle>-0     [001] d...  4086.049460: sched_switch: prev_comm=swapper/1 prev_pid=0 prev_prio=120 prev_state=R ==> next_comm=kworker/u8:0 next_pid=1234 next_prio=120
    kworker/u8:0-1234  [001] d...  4086.049520: sched_switch: prev_comm=kworker/u8:0 prev_pid=1234 prev_prio=120 prev_state=R+ ==> next_comm=irq/86-mmc1 next_pid=80 next_prio=49
          <idle>-0     [003] d...  4086.049522: sched_switch: prev_comm=swapper/3 prev_pid=0 prev_prio=120 prev_state=R ==> next_comm=tailscaled next_pid=420 next_prio=120
      tailscaled-420   [003] ....  4086.049526: sys_exit: NR 346 = 1
     irq/86-mmc1-80    [001] d...  4086.049532: sched_switch: prev_comm=irq/86-mmc1 prev_pid=80 prev_prio=49 prev_state=D ==> next_comm=kworker/u8:0 next_pid=1234 next_prio=120
      tailscaled-420   [003] ....  4086.049535: sys_enter: NR 240 (1695bd4, 81, 1, 0, 0, 0)
    kworker/u8:0-1234  [001] d...  4086.049536: sched_switch: prev_comm=kworker/u8:0 prev_pid=1234 prev_prio=120 prev_state=D ==> next_comm=swapper/1 next_pid=0 next_prio=120
          <idle>-0     [001] d...  4086.049541: sched_switch: prev_comm=swapper/1 prev_pid=0 prev_prio=120 prev_state=R ==> next_comm=irq/86-mmc1 next_pid=80 next_prio=49
      tailscaled-420   [003] .n..  4086.049542: sys_exit: NR 240 = 1
      tailscaled-420   [003] d...  4086.049546: sched_switch: prev_comm=tailscaled prev_pid=420 prev_prio=120 prev_state=R ==> next_comm=tailscaled next_pid=417 next_prio=120
      tailscaled-417   [003] ....  4086.049548: sys_exit: NR 240 = 0
      tailscaled-417   [003] ....  4086.049551: sys_enter: NR 158 (101, 4, 1695b44, 1, 0, 0)
      tailscaled-417   [003] ....  4086.049555: sys_exit: NR 158 = 0
     irq/86-mmc1-80    [001] d...  4086.049557: sched_switch: prev_comm=irq/86-mmc1 prev_pid=80 prev_prio=49 prev_state=D ==> next_comm=swapper/1 next_pid=0 next_prio=120
      tailscaled-417   [003] ....  4086.049558: sys_enter: NR 240 (185e328, 80, ffffffff, 0, 0, 0)
      tailscaled-417   [003] d...  4086.049564: sched_switch: prev_comm=tailscaled prev_pid=417 prev_prio=120 prev_state=S ==> next_comm=tailscaled next_pid=420 next_prio=120
          <idle>-0     [001] d...  4086.049567: sched_switch: prev_comm=swapper/1 prev_pid=0 prev_prio=120 prev_state=R ==> next_comm=irq/86-mmc1 next_pid=80 next_prio=49
      tailscaled-420   [003] ....  4086.049567: sys_enter: NR 240 (185e328, 81, 1, 0, 0, 0)
      tailscaled-420   [003] .n..  4086.049573: sys_exit: NR 240 = 1
      tailscaled-420   [003] d...  4086.049575: sched_switch: prev_comm=tailscaled prev_pid=420 prev_prio=120 prev_state=R ==> next_comm=tailscaled next_pid=417 next_prio=120
      tailscaled-417   [003] ....  4086.049577: sys_exit: NR 240 = 0
     irq/86-mmc1-80    [001] d...  4086.049582: sched_switch: prev_comm=irq/86-mmc1 prev_pid=80 prev_prio=49 prev_state=D ==> next_comm=swapper/1 next_pid=0 next_prio=120
      tailscaled-417   [003] ....  4086.049582: sys_enter: NR 162 (1849f60, 0, 3b7, 14, 0, 0)
      tailscaled-417   [003] d...  4086.049588: sched_switch: prev_comm=tailscaled prev_pid=417 prev_prio=120 prev_state=S ==> next_comm=tailscaled next_pid=420 next_prio=120
      tailscaled-420   [003] ....  4086.049591: sys_enter: NR 365 (11, 1b20608, 80, 0, 0, 0)
          <idle>-0     [001] d...  4086.049594: sched_switch: prev_comm=swapper/1 prev_pid=0 prev_prio=120 prev_state=R ==> next_comm=irq/86-mmc1 next_pid=80 next_prio=49
      tailscaled-420   [003] ....  4086.049608: sys_exit: NR 365 = 1
     irq/86-mmc1-80    [001] d...  4086.049611: sched_switch: prev_comm=irq/86-mmc1 prev_pid=80 prev_prio=49 prev_state=S ==> next_comm=kworker/u8:1 next_pid=1240 next_prio=120
    kworker/u8:1-1240  [001] d...  4086.049617: sched_switch: prev_comm=kworker/u8:1 prev_pid=1240 prev_prio=120 prev_state=I ==> next_comm=kworker/u8:0 next_pid=1234 next_prio=120
    kworker/u8:0-1234  [001] d...  4086.049634: sched_switch: prev_comm=kworker/u8:0 prev_pid=1234 prev_prio=120 prev_state=D ==> next_comm=swapper/1 next_pid=0 next_prio=120
          <idle>-0     [001] d...  4086.049648: sched_switch: prev_comm=swapper/1 prev_pid=0 prev_prio=120 prev_state=R ==> next_comm=kworker/u8:0 next_pid=1234 next_prio=120
      tailscaled-420   [003] d...  4086.049663: sched_switch: prev_comm=tailscaled prev_pid=420 prev_prio=120 prev_state=R ==> next_comm=tailscaled next_pid=417 next_prio=120
    kworker/u8:0-1234  [001] d...  4086.049665: sched_switch: prev_comm=kworker/u8:0 prev_pid=1234 prev_prio=120 prev_state=D ==> next_comm=swapper/1 next_pid=0 next_prio=120
      tailscaled-417   [003] ....  4086.049666: sys_exit: NR 162 = 0
      tailscaled-417   [003] ....  4086.049669: sys_enter: NR 162 (1849f60, 0, 3b7, 14, 0, 0)
      tailscaled-417   [003] d...  4086.049675: sched_switch: prev_comm=tailscaled prev_pid=417 prev_prio=120 prev_state=S ==> next_comm=tailscaled next_pid=420 next_prio=120
          <idle>-0     [001] d...  4086.049679: sched_switch: prev_comm=swapper/1 prev_pid=0 prev_prio=120 prev_state=R ==> next_comm=kworker/u8:0 next_pid=1234 next_prio=120
      tailscaled-420   [003] ....  4086.049696: sys_enter: NR 240 (1a300d4, 81, 1, 0, 0, 0)
      tailscaled-420   [003] ....  4086.049699: sys_exit: NR 240 = 1
    kworker/u8:0-1234  [001] d...  4086.049727: sched_switch: prev_comm=kworker/u8:0 prev_pid=1234 prev_prio=120 prev_state=D ==> next_comm=tailscaled next_pid=534 next_prio=120
      tailscaled-534   [001] ....  4086.049729: sys_exit: NR 240 = 0
      tailscaled-534   [001] ....  4086.049739: sys_enter: NR 346 (4, 1c8b680, 80, 0, 0, 0)
      tailscaled-534   [001] ....  4086.049742: sys_exit: NR 346 = 1
      tailscaled-534   [001] ....  4086.049748: sys_enter: NR 240 (16927c4, 81, 1, 0, 0, 0)
      tailscaled-420   [003] d...  4086.049750: sched_switch: prev_comm=tailscaled prev_pid=420 prev_prio=120 prev_state=R ==> next_comm=tailscaled next_pid=417 next_prio=120
      tailscaled-417   [003] ....  4086.049752: sys_exit: NR 162 = 0
      tailscaled-534   [001] ....  4086.049752: sys_exit: NR 240 = 1
      tailscaled-417   [003] ....  4086.049755: sys_enter: NR 162 (1849f60, 0, 3b7, 14, 0, 0)
          <idle>-0     [000] d...  4086.049760: sched_switch: prev_comm=swapper/0 prev_pid=0 prev_prio=120 prev_state=R ==> next_comm=tailscaled next_pid=357 next_prio=120
      tailscaled-417   [003] d...  4086.049762: sched_switch: prev_comm=tailscaled prev_pid=417 prev_prio=120 prev_state=S ==> next_comm=tailscaled next_pid=420 next_prio=120
      tailscaled-357   [000] ....  4086.049763: sys_exit: NR 240 = 0
      tailscaled-534   [001] ....  4086.049765: sys_enter: NR 346 (4, 1c8b680, 80, 0, 0, 0)
      tailscaled-534   [001] ....  4086.049767: sys_exit: NR 346 = 0
      tailscaled-357   [000] ....  4086.049771: sys_enter: NR 162 (7eb63acc, 0, 1cc4a28, 3, 3b7, 0)
      tailscaled-534   [001] ....  4086.049772: sys_enter: NR 162 (1c8bdcc, 0, 1cc4a28, 3, 3b7, 1)
      tailscaled-420   [003] ....  4086.049774: sys_enter: NR 365 (11, 1a87908, 80, 0, 0, 0)
      tailscaled-534   [001] d...  4086.049781: sched_switch: prev_comm=tailscaled prev_pid=534 prev_prio=120 prev_state=S ==> next_comm=kworker/u8:0 next_pid=1234 next_prio=120
      tailscaled-420   [003] ....  4086.049783: sys_exit: NR 365 = 1
      tailscaled-357   [000] d...  4086.049789: sched_switch: prev_comm=tailscaled prev_pid=357 prev_prio=120 prev_state=S ==> next_comm=swapper/0 next_pid=0 next_prio=120
    kworker/u8:0-1234  [001] d...  4086.049799: sched_switch: prev_comm=kworker/u8:0 prev_pid=1234 prev_prio=120 prev_state=D ==> next_comm=swapper/1 next_pid=0 next_prio=120
          <idle>-0     [001] d...  4086.049818: sched_switch: prev_comm=swapper/1 prev_pid=0 prev_prio=120 prev_state=R ==> next_comm=kworker/u8:0 next_pid=1234 next_prio=120
          <idle>-0     [000] d...  4086.049835: sched_switch: prev_comm=swapper/0 prev_pid=0 prev_prio=120 prev_state=R ==> next_comm=tailscaled next_pid=357 next_prio=120
      tailscaled-420   [003] d...  4086.049837: sched_switch: prev_comm=tailscaled prev_pid=420 prev_prio=120 prev_state=R ==> next_comm=tailscaled next_pid=417 next_prio=120
      tailscaled-357   [000] ....  4086.049838: sys_exit: NR 162 = 0
      tailscaled-417   [003] ....  4086.049840: sys_exit: NR 162 = 0
      tailscaled-417   [003] ....  4086.049843: sys_enter: NR 162 (1849f60, 0, 3b7, 14, 0, 0)
      tailscaled-417   [003] d...  4086.049850: sched_switch: prev_comm=tailscaled prev_pid=417 prev_prio=120 prev_state=S ==> next_comm=tailscaled next_pid=420 next_prio=120
    kworker/u8:0-1234  [001] d...  4086.049869: sched_switch: prev_comm=kworker/u8:0 prev_pid=1234 prev_prio=120 prev_state=D ==> next_comm=tailscaled next_pid=534 next_prio=120
      tailscaled-534   [001] ....  4086.049871: sys_exit: NR 162 = 0
      tailscaled-534   [001] ....  4086.049873: sys_enter: NR 162 (1c8bdcc, 0, 1cc46c8, 3, 3b7, 1)
      tailscaled-534   [001] d...  4086.049879: sched_switch: prev_comm=tailscaled prev_pid=534 prev_prio=120 prev_state=S ==> next_comm=swapper/1 next_pid=0 next_prio=120
      tailscaled-420   [003] ....  4086.049883: sys_enter: NR 365 (11, 1a87908, 80, 0, 0, 0)
          <idle>-0     [001] d...  4086.049885: sched_switch: prev_comm=swapper/1 prev_pid=0 prev_prio=120 prev_state=R ==> next_comm=kworker/u8:0 next_pid=1234 next_prio=120
      tailscaled-420   [003] ....  4086.049892: sys_exit: NR 365 = 1
    kworker/u8:0-1234  [001] d...  4086.049903: sched_switch: prev_comm=kworker/u8:0 prev_pid=1234 prev_prio=120 prev_state=D ==> next_comm=swapper/1 next_pid=0 next_prio=120
          <idle>-0     [001] d...  4086.049917: sched_switch: prev_comm=swapper/1 prev_pid=0 prev_prio=120 prev_state=R ==> next_comm=kworker/u8:0 next_pid=1234 next_prio=120
      tailscaled-420   [003] d...  4086.049924: sched_switch: prev_comm=tailscaled prev_pid=420 prev_prio=120 prev_state=R ==> next_comm=tailscaled next_pid=417 next_prio=120
      tailscaled-417   [003] ....  4086.049927: sys_exit: NR 162 = 0
      tailscaled-417   [003] ....  4086.049930: sys_enter: NR 162 (1849f60, 0, 3b7, 14, 0, 0)
      tailscaled-417   [003] d...  4086.049937: sched_switch: prev_comm=tailscaled prev_pid=417 prev_prio=120 prev_state=S ==> next_comm=tailscaled next_pid=420 next_prio=120
    kworker/u8:0-1234  [001] d...  4086.049966: sched_switch: prev_comm=kworker/u8:0 prev_pid=1234 prev_prio=120 prev_state=D ==> next_comm=tailscaled next_pid=534 next_prio=120
      tailscaled-534   [001] ....  4086.049968: sys_exit: NR 162 = 0
      tailscaled-534   [001] ....  4086.049974: sys_enter: NR 240 (1a308d4, 81, 1, 0, 0, 0)
      tailscaled-357   [000] ....  4086.049981: sys_enter: NR 4 (c, 4b96006, 32, 0, 0, 0)
      tailscaled-534   [001] ....  4086.049982: sys_exit: NR 240 = 1
          <idle>-0     [002] d...  4086.049990: sched_switch: prev_comm=swapper/2 prev_pid=0 prev_prio=120 prev_state=R ==> next_comm=tailscaled next_pid=545 next_prio=120
      tailscaled-420   [003] ....  4086.049992: sys_enter: NR 365 (11, 1a87908, 80, 0, 0, 0)
      tailscaled-545   [002] ....  4086.049992: sys_exit: NR 240 = 0
      tailscaled-545   [002] ....  4086.049998: sys_enter: NR 346 (4, 1cd1680, 80, 0, 0, 0)
      tailscaled-545   [002] ....  4086.050001: sys_exit: NR 346 = 1
      tailscaled-420   [003] ....  4086.050001: sys_exit: NR 365 = 1
      tailscaled-420   [003] d...  4086.050013: sched_switch: prev_comm=tailscaled prev_pid=420 prev_prio=120 prev_state=R ==> next_comm=tailscaled next_pid=417 next_prio=120
      tailscaled-417   [003] ....  4086.050015: sys_exit: NR 162 = 0
      tailscaled-545   [002] ....  4086.050015: sys_enter: NR 346 (4, 1cd1680, 80, 33, 0, 0)
      tailscaled-417   [003] ....  4086.050020: sys_enter: NR 162 (1849f60, 0, 3b7, 14, 0, 0)
      tailscaled-417   [003] d...  4086.050026: sched_switch: prev_comm=tailscaled prev_pid=417 prev_prio=120 prev_state=S ==> next_comm=tailscaled next_pid=420 next_prio=120
      tailscaled-534   [001] ....  4086.050031: sys_enter: NR 240 (1a300d4, 80, 0, 0, 0, 0)
      tailscaled-545   [002] d...  4086.050035: sched_switch: prev_comm=tailscaled prev_pid=545 prev_prio=120 prev_state=S ==> next_comm=swapper/2 next_pid=0 next_prio=120
      tailscaled-534   [001] d...  4086.050039: sched_switch: prev_comm=tailscaled prev_pid=534 prev_prio=120 prev_state=S ==> next_comm=kworker/u8:0 next_pid=1234 next_prio=120
    kworker/u8:0-1234  [001] d...  4086.050067: sched_switch: prev_comm=kworker/u8:0 prev_pid=1234 prev_prio=120 prev_state=D ==> next_comm=swapper/1 next_pid=0 next_prio=120
      tailscaled-420   [003] ....  4086.050076: sys_enter: NR 240 (1a300d4, 81, 1, 0, 0, 0)
      tailscaled-420   [003] ....  4086.050080: sys_exit: NR 240 = 1
          <idle>-0     [001] d...  4086.050087: sched_switch: prev_comm=swapper/1 prev_pid=0 prev_prio=120 prev_state=R ==> next_comm=tailscaled next_pid=534 next_prio=120
      tailscaled-534   [001] ....  4086.050089: sys_exit: NR 240 = 0
      tailscaled-534   [001] ....  4086.050099: sys_enter: NR 162 (1c8bdcc, 0, 18039e8, 3, 3b7, 0)
          <idle>-0     [002] d...  4086.050102: sched_switch: prev_comm=swapper/2 prev_pid=0 prev_prio=120 prev_state=R ==> next_comm=tailscaled next_pid=545 next_prio=120
      tailscaled-420   [003] d...  4086.050103: sched_switch: prev_comm=tailscaled prev_pid=420 prev_prio=120 prev_state=R ==> next_comm=tailscaled next_pid=417 next_prio=120
      tailscaled-417   [003] ....  4086.050105: sys_exit: NR 162 = 0
      tailscaled-534   [001] d...  4086.050106: sched_switch: prev_comm=tailscaled prev_pid=534 prev_prio=120 prev_state=S ==> next_comm=swapper/1 next_pid=0 next_prio=120
      tailscaled-545   [002] ....  4086.050107: sys_exit: NR 346 = 1
      tailscaled-417   [003] ....  4086.050109: sys_enter: NR 162 (1849f60, 0, 3b7, 14, 0, 0)
      tailscaled-357   [000] ....  4086.050110: sys_exit: NR 4 = 50
          <idle>-0     [001] d...  4086.050111: sched_switch: prev_comm=swapper/1 prev_pid=0 prev_prio=120 prev_state=R ==> next_comm=kworker/u8:0 next_pid=1234 next_prio=120
      tailscaled-545   [002] ....  4086.050115: sys_enter: NR 3 (c, 1bc205c, 10009, 0, 0, 0)
      tailscaled-417   [003] d...  4086.050116: sched_switch: prev_comm=tailscaled prev_pid=417 prev_prio=120 prev_state=S ==> next_comm=tailscaled next_pid=420 next_prio=120
    kworker/u8:0-1234  [001] d...  4086.050126: sched_switch: prev_comm=kworker/u8:0 prev_pid=1234 prev_prio=120 prev_state=I ==> next_comm=swapper/1 next_pid=0 next_prio=120
      tailscaled-545   [002] ....  4086.050129: sys_exit: NR 3 = 2530
      tailscaled-420   [003] ....  4086.050149: sys_enter: NR 365 (11, 1a87908, 80, 0, 0, 0)
      tailscaled-420   [003] ....  4086.050153: sys_exit: NR 365 = -11
          <idle>-0     [001] d...  4086.050164: sched_switch: prev_comm=swapper/1 prev_pid=0 prev_prio=120 prev_state=R ==> next_comm=tailscaled next_pid=534 next_prio=120
      tailscaled-534   [001] ....  4086.050166: sys_exit: NR 162 = 0
      tailscaled-534   [001] ....  4086.050173: sys_enter: NR 346 (4, 1c8b680, 80, 32, 0, 0)
      tailscaled-357   [000] ....  4086.050174: sys_enter: NR 4 (c, 2d3e006, 32, 0, 0, 0)
      tailscaled-534   [001] d...  4086.050181: sched_switch: prev_comm=tailscaled prev_pid=534 prev_prio=120 prev_state=S ==> next_comm=swapper/1 next_pid=0 next_prio=120
      tailscaled-420   [003] d...  4086.050190: sched_switch: prev_comm=tailscaled prev_pid=420 prev_prio=120 prev_state=R ==> next_comm=tailscaled next_pid=417 next_prio=120
      tailscaled-417   [003] ....  4086.050193: sys_exit: NR 162 = 0
      tailscaled-417   [003] ....  4086.050197: sys_enter: NR 162 (1849f60, 0, 3b7, 14, 0, 0)
      tailscaled-417   [003] d...  4086.050203: sched_switch: prev_comm=tailscaled prev_pid=417 prev_prio=120 prev_state=S ==> next_comm=tailscaled next_pid=420 next_prio=120
      tailscaled-420   [003] ....  4086.050214: sys_enter: NR 240 (185e8d4, 80, 0, 0, 0, 0)
      tailscaled-545   [002] ....  4086.050216: sys_enter: NR 240 (185e8d4, 81, 1, 0, 0, 0)
      tailscaled-420   [003] ....  4086.050217: sys_exit: NR 240 = -11
      tailscaled-545   [002] ....  4086.050218: sys_exit: NR 240 = 0
      tailscaled-420   [003] ....  4086.050223: sys_enter: NR 162 (1877dcc, 0, 18839e8, 3, 3b7, 1)
      tailscaled-420   [003] d...  4086.050243: sched_switch: prev_comm=tailscaled prev_pid=420 prev_prio=120 prev_state=S ==> next_comm=swapper/3 next_pid=0 next_prio=120
          <idle>-0     [001] d...  4086.050243: sched_switch: prev_comm=swapper/1 prev_pid=0 prev_prio=120 prev_state=R ==> next_comm=tailscaled next_pid=534 next_prio=120
      tailscaled-357   [000] ....  4086.050245: sys_exit: NR 4 = 50
      tailscaled-534   [001] ....  4086.050248: sys_exit: NR 346 = 1
      tailscaled-534   [001] ....  4086.050256: sys_enter: NR 346 (4, 1c8b680, 80, 0, 0, 0)
      tailscaled-534   [001] ....  4086.050257: sys_exit: NR 346 = 0
      tailscaled-534   [001] ....  4086.050267: sys_enter: NR 3 (c, 1bc205c, 10009, 0, 0, 0)
      tailscaled-534   [001] ....  4086.050276: sys_exit: NR 3 = 2530
      tailscaled-357   [000] ....  4086.050281: sys_enter: NR 4 (c, 4b68006, 32, 0, 0, 0)
          <idle>-0     [003] d...  4086.050283: sched_switch: prev_comm=swapper/3 prev_pid=0 prev_prio=120 prev_state=R ==> next_comm=tailscaled next_pid=417 next_prio=120
      tailscaled-417   [003] ....  4086.050286: sys_exit: NR 162 = 0
      tailscaled-417   [003] ....  4086.050290: sys_enter: NR 162 (1849f60, 0, 3b7, 14, 0, 0)
      tailscaled-417   [003] d...  4086.050296: sched_switch: prev_comm=tailscaled prev_pid=417 prev_prio=120 prev_state=S ==> next_comm=tailscaled next_pid=420 next_prio=120
      tailscaled-420   [003] ....  4086.050298: sys_exit: NR 162 = 0
      tailscaled-420   [003] ....  4086.050312: sys_enter: NR 346 (4, 1877680, 80, 0, 0, 0)
      tailscaled-420   [003] ....  4086.050314: sys_exit: NR 346 = 0
      tailscaled-357   [000] ....  4086.050326: sys_exit: NR 4 = 50
      tailscaled-420   [003] ....  4086.050327: sys_enter: NR 346 (4, 1877680, 80, 32, 0, 0)
      tailscaled-420   [003] ....  4086.050331: sys_exit: NR 346 = 1
      tailscaled-420   [003] ....  4086.050338: sys_enter: NR 346 (4, 1877680, 80, 0, 0, 0)
      tailscaled-420   [003] ....  4086.050339: sys_exit: NR 346 = 0
      tailscaled-420   [003] ....  4086.050346: sys_enter: NR 162 (1877dcc, 0, 18839e8, 3, 3b7, 0)
      tailscaled-357   [000] ....  4086.050356: sys_enter: NR 4 (c, 4c6c006, 32, 0, 0, 0)
      tailscaled-420   [003] d...  4086.050358: sched_switch: prev_comm=tailscaled prev_pid=420 prev_prio=120 prev_state=S ==> next_comm=swapper/3 next_pid=0 next_prio=120
          <idle>-0     [003] d...  4086.050373: sched_switch: prev_comm=swapper/3 prev_pid=0 prev_prio=120 prev_state=R ==> next_comm=tailscaled next_pid=417 next_prio=120
      tailscaled-417   [003] ....  4086.050375: sys_exit: NR 162 = 0
      tailscaled-417   [003] ....  4086.050379: sys_enter: NR 162 (1849f60, 0, 3b7, 14, 0, 0)
      tailscaled-417   [003] d...  4086.050386: sched_switch: prev_comm=tailscaled prev_pid=417 prev_prio=120 prev_state=S ==> next_comm=tailscaled next_pid=420 next_prio=120
      tailscaled-420   [003] ....  4086.050388: sys_exit: NR 162 = 0
      tailscaled-357   [000] ....  4086.050391: sys_exit: NR 4 = 50
      tailscaled-420   [003] ....  4086.050395: sys_enter: NR 3 (c, 1bc205c, 10009, 0, 0, 0)
      tailscaled-420   [003] ....  4086.050404: sys_exit: NR 3 = 2530
      tailscaled-357   [000] ....  4086.050407: sys_enter: NR 346 (4, 7eb63380, 80, 0, 0, 0)
      tailscaled-357   [000] ....  4086.050410: sys_exit: NR 346 = 1
      tailscaled-357   [000] ....  4086.050424: sys_enter: NR 346 (4, 7eb63380, 80, 32, 0, 0)
      tailscaled-420   [003] ....  4086.050427: sys_enter: NR 240 (18808d4, 81, 1, 0, 0, 0)
      tailscaled-420   [003] ....  4086.050438: sys_exit: NR 240 = 1
      tailscaled-545   [002] ....  4086.050453: sys_enter: NR 374 (11, 4ada008, 2, 0, 0, 0)
      tailscaled-420   [003] d...  4086.050467: sched_switch: prev_comm=tailscaled prev_pid=420 prev_prio=120 prev_state=R ==> next_comm=tailscaled next_pid=417 next_prio=120
      tailscaled-357   [000] d...  4086.050469: sched_switch: prev_comm=tailscaled prev_pid=357 prev_prio=120 prev_state=S ==> next_comm=tailscaled next_pid=547 next_prio=120
      tailscaled-417   [003] ....  4086.050470: sys_exit: NR 162 = 0
      tailscaled-417   [003] ....  4086.050474: sys_enter: NR 162 (1849f60, 0, 3b7, 14, 0, 0)
      tailscaled-547   [000] ....  4086.050474: sys_exit: NR 240 = 0
      tailscaled-417   [003] d...  4086.050481: sched_switch: prev_comm=tailscaled prev_pid=417 prev_prio=120 prev_state=S ==> next_comm=tailscaled next_pid=420 next_prio=120
      tailscaled-547   [000] ....  4086.050490: sys_enter: NR 240 (18808d4, 80, 0, 0, 0, 0)
      tailscaled-547   [000] d...  4086.050503: sched_switch: prev_comm=tailscaled prev_pid=547 prev_prio=120 prev_state=S ==> next_comm=swapper/0 next_pid=0 next_prio=120
      tailscaled-420   [003] ....  4086.050515: sys_enter: NR 240 (18808d4, 81, 1, 0, 0, 0)
      tailscaled-534   [001] ....  4086.050519: sys_enter: NR 162 (1c8bdcc, 0, 18839e8, 3, 3b7, 1)
      tailscaled-420   [003] ....  4086.050520: sys_exit: NR 240 = 1
          <idle>-0     [000] d...  4086.050527: sched_switch: prev_comm=swapper/0 prev_pid=0 prev_prio=120 prev_state=R ==> next_comm=tailscaled next_pid=547 next_prio=120
      tailscaled-547   [000] ....  4086.050530: sys_exit: NR 240 = 0
      tailscaled-534   [001] d...  4086.050530: sched_switch: prev_comm=tailscaled prev_pid=534 prev_prio=120 prev_state=S ==> next_comm=swapper/1 next_pid=0 next_prio=120
      tailscaled-547   [000] ....  4086.050538: sys_enter: NR 162 (1b55dcc, 0, 18839e8, 3, 3b7, 0)
          <idle>-0     [001] d...  4086.050539: sched_switch: prev_comm=swapper/1 prev_pid=0 prev_prio=120 prev_state=R ==> next_comm=kworker/u8:0 next_pid=1234 next_prio=120
      tailscaled-547   [000] d...  4086.050545: sched_switch: prev_comm=tailscaled prev_pid=547 prev_prio=120 prev_state=S ==> next_comm=swapper/0 next_pid=0 next_prio=120
      tailscaled-420   [003] d...  4086.050556: sched_switch: prev_comm=tailscaled prev_pid=420 prev_prio=120 prev_state=R ==> next_comm=tailscaled next_pid=417 next_prio=120
      tailscaled-417   [003] ....  4086.050559: sys_exit: NR 162 = 0
      tailscaled-417   [003] ....  4086.050563: sys_enter: NR 162 (1849f60, 0, 3b7, 14, 0, 0)
      tailscaled-545   [002] ....  4086.050565: sys_exit: NR 374 = 2
      tailscaled-417   [003] d...  4086.050570: sched_switch: prev_comm=tailscaled prev_pid=417 prev_prio=120 prev_state=S ==> next_comm=tailscaled next_pid=420 next_prio=120
    kworker/u8:0-1234  [001] d...  4086.050600: sched_switch: prev_comm=kworker/u8:0 prev_pid=1234 prev_prio=120 prev_state=D ==> next_comm=kworker/u8:1 next_pid=1240 next_prio=120
    kworker/u8:1-1240  [001] d...  4086.050610: sched_switch: prev_comm=kworker/u8:1 prev_pid=1240 prev_prio=120 prev_state=I ==> next_comm=tailscaled next_pid=534 next_prio=120
      tailscaled-534   [001] ....  4086.050612: sys_exit: NR 162 = 0
      tailscaled-534   [001] ....  4086.050622: sys_enter: NR 3 (c, 1bc205c, 10009, 0, 0, 0)
      tailscaled-545   [002] ....  4086.050626: sys_enter: NR 374 (11, 4ada008, 2, 0, 0, 0)
      tailscaled-534   [001] ....  4086.050639: sys_exit: NR 3 = 2338
      tailscaled-420   [003] d...  4086.050643: sched_switch: prev_comm=tailscaled prev_pid=420 prev_prio=120 prev_state=R ==> next_comm=tailscaled next_pid=417 next_prio=120
      tailscaled-417   [003] ....  4086.050645: sys_exit: NR 162 = 0
      tailscaled-417   [003] ....  4086.050649: sys_enter: NR 162 (1849f60, 0, 3b7, 14, 0, 0)
          <idle>-0     [000] d...  4086.050655: sched_switch: prev_comm=swapper/0 prev_pid=0 prev_prio=120 prev_state=R ==> next_comm=tailscaled next_pid=547 next_prio=120
      tailscaled-417   [003] d...  4086.050655: sched_switch: prev_comm=tailscaled prev_pid=417 prev_prio=120 prev_state=S ==> next_comm=tailscaled next_pid=420 next_prio=120
      tailscaled-547   [000] ....  4086.050657: sys_exit: NR 162 = 0
      tailscaled-547   [000] ....  4086.050660: sys_enter: NR 162 (1b55dcc, 0, 1cc4c68, 3, 3b7, 1)
      tailscaled-545   [002] ....  4086.050675: sys_exit: NR 374 = 2
      tailscaled-547   [000] d...  4086.050684: sched_switch: prev_comm=tailscaled prev_pid=547 prev_prio=120 prev_state=S ==> next_comm=swapper/0 next_pid=0 next_prio=120
      tailscaled-545   [002] ....  4086.050713: sys_enter: NR 162 (1cd1dcc, 0, 18839e8, 3, 3b7, 1)
          <idle>-0     [000] d...  4086.050723: sched_switch: prev_comm=swapper/0 prev_pid=0 prev_prio=120 prev_state=R ==> next_comm=tailscaled next_pid=547 next_prio=120
      tailscaled-547   [000] ....  4086.050725: sys_exit: NR 162 = 0
      tailscaled-420   [003] d...  4086.050729: sched_switch: prev_comm=tailscaled prev_pid=420 prev_prio=120 prev_state=R ==> next_comm=tailscaled next_pid=417 next_prio=120
      tailscaled-417   [003] ....  4086.050731: sys_exit: NR 162 = 0
      tailscaled-547   [000] ....  4086.050733: sys_enter: NR 3 (c, 1bc205c, 10009, 0, 0, 0)
      tailscaled-417   [003] ....  4086.050734: sys_enter: NR 162 (1849f60, 0, 3b7, 14, 0, 0)
      tailscaled-545   [002] d...  4086.050735: sched_switch: prev_comm=tailscaled prev_pid=545 prev_prio=120 prev_state=S ==> next_comm=swapper/2 next_pid=0 next_prio=120
      tailscaled-547   [000] ....  4086.050735: sys_exit: NR 3 = -11
      tailscaled-417   [003] d...  4086.050740: sched_switch: prev_comm=tailscaled prev_pid=417 prev_prio=120 prev_state=S ==> next_comm=tailscaled next_pid=420 next_prio=120
      tailscaled-547   [000] ....  4086.050755: sys_enter: NR 240 (18808d4, 80, 0, 0, 0, 0)
      tailscaled-547   [000] d...  4086.050767: sched_switch: prev_comm=tailscaled prev_pid=547 prev_prio=120 prev_state=S ==> next_comm=swapper/0 next_pid=0 next_prio=120
          <idle>-0     [002] d...  4086.050779: sched_switch: prev_comm=swapper/2 prev_pid=0 prev_prio=120 prev_state=R ==> next_comm=tailscaled next_pid=545 next_prio=120
      tailscaled-545   [002] ....  4086.050781: sys_exit: NR 162 = 0
      tailscaled-545   [002] ....  4086.050789: sys_enter: NR 240 (1a308d4, 80, 0, 0, 0, 0)
      tailscaled-545   [002] d...  4086.050800: sched_switch: prev_comm=tailscaled prev_pid=545 prev_prio=120 prev_state=S ==> next_comm=swapper/2 next_pid=0 next_prio=120
      tailscaled-420   [003] ....  4086.050801: sys_enter: NR 374 (11, 1b20608, 2, 0, 0, 0)
      tailscaled-420   [003] d...  4086.050821: sched_switch: prev_comm=tailscaled prev_pid=420 prev_prio=120 prev_state=R+ ==> next_comm=tailscaled next_pid=417 next_prio=120
      tailscaled-417   [003] ....  4086.050823: sys_exit: NR 162 = 0
      tailscaled-417   [003] ....  4086.050827: sys_enter: NR 162 (1849f60, 0, 3b7, 14, 0, 0)
      tailscaled-417   [003] d...  4086.050834: sched_switch: prev_comm=tailscaled prev_pid=417 prev_prio=120 prev_state=S ==> next_comm=tailscaled next_pid=420 next_prio=120
      tailscaled-420   [003] ....  4086.050880: sys_exit: NR 374 = 2
      tailscaled-534   [001] ....  4086.050882: sys_enter: NR 240 (1a300d4, 80, 0, 0, 0, 0)
      tailscaled-534   [001] d...  4086.050890: sched_switch: prev_comm=tailscaled prev_pid=534 prev_prio=120 prev_state=S ==> next_comm=kworker/u8:0 next_pid=1234 next_prio=120
      tailscaled-420   [003] d...  4086.050908: sched_switch: prev_comm=tailscaled prev_pid=420 prev_prio=120 prev_state=R ==> next_comm=tailscaled next_pid=417 next_prio=120
      tailscaled-417   [003] ....  4086.050911: sys_exit: NR 162 = 0
    kworker/u8:0-1234  [001] d...  4086.050913: sched_switch: prev_comm=kworker/u8:0 prev_pid=1234 prev_prio=120 prev_state=D ==> next_comm=swapper/1 next_pid=0 next_prio=120
      tailscaled-417   [003] ....  4086.050914: sys_enter: NR 162 (1849f60, 0, 3b7, 14, 0, 0)
      tailscaled-417   [003] d...  4086.050922: sched_switch: prev_comm=tailscaled prev_pid=417 prev_prio=120 prev_state=S ==> next_comm=tailscaled next_pid=420 next_prio=120
      tailscaled-420   [003] ....  4086.050941: sys_enter: NR 374 (11, 1b20608, 2, 0, 0, 0)
          <idle>-0     [001] d...  4086.050950: sched_switch: prev_comm=swapper/1 prev_pid=0 prev_prio=120 prev_state=R ==> next_comm=kworker/u8:0 next_pid=1234 next_prio=120
          <idle>-0     [000] d...  4086.050968: sched_switch: prev_comm=swapper/0 prev_pid=0 prev_prio=120 prev_state=R ==> next_comm=tailscaled next_pid=357 next_prio=120
      tailscaled-357   [000] ....  4086.050976: sys_exit: NR 346 = 1
      tailscaled-420   [003] ....  4086.050985: sys_exit: NR 374 = 2
      tailscaled-357   [000] ....  4086.050987: sys_enter: NR 346 (4, 7eb63380, 80, 0, 0, 0)
      tailscaled-357   [000] ....  4086.050993: sys_exit: NR 346 = 0
      tailscaled-420   [003] d...  4086.050996: sched_switch: prev_comm=tailscaled prev_pid=420 prev_prio=120 prev_state=R ==> next_comm=tailscaled next_pid=417 next_prio=120
      tailscaled-417   [003] ....  4086.050998: sys_exit: NR 162 = 0
      tailscaled-417   [003] ....  4086.051002: sys_enter: NR 162 (1849f60, 0, 3b7, 14, 0, 0)
      tailscaled-357   [000] ....  4086.051004: sys_enter: NR 346 (4, 7eb63380, 80, 32, 0, 0)
      tailscaled-417   [003] d...  4086.051009: sched_switch: prev_comm=tailscaled prev_pid=417 prev_prio=120 prev_state=S ==> next_comm=tailscaled next_pid=420 next_prio=120
    kworker/u8:0-1234  [001] d...  4086.051012: sched_switch: prev_comm=kworker/u8:0 prev_pid=1234 prev_prio=120 prev_state=D ==> next_comm=swapper/1 next_pid=0 next_prio=120
      tailscaled-357   [000] d...  4086.051020: sched_switch: prev_comm=tailscaled prev_pid=357 prev_prio=120 prev_state=S ==> next_comm=swapper/0 next_pid=0 next_prio=120
      tailscaled-420   [003] ....  4086.051044: sys_enter: NR 240 (185e8d4, 80, 0, 0, 0, 0)
      tailscaled-420   [003] d...  4086.051050: sched_switch: prev_comm=tailscaled prev_pid=420 prev_prio=120 prev_state=S ==> next_comm=swapper/3 next_pid=0 next_prio=120
          <idle>-0     [003] d...  4086.051086: sched_switch: prev_comm=swapper/3 prev_pid=0 prev_prio=120 prev_state=R ==> next_comm=tailscaled next_pid=417 next_prio=120
      tailscaled-417   [003] ....  4086.051088: sys_exit: NR 162 = 0
      tailscaled-417   [003] ....  4086.051094: sys_enter: NR 240 (1695bd4, 80, 0, 1849f28, 0, 0)
      tailscaled-417   [003] d...  4086.051101: sched_switch: prev_comm=tailscaled prev_pid=417 prev_prio=120 prev_state=S ==> next_comm=swapper/3 next_pid=0 next_prio=120
          <idle>-0     [001] d...  4086.051400: sched_switch: prev_comm=swapper/1 prev_pid=0 prev_prio=120 prev_state=R ==> next_comm=kworker/u8:0 next_pid=1234 next_prio=120
          <idle>-0     [000] d...  4086.051415: sched_switch: prev_comm=swapper/0 prev_pid=0 prev_prio=120 prev_state=R ==> next_comm=tailscaled next_pid=357 next_prio=120
      tailscaled-357   [000] ....  4086.051420: sys_exit: NR 346 = 1
      tailscaled-357   [000] ....  4086.051426: sys_enter: NR 346 (4, 7eb63380, 80, 0, 0, 0)
      tailscaled-357   [000] ....  4086.051429: sys_exit: NR 346 = 1
    kworker/u8:0-1234  [001] d...  4086.051437: sched_switch: prev_comm=kworker/u8:0 prev_pid=1234 prev_prio=120 prev_state=D ==> next_comm=swapper/1 next_pid=0 next_prio=120
      tailscaled-357   [000] ....  4086.051458: sys_enter: NR 346 (4, 7eb63380, 80, 31, 0, 0)
      tailscaled-357   [000] d...  4086.051465: sched_switch: prev_comm=tailscaled prev_pid=357 prev_prio=120 prev_state=S ==> next_comm=swapper/0 next_pid=0 next_prio=120
          <idle>-0     [001] d...  4086.051500: sched_switch: prev_comm=swapper/1 prev_pid=0 prev_prio=120 prev_state=R ==> next_comm=kworker/u8:0 next_pid=1234 next_prio=120
    kworker/u8:0-1234  [001] d...  4086.051517: sched_switch: prev_comm=kworker/u8:0 prev_pid=1234 prev_prio=120 prev_state=D ==> next_comm=swapper/1 next_pid=0 next_prio=120
          <idle>-0     [001] d...  4086.051537: sched_switch: prev_comm=swapper/1 prev_pid=0 prev_prio=120 prev_state=R ==> next_comm=kworker/u8:0 next_pid=1234 next_prio=120
          <idle>-0     [000] d...  4086.051548: sched_switch: prev_comm=swapper/0 prev_pid=0 prev_prio=120 prev_state=R ==> next_comm=tailscaled next_pid=357 next_prio=120
      tailscaled-357   [000] ....  4086.051552: sys_exit: NR 346 = 1
    kworker/u8:0-1234  [001] d...  4086.051556: sched_switch: prev_comm=kworker/u8:0 prev_pid=1234 prev_prio=120 prev_state=I ==> next_comm=swapper/1 next_pid=0 next_prio=120
      tailscaled-357   [000] ....  4086.051559: sys_enter: NR 346 (4, 7eb63380, 80, 0, 0, 0)
      tailscaled-357   [000] ....  4086.051560: sys_exit: NR 346 = 0
      tailscaled-357   [000] ....  4086.051570: sys_enter: NR 346 (4, 7eb63380, 80, 31, 0, 0)
      tailscaled-357   [000] d...  4086.051576: sched_switch: prev_comm=tailscaled prev_pid=357 prev_prio=120 prev_state=S ==> next_comm=swapper/0 next_pid=0 next_prio=120
          <idle>-0     [000] d...  4086.052609: sched_switch: prev_comm=swapper/0 prev_pid=0 prev_prio=120 prev_state=R ==> next_comm=kworker/0:0 next_pid=1247 next_prio=120
     kworker/0:0-1247  [000] d...  4086.052629: sched_switch: prev_comm=kworker/0:0 prev_pid=1247 prev_prio=120 prev_state=I ==> next_comm=swapper/0 next_pid=0 next_prio=120
          <idle>-0     [000] d...  4086.057130: sched_switch: prev_comm=swapper/0 prev_pid=0 prev_prio=120 prev_state=R ==> next_comm=rngd next_pid=355 next_prio=120
            rngd-355   [000] d...  4086.057144: sched_switch: prev_comm=rngd prev_pid=355 prev_prio=120 prev_state=S ==> next_comm=swapper/0 next_pid=0 next_prio=120
          <idle>-0     [001] d...  4086.059495: sched_switch: prev_comm=swapper/1 prev_pid=0 prev_prio=120 prev_state=R ==> next_comm=irq/86-mmc1 next_pid=80 next_prio=49
     irq/86-mmc1-80    [001] d...  4086.059513: sched_switch: prev_comm=irq/86-mmc1 prev_pid=80 prev_prio=49 prev_state=D ==> next_comm=swapper/1 next_pid=0 next_prio=120
          <idle>-0     [001] d...  4086.059519: sched_switch: prev_comm=swapper/1 prev_pid=0 prev_prio=120 prev_state=R ==> next_comm=irq/86-mmc1 next_pid=80 next_prio=49
     irq/86-mmc1-80    [001] d...  4086.059536: sched_switch: prev_comm=irq/86-mmc1 prev_pid=80 prev_prio=49 prev_state=D ==> next_comm=swapper/1 next_pid=0 next_prio=120
          <idle>-0     [001] d...  4086.059547: sched_switch: prev_comm=swapper/1 prev_pid=0 prev_prio=120 prev_state=R ==> next_comm=irq/86-mmc1 next_pid=80 next_prio=49
     irq/86-mmc1-80    [001] d...  4086.059562: sched_switch: prev_comm=irq/86-mmc1 prev_pid=80 prev_prio=49 prev_state=D ==> next_comm=swapper/1 next_pid=0 next_prio=120
          <idle>-0     [001] d...  4086.059575: sched_switch: prev_comm=swapper/1 prev_pid=0 prev_prio=120 prev_state=R ==> next_comm=irq/86-mmc1 next_pid=80 next_prio=49
     irq/86-mmc1-80    [001] d...  4086.059588: sched_switch: prev_comm=irq/86-mmc1 prev_pid=80 prev_prio=49 prev_state=S ==> next_comm=kworker/u8:0 next_pid=1234 next_prio=120
    kworker/u8:0-1234  [001] d...  4086.059625: sched_switch: prev_comm=kworker/u8:0 prev_pid=1234 prev_prio=120 prev_state=D ==> next_comm=swapper/1 next_pid=0 next_prio=120
          <idle>-0     [001] d...  4086.059633: sched_switch: prev_comm=swapper/1 prev_pid=0 prev_prio=120 prev_state=R ==> next_comm=kworker/u8:0 next_pid=1234 next_prio=120
    kworker/u8:0-1234  [001] d...  4086.059652: sched_switch: prev_comm=kworker/u8:0 prev_pid=1234 prev_prio=120 prev_state=D ==> next_comm=swapper/1 next_pid=0 next_prio=120
