# tracer: function
#
# entries-in-buffer/entries-written: 22409/22409   #P:4
#
#                              _-----=> irqs-off
#                             / _----=> need-resched
#                            | / _---=> hardirq/softirq
#                            || / _--=> preempt-depth
#                            ||| /     delay
#           TASK-PID   CPU#  ||||    TIMESTAMP  FUNCTION
#              | |       |   ||||       |         |
        test1.sh-1371  [002] ....  4085.942614: sys_exit: NR 4 = 2
     kworker/0:0-1247  [000] d...  4085.942633: sched_switch: prev_comm=kworker/0:0 prev_pid=1247 prev_prio=120 prev_state=I ==> next_comm=swapper/0 next_pid=0 next_prio=120
        test1.sh-1371  [002] ....  4085.942633: sys_enter: NR 63 (a, 1, ff, 0, 1d67780, a)
        test1.sh-1371  [002] ....  4085.942640: sys_exit: NR 63 = 1
        test1.sh-1371  [002] ....  4085.942649: sys_enter: NR 221 (a, 1, 0, fcef8, fcef8, a)
        test1.sh-1371  [002] ....  4085.942652: sys_exit: NR 221 = 1
        test1.sh-1371  [002] ....  4085.942656: sys_enter: NR 6 (a, a, 6c, 0, 1d67568, 0)
        test1.sh-1371  [002] ....  4085.942658: sys_exit: NR 6 = 0
        test1.sh-1371  [002] ....  4085.942793: sys_enter: NR 4 (1, 1d5a188, b, 0, b, 1d5a188)
        test1.sh-1371  [002] ....  4085.942814: sys_exit: NR 4 = 11
          <idle>-0     [001] d...  4085.942818: sched_switch: prev_comm=swapper/1 prev_pid=0 prev_prio=120 prev_state=R ==> next_comm=kworker/u8:0 next_pid=1234 next_prio=120
        test1.sh-1371  [002] ....  4085.942825: sys_enter: NR 3 (ff, 1d58ba8, 96d, 0, 1d59520, 96d)
    kworker/u8:0-1234  [001] d...  4085.942835: sched_switch: prev_comm=kworker/u8:0 prev_pid=1234 prev_prio=120 prev_state=I ==> next_comm=swapper/1 next_pid=0 next_prio=120
        test1.sh-1371  [002] ....  4085.942835: sys_exit: NR 3 = 0
          <idle>-0     [000] d...  4085.942838: sched_switch: prev_comm=swapper/0 prev_pid=0 prev_prio=120 prev_state=R ==> next_comm=lxterminal next_pid=1104 next_prio=120
        test1.sh-1371  [002] ....  4085.942843: sys_enter: NR 175 (0, 7ebce424, 7ebce4a4, 8, fcef8, 7ebce4a4)
        test1.sh-1371  [002] ....  4085.942847: sys_exit: NR 175 = 0
        test1.sh-1371  [002] ....  4085.942849: sys_enter: NR 175 (2, 7ebce4a4, 0, 8, fcef8, 0)
        test1.sh-1371  [002] ....  4085.942850: sys_exit: NR 175 = 0
      lxterminal-1104  [000] ....  4085.942854: sys_exit: NR 168 = 1
      lxterminal-1104  [000] ....  4085.942886: sys_enter: NR 4 (4, 7ef8e798, 8, 0, 8, 7ef8e798)
      lxterminal-1104  [000] ....  4085.942891: sys_exit: NR 4 = 8
      lxterminal-1104  [000] ....  4085.942902: sys_enter: NR 3 (6, 1050004, 1ff4, 0, 1ff4, 1050004)
      lxterminal-1104  [000] ....  4085.942911: sys_exit: NR 3 = 13
      lxterminal-1104  [000] ....  4085.942912: sys_enter: NR 3 (6, 1050010, 1fe8, 0, 1fe8, 1050010)
      lxterminal-1104  [000] ....  4085.942918: sys_exit: NR 3 = -11
      lxterminal-1104  [000] ....  4085.942943: sys_enter: NR 4 (4, 7ef8e798, 8, 0, 8, 7ef8e798)
      lxterminal-1104  [000] ....  4085.942945: sys_exit: NR 4 = 8
        test1.sh-1371  [002] ....  4085.942946: sys_enter: NR 248 (0, 0, 0, 1ff9cf00, 76e666d8, 76e666d8)
      lxterminal-1104  [000] ....  4085.942957: sys_enter: NR 297 (3, 7ef8e664, 0, 0, 0, 7ef8e664)
      lxterminal-1104  [000] ....  4085.942962: sys_exit: NR 297 = -11
      lxterminal-1104  [000] ....  4085.942970: sys_enter: NR 168 (10c8210, 4, a, 0, a, 4)
      lxterminal-1104  [000] ....  4085.942978: sys_exit: NR 168 = 1
      lxterminal-1104  [000] ....  4085.942980: sys_enter: NR 3 (4, 7ef8e7a4, 10, 0, 10, 7ef8e7a4)
      lxterminal-1104  [000] ....  4085.942982: sys_exit: NR 3 = 8
      lxterminal-1104  [000] ....  4085.942988: sys_enter: NR 297 (3, 7ef8e664, 0, 0, 0, 7ef8e664)
      lxterminal-1104  [000] ....  4085.942990: sys_exit: NR 297 = -11
      lxterminal-1104  [000] ....  4085.942993: sys_enter: NR 168 (10c8210, 4, a, 0, a, 4)
      lxterminal-1104  [000] d...  4085.943006: sched_switch: prev_comm=lxterminal prev_pid=1104 prev_prio=120 prev_state=S ==> next_comm=swapper/0 next_pid=0 next_prio=120
        test1.sh-1371  [002] d...  4085.943452: sched_switch: prev_comm=test1.sh prev_pid=1371 prev_prio=120 prev_state=Z ==> next_comm=sudo next_pid=1366 next_prio=120
            sudo-1366  [002] ....  4085.943467: sys_exit: NR 336 = -514
            sudo-1366  [002] ....  4085.943486: setup_return+0x134/0x19c: [+] handler:0x76e9100c, sig:17 
            sudo-1366  [002] ....  4085.943493: sys_enter: NR 4 (6, 7e906a7b, 1, 0, 15d0e84, 15d0e40)
            sudo-1366  [002] ....  4085.943509: sys_exit: NR 4 = 1
            sudo-1366  [002] ....  4085.943511: sys_enter: NR 173 (1, 7e906a7b, 2c170700, 2c170700, 8, 76f89968)
            sudo-1366  [002] ....  4085.943515: sys_exit: NR 173 = -4
            sudo-1366  [002] ....  4085.943522: sys_enter: NR 3 (5, 7e906e63, 1, 0, 76ea05bc, 5)
            sudo-1366  [002] ....  4085.943528: sys_exit: NR 3 = 1
            sudo-1366  [002] ....  4085.943529: sys_enter: NR 3 (5, 7e906e63, 1, 0, 76ea05bc, 5)
            sudo-1366  [002] ....  4085.943531: sys_exit: NR 3 = -11
            sudo-1366  [002] ....  4085.943534: sys_enter: NR 175 (0, 7e906d24, 7e906da4, 8, 76f89968, 7e906da4)
            sudo-1366  [002] ....  4085.943535: sys_exit: NR 175 = 0
            sudo-1366  [002] ....  4085.943538: sys_enter: NR 175 (2, 7e906da4, 0, 8, 76f89968, 0)
            sudo-1366  [002] ....  4085.943540: sys_exit: NR 175 = 0
            sudo-1366  [002] ....  4085.943588: sys_enter: NR 114 (55b, 7e906d00, 3, 0, 7e906ee4, 76f89968)
            sudo-1366  [002] ....  4085.943670: sys_exit: NR 114 = 1371
            sudo-1366  [002] ....  4085.943686: sys_enter: NR 174 (1, 7e906d4c, 0, 8, 0, 15d1c00)
            sudo-1366  [002] ....  4085.943689: sys_exit: NR 174 = 0
            sudo-1366  [002] ....  4085.943693: sys_enter: NR 174 (2, 7e906d4c, 0, 8, 0, 15d1460)
            sudo-1366  [002] ....  4085.943694: sys_exit: NR 174 = 0
            sudo-1366  [002] ....  4085.943696: sys_enter: NR 174 (3, 7e906d4c, 0, 8, 0, 15d1648)
            sudo-1366  [002] ....  4085.943697: sys_exit: NR 174 = 0
            sudo-1366  [002] ....  4085.943700: sys_enter: NR 174 (a, 7e906d4c, 0, 8, 0, 15d79d8)
            sudo-1366  [002] ....  4085.943702: sys_exit: NR 174 = 0
            sudo-1366  [002] ....  4085.943704: sys_enter: NR 174 (c, 7e906d4c, 0, 8, 0, 15d7bc0)
            sudo-1366  [002] ....  4085.943705: sys_exit: NR 174 = 0
            sudo-1366  [002] ....  4085.943707: sys_enter: NR 174 (d, 7e906d4c, 0, 8, 0, 15d77f0)
            sudo-1366  [002] ....  4085.943709: sys_exit: NR 174 = 0
            sudo-1366  [002] ....  4085.943711: sys_enter: NR 174 (e, 7e906d4c, 0, 8, 0, 15d7608)
            sudo-1366  [002] ....  4085.943712: sys_exit: NR 174 = 0
            sudo-1366  [002] ....  4085.943715: sys_enter: NR 174 (f, 7e906d4c, 0, 8, 0, 15d1a18)
            sudo-1366  [002] ....  4085.943716: sys_exit: NR 174 = 0
            sudo-1366  [002] ....  4085.943720: sys_enter: NR 174 (11, 7e906d4c, 0, 8, 0, 15d7da8)
            sudo-1366  [002] ....  4085.943721: sys_exit: NR 174 = 0
            sudo-1366  [002] ....  4085.943723: sys_enter: NR 174 (12, 7e906d4c, 0, 8, 0, 15d7f90)
            sudo-1366  [002] ....  4085.943725: sys_exit: NR 174 = 0
            sudo-1366  [002] ....  4085.943728: sys_enter: NR 174 (14, 7e906d4c, 0, 8, 0, 15d1830)
            sudo-1366  [002] ....  4085.943729: sys_exit: NR 174 = 0
            sudo-1366  [002] ....  4085.943735: sys_enter: NR 6 (5, b, 2c170700, 0, 0, 15d0e40)
            sudo-1366  [002] ....  4085.943737: sys_exit: NR 6 = 0
            sudo-1366  [002] ....  4085.943744: sys_enter: NR 6 (6, b, 2c170700, 0, 0, 15d0e40)
            sudo-1366  [002] ....  4085.943745: sys_exit: NR 6 = 0
            sudo-1366  [002] ....  4085.943787: sys_enter: NR 199 (15d26b0, 8000, 0, 0, 8000, 76f89968)
            sudo-1366  [002] ....  4085.943789: sys_exit: NR 199 = 0
            sudo-1366  [002] ....  4085.943800: sys_enter: NR 322 (ffffff9c, 7673a288, 20000, 0, 15cc150, 76f89968)
            sudo-1366  [002] ....  4085.943830: sys_exit: NR 322 = 4
            sudo-1366  [002] ....  4085.943837: sys_enter: NR 197 (4, 7e906e08, 7e906e08, 76d6b788, 15cc150, 76e4ab1c)
            sudo-1366  [002] ....  4085.943843: sys_exit: NR 197 = 0
            sudo-1366  [002] ....  4085.943863: sys_enter: NR 3 (4, 15da718, 1000, 0, 15cc150, 76e4ab1c)
            sudo-1366  [002] ....  4085.943872: sys_exit: NR 3 = 4096
            sudo-1366  [002] ....  4085.943933: sys_enter: NR 3 (4, 15da718, 1000, 0, 15cc150, 76e4ab1c)
            sudo-1366  [002] ....  4085.943939: sys_exit: NR 3 = 4096
            sudo-1366  [002] ....  4085.943999: sys_enter: NR 3 (4, 15da718, 1000, 0, 15cc150, 76e4ab1c)
            sudo-1366  [002] ....  4085.944003: sys_exit: NR 3 = 2324
            sudo-1366  [002] ....  4085.944017: sys_enter: NR 6 (4, 444, 76e4a6d8, 76d6a864, 15cc150, 76e4ab1c)
            sudo-1366  [002] ....  4085.944018: sys_exit: NR 6 = 0
            sudo-1366  [002] ....  4085.944093: sys_enter: NR 289 (3, 15df6f0, 4e, 4000, 14, 15dd0d8)
            sudo-1366  [002] ....  4085.944118: sys_exit: NR 289 = 78
            sudo-1366  [002] ....  4085.944123: sys_enter: NR 281 (10, 3, 9, 8000, 15d26b0, 5)
          <idle>-0     [003] d...  4085.944137: sched_switch: prev_comm=swapper/3 prev_pid=0 prev_prio=120 prev_state=R ==> next_comm=systemd-journal next_pid=129 next_prio=120
 systemd-journal-129   [003] ....  4085.944150: sys_exit: NR 252 = 1
          <idle>-0     [001] d...  4085.944154: sched_switch: prev_comm=swapper/1 prev_pid=0 prev_prio=120 prev_state=R ==> next_comm=kworker/u8:0 next_pid=1234 next_prio=120
            sudo-1366  [002] d...  4085.944173: sched_switch: prev_comm=sudo prev_pid=1366 prev_prio=120 prev_state=D ==> next_comm=swapper/2 next_pid=0 next_prio=120
 systemd-journal-129   [003] ....  4085.944182: sys_enter: NR 263 (7, 7eef04a4, 728bc50f, 7ef1e450, 7eef04a4, 7)
 systemd-journal-129   [003] ....  4085.944186: sys_exit: NR 263 = 0
 systemd-journal-129   [003] ....  4085.944211: sys_enter: NR 54 (5, 541b, 7eef04b0, 5, 0, 7eef0634)
 systemd-journal-129   [003] ....  4085.944216: sys_exit: NR 54 = 0
 systemd-journal-129   [003] ....  4085.944227: sys_enter: NR 297 (5, 7eef04bc, 40000040, 0, 0, 7eef0634)
          <idle>-0     [002] d...  4085.944245: sched_switch: prev_comm=swapper/2 prev_pid=0 prev_prio=120 prev_state=R ==> next_comm=kworker/u8:0 next_pid=1378 next_prio=120
    kworker/u8:0-1234  [001] d...  4085.944245: sched_switch: prev_comm=kworker/u8:0 prev_pid=1234 prev_prio=120 prev_state=S ==> next_comm=swapper/1 next_pid=0 next_prio=120
 systemd-journal-129   [003] ....  4085.944248: sys_exit: NR 297 = 78
 systemd-journal-129   [003] ....  4085.944272: sys_enter: NR 91 (72ba1000, 1000, 76f5c27c, 1a000, 16590c0, 0)
 systemd-journal-129   [003] ....  4085.944308: sys_exit: NR 91 = 0
 systemd-journal-129   [003] ....  4085.944334: sys_enter: NR 322 (ffffff9c, 7eef02a8, a0000, 0, 1648170, 76fb9968)
 systemd-journal-129   [003] ....  4085.944361: sys_exit: NR 322 = 20
 systemd-journal-129   [003] ....  4085.944374: sys_enter: NR 197 (14, 7eef0140, 7eef0140, 76e7b788, 1648170, 76f5ab1c)
 systemd-journal-129   [003] ....  4085.944379: sys_exit: NR 197 = 0
 systemd-journal-129   [003] ....  4085.944388: sys_enter: NR 3 (14, 1676268, 400, 0, 1648170, 76f5ab1c)
 systemd-journal-129   [003] ....  4085.944396: sys_exit: NR 3 = 5
 systemd-journal-129   [003] ....  4085.944401: sys_enter: NR 3 (14, 1676268, 400, 0, 1648170, 76f5ab1c)
 systemd-journal-129   [003] ....  4085.944402: sys_exit: NR 3 = 0
 systemd-journal-129   [003] ....  4085.944411: sys_enter: NR 6 (14, 444, 76f5a6d8, 76e7a864, 1648170, 76f5ab1c)
 systemd-journal-129   [003] ....  4085.944413: sys_exit: NR 6 = 0
 systemd-journal-129   [003] ....  4085.944438: sys_enter: NR 332 (ffffff9c, 7eef02b0, 1684190, 1000, 1001, 1684190)
 systemd-journal-129   [003] ....  4085.944461: sys_exit: NR 332 = 13
 systemd-journal-129   [003] ....  4085.944475: sys_enter: NR 322 (ffffff9c, 7eef0288, a0000, 0, 1648170, 76fb9968)
 systemd-journal-129   [003] ....  4085.944485: sys_exit: NR 322 = 20
 systemd-journal-129   [003] ....  4085.944493: sys_enter: NR 191 (3, 7eef023c, 14c, 82f4e900, 0, 7eef02f8)
 systemd-journal-129   [003] ....  4085.944496: sys_exit: NR 191 = 0
 systemd-journal-129   [003] ....  4085.944504: sys_enter: NR 192 (0, 201000, 3, 22, ffffffff, 0)
 systemd-journal-129   [003] ....  4085.944513: sys_exit: NR 192 = 1966821376
 systemd-journal-129   [003] ....  4085.944535: sys_enter: NR 197 (14, 7eef01b0, 7eef01b0, 76e7b788, 1648170, 76f5ab1c)
 systemd-journal-129   [003] ....  4085.944539: sys_exit: NR 197 = 0
 systemd-journal-129   [003] ....  4085.944543: sys_enter: NR 3 (14, 1676268, 400, 0, 1648170, 76f5ab1c)
 systemd-journal-129   [003] ....  4085.944556: sys_exit: NR 3 = 16
 systemd-journal-129   [003] ....  4085.944564: sys_enter: NR 3 (14, 1676268, 400, 0, 1648170, 76f5ab1c)
 systemd-journal-129   [003] ....  4085.944569: sys_exit: NR 3 = 0
        modprobe-1378  [002] ....  4085.944575: sys_enter: NR 45 (0, 81211037, 0, 1, 9, 10034)
 systemd-journal-129   [003] ....  4085.944576: sys_enter: NR 163 (753b5000, 201000, 1000, 1, 18, 0)
        modprobe-1378  [002] ....  4085.944577: sys_exit: NR 45 = 13561856
 systemd-journal-129   [003] ....  4085.944601: sys_exit: NR 163 = 1966821376
 systemd-journal-129   [003] ....  4085.944608: sys_enter: NR 6 (14, 444, 76f5a6d8, 76e7a864, 1648170, 76f5ab1c)
 systemd-journal-129   [003] ....  4085.944610: sys_exit: NR 6 = 0
        modprobe-1378  [002] ....  4085.944626: sys_enter: NR 122 (7edeeac0, 6, 6474e550, 30, 7edeeac0, 76f15908)
 systemd-journal-129   [003] ....  4085.944628: sys_enter: NR 322 (ffffff9c, 7eef02a8, a0000, 0, 1648170, 76fb9968)
        modprobe-1378  [002] ....  4085.944630: sys_exit: NR 122 = 0
        modprobe-1378  [002] ....  4085.944637: sys_enter: NR 192 (0, 2000, 3, 22, ffffffff, 0)
 systemd-journal-129   [003] ....  4085.944640: sys_exit: NR 322 = 20
        modprobe-1378  [002] ....  4085.944641: sys_exit: NR 192 = 1995599872
 systemd-journal-129   [003] ....  4085.944648: sys_enter: NR 197 (14, 7eef01b8, 7eef01b8, 14, 7eef0270, 1648170)
 systemd-journal-129   [003] ....  4085.944651: sys_exit: NR 197 = 0
        modprobe-1378  [002] ....  4085.944659: sys_enter: NR 33 (76f16b7c, 4, 76f2a95c, 76f29910, 76f16b7c, 0)
 systemd-journal-129   [003] ....  4085.944661: sys_enter: NR 197 (14, 7eef00b8, 7eef00b8, 76e7b788, 1648170, 76f5ab1c)
 systemd-journal-129   [003] ....  4085.944663: sys_exit: NR 197 = 0
        modprobe-1378  [002] ....  4085.944668: sys_exit: NR 33 = 0
 systemd-journal-129   [003] ....  4085.944669: sys_enter: NR 3 (14, 1675a30, 800, 0, 1648170, 1675a30)
        modprobe-1378  [002] ....  4085.944670: sys_enter: NR 322 (ffffff9c, 76f16b7c, a0000, 0, 7edeeccc, 0)
        modprobe-1378  [002] ....  4085.944678: sys_exit: NR 322 = 0
        modprobe-1378  [002] ....  4085.944679: sys_enter: NR 197 (0, 7edeebf8, 7edeebf8, 0, 7edeeccc, 0)
        modprobe-1378  [002] ....  4085.944683: sys_exit: NR 197 = 0
        modprobe-1378  [002] ....  4085.944684: sys_enter: NR 192 (0, 36, 3, 2, 0, 0)
        modprobe-1378  [002] ....  4085.944689: sys_exit: NR 192 = 1995595776
        modprobe-1378  [002] ....  4085.944690: sys_enter: NR 6 (0, 36, 3, 76f26000, 76f26000, 0)
        modprobe-1378  [002] ....  4085.944692: sys_exit: NR 6 = 0
        modprobe-1378  [002] ....  4085.944714: sys_enter: NR 85 (76f182e4, 7eded7b0, 1000, 76f2a578, 76f26000, 7eded7b0)
 systemd-journal-129   [003] ....  4085.944718: sys_exit: NR 3 = 974
 systemd-journal-129   [003] ....  4085.944722: sys_enter: NR 3 (14, 1675dfe, 400, 0, 1648170, 1675dfe)
 systemd-journal-129   [003] ....  4085.944723: sys_exit: NR 3 = 0
 systemd-journal-129   [003] ....  4085.944731: sys_enter: NR 6 (14, 444, 76f5a6d8, 76e7a864, 1648170, 76f5ab1c)
 systemd-journal-129   [003] ....  4085.944732: sys_exit: NR 6 = 0
        modprobe-1378  [002] ....  4085.944757: sys_exit: NR 85 = 9
        modprobe-1378  [002] ....  4085.944761: sys_enter: NR 322 (ffffff9c, 76f27198, a0000, 0, 76f26000, 0)
 systemd-journal-129   [003] ....  4085.944767: sys_enter: NR 322 (ffffff9c, 164f580, 80000, 0, 76fb9968, 76fb9968)
        modprobe-1378  [002] ....  4085.944771: sys_exit: NR 322 = 0
        modprobe-1378  [002] ....  4085.944773: sys_enter: NR 3 (0, 7edee828, 200, 0, 76f26000, 0)
        modprobe-1378  [002] ....  4085.944779: sys_exit: NR 3 = 512
        modprobe-1378  [002] ....  4085.944781: sys_enter: NR 140 (0, 0, 416c, 7edee350, 0, 7edee368)
 systemd-journal-129   [003] ....  4085.944783: sys_exit: NR 322 = -2
        modprobe-1378  [002] ....  4085.944785: sys_exit: NR 140 = 0
        modprobe-1378  [002] ....  4085.944786: sys_enter: NR 3 (0, 7edee368, 3c0, 0, 3c0, 7edee368)
        modprobe-1378  [002] ....  4085.944790: sys_exit: NR 3 = 960
        modprobe-1378  [002] ....  4085.944791: sys_enter: NR 140 (0, 0, 4028, 7edee320, 0, 7edee6b0)
        modprobe-1378  [002] ....  4085.944793: sys_exit: NR 140 = 0
        modprobe-1378  [002] ....  4085.944794: sys_enter: NR 3 (0, 7edee338, 2d, 0, 7edee338, 7edee6b0)
        modprobe-1378  [002] ....  4085.944796: sys_exit: NR 3 = 45
 systemd-journal-129   [003] ....  4085.944797: sys_enter: NR 322 (ffffff9c, 7eef02a0, a0000, 0, 1648170, 76fb9968)
        modprobe-1378  [002] ....  4085.944798: sys_enter: NR 140 (0, 0, 416c, 7edee350, 0, 7edee368)
        modprobe-1378  [002] ....  4085.944799: sys_exit: NR 140 = 0
        modprobe-1378  [002] ....  4085.944800: sys_enter: NR 3 (0, 7edee368, 3c0, 0, 3c0, 7edee368)
        modprobe-1378  [002] ....  4085.944803: sys_exit: NR 3 = 960
        modprobe-1378  [002] ....  4085.944804: sys_enter: NR 140 (0, 0, 4028, 7edee320, 0, 7edee6b0)
        modprobe-1378  [002] ....  4085.944805: sys_exit: NR 140 = 0
        modprobe-1378  [002] ....  4085.944806: sys_enter: NR 3 (0, 7edee338, 2d, 0, 7edee338, 7edee6b0)
        modprobe-1378  [002] ....  4085.944808: sys_exit: NR 3 = 45
        modprobe-1378  [002] ....  4085.944810: sys_enter: NR 140 (0, 0, 416c, 7edee350, 0, 7edee368)
 systemd-journal-129   [003] ....  4085.944810: sys_exit: NR 322 = -2
        modprobe-1378  [002] ....  4085.944811: sys_exit: NR 140 = 0
        modprobe-1378  [002] ....  4085.944812: sys_enter: NR 3 (0, 7edee368, 3c0, 0, 3c0, 7edee368)
        modprobe-1378  [002] ....  4085.944814: sys_exit: NR 3 = 960
        modprobe-1378  [002] ....  4085.944816: sys_enter: NR 140 (0, 0, 4028, 7edee320, 0, 7edee6b0)
        modprobe-1378  [002] ....  4085.944817: sys_exit: NR 140 = 0
        modprobe-1378  [002] ....  4085.944818: sys_enter: NR 3 (0, 7edee338, 2d, 0, 7edee338, 7edee6b0)
        modprobe-1378  [002] ....  4085.944820: sys_exit: NR 3 = 45
        modprobe-1378  [002] ....  4085.944822: sys_enter: NR 140 (0, 0, 416c, 7edee350, 0, 7edee368)
        modprobe-1378  [002] ....  4085.944823: sys_exit: NR 140 = 0
        modprobe-1378  [002] ....  4085.944824: sys_enter: NR 3 (0, 7edee368, 3c0, 0, 3c0, 7edee368)
 systemd-journal-129   [003] ....  4085.944825: sys_enter: NR 322 (ffffff9c, 7eef02a0, a0000, 0, 1648170, 76fb9968)
        modprobe-1378  [002] ....  4085.944827: sys_exit: NR 3 = 960
        modprobe-1378  [002] ....  4085.944828: sys_enter: NR 140 (0, 0, 4028, 7edee320, 0, 7edee6b0)
        modprobe-1378  [002] ....  4085.944829: sys_exit: NR 140 = 0
        modprobe-1378  [002] ....  4085.944830: sys_enter: NR 3 (0, 7edee338, 2d, 0, 7edee338, 7edee6b0)
        modprobe-1378  [002] ....  4085.944832: sys_exit: NR 3 = 45
 systemd-journal-129   [003] ....  4085.944835: sys_exit: NR 322 = -2
        modprobe-1378  [002] ....  4085.944836: sys_enter: NR 140 (0, 0, 416c, 7edee350, 0, 7edee368)
        modprobe-1378  [002] ....  4085.944837: sys_exit: NR 140 = 0
        modprobe-1378  [002] ....  4085.944838: sys_enter: NR 3 (0, 7edee368, 3c0, 0, 3c0, 7edee368)
        modprobe-1378  [002] ....  4085.944840: sys_exit: NR 3 = 960
        modprobe-1378  [002] ....  4085.944842: sys_enter: NR 140 (0, 0, 4028, 7edee320, 0, 7edee6b0)
        modprobe-1378  [002] ....  4085.944843: sys_exit: NR 140 = 0
        modprobe-1378  [002] ....  4085.944844: sys_enter: NR 3 (0, 7edee338, 2d, 0, 7edee338, 7edee6b0)
        modprobe-1378  [002] ....  4085.944846: sys_exit: NR 3 = 45
        modprobe-1378  [002] ....  4085.944847: sys_enter: NR 140 (0, 0, 416c, 7edee350, 0, 7edee368)
        modprobe-1378  [002] ....  4085.944848: sys_exit: NR 140 = 0
        modprobe-1378  [002] ....  4085.944849: sys_enter: NR 3 (0, 7edee368, 3c0, 0, 3c0, 7edee368)
 systemd-journal-129   [003] ....  4085.944852: sys_enter: NR 322 (ffffff9c, 7eef0248, a0000, 0, 1648170, 76fb9968)
        modprobe-1378  [002] ....  4085.944852: sys_exit: NR 3 = 960
        modprobe-1378  [002] ....  4085.944853: sys_enter: NR 140 (0, 0, 4028, 7edee320, 0, 7edee6b0)
        modprobe-1378  [002] ....  4085.944854: sys_exit: NR 140 = 0
        modprobe-1378  [002] ....  4085.944855: sys_enter: NR 3 (0, 7edee338, 2d, 0, 7edee338, 7edee6b0)
        modprobe-1378  [002] ....  4085.944857: sys_exit: NR 3 = 45
        modprobe-1378  [002] ....  4085.944859: sys_enter: NR 197 (0, 7edee750, 7edee750, 76f2a95c, 0, 0)
        modprobe-1378  [002] ....  4085.944861: sys_exit: NR 197 = 0
 systemd-journal-129   [003] ....  4085.944861: sys_exit: NR 322 = 20
        modprobe-1378  [002] ....  4085.944866: sys_enter: NR 192 (0, 1402c, 5, 802, 0, 0)
 systemd-journal-129   [003] ....  4085.944870: sys_enter: NR 197 (14, 7eef00f8, 7eef00f8, 76e7b788, 1648170, 76f5ab1c)
 systemd-journal-129   [003] ....  4085.944872: sys_exit: NR 197 = 0
        modprobe-1378  [002] ....  4085.944873: sys_exit: NR 192 = 1995325440
        modprobe-1378  [002] ....  4085.944874: sys_enter: NR 125 (76ee8000, f000, 0, 13000, 76f271e8, 76ee4000)
 systemd-journal-129   [003] ....  4085.944877: sys_enter: NR 3 (14, 1676268, 400, 0, 1648170, 76f5ab1c)
        modprobe-1378  [002] ....  4085.944888: sys_exit: NR 125 = 0
        modprobe-1378  [002] ....  4085.944890: sys_enter: NR 192 (76ef7000, 2000, 3, 812, 0, 3)
        modprobe-1378  [002] ....  4085.944907: sys_exit: NR 192 = 1995403264
 systemd-journal-129   [003] ....  4085.944925: sys_exit: NR 3 = 297
        modprobe-1378  [002] ....  4085.944929: sys_enter: NR 6 (0, 6, 76f2a060, 0, 76f271e8, 70000022)
        modprobe-1378  [002] ....  4085.944930: sys_exit: NR 6 = 0
        modprobe-1378  [002] ....  4085.944940: sys_enter: NR 91 (76f26000, 36, 0, 0, 76f26000, 1)
        modprobe-1378  [002] ....  4085.944954: sys_exit: NR 91 = 0
        modprobe-1378  [002] ....  4085.944964: sys_enter: NR 322 (ffffff9c, 76f18858, a0000, 0, 76f2a914, 76f2a910)
        modprobe-1378  [002] ....  4085.944973: sys_exit: NR 322 = 0
        modprobe-1378  [002] ....  4085.944974: sys_enter: NR 197 (0, 7edee2a8, 7edee2a8, 0, 76f2a914, 0)
        modprobe-1378  [002] ....  4085.944977: sys_exit: NR 197 = 0
        modprobe-1378  [002] ....  4085.944978: sys_enter: NR 192 (0, 13a34, 1, 2, 0, 0)
 systemd-journal-129   [003] ....  4085.944981: sys_enter: NR 3 (14, 1676268, 400, 0, 1648170, 76f5ab1c)
        modprobe-1378  [002] ....  4085.944983: sys_exit: NR 192 = 1995243520
 systemd-journal-129   [003] ....  4085.944983: sys_exit: NR 3 = 0
        modprobe-1378  [002] ....  4085.944984: sys_enter: NR 6 (0, 13a34, 1, 76ed0000, 76ed0000, 0)
        modprobe-1378  [002] ....  4085.944985: sys_exit: NR 6 = 0
 systemd-journal-129   [003] ....  4085.944990: sys_enter: NR 6 (14, 444, 76f5a6d8, 76e7a864, 1648170, 76f5ab1c)
 systemd-journal-129   [003] ....  4085.944991: sys_exit: NR 6 = 0
        modprobe-1378  [002] ....  4085.945004: sys_enter: NR 322 (ffffff9c, 76f274c0, a0000, 0, 10e09, 0)
        modprobe-1378  [002] ....  4085.945015: sys_exit: NR 322 = 0
        modprobe-1378  [002] ....  4085.945017: sys_enter: NR 3 (0, 7edee3c0, 200, 0, 10e09, 0)
        modprobe-1378  [002] ....  4085.945021: sys_exit: NR 3 = 512
        modprobe-1378  [002] ....  4085.945022: sys_enter: NR 140 (0, 0, 20308, 7edede98, 0, 7ededeb0)
        modprobe-1378  [002] ....  4085.945024: sys_exit: NR 140 = 0
        modprobe-1378  [002] ....  4085.945025: sys_enter: NR 3 (0, 7ededeb0, 410, 0, 410, 7ededeb0)
        modprobe-1378  [002] ....  4085.945030: sys_exit: NR 3 = 1040
        modprobe-1378  [002] ....  4085.945031: sys_enter: NR 140 (0, 0, 201ac, 7edede68, 0, 7edee248)
        modprobe-1378  [002] ....  4085.945032: sys_exit: NR 140 = 0
        modprobe-1378  [002] ....  4085.945033: sys_enter: NR 3 (0, 7edede80, 2d, 0, 7edede80, 7edee248)
        modprobe-1378  [002] ....  4085.945035: sys_exit: NR 3 = 45
        modprobe-1378  [002] ....  4085.945037: sys_enter: NR 140 (0, 0, 20308, 7edede98, 0, 7ededeb0)
        modprobe-1378  [002] ....  4085.945038: sys_exit: NR 140 = 0
        modprobe-1378  [002] ....  4085.945039: sys_enter: NR 3 (0, 7ededeb0, 410, 0, 410, 7ededeb0)
        modprobe-1378  [002] ....  4085.945042: sys_exit: NR 3 = 1040
        modprobe-1378  [002] ....  4085.945043: sys_enter: NR 140 (0, 0, 201ac, 7edede68, 0, 7edee248)
        modprobe-1378  [002] ....  4085.945044: sys_exit: NR 140 = 0
        modprobe-1378  [002] ....  4085.945045: sys_enter: NR 3 (0, 7edede80, 2d, 0, 7edede80, 7edee248)
        modprobe-1378  [002] ....  4085.945047: sys_exit: NR 3 = 45
        modprobe-1378  [002] ....  4085.945049: sys_enter: NR 140 (0, 0, 20308, 7edede98, 0, 7ededeb0)
        modprobe-1378  [002] ....  4085.945050: sys_exit: NR 140 = 0
        modprobe-1378  [002] ....  4085.945051: sys_enter: NR 3 (0, 7ededeb0, 410, 0, 410, 7ededeb0)
        modprobe-1378  [002] ....  4085.945054: sys_exit: NR 3 = 1040
        modprobe-1378  [002] ....  4085.945055: sys_enter: NR 140 (0, 0, 201ac, 7edede68, 0, 7edee248)
        modprobe-1378  [002] ....  4085.945056: sys_exit: NR 140 = 0
        modprobe-1378  [002] ....  4085.945057: sys_enter: NR 3 (0, 7edede80, 2d, 0, 7edede80, 7edee248)
        modprobe-1378  [002] ....  4085.945059: sys_exit: NR 3 = 45
        modprobe-1378  [002] ....  4085.945060: sys_enter: NR 140 (0, 0, 20308, 7edede98, 0, 7ededeb0)
        modprobe-1378  [002] ....  4085.945062: sys_exit: NR 140 = 0
        modprobe-1378  [002] ....  4085.945063: sys_enter: NR 3 (0, 7ededeb0, 410, 0, 410, 7ededeb0)
 systemd-journal-129   [003] ....  4085.945063: sys_enter: NR 332 (ffffff9c, 7eef0298, 165af90, 1000, 1001, 165af90)
        modprobe-1378  [002] ....  4085.945065: sys_exit: NR 3 = 1040
        modprobe-1378  [002] ....  4085.945067: sys_enter: NR 140 (0, 0, 201ac, 7edede68, 0, 7edee248)
        modprobe-1378  [002] ....  4085.945068: sys_exit: NR 140 = 0
        modprobe-1378  [002] ....  4085.945069: sys_enter: NR 3 (0, 7edede80, 2d, 0, 7edede80, 7edee248)
        modprobe-1378  [002] ....  4085.945071: sys_exit: NR 3 = 45
        modprobe-1378  [002] ....  4085.945072: sys_enter: NR 140 (0, 0, 20308, 7edede98, 0, 7ededeb0)
        modprobe-1378  [002] ....  4085.945073: sys_exit: NR 140 = 0
        modprobe-1378  [002] ....  4085.945074: sys_enter: NR 3 (0, 7ededeb0, 410, 0, 410, 7ededeb0)
        modprobe-1378  [002] ....  4085.945077: sys_exit: NR 3 = 1040
        modprobe-1378  [002] ....  4085.945078: sys_enter: NR 140 (0, 0, 201ac, 7edede68, 0, 7edee248)
 systemd-journal-129   [003] ....  4085.945078: sys_exit: NR 332 = 32
        modprobe-1378  [002] ....  4085.945079: sys_exit: NR 140 = 0
        modprobe-1378  [002] ....  4085.945080: sys_enter: NR 3 (0, 7edede80, 2d, 0, 7edede80, 7edee248)
        modprobe-1378  [002] ....  4085.945082: sys_exit: NR 3 = 45
        modprobe-1378  [002] ....  4085.945084: sys_enter: NR 197 (0, 7edee2e8, 7edee2e8, 76f2a95c, 0, 0)
        modprobe-1378  [002] ....  4085.945086: sys_exit: NR 197 = 0
        modprobe-1378  [002] ....  4085.945089: sys_enter: NR 192 (0, 301b0, 5, 802, 0, 0)
 systemd-journal-129   [003] ....  4085.945090: sys_enter: NR 332 (ffffff9c, 7eef0288, 165af90, 1000, 1001, 165af90)
        modprobe-1378  [002] ....  4085.945096: sys_exit: NR 192 = 1995042816
        modprobe-1378  [002] ....  4085.945097: sys_enter: NR 125 (76ebf000, f000, 0, 2f000, 76f274e8, 76e9f000)
 systemd-journal-129   [003] ....  4085.945103: sys_exit: NR 332 = -2
        modprobe-1378  [002] ....  4085.945107: sys_exit: NR 125 = 0
        modprobe-1378  [002] ....  4085.945109: sys_enter: NR 192 (76ece000, 2000, 3, 812, 0, 1f)
 systemd-journal-129   [003] ....  4085.945115: sys_enter: NR 322 (ffffff9c, 7eef01e8, a0000, 0, 1648170, 76fb9968)
        modprobe-1378  [002] ....  4085.945121: sys_exit: NR 192 = 1995235328
 systemd-journal-129   [003] ....  4085.945128: sys_exit: NR 322 = -2
 systemd-journal-129   [003] ....  4085.945141: sys_enter: NR 332 (ffffff9c, 7eef0288, 165af90, 1000, 1001, 165af90)
        modprobe-1378  [002] ....  4085.945142: sys_enter: NR 6 (0, 6, 76f2a060, 0, 76f274e8, 70000022)
        modprobe-1378  [002] ....  4085.945144: sys_exit: NR 6 = 0
 systemd-journal-129   [003] ....  4085.945154: sys_exit: NR 332 = -2
 systemd-journal-129   [003] ....  4085.945168: sys_enter: NR 332 (ffffff9c, 7eef0288, 165af90, 1000, 1001, 165af90)
        modprobe-1378  [002] ....  4085.945176: sys_enter: NR 322 (ffffff9c, 76f27790, a0000, 0, 10e82, 0)
 systemd-journal-129   [003] ....  4085.945178: sys_exit: NR 332 = -2
        modprobe-1378  [002] ....  4085.945186: sys_exit: NR 322 = 0
        modprobe-1378  [002] ....  4085.945187: sys_enter: NR 3 (0, 7edee3b0, 200, 0, 10e82, 0)
        modprobe-1378  [002] ....  4085.945192: sys_exit: NR 3 = 512
        modprobe-1378  [002] ....  4085.945193: sys_enter: NR 140 (0, 0, 1fed6c, 7edede60, 0, 7edede78)
        modprobe-1378  [002] ....  4085.945195: sys_exit: NR 140 = 0
        modprobe-1378  [002] ....  4085.945196: sys_enter: NR 3 (0, 7edede78, 438, 0, 438, 7edede78)
 systemd-journal-129   [003] ....  4085.945199: sys_enter: NR 296 (5, 7eef0350, 4000, 0, 7eef0654, 7eef09b0)
        modprobe-1378  [002] ....  4085.945201: sys_exit: NR 3 = 1080
        modprobe-1378  [002] ....  4085.945202: sys_enter: NR 140 (0, 0, 1fec04, 7edede30, 0, 7edee238)
        modprobe-1378  [002] ....  4085.945204: sys_exit: NR 140 = 0
        modprobe-1378  [002] ....  4085.945205: sys_enter: NR 3 (0, 7edede48, 2d, 0, 7edede48, 7edee238)
        modprobe-1378  [002] ....  4085.945207: sys_exit: NR 3 = 45
        modprobe-1378  [002] ....  4085.945208: sys_enter: NR 140 (0, 0, 1fed6c, 7edede60, 0, 7edede78)
        modprobe-1378  [002] ....  4085.945210: sys_exit: NR 140 = 0
        modprobe-1378  [002] ....  4085.945211: sys_enter: NR 3 (0, 7edede78, 438, 0, 438, 7edede78)
        modprobe-1378  [002] ....  4085.945214: sys_exit: NR 3 = 1080
        modprobe-1378  [002] ....  4085.945215: sys_enter: NR 140 (0, 0, 1fec04, 7edede30, 0, 7edee238)
        modprobe-1378  [002] ....  4085.945217: sys_exit: NR 140 = 0
        modprobe-1378  [002] ....  4085.945218: sys_enter: NR 3 (0, 7edede48, 2d, 0, 7edede48, 7edee238)
        modprobe-1378  [002] ....  4085.945220: sys_exit: NR 3 = 45
        modprobe-1378  [002] ....  4085.945221: sys_enter: NR 140 (0, 0, 1fed6c, 7edede60, 0, 7edede78)
        modprobe-1378  [002] ....  4085.945222: sys_exit: NR 140 = 0
        modprobe-1378  [002] ....  4085.945223: sys_enter: NR 3 (0, 7edede78, 438, 0, 438, 7edede78)
        modprobe-1378  [002] ....  4085.945227: sys_exit: NR 3 = 1080
        modprobe-1378  [002] ....  4085.945228: sys_enter: NR 140 (0, 0, 1fec04, 7edede30, 0, 7edee238)
        modprobe-1378  [002] ....  4085.945229: sys_exit: NR 140 = 0
        modprobe-1378  [002] ....  4085.945230: sys_enter: NR 3 (0, 7edede48, 2d, 0, 7edede48, 7edee238)
        modprobe-1378  [002] ....  4085.945232: sys_exit: NR 3 = 45
        modprobe-1378  [002] ....  4085.945234: sys_enter: NR 140 (0, 0, 1fed6c, 7edede60, 0, 7edede78)
        modprobe-1378  [002] ....  4085.945235: sys_exit: NR 140 = 0
        modprobe-1378  [002] ....  4085.945236: sys_enter: NR 3 (0, 7edede78, 438, 0, 438, 7edede78)
        modprobe-1378  [002] ....  4085.945240: sys_exit: NR 3 = 1080
        modprobe-1378  [002] ....  4085.945241: sys_enter: NR 140 (0, 0, 1fec04, 7edede30, 0, 7edee238)
        modprobe-1378  [002] ....  4085.945242: sys_exit: NR 140 = 0
        modprobe-1378  [002] ....  4085.945243: sys_enter: NR 3 (0, 7edede48, 2d, 0, 7edede48, 7edee238)
        modprobe-1378  [002] ....  4085.945245: sys_exit: NR 3 = 45
        modprobe-1378  [002] ....  4085.945247: sys_enter: NR 140 (0, 0, 1fed6c, 7edede60, 0, 7edede78)
        modprobe-1378  [002] ....  4085.945248: sys_exit: NR 140 = 0
        modprobe-1378  [002] ....  4085.945249: sys_enter: NR 3 (0, 7edede78, 438, 0, 438, 7edede78)
        modprobe-1378  [002] ....  4085.945253: sys_exit: NR 3 = 1080
        modprobe-1378  [002] ....  4085.945254: sys_enter: NR 140 (0, 0, 1fec04, 7edede30, 0, 7edee238)
        modprobe-1378  [002] ....  4085.945255: sys_exit: NR 140 = 0
        modprobe-1378  [002] ....  4085.945256: sys_enter: NR 3 (0, 7edede48, 2d, 0, 7edede48, 7edee238)
        modprobe-1378  [002] ....  4085.945258: sys_exit: NR 3 = 45
        modprobe-1378  [002] ....  4085.945259: sys_enter: NR 140 (0, 0, 1fed6c, 7edede60, 0, 7edede78)
        modprobe-1378  [002] ....  4085.945261: sys_exit: NR 140 = 0
 systemd-journal-129   [003] ....  4085.945263: sys_exit: NR 296 = 78
        modprobe-1378  [002] ....  4085.945263: sys_enter: NR 3 (0, 7edede78, 438, 0, 438, 7edede78)
        modprobe-1378  [002] ....  4085.945266: sys_exit: NR 3 = 1080
        modprobe-1378  [002] ....  4085.945268: sys_enter: NR 140 (0, 0, 1fec04, 7edede30, 0, 7edee238)
        modprobe-1378  [002] ....  4085.945269: sys_exit: NR 140 = 0
        modprobe-1378  [002] ....  4085.945270: sys_enter: NR 3 (0, 7edede48, 2d, 0, 7edede48, 7edee238)
        modprobe-1378  [002] ....  4085.945272: sys_exit: NR 3 = 45
        modprobe-1378  [002] ....  4085.945274: sys_enter: NR 197 (0, 7edee2d8, 7edee2d8, 76f2a95c, 0, 0)
        modprobe-1378  [002] ....  4085.945276: sys_exit: NR 197 = 0
        modprobe-1378  [002] ....  4085.945279: sys_enter: NR 192 (0, 212834, 5, 802, 0, 0)
        modprobe-1378  [002] ....  4085.945285: sys_exit: NR 192 = 1992867840
        modprobe-1378  [002] ....  4085.945287: sys_enter: NR 125 (76e72000, f000, 0, 1f5000, 76f277c0, 76c8c000)
 systemd-journal-129   [003] ....  4085.945287: sys_enter: NR 322 (ffffff9c, 164b940, a4800, 0, 76fb9968, 7eef0a48)
        modprobe-1378  [002] ....  4085.945297: sys_exit: NR 125 = 0
 systemd-journal-129   [003] ....  4085.945298: sys_exit: NR 322 = 20
        modprobe-1378  [002] ....  4085.945298: sys_enter: NR 192 (76e81000, 1a000, 3, 812, 0, 1e5)
 systemd-journal-129   [003] ....  4085.945304: sys_enter: NR 197 (14, 7eef0048, 7eef0048, 82f4e900, 76fb9968, 14)
 systemd-journal-129   [003] ....  4085.945307: sys_exit: NR 197 = 0
        modprobe-1378  [002] ....  4085.945315: sys_exit: NR 192 = 1994919936
 systemd-journal-129   [003] ....  4085.945318: sys_enter: NR 267 (14, 58, 7eef0050, 82f4e900, 76fb9968, 7eef0050)
 systemd-journal-129   [003] ....  4085.945325: sys_exit: NR 267 = 0
        modprobe-1378  [002] ....  4085.945326: sys_enter: NR 192 (76e9b000, 3834, 3, 32, ffffffff, 0)
 systemd-journal-129   [003] ....  4085.945333: sys_enter: NR 217 (14, 16861c0, 8000, 0, 16861a0, 16861c0)
        modprobe-1378  [002] ....  4085.945338: sys_exit: NR 192 = 1995026432
 systemd-journal-129   [003] ....  4085.945342: sys_exit: NR 217 = 88
 systemd-journal-129   [003] ....  4085.945352: sys_enter: NR 327 (14, 1686203, 7eef00f0, 100, 1686203, 7eef0a48)
        modprobe-1378  [002] ....  4085.945356: sys_enter: NR 6 (0, 6, 76f2a060, 0, 76f277c0, 70000022)
        modprobe-1378  [002] ....  4085.945357: sys_exit: NR 6 = 0
 systemd-journal-129   [003] ....  4085.945358: sys_exit: NR 327 = 0
 systemd-journal-129   [003] ....  4085.945367: sys_enter: NR 217 (14, 16861c0, 8000, 58, 16861a0, 16861c0)
 systemd-journal-129   [003] ....  4085.945370: sys_exit: NR 217 = 0
 systemd-journal-129   [003] ....  4085.945378: sys_enter: NR 6 (14, 20000, 82f4e900, 82f4e900, 0, 7eef0a48)
 systemd-journal-129   [003] ....  4085.945381: sys_exit: NR 6 = 0
        modprobe-1378  [002] ....  4085.945406: sys_enter: NR 322 (ffffff9c, 76f27a78, a0000, 0, 1101c, 0)
        modprobe-1378  [002] ....  4085.945418: sys_exit: NR 322 = 0
        modprobe-1378  [002] ....  4085.945419: sys_enter: NR 3 (0, 7edee3a0, 200, 0, 1101c, 0)
        modprobe-1378  [002] ....  4085.945424: sys_exit: NR 3 = 512
        modprobe-1378  [002] ....  4085.945425: sys_enter: NR 140 (0, 0, 13bb94, 7eded798, 0, 7eded7b0)
 systemd-journal-129   [003] ....  4085.945426: sys_enter: NR 33 (468fd4, 0, 424, 0, 7eef09b0, 0)
        modprobe-1378  [002] ....  4085.945427: sys_exit: NR 140 = 0
        modprobe-1378  [002] ....  4085.945428: sys_enter: NR 3 (0, 7eded7b0, af0, 0, af0, 7eded7b0)
        modprobe-1378  [002] ....  4085.945434: sys_exit: NR 3 = 2800
        modprobe-1378  [002] ....  4085.945436: sys_enter: NR 140 (0, 0, 13ae3c, 7eded768, 0, 7ededc88)
        modprobe-1378  [002] ....  4085.945437: sys_exit: NR 140 = 0
        modprobe-1378  [002] ....  4085.945438: sys_enter: NR 3 (0, 7eded780, 2f, 0, 7eded780, 7ededc88)
 systemd-journal-129   [003] ....  4085.945438: sys_exit: NR 33 = 0
        modprobe-1378  [002] ....  4085.945440: sys_exit: NR 3 = 47
        modprobe-1378  [002] ....  4085.945442: sys_enter: NR 140 (0, 0, 13bb94, 7eded798, 0, 7eded7b0)
 systemd-journal-129   [003] ....  4085.945442: sys_enter: NR 39 (164b978, 1ed, 424, 0, 7eef09b0, 0)
        modprobe-1378  [002] ....  4085.945443: sys_exit: NR 140 = 0
        modprobe-1378  [002] ....  4085.945444: sys_enter: NR 3 (0, 7eded7b0, af0, 0, af0, 7eded7b0)
        modprobe-1378  [002] ....  4085.945448: sys_exit: NR 3 = 2800
 systemd-journal-129   [003] ....  4085.945448: sys_exit: NR 39 = -2
        modprobe-1378  [002] ....  4085.945450: sys_enter: NR 140 (0, 0, 13ae3c, 7eded768, 0, 7ededc88)
        modprobe-1378  [002] ....  4085.945451: sys_exit: NR 140 = 0
        modprobe-1378  [002] ....  4085.945452: sys_enter: NR 3 (0, 7eded780, 2f, 0, 7eded780, 7ededc88)
        modprobe-1378  [002] ....  4085.945454: sys_exit: NR 3 = 47
        modprobe-1378  [002] ....  4085.945455: sys_enter: NR 140 (0, 0, 13bb94, 7eded798, 0, 7eded7b0)
        modprobe-1378  [002] ....  4085.945457: sys_exit: NR 140 = 0
        modprobe-1378  [002] ....  4085.945457: sys_enter: NR 3 (0, 7eded7b0, af0, 0, af0, 7eded7b0)
        modprobe-1378  [002] ....  4085.945462: sys_exit: NR 3 = 2800
        modprobe-1378  [002] ....  4085.945463: sys_enter: NR 140 (0, 0, 13ae3c, 7eded768, 0, 7ededc88)
        modprobe-1378  [002] ....  4085.945464: sys_exit: NR 140 = 0
        modprobe-1378  [002] ....  4085.945465: sys_enter: NR 3 (0, 7eded780, 2f, 0, 7eded780, 7ededc88)
        modprobe-1378  [002] ....  4085.945467: sys_exit: NR 3 = 47
        modprobe-1378  [002] ....  4085.945468: sys_enter: NR 140 (0, 0, 13bb94, 7eded798, 0, 7eded7b0)
 systemd-journal-129   [003] ....  4085.945469: sys_enter: NR 322 (ffffff9c, 1650940, a0842, 1a0, 16589b8, 76fb9968)
        modprobe-1378  [002] ....  4085.945470: sys_exit: NR 140 = 0
        modprobe-1378  [002] ....  4085.945471: sys_enter: NR 3 (0, 7eded7b0, af0, 0, af0, 7eded7b0)
 systemd-journal-129   [003] ....  4085.945475: sys_exit: NR 322 = -2
        modprobe-1378  [002] ....  4085.945475: sys_exit: NR 3 = 2800
        modprobe-1378  [002] ....  4085.945476: sys_enter: NR 140 (0, 0, 13ae3c, 7eded768, 0, 7ededc88)
        modprobe-1378  [002] ....  4085.945477: sys_exit: NR 140 = 0
        modprobe-1378  [002] ....  4085.945478: sys_enter: NR 3 (0, 7eded780, 2f, 0, 7eded780, 7ededc88)
        modprobe-1378  [002] ....  4085.945480: sys_exit: NR 3 = 47
        modprobe-1378  [002] ....  4085.945482: sys_enter: NR 140 (0, 0, 13bb94, 7eded798, 0, 7eded7b0)
        modprobe-1378  [002] ....  4085.945483: sys_exit: NR 140 = 0
        modprobe-1378  [002] ....  4085.945484: sys_enter: NR 3 (0, 7eded7b0, af0, 0, af0, 7eded7b0)
 systemd-journal-129   [003] ....  4085.945487: sys_enter: NR 33 (468fd4, 0, 424, 164ddf8, 0, 7eef09b0)
        modprobe-1378  [002] ....  4085.945488: sys_exit: NR 3 = 2800
        modprobe-1378  [002] ....  4085.945489: sys_enter: NR 140 (0, 0, 13ae3c, 7eded768, 0, 7ededc88)
        modprobe-1378  [002] ....  4085.945490: sys_exit: NR 140 = 0
        modprobe-1378  [002] ....  4085.945491: sys_enter: NR 3 (0, 7eded780, 2f, 0, 7eded780, 7ededc88)
 systemd-journal-129   [003] ....  4085.945493: sys_exit: NR 33 = 0
        modprobe-1378  [002] ....  4085.945493: sys_exit: NR 3 = 47
        modprobe-1378  [002] ....  4085.945495: sys_enter: NR 140 (0, 0, 13bb94, 7eded798, 0, 7eded7b0)
        modprobe-1378  [002] ....  4085.945496: sys_exit: NR 140 = 0
        modprobe-1378  [002] ....  4085.945497: sys_enter: NR 3 (0, 7eded7b0, af0, 0, af0, 7eded7b0)
 systemd-journal-129   [003] ....  4085.945497: sys_enter: NR 39 (164b978, 1ed, 424, 0, 7eef09b0, 0)
 systemd-journal-129   [003] ....  4085.945500: sys_exit: NR 39 = -2
        modprobe-1378  [002] ....  4085.945501: sys_exit: NR 3 = 2800
        modprobe-1378  [002] ....  4085.945502: sys_enter: NR 140 (0, 0, 13ae3c, 7eded768, 0, 7ededc88)
        modprobe-1378  [002] ....  4085.945503: sys_exit: NR 140 = 0
        modprobe-1378  [002] ....  4085.945504: sys_enter: NR 3 (0, 7eded780, 2f, 0, 7eded780, 7ededc88)
        modprobe-1378  [002] ....  4085.945506: sys_exit: NR 3 = 47
        modprobe-1378  [002] ....  4085.945508: sys_enter: NR 197 (0, 7edee2c8, 7edee2c8, 76f2a95c, 0, 0)
        modprobe-1378  [002] ....  4085.945511: sys_exit: NR 197 = 0
 systemd-journal-129   [003] ....  4085.945511: sys_enter: NR 322 (ffffff9c, 1650940, a0842, 1a0, 16589b8, 76fb9968)
        modprobe-1378  [002] ....  4085.945514: sys_enter: NR 192 (0, 14d31c, 5, 802, 0, 0)
 systemd-journal-129   [003] ....  4085.945516: sys_exit: NR 322 = -2
        modprobe-1378  [002] ....  4085.945521: sys_exit: NR 192 = 1991499776
        modprobe-1378  [002] ....  4085.945522: sys_enter: NR 125 (76c76000, 10000, 0, 148000, 76f27aa0, 76b3e000)
        modprobe-1378  [002] ....  4085.945535: sys_exit: NR 125 = 0
        modprobe-1378  [002] ....  4085.945536: sys_enter: NR 192 (76c86000, 3000, 3, 812, 0, 138)
        modprobe-1378  [002] ....  4085.945552: sys_exit: NR 192 = 1992843264
 systemd-journal-129   [003] ....  4085.945555: sys_enter: NR 197 (f, 164de28, 164de28, 82f4e900, 164ddf8, 164de28)
 systemd-journal-129   [003] ....  4085.945559: sys_exit: NR 197 = 0
        modprobe-1378  [002] ....  4085.945562: sys_enter: NR 192 (76c89000, 231c, 3, 32, ffffffff, 0)
        modprobe-1378  [002] ....  4085.945573: sys_exit: NR 192 = 1992855552
        modprobe-1378  [002] ....  4085.945587: sys_enter: NR 6 (0, 6, 76b3e000, 76c86650, 76f27aa0, 70000022)
        modprobe-1378  [002] ....  4085.945588: sys_exit: NR 6 = 0
        modprobe-1378  [002] ....  4085.945640: sys_enter: NR 322 (ffffff9c, 76f27d60, a0000, 0, 76ea0774, 0)
        modprobe-1378  [002] ....  4085.945651: sys_exit: NR 322 = 0
        modprobe-1378  [002] ....  4085.945652: sys_enter: NR 3 (0, 7edee380, 200, 0, 76ea0774, 0)
        modprobe-1378  [002] ....  4085.945656: sys_exit: NR 3 = 512
        modprobe-1378  [002] ....  4085.945658: sys_enter: NR 140 (0, 0, 1f7f8, 7ededcf0, 0, 7ededd08)
        modprobe-1378  [002] ....  4085.945660: sys_exit: NR 140 = 0
        modprobe-1378  [002] ....  4085.945661: sys_enter: NR 3 (0, 7ededd08, 578, 0, 578, 7ededd08)
        modprobe-1378  [002] ....  4085.945665: sys_exit: NR 3 = 1400
        modprobe-1378  [002] ....  4085.945666: sys_enter: NR 140 (0, 0, 171c8, 7ededcc0, 0, 7edee168)
        modprobe-1378  [002] ....  4085.945667: sys_exit: NR 140 = 0
        modprobe-1378  [002] ....  4085.945668: sys_enter: NR 3 (0, 7ededcd8, 2f, 0, 7ededcd8, 7edee168)
        modprobe-1378  [002] ....  4085.945670: sys_exit: NR 3 = 47
        modprobe-1378  [002] ....  4085.945672: sys_enter: NR 140 (0, 0, 1f7f8, 7ededcf0, 0, 7ededd08)
        modprobe-1378  [002] ....  4085.945673: sys_exit: NR 140 = 0
        modprobe-1378  [002] ....  4085.945674: sys_enter: NR 3 (0, 7ededd08, 578, 0, 578, 7ededd08)
        modprobe-1378  [002] ....  4085.945677: sys_exit: NR 3 = 1400
        modprobe-1378  [002] ....  4085.945678: sys_enter: NR 140 (0, 0, 171c8, 7ededcc0, 0, 7edee168)
        modprobe-1378  [002] ....  4085.945679: sys_exit: NR 140 = 0
        modprobe-1378  [002] ....  4085.945680: sys_enter: NR 3 (0, 7ededcd8, 2f, 0, 7ededcd8, 7edee168)
        modprobe-1378  [002] ....  4085.945682: sys_exit: NR 3 = 47
        modprobe-1378  [002] ....  4085.945684: sys_enter: NR 140 (0, 0, 1f7f8, 7ededcf0, 0, 7ededd08)
        modprobe-1378  [002] ....  4085.945685: sys_exit: NR 140 = 0
        modprobe-1378  [002] ....  4085.945686: sys_enter: NR 3 (0, 7ededd08, 578, 0, 578, 7ededd08)
        modprobe-1378  [002] ....  4085.945689: sys_exit: NR 3 = 1400
        modprobe-1378  [002] ....  4085.945690: sys_enter: NR 140 (0, 0, 171c8, 7ededcc0, 0, 7edee168)
        modprobe-1378  [002] ....  4085.945691: sys_exit: NR 140 = 0
        modprobe-1378  [002] ....  4085.945692: sys_enter: NR 3 (0, 7ededcd8, 2f, 0, 7ededcd8, 7edee168)
        modprobe-1378  [002] ....  4085.945694: sys_exit: NR 3 = 47
        modprobe-1378  [002] ....  4085.945695: sys_enter: NR 140 (0, 0, 1f7f8, 7ededcf0, 0, 7ededd08)
        modprobe-1378  [002] ....  4085.945696: sys_exit: NR 140 = 0
        modprobe-1378  [002] ....  4085.945697: sys_enter: NR 3 (0, 7ededd08, 578, 0, 578, 7ededd08)
        modprobe-1378  [002] ....  4085.945700: sys_exit: NR 3 = 1400
        modprobe-1378  [002] ....  4085.945701: sys_enter: NR 140 (0, 0, 171c8, 7ededcc0, 0, 7edee168)
        modprobe-1378  [002] ....  4085.945702: sys_exit: NR 140 = 0
        modprobe-1378  [002] ....  4085.945703: sys_enter: NR 3 (0, 7ededcd8, 2f, 0, 7ededcd8, 7edee168)
        modprobe-1378  [002] ....  4085.945705: sys_exit: NR 3 = 47
        modprobe-1378  [002] ....  4085.945707: sys_enter: NR 140 (0, 0, 1f7f8, 7ededcf0, 0, 7ededd08)
        modprobe-1378  [002] ....  4085.945708: sys_exit: NR 140 = 0
        modprobe-1378  [002] ....  4085.945709: sys_enter: NR 3 (0, 7ededd08, 578, 0, 578, 7ededd08)
        modprobe-1378  [002] ....  4085.945712: sys_exit: NR 3 = 1400
        modprobe-1378  [002] ....  4085.945713: sys_enter: NR 140 (0, 0, 171c8, 7ededcc0, 0, 7edee168)
        modprobe-1378  [002] ....  4085.945714: sys_exit: NR 140 = 0
        modprobe-1378  [002] ....  4085.945715: sys_enter: NR 3 (0, 7ededcd8, 2f, 0, 7ededcd8, 7edee168)
        modprobe-1378  [002] ....  4085.945717: sys_exit: NR 3 = 47
        modprobe-1378  [002] ....  4085.945719: sys_enter: NR 140 (0, 0, 1f7f8, 7ededcf0, 0, 7ededd08)
        modprobe-1378  [002] ....  4085.945720: sys_exit: NR 140 = 0
 systemd-journal-129   [003] ....  4085.945720: sys_enter: NR 353 (e, 1, 7eef07a4, 0, 7eef07a4, 164a920)
        modprobe-1378  [002] ....  4085.945721: sys_enter: NR 3 (0, 7ededd08, 578, 0, 578, 7ededd08)
        modprobe-1378  [002] ....  4085.945724: sys_exit: NR 3 = 1400
        modprobe-1378  [002] ....  4085.945725: sys_enter: NR 140 (0, 0, 171c8, 7ededcc0, 0, 7edee168)
        modprobe-1378  [002] ....  4085.945726: sys_exit: NR 140 = 0
        modprobe-1378  [002] ....  4085.945727: sys_enter: NR 3 (0, 7ededcd8, 2f, 0, 7ededcd8, 7edee168)
        modprobe-1378  [002] ....  4085.945729: sys_exit: NR 3 = 47
        modprobe-1378  [002] ....  4085.945731: sys_enter: NR 197 (0, 7edee2a8, 7edee2a8, 76f2a95c, 0, 0)
        modprobe-1378  [002] ....  4085.945734: sys_exit: NR 197 = 0
 systemd-journal-129   [003] ....  4085.945735: sys_exit: NR 353 = 0
        modprobe-1378  [002] ....  4085.945744: sys_enter: NR 192 (0, 29270, 5, 802, 0, 0)
 systemd-journal-129   [003] ....  4085.945745: sys_enter: NR 252 (7, 7eef04d8, 26, ffffffff, 164a8c8, 1)
        modprobe-1378  [002] ....  4085.945751: sys_exit: NR 192 = 1991327744
        modprobe-1378  [002] ....  4085.945752: sys_enter: NR 125 (76b2b000, f000, 0, 26000, 76f27d90, 76b14000)
        modprobe-1378  [002] ....  4085.945764: sys_exit: NR 125 = 0
        modprobe-1378  [002] ....  4085.945765: sys_enter: NR 192 (76b3a000, 2000, 3, 812, 0, 16)
 systemd-journal-129   [003] d...  4085.945774: sched_switch: prev_comm=systemd-journal prev_pid=129 prev_prio=120 prev_state=S ==> next_comm=in:imuxsock next_pid=399 next_prio=120
        modprobe-1378  [002] ....  4085.945782: sys_exit: NR 192 = 1991483392
     in:imuxsock-399   [003] ....  4085.945787: sys_exit: NR 168 = 1
        modprobe-1378  [002] ....  4085.945794: sys_enter: NR 192 (76b3c000, 1270, 3, 32, ffffffff, 0)
     in:imuxsock-399   [003] ....  4085.945803: sys_enter: NR 297 (3, 76a85814, 40, 0, 40, 76a85814)
        modprobe-1378  [002] ....  4085.945805: sys_exit: NR 192 = 1991491584
        modprobe-1378  [002] ....  4085.945818: sys_enter: NR 6 (0, 6, 76f2a060, 0, 76f27d90, 70000022)
        modprobe-1378  [002] ....  4085.945820: sys_exit: NR 6 = 0
     in:imuxsock-399   [003] ....  4085.945827: sys_exit: NR 297 = 78
        modprobe-1378  [002] ....  4085.945851: sys_enter: NR 322 (ffffff9c, 76f28068, a0000, 0, 76cbc954, 0)
        modprobe-1378  [002] ....  4085.945862: sys_exit: NR 322 = 0
        modprobe-1378  [002] ....  4085.945864: sys_enter: NR 3 (0, 7edee370, 200, 0, 76cbc954, 0)
        modprobe-1378  [002] ....  4085.945868: sys_exit: NR 3 = 512
        modprobe-1378  [002] ....  4085.945870: sys_enter: NR 140 (0, 0, 21f0, 7edede20, 0, 7edede38)
        modprobe-1378  [002] ....  4085.945871: sys_exit: NR 140 = 0
